### Spine execution log file
### Item name: Run SpineOpt
### Filter id: 
### Part: 1

# Running julia run_spineopt.jl http://127.0.0.1:52964 http://127.0.0.1:52967
2-element Vector{String}:
 "http://127.0.0.1:52964"
 "http://127.0.0.1:52967"
Running SpineOpt...
[SpineOpt version 0.10.2 (git hash: N/A)]
[SpineInterface version 0.15.2 (git hash: N/A)]
Execution started at 2026-01-13T13:36:50.994
Reading input data from sqlite:///C:\Users\jfg.eco\Documents\Nord_H2ub\Spine_Projects\02_basic_energy_model\.spinetoolbox\items\input\Input.sqlite...
Initializing  data structure from db...  0.376308 seconds (322.31 k allocations: 45.230 MiB, 2.43% gc time)
Preprocessing  data structure...  0.131337 seconds (139.04 k allocations: 9.445 MiB, 78.30% compilation time)
Checking  data structure...  0.009779 seconds (5.67 k allocations: 472.375 KiB, 94.04% compilation time)
Build started at 2026-01-13T13:36:51.593
Creating model temporal structure...[ Info: the last time slice of temporal block Default_Investment_period has been cut to fit within the block
[ Info: the last time slice of temporal block daily has been cut to fit within the block
219.386157 seconds (433.57 M allocations: 20.769 GiB, 91.34% gc time, 0.00% compilation time)
Creating model stochastic structure... 12.213647 seconds (2.80 M allocations: 600.251 MiB, 97.58% gc time, 0.07% compilation time)
Adding model independent variables...
- [variable_binary_gas_connection_flow]  0.375538 seconds (2.33 M allocations: 35.610 MiB, 82.70% gc time)
- [variable_connection_flow]  3.904047 seconds (2.88 M allocations: 101.499 MiB, 95.53% gc time, 1.77% compilation time)
- [variable_connection_intact_flow]  0.137357 seconds (2.79 M allocations: 90.032 MiB, 31.34% gc time)
- [variable_connections_decommissioned]  0.085929 seconds (2.34 M allocations: 36.097 MiB, 16.37% gc time)
- [variable_connections_invested]  5.682577 seconds (15.84 M allocations: 1.282 GiB, 83.58% gc time)
- [variable_connections_invested_available] 13.232635 seconds (16.51 M allocations: 1.319 GiB, 92.74% gc time, 0.06% compilation time)
- [variable_min_capacity_margin_slack]  0.084040 seconds (2.33 M allocations: 35.577 MiB, 19.31% gc time)
- [variable_node_injection]  0.094178 seconds (2.57 M allocations: 60.694 MiB, 16.77% gc time)
- [variable_node_pressure]  0.086933 seconds (2.33 M allocations: 35.580 MiB, 23.11% gc time)
- [variable_node_slack_neg]  0.088882 seconds (2.55 M allocations: 56.383 MiB, 15.08% gc time)
- [variable_node_slack_pos]  0.099267 seconds (2.55 M allocations: 56.386 MiB, 17.89% gc time)
- [variable_node_state]  0.097292 seconds (2.40 M allocations: 41.585 MiB, 21.18% gc time, 7.71% compilation time)
- [variable_node_voltage_angle]  0.086403 seconds (2.33 M allocations: 35.579 MiB, 24.62% gc time)
- [variable_nonspin_units_shut_down]  0.081062 seconds (2.33 M allocations: 35.589 MiB, 21.56% gc time)
- [variable_nonspin_units_started_up]  0.075787 seconds (2.33 M allocations: 35.583 MiB, 15.07% gc time)
- [variable_storages_decommissioned]  0.077050 seconds (2.33 M allocations: 35.755 MiB, 15.16% gc time)
- [variable_storages_invested]  0.327498 seconds (4.37 M allocations: 254.476 MiB, 33.19% gc time, 2.40% compilation time)
- [variable_storages_invested_available]  0.360739 seconds (4.37 M allocations: 254.484 MiB, 42.47% gc time)
- [variable_unit_flow]  4.174824 seconds (2.99 M allocations: 154.392 MiB, 95.78% gc time, 1.09% compilation time)
- [variable_unit_flow_op]  0.089148 seconds (2.45 M allocations: 50.735 MiB, 19.82% gc time)
- [variable_unit_flow_op_active]  0.092018 seconds (2.47 M allocations: 53.191 MiB, 17.56% gc time)
- [variable_units_invested]  5.420064 seconds (15.16 M allocations: 1.191 GiB, 84.03% gc time)
- [variable_units_invested_available] 10.777959 seconds (15.79 M allocations: 1.221 GiB, 90.22% gc time, 0.08% compilation time)
- [variable_units_mothballed]  4.248921 seconds (2.34 M allocations: 36.273 MiB, 97.86% gc time)
- [variable_units_on]  0.101134 seconds (2.54 M allocations: 54.892 MiB, 16.73% gc time)
- [variable_units_out_of_service]  0.090548 seconds (2.33 M allocations: 35.575 MiB, 21.87% gc time)
- [variable_units_returned_to_service]  0.085973 seconds (2.33 M allocations: 35.573 MiB, 17.16% gc time)
- [variable_units_shut_down]  0.088748 seconds (2.36 M allocations: 38.044 MiB, 12.54% gc time)
- [variable_units_started_up]  0.084397 seconds (2.35 M allocations: 37.362 MiB, 21.66% gc time)
- [variable_units_taken_out_of_service]  0.066797 seconds (2.33 M allocations: 35.574 MiB)
- [variable_user_constraint_slack_neg]  0.083148 seconds (2.33 M allocations: 35.569 MiB, 19.87% gc time)
- [variable_user_constraint_slack_pos]  0.081445 seconds (2.33 M allocations: 35.569 MiB, 18.05% gc time)
 50.487096 seconds (135.57 M allocations: 6.774 GiB, 87.40% gc time, 0.29% compilation time)
Adding model dependent variables...
- [variable_connection_flow]  0.006627 seconds (73.65 k allocations: 5.805 MiB)
- [variable_unit_flow]  0.027209 seconds (129.59 k allocations: 12.380 MiB, 59.97% gc time)
  0.034925 seconds (203.53 k allocations: 18.205 MiB, 46.72% gc time)
Adding model expressions...
- [expression_capacity_margin]  0.000040 seconds (30 allocations: 2.609 KiB)
  0.000312 seconds (121 allocations: 8.281 KiB)
Adding model constraints...
- [constraint_candidate_connection_flow_lb]  0.000133 seconds (70 allocations: 4.188 KiB)
- [constraint_candidate_connection_flow_ub]  0.000101 seconds (71 allocations: 4.047 KiB)
- [constraint_compression_ratio]  0.000057 seconds (40 allocations: 3.641 KiB)
- [constraint_connection_flow_capacity]  0.071008 seconds (502.28 k allocations: 53.170 MiB, 36.46% gc time, 0.35% compilation time)
- [constraint_connection_flow_gas_capacity]  0.000056 seconds (43 allocations: 4.891 KiB)
- [constraint_connection_flow_intact_flow]  0.000053 seconds (38 allocations: 2.781 KiB)
- [constraint_connection_flow_lodf]  0.000083 seconds (58 allocations: 3.891 KiB)
- [constraint_connection_intact_flow_capacity]  0.000098 seconds (81 allocations: 5.234 KiB)
- [constraint_connection_intact_flow_ptdf]  0.000040 seconds (24 allocations: 1.938 KiB)
- [constraint_connection_lifetime] 97.351077 seconds (102.59 M allocations: 23.634 GiB, 92.68% gc time, 0.01% compilation time)
- [constraint_connection_unitary_gas_flow]  0.000055 seconds (40 allocations: 3.641 KiB)
- [constraint_connections_invested_available]  0.000659 seconds (860 allocations: 86.125 KiB)
- [constraint_connections_invested_transition]  0.001157 seconds (5.37 k allocations: 446.156 KiB)
- [constraint_cyclic_node_state]  0.005729 seconds (1.69 k allocations: 122.594 KiB, 97.37% compilation time)
- [constraint_fix_node_pressure_point]  0.000043 seconds (40 allocations: 3.641 KiB)
- [constraint_fix_ratio_in_in_unit_flow]  0.009331 seconds (54.54 k allocations: 6.133 MiB)
- [constraint_fix_ratio_in_out_unit_flow]  0.000355 seconds (2.05 k allocations: 189.453 KiB)
- [constraint_fix_ratio_out_in_connection_flow]  0.014593 seconds (46.65 k allocations: 4.141 MiB, 57.43% compilation time)
- [constraint_fix_ratio_out_in_unit_flow]  0.000108 seconds (94 allocations: 19.219 KiB)
- [constraint_fix_ratio_out_out_unit_flow]  0.000222 seconds (748 allocations: 75.859 KiB)
- [constraint_investment_group_equal_investments]  0.000041 seconds (23 allocations: 1.844 KiB)
- [constraint_investment_group_maximum_capacity_invested_available]  0.000058 seconds (21 allocations: 1.812 KiB)
- [constraint_investment_group_maximum_entities_invested_available]  0.000031 seconds (21 allocations: 1.812 KiB)
- [constraint_investment_group_minimum_capacity_invested_available]  0.000066 seconds (20 allocations: 1.766 KiB)
- [constraint_investment_group_minimum_entities_invested_available]  0.000028 seconds (20 allocations: 1.766 KiB)
- [constraint_max_node_pressure]  0.000066 seconds (84 allocations: 6.508 KiB)
- [constraint_max_node_voltage_angle]  0.000060 seconds (102 allocations: 7.602 KiB)
- [constraint_max_ratio_in_in_unit_flow]  0.000074 seconds (94 allocations: 19.219 KiB)
- [constraint_max_ratio_in_out_unit_flow]  0.000053 seconds (94 allocations: 19.219 KiB)
- [constraint_max_ratio_out_in_connection_flow]  0.000048 seconds (58 allocations: 4.672 KiB)
- [constraint_max_ratio_out_in_unit_flow]  0.000044 seconds (94 allocations: 19.219 KiB)
- [constraint_max_ratio_out_out_unit_flow]  0.000048 seconds (94 allocations: 19.219 KiB)
- [constraint_max_total_cumulated_unit_flow_from_node]  0.000045 seconds (46 allocations: 4.125 KiB)
- [constraint_max_total_cumulated_unit_flow_to_node]  0.000031 seconds (42 allocations: 3.750 KiB)
- [constraint_min_capacity_margin]  0.000032 seconds (37 allocations: 2.828 KiB)
- [constraint_min_down_time]  0.085071 seconds (347.60 k allocations: 32.828 MiB, 25.28% gc time, 35.80% compilation time)
- [constraint_min_node_pressure]  0.000079 seconds (87 allocations: 11.086 KiB)
- [constraint_min_node_voltage_angle]  0.000073 seconds (102 allocations: 7.602 KiB)
- [constraint_min_ratio_in_in_unit_flow]  0.000101 seconds (94 allocations: 19.219 KiB)
- [constraint_min_ratio_in_out_unit_flow]  0.000064 seconds (94 allocations: 19.219 KiB)
- [constraint_min_ratio_out_in_connection_flow]  0.000068 seconds (58 allocations: 4.672 KiB)
- [constraint_min_ratio_out_in_unit_flow]  0.000084 seconds (94 allocations: 19.219 KiB)
- [constraint_min_ratio_out_out_unit_flow]  0.000120 seconds (94 allocations: 19.219 KiB)
- [constraint_min_scheduled_outage_duration]  0.000093 seconds (29 allocations: 2.312 KiB)
- [constraint_min_total_cumulated_unit_flow_from_node]  0.000044 seconds (46 allocations: 4.125 KiB)
- [constraint_min_total_cumulated_unit_flow_to_node]  0.000033 seconds (42 allocations: 3.750 KiB)
- [constraint_min_up_time]  0.004111 seconds (44.41 k allocations: 3.370 MiB)
- [constraint_minimum_operating_point]  0.004545 seconds (48.01 k allocations: 4.825 MiB)
- [constraint_nodal_balance]  0.011831 seconds (157.21 k allocations: 15.385 MiB)
- [constraint_node_injection]  0.089837 seconds (529.68 k allocations: 49.084 MiB, 55.10% gc time)
- [constraint_node_state_capacity]  0.012451 seconds (95.46 k allocations: 7.915 MiB)
- [constraint_node_voltage_angle]  0.000039 seconds (28 allocations: 2.250 KiB)
- [constraint_non_spinning_reserves_lower_bound]  0.000137 seconds (255 allocations: 23.812 KiB)
- [constraint_non_spinning_reserves_shut_down_upper_bound]  0.000095 seconds (264 allocations: 24.703 KiB)
- [constraint_non_spinning_reserves_start_up_upper_bound]  0.000086 seconds (264 allocations: 24.703 KiB)
- [constraint_operating_point_bounds]  0.136560 seconds (999.46 k allocations: 150.355 MiB, 41.82% gc time)
- [constraint_operating_point_rank]  0.002503 seconds (26.80 k allocations: 3.803 MiB)
- [constraint_ramp_down]  0.060082 seconds (121.97 k allocations: 12.318 MiB, 40.91% gc time, 41.67% compilation time)
- [constraint_ramp_up]  0.012864 seconds (118.32 k allocations: 12.062 MiB)
- [constraint_ratio_out_in_connection_intact_flow]  0.000078 seconds (38 allocations: 2.781 KiB)
- [constraint_storage_lifetime] 19.419839 seconds (18.90 M allocations: 3.513 GiB, 93.77% gc time, 0.03% compilation time)
- [constraint_storage_line_pack]  0.000095 seconds (41 allocations: 3.688 KiB)
- [constraint_storages_invested_available]  0.000490 seconds (354 allocations: 36.672 KiB)
- [constraint_storages_invested_transition]  0.000670 seconds (1.48 k allocations: 141.156 KiB)
- [constraint_unit_flow_capacity]  0.023055 seconds (269.05 k allocations: 22.975 MiB)
- [constraint_unit_flow_op_bounds]  0.039647 seconds (68.35 k allocations: 8.356 MiB, 63.28% gc time, 21.79% compilation time)
- [constraint_unit_flow_op_rank]  0.006192 seconds (61.21 k allocations: 7.770 MiB)
- [constraint_unit_flow_op_sum]  0.001205 seconds (8.35 k allocations: 946.461 KiB)
- [constraint_unit_lifetime] 79.234558 seconds (82.42 M allocations: 16.312 GiB, 93.25% gc time)
- [constraint_unit_state_transition]  0.003054 seconds (19.50 k allocations: 1.936 MiB)
- [constraint_units_available]  0.046437 seconds (363.47 k allocations: 28.007 MiB, 27.99% gc time)
- [constraint_units_invested_available]  0.000414 seconds (1.12 k allocations: 111.266 KiB)
- [constraint_units_invested_transition]  0.001383 seconds (8.01 k allocations: 633.859 KiB)
- [constraint_units_out_of_service_contiguity]  0.000043 seconds (29 allocations: 2.312 KiB)
- [constraint_units_out_of_service_transition]  0.000107 seconds (46 allocations: 3.312 KiB)
- [constraint_user_constraint]  0.110192 seconds (226.09 k allocations: 21.333 MiB, 30.00% gc time, 47.59% compilation time)
196.864918 seconds (208.73 M allocations: 43.946 GiB, 92.75% gc time, 0.07% compilation time)
Setting model objective...  0.075292 seconds (335.01 k allocations: 26.271 MiB, 57.62% compilation time)
Build complete. Started at 2026-01-13T13:36:51.593, ended at 2026-01-13T13:44:50.661, elapsed time: 7 minutes, 59 seconds, 68 milliseconds
Solve started at 2026-01-13T13:44:50.661
model - window 1 of 1: 2019-01-01T00:00~(1 day, 23 hours)~>2019-01-02T23:00
Optimizing model...Running HiGHS 1.11.0 (git hash: 364c83a51e): Copyright (c) 2025 HiGHS under MIT licence terms
MIP  has 5551 rows; 240405 cols; 113388 nonzeros; 238 integer variables (0 binary)
Coefficient ranges:
  Matrix [6e-03, 1e+05]
  Cost   [1e-03, 2e+09]
  Bound  [1e+00, 1e+03]
  RHS    [1e+00, 1e+02]
Presolving model
2869 rows, 3260 cols, 9190 nonzeros  0s
2142 rows, 2545 cols, 7946 nonzeros  0s
1795 rows, 2316 cols, 6502 nonzeros  0s
Solving MIP model with:
   1795 rows
   2316 cols (53 binary, 0 integer, 0 implied int., 2263 continuous, 0 domain fixed)
   6502 nonzeros
Src: B => Branching; C => Central rounding; F => Feasibility pump; J => Feasibility jump;
     H => Heuristic; L => Sub-MIP; P => Empty MIP; R => Randomized rounding; Z => ZI Round;
     I => Shifting; S => Solve LP; T => Evaluate node; U => Unbounded; X => User solution;
     z => Trivial zero; l => Trivial lower; u => Trivial upper; p => Trivial point
        Nodes      |    B&B Tree     |            Objective Bounds              |  Dynamic Constraints |       Work
Src  Proc. InQueue |  Leaves   Expl. | BestBound       BestSol              Gap |   Cuts   InLp Confl. | LpIters     Time
         0       0         0   0.00%   -2211946.403646 inf                  inf        0      0      0         0     0.1s
 T       0       0         0   0.00%   -2211946.403646 -72462.244156   2952.55%        0      0      0      1157     0.1s
         1       0         1 100.00%   -72462.244156   -72462.244156      0.00%        0      0      0      1157     0.1s
Solving report
  Status            Optimal
  Primal bound      -72462.2441556
  Dual bound        -72462.2441556
  Gap               0% (tolerance: 0%)
  P-D integral      0.00112630853049
  Solution status   feasible
                    -72462.2441556 (objective)
                    0 (bound viol.)
                    0 (int. viol.)
                    0 (row viol.)
  Timing            0.14 (total)
                    0.00 (presolve)
                    0.00 (solve)
                    0.00 (postsolve)
  Max sub-MIP depth 0
  Nodes             1
  Repair LPs        0 (0 feasible; 0 iterations)
  LP iterations     1157 (total)
                    0 (strong br.)
                    0 (separation)
                    0 (heuristics)
  0.301435 seconds (503.07 k allocations: 93.374 MiB, 22.27% gc time)
Optimal solution found, objective function value: -72462.24415555554
Saving model results...  4.215947 seconds (1.90 M allocations: 88.427 MiB, 96.76% gc time)
Postprocessing model results...  0.000044 seconds (51 allocations: 4.297 KiB)
Saving model outputs...  4.303860 seconds (4.14 M allocations: 343.793 MiB, 93.00% gc time)
Rolling model temporal structure...  0.000075 seconds (46 allocations: 2.438 KiB)
Rolling complete
Solve complete. Started at 2026-01-13T13:44:50.661, ended at 2026-01-13T13:44:59.490, elapsed time: 8 seconds, 829 milliseconds
Time summary:
Action                              │ min      │ max      │ avg
────────────────────────────────────┼──────────┼──────────┼─────────
Postprocessing model results...     │ 4.4e-5   │ 4.4e-5   │ 4.4e-5
Rolling model temporal structure... │ 7.5e-5   │ 7.5e-5   │ 7.5e-5
Saving model results...             │ 4.215947 │ 4.215947 │ 4.215947
Optimizing model...                 │ 0.301435 │ 0.301435 │ 0.301435
Saving model outputs...             │ 4.30386  │ 4.30386  │ 4.30386
Writing report to sqlite:///C:\Users\jfg.eco\Documents\Nord_H2ub\Spine_Projects\02_basic_energy_model\.spinetoolbox\items\outputtest\OutputTest.sqlite?spinedbfilter=cfg%3Aexecution%3A%7B%22execution_item%22%3A+%22Run+SpineOpt%22%2C+%22scenarios%22%3A+%5B%5D%2C+%22timestamp%22%3A+%222026-01-13T13%3A36%3A48%22%7D...  0.312129 seconds (83.72 k allocations: 6.831 MiB)
Execution complete. Started at 2026-01-13T13:36:50.994, ended at 2026-01-13T13:45:04.019, elapsed time: 8 minutes, 13 seconds, 25 milliseconds
A JuMP Model
├ solver: HiGHS
├ objective_sense: MIN_SENSE
│ └ objective_function_type: JuMP.AffExpr
├ num_variables: 240405
├ num_constraints: 245519
│ ├ JuMP.AffExpr in MOI.EqualTo{Float64}: 1665
│ ├ JuMP.AffExpr in MOI.GreaterThan{Float64}: 1332
│ ├ JuMP.AffExpr in MOI.LessThan{Float64}: 2554
│ ├ JuMP.VariableRef in MOI.EqualTo{Float64}: 21
│ ├ JuMP.VariableRef in MOI.GreaterThan{Float64}: 239566
│ ├ JuMP.VariableRef in MOI.LessThan{Float64}: 143
│ └ JuMP.VariableRef in MOI.Integer: 238
└ Names registered in the model: none
