### Spine execution log file
### Item name: Run SpineOpt
### Filter id: 
### Part: 1

               _
   _       _ _(_)_     |  Documentation: https://docs.julialang.org
  (_)     | (_) (_)    |
   _ _   _| |_  __ _   |  Type "?" for help, "]?" for Pkg help.
  | | | | | | |/ _` |  |
  | | |_| | | | (_| |  |  Version 1.10.10 (2025-06-27)
 _/ |\__'_|_|_|\__'_|  |  Official https://julialang.org/ release
|__/                   |
# Running julia run_spineopt.jl http://127.0.0.1:52317 http://127.0.0.1:52320
2-element Vector{String}:
 "http://127.0.0.1:52317"
 "http://127.0.0.1:52320"
WARNING: using JuMP.parameter_value in module SpineInterface conflicts with an existing identifier.
WARNING: using JuMP.Parameter in module SpineInterface conflicts with an existing identifier.
Running SpineOpt...
[SpineOpt version 0.10.2 (git hash: N/A)]
[SpineInterface version 0.15.2 (git hash: N/A)]
Execution started at 2026-01-20T15:04:36.038
Reading input data from sqlite:///C:\Users\jfg.eco\Documents\Nord_H2ub\Spine_Projects\02_basic_energy_model\.spinetoolbox\items\input\Input.sqlite...
Initializing  data structure from db... 21.526970 seconds (19.45 M allocations: 1.308 GiB, 2.37% gc time, 96.84% compilation time)
Preprocessing  data structure... 16.641391 seconds (8.29 M allocations: 570.474 MiB, 1.59% gc time, 99.48% compilation time)
Checking  data structure...  1.765209 seconds (569.05 k allocations: 38.905 MiB, 15.72% gc time, 99.75% compilation time)
Build started at 2026-01-20T15:05:38.123
Creating model temporal structure...[ Info: the last time slice of temporal block Default_Investment_period has been cut to fit within the block
[ Info: the last time slice of temporal block daily has been cut to fit within the block
 67.422760 seconds (438.48 M allocations: 21.267 GiB, 26.35% gc time, 5.96% compilation time)
Creating model stochastic structure...  6.608467 seconds (7.14 M allocations: 896.058 MiB, 43.32% gc time, 94.46% compilation time)
Adding model independent variables...
- [variable_binary_gas_connection_flow]  2.208244 seconds (5.28 M allocations: 232.835 MiB, 97.06% compilation time)
- [variable_connection_flow]  6.685486 seconds (11.21 M allocations: 666.472 MiB, 98.25% compilation time: <1% of which was recompilation)
- [variable_connection_intact_flow]  1.040388 seconds (3.79 M allocations: 156.772 MiB, 91.25% compilation time)
- [variable_connections_decommissioned]  2.265121 seconds (5.26 M allocations: 234.582 MiB, 97.14% compilation time)
- [variable_connections_invested]  1.616880 seconds (16.02 M allocations: 1.294 GiB, 33.11% gc time, 7.36% compilation time)
- [variable_connections_invested_available]  2.496778 seconds (17.36 M allocations: 1.375 GiB, 19.61% gc time, 43.66% compilation time)
- [variable_min_capacity_margin_slack]  1.017537 seconds (3.68 M allocations: 126.459 MiB, 94.81% compilation time)
- [variable_node_injection]  1.779920 seconds (3.87 M allocations: 149.753 MiB, 95.10% compilation time)
- [variable_node_pressure]  0.562634 seconds (2.86 M allocations: 71.754 MiB, 87.83% compilation time)
- [variable_node_slack_neg]  0.585132 seconds (3.02 M allocations: 88.826 MiB, 87.51% compilation time)
- [variable_node_slack_pos]  0.075431 seconds (2.55 M allocations: 56.384 MiB)
- [variable_node_state]  1.585398 seconds (4.27 M allocations: 170.362 MiB, 95.17% compilation time)
- [variable_node_voltage_angle]  0.565650 seconds (2.87 M allocations: 72.245 MiB, 88.73% compilation time)
- [variable_nonspin_units_shut_down]  0.969023 seconds (3.83 M allocations: 134.363 MiB, 95.01% compilation time)
- [variable_nonspin_units_started_up]  0.532495 seconds (3.10 M allocations: 84.993 MiB, 88.66% compilation time)
- [variable_storages_decommissioned]  1.474253 seconds (3.75 M allocations: 131.044 MiB, 95.34% compilation time)
- [variable_storages_invested]  0.447613 seconds (4.63 M allocations: 272.142 MiB, 46.36% compilation time)
- [variable_storages_invested_available]  0.279558 seconds (4.45 M allocations: 259.611 MiB, 26.68% compilation time)
- [variable_unit_flow]  5.877329 seconds (10.83 M allocations: 686.015 MiB, 97.51% compilation time)
- [variable_unit_flow_op]  3.970039 seconds (5.62 M allocations: 264.385 MiB, 4.37% gc time, 93.60% compilation time)
- [variable_unit_flow_op_active]  1.756897 seconds (3.42 M allocations: 117.374 MiB, 96.33% compilation time)
- [variable_units_invested]  3.778270 seconds (17.42 M allocations: 1.340 GiB, 7.80% gc time, 66.77% compilation time)
- [variable_units_invested_available]  1.496142 seconds (15.95 M allocations: 1.232 GiB, 15.26% gc time, 16.11% compilation time)
- [variable_units_mothballed]  0.063851 seconds (2.34 M allocations: 36.273 MiB)
- [variable_units_on]  2.221438 seconds (4.46 M allocations: 183.827 MiB, 8.96% gc time, 96.55% compilation time)
- [variable_units_out_of_service]  0.505089 seconds (2.87 M allocations: 72.344 MiB, 89.22% compilation time)
- [variable_units_returned_to_service]  0.123791 seconds (2.38 M allocations: 39.228 MiB, 52.37% compilation time)
- [variable_units_shut_down]  1.074992 seconds (3.03 M allocations: 85.087 MiB, 94.02% compilation time)
- [variable_units_started_up]  0.449465 seconds (2.71 M allocations: 62.097 MiB, 86.18% compilation time)
- [variable_units_taken_out_of_service]  0.073695 seconds (2.35 M allocations: 36.588 MiB, 12.95% compilation time)
- [variable_user_constraint_slack_neg]  0.793360 seconds (3.47 M allocations: 110.827 MiB, 91.74% compilation time)
- [variable_user_constraint_slack_pos]  0.058523 seconds (2.33 M allocations: 35.569 MiB)
 51.891696 seconds (192.42 M allocations: 10.529 GiB, 4.36% gc time, 84.59% compilation time: <1% of which was recompilation)
Adding model dependent variables...
- [variable_connection_flow]  1.141944 seconds (2.11 M allocations: 145.251 MiB, 99.40% compilation time)
- [variable_unit_flow]  0.604490 seconds (715.56 k allocations: 52.344 MiB, 97.65% compilation time)
  2.003912 seconds (3.76 M allocations: 260.625 MiB, 98.63% compilation time)
Adding model expressions...
- [expression_capacity_margin]  0.388169 seconds (2.17 M allocations: 130.509 MiB, 99.95% compilation time)
  0.395147 seconds (2.17 M allocations: 130.571 MiB, 99.67% compilation time)
Adding model constraints...
- [constraint_candidate_connection_flow_lb]  0.370561 seconds (588.12 k allocations: 39.603 MiB, 99.81% compilation time)
- [constraint_candidate_connection_flow_ub]  0.099197 seconds (213.05 k allocations: 14.439 MiB, 99.70% compilation time)
- [constraint_compression_ratio]  0.050077 seconds (81.00 k allocations: 5.499 MiB, 99.64% compilation time)
- [constraint_connection_flow_capacity]  2.472679 seconds (3.51 M allocations: 253.441 MiB, 98.39% compilation time)
- [constraint_connection_flow_gas_capacity]  0.050791 seconds (74.27 k allocations: 4.928 MiB, 99.68% compilation time)
- [constraint_connection_flow_intact_flow]  0.207566 seconds (436.23 k allocations: 29.497 MiB, 99.84% compilation time)
- [constraint_connection_flow_lodf]  0.177963 seconds (528.44 k allocations: 34.576 MiB, 99.80% compilation time)
- [constraint_connection_intact_flow_capacity]  0.234194 seconds (369.64 k allocations: 25.453 MiB, 99.80% compilation time)
- [constraint_connection_intact_flow_ptdf]  0.197530 seconds (223.61 k allocations: 15.193 MiB, 99.67% compilation time)
- [constraint_connection_lifetime] 18.002861 seconds (104.71 M allocations: 23.774 GiB, 38.58% gc time, 7.89% compilation time)
- [constraint_connection_unitary_gas_flow]  0.069005 seconds (183.09 k allocations: 12.216 MiB, 99.77% compilation time)
- [constraint_connections_invested_available]  0.534447 seconds (708.75 k allocations: 48.416 MiB, 99.71% compilation time)
- [constraint_connections_invested_transition]  1.341833 seconds (1.57 M allocations: 106.888 MiB, 99.71% compilation time)
- [constraint_cyclic_node_state]  0.244004 seconds (173.10 k allocations: 11.814 MiB, 99.84% compilation time)
- [constraint_fix_node_pressure_point]  0.046733 seconds (50.68 k allocations: 3.304 MiB, 99.57% compilation time)
- [constraint_fix_ratio_in_in_unit_flow]  2.211326 seconds (3.26 M allocations: 224.146 MiB, 99.46% compilation time)
- [constraint_fix_ratio_in_out_unit_flow]  0.085694 seconds (283.79 k allocations: 19.075 MiB, 99.41% compilation time)
- [constraint_fix_ratio_out_in_connection_flow]  1.821919 seconds (2.39 M allocations: 163.456 MiB, 99.51% compilation time)
- [constraint_fix_ratio_out_in_unit_flow]  0.000172 seconds (94 allocations: 19.219 KiB)
- [constraint_fix_ratio_out_out_unit_flow]  0.000316 seconds (748 allocations: 75.859 KiB)
- [constraint_investment_group_equal_investments]  0.186732 seconds (136.85 k allocations: 9.301 MiB, 99.84% compilation time)
- [constraint_investment_group_maximum_capacity_invested_available]  0.287210 seconds (117.09 k allocations: 8.014 MiB, 55.53% gc time, 99.94% compilation time)
- [constraint_investment_group_maximum_entities_invested_available]  0.132531 seconds (172.31 k allocations: 11.670 MiB, 99.88% compilation time)
- [constraint_investment_group_minimum_capacity_invested_available]  0.037551 seconds (24.86 k allocations: 1.687 MiB, 99.57% compilation time)
- [constraint_investment_group_minimum_entities_invested_available]  0.038441 seconds (24.86 k allocations: 1.806 MiB, 99.62% compilation time)
- [constraint_max_node_pressure]  0.172571 seconds (236.55 k allocations: 15.915 MiB, 99.80% compilation time)
- [constraint_max_node_voltage_angle]  0.063219 seconds (71.69 k allocations: 4.778 MiB, 99.54% compilation time)
- [constraint_max_ratio_in_in_unit_flow]  0.000147 seconds (94 allocations: 19.219 KiB)
- [constraint_max_ratio_in_out_unit_flow]  0.000147 seconds (94 allocations: 19.219 KiB)
- [constraint_max_ratio_out_in_connection_flow]  0.056408 seconds (122.46 k allocations: 8.239 MiB, 99.66% compilation time)
- [constraint_max_ratio_out_in_unit_flow]  0.000154 seconds (94 allocations: 19.219 KiB)
- [constraint_max_ratio_out_out_unit_flow]  0.000142 seconds (94 allocations: 19.219 KiB)
- [constraint_max_total_cumulated_unit_flow_from_node]  0.146767 seconds (105.86 k allocations: 7.087 MiB, 99.85% compilation time)
- [constraint_max_total_cumulated_unit_flow_to_node]  0.000094 seconds (42 allocations: 3.750 KiB)
- [constraint_min_capacity_margin]  0.044487 seconds (42.16 k allocations: 2.835 MiB, 99.62% compilation time)
- [constraint_min_down_time]  1.640543 seconds (2.21 M allocations: 160.261 MiB, 98.53% compilation time)
- [constraint_min_node_pressure]  0.052113 seconds (46.73 k allocations: 3.081 MiB, 99.28% compilation time)
- [constraint_min_node_voltage_angle]  0.053493 seconds (46.74 k allocations: 3.077 MiB, 99.37% compilation time)
- [constraint_min_ratio_in_in_unit_flow]  0.000149 seconds (94 allocations: 19.219 KiB)
- [constraint_min_ratio_in_out_unit_flow]  0.000146 seconds (94 allocations: 19.219 KiB)
- [constraint_min_ratio_out_in_connection_flow]  0.039578 seconds (22.53 k allocations: 1.556 MiB, 99.43% compilation time)
- [constraint_min_ratio_out_in_unit_flow]  0.000163 seconds (94 allocations: 19.219 KiB)
- [constraint_min_ratio_out_out_unit_flow]  0.000162 seconds (94 allocations: 19.219 KiB)
- [constraint_min_scheduled_outage_duration]  0.119800 seconds (113.98 k allocations: 7.809 MiB, 99.86% compilation time)
- [constraint_min_total_cumulated_unit_flow_from_node]  0.043192 seconds (22.52 k allocations: 1.564 MiB, 99.54% compilation time)
- [constraint_min_total_cumulated_unit_flow_to_node]  0.000093 seconds (42 allocations: 3.750 KiB)
- [constraint_min_up_time]  0.531710 seconds (464.03 k allocations: 32.459 MiB, 99.10% compilation time)
- [constraint_minimum_operating_point]  1.065936 seconds (1.35 M allocations: 94.244 MiB, 99.33% compilation time)
- [constraint_nodal_balance]  1.347653 seconds (1.83 M allocations: 128.517 MiB, 98.87% compilation time)
- [constraint_node_injection]  1.881015 seconds (2.86 M allocations: 203.557 MiB, 97.36% compilation time)
- [constraint_node_state_capacity]  0.925971 seconds (1.42 M allocations: 97.398 MiB, 98.51% compilation time)
- [constraint_node_voltage_angle]  0.109146 seconds (62.70 k allocations: 4.328 MiB, 99.82% compilation time)
- [constraint_non_spinning_reserves_lower_bound]  0.075991 seconds (90.40 k allocations: 6.103 MiB, 99.45% compilation time)
- [constraint_non_spinning_reserves_shut_down_upper_bound]  0.146421 seconds (177.76 k allocations: 11.771 MiB, 99.66% compilation time)
- [constraint_non_spinning_reserves_start_up_upper_bound]  0.000185 seconds (264 allocations: 24.703 KiB)
- [constraint_operating_point_bounds]  1.763675 seconds (2.56 M allocations: 257.595 MiB, 10.77% gc time, 96.49% compilation time)
- [constraint_operating_point_rank]  0.492700 seconds (677.38 k allocations: 47.991 MiB, 99.40% compilation time)
- [constraint_ramp_down]  1.839380 seconds (2.27 M allocations: 154.618 MiB, 99.25% compilation time)
- [constraint_ramp_up]  0.681920 seconds (533.61 k allocations: 37.600 MiB, 98.12% compilation time)
- [constraint_ratio_out_in_connection_intact_flow]  0.089517 seconds (81.70 k allocations: 5.559 MiB, 99.65% compilation time)
- [constraint_storage_lifetime]  2.989958 seconds (20.10 M allocations: 3.596 GiB, 19.54% gc time, 32.24% compilation time)
- [constraint_storage_line_pack]  0.119903 seconds (64.43 k allocations: 4.593 MiB, 99.85% compilation time)
- [constraint_storages_invested_available]  0.308113 seconds (286.15 k allocations: 19.595 MiB, 99.75% compilation time)
- [constraint_storages_invested_transition]  0.355111 seconds (258.16 k allocations: 18.169 MiB, 99.52% compilation time)
- [constraint_unit_flow_capacity]  1.041291 seconds (1.43 M allocations: 101.704 MiB, 98.24% compilation time)
- [constraint_unit_flow_op_bounds]  0.481216 seconds (471.59 k allocations: 36.473 MiB, 98.97% compilation time)
- [constraint_unit_flow_op_rank]  0.545320 seconds (431.61 k allocations: 32.979 MiB, 99.15% compilation time)
- [constraint_unit_flow_op_sum]  0.546276 seconds (575.43 k allocations: 39.020 MiB, 99.75% compilation time)
- [constraint_unit_lifetime] 15.578973 seconds (83.34 M allocations: 16.372 GiB, 54.05% gc time, 4.46% compilation time)
- [constraint_unit_state_transition]  0.646788 seconds (881.35 k allocations: 60.359 MiB, 99.54% compilation time)
- [constraint_units_available]  0.828557 seconds (1.60 M allocations: 113.693 MiB, 96.90% compilation time)
- [constraint_units_invested_available]  0.153945 seconds (100.40 k allocations: 6.953 MiB, 99.58% compilation time)
- [constraint_units_invested_transition]  0.479353 seconds (340.32 k allocations: 23.593 MiB, 99.55% compilation time)
- [constraint_units_out_of_service_contiguity]  0.110057 seconds (54.28 k allocations: 3.833 MiB, 99.86% compilation time)
- [constraint_units_out_of_service_transition]  0.081286 seconds (81.74 k allocations: 5.720 MiB, 99.64% compilation time)
- [constraint_user_constraint]  6.060287 seconds (7.65 M allocations: 525.052 MiB, 99.35% compilation time)
 80.480208 seconds (268.08 M allocations: 47.882 GiB, 20.49% gc time, 57.77% compilation time)
Setting model objective...  6.510071 seconds (8.74 M allocations: 599.876 MiB, 2.92% gc time, 99.30% compilation time)
Build complete. Started at 2026-01-20T15:05:38.123, ended at 2026-01-20T15:09:13.826, elapsed time: 3 minutes, 35 seconds, 703 milliseconds
Solve started at 2026-01-20T15:09:14.001
model - window 1 of 1: 2019-01-01T00:00~(1 day, 23 hours)~>2019-01-02T23:00
Optimizing model...Running HiGHS 1.11.0 (git hash: 364c83a51e): Copyright (c) 2025 HiGHS under MIT licence terms
MIP  has 5411 rows; 240262 cols; 113106 nonzeros; 238 integer variables (0 binary)
Coefficient ranges:
  Matrix [6e-03, 1e+05]
  Cost   [1e-03, 2e+09]
  Bound  [1e+00, 1e+03]
  RHS    [1e+00, 2e+03]
Presolving model
2868 rows, 3306 cols, 9233 nonzeros  0s
2142 rows, 2592 cols, 7988 nonzeros  0s
1788 rows, 2362 cols, 6495 nonzeros  0s
Solving MIP model with:
   1788 rows
   2362 cols (47 binary, 0 integer, 0 implied int., 2315 continuous, 0 domain fixed)
   6495 nonzeros
Src: B => Branching; C => Central rounding; F => Feasibility pump; J => Feasibility jump;
     H => Heuristic; L => Sub-MIP; P => Empty MIP; R => Randomized rounding; Z => ZI Round;
     I => Shifting; S => Solve LP; T => Evaluate node; U => Unbounded; X => User solution;
     z => Trivial zero; l => Trivial lower; u => Trivial upper; p => Trivial point
        Nodes      |    B&B Tree     |            Objective Bounds              |  Dynamic Constraints |       Work
Src  Proc. InQueue |  Leaves   Expl. | BestBound       BestSol              Gap |   Cuts   InLp Confl. | LpIters     Time
         0       0         0   0.00%   -2258984.293646 inf                  inf        0      0      0         0     0.1s
 T       0       0         0   0.00%   -2258984.293646 273435.045064    926.15%        0      0      0      1369     0.2s
         1       0         1 100.00%   273435.045064   273435.045064      0.00%        0      0      0      1369     0.2s
Solving report
  Status            Optimal
  Primal bound      273435.045064
  Dual bound        273435.045064
  Gap               0% (tolerance: 0%)
  P-D integral      0.000417333593921
  Solution status   feasible
                    273435.045064 (objective)
                    0 (bound viol.)
                    0 (int. viol.)
                    0 (row viol.)
  Timing            0.17 (total)
                    0.00 (presolve)
                    0.00 (solve)
                    0.00 (postsolve)
  Max sub-MIP depth 0
  Nodes             1
  Repair LPs        0 (0 feasible; 0 iterations)
  LP iterations     1369 (total)
                    0 (strong br.)
                    0 (separation)
                    0 (heuristics)
  1.090918 seconds (1.43 M allocations: 158.604 MiB, 75.69% compilation time)
Optimal solution found, objective function value: 273435.04506358283
Saving model results...  2.799198 seconds (4.63 M allocations: 275.731 MiB, 95.03% compilation time)
Postprocessing model results...  0.003916 seconds (86 allocations: 6.000 KiB, 95.68% compilation time)
Saving model outputs...  2.418712 seconds (7.09 M allocations: 539.102 MiB, 8.52% gc time, 78.50% compilation time)
Rolling model temporal structure...  0.141703 seconds (260.31 k allocations: 17.990 MiB, 99.89% compilation time)
Rolling complete
Solve complete. Started at 2026-01-20T15:09:14.001, ended at 2026-01-20T15:09:20.628, elapsed time: 6 seconds, 627 milliseconds
Time summary:
Action                              │ min      │ max      │ avg
────────────────────────────────────┼──────────┼──────────┼─────────
Postprocessing model results...     │ 0.003916 │ 0.003916 │ 0.003916
Rolling model temporal structure... │ 0.141703 │ 0.141703 │ 0.141703
Saving model results...             │ 2.799198 │ 2.799198 │ 2.799198
Optimizing model...                 │ 1.090918 │ 1.090918 │ 1.090918
Saving model outputs...             │ 2.418712 │ 2.418712 │ 2.418712
Writing report to sqlite:///C:\Users\jfg.eco\Documents\Nord_H2ub\Spine_Projects\02_basic_energy_model\.spinetoolbox\items\outputtest\OutputTest.sqlite?spinedbfilter=cfg%3Aexecution%3A%7B%22execution_item%22%3A+%22Run+SpineOpt%22%2C+%22scenarios%22%3A+%5B%5D%2C+%22timestamp%22%3A+%222026-01-20T15%3A04%3A10%22%7D...  2.141334 seconds (1.62 M allocations: 112.579 MiB, 79.95% compilation time)
Execution complete. Started at 2026-01-20T15:04:36.038, ended at 2026-01-20T15:09:27.101, elapsed time: 4 minutes, 51 seconds, 63 milliseconds
A JuMP Model
├ solver: HiGHS
├ objective_sense: MIN_SENSE
│ └ objective_function_type: JuMP.AffExpr
├ num_variables: 240262
├ num_constraints: 245236
│ ├ JuMP.AffExpr in MOI.EqualTo{Float64}: 1571
│ ├ JuMP.AffExpr in MOI.GreaterThan{Float64}: 1285
│ ├ JuMP.AffExpr in MOI.LessThan{Float64}: 2555
│ ├ JuMP.VariableRef in MOI.EqualTo{Float64}: 22
│ ├ JuMP.VariableRef in MOI.GreaterThan{Float64}: 239423
│ ├ JuMP.VariableRef in MOI.LessThan{Float64}: 142
│ └ JuMP.VariableRef in MOI.Integer: 238
└ Names registered in the model: none
