### Spine execution log file
### Item name: Run SpineOpt
### Filter id: 
### Part: 1

# Running julia run_spineopt.jl http://127.0.0.1:49189 http://127.0.0.1:49191
2-element Vector{String}:
 "http://127.0.0.1:49189"
 "http://127.0.0.1:49191"
Running SpineOpt...
[SpineOpt version 0.10.2 (git hash: N/A)]
[SpineInterface version 0.15.2 (git hash: N/A)]
Execution started at 2026-07-27T16:33:28.231
Reading input data from sqlite:///C:\Users\jfg.eco\Documents\GitHub\Nord_H2ub\Spine_Projects\02_basic_energy_model\.spinetoolbox\items\input\Input.sqlite...
Initializing  data structure from db...  4.313208 seconds (2.04 M allocations: 136.580 MiB, 19.64% compilation time)
Preprocessing  data structure...  3.327617 seconds (98.67 k allocations: 4.741 MiB, 90.19% compilation time)
Checking  data structure...  0.067569 seconds (9.05 k allocations: 476.406 KiB, 67.13% compilation time)
Build started at 2026-07-27T16:33:36.204
Creating model temporal structure...[ Info: the last time slice of temporal block Default_Investment_period has been cut to fit within the block
[ Info: the last time slice of temporal block daily has been cut to fit within the block
146.166797 seconds (431.04 M allocations: 22.181 GiB, 46.39% gc time, 0.03% compilation time)
Creating model stochastic structure...  1.189767 seconds (3.22 M allocations: 453.173 MiB, 13.28% compilation time)
Adding model independent variables...
- [variable_binary_gas_connection_flow]  9.239526 seconds (2.29 M allocations: 34.947 MiB, 96.74% gc time, 0.84% compilation time)
- [variable_connection_flow]  5.478825 seconds (13.99 M allocations: 1.458 GiB, 24.20% gc time, 9.11% compilation time)
- [variable_connection_intact_flow]  2.691999 seconds (11.02 M allocations: 725.251 MiB, 18.35% gc time)
- [variable_connections_decommissioned]  0.185763 seconds (2.30 M allocations: 35.579 MiB)
- [variable_connections_invested]  0.724505 seconds (2.54 M allocations: 151.788 MiB)
- [variable_connections_invested_available]  0.938771 seconds (2.63 M allocations: 151.404 MiB, 21.94% gc time, 3.75% compilation time)
- [variable_min_capacity_margin_slack]  0.150790 seconds (2.29 M allocations: 34.901 MiB)
- [variable_node_injection]  1.371142 seconds (6.86 M allocations: 370.939 MiB, 18.86% gc time)
- [variable_node_pressure]  0.159477 seconds (2.29 M allocations: 34.920 MiB)
- [variable_node_slack_neg]  1.045640 seconds (6.73 M allocations: 321.236 MiB)
- [variable_node_slack_pos]  1.009634 seconds (6.73 M allocations: 321.238 MiB)
- [variable_node_state]  0.854093 seconds (4.26 M allocations: 143.000 MiB, 25.92% gc time, 3.13% compilation time)
- [variable_node_voltage_angle]  0.163113 seconds (2.29 M allocations: 34.920 MiB)
- [variable_nonspin_units_shut_down]  0.143087 seconds (2.29 M allocations: 34.936 MiB)
- [variable_nonspin_units_started_up]  0.191524 seconds (2.29 M allocations: 34.933 MiB)
- [variable_storages_decommissioned]  0.197307 seconds (2.29 M allocations: 35.092 MiB)
- [variable_storages_invested]  0.870709 seconds (1.99 M allocations: 64.957 MiB, 67.92% gc time, 3.50% compilation time)
- [variable_storages_invested_available]  0.231058 seconds (1.99 M allocations: 64.868 MiB)
- [variable_unit_flow] 11.334191 seconds (16.39 M allocations: 2.228 GiB, 54.03% gc time, 1.27% compilation time)
- [variable_unit_flow_op]  0.540677 seconds (3.78 M allocations: 156.507 MiB)
- [variable_unit_flow_op_active]  0.893541 seconds (4.25 M allocations: 184.327 MiB, 22.34% gc time)
- [variable_units_invested]  0.587756 seconds (2.53 M allocations: 132.870 MiB)
- [variable_units_invested_available]  0.615489 seconds (2.60 M allocations: 135.803 MiB, 5.62% compilation time)
- [variable_units_mothballed]  0.192886 seconds (2.30 M allocations: 35.614 MiB)
- [variable_units_on]  1.422827 seconds (5.73 M allocations: 258.695 MiB, 19.60% gc time)
- [variable_units_out_of_service]  0.207122 seconds (2.29 M allocations: 34.912 MiB)
- [variable_units_returned_to_service]  0.244307 seconds (2.29 M allocations: 34.907 MiB)
- [variable_units_shut_down]  0.360286 seconds (2.57 M allocations: 53.396 MiB)
- [variable_units_started_up]  0.398851 seconds (2.56 M allocations: 53.021 MiB)
- [variable_units_taken_out_of_service]  0.609046 seconds (2.29 M allocations: 34.908 MiB, 54.91% gc time)
- [variable_user_constraint_slack_neg]  0.200306 seconds (2.29 M allocations: 34.899 MiB)
- [variable_user_constraint_slack_pos]  0.199653 seconds (2.29 M allocations: 34.899 MiB)
 43.753444 seconds (131.19 M allocations: 7.377 GiB, 43.93% gc time, 1.94% compilation time)
Adding model dependent variables...
- [variable_connection_flow]  1.255406 seconds (4.68 M allocations: 203.038 MiB)
- [variable_unit_flow]  1.448788 seconds (6.40 M allocations: 302.909 MiB)
  2.719710 seconds (11.08 M allocations: 505.959 MiB)
Adding model expressions...
- [expression_capacity_margin]  0.000169 seconds (86 allocations: 3.875 KiB)
  0.001381 seconds (195 allocations: 9.586 KiB)
Adding model constraints...
- [constraint_candidate_connection_flow_lb]  0.001035 seconds (146 allocations: 6.461 KiB)
- [constraint_candidate_connection_flow_ub]  0.000224 seconds (145 allocations: 6.461 KiB)
- [constraint_compression_ratio]  0.000067 seconds (94 allocations: 5.930 KiB)
- [constraint_connection_flow_capacity]  6.814339 seconds (22.42 M allocations: 1.265 GiB, 13.79% gc time, 0.01% compilation time)
- [constraint_connection_flow_gas_capacity]  0.000231 seconds (98 allocations: 7.367 KiB)
- [constraint_connection_flow_intact_flow]  0.000169 seconds (87 allocations: 4.008 KiB)
- [constraint_connection_flow_lodf]  0.000629 seconds (66 allocations: 3.438 KiB)
- [constraint_connection_intact_flow_capacity]  0.000324 seconds (119 allocations: 5.930 KiB)
- [constraint_connection_intact_flow_ptdf]  0.000116 seconds (72 allocations: 3.602 KiB)
- [constraint_connection_lifetime] 74.143869 seconds (219.77 M allocations: 22.942 GiB, 44.52% gc time, 0.05% compilation time)
- [constraint_connection_unitary_gas_flow]  0.000181 seconds (95 allocations: 6.211 KiB)
- [constraint_connections_invested_available]  0.001979 seconds (2.82 k allocations: 164.185 KiB)
- [constraint_connections_invested_transition]  0.009274 seconds (16.29 k allocations: 859.613 KiB)
- [constraint_cyclic_node_state]  0.018236 seconds (2.56 k allocations: 124.117 KiB, 96.09% compilation time)
- [constraint_fix_node_pressure_point]  0.000737 seconds (94 allocations: 5.930 KiB)
- [constraint_fix_ratio_in_in_unit_flow]  0.383929 seconds (1.09 M allocations: 69.084 MiB)
- [constraint_fix_ratio_in_out_unit_flow]  0.001616 seconds (3.20 k allocations: 167.633 KiB)
- [constraint_fix_ratio_out_in_connection_flow]  0.311136 seconds (822.13 k allocations: 48.695 MiB, 8.57% compilation time)
- [constraint_fix_ratio_out_in_unit_flow]  0.000160 seconds (193 allocations: 12.008 KiB)
- [constraint_fix_ratio_out_out_unit_flow]  0.000437 seconds (1.10 k allocations: 58.758 KiB)
- [constraint_investment_group_equal_investments]  0.023319 seconds (37.15 k allocations: 8.371 MiB)
- [constraint_investment_group_maximum_capacity_invested_available]  0.000086 seconds (34 allocations: 1.992 KiB)
- [constraint_investment_group_maximum_entities_invested_available]  0.000068 seconds (32 allocations: 1.898 KiB)
- [constraint_investment_group_minimum_capacity_invested_available]  0.000074 seconds (32 allocations: 1.898 KiB)
- [constraint_investment_group_minimum_entities_invested_available]  0.000065 seconds (32 allocations: 1.898 KiB)
- [constraint_max_node_pressure]  0.000133 seconds (219 allocations: 10.758 KiB)
- [constraint_max_node_voltage_angle]  0.000931 seconds (293 allocations: 13.742 KiB)
- [constraint_max_ratio_in_in_unit_flow]  0.000253 seconds (193 allocations: 12.008 KiB)
- [constraint_max_ratio_in_out_unit_flow]  0.000178 seconds (193 allocations: 12.008 KiB)
- [constraint_max_ratio_out_in_connection_flow]  0.000191 seconds (114 allocations: 6.570 KiB)
- [constraint_max_ratio_out_in_unit_flow]  0.000127 seconds (193 allocations: 12.008 KiB)
- [constraint_max_ratio_out_out_unit_flow]  0.000180 seconds (193 allocations: 12.008 KiB)
- [constraint_max_total_cumulated_unit_flow_from_node]  0.000163 seconds (96 allocations: 6.039 KiB)
- [constraint_max_total_cumulated_unit_flow_to_node]  0.000072 seconds (92 allocations: 5.789 KiB)
- [constraint_min_capacity_margin]  0.000083 seconds (101 allocations: 4.773 KiB)
- [constraint_min_down_time]  2.783206 seconds (6.69 M allocations: 499.642 MiB, 20.61% gc time, 2.26% compilation time)
- [constraint_min_node_pressure]  0.000270 seconds (224 allocations: 15.162 KiB)
- [constraint_min_node_voltage_angle]  0.000070 seconds (293 allocations: 13.742 KiB)
- [constraint_min_ratio_in_in_unit_flow]  0.000301 seconds (193 allocations: 12.008 KiB)
- [constraint_min_ratio_in_out_unit_flow]  0.000088 seconds (193 allocations: 12.008 KiB)
- [constraint_min_ratio_out_in_connection_flow]  0.000180 seconds (114 allocations: 6.570 KiB)
- [constraint_min_ratio_out_in_unit_flow]  0.000083 seconds (193 allocations: 12.008 KiB)
- [constraint_min_ratio_out_out_unit_flow]  0.000074 seconds (193 allocations: 12.008 KiB)
- [constraint_min_scheduled_outage_duration]  0.000158 seconds (66 allocations: 3.320 KiB)
- [constraint_min_total_cumulated_unit_flow_from_node]  0.000079 seconds (96 allocations: 6.039 KiB)
- [constraint_min_total_cumulated_unit_flow_to_node]  0.000046 seconds (92 allocations: 5.789 KiB)
- [constraint_min_up_time]  0.207375 seconds (819.95 k allocations: 49.034 MiB)
- [constraint_minimum_operating_point]  0.309816 seconds (944.48 k allocations: 56.702 MiB)
- [constraint_nodal_balance]  1.039998 seconds (4.68 M allocations: 264.892 MiB)
- [constraint_node_injection]  6.756538 seconds (26.96 M allocations: 1.351 GiB, 7.91% gc time)
- [constraint_node_state_capacity]  1.127007 seconds (4.07 M allocations: 208.694 MiB)
- [constraint_node_voltage_angle]  0.000139 seconds (69 allocations: 3.445 KiB)
- [constraint_non_spinning_reserves_lower_bound]  0.000337 seconds (471 allocations: 22.898 KiB)
- [constraint_non_spinning_reserves_shut_down_upper_bound]  0.000300 seconds (480 allocations: 23.695 KiB)
- [constraint_non_spinning_reserves_start_up_upper_bound]  0.000527 seconds (480 allocations: 23.695 KiB)
- [constraint_operating_point_bounds] 43.811177 seconds (163.32 M allocations: 18.732 GiB, 19.09% gc time)
- [constraint_operating_point_rank]  0.078306 seconds (334.78 k allocations: 29.587 MiB)
- [constraint_ramp_down]  0.769388 seconds (2.56 M allocations: 156.980 MiB, 10.97% compilation time)
- [constraint_ramp_up]  0.757640 seconds (2.58 M allocations: 157.977 MiB, 4.63% compilation time)
- [constraint_ratio_out_in_connection_intact_flow]  0.000126 seconds (87 allocations: 4.008 KiB)
- [constraint_storage_lifetime]  8.521104 seconds (31.00 M allocations: 3.319 GiB, 32.97% gc time, 0.23% compilation time)
- [constraint_storage_line_pack]  0.000186 seconds (96 allocations: 6.023 KiB)
- [constraint_storages_invested_available]  0.001028 seconds (904 allocations: 49.602 KiB)
- [constraint_storages_invested_transition]  0.001339 seconds (4.04 k allocations: 208.896 KiB)
- [constraint_unit_flow_capacity]  1.884226 seconds (8.49 M allocations: 470.369 MiB)
- [constraint_unit_flow_op_bounds]  0.599690 seconds (2.47 M allocations: 134.015 MiB, 4.90% compilation time)
- [constraint_unit_flow_op_rank]  0.435048 seconds (1.93 M allocations: 109.220 MiB)
- [constraint_unit_flow_op_sum]  0.028870 seconds (88.62 k allocations: 7.014 MiB)
- [constraint_unit_lifetime] 42.014672 seconds (153.15 M allocations: 16.535 GiB, 30.56% gc time)
- [constraint_unit_state_transition]  0.072082 seconds (310.07 k allocations: 22.204 MiB)
- [constraint_units_available]  3.543966 seconds (15.33 M allocations: 778.447 MiB)
- [constraint_units_invested_available]  0.000857 seconds (3.03 k allocations: 175.700 KiB)
- [constraint_units_invested_transition]  0.004496 seconds (17.63 k allocations: 923.785 KiB)
- [constraint_units_out_of_service_contiguity]  0.000128 seconds (66 allocations: 3.320 KiB)
- [constraint_units_out_of_service_transition]  0.000142 seconds (95 allocations: 4.883 KiB)
- [constraint_user_constraint]  1.635336 seconds (4.30 M allocations: 255.666 MiB, 6.58% compilation time)
201.731828 seconds (690.21 M allocations: 68.132 GiB, 29.74% gc time, 0.21% compilation time)
Setting model objective...  8.601130 seconds (11.80 M allocations: 626.115 MiB, 69.51% gc time, 3.78% compilation time)
Build complete. Started at 2026-07-27T16:33:36.204, ended at 2026-07-27T16:40:21.143, elapsed time: 6 minutes, 44 seconds, 939 milliseconds
Solve started at 2026-07-27T16:40:21.148
Bringing model to the first window...  9.248041 seconds (36.59 M allocations: 1.796 GiB, 1.97% compilation time)
model - window 1 of 12: 2019-01-01T00:00~(4 weeks, 2 days, 10 hours)~>2019-01-31T10:00
Optimizing model...Running HiGHS 1.14.0 (git hash: 7df0786de3): Copyright (c) 2026 under Apache 2.0 license terms
Using BLAS: blastrampoline-5
MIP has 119868 rows; 139893 cols; 309909 nonzeros; 2287 integer variables (0 binary)
Coefficient ranges:
  Matrix  [6e-03, 1e+05]
  Cost    [1e-03, 2e+09]
  Bound   [3e-01, 2e+04]
  RHS     [1e+00, 2e+03]
WARNING: Problem has some excessively large costs
WARNING:    Consider scaling the objective by 1e-4, or setting the user_objective_scale option to -12
Presolving model
57447 rows, 70648 cols, 200884 nonzeros 0s
38750 rows, 53424 cols, 189101 nonzeros 0s
36708 rows, 48585 cols, 180396 nonzeros 2s
Presolve reductions: rows 36708(-83160); columns 48585(-91308); nonzeros 180396(-129513)
Solving MIP model with:
   36708 rows
   48585 cols (1777 binary, 0 integer, 0 implied int., 46808 continuous, 0 domain fixed)
   180396 nonzeros
Src: B => Branching; C => Central rounding; F => Feasibility pump; H => Heuristic;
     I => Shifting; J => Feasibility jump; L => Sub-MIP; P => Empty MIP; R => Randomized rounding;
     S => Solve LP; T => Evaluate node; U => Unbounded; X => User solution; Y => HiGHS solution;
     Z => ZI Round; l => Trivial lower; p => Trivial point; u => Trivial upper; z => Trivial zero
        Nodes      |    B&B Tree     |            Objective Bounds              |  Dynamic Constraints |       Work
Src  Proc. InQueue |  Leaves   Expl. | BestBound       BestSol              Gap |   Cuts   InLp Confl. | LpIters     Time
         0       0         0   0.00%   -427997081.8136 inf                  inf        0      0      0         0     5.2s
         0       0         0   0.00%   -108170478.0326 inf                  inf        0      0      3     29938    29.8s
 R       0       0         0   0.00%   -108169772.4065 1.44440607e+12   100.01%     5373    226      3     30936    59.2s
         0       0         0   0.00%   -108164047.4974 1.44440607e+12   100.01%     8621    452      3     31623    74.0s
         0       0         0   0.00%   -108164019.4166 1.44440607e+12   100.01%     9214    462      3     31682    86.4s
         0       0         0   0.00%   -108163942.503  1.44440607e+12   100.01%     9907    477      3     31687    98.4s
 C       0       0         0   0.00%   -108163939.5015 -108163794.758     0.00%     9932    479      3     32139   120.1s
         0       0         0   0.00%   -108163939.5015 -108163794.758     0.00%     9934    334     14     49326   263.5s
98.0% inactive integer columns, restarting
Model after restart has 31781 rows, 40057 cols (9 bin., 0 int., 0 impl., 40048 cont., 0 dom.fix.), and 125373 nonzeros
         0       0         0   0.00%   -108163939.5015 -108163794.758     0.00%        3      0      0     49326   264.3s
         0       0         0   0.00%   -108163939.5015 -108163794.758     0.00%        3      2      0     49568   279.2s
         0       0         0   0.00%   -108163936.5191 -108163794.758     0.00%      147      4      0     49576   289.1s
         0       0         0   0.00%   -108163935.0215 -108163794.758     0.00%      199      5      0     49577   299.1s
         0       0         0   0.00%   -108163933.5239 -108163794.758     0.00%      237      6      0     49584   309.0s
         0       0         0   0.00%   -108163932.5571 -108163794.758     0.00%      285      7      0     49588   318.9s
         0       0         0   0.00%   -108163931.0595 -108163794.758     0.00%      403      8      0     49595   329.0s
         0       0         0   0.00%   -108163930.2644 -108163794.758     0.00%      481      9      0     49597   338.7s
         0       0         0   0.00%   -108163928.4156 -108163794.758     0.00%      623     11      0     49602   348.8s
         0       0         0   0.00%   -108163926.918  -108163794.758     0.00%      695     12      0     49606   358.4s
         0       0         0   0.00%   -108163924.6716 -108163794.758     0.00%      731     14      0     49611   368.1s
         0       0         0   0.00%   -108163923.7433 -108163794.758     0.00%      773     16      0     49613   377.9s
        Nodes      |    B&B Tree     |            Objective Bounds              |  Dynamic Constraints |       Work
Src  Proc. InQueue |  Leaves   Expl. | BestBound       BestSol              Gap |   Cuts   InLp Confl. | LpIters     Time
         0       0         0   0.00%   -108163921.3915 -108163794.758     0.00%      825     20      0     49617   387.2s
         0       0         0   0.00%   -108163920.1102 -108163794.758     0.00%      861     22      0     49627   396.5s
         0       0         0   0.00%   -108163917.5837 -108163794.758     0.00%      911     25      0     49634   405.6s
         0       0         0   0.00%   -108163916.0819 -108163794.758     0.00%      988     26      0     49638   415.5s
         0       0         0   0.00%   -108163914.5801 -108163794.758     0.00%     1052     27      0     49642   424.6s
         0       0         0   0.00%   -108163913.0783 -108163794.758     0.00%     1103     28      0     49649   434.5s
         0       0         0   0.00%   -108163911.5765 -108163794.758     0.00%     1174     29      0     49650   444.8s
         0       0         0   0.00%   -108163910.0747 -108163794.758     0.00%     1210     30      0     49654   454.3s
         0       0         0   0.00%   -108163908.5728 -108163794.758     0.00%     1260     31      0     49661   464.4s
         0       0         0   0.00%   -108163907.071  -108163794.758     0.00%     1316     32      0     49662   473.7s
         0       0         0   0.00%   -108163905.5692 -108163794.758     0.00%     1356     33      0     49666   484.1s
         0       0         0   0.00%   -108163905.1142 -108163794.758     0.00%     1390     34      0     49668   494.5s
         0       0         0   0.00%   -108163799.6357 -108163794.758     0.00%     1428     36      0     49678   504.2s
44.4% inactive integer columns, restarting
Model after restart has 31768 rows, 40047 cols (5 bin., 0 int., 0 impl., 40042 cont., 0 dom.fix.), and 125321 nonzeros
         0       0         0   0.00%   -108163799.6357 -108163794.758     0.00%       29      0      0     49678   504.9s
         0       0         0   0.00%   -108163799.6357 -108163794.758     0.00%       29     29      0     83012   564.0s
         1       0         1 100.00%   -108163794.758  -108163794.758     0.00%       29     29      3     83075   568.3s
Solving report
  Status            Optimal
  Primal bound      -108163794.758
  Dual bound        -108163794.758
  Gap               0% (tolerance: 0%)
  P-D integral      60.7875659655
  Solution status   feasible
                    -108163794.758 (objective)
                    0 (bound viol.)
                    5.94635451989e-13 (int. viol.)
                    0 (row viol.)
  Timing            568.25
  Max sub-MIP depth 0
  Nodes             1
  Repair LPs        0
  LP iterations     83075
                    60 (strong br.)
                    2311 (separation)
                    17187 (heuristics)
568.811235 seconds (868.57 k allocations: 121.461 MiB)
Optimal solution found, objective function value: -1.0816379475795929e8
Saving model results...  2.585961 seconds (4.27 M allocations: 149.144 MiB, 47.86% gc time)
Postprocessing model results...  0.000223 seconds (48 allocations: 3.312 KiB)
Saving model outputs...  0.969446 seconds (2.76 M allocations: 170.359 MiB)
Rolling model temporal structure...  1.690207 seconds (4.74 M allocations: 102.054 MiB)
Fixing model history...  0.109822 seconds (418.32 k allocations: 20.434 MiB)
Applying model non-anticipativity constraints...  0.000243 seconds (603 allocations: 32.203 KiB)
model - window 2 of 12: 2019-01-31T10:00~(4 weeks, 2 days, 10 hours)~>2019-03-02T20:00
Optimizing model...MIP has 119868 rows; 139893 cols; 309966 nonzeros; 2287 integer variables (0 binary)
Coefficient ranges:
  Matrix  [6e-03, 1e+05]
  Cost    [1e-03, 2e+09]
  Bound   [7e-03, 2e+04]
  RHS     [1e+00, 2e+03]
WARNING: Problem has some excessively large costs
WARNING:    Consider scaling the objective by 1e-4, or setting the user_objective_scale option to -12
Presolving model
78750 rows, 70758 cols, 220587 nonzeros 0s
37623 rows, 53398 cols, 181104 nonzeros 0s
35999 rows, 48404 cols, 175908 nonzeros 2s
Presolve reductions: rows 35999(-83869); columns 48404(-91489); nonzeros 175908(-134058)
Solving MIP model with:
   35999 rows
   48404 cols (1668 binary, 0 integer, 0 implied int., 46736 continuous, 0 domain fixed)
   175908 nonzeros
Src: B => Branching; C => Central rounding; F => Feasibility pump; H => Heuristic;
     I => Shifting; J => Feasibility jump; L => Sub-MIP; P => Empty MIP; R => Randomized rounding;
     S => Solve LP; T => Evaluate node; U => Unbounded; X => User solution; Y => HiGHS solution;
     Z => ZI Round; l => Trivial lower; p => Trivial point; u => Trivial upper; z => Trivial zero
        Nodes      |    B&B Tree     |            Objective Bounds              |  Dynamic Constraints |       Work
Src  Proc. InQueue |  Leaves   Expl. | BestBound       BestSol              Gap |   Cuts   InLp Confl. | LpIters     Time
         0       0         0   0.00%   -419958787.1057 inf                  inf        0      0      0         0     4.9s
         0       0         0   0.00%   -94494903.41221 inf                  inf        0      0      2     28723    19.1s
         0       0         0   0.00%   -94493943.1195  inf                  inf     7109    205      5     30016    25.3s
         0       0         0   0.00%   -94491275.21021 inf                  inf    11490    406      7     30689    31.7s
 R       0       0         0   0.00%   -94490818.9325  -94490768.17358    0.00%     3191    442      7     30861    37.6s
         0       0         0   0.00%   -94490818.9325  -94490768.17358    0.00%     3194    338     18     35009    50.6s
98.0% inactive integer columns, restarting
Model after restart has 30664 rows, 39330 cols (9 bin., 0 int., 0 impl., 39321 cont., 0 dom.fix.), and 122474 nonzeros
         0       0         0   0.00%   -94490818.9325  -94490768.17358    0.00%       12      0      0     35009    51.5s
22.2% inactive integer columns, restarting
Model after restart has 30658 rows, 39321 cols (7 bin., 0 int., 0 impl., 39314 cont., 0 dom.fix.), and 122456 nonzeros
         0       0         0   0.00%   -94490818.9325  -94490768.17358    0.00%        8      0      0     35287    53.6s
         0       0         0   0.00%   -94490818.9325  -94490768.17358    0.00%        8      8      0     35304    54.5s
         0       0         0   0.00%   -94490818.54006 -94490768.17358    0.00%      538     10      0     35306    63.7s
         1       0         1 100.00%   -94490768.17909 -94490768.17358    0.00%      791     14      0     35313    67.8s
Solving report
  Status            Optimal
  Primal bound      -94490768.1736
  Dual bound        -94490768.1791
  Gap               0% (tolerance: 0%)
  P-D integral      1.62335004968e-05
  Solution status   feasible
                    -94490768.1736 (objective)
                    0 (bound viol.)
                    3.77475828373e-15 (int. viol.)
                    0 (row viol.)
  Timing            67.84
  Max sub-MIP depth 0
  Nodes             1
  Repair LPs        0
  LP iterations     35313
                    0 (strong br.)
                    2147 (separation)
                    4148 (heuristics)
 67.949384 seconds (128 allocations: 5.312 KiB)
Optimal solution found, objective function value: -9.449076817358427e7
Saving model results...  1.109438 seconds (4.27 M allocations: 149.138 MiB)
Postprocessing model results...  0.000184 seconds (48 allocations: 3.312 KiB)
Saving model outputs...  1.537523 seconds (2.76 M allocations: 170.350 MiB, 35.89% gc time)
Rolling model temporal structure...  1.785459 seconds (4.74 M allocations: 102.043 MiB)
Fixing model history...  0.111708 seconds (413.88 k allocations: 20.191 MiB)
Applying model non-anticipativity constraints...  0.000370 seconds (603 allocations: 32.203 KiB)
model - window 3 of 12: 2019-03-02T20:00~(4 weeks, 2 days, 10 hours)~>2019-04-02T06:00
Optimizing model...MIP has 119868 rows; 139893 cols; 310029 nonzeros; 2287 integer variables (0 binary)
Coefficient ranges:
  Matrix  [6e-03, 1e+05]
  Cost    [1e-03, 2e+09]
  Bound   [2e-16, 2e+04]
  RHS     [1e+00, 2e+03]
WARNING: Problem has some excessively large costs
WARNING: Problem has some excessively small column bounds
WARNING:    Consider scaling the objective by 1e-4, or setting the user_objective_scale option to -12
Presolving model
78876 rows, 70884 cols, 220839 nonzeros 0s
37631 rows, 53467 cols, 181241 nonzeros 0s
36028 rows, 48604 cols, 176204 nonzeros 2s
Presolve reductions: rows 36028(-83840); columns 48604(-91289); nonzeros 176204(-133825)
Solving MIP model with:
   36028 rows
   48604 cols (1670 binary, 0 integer, 0 implied int., 46934 continuous, 0 domain fixed)
   176204 nonzeros
Src: B => Branching; C => Central rounding; F => Feasibility pump; H => Heuristic;
     I => Shifting; J => Feasibility jump; L => Sub-MIP; P => Empty MIP; R => Randomized rounding;
     S => Solve LP; T => Evaluate node; U => Unbounded; X => User solution; Y => HiGHS solution;
     Z => ZI Round; l => Trivial lower; p => Trivial point; u => Trivial upper; z => Trivial zero
        Nodes      |    B&B Tree     |            Objective Bounds              |  Dynamic Constraints |       Work
Src  Proc. InQueue |  Leaves   Expl. | BestBound       BestSol              Gap |   Cuts   InLp Confl. | LpIters     Time
         0       0         0   0.00%   -383169972.7575 inf                  inf        0      0      0         0     4.8s
         0       0         0   0.00%   -103318656.9792 inf                  inf        0      0      3     29851    25.2s
         0       0         0   0.00%   -103317651.1327 inf                  inf     7363    215      6     31089    31.5s
 R       0       0         0   0.00%   -103314474.8298 -103314474.8298    0.00%    10132    403      6     31679    38.1s
         1       0         1 100.00%   -103314474.8298 -103314474.8298    0.00%    10132    403      6     31679    38.2s
Solving report
  Status            Optimal
  Primal bound      -103314474.83
  Dual bound        -103314474.83
  Gap               0% (tolerance: 0%)
  P-D integral      0
  Solution status   feasible
                    -103314474.83 (objective)
                    0 (bound viol.)
                    1.55431223448e-15 (int. viol.)
                    0 (row viol.)
  Timing            38.19
  Max sub-MIP depth 0
  Nodes             1
  Repair LPs        0
  LP iterations     31679
                    0 (strong br.)
                    1828 (separation)
                    0 (heuristics)
 38.278934 seconds (37 allocations: 1.453 KiB)
Optimal solution found, objective function value: -1.03314474829829e8
Saving model results...  0.990240 seconds (4.27 M allocations: 149.138 MiB)
Postprocessing model results...  0.000407 seconds (48 allocations: 3.312 KiB)
Saving model outputs...  0.990193 seconds (2.76 M allocations: 170.350 MiB)
Rolling model temporal structure...  2.065612 seconds (4.74 M allocations: 102.043 MiB, 17.53% gc time)
Fixing model history...  0.112755 seconds (413.88 k allocations: 20.191 MiB)
Applying model non-anticipativity constraints...  0.000266 seconds (603 allocations: 32.203 KiB)
model - window 4 of 12: 2019-04-02T06:00~(4 weeks, 2 days, 10 hours)~>2019-05-02T16:00
Optimizing model...MIP has 119868 rows; 139893 cols; 310112 nonzeros; 2287 integer variables (0 binary)
Coefficient ranges:
  Matrix  [6e-03, 1e+05]
  Cost    [1e-03, 2e+09]
  Bound   [2e-16, 2e+04]
  RHS     [1e+00, 2e+03]
WARNING: Problem has some excessively large costs
WARNING: Problem has some excessively small column bounds
WARNING:    Consider scaling the objective by 1e-4, or setting the user_objective_scale option to -12
Presolving model
79042 rows, 71050 cols, 221171 nonzeros 0s
37623 rows, 53544 cols, 181250 nonzeros 0s
36170 rows, 49167 cols, 176813 nonzeros 2s
Presolve reductions: rows 36170(-83698); columns 49167(-90726); nonzeros 176813(-133299)
Solving MIP model with:
   36170 rows
   49167 cols (1667 binary, 0 integer, 0 implied int., 47500 continuous, 0 domain fixed)
   176813 nonzeros
Src: B => Branching; C => Central rounding; F => Feasibility pump; H => Heuristic;
     I => Shifting; J => Feasibility jump; L => Sub-MIP; P => Empty MIP; R => Randomized rounding;
     S => Solve LP; T => Evaluate node; U => Unbounded; X => User solution; Y => HiGHS solution;
     Z => ZI Round; l => Trivial lower; p => Trivial point; u => Trivial upper; z => Trivial zero
        Nodes      |    B&B Tree     |            Objective Bounds              |  Dynamic Constraints |       Work
Src  Proc. InQueue |  Leaves   Expl. | BestBound       BestSol              Gap |   Cuts   InLp Confl. | LpIters     Time
         0       0         0   0.00%   -382599365.1952 inf                  inf        0      0      0         0     4.6s
         0       0         0   0.00%   -46733259.03918 inf                  inf        0      0      3     30341    23.6s
         0       0         0   0.00%   -46732372.68801 inf                  inf     7066    238      6     31506    29.3s
 R       0       0         0   0.00%   -46728712.08992 -46728659.99269    0.00%    10244    452      6     32432    36.5s
         1       0         1 100.00%   -46728659.99269 -46728659.99269    0.00%     9472    475     21     51752    82.4s
Solving report
  Status            Optimal
  Primal bound      -46728659.9927
  Dual bound        -46728659.9927
  Gap               0% (tolerance: 0%)
  P-D integral      5.11785298857e-05
  Solution status   feasible
                    -46728659.9927 (objective)
                    0 (bound viol.)
                    3.33066907388e-16 (int. viol.)
                    0 (row viol.)
  Timing            82.37
  Max sub-MIP depth 0
  Nodes             1
  Repair LPs        0
  LP iterations     51752
                    0 (strong br.)
                    2136 (separation)
                    19275 (heuristics)
 82.443797 seconds (86 allocations: 3.531 KiB)
Optimal solution found, objective function value: -4.6728659992689595e7
Saving model results...  1.021400 seconds (4.27 M allocations: 149.138 MiB)
Postprocessing model results...  0.000043 seconds (48 allocations: 3.312 KiB)
Saving model outputs...  0.874640 seconds (2.76 M allocations: 170.350 MiB)
Rolling model temporal structure...  1.636699 seconds (4.74 M allocations: 102.043 MiB)
Fixing model history...  0.107978 seconds (413.88 k allocations: 20.191 MiB)
Applying model non-anticipativity constraints...  0.000197 seconds (603 allocations: 32.203 KiB)
model - window 5 of 12: 2019-05-02T16:00~(4 weeks, 2 days, 10 hours)~>2019-06-02T02:00
Optimal solution found, objective function value: -5.1651253194452144e7
Optimizing model...MIP has 119868 rows; 139893 cols; 310164 nonzeros; 2287 integer variables (0 binary)
Coefficient ranges:
  Matrix  [6e-03, 1e+05]
  Cost    [1e-03, 2e+09]
  Bound   [2e-15, 2e+04]
  RHS     [1e+00, 2e+03]
WARNING: Problem has some excessively large costs
WARNING: Problem has some excessively small column bounds
WARNING:    Consider scaling the objective by 1e-4, or setting the user_objective_scale option to -12
Presolving model
79146 rows, 71154 cols, 221379 nonzeros 0s
37623 rows, 53596 cols, 181302 nonzeros 0s
36214 rows, 49347 cols, 177066 nonzeros 2s
Presolve reductions: rows 36214(-83654); columns 49347(-90546); nonzeros 177066(-133098)
Solving MIP model with:
   36214 rows
   49347 cols (1668 binary, 0 integer, 0 implied int., 47679 continuous, 0 domain fixed)
   177066 nonzeros
Src: B => Branching; C => Central rounding; F => Feasibility pump; H => Heuristic;
     I => Shifting; J => Feasibility jump; L => Sub-MIP; P => Empty MIP; R => Randomized rounding;
     S => Solve LP; T => Evaluate node; U => Unbounded; X => User solution; Y => HiGHS solution;
     Z => ZI Round; l => Trivial lower; p => Trivial point; u => Trivial upper; z => Trivial zero
        Nodes      |    B&B Tree     |            Objective Bounds              |  Dynamic Constraints |       Work
Src  Proc. InQueue |  Leaves   Expl. | BestBound       BestSol              Gap |   Cuts   InLp Confl. | LpIters     Time
         0       0         0   0.00%   -375277740.9414 inf                  inf        0      0      0         0     4.4s
         0       0         0   0.00%   -51656158.85183 inf                  inf        0      0      3     29950    25.0s
         0       0         0   0.00%   -51655455.92549 inf                  inf     7249    240      5     31217    30.5s
 R       0       0         0   0.00%   -51651906.10644 -51651253.19445    0.00%    11317    461      5     32005    36.8s
 L       0       0         0   0.00%   -51651906.10644 -51651253.19445    0.00%    11317    461      5     32005    71.4s
 L       0       0         0   0.00%   -51651906.10644 -51651253.19445    0.00%    11317    461      5     36416    85.4s
14.4% inactive integer columns, restarting
Model after restart has 33926 rows, 40380 cols (1400 bin., 0 int., 0 impl., 38980 cont., 0 dom.fix.), and 158935 nonzeros
         0       0         0   0.00%   -51651906.10644 -51651253.19445    0.00%      367      0      0     39330    89.0s
         0       0         0   0.00%   -51651906.10644 -51651253.19445    0.00%      367    255      0     42606    99.5s
         0       0         0   0.00%   -51651253.20369 -51651253.19445    0.00%     4523    295      6     58396   149.7s
100.0% inactive integer columns, restarting
Model after restart has 31261 rows, 38971 cols (0 bin., 0 int., 0 impl., 38971 cont., 0 dom.fix.), and 123255 nonzeros
         0       0         0   0.00%   -51651253.20369 -51651253.19445    0.00%        2      0      0     58396   150.0s
         0       0         0   0.00%   -51651253.20369 -51651253.19445    0.00%        2      0      0     58628   150.4s
         1       0         1 100.00%   -51651253.19445 -51651253.19445    0.00%        2      0      0     58628   150.5s
Solving report
  Status            Optimal
  Primal bound      -51651253.1945
  Dual bound        -51651253.1945
  Gap               0% (tolerance: 0%)
  P-D integral      0.000870980720062
  Solution status   feasible
                    -51651253.1945 (objective)
                    0 (bound viol.)
                    2.76177024375e-11 (int. viol.)
                    0 (row viol.)
  Timing            150.47
  Max sub-MIP depth 1
  Nodes             1
  Repair LPs        0
  LP iterations     58628
                    0 (strong br.)
                    2173 (separation)
                    22997 (heuristics)
150.540742 seconds (170 allocations: 7.094 KiB)
Saving model results...  1.591242 seconds (4.27 M allocations: 149.139 MiB, 30.00% gc time)
Postprocessing model results...  0.000095 seconds (48 allocations: 3.312 KiB)
Saving model outputs...  0.958237 seconds (2.76 M allocations: 170.350 MiB)
Rolling model temporal structure...  1.682195 seconds (4.74 M allocations: 102.043 MiB)
Fixing model history...  0.104195 seconds (413.88 k allocations: 20.191 MiB)
Applying model non-anticipativity constraints...  0.000214 seconds (603 allocations: 32.203 KiB)
model - window 6 of 12: 2019-06-02T02:00~(4 weeks, 2 days, 10 hours)~>2019-07-02T12:00
Optimizing model...MIP has 119868 rows; 139893 cols; 310176 nonzeros; 2287 integer variables (0 binary)
Coefficient ranges:
  Matrix  [6e-03, 1e+05]
  Cost    [1e-03, 2e+09]
  Bound   [1e-16, 2e+04]
  RHS     [1e+00, 2e+03]
WARNING: Problem has some excessively large costs
WARNING: Problem has some excessively small column bounds
WARNING:    Consider scaling the objective by 1e-4, or setting the user_objective_scale option to -12
Presolving model
79170 rows, 71178 cols, 221427 nonzeros 0s
37623 rows, 53608 cols, 181314 nonzeros 0s
36222 rows, 49422 cols, 177103 nonzeros 2s
Presolve reductions: rows 36222(-83646); columns 49422(-90471); nonzeros 177103(-133073)
Solving MIP model with:
   36222 rows
   49422 cols (1667 binary, 0 integer, 0 implied int., 47755 continuous, 0 domain fixed)
   177103 nonzeros
Src: B => Branching; C => Central rounding; F => Feasibility pump; H => Heuristic;
     I => Shifting; J => Feasibility jump; L => Sub-MIP; P => Empty MIP; R => Randomized rounding;
     S => Solve LP; T => Evaluate node; U => Unbounded; X => User solution; Y => HiGHS solution;
     Z => ZI Round; l => Trivial lower; p => Trivial point; u => Trivial upper; z => Trivial zero
        Nodes      |    B&B Tree     |            Objective Bounds              |  Dynamic Constraints |       Work
Src  Proc. InQueue |  Leaves   Expl. | BestBound       BestSol              Gap |   Cuts   InLp Confl. | LpIters     Time
         0       0         0   0.00%   -391759410.6671 inf                  inf        0      0      0         0     4.8s
         0       0         0   0.00%   -47000859.62476 inf                  inf        0      0      3     29712    25.9s
         0       0         0   0.00%   -47000176.39553 inf                  inf     7718    253      5     31207    33.0s
         0       0         0   0.00%   -46996554.61385 inf                  inf    11105    488      8     32179    39.5s
 R       0       0         0   0.00%   -46996437.38804 -46996365.84558    0.00%     3852    508      8     32521    46.1s
         0       0         0   0.00%   -46996437.38804 -46996365.84558    0.00%     3852    401      8     47348   292.1s
80.4% inactive integer columns, restarting
Model after restart has 32282 rows, 39060 cols (141 bin., 0 int., 0 impl., 38919 cont., 0 dom.fix.), and 126672 nonzeros
         0       0         0   0.00%   -46996437.38804 -46996365.84558    0.00%      268      0      0     47348   293.4s
18.4% inactive integer columns, restarting
Model after restart has 32230 rows, 39022 cols (106 bin., 0 int., 0 impl., 38916 cont., 0 dom.fix.), and 126309 nonzeros
         0       0         0   0.00%   -46996437.3597  -46996365.84558    0.00%      254      0      0     50614   307.7s
12.3% inactive integer columns, restarting
Model after restart has 32195 rows, 39003 cols (87 bin., 0 int., 0 impl., 38916 cont., 0 dom.fix.), and 126162 nonzeros
         0       0         0   0.00%   -46996437.3597  -46996365.84558    0.00%      250      0      0     51121   310.2s
         0       0         0   0.00%   -46996437.3597  -46996365.84558    0.00%      250    250      0     51516   311.7s
         0       0         0   0.00%   -46996432.70315 -46996365.84558    0.00%      753    254      0     51521   321.1s
10.3% inactive integer columns, restarting
Model after restart has 32183 rows, 38993 cols (77 bin., 0 int., 0 impl., 38916 cont., 0 dom.fix.), and 126088 nonzeros
         0       0         0   0.00%   -46996431.59919 -46996365.84558    0.00%      252      0      0     51522   326.4s
         0       0         0   0.00%   -46996431.59919 -46996365.84558    0.00%      252    251      0     51880   329.4s
         0       0         0   0.00%   -46996429.39127 -46996365.84558    0.00%      741    253      0     51885   339.0s
         0       0         0   0.00%   -46996427.23137 -46996365.84558    0.00%     1145    255      0     51888   348.5s
         0       0         0   0.00%   -46996426.07939 -46996365.84558    0.00%     1432    257      0     51890   358.1s
10.4% inactive integer columns, restarting
Model after restart has 32171 rows, 38983 cols (67 bin., 0 int., 0 impl., 38916 cont., 0 dom.fix.), and 126033 nonzeros
         0       0         0   0.00%   -46996424.97543 -46996365.84558    0.00%      258      0      0     51891   363.8s
         0       0         0   0.00%   -46996424.97543 -46996365.84558    0.00%      258    256      0     52289   375.1s
         0       0         0   0.00%   -46996422.76751 -46996365.84558    0.00%      706    258      0     52291   384.5s
44.8% inactive integer columns, restarting
Model after restart has 32004 rows, 38945 cols (29 bin., 0 int., 0 impl., 38916 cont., 0 dom.fix.), and 125470 nonzeros
         0       0         0   0.00%   -46996390.04352 -46996365.84558    0.00%      224      0      0     52292   390.0s
        Nodes      |    B&B Tree     |            Objective Bounds              |  Dynamic Constraints |       Work
Src  Proc. InQueue |  Leaves   Expl. | BestBound       BestSol              Gap |   Cuts   InLp Confl. | LpIters     Time
         0       0         0   0.00%   -46996390.04352 -46996365.84558    0.00%      224    224      0     52933   396.6s
13.8% inactive integer columns, restarting
Model after restart has 31902 rows, 38940 cols (24 bin., 0 int., 0 impl., 38916 cont., 0 dom.fix.), and 125159 nonzeros
         0       0         0   0.00%   -46996383.80123 -46996365.84558    0.00%      206      0      0     52935   402.3s
         0       0         0   0.00%   -46996383.80123 -46996365.84558    0.00%      206    205      0     53236   415.2s
16.7% inactive integer columns, restarting
Model after restart has 31821 rows, 38929 cols (18 bin., 0 int., 0 impl., 38911 cont., 0 dom.fix.), and 124915 nonzeros
         0       0         0   0.00%   -46996376.6133  -46996365.84558    0.00%      176      0      0     53237   420.7s
         0       0         0   0.00%   -46996376.6133  -46996365.84558    0.00%      176    174      0     53501   422.6s
         0       0         0   0.00%   -46996373.33528 -46996365.84558    0.00%      178    175      0     53503   427.6s
27.8% inactive integer columns, restarting
Model after restart has 31711 rows, 38922 cols (11 bin., 0 int., 0 impl., 38911 cont., 0 dom.fix.), and 124586 nonzeros
         0       0         0   0.00%   -46996373.33528 -46996365.84558    0.00%      139      0      0     53503   428.4s
         0       0         0   0.00%   -46996373.33528 -46996365.84558    0.00%      139    139      0     53708   429.9s
         1       0         1 100.00%   -46996365.84558 -46996365.84558    0.00%      139    139      5     54023   435.3s
         1       0         1 100.00%   -46996365.84558 -46996365.84558    0.00%      139    139      5     54023   435.3s
Solving report
  Status            Optimal
  Primal bound      -46996365.8456
  Dual bound        -46996365.8456
  Gap               0% (tolerance: 0%)
  P-D integral      0.000523946580038
  Solution status   feasible
                    -46996365.8456 (objective)
                    0 (bound viol.)
                    1.33226762955e-15 (int. viol.)
                    0 (row viol.)
  Timing            435.33
  Max sub-MIP depth 3
  Nodes             1
  Repair LPs        0
  LP iterations     54023
                    310 (strong br.)
                    2834 (separation)
                    14825 (heuristics)
435.426133 seconds (408 allocations: 17.188 KiB)
Optimal solution found, objective function value: -4.699636584558413e7
Saving model results...  1.301599 seconds (4.27 M allocations: 149.138 MiB)
Postprocessing model results...  0.000135 seconds (48 allocations: 3.312 KiB)
Saving model outputs...  1.556399 seconds (2.76 M allocations: 170.350 MiB, 30.99% gc time)
Rolling model temporal structure...  1.855098 seconds (4.74 M allocations: 102.043 MiB)
Fixing model history...  0.119716 seconds (413.88 k allocations: 20.191 MiB)
Applying model non-anticipativity constraints...  0.000429 seconds (603 allocations: 32.203 KiB)
model - window 7 of 12: 2019-07-02T12:00~(4 weeks, 2 days, 10 hours)~>2019-08-01T22:00
Optimizing model...MIP has 119868 rows; 139893 cols; 310173 nonzeros; 2287 integer variables (0 binary)
Coefficient ranges:
  Matrix  [6e-03, 1e+05]
  Cost    [1e-03, 2e+09]
  Bound   [1e-16, 2e+04]
  RHS     [1e+00, 2e+03]
WARNING: Problem has some excessively large costs
WARNING: Problem has some excessively small column bounds
WARNING:    Consider scaling the objective by 1e-4, or setting the user_objective_scale option to -12
Presolving model
79164 rows, 71172 cols, 221415 nonzeros 0s
37623 rows, 53605 cols, 181311 nonzeros 1s
36236 rows, 49445 cols, 177186 nonzeros 2s
Presolve reductions: rows 36236(-83632); columns 49445(-90448); nonzeros 177186(-132987)
Solving MIP model with:
   36236 rows
   49445 cols (1668 binary, 0 integer, 0 implied int., 47777 continuous, 0 domain fixed)
   177186 nonzeros
Src: B => Branching; C => Central rounding; F => Feasibility pump; H => Heuristic;
     I => Shifting; J => Feasibility jump; L => Sub-MIP; P => Empty MIP; R => Randomized rounding;
     S => Solve LP; T => Evaluate node; U => Unbounded; X => User solution; Y => HiGHS solution;
     Z => ZI Round; l => Trivial lower; p => Trivial point; u => Trivial upper; z => Trivial zero
        Nodes      |    B&B Tree     |            Objective Bounds              |  Dynamic Constraints |       Work
Src  Proc. InQueue |  Leaves   Expl. | BestBound       BestSol              Gap |   Cuts   InLp Confl. | LpIters     Time
         0       0         0   0.00%   -411090581.1669 inf                  inf        0      0      0         0     5.8s
         0       0         0   0.00%   -42690014.9824  inf                  inf        0      0      3     31651    50.7s
         0       0         0   0.00%   -42689295.89094 inf                  inf     7505    264      6     31976    56.6s
 R       0       0         0   0.00%   -42684632.51986 -42683298.29503    0.00%    10920    518      6     32622    63.9s
         0       0         0   0.00%   -42684542.97083 -42683298.29503    0.00%     2314    525      6     32634    69.4s
         0       0         0   0.00%   -42684525.24556 -42683298.29503    0.00%     2353    597      6     32671    76.0s
 C       0       0         0   0.00%   -42684525.24556 -42684525.14468    0.00%     2353    597      6     32671    76.8s
         1       0         1 100.00%   -42684525.14468 -42684525.14468    0.00%     2354    599      6     32672    82.4s
Solving report
  Status            Optimal
  Primal bound      -42684525.1447
  Dual bound        -42684525.1447
  Gap               0% (tolerance: 0%)
  P-D integral      0.00039135210731
  Solution status   feasible
                    -42684525.1447 (objective)
                    0 (bound viol.)
                    5.82645043323e-15 (int. viol.)
                    0 (row viol.)
  Timing            82.39
  Max sub-MIP depth 0
  Nodes             1
  Repair LPs        0
  LP iterations     32672
                    0 (strong br.)
                    1021 (separation)
                    0 (heuristics)
 82.507609 seconds (72 allocations: 2.938 KiB)
Optimal solution found, objective function value: -4.268452514468274e7
Saving model results...  1.215375 seconds (4.27 M allocations: 149.139 MiB)
Postprocessing model results...  0.000113 seconds (48 allocations: 3.312 KiB)
Saving model outputs...  0.968141 seconds (2.76 M allocations: 170.351 MiB)
Rolling model temporal structure...  1.928557 seconds (4.74 M allocations: 102.043 MiB)
Fixing model history...  0.113814 seconds (413.88 k allocations: 20.191 MiB)
Applying model non-anticipativity constraints...  0.000276 seconds (603 allocations: 32.203 KiB)
model - window 8 of 12: 2019-08-01T22:00~(4 weeks, 2 days, 10 hours)~>2019-09-01T08:00
Optimizing model...MIP has 119868 rows; 139893 cols; 310126 nonzeros; 2287 integer variables (0 binary)
Coefficient ranges:
  Matrix  [6e-03, 1e+05]
  Cost    [1e-03, 2e+09]
  Bound   [1e-16, 2e+04]
  RHS     [1e+00, 2e+03]
WARNING: Problem has some excessively large costs
WARNING: Problem has some excessively small column bounds
WARNING:    Consider scaling the objective by 1e-4, or setting the user_objective_scale option to -12
Presolving model
79070 rows, 71078 cols, 221227 nonzeros 0s
37639 rows, 53570 cols, 181412 nonzeros 0s
36205 rows, 49256 cols, 177096 nonzeros 2s
Presolve reductions: rows 36205(-83663); columns 49256(-90637); nonzeros 177096(-133030)
Solving MIP model with:
   36205 rows
   49256 cols (1672 binary, 0 integer, 0 implied int., 47584 continuous, 0 domain fixed)
   177096 nonzeros
Src: B => Branching; C => Central rounding; F => Feasibility pump; H => Heuristic;
     I => Shifting; J => Feasibility jump; L => Sub-MIP; P => Empty MIP; R => Randomized rounding;
     S => Solve LP; T => Evaluate node; U => Unbounded; X => User solution; Y => HiGHS solution;
     Z => ZI Round; l => Trivial lower; p => Trivial point; u => Trivial upper; z => Trivial zero
        Nodes      |    B&B Tree     |            Objective Bounds              |  Dynamic Constraints |       Work
Src  Proc. InQueue |  Leaves   Expl. | BestBound       BestSol              Gap |   Cuts   InLp Confl. | LpIters     Time
         0       0         0   0.00%   -399659476.3329 inf                  inf        0      0      0         0     5.1s
         0       0         0   0.00%   -37218835.62078 inf                  inf        0      0      2     29424    24.4s
         0       0         0   0.00%   -37216952.45541 inf                  inf     7950    240      5     30599    29.8s
 R       0       0         0   0.00%   -37214521.40294 -37214356.38323    0.00%    10786    416      5     31262    35.1s
 L       0       0         0   0.00%   -37214521.40294 -37214356.38323    0.00%    10786    416      5     31262    64.3s
         0       0         0   0.00%   -37214521.40294 -37214356.38323    0.00%    10786    306      5     32368    83.2s
89.7% inactive integer columns, restarting
Model after restart has 31633 rows, 38808 cols (53 bin., 0 int., 0 impl., 38755 cont., 0 dom.fix.), and 124380 nonzeros
         0       0         0   0.00%   -37214521.40294 -37214356.38323    0.00%       89      0      0     32368    84.6s
         0       0         0   0.00%   -37214521.39119 -37214356.38323    0.00%       89     81      0     33270    86.6s
         0       0         0   0.00%   -37214439.85251 -37214356.38323    0.00%     2922     85      0     34185   135.9s
39.6% inactive integer columns, restarting
Model after restart has 31493 rows, 38780 cols (26 bin., 0 int., 0 impl., 38754 cont., 0 dom.fix.), and 123887 nonzeros
         0       0         0   0.00%   -37214439.85251 -37214356.38323    0.00%       70      0      0     34185   136.9s
         0       0         0   0.00%   -37214439.85251 -37214356.38323    0.00%       70     70      0     34417   138.6s
         0       0         0   0.00%   -37214434.23759 -37214356.38323    0.00%     1239     75      0     34424   146.7s
         0       0         0   0.00%   -37214398.09916 -37214356.38323    0.00%     2073     80      0     34432   154.6s
         0       0         0   0.00%   -37214398.09916 -37214356.38323    0.00%     2073     78      0     35249   192.9s
42.3% inactive integer columns, restarting
Model after restart has 31471 rows, 38769 cols (15 bin., 0 int., 0 impl., 38754 cont., 0 dom.fix.), and 123789 nonzeros
         0       0         0   0.00%   -37214398.09916 -37214356.38323    0.00%       69      0      0     35249   193.6s
         0       0         0   0.00%   -37214398.09916 -37214356.38323    0.00%       69     69      0     35391   195.0s
         0       0         0   0.00%   -37214397.51261 -37214356.38323    0.00%       71     70      0     35392   202.6s
         0       0         0   0.00%   -37214397.51261 -37214356.38323    0.00%       71     70      0     36195   240.8s
6.7% inactive integer columns, restarting
Model after restart has 31470 rows, 38768 cols (14 bin., 0 int., 0 impl., 38754 cont., 0 dom.fix.), and 123779 nonzeros
         0       0         0   0.00%   -37214397.51261 -37214356.38323    0.00%       70      0      0     36195   241.5s
         0       0         0   0.00%   -37214397.51261 -37214356.38323    0.00%       70     70      0     36279   242.6s
        Nodes      |    B&B Tree     |            Objective Bounds              |  Dynamic Constraints |       Work
Src  Proc. InQueue |  Leaves   Expl. | BestBound       BestSol              Gap |   Cuts   InLp Confl. | LpIters     Time
         0       0         0   0.00%   -37214397.51261 -37214356.38323    0.00%       70     70      0     36983   282.9s
         1       0         1 100.00%   -37214356.38323 -37214356.38323    0.00%       70     70      7     37235   296.0s
         1       0         1 100.00%   -37214356.38323 -37214356.38323    0.00%       70     70      7     37235   296.0s
Solving report
  Status            Optimal
  Primal bound      -37214356.3832
  Dual bound        -37214356.3832
  Gap               0% (tolerance: 0%)
  P-D integral      0.000545210417717
  Solution status   feasible
                    -37214356.3832 (objective)
                    0 (bound viol.)
                    0 (int. viol.)
                    0 (row viol.)
  Timing            296.04
  Max sub-MIP depth 2
  Nodes             1
  Repair LPs        0
  LP iterations     37235
                    115 (strong br.)
                    1862 (separation)
                    4471 (heuristics)
296.127808 seconds (331 allocations: 13.922 KiB)
Optimal solution found, objective function value: -3.721435638323336e7
Saving model results...  1.832358 seconds (4.27 M allocations: 149.139 MiB, 30.90% gc time)
Postprocessing model results...  0.000149 seconds (48 allocations: 3.312 KiB)
Saving model outputs...  0.991696 seconds (2.76 M allocations: 170.350 MiB)
Rolling model temporal structure...  1.818244 seconds (4.74 M allocations: 102.043 MiB)
Fixing model history...  0.126809 seconds (413.88 k allocations: 20.191 MiB)
Applying model non-anticipativity constraints...  0.000373 seconds (603 allocations: 32.203 KiB)
model - window 9 of 12: 2019-09-01T08:00~(4 weeks, 2 days, 10 hours)~>2019-10-01T18:00
Optimizing model...MIP has 119868 rows; 139893 cols; 310068 nonzeros; 2287 integer variables (0 binary)
Coefficient ranges:
  Matrix  [6e-03, 1e+05]
  Cost    [1e-03, 2e+09]
  Bound   [2e-02, 2e+04]
  RHS     [1e+00, 2e+03]
WARNING: Problem has some excessively large costs
WARNING:    Consider scaling the objective by 1e-4, or setting the user_objective_scale option to -12
Presolving model
78954 rows, 70962 cols, 220995 nonzeros 0s
37623 rows, 53500 cols, 181206 nonzeros 0s
36097 rows, 48833 cols, 176435 nonzeros 2s
Presolve reductions: rows 36097(-83771); columns 48833(-91060); nonzeros 176435(-133633)
Solving MIP model with:
   36097 rows
   48833 cols (1668 binary, 0 integer, 0 implied int., 47165 continuous, 0 domain fixed)
   176435 nonzeros
Src: B => Branching; C => Central rounding; F => Feasibility pump; H => Heuristic;
     I => Shifting; J => Feasibility jump; L => Sub-MIP; P => Empty MIP; R => Randomized rounding;
     S => Solve LP; T => Evaluate node; U => Unbounded; X => User solution; Y => HiGHS solution;
     Z => ZI Round; l => Trivial lower; p => Trivial point; u => Trivial upper; z => Trivial zero
        Nodes      |    B&B Tree     |            Objective Bounds              |  Dynamic Constraints |       Work
Src  Proc. InQueue |  Leaves   Expl. | BestBound       BestSol              Gap |   Cuts   InLp Confl. | LpIters     Time
         0       0         0   0.00%   -371351514.597  inf                  inf        0      0      0         0     5.2s
         0       0         0   0.00%   -76271173.34446 inf                  inf        0      0      3     30265    24.9s
 R       0       0         0   0.00%   -76269650.84108 -73897199.93479    3.21%     6634    214      3     31409    41.5s
         0       0         0   0.00%   -76267275.24299 -73897199.93479    3.21%    16133    382      3     31946    47.0s
 C       0       0         0   0.00%   -76267001.18171 -76266951.02171    0.00%     6556    473      3     32039    57.1s
 T       0       0         0   0.00%   -76267001.18171 -76267001.18171    0.00%     6556    473      3     32039    57.1s
         1       0         1 100.00%   -76267001.18171 -76267001.18171    0.00%     6556    473      3     32039    57.2s
Solving report
  Status            Optimal
  Primal bound      -76267001.1817
  Dual bound        -76267001.1817
  Gap               0% (tolerance: 0%)
  P-D integral      0.501064112217
  Solution status   feasible
                    -76267001.1817 (objective)
                    0 (bound viol.)
                    1.3808842958e-11 (int. viol.)
                    0 (row viol.)
  Timing            57.15
  Max sub-MIP depth 0
  Nodes             1
  Repair LPs        0
  LP iterations     32039
                    0 (strong br.)
                    1774 (separation)
                    0 (heuristics)
 57.244630 seconds (65 allocations: 2.641 KiB)
Optimal solution found, objective function value: -7.626700118170649e7
Saving model results...  1.131130 seconds (4.27 M allocations: 149.139 MiB)
Postprocessing model results...  0.000065 seconds (48 allocations: 3.312 KiB)
Saving model outputs...  1.477864 seconds (2.76 M allocations: 170.351 MiB, 29.17% gc time)
Rolling model temporal structure...  1.838391 seconds (4.74 M allocations: 102.043 MiB)
model - window 10 of 12: 2019-10-01T18:00~(4 weeks, 2 days, 10 hours)~>2019-11-01T04:00
Fixing model history...  0.112673 seconds (413.88 k allocations: 20.191 MiB)
Applying model non-anticipativity constraints...  0.000252 seconds (603 allocations: 32.203 KiB)
Optimizing model...MIP has 119868 rows; 139893 cols; 310000 nonzeros; 2287 integer variables (0 binary)
Coefficient ranges:
  Matrix  [6e-03, 1e+05]
  Cost    [1e-03, 2e+09]
  Bound   [1e-03, 2e+04]
  RHS     [1e+00, 2e+03]
WARNING: Problem has some excessively large costs
WARNING:    Consider scaling the objective by 1e-4, or setting the user_objective_scale option to -12
Presolving model
78818 rows, 70826 cols, 220723 nonzeros 0s
37623 rows, 53432 cols, 181138 nonzeros 0s
36054 rows, 48584 cols, 176143 nonzeros 2s
Presolve reductions: rows 36054(-83814); columns 48584(-91309); nonzeros 176143(-133857)
Solving MIP model with:
   36054 rows
   48584 cols (1668 binary, 0 integer, 0 implied int., 46916 continuous, 0 domain fixed)
   176143 nonzeros
Src: B => Branching; C => Central rounding; F => Feasibility pump; H => Heuristic;
     I => Shifting; J => Feasibility jump; L => Sub-MIP; P => Empty MIP; R => Randomized rounding;
     S => Solve LP; T => Evaluate node; U => Unbounded; X => User solution; Y => HiGHS solution;
     Z => ZI Round; l => Trivial lower; p => Trivial point; u => Trivial upper; z => Trivial zero
        Nodes      |    B&B Tree     |            Objective Bounds              |  Dynamic Constraints |       Work
Src  Proc. InQueue |  Leaves   Expl. | BestBound       BestSol              Gap |   Cuts   InLp Confl. | LpIters     Time
         0       0         0   0.00%   -381108819.4478 inf                  inf        0      0      0         0     5.0s
         0       0         0   0.00%   -64161786.48562 inf                  inf        0      0      2     30459    27.5s
         0       0         0   0.00%   -64161322.53542 inf                  inf     7544    196      5     31452    33.6s
 R       0       0         0   0.00%   -64157006.20266 -64156779.16923    0.00%    12317    410      5     32132    39.9s
         0       0         0   0.00%   -64157006.20266 -64156779.16923    0.00%    12317    326      5     33957    80.2s
94.9% inactive integer columns, restarting
Model after restart has 31478 rows, 39176 cols (37 bin., 0 int., 0 impl., 39139 cont., 0 dom.fix.), and 124175 nonzeros
         0       0         0   0.00%   -64157006.20266 -64156779.16923    0.00%       33      0      0     33957    81.5s
32.4% inactive integer columns, restarting
Model after restart has 31454 rows, 39156 cols (19 bin., 0 int., 0 impl., 39137 cont., 0 dom.fix.), and 123992 nonzeros
         0       0         0   0.00%   -64156996.23128 -64156779.16923    0.00%       30      0      0     34959    84.3s
         0       0         0   0.00%   -64156996.23128 -64156779.16923    0.00%       30     30      0     35015    85.7s
         0       0         0   0.00%   -64156967.83249 -64156779.16923    0.00%     4467     32      0     63981   164.6s
31.6% inactive integer columns, restarting
Model after restart has 31436 rows, 39149 cols (12 bin., 0 int., 0 impl., 39137 cont., 0 dom.fix.), and 123932 nonzeros
         0       0         0   0.00%   -64156967.83249 -64156779.16923    0.00%       30      0      0     63981   165.4s
         0       0         0   0.00%   -64156967.83249 -64156779.16923    0.00%       30     30      0     64053   166.8s
         0       0         0   0.00%   -64156932.12583 -64156779.16923    0.00%     8391     34      0     64058   176.3s
16.7% inactive integer columns, restarting
Model after restart has 31430 rows, 39146 cols (9 bin., 0 int., 0 impl., 39137 cont., 0 dom.fix.), and 123911 nonzeros
         0       0         0   0.00%   -64156932.12583 -64156779.16923    0.00%       31      0      0     64058   177.0s
         0       0         0   0.00%   -64156932.12583 -64156779.16923    0.00%       31     29      0     64087   178.0s
11.1% inactive integer columns, restarting
Model after restart has 31429 rows, 39145 cols (8 bin., 0 int., 0 impl., 39137 cont., 0 dom.fix.), and 123905 nonzeros
         0       0         0   0.00%   -64156926.05129 -64156779.16923    0.00%       28      0      0     64088   183.3s
         0       0         0   0.00%   -64156926.05129 -64156779.16923    0.00%       28     28      0     64116   184.3s
12.5% inactive integer columns, restarting
Model after restart has 31429 rows, 39144 cols (7 bin., 0 int., 0 impl., 39137 cont., 0 dom.fix.), and 123898 nonzeros
Optimal solution found, objective function value: -6.4156779169227034e7
         0       0         0   0.00%   -64156920.41506 -64156779.16923    0.00%       28      0      0     64117   189.7s
         0       0         0   0.00%   -64156920.41506 -64156779.16923    0.00%       28     27      0     64144   190.7s
         1       0         1 100.00%   -64156779.16923 -64156779.16923    0.00%     3984     29      0     64148   195.5s
Solving report
  Status            Optimal
  Primal bound      -64156779.1692
  Dual bound        -64156779.1692
  Gap               0% (tolerance: 0%)
  P-D integral      0.000472361651989
  Solution status   feasible
                    -64156779.1692 (objective)
                    0 (bound viol.)
                    8.52651282912e-16 (int. viol.)
                    0 (row viol.)
  Timing            195.47
  Max sub-MIP depth 2
  Nodes             1
  Repair LPs        0
  LP iterations     64148
                    0 (strong br.)
                    1688 (separation)
                    30787 (heuristics)
195.557229 seconds (233 allocations: 9.766 KiB)
Saving model results...  1.108379 seconds (4.27 M allocations: 149.138 MiB)
Postprocessing model results...  0.000067 seconds (48 allocations: 3.312 KiB)
Saving model outputs...  0.988008 seconds (2.76 M allocations: 170.350 MiB)
Rolling model temporal structure...  2.198478 seconds (4.74 M allocations: 102.043 MiB, 17.80% gc time)
Fixing model history...  0.132088 seconds (413.88 k allocations: 20.191 MiB)
Applying model non-anticipativity constraints...  0.000251 seconds (603 allocations: 32.203 KiB)
model - window 11 of 12: 2019-11-01T04:00~(4 weeks, 2 days, 10 hours)~>2019-12-01T14:00
Optimal solution found, objective function value: -7.691676781011248e7
Optimizing model...MIP has 119868 rows; 139893 cols; 309934 nonzeros; 2287 integer variables (0 binary)
Coefficient ranges:
  Matrix  [6e-03, 1e+05]
  Cost    [1e-03, 2e+09]
  Bound   [8e-18, 2e+04]
  RHS     [1e+00, 2e+03]
WARNING: Problem has some excessively large costs
WARNING: Problem has some excessively small column bounds
WARNING:    Consider scaling the objective by 1e-4, or setting the user_objective_scale option to -12
Presolving model
78686 rows, 70694 cols, 220459 nonzeros 0s
37623 rows, 53366 cols, 181072 nonzeros 0s
35990 rows, 48265 cols, 175760 nonzeros 2s
Presolve reductions: rows 35990(-83878); columns 48265(-91628); nonzeros 175760(-134174)
Solving MIP model with:
   35990 rows
   48265 cols (1668 binary, 0 integer, 0 implied int., 46597 continuous, 0 domain fixed)
   175760 nonzeros
Src: B => Branching; C => Central rounding; F => Feasibility pump; H => Heuristic;
     I => Shifting; J => Feasibility jump; L => Sub-MIP; P => Empty MIP; R => Randomized rounding;
     S => Solve LP; T => Evaluate node; U => Unbounded; X => User solution; Y => HiGHS solution;
     Z => ZI Round; l => Trivial lower; p => Trivial point; u => Trivial upper; z => Trivial zero
        Nodes      |    B&B Tree     |            Objective Bounds              |  Dynamic Constraints |       Work
Src  Proc. InQueue |  Leaves   Expl. | BestBound       BestSol              Gap |   Cuts   InLp Confl. | LpIters     Time
         0       0         0   0.00%   -420569260.5208 inf                  inf        0      0      0         0     5.0s
         0       0         0   0.00%   -76922473.08163 inf                  inf        0      0      3     30098    48.0s
         0       0         0   0.00%   -76921283.59637 inf                  inf     8324    235      5     30417    53.8s
 R       0       0         0   0.00%   -76916801.18179 -76916767.81011    0.00%    12384    446      5     30882    59.8s
         1       0         1 100.00%   -76916767.81011 -76916767.81011    0.00%    10949    446      6     30986    61.8s
Solving report
  Status            Optimal
  Primal bound      -76916767.8101
  Dual bound        -76916767.8101
  Gap               0% (tolerance: 0%)
  P-D integral      9.1842917179e-07
  Solution status   feasible
                    -76916767.8101 (objective)
                    0 (bound viol.)
                    1.7763568394e-15 (int. viol.)
                    0 (row viol.)
  Timing            61.85
  Max sub-MIP depth 0
  Nodes             1
  Repair LPs        0
  LP iterations     30986
                    0 (strong br.)
                    784 (separation)
                    104 (heuristics)
 61.951652 seconds (86 allocations: 3.531 KiB)
Saving model results...  1.093444 seconds (4.27 M allocations: 149.138 MiB)
Postprocessing model results...  0.000064 seconds (48 allocations: 3.312 KiB)
Saving model outputs...  0.936525 seconds (2.76 M allocations: 170.370 MiB)
Rolling model temporal structure...  1.789765 seconds (4.74 M allocations: 101.999 MiB)
Fixing model history...  0.129784 seconds (413.88 k allocations: 20.191 MiB)
Applying model non-anticipativity constraints...  0.000327 seconds (603 allocations: 32.203 KiB)
model - window 12 of 12: 2019-12-01T14:00~(4 weeks, 2 days, 10 hours)~>2020-01-01T00:00
Optimizing model...MIP has 119868 rows; 139893 cols; 309882 nonzeros; 2287 integer variables (0 binary)
Coefficient ranges:
  Matrix  [6e-03, 1e+05]
  Cost    [1e-03, 2e+09]
  Bound   [8e-18, 2e+04]
  RHS     [1e+00, 2e+03]
WARNING: Problem has some excessively large costs
WARNING: Problem has some excessively small column bounds
WARNING:    Consider scaling the objective by 1e-4, or setting the user_objective_scale option to -12
Presolving model
78582 rows, 70590 cols, 220251 nonzeros 0s
37623 rows, 53314 cols, 181020 nonzeros 0s
35900 rows, 47959 cols, 175364 nonzeros 2s
Presolve reductions: rows 35900(-83968); columns 47959(-91934); nonzeros 175364(-134518)
Solving MIP model with:
   35900 rows
   47959 cols (1668 binary, 0 integer, 0 implied int., 46291 continuous, 0 domain fixed)
   175364 nonzeros
Src: B => Branching; C => Central rounding; F => Feasibility pump; H => Heuristic;
     I => Shifting; J => Feasibility jump; L => Sub-MIP; P => Empty MIP; R => Randomized rounding;
     S => Solve LP; T => Evaluate node; U => Unbounded; X => User solution; Y => HiGHS solution;
     Z => ZI Round; l => Trivial lower; p => Trivial point; u => Trivial upper; z => Trivial zero
        Nodes      |    B&B Tree     |            Objective Bounds              |  Dynamic Constraints |       Work
Src  Proc. InQueue |  Leaves   Expl. | BestBound       BestSol              Gap |   Cuts   InLp Confl. | LpIters     Time
         0       0         0   0.00%   -395826684.2786 inf                  inf        0      0      0         0     5.1s
         0       0         0   0.00%   -115779296.9599 inf                  inf        0      0      2     29552    24.5s
         0       0         0   0.00%   -115778056.3709 inf                  inf     7099    212      5     30595    29.8s
 R       0       0         0   0.00%   -115775882.5881 -115775882.5881    0.00%    10962    397      5     30992    35.7s
         1       0         1 100.00%   -115775882.5881 -115775882.5881    0.00%     8462    397      5     30992    35.8s
Solving report
  Status            Optimal
  Primal bound      -115775882.588
  Dual bound        -115775882.588
  Gap               0% (tolerance: 0%)
  P-D integral      0
  Solution status   feasible
                    -115775882.588 (objective)
                    0 (bound viol.)
                    7.1054273576e-16 (int. viol.)
                    0 (row viol.)
  Timing            35.83
  Max sub-MIP depth 0
  Nodes             1
  Repair LPs        0
  LP iterations     30992
                    0 (strong br.)
                    1440 (separation)
                    0 (heuristics)
 35.924244 seconds (37 allocations: 1.453 KiB)
Optimal solution found, objective function value: -1.157758825881142e8
Saving model results...  1.539519 seconds (4.27 M allocations: 149.139 MiB)
Postprocessing model results...  0.000093 seconds (48 allocations: 3.312 KiB)
Saving model outputs...  1.498860 seconds (2.76 M allocations: 170.351 MiB, 30.41% gc time)
Rolling model temporal structure...  0.000072 seconds (47 allocations: 1.312 KiB)
Rolling complete
Solve complete. Started at 2026-07-27T16:40:21.148, ended at 2026-07-27T17:15:55.241, elapsed time: 35 minutes, 34 seconds, 93 milliseconds
Time summary:
Action                                           │ min       │ max        │ avg
─────────────────────────────────────────────────┼───────────┼────────────┼───────────────────────
Postprocessing model results...                  │ 4.3e-5    │ 0.000407   │ 0.0001365
Fixing model history...                          │ 0.104195  │ 0.132088   │ 0.11648563636363636
Applying model non-anticipativity constraints... │ 0.000197  │ 0.000429   │ 0.00029072727272727274
Rolling model temporal structure...              │ 7.2e-5    │ 2.198478   │ 1.6907314166666667
Saving model results...                          │ 0.99024   │ 2.585961   │ 1.37667375
Optimizing model...                              │ 35.924244 │ 568.811235 │ 172.73028308333332
Saving model outputs...                          │ 0.87464   │ 1.556399   │ 1.1456276666666667
Writing report to sqlite:///C:\Users\jfg.eco\Documents\GitHub\Nord_H2ub\Spine_Projects\02_basic_energy_model\.spinetoolbox\items\outputtest\OutputTest.sqlite?spinedbfilter=cfg%3Aexecution%3A%7B%22execution_item%22%3A+%22Run+SpineOpt%22%2C+%22scenarios%22%3A+%5B%5D%2C+%22timestamp%22%3A+%222026-07-27T16%3A33%3A23%22%7D... 11.385308 seconds (22.22 M allocations: 1.329 GiB, 8.44% gc time)
Execution complete. Started at 2026-07-27T16:33:28.231, ended at 2026-07-27T17:16:36.402, elapsed time: 43 minutes, 8 seconds, 171 milliseconds
A JuMP Model
├ solver: HiGHS
├ objective_sense: MIN_SENSE
│ └ objective_function_type: JuMP.AffExpr
├ num_variables: 139893
├ num_constraints: 248178
│ ├ JuMP.AffExpr in MOI.EqualTo{Float64}: 33672
│ ├ JuMP.AffExpr in MOI.GreaterThan{Float64}: 30688
│ ├ JuMP.AffExpr in MOI.LessThan{Float64}: 55508
│ ├ JuMP.VariableRef in MOI.EqualTo{Float64}: 900
│ ├ JuMP.VariableRef in MOI.GreaterThan{Float64}: 121442
│ ├ JuMP.VariableRef in MOI.LessThan{Float64}: 3681
│ └ JuMP.VariableRef in MOI.Integer: 2287
└ Names registered in the model: none
