### Spine execution log file
### Item name: Run SpineOpt
### Filter id: 
### Part: 1

# Running julia run_spineopt.jl http://127.0.0.1:59916 http://127.0.0.1:59919
2-element Vector{String}:
 "http://127.0.0.1:59916"
 "http://127.0.0.1:59919"
Running SpineOpt...
[SpineOpt version 0.10.2 (git hash: N/A)]
[SpineInterface version 0.15.2 (git hash: N/A)]
Execution started at 2026-01-16T15:11:44.991
Reading input data from sqlite:///C:\Users\jfg.eco\Documents\Nord_H2ub\Spine_Projects\02_basic_energy_model\.spinetoolbox\items\input\Input.sqlite...
Initializing  data structure from db...  0.459985 seconds (322.68 k allocations: 45.785 MiB, 15.27% gc time)
Preprocessing  data structure...  0.061484 seconds (34.22 k allocations: 2.545 MiB, 52.53% compilation time)
Checking  data structure...  0.009920 seconds (5.67 k allocations: 472.375 KiB, 93.71% compilation time)
Build started at 2026-01-16T15:11:45.571
Creating model temporal structure...[ Info: the last time slice of temporal block Default_Investment_period has been cut to fit within the block
[ Info: the last time slice of temporal block daily has been cut to fit within the block
186.517046 seconds (433.57 M allocations: 20.769 GiB, 89.95% gc time, 0.00% compilation time)
Creating model stochastic structure... 11.748428 seconds (2.80 M allocations: 600.251 MiB, 97.55% gc time, 0.06% compilation time)
Adding model independent variables...
- [variable_binary_gas_connection_flow]  0.363451 seconds (2.33 M allocations: 35.609 MiB, 88.65% gc time)
- [variable_connection_flow]  3.613299 seconds (2.84 M allocations: 96.896 MiB, 96.20% gc time, 1.86% compilation time)
- [variable_connection_intact_flow]  0.097853 seconds (2.74 M allocations: 85.066 MiB, 36.37% gc time)
- [variable_connections_decommissioned]  0.054558 seconds (2.34 M allocations: 36.097 MiB, 25.55% gc time)
- [variable_connections_invested]  5.436705 seconds (15.84 M allocations: 1.282 GiB, 84.07% gc time)
- [variable_connections_invested_available] 12.534905 seconds (16.51 M allocations: 1.319 GiB, 92.99% gc time, 0.06% compilation time)
- [variable_min_capacity_margin_slack]  0.057783 seconds (2.33 M allocations: 35.577 MiB, 30.08% gc time)
- [variable_node_injection]  0.070023 seconds (2.57 M allocations: 60.687 MiB, 22.78% gc time)
- [variable_node_pressure]  0.055521 seconds (2.33 M allocations: 35.580 MiB, 24.61% gc time)
- [variable_node_slack_neg]  0.065627 seconds (2.55 M allocations: 57.010 MiB, 21.32% gc time)
- [variable_node_slack_pos]  0.067207 seconds (2.55 M allocations: 57.012 MiB, 21.53% gc time)
- [variable_node_state]  0.069183 seconds (2.40 M allocations: 41.585 MiB, 24.05% gc time, 11.81% compilation time)
- [variable_node_voltage_angle]  0.059628 seconds (2.33 M allocations: 35.579 MiB, 32.41% gc time)
- [variable_nonspin_units_shut_down]  0.061784 seconds (2.33 M allocations: 35.589 MiB, 30.85% gc time)
- [variable_nonspin_units_started_up]  0.053373 seconds (2.33 M allocations: 35.583 MiB, 23.86% gc time)
- [variable_storages_decommissioned]  0.053827 seconds (2.33 M allocations: 35.755 MiB, 24.04% gc time)
- [variable_storages_invested]  0.281728 seconds (4.37 M allocations: 254.475 MiB, 35.74% gc time, 2.47% compilation time)
- [variable_storages_invested_available]  0.318875 seconds (4.37 M allocations: 254.483 MiB, 43.97% gc time)
- [variable_unit_flow]  3.969238 seconds (2.99 M allocations: 154.388 MiB, 96.22% gc time, 1.18% compilation time)
- [variable_unit_flow_op]  0.066589 seconds (2.45 M allocations: 50.735 MiB, 25.80% gc time)
- [variable_unit_flow_op_active]  0.066175 seconds (2.47 M allocations: 53.191 MiB, 21.00% gc time)
- [variable_units_invested]  5.226874 seconds (15.16 M allocations: 1.191 GiB, 83.95% gc time)
- [variable_units_invested_available]  9.456859 seconds (15.79 M allocations: 1.221 GiB, 90.92% gc time, 0.08% compilation time)
- [variable_units_mothballed]  3.643169 seconds (2.34 M allocations: 36.273 MiB, 98.81% gc time)
- [variable_units_on]  0.072169 seconds (2.54 M allocations: 54.892 MiB, 25.06% gc time)
- [variable_units_out_of_service]  0.059356 seconds (2.33 M allocations: 35.575 MiB, 29.81% gc time)
- [variable_units_returned_to_service]  0.058662 seconds (2.33 M allocations: 35.573 MiB, 28.52% gc time)
- [variable_units_shut_down]  0.059065 seconds (2.36 M allocations: 38.044 MiB, 25.05% gc time)
- [variable_units_started_up]  0.060451 seconds (2.35 M allocations: 37.362 MiB, 31.25% gc time)
- [variable_units_taken_out_of_service]  0.038882 seconds (2.33 M allocations: 35.574 MiB)
- [variable_user_constraint_slack_neg]  0.056069 seconds (2.33 M allocations: 35.569 MiB, 30.30% gc time)
- [variable_user_constraint_slack_pos]  0.057623 seconds (2.33 M allocations: 35.569 MiB, 28.45% gc time)
 46.233596 seconds (135.48 M allocations: 6.766 GiB, 88.74% gc time, 0.31% compilation time)
Adding model dependent variables...
- [variable_connection_flow]ERROR: LoadError: KeyError: key (connection = pl_solar_PPA, node = power, direction = from_node, stochastic_scenario = realisation, t = 2019-01-01T00:00~(1 hour)~>2019-01-01T01:00) not found
Stacktrace:
  [1] (::SpineOpt.var"#1279#1280"{JuMP.Model, Symbol, @NamedTuple{connection::SpineInterface.Object, node::SpineInterface.Object, direction::SpineInterface.Object, stochastic_scenario::SpineInterface.Object, t::SpineInterface.TimeSlice}})()
    @ SpineOpt C:\Users\jfg.eco\.julia\packages\SpineOpt\HEhN7\src\variables\variable_common.jl:196
  [2] get(default::SpineOpt.var"#1279#1280"{JuMP.Model, Symbol, @NamedTuple{connection::SpineInterface.Object, node::SpineInterface.Object, direction::SpineInterface.Object, stochastic_scenario::SpineInterface.Object, t::SpineInterface.TimeSlice}}, h::Dict{@NamedTuple{connection::SpineInterface.Object, node::SpineInterface.Object, direction::SpineInterface.Object, stochastic_scenario::SpineInterface.Object, t::SpineInterface.TimeSlice}, Union{JuMP.GenericAffExpr{T, JuMP.VariableRef} where T<:Union{Number, SpineInterface.Call}, JuMP.VariableRef}}, key::@NamedTuple{connection::SpineInterface.Object, node::SpineInterface.Object, direction::SpineInterface.Object, stochastic_scenario::SpineInterface.Object, t::SpineInterface.TimeSlice})
    @ Base .\dict.jl:547
  [3] _get_var_with_replacement(m::JuMP.Model, var_name::Symbol, ind::@NamedTuple{connection::SpineInterface.Object, node::SpineInterface.Object, direction::SpineInterface.Object, stochastic_scenario::SpineInterface.Object, t::SpineInterface.TimeSlice})
    @ SpineOpt C:\Users\jfg.eco\.julia\packages\SpineOpt\HEhN7\src\variables\variable_common.jl:189
  [4] (::SpineOpt.var"#1275#1278"{Dict{@NamedTuple{connection::SpineInterface.Object, node::SpineInterface.Object, direction::SpineInterface.Object, stochastic_scenario::SpineInterface.Object, t::SpineInterface.TimeSlice}, Int64}, Symbol, JuMP.Model})(::Pair{@NamedTuple{connection::SpineInterface.Object, node::SpineInterface.Object, direction::SpineInterface.Object, stochastic_scenario::SpineInterface.Object, t::SpineInterface.TimeSlice}, Int64})
    @ SpineOpt .\none:0
  [5] MappingRF
    @ .\reduce.jl:100 [inlined]
  [6] _foldl_impl(op::Base.MappingRF{SpineOpt.var"#1275#1278"{Dict{@NamedTuple{connection::SpineInterface.Object, node::SpineInterface.Object, direction::SpineInterface.Object, stochastic_scenario::SpineInterface.Object, t::SpineInterface.TimeSlice}, Int64}, Symbol, JuMP.Model}, Base.BottomRF{typeof(Base.add_sum)}}, init::Base._InitialValue, itr::Dict{@NamedTuple{connection::SpineInterface.Object, node::SpineInterface.Object, direction::SpineInterface.Object, stochastic_scenario::SpineInterface.Object, t::SpineInterface.TimeSlice}, Int64})
    @ Base .\reduce.jl:58
  [7] FlatteningRF
    @ .\reduce.jl:126 [inlined]
  [8] (::Base.MappingRF{SpineOpt.var"#1276#1277"{JuMP.Model}, Base.FlatteningRF{Base.BottomRF{typeof(Base.add_sum)}}})(acc::Base._InitialValue, x::Pair{Symbol, Dict{@NamedTuple{connection::SpineInterface.Object, node::SpineInterface.Object, direction::SpineInterface.Object, stochastic_scenario::SpineInterface.Object, t::SpineInterface.TimeSlice}, Int64}})
    @ Base .\reduce.jl:100
  [9] _foldl_impl(op::Base.MappingRF{SpineOpt.var"#1276#1277"{JuMP.Model}, Base.FlatteningRF{Base.BottomRF{typeof(Base.add_sum)}}}, init::Base._InitialValue, itr::Dict{Symbol, Dict{@NamedTuple{connection::SpineInterface.Object, node::SpineInterface.Object, direction::SpineInterface.Object, stochastic_scenario::SpineInterface.Object, t::SpineInterface.TimeSlice}, Int64}})
    @ Base .\reduce.jl:58
 [10] foldl_impl
    @ .\reduce.jl:48 [inlined]
 [11] mapfoldl_impl
    @ .\reduce.jl:44 [inlined]
 [12] mapfoldl
    @ .\reduce.jl:175 [inlined]
 [13] mapreduce
    @ .\reduce.jl:307 [inlined]
 [14] sum
    @ .\reduce.jl:535 [inlined]
 [15] sum
    @ .\reduce.jl:564 [inlined]
 [16] _resolve_formula(m::JuMP.Model, formula::Dict{Symbol, Dict{@NamedTuple{connection::SpineInterface.Object, node::SpineInterface.Object, direction::SpineInterface.Object, stochastic_scenario::SpineInterface.Object, t::SpineInterface.TimeSlice}, Int64}})
    @ SpineOpt C:\Users\jfg.eco\.julia\packages\SpineOpt\HEhN7\src\variables\variable_common.jl:181
 [17] macro expansion
    @ C:\Users\jfg.eco\.julia\packages\SpineOpt\HEhN7\src\variables\variable_common.jl:167 [inlined]
 [18] macro expansion
    @ .\timing.jl:279 [inlined]
 [19] (::SpineOpt.var"#1268#1272"{JuMP.Model, Symbol, typeof(connection_flow_indices), Vector{Any}, OrderedCollections.OrderedDict{@NamedTuple{connection::SpineInterface.Object, node::SpineInterface.Object, direction::SpineInterface.Object, stochastic_scenario::SpineInterface.Object, t::SpineInterface.TimeSlice}, Dict{Symbol}}, Dict{Symbol, Any}})()
    @ SpineOpt C:\Users\jfg.eco\.julia\packages\SpineOpt\HEhN7\src\util\misc.jl:60
 [20] (::Base.RedirectStdStream)(thunk::SpineOpt.var"#1268#1272"{JuMP.Model, Symbol, typeof(connection_flow_indices), Vector{Any}, OrderedCollections.OrderedDict{@NamedTuple{connection::SpineInterface.Object, node::SpineInterface.Object, direction::SpineInterface.Object, stochastic_scenario::SpineInterface.Object, t::SpineInterface.TimeSlice}, Dict{Symbol}}, Dict{Symbol, Any}}, stream::Pipe)
    @ Base .\stream.jl:1429
 [21] macro expansion
    @ C:\Users\jfg.eco\.julia\packages\SpineOpt\HEhN7\src\util\misc.jl:59 [inlined]
 [22] _add_dependent_variables!(m::JuMP.Model; log_level::Int64)
    @ SpineOpt C:\Users\jfg.eco\.julia\packages\SpineOpt\HEhN7\src\variables\variable_common.jl:163
 [23] _add_dependent_variables!
    @ C:\Users\jfg.eco\.julia\packages\SpineOpt\HEhN7\src\variables\variable_common.jl:158 [inlined]
 [24] macro expansion
    @ .\timing.jl:279 [inlined]
 [25] (::SpineOpt.var"#157#173"{Int64, JuMP.Model})()
    @ SpineOpt C:\Users\jfg.eco\.julia\packages\SpineOpt\HEhN7\src\util\misc.jl:60
 [26] (::Base.RedirectStdStream)(thunk::SpineOpt.var"#157#173"{Int64, JuMP.Model}, stream::Pipe)
    @ Base .\stream.jl:1429
 [27] macro expansion
    @ C:\Users\jfg.eco\.julia\packages\SpineOpt\HEhN7\src\util\misc.jl:59 [inlined]
 [28] build_model!(m::JuMP.Model; log_level::Int64)
    @ SpineOpt C:\Users\jfg.eco\.julia\packages\SpineOpt\HEhN7\src\run_spineopt_basic.jl:85
 [29] build_model!
    @ C:\Users\jfg.eco\.julia\packages\SpineOpt\HEhN7\src\run_spineopt_basic.jl:73 [inlined]
 [30] do_run_spineopt!(m::JuMP.Model, url_out::String, ::Val{:basic_algorithm}; log_level::Int64, optimize::Bool, update_names::Bool, alternative::String, write_as_roll::Int64, resume_file_path::Nothing)
    @ SpineOpt C:\Users\jfg.eco\.julia\packages\SpineOpt\HEhN7\src\run_spineopt_basic.jl:32
 [31] #invokelatest#2
    @ .\essentials.jl:894 [inlined]
 [32] invokelatest
    @ .\essentials.jl:889 [inlined]
 [33] run_spineopt!(m::JuMP.Model, url_out::String; log_level::Int64, optimize::Bool, update_names::Bool, alternative::String, write_as_roll::Int64, resume_file_path::Nothing)
    @ SpineOpt C:\Users\jfg.eco\.julia\packages\SpineOpt\HEhN7\src\run_spineopt.jl:369
 [34] run_spineopt!
    @ C:\Users\jfg.eco\.julia\packages\SpineOpt\HEhN7\src\run_spineopt.jl:358 [inlined]
 [35] _run_spineopt(f::SpineOpt.var"#64#65", url_in::String, url_out::String; upgrade::Bool, filters::Dict{String, String}, templates::Tuple{}, mip_solver::Nothing, lp_solver::Nothing, use_direct_model::Bool, use_model_names::Bool, add_bridges::Bool, log_level::Int64, alternative::String, kwargs::@Kwargs{optimize::Bool, update_names::Bool, write_as_roll::Int64, resume_file_path::Nothing})
    @ SpineOpt C:\Users\jfg.eco\.julia\packages\SpineOpt\HEhN7\src\run_spineopt.jl:162
 [36] _run_spineopt
    @ C:\Users\jfg.eco\.julia\packages\SpineOpt\HEhN7\src\run_spineopt.jl:126 [inlined]
 [37] #67
    @ C:\Users\jfg.eco\.julia\packages\SpineOpt\HEhN7\src\run_spineopt.jl:104 [inlined]
 [38] _log_to_file
    @ C:\Users\jfg.eco\.julia\packages\SpineOpt\HEhN7\src\util\misc.jl:246 [inlined]
 [39] #run_spineopt#66
    @ C:\Users\jfg.eco\.julia\packages\SpineOpt\HEhN7\src\run_spineopt.jl:103 [inlined]
 [40] run_spineopt
    @ C:\Users\jfg.eco\.julia\packages\SpineOpt\HEhN7\src\run_spineopt.jl:83 [inlined]
 [41] #run_spineopt#63
    @ C:\Users\jfg.eco\.julia\packages\SpineOpt\HEhN7\src\run_spineopt.jl:67 [inlined]
 [42] run_spineopt(url_in::String, url_out::String)
    @ SpineOpt C:\Users\jfg.eco\.julia\packages\SpineOpt\HEhN7\src\run_spineopt.jl:66
 [43] top-level scope
    @ C:\Users\jfg.eco\.spinetoolbox\work\run_spineopt__da5d6857db5848c29c11cf318c77bd79__toolbox\run_spineopt.jl:3
 [44] include(fname::String)
    @ Base.MainInclude .\client.jl:494
 [45] top-level scope
    @ none:1
in expression starting at C:\Users\jfg.eco\.spinetoolbox\work\run_spineopt__da5d6857db5848c29c11cf318c77bd79__toolbox\run_spineopt.jl:3
