### Spine execution log file
### Item name: Run SpineOpt
### Filter id: 
### Part: 1

# Running julia run_spineopt.jl http://127.0.0.1:58216 http://127.0.0.1:58218
2-element Vector{String}:
 "http://127.0.0.1:58216"
 "http://127.0.0.1:58218"
Running SpineOpt...
[SpineOpt version 0.10.2 (git hash: N/A)]
[SpineInterface version 0.15.2 (git hash: N/A)]
Execution started at 2026-07-29T09:47:37.436
Reading input data from sqlite:///C:\Users\jfg.eco\Documents\GitHub\Nord_H2ub\Spine_Projects\02_basic_energy_model\.spinetoolbox\items\input\Input.sqlite...
Initializing  data structure from db...  1.247798 seconds (1.93 M allocations: 130.040 MiB)
Preprocessing  data structure...  0.377387 seconds (48.49 k allocations: 2.446 MiB, 74.08% compilation time)
Checking  data structure...  0.029096 seconds (9.05 k allocations: 476.406 KiB, 68.16% compilation time)
Build started at 2026-07-29T09:47:39.206
Creating model temporal structure...[ Info: the last time slice of temporal block Default_Investment_period has been cut to fit within the block
[ Info: the last time slice of temporal block daily has been cut to fit within the block
 59.867766 seconds (431.06 M allocations: 22.181 GiB, 50.82% gc time, 0.04% compilation time)
Creating model stochastic structure...  1.044737 seconds (3.22 M allocations: 453.173 MiB, 67.75% gc time, 4.39% compilation time)
Adding model independent variables...
- [variable_binary_gas_connection_flow]  0.083807 seconds (2.29 M allocations: 34.946 MiB)
- [variable_connection_flow]  6.363909 seconds (13.99 M allocations: 1.458 GiB, 71.15% gc time, 3.40% compilation time)
- [variable_connection_intact_flow]  0.744012 seconds (11.02 M allocations: 725.253 MiB, 10.43% gc time)
- [variable_connections_decommissioned]  0.066435 seconds (2.30 M allocations: 35.579 MiB)
- [variable_connections_invested]  0.400373 seconds (2.54 M allocations: 146.446 MiB, 20.91% gc time)
- [variable_connections_invested_available]  0.338969 seconds (2.63 M allocations: 146.063 MiB, 5.96% compilation time)
- [variable_min_capacity_margin_slack]  0.063912 seconds (2.29 M allocations: 34.901 MiB)
- [variable_node_injection]  0.444842 seconds (6.86 M allocations: 370.942 MiB, 24.65% gc time)
- [variable_node_pressure]  0.062800 seconds (2.29 M allocations: 34.920 MiB)
- [variable_node_slack_neg]  0.326467 seconds (6.73 M allocations: 321.240 MiB)
- [variable_node_slack_pos]  0.473837 seconds (6.73 M allocations: 321.243 MiB, 29.09% gc time)
- [variable_node_state]  0.199228 seconds (4.26 M allocations: 143.008 MiB, 6.55% compilation time)
- [variable_node_voltage_angle]  0.071283 seconds (2.29 M allocations: 34.920 MiB)
- [variable_nonspin_units_shut_down]  0.071654 seconds (2.29 M allocations: 34.936 MiB)
- [variable_nonspin_units_started_up]  0.165726 seconds (2.29 M allocations: 34.933 MiB, 62.30% gc time)
- [variable_storages_decommissioned]  0.063309 seconds (2.29 M allocations: 35.092 MiB)
- [variable_storages_invested]  0.114300 seconds (1.99 M allocations: 64.955 MiB, 11.96% compilation time)
- [variable_storages_invested_available]  0.100353 seconds (1.99 M allocations: 64.867 MiB)
- [variable_unit_flow]  2.046500 seconds (16.39 M allocations: 2.228 GiB, 29.42% gc time, 3.11% compilation time)
- [variable_unit_flow_op]  0.169540 seconds (3.78 M allocations: 156.510 MiB)
- [variable_unit_flow_op_active]  0.208383 seconds (4.25 M allocations: 184.329 MiB)
- [variable_units_invested]  0.494041 seconds (2.53 M allocations: 132.868 MiB, 22.17% gc time)
- [variable_units_invested_available]  0.348733 seconds (2.60 M allocations: 135.802 MiB, 4.47% compilation time)
- [variable_units_mothballed]  0.079925 seconds (2.30 M allocations: 35.614 MiB)
- [variable_units_on]  0.534501 seconds (5.73 M allocations: 259.010 MiB, 27.33% gc time)
- [variable_units_out_of_service]  0.068032 seconds (2.29 M allocations: 34.912 MiB)
- [variable_units_returned_to_service]  0.063937 seconds (2.29 M allocations: 34.907 MiB)
- [variable_units_shut_down]  0.086935 seconds (2.57 M allocations: 53.710 MiB)
- [variable_units_started_up]  0.086867 seconds (2.56 M allocations: 53.018 MiB)
- [variable_units_taken_out_of_service]  0.071276 seconds (2.29 M allocations: 34.908 MiB)
- [variable_user_constraint_slack_neg]  0.077363 seconds (2.29 M allocations: 34.899 MiB)
- [variable_user_constraint_slack_pos]  0.073404 seconds (2.29 M allocations: 34.899 MiB)
 14.595172 seconds (131.18 M allocations: 7.367 GiB, 40.41% gc time, 2.35% compilation time)
Adding model dependent variables...
- [variable_connection_flow]  0.672087 seconds (4.72 M allocations: 204.926 MiB, 19.97% gc time, 34.05% compilation time)
- [variable_unit_flow]  0.429072 seconds (6.40 M allocations: 302.900 MiB)
  1.106692 seconds (11.12 M allocations: 507.838 MiB, 12.13% gc time, 20.68% compilation time)
Adding model expressions...
- [expression_capacity_margin]  0.000083 seconds (86 allocations: 3.875 KiB)
  0.001050 seconds (200 allocations: 9.664 KiB)
Adding model constraints...
- [constraint_candidate_connection_flow_lb]  0.000516 seconds (146 allocations: 6.461 KiB)
- [constraint_candidate_connection_flow_ub]  0.000160 seconds (144 allocations: 6.180 KiB)
- [constraint_compression_ratio]  0.000082 seconds (94 allocations: 5.930 KiB)
- [constraint_connection_flow_capacity]  2.360233 seconds (22.42 M allocations: 1.265 GiB, 17.98% gc time, 0.02% compilation time)
- [constraint_connection_flow_gas_capacity]  0.000065 seconds (97 allocations: 7.086 KiB)
- [constraint_connection_flow_intact_flow]  0.000370 seconds (87 allocations: 4.008 KiB)
- [constraint_connection_flow_lodf]  0.000596 seconds (66 allocations: 3.438 KiB)
- [constraint_connection_intact_flow_capacity]  0.000198 seconds (118 allocations: 5.648 KiB)
- [constraint_connection_intact_flow_ptdf]  0.000085 seconds (72 allocations: 3.602 KiB)
- [constraint_connection_lifetime] 30.856266 seconds (219.78 M allocations: 22.942 GiB, 51.35% gc time, 0.04% compilation time)
- [constraint_connection_unitary_gas_flow]  0.000067 seconds (94 allocations: 5.930 KiB)
- [constraint_connections_invested_available]  0.000882 seconds (2.82 k allocations: 164.153 KiB)
- [constraint_connections_invested_transition]  0.003688 seconds (16.29 k allocations: 859.566 KiB)
- [constraint_cyclic_node_state]  0.008306 seconds (2.56 k allocations: 123.836 KiB, 97.35% compilation time)
- [constraint_fix_node_pressure_point]  0.000074 seconds (94 allocations: 5.930 KiB)
- [constraint_fix_ratio_in_in_unit_flow]  0.104009 seconds (1.09 M allocations: 69.084 MiB)
- [constraint_fix_ratio_in_out_unit_flow]  0.000543 seconds (3.20 k allocations: 167.633 KiB)
- [constraint_fix_ratio_out_in_connection_flow]  0.091720 seconds (822.34 k allocations: 48.699 MiB, 12.57% compilation time)
- [constraint_fix_ratio_out_in_unit_flow]  0.000116 seconds (193 allocations: 12.008 KiB)
- [constraint_fix_ratio_out_out_unit_flow]  0.000330 seconds (1.10 k allocations: 58.758 KiB)
- [constraint_investment_group_equal_investments]  0.007748 seconds (37.15 k allocations: 8.371 MiB)
- [constraint_investment_group_maximum_capacity_invested_available]  0.000063 seconds (34 allocations: 1.992 KiB)
- [constraint_investment_group_maximum_entities_invested_available]  0.000055 seconds (32 allocations: 1.898 KiB)
- [constraint_investment_group_minimum_capacity_invested_available]  0.000050 seconds (32 allocations: 1.898 KiB)
- [constraint_investment_group_minimum_entities_invested_available]  0.000052 seconds (32 allocations: 1.898 KiB)
- [constraint_max_node_pressure]  0.000574 seconds (219 allocations: 10.758 KiB)
- [constraint_max_node_voltage_angle]  0.000106 seconds (293 allocations: 13.742 KiB)
- [constraint_max_ratio_in_in_unit_flow]  0.000107 seconds (193 allocations: 12.008 KiB)
- [constraint_max_ratio_in_out_unit_flow]  0.000054 seconds (193 allocations: 12.008 KiB)
- [constraint_max_ratio_out_in_connection_flow]  0.000075 seconds (114 allocations: 6.570 KiB)
- [constraint_max_ratio_out_in_unit_flow]  0.000075 seconds (193 allocations: 12.008 KiB)
- [constraint_max_ratio_out_out_unit_flow]  0.000061 seconds (193 allocations: 12.008 KiB)
- [constraint_max_total_cumulated_unit_flow_from_node]  0.000099 seconds (96 allocations: 6.039 KiB)
- [constraint_max_total_cumulated_unit_flow_to_node]  0.000042 seconds (92 allocations: 5.789 KiB)
- [constraint_min_capacity_margin]  0.000068 seconds (101 allocations: 4.773 KiB)
- [constraint_min_down_time]  0.726727 seconds (6.69 M allocations: 499.620 MiB, 4.16% compilation time)
- [constraint_min_node_pressure]  0.000132 seconds (224 allocations: 15.162 KiB)
- [constraint_min_node_voltage_angle]  0.000131 seconds (293 allocations: 13.742 KiB)
- [constraint_min_ratio_in_in_unit_flow]  0.000140 seconds (193 allocations: 12.008 KiB)
- [constraint_min_ratio_in_out_unit_flow]  0.000114 seconds (194 allocations: 12.289 KiB)
- [constraint_min_ratio_out_in_connection_flow]  0.000133 seconds (114 allocations: 6.570 KiB)
- [constraint_min_ratio_out_in_unit_flow]  0.000100 seconds (193 allocations: 12.008 KiB)
- [constraint_min_ratio_out_out_unit_flow]  0.000080 seconds (194 allocations: 12.289 KiB)
- [constraint_min_scheduled_outage_duration]  0.000101 seconds (66 allocations: 3.320 KiB)
- [constraint_min_total_cumulated_unit_flow_from_node]  0.000075 seconds (96 allocations: 6.039 KiB)
- [constraint_min_total_cumulated_unit_flow_to_node]  0.000037 seconds (92 allocations: 5.789 KiB)
- [constraint_min_up_time]  0.070240 seconds (819.94 k allocations: 49.034 MiB)
- [constraint_minimum_operating_point]  0.092437 seconds (944.48 k allocations: 56.702 MiB)
- [constraint_nodal_balance]  0.694053 seconds (4.68 M allocations: 264.891 MiB, 46.41% gc time)
- [constraint_node_injection]  2.428545 seconds (26.96 M allocations: 1.351 GiB, 16.83% gc time)
- [constraint_node_state_capacity]  0.278813 seconds (4.07 M allocations: 208.694 MiB)
- [constraint_node_voltage_angle]  0.000077 seconds (69 allocations: 3.445 KiB)
- [constraint_non_spinning_reserves_lower_bound]  0.000113 seconds (471 allocations: 22.898 KiB)
- [constraint_non_spinning_reserves_shut_down_upper_bound]  0.000121 seconds (480 allocations: 23.695 KiB)
- [constraint_non_spinning_reserves_start_up_upper_bound]  0.000097 seconds (480 allocations: 23.695 KiB)
- [constraint_operating_point_bounds] 16.425096 seconds (163.32 M allocations: 18.732 GiB, 33.48% gc time)
- [constraint_operating_point_rank]  0.025936 seconds (334.78 k allocations: 29.587 MiB)
- [constraint_ramp_down]  0.250128 seconds (2.56 M allocations: 156.981 MiB, 13.45% compilation time)
- [constraint_ramp_up]  0.279312 seconds (2.57 M allocations: 157.848 MiB, 28.82% gc time)
- [constraint_ratio_out_in_connection_intact_flow]  0.000101 seconds (87 allocations: 4.008 KiB)
- [constraint_storage_lifetime]  2.770854 seconds (31.00 M allocations: 3.319 GiB, 30.41% gc time, 0.30% compilation time)
- [constraint_storage_line_pack]  0.000414 seconds (96 allocations: 6.023 KiB)
- [constraint_storages_invested_available]  0.000596 seconds (904 allocations: 49.602 KiB)
- [constraint_storages_invested_transition]  0.000712 seconds (4.04 k allocations: 208.912 KiB)
- [constraint_unit_flow_capacity]  0.789810 seconds (8.50 M allocations: 470.408 MiB, 25.29% gc time)
- [constraint_unit_flow_op_bounds]  0.173909 seconds (2.47 M allocations: 134.016 MiB, 7.19% compilation time)
- [constraint_unit_flow_op_rank]  0.129117 seconds (1.93 M allocations: 109.220 MiB)
- [constraint_unit_flow_op_sum]  0.009042 seconds (88.62 k allocations: 7.014 MiB)
- [constraint_unit_lifetime] 14.994433 seconds (153.15 M allocations: 16.535 GiB, 31.13% gc time)
- [constraint_unit_state_transition]  0.021238 seconds (310.07 k allocations: 22.204 MiB)
- [constraint_units_available]  1.164108 seconds (15.33 M allocations: 778.448 MiB, 13.92% gc time)
- [constraint_units_invested_available]  0.000694 seconds (3.03 k allocations: 175.606 KiB)
- [constraint_units_invested_transition]  0.002132 seconds (17.63 k allocations: 923.801 KiB)
- [constraint_units_out_of_service_contiguity]  0.000072 seconds (66 allocations: 3.320 KiB)
- [constraint_units_out_of_service_transition]  0.000349 seconds (95 allocations: 4.883 KiB)
- [constraint_user_constraint]  0.494457 seconds (4.30 M allocations: 255.667 MiB, 10.58% compilation time)
 76.289911 seconds (690.22 M allocations: 68.131 GiB, 37.54% gc time, 0.22% compilation time)
Setting model objective...  1.046654 seconds (11.78 M allocations: 624.870 MiB, 21.27% gc time, 4.78% compilation time)
Build complete. Started at 2026-07-29T09:47:39.206, ended at 2026-07-29T09:50:13.421, elapsed time: 2 minutes, 34 seconds, 215 milliseconds
Solve started at 2026-07-29T09:50:13.426
Bringing model to the first window...  2.900710 seconds (36.58 M allocations: 1.790 GiB, 9.01% gc time, 3.45% compilation time)
model - window 1 of 12: 2019-01-01T00:00~(4 weeks, 2 days, 10 hours)~>2019-01-31T10:00
Optimizing model...Running HiGHS 1.14.0 (git hash: 7df0786de3): Copyright (c) 2026 under Apache 2.0 license terms
Using BLAS: blastrampoline-5
MIP has 119868 rows; 139893 cols; 309909 nonzeros; 2287 integer variables (0 binary)
Coefficient ranges:
  Matrix  [6e-03, 1e+05]
  Cost    [1e-03, 2e+09]
  Bound   [3e-01, 2e+04]
  RHS     [1e+00, 2e+03]
WARNING: Problem has some excessively large costs
WARNING:    Consider scaling the objective by 1e-4, or setting the user_objective_scale option to -12
Presolving model
57447 rows, 70648 cols, 200884 nonzeros 0s
38750 rows, 53424 cols, 189101 nonzeros 0s
36708 rows, 48585 cols, 180396 nonzeros 0s
Presolve reductions: rows 36708(-83160); columns 48585(-91308); nonzeros 180396(-129513)
Solving MIP model with:
   36708 rows
   48585 cols (1777 binary, 0 integer, 0 implied int., 46808 continuous, 0 domain fixed)
   180396 nonzeros
Src: B => Branching; C => Central rounding; F => Feasibility pump; H => Heuristic;
     I => Shifting; J => Feasibility jump; L => Sub-MIP; P => Empty MIP; R => Randomized rounding;
     S => Solve LP; T => Evaluate node; U => Unbounded; X => User solution; Y => HiGHS solution;
     Z => ZI Round; l => Trivial lower; p => Trivial point; u => Trivial upper; z => Trivial zero
        Nodes      |    B&B Tree     |            Objective Bounds              |  Dynamic Constraints |       Work
Src  Proc. InQueue |  Leaves   Expl. | BestBound       BestSol              Gap |   Cuts   InLp Confl. | LpIters     Time
         0       0         0   0.00%   -422522081.8136 inf                  inf        0      0      0         0     1.7s
         0       0         0   0.00%   -107247950.2133 inf                  inf        0      0      3     30719    11.3s
 R       0       0         0   0.00%   -107247313.2056 1.44742113e+12   100.01%     5162    227      3     31748    22.1s
         0       0         0   0.00%   -107241705.8367 1.44742113e+12   100.01%     8199    453      3     32460    29.5s
         0       0         0   0.00%   -107241526.7632 1.44742113e+12   100.01%     9412    486      3     32541    35.8s
         0       0         0   0.00%   -107241448.2023 1.44742113e+12   100.01%     9792    496      3     32638    42.9s
 C       0       0         0   0.00%   -107241442.6156 -107241236.2083    0.00%     9796    507      3     32863    50.2s
         0       0         0   0.00%   -107241442.6156 -107241236.2083    0.00%     9796    364      3     35279   120.3s
96.2% inactive integer columns, restarting
Model after restart has 31834 rows, 40077 cols (30 bin., 0 int., 0 impl., 40047 cont., 0 dom.fix.), and 125716 nonzeros
         0       0         0   0.00%   -107241442.6156 -107241236.2083    0.00%        5      0      0     35279   120.5s
         0       0         0   0.00%   -107241442.6156 -107241236.2083    0.00%        5      4      0     36519   125.6s
         0       0         0   0.00%   -107241424.7425 -107241236.2083    0.00%      233      9      0     36525   133.2s
         0       0         0   0.00%   -107241420.7591 -107241236.2083    0.00%      337     12      0     36534   140.2s
         0       0         0   0.00%   -107241417.732  -107241236.2083    0.00%      409     14      0     36539   147.1s
         0       0         0   0.00%   -107241414.7049 -107241236.2083    0.00%      487     16      0     36546   154.1s
         0       0         0   0.00%   -107241411.6777 -107241236.2083    0.00%      527     18      0     36548   161.0s
         0       0         0   0.00%   -107241407.1597 -107241236.2083    0.00%      697     22      0     36557   168.6s
 L       0       0         0   0.00%   -107241407.1597 -107241236.2083    0.00%      697     22      0     36557   225.3s
         0       0         0   0.00%   -107241407.1597 -107241236.2083    0.00%      697     20      0     37497   260.8s
13.3% inactive integer columns, restarting
Model after restart has 31812 rows, 40070 cols (24 bin., 0 int., 0 impl., 40046 cont., 0 dom.fix.), and 125536 nonzeros
         0       0         0   0.00%   -107241407.1597 -107241236.2083    0.00%       18      0      0     37497   261.0s
         0       0         0   0.00%   -107241407.1597 -107241236.2083    0.00%       18     18      0     37541   265.2s
        Nodes      |    B&B Tree     |            Objective Bounds              |  Dynamic Constraints |       Work
Src  Proc. InQueue |  Leaves   Expl. | BestBound       BestSol              Gap |   Cuts   InLp Confl. | LpIters     Time
         0       0         0   0.00%   -107241405.6461 -107241236.2083    0.00%      189     19      0     37542   271.1s
         0       0         0   0.00%   -107241397.1886 -107241236.2083    0.00%      390     23      0     37553   278.8s
         0       0         0   0.00%   -107241391.2282 -107241236.2083    0.00%      532     27      0     37565   286.3s
         0       0         0   0.00%   -107241388.201  -107241236.2083    0.00%      670     29      0     37574   293.6s
         0       0         0   0.00%   -107241384.4484 -107241236.2083    0.00%      784     32      0     37588   300.8s
         0       0         0   0.00%   -107241384.4484 -107241236.2083    0.00%      784     30      0     37892   402.8s
16.7% inactive integer columns, restarting
Model after restart has 31805 rows, 40065 cols (20 bin., 0 int., 0 impl., 40045 cont., 0 dom.fix.), and 125478 nonzeros
         0       0         0   0.00%   -107241384.4484 -107241236.2083    0.00%       30      0      0     37892   403.0s
         0       0         0   0.00%   -107241384.4484 -107241236.2083    0.00%       30     30      0     37923   407.4s
         0       0         0   0.00%   -107241381.5393 -107241236.2083    0.00%      285     34      0     37928   414.8s
 L       0       0         0   0.00%   -107241293.1324 -107241236.2083    0.00%      369     36      0     38025   464.9s
35.0% inactive integer columns, restarting
Model after restart has 31796 rows, 40056 cols (11 bin., 0 int., 0 impl., 40045 cont., 0 dom.fix.), and 125430 nonzeros
         0       0         0   0.00%   -107241293.1324 -107241236.2083    0.00%       28      0      0     38256   465.1s
         0       0         0   0.00%   -107241293.1324 -107241236.2083    0.00%       28     27      0     38290   469.3s
         0       0         0   0.00%   -107241293.1324 -107241236.2083    0.00%       28     27      0     38618   516.6s
         1       0         1 100.00%   -107241236.2083 -107241236.2083    0.00%       28     27      2     38941   536.3s
         1       0         1 100.00%   -107241236.2083 -107241236.2083    0.00%       28     27      2     38941   536.3s
Solving report
  Status            Optimal
  Primal bound      -107241236.208
  Dual bound        -107241236.208
  Gap               0% (tolerance: 0%)
  P-D integral      28.0516544591
  Solution status   feasible
                    -107241236.208 (objective)
                    0 (bound viol.)
                    0 (int. viol.)
                    0 (row viol.)
  Timing            536.27
  Max sub-MIP depth 2
  Nodes             1
  Repair LPs        0
  LP iterations     38941
                    119 (strong br.)
                    2242 (separation)
                    4510 (heuristics)
536.454997 seconds (868.71 k allocations: 121.467 MiB)
Optimal solution found, objective function value: -1.0724123620827389e8
Saving model results...  0.512409 seconds (4.27 M allocations: 149.200 MiB)
Postprocessing model results...  0.000086 seconds (48 allocations: 3.312 KiB)
Saving model outputs...  0.415717 seconds (2.76 M allocations: 170.359 MiB)
Rolling model temporal structure...  0.943676 seconds (4.74 M allocations: 102.088 MiB, 35.72% gc time)
Fixing model history...  0.046719 seconds (418.32 k allocations: 20.434 MiB)
Applying model non-anticipativity constraints...  0.000173 seconds (603 allocations: 32.203 KiB)
model - window 2 of 12: 2019-01-31T10:00~(4 weeks, 2 days, 10 hours)~>2019-03-02T20:00
Optimizing model...MIP has 119868 rows; 139893 cols; 309966 nonzeros; 2287 integer variables (0 binary)
Coefficient ranges:
  Matrix  [6e-03, 1e+05]
  Cost    [1e-03, 2e+09]
  Bound   [7e-03, 2e+04]
  RHS     [1e+00, 2e+03]
WARNING: Problem has some excessively large costs
WARNING:    Consider scaling the objective by 1e-4, or setting the user_objective_scale option to -12
Presolving model
78750 rows, 70758 cols, 220587 nonzeros 0s
37623 rows, 53398 cols, 181104 nonzeros 0s
35999 rows, 48404 cols, 175908 nonzeros 0s
Presolve reductions: rows 35999(-83869); columns 48404(-91489); nonzeros 175908(-134058)
Solving MIP model with:
   35999 rows
   48404 cols (1668 binary, 0 integer, 0 implied int., 46736 continuous, 0 domain fixed)
   175908 nonzeros
Src: B => Branching; C => Central rounding; F => Feasibility pump; H => Heuristic;
     I => Shifting; J => Feasibility jump; L => Sub-MIP; P => Empty MIP; R => Randomized rounding;
     S => Solve LP; T => Evaluate node; U => Unbounded; X => User solution; Y => HiGHS solution;
     Z => ZI Round; l => Trivial lower; p => Trivial point; u => Trivial upper; z => Trivial zero
        Nodes      |    B&B Tree     |            Objective Bounds              |  Dynamic Constraints |       Work
Src  Proc. InQueue |  Leaves   Expl. | BestBound       BestSol              Gap |   Cuts   InLp Confl. | LpIters     Time
         0       0         0   0.00%   -414487901.1571 inf                  inf        0      0      0         0     1.5s
         0       0         0   0.00%   -93623406.14903 inf                  inf        0      0      2     29161     6.8s
 R       0       0         0   0.00%   -93619312.49381 -93613598.25558    0.01%     2223    431      7     31034    11.8s
 C       0       0         0   0.00%   -93619260.14357 -93619252.2159     0.00%     2709    437      7     31118    15.3s
98.1% inactive integer columns, restarting
Model after restart has 30665 rows, 39331 cols (7 bin., 0 int., 0 impl., 39324 cont., 0 dom.fix.), and 122441 nonzeros
         0       0         0   0.00%   -93619260.14357 -93619252.2159     0.00%       17      0      0     31353    18.9s
         0       0         0   0.00%   -93619260.14357 -93619252.2159     0.00%       17     15      0     31461    19.3s
         1       0         1 100.00%   -93619252.22429 -93619252.2159     0.00%       21     16      2     31608    21.1s
Solving report
  Status            Optimal
  Primal bound      -93619252.2159
  Dual bound        -93619252.2243
  Gap               0% (tolerance: 0%)
  P-D integral      0.000218273389312
  Solution status   feasible
                    -93619252.2159 (objective)
                    0 (bound viol.)
                    7.1054273576e-16 (int. viol.)
                    0 (row viol.)
  Timing            21.13
  Max sub-MIP depth 1
  Nodes             1
  Repair LPs        0
  LP iterations     31608
                    0 (strong br.)
                    1961 (separation)
                    377 (heuristics)
 21.152556 seconds (156 allocations: 6.500 KiB)
Optimal solution found, objective function value: -9.36192522159006e7
Saving model results...  0.411468 seconds (4.27 M allocations: 149.194 MiB)
Postprocessing model results...  0.000083 seconds (48 allocations: 3.312 KiB)
Saving model outputs...  0.507839 seconds (2.76 M allocations: 170.350 MiB)
Rolling model temporal structure...  0.732786 seconds (4.74 M allocations: 102.077 MiB)
Fixing model history...  0.049578 seconds (413.88 k allocations: 20.191 MiB)
Applying model non-anticipativity constraints...  0.000157 seconds (603 allocations: 32.203 KiB)
model - window 3 of 12: 2019-03-02T20:00~(4 weeks, 2 days, 10 hours)~>2019-04-02T06:00
Optimizing model...MIP has 119868 rows; 139893 cols; 310029 nonzeros; 2287 integer variables (0 binary)
Coefficient ranges:
  Matrix  [6e-03, 1e+05]
  Cost    [1e-03, 2e+09]
  Bound   [6e-17, 2e+04]
  RHS     [1e+00, 2e+03]
WARNING: Problem has some excessively large costs
WARNING: Problem has some excessively small column bounds
WARNING:    Consider scaling the objective by 1e-4, or setting the user_objective_scale option to -12
Presolving model
78876 rows, 70884 cols, 220839 nonzeros 0s
37631 rows, 53467 cols, 181241 nonzeros 0s
36028 rows, 48604 cols, 176204 nonzeros 0s
Presolve reductions: rows 36028(-83840); columns 48604(-91289); nonzeros 176204(-133825)
Solving MIP model with:
   36028 rows
   48604 cols (1670 binary, 0 integer, 0 implied int., 46934 continuous, 0 domain fixed)
   176204 nonzeros
Src: B => Branching; C => Central rounding; F => Feasibility pump; H => Heuristic;
     I => Shifting; J => Feasibility jump; L => Sub-MIP; P => Empty MIP; R => Randomized rounding;
     S => Solve LP; T => Evaluate node; U => Unbounded; X => User solution; Y => HiGHS solution;
     Z => ZI Round; l => Trivial lower; p => Trivial point; u => Trivial upper; z => Trivial zero
        Nodes      |    B&B Tree     |            Objective Bounds              |  Dynamic Constraints |       Work
Src  Proc. InQueue |  Leaves   Expl. | BestBound       BestSol              Gap |   Cuts   InLp Confl. | LpIters     Time
         0       0         0   0.00%   -377694972.7575 inf                  inf        0      0      0         0     1.6s
         0       0         0   0.00%   -102418744.6068 inf                  inf        0      0      3     29782     8.9s
 R       0       0         0   0.00%   -102414870.827  -102414544.8643    0.00%    10206    402      6     31705    12.5s
         0       0         0   0.00%   -102414870.827  -102414544.8643    0.00%    10206    310      6     39436    98.2s
85.4% inactive integer columns, restarting
Model after restart has 31951 rows, 39849 cols (99 bin., 0 int., 0 impl., 39750 cont., 0 dom.fix.), and 126075 nonzeros
         0       0         0   0.00%   -102414870.827  -102414544.8643    0.00%       56      0      0     39436    98.6s
17.2% inactive integer columns, restarting
Model after restart has 31901 rows, 39828 cols (78 bin., 0 int., 0 impl., 39750 cont., 0 dom.fix.), and 125831 nonzeros
         0       0         0   0.00%   -102414870.8107 -102414544.8643    0.00%       51      0      0     41682    99.9s
         0       0         0   0.00%   -102414870.8107 -102414544.8643    0.00%       51     51      0     41758   100.3s
         0       0         0   0.00%   -102414862.1719 -102414544.8643    0.00%     1461     57      0     44066   156.7s
37.2% inactive integer columns, restarting
Model after restart has 31806 rows, 39796 cols (47 bin., 0 int., 0 impl., 39749 cont., 0 dom.fix.), and 125463 nonzeros
         0       0         0   0.00%   -102414862.1719 -102414544.8643    0.00%       56      0      0     44066   157.0s
         0       0         0   0.00%   -102414862.1719 -102414544.8643    0.00%       56     56      0     44174   157.3s
         0       0         0   0.00%   -102414840.4625 -102414544.8643    0.00%     3118     71      0     49539   184.7s
17.0% inactive integer columns, restarting
Model after restart has 31787 rows, 39786 cols (38 bin., 0 int., 0 impl., 39748 cont., 0 dom.fix.), and 125384 nonzeros
         0       0         0   0.00%   -102414840.4625 -102414544.8643    0.00%       64      0      0     49539   185.0s
         0       0         0   0.00%   -102414840.4625 -102414544.8643    0.00%       64     63      0     49656   185.9s
15.8% inactive integer columns, restarting
Model after restart has 31773 rows, 39780 cols (32 bin., 0 int., 0 impl., 39748 cont., 0 dom.fix.), and 125335 nonzeros
         0       0         0   0.00%   -102414806.3113 -102414544.8643    0.00%       69      0      0     49673   189.9s
         0       0         0   0.00%   -102414806.3113 -102414544.8643    0.00%       69     69      0     49777   190.2s
         0       0         0   0.00%   -102414789.023  -102414544.8643    0.00%     4580     88      0     49796   196.4s
         0       0         0   0.00%   -102414767.6938 -102414544.8643    0.00%     6594    112      0     49816   202.6s
         0       0         0   0.00%   -102414753.5468 -102414544.8643    0.00%     8061    129      0     49830   207.8s
31.2% inactive integer columns, restarting
Model after restart has 31663 rows, 39770 cols (22 bin., 0 int., 0 impl., 39748 cont., 0 dom.fix.), and 124983 nonzeros
         0       0         0   0.00%   -102414719.1862 -102414544.8643    0.00%       64      0      0     49841   209.3s
13.6% inactive integer columns, restarting
Model after restart has 31659 rows, 39766 cols (18 bin., 0 int., 0 impl., 39748 cont., 0 dom.fix.), and 124965 nonzeros
         0       0         0   0.00%   -102414719.1862 -102414544.8643    0.00%       64      0      0     49907   209.9s
        Nodes      |    B&B Tree     |            Objective Bounds              |  Dynamic Constraints |       Work
Src  Proc. InQueue |  Leaves   Expl. | BestBound       BestSol              Gap |   Cuts   InLp Confl. | LpIters     Time
         0       0         0   0.00%   -102414719.1862 -102414544.8643    0.00%       64     64      0     49971   210.2s
         0       0         0   0.00%   -102414614.0875 -102414544.8643    0.00%     2091     73      0     49998   215.2s
77.8% inactive integer columns, restarting
Model after restart has 31520 rows, 39752 cols (4 bin., 0 int., 0 impl., 39748 cont., 0 dom.fix.), and 124524 nonzeros
         0       0         0   0.00%   -102414614.0875 -102414544.8643    0.00%       28      0      0     49998   215.4s
         0       0         0   0.00%   -102414614.0875 -102414544.8643    0.00%       28     28      0     50047   215.8s
         1       0         1 100.00%   -102414544.8643 -102414544.8643    0.00%      968     32      0     50052   220.9s
Solving report
  Status            Optimal
  Primal bound      -102414544.864
  Dual bound        -102414544.864
  Gap               0% (tolerance: 0%)
  P-D integral      0.000608557337896
  Solution status   feasible
                    -102414544.864 (objective)
                    0 (bound viol.)
                    7.1054273576e-16 (int. viol.)
                    0 (row viol.)
  Timing            220.87
  Max sub-MIP depth 3
  Nodes             1
  Repair LPs        0
  LP iterations     50052
                    0 (strong br.)
                    2083 (separation)
                    15357 (heuristics)
220.896168 seconds (450 allocations: 18.969 KiB)
Optimal solution found, objective function value: -1.024145448643048e8
Saving model results...  0.403673 seconds (4.27 M allocations: 149.194 MiB)
Postprocessing model results...  0.000061 seconds (48 allocations: 3.312 KiB)
Saving model outputs...  0.545091 seconds (2.76 M allocations: 170.350 MiB, 44.87% gc time)
Rolling model temporal structure...  0.517517 seconds (4.74 M allocations: 102.077 MiB)
Fixing model history...  0.041476 seconds (413.88 k allocations: 20.191 MiB)
Applying model non-anticipativity constraints...  0.000141 seconds (603 allocations: 32.203 KiB)
model - window 4 of 12: 2019-04-02T06:00~(4 weeks, 2 days, 10 hours)~>2019-05-02T16:00
Optimizing model...MIP has 119868 rows; 139893 cols; 310112 nonzeros; 2287 integer variables (0 binary)
Coefficient ranges:
  Matrix  [6e-03, 1e+05]
  Cost    [1e-03, 2e+09]
  Bound   [2e-15, 2e+04]
  RHS     [1e+00, 2e+03]
WARNING: Problem has some excessively large costs
WARNING: Problem has some excessively small column bounds
WARNING:    Consider scaling the objective by 1e-4, or setting the user_objective_scale option to -12
Presolving model
79042 rows, 71050 cols, 221171 nonzeros 0s
37623 rows, 53544 cols, 181250 nonzeros 0s
36170 rows, 49167 cols, 176813 nonzeros 0s
Presolve reductions: rows 36170(-83698); columns 49167(-90726); nonzeros 176813(-133299)
Solving MIP model with:
   36170 rows
   49167 cols (1667 binary, 0 integer, 0 implied int., 47500 continuous, 0 domain fixed)
   176813 nonzeros
Src: B => Branching; C => Central rounding; F => Feasibility pump; H => Heuristic;
     I => Shifting; J => Feasibility jump; L => Sub-MIP; P => Empty MIP; R => Randomized rounding;
     S => Solve LP; T => Evaluate node; U => Unbounded; X => User solution; Y => HiGHS solution;
     Z => ZI Round; l => Trivial lower; p => Trivial point; u => Trivial upper; z => Trivial zero
        Nodes      |    B&B Tree     |            Objective Bounds              |  Dynamic Constraints |       Work
Src  Proc. InQueue |  Leaves   Expl. | BestBound       BestSol              Gap |   Cuts   InLp Confl. | LpIters     Time
         0       0         0   0.00%   -377124365.1952 inf                  inf        0      0      0         0     1.5s
         0       0         0   0.00%   -45816280.7828  inf                  inf        0      0      3     30281     8.2s
 R       0       0         0   0.00%   -45811768.74759 -45811646.13397    0.00%    10066    459      6     32235    12.2s
         0       0         0   0.00%   -45811768.74759 -45811646.13397    0.00%    10066    355      6     64628    69.3s
92.0% inactive integer columns, restarting
Model after restart has 31675 rows, 38993 cols (41 bin., 0 int., 0 impl., 38952 cont., 0 dom.fix.), and 124588 nonzeros
         0       0         0   0.00%   -45811768.74759 -45811646.13397    0.00%       55      0      0     64628    69.6s
29.3% inactive integer columns, restarting
Model after restart has 31512 rows, 38975 cols (27 bin., 0 int., 0 impl., 38948 cont., 0 dom.fix.), and 124086 nonzeros
         0       0         0   0.00%   -45811768.73035 -45811646.13397    0.00%       40      0      0     65316    70.2s
         0       0         0   0.00%   -45811768.73035 -45811646.13397    0.00%       40     40      0     65365    70.5s
29.6% inactive integer columns, restarting
Model after restart has 31481 rows, 38967 cols (19 bin., 0 int., 0 impl., 38948 cont., 0 dom.fix.), and 123980 nonzeros
         0       0         0   0.00%   -45811757.84017 -45811646.13397    0.00%       41      0      0     65376    75.0s
         0       0         0   0.00%   -45811757.84017 -45811646.13397    0.00%       41     41      0     65435    75.3s
         0       0         0   0.00%   -45811743.39734 -45811646.13397    0.00%     1456     53      0     65452    81.2s
10.5% inactive integer columns, restarting
Model after restart has 31476 rows, 38965 cols (17 bin., 0 int., 0 impl., 38948 cont., 0 dom.fix.), and 123949 nonzeros
         0       0         0   0.00%   -45811743.39734 -45811646.13397    0.00%       43      0      0     65452    81.4s
         0       0         0   0.00%   -45811743.39734 -45811646.13397    0.00%       43     43      0     65521    81.7s
         0       0         0   0.00%   -45811735.89518 -45811646.13397    0.00%     1408     53      0     65530    87.4s
         0       0         0   0.00%   -45811708.95314 -45811646.13397    0.00%     1940     62      0     65537    92.5s
17.6% inactive integer columns, restarting
Model after restart has 31472 rows, 38962 cols (14 bin., 0 int., 0 impl., 38948 cont., 0 dom.fix.), and 123922 nonzeros
         0       0         0   0.00%   -45811708.95314 -45811646.13397    0.00%       48      0      0     65537    92.7s
14.3% inactive integer columns, restarting
Model after restart has 31470 rows, 38959 cols (11 bin., 0 int., 0 impl., 38948 cont., 0 dom.fix.), and 123913 nonzeros
         0       0         0   0.00%   -45811708.95314 -45811646.13397    0.00%       48      0      0     65620    93.3s
         0       0         0   0.00%   -45811708.95314 -45811646.13397    0.00%       48     48      0     65677    93.5s
         0       0         0   0.00%   -45811704.20254 -45811646.13397    0.00%      710     52      0     65681    99.8s
         0       0         0   0.00%   -45811646.96507 -45811646.13397    0.00%      878     54      0     65685   105.5s
72.7% inactive integer columns, restarting
Model after restart has 31343 rows, 38944 cols (1 bin., 0 int., 0 impl., 38943 cont., 0 dom.fix.), and 123525 nonzeros
         0       0         0   0.00%   -45811646.96507 -45811646.13397    0.00%       27      0      0     65685   106.0s
        Nodes      |    B&B Tree     |            Objective Bounds              |  Dynamic Constraints |       Work
Src  Proc. InQueue |  Leaves   Expl. | BestBound       BestSol              Gap |   Cuts   InLp Confl. | LpIters     Time
         0       0         0   0.00%   -45811646.96507 -45811646.13397    0.00%       27     27      0     66223   106.8s
         0       0         0   0.00%   -45811646.93344 -45811646.13397    0.00%       30     30      0     66226   113.1s
         1       0         1 100.00%   -45811646.13397 -45811646.13397    0.00%       30     30      2     66326   113.2s
Solving report
  Status            Optimal
  Primal bound      -45811646.134
  Dual bound        -45811646.134
  Gap               0% (tolerance: 0%)
  P-D integral      0.000221726574764
  Solution status   feasible
                    -45811646.134 (objective)
                    0 (bound viol.)
                    2.77555756156e-15 (int. viol.)
                    0 (row viol.)
  Timing            113.15
  Max sub-MIP depth 3
  Nodes             1
  Repair LPs        0
  LP iterations     66326
                    99 (strong br.)
                    2009 (separation)
                    32393 (heuristics)
113.185021 seconds (380 allocations: 16.000 KiB)
Optimal solution found, objective function value: -4.581164613396947e7
Saving model results...  0.358135 seconds (4.27 M allocations: 149.194 MiB)
Postprocessing model results...  0.000044 seconds (48 allocations: 3.312 KiB)
Saving model outputs...  0.286281 seconds (2.76 M allocations: 170.351 MiB)
Rolling model temporal structure...  0.559155 seconds (4.74 M allocations: 102.077 MiB)
Fixing model history...  0.043097 seconds (413.88 k allocations: 20.191 MiB)
Applying model non-anticipativity constraints...  0.000143 seconds (603 allocations: 32.203 KiB)
model - window 5 of 12: 2019-05-02T16:00~(4 weeks, 2 days, 10 hours)~>2019-06-02T02:00
Optimizing model...MIP has 119868 rows; 139893 cols; 310164 nonzeros; 2287 integer variables (0 binary)
Coefficient ranges:
  Matrix  [6e-03, 1e+05]
  Cost    [1e-03, 2e+09]
  Bound   [8e-03, 2e+04]
  RHS     [1e+00, 2e+03]
WARNING: Problem has some excessively large costs
WARNING:    Consider scaling the objective by 1e-4, or setting the user_objective_scale option to -12
Presolving model
79146 rows, 71154 cols, 221379 nonzeros 0s
37623 rows, 53596 cols, 181302 nonzeros 0s
36214 rows, 49347 cols, 177066 nonzeros 0s
Presolve reductions: rows 36214(-83654); columns 49347(-90546); nonzeros 177066(-133098)
Solving MIP model with:
   36214 rows
   49347 cols (1668 binary, 0 integer, 0 implied int., 47679 continuous, 0 domain fixed)
   177066 nonzeros
Src: B => Branching; C => Central rounding; F => Feasibility pump; H => Heuristic;
     I => Shifting; J => Feasibility jump; L => Sub-MIP; P => Empty MIP; R => Randomized rounding;
     S => Solve LP; T => Evaluate node; U => Unbounded; X => User solution; Y => HiGHS solution;
     Z => ZI Round; l => Trivial lower; p => Trivial point; u => Trivial upper; z => Trivial zero
        Nodes      |    B&B Tree     |            Objective Bounds              |  Dynamic Constraints |       Work
Src  Proc. InQueue |  Leaves   Expl. | BestBound       BestSol              Gap |   Cuts   InLp Confl. | LpIters     Time
         0       0         0   0.00%   -369802740.9414 inf                  inf        0      0      0         0     1.4s
         0       0         0   0.00%   -50726346.86155 inf                  inf        0      0      3     30443     9.7s
 R       0       0         0   0.00%   -50721957.76656 -50721418.33375    0.00%    10539    460      5     32725    13.5s
         0       0         0   0.00%   -50721957.76656 -50721418.33375    0.00%    10539    397      5     51195    32.5s
21.6% inactive integer columns, restarting
Model after restart has 33794 rows, 40173 cols (1198 bin., 0 int., 0 impl., 38975 cont., 0 dom.fix.), and 151500 nonzeros
         0       0         0   0.00%   -50721957.76656 -50721418.33375    0.00%      383      0      0     51195    33.6s
         0       0         0   0.00%   -50721957.76656 -50721418.33375    0.00%      383    288      2     68226    43.6s
95.2% inactive integer columns, restarting
Model after restart has 31560 rows, 38996 cols (21 bin., 0 int., 0 impl., 38975 cont., 0 dom.fix.), and 124162 nonzeros
         0       0         0   0.00%   -50721491.29673 -50721418.33375    0.00%       75      0      0     68445    46.2s
23.8% inactive integer columns, restarting
Model after restart has 31452 rows, 38990 cols (15 bin., 0 int., 0 impl., 38975 cont., 0 dom.fix.), and 123842 nonzeros
         0       0         0   0.00%   -50721491.29673 -50721418.33375    0.00%       67      0      0     69301    48.4s
13.3% inactive integer columns, restarting
Model after restart has 31447 rows, 38987 cols (12 bin., 0 int., 0 impl., 38975 cont., 0 dom.fix.), and 123820 nonzeros
         0       0         0   0.00%   -50721489.30424 -50721418.33375    0.00%       65      0      0     69404    53.2s
         0       0         0   0.00%   -50721489.30424 -50721418.33375    0.00%       65     65      0     69479    53.7s
100.0% inactive integer columns, restarting
Model after restart has 31260 rows, 38970 cols (0 bin., 0 int., 0 impl., 38970 cont., 0 dom.fix.), and 123251 nonzeros
         0       0         0   0.00%   -50721418.34239 -50721418.33375    0.00%        2      0      0     69482    55.5s
         0       0         0   0.00%   -50721418.34239 -50721418.33375    0.00%        2      0      0     69518    55.7s
         1       0         1 100.00%   -50721418.33375 -50721418.33375    0.00%        2      0      0     69518    55.8s
Solving report
  Status            Optimal
  Primal bound      -50721418.3337
  Dual bound        -50721418.3337
  Gap               0% (tolerance: 0%)
  P-D integral      0.000357320015237
  Solution status   feasible
                    -50721418.3337 (objective)
                    0 (bound viol.)
                    4.05342426291e-13 (int. viol.)
                    0 (row viol.)
  Timing            55.76
  Max sub-MIP depth 1
  Nodes             1
  Repair LPs        0
  LP iterations     69518
                    0 (strong br.)
                    2504 (separation)
                    18470 (heuristics)
 55.794610 seconds (170 allocations: 7.094 KiB)
Optimal solution found, objective function value: -5.072141833374501e7
Saving model results...  0.537698 seconds (4.27 M allocations: 149.194 MiB, 35.00% gc time)
Postprocessing model results...  0.000029 seconds (48 allocations: 3.312 KiB)
Saving model outputs...  0.290858 seconds (2.76 M allocations: 170.350 MiB)
Rolling model temporal structure...  0.521516 seconds (4.74 M allocations: 102.077 MiB)
Fixing model history...  0.040731 seconds (413.88 k allocations: 20.191 MiB)
model - window 6 of 12: 2019-06-02T02:00~(4 weeks, 2 days, 10 hours)~>2019-07-02T12:00
Applying model non-anticipativity constraints...  0.000102 seconds (603 allocations: 32.203 KiB)
Optimizing model...MIP has 119868 rows; 139893 cols; 310176 nonzeros; 2287 integer variables (0 binary)
Coefficient ranges:
  Matrix  [6e-03, 1e+05]
  Cost    [1e-03, 2e+09]
  Bound   [1e-16, 2e+04]
  RHS     [1e+00, 2e+03]
WARNING: Problem has some excessively large costs
WARNING: Problem has some excessively small column bounds
WARNING:    Consider scaling the objective by 1e-4, or setting the user_objective_scale option to -12
Presolving model
79170 rows, 71178 cols, 221427 nonzeros 0s
37623 rows, 53608 cols, 181314 nonzeros 0s
36222 rows, 49422 cols, 177103 nonzeros 0s
Presolve reductions: rows 36222(-83646); columns 49422(-90471); nonzeros 177103(-133073)
Solving MIP model with:
   36222 rows
   49422 cols (1667 binary, 0 integer, 0 implied int., 47755 continuous, 0 domain fixed)
   177103 nonzeros
Src: B => Branching; C => Central rounding; F => Feasibility pump; H => Heuristic;
     I => Shifting; J => Feasibility jump; L => Sub-MIP; P => Empty MIP; R => Randomized rounding;
     S => Solve LP; T => Evaluate node; U => Unbounded; X => User solution; Y => HiGHS solution;
     Z => ZI Round; l => Trivial lower; p => Trivial point; u => Trivial upper; z => Trivial zero
        Nodes      |    B&B Tree     |            Objective Bounds              |  Dynamic Constraints |       Work
Src  Proc. InQueue |  Leaves   Expl. | BestBound       BestSol              Gap |   Cuts   InLp Confl. | LpIters     Time
         0       0         0   0.00%   -386284410.6671 inf                  inf        0      0      0         0     1.4s
         0       0         0   0.00%   -46079583.29401 inf                  inf        0      0      3     29615     8.0s
 R       0       0         0   0.00%   -46075115.1788  -46075079.06982    0.00%     5503    525      8     32060    13.5s
 L       0       0         0   0.00%   -46075115.1788  -46075079.06982    0.00%     5503    525      8     32060    23.2s
85.2% inactive integer columns, restarting
Model after restart has 32154 rows, 39009 cols (89 bin., 0 int., 0 impl., 38920 cont., 0 dom.fix.), and 126111 nonzeros
         0       0         0   0.00%   -46075115.1788  -46075079.06982    0.00%      237      0      0     32790    23.5s
11.2% inactive integer columns, restarting
Model after restart has 32115 rows, 38989 cols (71 bin., 0 int., 0 impl., 38918 cont., 0 dom.fix.), and 125896 nonzeros
         0       0         0   0.00%   -46075115.14744 -46075079.06982    0.00%      225      0      0     36022    25.3s
         0       0         0   0.00%   -46075115.14744 -46075079.06982    0.00%      225    225      0     38023    33.0s
         0       0         0   0.00%   -46075098.4035  -46075079.06982    0.00%      879    236      0     38039    38.4s
         0       0         0   0.00%   -46075098.4035  -46075079.06982    0.00%      879    228      0     40087    55.4s
38.0% inactive integer columns, restarting
Model after restart has 32045 rows, 38947 cols (36 bin., 0 int., 0 impl., 38911 cont., 0 dom.fix.), and 125588 nonzeros
         0       0         0   0.00%   -46075098.4035  -46075079.06982    0.00%      217      0      0     40087    55.6s
         0       0         0   0.00%   -46075098.4035  -46075079.06982    0.00%      217    215      0     41593    57.4s
         0       0         0   0.00%   -46075096.49482 -46075079.06982    0.00%      220    215      0     46297    75.9s
13.9% inactive integer columns, restarting
Model after restart has 32016 rows, 38941 cols (30 bin., 0 int., 0 impl., 38911 cont., 0 dom.fix.), and 125503 nonzeros
         0       0         0   0.00%   -46075096.49482 -46075079.06982    0.00%      208      0      0     46297    76.1s
         0       0         0   0.00%   -46075096.49482 -46075079.06982    0.00%      208    208      0     46583    77.0s
         0       0         0   0.00%   -46075087.89679 -46075079.06982    0.00%      211    205      0     47240    87.3s
23.3% inactive integer columns, restarting
Model after restart has 32003 rows, 38930 cols (19 bin., 0 int., 0 impl., 38911 cont., 0 dom.fix.), and 125460 nonzeros
         0       0         0   0.00%   -46075087.89679 -46075079.06982    0.00%      205      0      0     47240    87.5s
         0       0         0   0.00%   -46075087.89679 -46075079.06982    0.00%      205    205      0     47787    88.6s
         0       0         0   0.00%   -46075085.15872 -46075079.06982    0.00%      209    205      0     49995   106.1s
5.3% inactive integer columns, restarting
Model after restart has 32002 rows, 38929 cols (18 bin., 0 int., 0 impl., 38911 cont., 0 dom.fix.), and 125455 nonzeros
         0       0         0   0.00%   -46075085.15872 -46075079.06982    0.00%      205      0      0     49995   106.4s
         0       0         0   0.00%   -46075085.15872 -46075079.06982    0.00%      205    205      0     50268   107.4s
        Nodes      |    B&B Tree     |            Objective Bounds              |  Dynamic Constraints |       Work
Src  Proc. InQueue |  Leaves   Expl. | BestBound       BestSol              Gap |   Cuts   InLp Confl. | LpIters     Time
         0       0         0   0.00%   -46075085.15872 -46075079.06982    0.00%      205    205      0     52481   121.3s
         1       0         1 100.00%   -46075079.06982 -46075079.06982    0.00%      205    205      7     53744   125.6s
Solving report
  Status            Optimal
  Primal bound      -46075079.0698
  Dual bound        -46075079.0698
  Gap               0% (tolerance: 0%)
  P-D integral      4.24034167674e-05
  Solution status   feasible
                    -46075079.0698 (objective)
                    0 (bound viol.)
                    0 (int. viol.)
                    0 (row viol.)
  Timing            125.63
  Max sub-MIP depth 2
  Nodes             1
  Repair LPs        0
  LP iterations     53744
                    421 (strong br.)
                    2471 (separation)
                    13385 (heuristics)
125.654203 seconds (429 allocations: 18.078 KiB)
Optimal solution found, objective function value: -4.6075079069823615e7
Saving model results...  0.380512 seconds (4.27 M allocations: 149.194 MiB)
Postprocessing model results...  0.000247 seconds (48 allocations: 3.312 KiB)
Saving model outputs...  0.544182 seconds (2.76 M allocations: 170.351 MiB, 33.02% gc time)
Rolling model temporal structure...  0.528717 seconds (4.74 M allocations: 102.077 MiB)
Fixing model history...  0.042275 seconds (413.88 k allocations: 20.191 MiB)
Applying model non-anticipativity constraints...  0.000097 seconds (603 allocations: 32.203 KiB)
model - window 7 of 12: 2019-07-02T12:00~(4 weeks, 2 days, 10 hours)~>2019-08-01T22:00
Optimizing model...MIP has 119868 rows; 139893 cols; 310173 nonzeros; 2287 integer variables (0 binary)
Coefficient ranges:
  Matrix  [6e-03, 1e+05]
  Cost    [1e-03, 2e+09]
  Bound   [5e-03, 2e+04]
  RHS     [1e+00, 2e+03]
WARNING: Problem has some excessively large costs
WARNING:    Consider scaling the objective by 1e-4, or setting the user_objective_scale option to -12
Presolving model
79164 rows, 71172 cols, 221415 nonzeros 0s
37623 rows, 53605 cols, 181311 nonzeros 0s
36236 rows, 49445 cols, 177186 nonzeros 0s
Presolve reductions: rows 36236(-83632); columns 49445(-90448); nonzeros 177186(-132987)
Solving MIP model with:
   36236 rows
   49445 cols (1668 binary, 0 integer, 0 implied int., 47777 continuous, 0 domain fixed)
   177186 nonzeros
Src: B => Branching; C => Central rounding; F => Feasibility pump; H => Heuristic;
     I => Shifting; J => Feasibility jump; L => Sub-MIP; P => Empty MIP; R => Randomized rounding;
     S => Solve LP; T => Evaluate node; U => Unbounded; X => User solution; Y => HiGHS solution;
     Z => ZI Round; l => Trivial lower; p => Trivial point; u => Trivial upper; z => Trivial zero
        Nodes      |    B&B Tree     |            Objective Bounds              |  Dynamic Constraints |       Work
Src  Proc. InQueue |  Leaves   Expl. | BestBound       BestSol              Gap |   Cuts   InLp Confl. | LpIters     Time
         0       0         0   0.00%   -405615581.1669 inf                  inf        0      0      0         0     1.5s
         0       0         0   0.00%   -41778996.00995 inf                  inf        0      0      3     28955    12.4s
 R       0       0         0   0.00%   -41773587.05027 -41772251.38902    0.00%    10605    523      6     29897    16.1s
 C       0       0         0   0.00%   -41773479.89613 -41773479.46761    0.00%     2790    602      6     29975    19.9s
         1       0         1 100.00%   -41773479.46761 -41773479.46761    0.00%     2797    603      6     29976    21.6s
Solving report
  Status            Optimal
  Primal bound      -41773479.4676
  Dual bound        -41773479.4676
  Gap               0% (tolerance: 0%)
  P-D integral      0.000120075231027
  Solution status   feasible
                    -41773479.4676 (objective)
                    0 (bound viol.)
                    4.88498130835e-15 (int. viol.)
                    0 (row viol.)
  Timing            21.61
  Max sub-MIP depth 0
  Nodes             1
  Repair LPs        0
  LP iterations     29976
                    0 (strong br.)
                    1021 (separation)
                    0 (heuristics)
 21.635505 seconds (72 allocations: 2.938 KiB)
Optimal solution found, objective function value: -4.177347946761112e7
Saving model results...  0.345938 seconds (4.27 M allocations: 149.194 MiB)
Postprocessing model results...  0.000038 seconds (48 allocations: 3.312 KiB)
Saving model outputs...  0.293091 seconds (2.76 M allocations: 170.351 MiB)
Rolling model temporal structure...  0.519006 seconds (4.74 M allocations: 102.077 MiB)
Fixing model history...  0.039984 seconds (413.88 k allocations: 20.191 MiB)
Applying model non-anticipativity constraints...  0.000103 seconds (603 allocations: 32.203 KiB)
model - window 8 of 12: 2019-08-01T22:00~(4 weeks, 2 days, 10 hours)~>2019-09-01T08:00
Optimizing model...MIP has 119868 rows; 139893 cols; 310126 nonzeros; 2287 integer variables (0 binary)
Coefficient ranges:
  Matrix  [6e-03, 1e+05]
  Cost    [1e-03, 2e+09]
  Bound   [3e-03, 2e+04]
  RHS     [1e+00, 2e+03]
WARNING: Problem has some excessively large costs
WARNING:    Consider scaling the objective by 1e-4, or setting the user_objective_scale option to -12
Presolving model
79070 rows, 71078 cols, 221227 nonzeros 0s
37639 rows, 53570 cols, 181412 nonzeros 0s
36205 rows, 49256 cols, 177096 nonzeros 0s
Presolve reductions: rows 36205(-83663); columns 49256(-90637); nonzeros 177096(-133030)
Solving MIP model with:
   36205 rows
   49256 cols (1672 binary, 0 integer, 0 implied int., 47584 continuous, 0 domain fixed)
   177096 nonzeros
Src: B => Branching; C => Central rounding; F => Feasibility pump; H => Heuristic;
     I => Shifting; J => Feasibility jump; L => Sub-MIP; P => Empty MIP; R => Randomized rounding;
     S => Solve LP; T => Evaluate node; U => Unbounded; X => User solution; Y => HiGHS solution;
     Z => ZI Round; l => Trivial lower; p => Trivial point; u => Trivial upper; z => Trivial zero
        Nodes      |    B&B Tree     |            Objective Bounds              |  Dynamic Constraints |       Work
Src  Proc. InQueue |  Leaves   Expl. | BestBound       BestSol              Gap |   Cuts   InLp Confl. | LpIters     Time
         0       0         0   0.00%   -394184476.3329 inf                  inf        0      0      0         0     1.4s
         0       0         0   0.00%   -36306688.80932 inf                  inf        0      0      2     30256     7.9s
 R       0       0         0   0.00%   -36302344.93301 -36302190.49267    0.00%    11294    443      5     32123    11.3s
 L       0       0         0   0.00%   -36302344.93301 -36302190.49267    0.00%    11294    443      5     33156    31.6s
89.8% inactive integer columns, restarting
Model after restart has 31659 rows, 38794 cols (39 bin., 0 int., 0 impl., 38755 cont., 0 dom.fix.), and 124430 nonzeros
         0       0         0   0.00%   -36302344.93301 -36302190.49267    0.00%      106      0      0     34174    32.0s
33.3% inactive integer columns, restarting
Model after restart has 31471 rows, 38780 cols (26 bin., 0 int., 0 impl., 38754 cont., 0 dom.fix.), and 123835 nonzeros
         0       0         0   0.00%   -36302344.91899 -36302190.49267    0.00%       87      0      0     35403    32.9s
         0       0         0   0.00%   -36302344.91899 -36302190.49267    0.00%       87     85      0     35791    33.3s
         1       0         1 100.00%   -36302190.49267 -36302190.49267    0.00%     4979     89      0     35798    35.8s
Solving report
  Status            Optimal
  Primal bound      -36302190.4927
  Dual bound        -36302190.4927
  Gap               0% (tolerance: 0%)
  P-D integral      0.000104382634443
  Solution status   feasible
                    -36302190.4927 (objective)
                    0 (bound viol.)
                    0 (int. viol.)
                    0 (row viol.)
  Timing            35.83
  Max sub-MIP depth 2
  Nodes             1
  Repair LPs        0
  LP iterations     35798
                    0 (strong br.)
                    1874 (separation)
                    2051 (heuristics)
 35.859890 seconds (114 allocations: 4.719 KiB)
Optimal solution found, objective function value: -3.630219049267499e7
Saving model results...  0.348484 seconds (4.27 M allocations: 149.194 MiB)
Postprocessing model results...  0.000048 seconds (48 allocations: 3.312 KiB)
Saving model outputs...  0.448771 seconds (2.76 M allocations: 170.350 MiB, 38.29% gc time)
Rolling model temporal structure...  0.518797 seconds (4.74 M allocations: 102.077 MiB)
Fixing model history...  0.040020 seconds (413.88 k allocations: 20.191 MiB)
Applying model non-anticipativity constraints...  0.000097 seconds (603 allocations: 32.203 KiB)
model - window 9 of 12: 2019-09-01T08:00~(4 weeks, 2 days, 10 hours)~>2019-10-01T18:00
Optimizing model...MIP has 119868 rows; 139893 cols; 310068 nonzeros; 2287 integer variables (0 binary)
Coefficient ranges:
  Matrix  [6e-03, 1e+05]
  Cost    [1e-03, 2e+09]
  Bound   [2e-02, 2e+04]
  RHS     [1e+00, 2e+03]
WARNING: Problem has some excessively large costs
WARNING:    Consider scaling the objective by 1e-4, or setting the user_objective_scale option to -12
Presolving model
78954 rows, 70962 cols, 220995 nonzeros 0s
37623 rows, 53500 cols, 181206 nonzeros 0s
36097 rows, 48833 cols, 176435 nonzeros 0s
Presolve reductions: rows 36097(-83771); columns 48833(-91060); nonzeros 176435(-133633)
Solving MIP model with:
   36097 rows
   48833 cols (1668 binary, 0 integer, 0 implied int., 47165 continuous, 0 domain fixed)
   176435 nonzeros
Src: B => Branching; C => Central rounding; F => Feasibility pump; H => Heuristic;
     I => Shifting; J => Feasibility jump; L => Sub-MIP; P => Empty MIP; R => Randomized rounding;
     S => Solve LP; T => Evaluate node; U => Unbounded; X => User solution; Y => HiGHS solution;
     Z => ZI Round; l => Trivial lower; p => Trivial point; u => Trivial upper; z => Trivial zero
        Nodes      |    B&B Tree     |            Objective Bounds              |  Dynamic Constraints |       Work
Src  Proc. InQueue |  Leaves   Expl. | BestBound       BestSol              Gap |   Cuts   InLp Confl. | LpIters     Time
         0       0         0   0.00%   -365876514.597  inf                  inf        0      0      0         0     1.4s
         0       0         0   0.00%   -75340387.3541  inf                  inf        0      0      3     29761     7.8s
 R       0       0         0   0.00%   -75339637.30242 2.72822696e+11   100.03%     6389    206      3     30791    12.8s
 C       0       0         0   0.00%   -75336194.17832 -75336144.01832    0.00%     4837    470      3     31625    16.2s
 T       0       0         0   0.00%   -75336194.17832 -75336194.17832    0.00%     4837    470      3     31625    16.2s
         1       0         1 100.00%   -75336194.17832 -75336194.17832    0.00%     4837    470      3     31625    16.2s
Solving report
  Status            Optimal
  Primal bound      -75336194.1783
  Dual bound        -75336194.1783
  Gap               0% (tolerance: 0%)
  P-D integral      3.3573540714
  Solution status   feasible
                    -75336194.1783 (objective)
                    0 (bound viol.)
                    2.21509884464e-13 (int. viol.)
                    0 (row viol.)
  Timing            16.20
  Max sub-MIP depth 0
  Nodes             1
  Repair LPs        0
  LP iterations     31625
                    0 (strong br.)
                    1864 (separation)
                    0 (heuristics)
 16.225999 seconds (58 allocations: 2.344 KiB)
Optimal solution found, objective function value: -7.533619417831859e7
Saving model results...  0.335570 seconds (4.27 M allocations: 149.194 MiB)
Postprocessing model results...  0.000039 seconds (48 allocations: 3.312 KiB)
Saving model outputs...  0.284269 seconds (2.76 M allocations: 170.351 MiB)
Rolling model temporal structure...  0.540052 seconds (4.74 M allocations: 102.077 MiB)
Fixing model history...  0.041046 seconds (413.88 k allocations: 20.191 MiB)
Applying model non-anticipativity constraints...  0.000114 seconds (603 allocations: 32.203 KiB)
model - window 10 of 12: 2019-10-01T18:00~(4 weeks, 2 days, 10 hours)~>2019-11-01T04:00
Optimizing model...MIP has 119868 rows; 139893 cols; 310000 nonzeros; 2287 integer variables (0 binary)
Coefficient ranges:
  Matrix  [6e-03, 1e+05]
  Cost    [1e-03, 2e+09]
  Bound   [1e-17, 2e+04]
  RHS     [1e+00, 2e+03]
WARNING: Problem has some excessively large costs
WARNING: Problem has some excessively small column bounds
WARNING:    Consider scaling the objective by 1e-4, or setting the user_objective_scale option to -12
Presolving model
78818 rows, 70826 cols, 220723 nonzeros 0s
37623 rows, 53432 cols, 181138 nonzeros 0s
36054 rows, 48584 cols, 176143 nonzeros 0s
Presolve reductions: rows 36054(-83814); columns 48584(-91309); nonzeros 176143(-133857)
Solving MIP model with:
   36054 rows
   48584 cols (1668 binary, 0 integer, 0 implied int., 46916 continuous, 0 domain fixed)
   176143 nonzeros
Src: B => Branching; C => Central rounding; F => Feasibility pump; H => Heuristic;
     I => Shifting; J => Feasibility jump; L => Sub-MIP; P => Empty MIP; R => Randomized rounding;
     S => Solve LP; T => Evaluate node; U => Unbounded; X => User solution; Y => HiGHS solution;
     Z => ZI Round; l => Trivial lower; p => Trivial point; u => Trivial upper; z => Trivial zero
        Nodes      |    B&B Tree     |            Objective Bounds              |  Dynamic Constraints |       Work
Src  Proc. InQueue |  Leaves   Expl. | BestBound       BestSol              Gap |   Cuts   InLp Confl. | LpIters     Time
         0       0         0   0.00%   -375633819.4478 inf                  inf        0      0      0         0     1.3s
         0       0         0   0.00%   -63250678.34331 inf                  inf        0      0      2     29743     7.7s
 R       0       0         0   0.00%   -63246394.47918 1.69692123e+11   100.04%    11325    371      5     31561    12.1s
 C       0       0         0   0.00%   -63245802.57146 -63245626.03021    0.00%     2330    393      5     31718    16.4s
 L       0       0         0   0.00%   -63245802.57146 -63245653.15021    0.00%     2330    393      5     31718    21.0s
         0       0         0   0.00%   -63245800.19886 -63245653.15021    0.00%     2504    299      5     32755    35.6s
94.8% inactive integer columns, restarting
Model after restart has 31533 rows, 39159 cols (18 bin., 0 int., 0 impl., 39141 cont., 0 dom.fix.), and 124183 nonzeros
         0       0         0   0.00%   -63245800.19886 -63245653.15021    0.00%       36      0      0     32755    35.9s
         0       0         0   0.00%   -63245800.18815 -63245653.15021    0.00%       36     32      0     33300    36.4s
         0       0         0   0.00%   -63245794.36797 -63245653.15021    0.00%      682     43      0     33309    42.5s
         0       0         0   0.00%   -63245791.39995 -63245653.15021    0.00%      947     53      0     33319    48.0s
         1       0         1 100.00%   -63245653.15021 -63245653.15021    0.00%     1022     55      0     33326    49.2s
Solving report
  Status            Optimal
  Primal bound      -63245653.1502
  Dual bound        -63245653.1502
  Gap               0% (tolerance: 0%)
  P-D integral      4.33226557944
  Solution status   feasible
                    -63245653.1502 (objective)
                    0 (bound viol.)
                    0 (int. viol.)
                    0 (row viol.)
  Timing            49.20
  Max sub-MIP depth 2
  Nodes             1
  Repair LPs        0
  LP iterations     33326
                    0 (strong br.)
                    2010 (separation)
                    1028 (heuristics)
 49.220906 seconds (184 allocations: 7.688 KiB)
Optimal solution found, objective function value: -6.32456531502094e7
Saving model results...  1.746153 seconds (4.27 M allocations: 149.194 MiB, 70.50% gc time)
Postprocessing model results...  0.000032 seconds (48 allocations: 3.312 KiB)
Saving model outputs...  0.395392 seconds (2.76 M allocations: 170.350 MiB)
Rolling model temporal structure...  0.574382 seconds (4.74 M allocations: 102.077 MiB)
Fixing model history...  0.041965 seconds (413.88 k allocations: 20.191 MiB)
Applying model non-anticipativity constraints...  0.000113 seconds (603 allocations: 32.203 KiB)
model - window 11 of 12: 2019-11-01T04:00~(4 weeks, 2 days, 10 hours)~>2019-12-01T14:00
Optimizing model...MIP has 119868 rows; 139893 cols; 309934 nonzeros; 2287 integer variables (0 binary)
Coefficient ranges:
  Matrix  [6e-03, 1e+05]
  Cost    [1e-03, 2e+09]
  Bound   [1e-02, 2e+04]
  RHS     [1e+00, 2e+03]
WARNING: Problem has some excessively large costs
WARNING:    Consider scaling the objective by 1e-4, or setting the user_objective_scale option to -12
Presolving model
78686 rows, 70694 cols, 220459 nonzeros 0s
37623 rows, 53366 cols, 181072 nonzeros 0s
35990 rows, 48265 cols, 175760 nonzeros 0s
Presolve reductions: rows 35990(-83878); columns 48265(-91628); nonzeros 175760(-134174)
Solving MIP model with:
   35990 rows
   48265 cols (1668 binary, 0 integer, 0 implied int., 46597 continuous, 0 domain fixed)
   175760 nonzeros
Src: B => Branching; C => Central rounding; F => Feasibility pump; H => Heuristic;
     I => Shifting; J => Feasibility jump; L => Sub-MIP; P => Empty MIP; R => Randomized rounding;
     S => Solve LP; T => Evaluate node; U => Unbounded; X => User solution; Y => HiGHS solution;
     Z => ZI Round; l => Trivial lower; p => Trivial point; u => Trivial upper; z => Trivial zero
        Nodes      |    B&B Tree     |            Objective Bounds              |  Dynamic Constraints |       Work
Src  Proc. InQueue |  Leaves   Expl. | BestBound       BestSol              Gap |   Cuts   InLp Confl. | LpIters     Time
         0       0         0   0.00%   -415094260.5208 inf                  inf        0      0      0         0     1.6s
         0       0         0   0.00%   -76047250.03064 inf                  inf        0      0      3     29676    12.0s
 R       0       0         0   0.00%   -76041557.45324 -76041518.0142     0.00%    11204    428      6     30475    15.3s
         1       0         1 100.00%   -76041518.0142  -76041518.0142     0.00%      947    445     10     30686    17.6s
Solving report
  Status            Optimal
  Primal bound      -76041518.0142
  Dual bound        -76041518.0142
  Gap               0% (tolerance: 0%)
  P-D integral      1.17019836363e-06
  Solution status   feasible
                    -76041518.0142 (objective)
                    0 (bound viol.)
                    2.22044604925e-15 (int. viol.)
                    0 (row viol.)
  Timing            17.59
  Max sub-MIP depth 0
  Nodes             1
  Repair LPs        0
  LP iterations     30686
                    0 (strong br.)
                    806 (separation)
                    204 (heuristics)
 17.612682 seconds (86 allocations: 3.531 KiB)
Optimal solution found, objective function value: -7.604151801420239e7
Saving model results...  0.344737 seconds (4.27 M allocations: 149.194 MiB)
Postprocessing model results...  0.000041 seconds (48 allocations: 3.312 KiB)
Saving model outputs...  3.515476 seconds (2.76 M allocations: 170.370 MiB, 91.60% gc time)
Rolling model temporal structure...  0.557234 seconds (4.74 M allocations: 102.032 MiB)
Fixing model history...  0.039601 seconds (413.88 k allocations: 20.191 MiB)
Applying model non-anticipativity constraints...  0.000138 seconds (603 allocations: 32.203 KiB)
model - window 12 of 12: 2019-12-01T14:00~(4 weeks, 2 days, 10 hours)~>2020-01-01T00:00
Optimizing model...MIP has 119868 rows; 139893 cols; 309882 nonzeros; 2287 integer variables (0 binary)
Coefficient ranges:
  Matrix  [6e-03, 1e+05]
  Cost    [1e-03, 2e+09]
  Bound   [1e-16, 2e+04]
  RHS     [1e+00, 2e+03]
WARNING: Problem has some excessively large costs
WARNING: Problem has some excessively small column bounds
WARNING:    Consider scaling the objective by 1e-4, or setting the user_objective_scale option to -12
Presolving model
78582 rows, 70590 cols, 220251 nonzeros 0s
37623 rows, 53314 cols, 181020 nonzeros 0s
35900 rows, 47959 cols, 175364 nonzeros 0s
Presolve reductions: rows 35900(-83968); columns 47959(-91934); nonzeros 175364(-134518)
Solving MIP model with:
   35900 rows
   47959 cols (1668 binary, 0 integer, 0 implied int., 46291 continuous, 0 domain fixed)
   175364 nonzeros
Src: B => Branching; C => Central rounding; F => Feasibility pump; H => Heuristic;
     I => Shifting; J => Feasibility jump; L => Sub-MIP; P => Empty MIP; R => Randomized rounding;
     S => Solve LP; T => Evaluate node; U => Unbounded; X => User solution; Y => HiGHS solution;
     Z => ZI Round; l => Trivial lower; p => Trivial point; u => Trivial upper; z => Trivial zero
        Nodes      |    B&B Tree     |            Objective Bounds              |  Dynamic Constraints |       Work
Src  Proc. InQueue |  Leaves   Expl. | BestBound       BestSol              Gap |   Cuts   InLp Confl. | LpIters     Time
         0       0         0   0.00%   -390351684.2786 inf                  inf        0      0      0         0     1.5s
         0       0         0   0.00%   -114893554.0165 inf                  inf        0      0      2     29625     7.4s
 R       0       0         0   0.00%   -114890094.5502 -114890094.5502    0.00%    10181    400      5     31432    11.6s
         1       0         1 100.00%   -114890094.5502 -114890094.5502    0.00%    10181    400      5     31432    11.7s
Solving report
  Status            Optimal
  Primal bound      -114890094.55
  Dual bound        -114890094.55
  Gap               0% (tolerance: 0%)
  P-D integral      0
  Solution status   feasible
                    -114890094.55 (objective)
                    0 (bound viol.)
                    6.66133814775e-16 (int. viol.)
                    0 (row viol.)
  Timing            11.67
  Max sub-MIP depth 0
  Nodes             1
  Repair LPs        0
  LP iterations     31432
                    0 (strong br.)
                    1807 (separation)
                    0 (heuristics)
 11.704519 seconds (37 allocations: 1.453 KiB)
Optimal solution found, objective function value: -1.148900945501923e8
Saving model results...  0.349936 seconds (4.27 M allocations: 149.194 MiB)
Postprocessing model results...  0.000033 seconds (48 allocations: 3.312 KiB)
Saving model outputs...  0.277886 seconds (2.76 M allocations: 170.351 MiB)
Rolling model temporal structure...  0.000043 seconds (47 allocations: 1.312 KiB)
Rolling complete
Solve complete. Started at 2026-07-29T09:50:13.426, ended at 2026-07-29T10:11:02.694, elapsed time: 20 minutes, 49 seconds, 268 milliseconds
Time summary:
Action                                           │ min       │ max        │ avg
─────────────────────────────────────────────────┼───────────┼────────────┼───────────────────────
Postprocessing model results...                  │ 2.9e-5    │ 0.000247   │ 6.508333333333333e-5
Fixing model history...                          │ 0.039601  │ 0.049578   │ 0.04240836363636364
Applying model non-anticipativity constraints... │ 9.7e-5    │ 0.000173   │ 0.00012527272727272726
Rolling model temporal structure...              │ 4.3e-5    │ 0.943676   │ 0.5427400833333333
Saving model results...                          │ 0.33557   │ 1.746153   │ 0.5062260833333334
Optimizing model...                              │ 11.704519 │ 536.454997 │ 102.11642133333332
Saving model outputs...                          │ 0.277886  │ 3.515476   │ 0.6504044166666667
Writing report to sqlite:///C:\Users\jfg.eco\Documents\GitHub\Nord_H2ub\Spine_Projects\02_basic_energy_model\.spinetoolbox\items\outputtest\OutputTest.sqlite?spinedbfilter=cfg%3Aexecution%3A%7B%22execution_item%22%3A+%22Run+SpineOpt%22%2C+%22scenarios%22%3A+%5B%5D%2C+%22timestamp%22%3A+%222026-07-29T09%3A47%3A35%22%7D...  3.314071 seconds (22.22 M allocations: 1.329 GiB, 9.08% gc time)
Execution complete. Started at 2026-07-29T09:47:37.436, ended at 2026-07-29T10:11:14.406, elapsed time: 23 minutes, 36 seconds, 970 milliseconds
A JuMP Model
├ solver: HiGHS
├ objective_sense: MIN_SENSE
│ └ objective_function_type: JuMP.AffExpr
├ num_variables: 139893
├ num_constraints: 248178
│ ├ JuMP.AffExpr in MOI.EqualTo{Float64}: 33672
│ ├ JuMP.AffExpr in MOI.GreaterThan{Float64}: 30688
│ ├ JuMP.AffExpr in MOI.LessThan{Float64}: 55508
│ ├ JuMP.VariableRef in MOI.EqualTo{Float64}: 900
│ ├ JuMP.VariableRef in MOI.GreaterThan{Float64}: 121442
│ ├ JuMP.VariableRef in MOI.LessThan{Float64}: 3681
│ └ JuMP.VariableRef in MOI.Integer: 2287
└ Names registered in the model: none
