### Spine execution log file
### Item name: Run SpineOpt
### Filter id: 
### Part: 1

# Running julia run_spineopt.jl http://127.0.0.1:59843 http://127.0.0.1:59846
2-element Vector{String}:
 "http://127.0.0.1:59843"
 "http://127.0.0.1:59846"
Running SpineOpt...
[SpineOpt version 0.10.2 (git hash: N/A)]
[SpineInterface version 0.15.2 (git hash: N/A)]
Execution started at 2026-01-15T15:18:02.166
Reading input data from sqlite:///C:\Users\jfg.eco\Documents\Nord_H2ub\Spine_Projects\02_basic_energy_model\.spinetoolbox\items\input\Input.sqlite...
Initializing  data structure from db...  0.846869 seconds (458.76 k allocations: 55.119 MiB, 19.88% gc time, 24.05% compilation time)
Preprocessing  data structure...  0.074408 seconds (34.22 k allocations: 2.545 MiB, 54.51% compilation time)
Checking  data structure...  0.011988 seconds (5.67 k allocations: 472.375 KiB, 92.80% compilation time)
Build started at 2026-01-15T15:18:04.409
Creating model temporal structure...[ Info: the last time slice of temporal block Default_Investment_period has been cut to fit within the block
[ Info: the last time slice of temporal block daily has been cut to fit within the block
273.131881 seconds (433.57 M allocations: 20.769 GiB, 91.88% gc time, 0.00% compilation time)
Creating model stochastic structure... 15.567933 seconds (2.80 M allocations: 600.251 MiB, 98.19% gc time, 0.04% compilation time)
Adding model independent variables...
- [variable_binary_gas_connection_flow]  0.415420 seconds (2.33 M allocations: 35.609 MiB, 83.67% gc time)
- [variable_connection_flow]  4.716889 seconds (2.83 M allocations: 94.737 MiB, 96.25% gc time, 1.62% compilation time)
- [variable_connection_intact_flow]  0.123628 seconds (2.74 M allocations: 85.070 MiB, 28.76% gc time)
- [variable_connections_decommissioned]  0.079939 seconds (2.34 M allocations: 36.097 MiB, 17.04% gc time)
- [variable_connections_invested]  6.543052 seconds (15.84 M allocations: 1.282 GiB, 86.39% gc time)
- [variable_connections_invested_available] 16.008372 seconds (16.51 M allocations: 1.319 GiB, 94.27% gc time, 0.05% compilation time)
- [variable_min_capacity_margin_slack]  0.081618 seconds (2.33 M allocations: 35.577 MiB, 20.95% gc time)
- [variable_node_injection]  0.093367 seconds (2.57 M allocations: 60.698 MiB, 14.70% gc time)
- [variable_node_pressure]  0.083987 seconds (2.33 M allocations: 35.580 MiB, 19.56% gc time)
- [variable_node_slack_neg]  0.090640 seconds (2.55 M allocations: 56.383 MiB, 15.60% gc time)
- [variable_node_slack_pos]  0.095502 seconds (2.55 M allocations: 56.385 MiB, 15.41% gc time)
- [variable_node_state]  0.096006 seconds (2.40 M allocations: 41.585 MiB, 17.98% gc time, 8.08% compilation time)
- [variable_node_voltage_angle]  0.090493 seconds (2.33 M allocations: 35.579 MiB, 24.00% gc time)
- [variable_nonspin_units_shut_down]  0.082314 seconds (2.33 M allocations: 35.589 MiB, 22.14% gc time)
- [variable_nonspin_units_started_up]  0.078309 seconds (2.33 M allocations: 35.583 MiB, 15.32% gc time)
- [variable_storages_decommissioned]  0.076632 seconds (2.33 M allocations: 35.755 MiB, 13.89% gc time)
- [variable_storages_invested]  0.310010 seconds (4.37 M allocations: 254.477 MiB, 34.18% gc time, 2.54% compilation time)
- [variable_storages_invested_available]  0.338428 seconds (4.37 M allocations: 254.485 MiB, 39.99% gc time)
- [variable_unit_flow]  5.066935 seconds (2.99 M allocations: 154.383 MiB, 96.65% gc time, 0.90% compilation time)
- [variable_unit_flow_op]  0.095147 seconds (2.45 M allocations: 50.735 MiB, 19.20% gc time)
- [variable_unit_flow_op_active]  0.091512 seconds (2.47 M allocations: 53.191 MiB, 16.45% gc time)
- [variable_units_invested]  6.212432 seconds (15.16 M allocations: 1.191 GiB, 86.69% gc time)
- [variable_units_invested_available] 11.489926 seconds (15.79 M allocations: 1.221 GiB, 92.51% gc time, 0.08% compilation time)
- [variable_units_mothballed]  4.691609 seconds (2.34 M allocations: 36.273 MiB, 98.51% gc time)
- [variable_units_on]  0.099470 seconds (2.54 M allocations: 54.891 MiB, 16.03% gc time)
- [variable_units_out_of_service]  0.087641 seconds (2.33 M allocations: 35.575 MiB, 21.74% gc time)
- [variable_units_returned_to_service]  0.084651 seconds (2.33 M allocations: 35.573 MiB, 19.69% gc time)
- [variable_units_shut_down]  0.083057 seconds (2.36 M allocations: 38.044 MiB, 13.57% gc time)
- [variable_units_started_up]  0.086236 seconds (2.35 M allocations: 37.362 MiB, 19.29% gc time)
- [variable_units_taken_out_of_service]  0.070404 seconds (2.33 M allocations: 35.574 MiB)
- [variable_user_constraint_slack_neg]  0.087122 seconds (2.33 M allocations: 35.569 MiB, 20.11% gc time)
- [variable_user_constraint_slack_pos]  0.082242 seconds (2.33 M allocations: 35.569 MiB, 18.89% gc time)
 57.769947 seconds (135.47 M allocations: 6.763 GiB, 89.59% gc time, 0.27% compilation time)
Adding model dependent variables...
- [variable_connection_flow]  0.005873 seconds (64.57 k allocations: 6.018 MiB)
- [variable_unit_flow]  0.024477 seconds (129.49 k allocations: 12.377 MiB, 58.73% gc time)
  0.031750 seconds (194.36 k allocations: 18.414 MiB, 45.27% gc time)
Adding model expressions...
- [expression_capacity_margin]  0.000047 seconds (30 allocations: 2.609 KiB)
  0.000707 seconds (119 allocations: 7.766 KiB)
Adding model constraints...
- [constraint_candidate_connection_flow_lb]  0.000193 seconds (71 allocations: 4.484 KiB)
- [constraint_candidate_connection_flow_ub]  0.000116 seconds (71 allocations: 4.047 KiB)
- [constraint_compression_ratio]  0.000063 seconds (38 allocations: 3.453 KiB)
- [constraint_connection_flow_capacity]  0.051799 seconds (450.56 k allocations: 48.004 MiB, 36.41% gc time, 0.45% compilation time)
- [constraint_connection_flow_gas_capacity]  0.000056 seconds (41 allocations: 4.703 KiB)
- [constraint_connection_flow_intact_flow]  0.000054 seconds (38 allocations: 2.781 KiB)
- [constraint_connection_flow_lodf]  0.000075 seconds (59 allocations: 4.188 KiB)
- [constraint_connection_intact_flow_capacity]  0.000111 seconds (81 allocations: 5.234 KiB)
- [constraint_connection_intact_flow_ptdf]  0.000041 seconds (24 allocations: 1.938 KiB)
- [constraint_connection_lifetime]110.858517 seconds (102.59 M allocations: 23.632 GiB, 94.03% gc time, 0.01% compilation time)
- [constraint_connection_unitary_gas_flow]  0.000052 seconds (38 allocations: 3.453 KiB)
- [constraint_connections_invested_available]  0.000350 seconds (860 allocations: 86.125 KiB)
- [constraint_connections_invested_transition]  0.001208 seconds (5.37 k allocations: 446.156 KiB)
- [constraint_cyclic_node_state]  0.007489 seconds (1.69 k allocations: 122.594 KiB, 97.28% compilation time)
- [constraint_fix_node_pressure_point]  0.000053 seconds (38 allocations: 3.453 KiB)
- [constraint_fix_ratio_in_in_unit_flow]  0.008309 seconds (54.54 k allocations: 6.133 MiB)
- [constraint_fix_ratio_in_out_unit_flow]  0.000313 seconds (2.05 k allocations: 189.453 KiB)
- [constraint_fix_ratio_out_in_connection_flow]  0.013753 seconds (46.48 k allocations: 4.125 MiB, 66.35% compilation time)
- [constraint_fix_ratio_out_in_unit_flow]  0.000097 seconds (94 allocations: 19.219 KiB)
- [constraint_fix_ratio_out_out_unit_flow]  0.000294 seconds (748 allocations: 75.859 KiB)
- [constraint_investment_group_equal_investments]  0.000037 seconds (23 allocations: 1.844 KiB)
- [constraint_investment_group_maximum_capacity_invested_available]  0.000041 seconds (21 allocations: 1.812 KiB)
- [constraint_investment_group_maximum_entities_invested_available]  0.000040 seconds (21 allocations: 1.812 KiB)
- [constraint_investment_group_minimum_capacity_invested_available]  0.000032 seconds (20 allocations: 1.766 KiB)
- [constraint_investment_group_minimum_entities_invested_available]  0.000029 seconds (20 allocations: 1.766 KiB)
- [constraint_max_node_pressure]  0.000070 seconds (84 allocations: 6.508 KiB)
- [constraint_max_node_voltage_angle]  0.000058 seconds (102 allocations: 7.602 KiB)
- [constraint_max_ratio_in_in_unit_flow]  0.000090 seconds (94 allocations: 19.219 KiB)
- [constraint_max_ratio_in_out_unit_flow]  0.000086 seconds (94 allocations: 19.219 KiB)
- [constraint_max_ratio_out_in_connection_flow]  0.000053 seconds (56 allocations: 4.484 KiB)
- [constraint_max_ratio_out_in_unit_flow]  0.000096 seconds (94 allocations: 19.219 KiB)
- [constraint_max_ratio_out_out_unit_flow]  0.000076 seconds (94 allocations: 19.219 KiB)
- [constraint_max_total_cumulated_unit_flow_from_node]  0.000059 seconds (46 allocations: 4.125 KiB)
- [constraint_max_total_cumulated_unit_flow_to_node]  0.000029 seconds (42 allocations: 3.750 KiB)
- [constraint_min_capacity_margin]  0.000042 seconds (37 allocations: 2.828 KiB)
- [constraint_min_down_time]  0.068619 seconds (342.69 k allocations: 32.486 MiB, 30.27% gc time, 27.40% compilation time)
- [constraint_min_node_pressure]  0.000072 seconds (87 allocations: 11.086 KiB)
- [constraint_min_node_voltage_angle]  0.000118 seconds (102 allocations: 7.602 KiB)
- [constraint_min_ratio_in_in_unit_flow]  0.000090 seconds (94 allocations: 19.219 KiB)
- [constraint_min_ratio_in_out_unit_flow]  0.000051 seconds (94 allocations: 19.219 KiB)
- [constraint_min_ratio_out_in_connection_flow]  0.000053 seconds (56 allocations: 4.484 KiB)
- [constraint_min_ratio_out_in_unit_flow]  0.000049 seconds (94 allocations: 19.219 KiB)
- [constraint_min_ratio_out_out_unit_flow]  0.000046 seconds (94 allocations: 19.219 KiB)
- [constraint_min_scheduled_outage_duration]  0.000035 seconds (29 allocations: 2.312 KiB)
- [constraint_min_total_cumulated_unit_flow_from_node]  0.000073 seconds (46 allocations: 4.125 KiB)
- [constraint_min_total_cumulated_unit_flow_to_node]  0.000032 seconds (42 allocations: 3.750 KiB)
- [constraint_min_up_time]  0.003513 seconds (44.41 k allocations: 3.370 MiB)
- [constraint_minimum_operating_point]  0.004058 seconds (48.01 k allocations: 4.825 MiB)
- [constraint_nodal_balance]  0.010157 seconds (153.26 k allocations: 14.979 MiB)
- [constraint_node_injection]  0.063722 seconds (529.68 k allocations: 49.084 MiB, 38.21% gc time)
- [constraint_node_state_capacity]  0.030404 seconds (95.46 k allocations: 7.915 MiB, 62.26% gc time)
- [constraint_node_voltage_angle]  0.000076 seconds (28 allocations: 2.250 KiB)
- [constraint_non_spinning_reserves_lower_bound]  0.000086 seconds (255 allocations: 23.812 KiB)
- [constraint_non_spinning_reserves_shut_down_upper_bound]  0.000133 seconds (264 allocations: 24.703 KiB)
- [constraint_non_spinning_reserves_start_up_upper_bound]  0.000066 seconds (264 allocations: 24.703 KiB)
- [constraint_operating_point_bounds]  0.120355 seconds (999.46 k allocations: 150.355 MiB, 36.81% gc time)
- [constraint_operating_point_rank]  0.001629 seconds (26.80 k allocations: 3.803 MiB)
- [constraint_ramp_down]  0.033571 seconds (121.83 k allocations: 12.314 MiB, 72.06% compilation time)
- [constraint_ramp_up]  0.036736 seconds (118.17 k allocations: 12.058 MiB, 63.58% gc time)
- [constraint_ratio_out_in_connection_intact_flow]  0.000063 seconds (38 allocations: 2.781 KiB)
- [constraint_storage_lifetime] 22.386677 seconds (18.90 M allocations: 3.515 GiB, 95.06% gc time, 0.03% compilation time)
- [constraint_storage_line_pack]  0.000114 seconds (39 allocations: 3.500 KiB)
- [constraint_storages_invested_available]  0.000384 seconds (354 allocations: 36.672 KiB)
- [constraint_storages_invested_transition]  0.000631 seconds (1.48 k allocations: 141.156 KiB)
- [constraint_unit_flow_capacity]  0.017447 seconds (268.69 k allocations: 22.963 MiB)
- [constraint_unit_flow_op_bounds]  0.033598 seconds (68.12 k allocations: 8.349 MiB, 54.04% gc time, 25.55% compilation time)
- [constraint_unit_flow_op_rank]  0.009243 seconds (61.02 k allocations: 7.764 MiB)
- [constraint_unit_flow_op_sum]  0.001027 seconds (8.35 k allocations: 946.461 KiB)
- [constraint_unit_lifetime] 91.486685 seconds (82.42 M allocations: 16.311 GiB, 94.77% gc time)
- [constraint_unit_state_transition]  0.002930 seconds (19.50 k allocations: 1.936 MiB)
- [constraint_units_available]  0.043481 seconds (363.47 k allocations: 28.007 MiB, 30.94% gc time)
- [constraint_units_invested_available]  0.000229 seconds (1.12 k allocations: 111.266 KiB)
- [constraint_units_invested_transition]  0.001014 seconds (8.01 k allocations: 633.859 KiB)
- [constraint_units_out_of_service_contiguity]  0.000047 seconds (29 allocations: 2.312 KiB)
- [constraint_units_out_of_service_transition]  0.000087 seconds (46 allocations: 3.312 KiB)
- [constraint_user_constraint]  0.777336 seconds (743.20 k allocations: 56.954 MiB, 3.66% gc time, 92.85% compilation time)
226.200365 seconds (209.16 M allocations: 43.972 GiB, 93.93% gc time, 0.36% compilation time)
Setting model objective...  0.107830 seconds (335.00 k allocations: 26.270 MiB, 30.90% gc time, 41.76% compilation time)
Build complete. Started at 2026-01-15T15:18:04.409, ended at 2026-01-15T15:27:37.215, elapsed time: 9 minutes, 32 seconds, 806 milliseconds
Solve started at 2026-01-15T15:27:37.215
model - window 1 of 1: 2019-01-01T00:00~(1 day, 23 hours)~>2019-01-02T23:00
Optimizing model...Running HiGHS 1.11.0 (git hash: 364c83a51e): Copyright (c) 2025 HiGHS under MIT licence terms
MIP  has 5411 rows; 240262 cols; 113106 nonzeros; 238 integer variables (0 binary)
Coefficient ranges:
  Matrix [6e-03, 1e+05]
  Cost   [1e-03, 2e+09]
  Bound  [1e+00, 1e+03]
  RHS    [1e+00, 5e+04]
Presolving model
2869 rows, 3307 cols, 9237 nonzeros  0s
2142 rows, 2592 cols, 7997 nonzeros  0s
1788 rows, 2360 cols, 6501 nonzeros  0s
Solving MIP model with:
   1788 rows
   2360 cols (47 binary, 0 integer, 0 implied int., 2313 continuous, 0 domain fixed)
   6501 nonzeros
Src: B => Branching; C => Central rounding; F => Feasibility pump; J => Feasibility jump;
     H => Heuristic; L => Sub-MIP; P => Empty MIP; R => Randomized rounding; Z => ZI Round;
     I => Shifting; S => Solve LP; T => Evaluate node; U => Unbounded; X => User solution;
     z => Trivial zero; l => Trivial lower; u => Trivial upper; p => Trivial point
        Nodes      |    B&B Tree     |            Objective Bounds              |  Dynamic Constraints |       Work
Src  Proc. InQueue |  Leaves   Expl. | BestBound       BestSol              Gap |   Cuts   InLp Confl. | LpIters     Time
         0       0         0   0.00%   -2258984.293646 inf                  inf        0      0      0         0     0.1s
 T       0       0         0   0.00%   -2258984.293646 -33149.103156   6714.62%        0      0      0      1123     0.1s
         1       0         1 100.00%   -33149.103156   -33149.103156      0.00%        0      0      0      1123     0.1s
Solving report
  Status            Optimal
  Primal bound      -33149.1031556
  Dual bound        -33149.1031556
  Gap               0% (tolerance: 0%)
  P-D integral      0.00246536960547
  Solution status   feasible
                    -33149.1031556 (objective)
                    0 (bound viol.)
                    0 (int. viol.)
                    0 (row viol.)
  Timing            0.13 (total)
                    0.00 (presolve)
                    0.00 (solve)
                    0.00 (postsolve)
  Max sub-MIP depth 0
  Nodes             1
  Repair LPs        0 (0 feasible; 0 iterations)
  LP iterations     1123 (total)
                    0 (strong br.)
                    0 (separation)
                    0 (heuristics)
  0.578658 seconds (502.22 k allocations: 93.295 MiB, 58.62% gc time)
Optimal solution found, objective function value: -33149.10315555555
Saving model results...  4.802353 seconds (1.90 M allocations: 88.360 MiB, 97.14% gc time)
Postprocessing model results...  0.000042 seconds (51 allocations: 4.297 KiB)
Saving model outputs...  5.374114 seconds (4.13 M allocations: 343.458 MiB, 94.74% gc time)
Rolling complete
Rolling model temporal structure...  0.000093 seconds (46 allocations: 2.438 KiB)
Solve complete. Started at 2026-01-15T15:27:37.215, ended at 2026-01-15T15:27:47.988, elapsed time: 10 seconds, 773 milliseconds
Time summary:
Action                              │ min      │ max      │ avg
────────────────────────────────────┼──────────┼──────────┼─────────
Postprocessing model results...     │ 4.2e-5   │ 4.2e-5   │ 4.2e-5
Rolling model temporal structure... │ 9.3e-5   │ 9.3e-5   │ 9.3e-5
Saving model results...             │ 4.802353 │ 4.802353 │ 4.802353
Optimizing model...                 │ 0.578658 │ 0.578658 │ 0.578658
Saving model outputs...             │ 5.374114 │ 5.374114 │ 5.374114
Writing report to sqlite:///C:\Users\jfg.eco\Documents\Nord_H2ub\Spine_Projects\02_basic_energy_model\.spinetoolbox\items\outputtest\OutputTest.sqlite?spinedbfilter=cfg%3Aexecution%3A%7B%22execution_item%22%3A+%22Run+SpineOpt%22%2C+%22scenarios%22%3A+%5B%5D%2C+%22timestamp%22%3A+%222026-01-15T15%3A17%3A59%22%7D...  0.353746 seconds (81.53 k allocations: 6.411 MiB)
Execution complete. Started at 2026-01-15T15:18:02.166, ended at 2026-01-15T15:27:54.296, elapsed time: 9 minutes, 52 seconds, 130 milliseconds
A JuMP Model
├ solver: HiGHS
├ objective_sense: MIN_SENSE
│ └ objective_function_type: JuMP.AffExpr
├ num_variables: 240262
├ num_constraints: 245236
│ ├ JuMP.AffExpr in MOI.EqualTo{Float64}: 1571
│ ├ JuMP.AffExpr in MOI.GreaterThan{Float64}: 1285
│ ├ JuMP.AffExpr in MOI.LessThan{Float64}: 2555
│ ├ JuMP.VariableRef in MOI.EqualTo{Float64}: 21
│ ├ JuMP.VariableRef in MOI.GreaterThan{Float64}: 239423
│ ├ JuMP.VariableRef in MOI.LessThan{Float64}: 143
│ └ JuMP.VariableRef in MOI.Integer: 238
└ Names registered in the model: none
