### Spine execution log file
### Item name: Run SpineOpt
### Filter id: 
### Part: 1

# Running julia run_spineopt.jl http://127.0.0.1:62128 http://127.0.0.1:62131
2-element Vector{String}:
 "http://127.0.0.1:62128"
 "http://127.0.0.1:62131"
Running SpineOpt...
[SpineOpt version 0.10.2 (git hash: N/A)]
[SpineInterface version 0.15.2 (git hash: N/A)]
Execution started at 2026-01-16T19:03:38.936
Reading input data from sqlite:///C:\Users\jfg.eco\Documents\Nord_H2ub\Spine_Projects\02_basic_energy_model\.spinetoolbox\items\input\Input.sqlite...
Initializing  data structure from db...  2.307545 seconds (458.43 k allocations: 55.097 MiB)
Preprocessing  data structure...  0.237009 seconds (34.22 k allocations: 2.545 MiB)
Checking  data structure...  0.035734 seconds (5.67 k allocations: 472.375 KiB)
Build started at 2026-01-16T19:03:41.699
Creating model temporal structure...[ Info: the last time slice of temporal block Default_Investment_period has been cut to fit within the block
[ Info: the last time slice of temporal block daily has been cut to fit within the block
215.992022 seconds (433.56 M allocations: 20.769 GiB, 88.91% gc time)
Creating model stochastic structure... 12.159931 seconds (2.80 M allocations: 600.251 MiB, 97.63% gc time)
Adding model independent variables...
- [variable_binary_gas_connection_flow]  0.376461 seconds (2.33 M allocations: 35.609 MiB, 84.24% gc time)
- [variable_connection_flow]  3.999159 seconds (2.83 M allocations: 94.737 MiB, 95.53% gc time, 1.67% compilation time)
- [variable_connection_intact_flow]  0.123953 seconds (2.74 M allocations: 85.071 MiB, 30.15% gc time)
- [variable_connections_decommissioned]  0.070775 seconds (2.34 M allocations: 36.097 MiB, 18.25% gc time)
- [variable_connections_invested]  5.681954 seconds (15.84 M allocations: 1.282 GiB, 85.51% gc time)
- [variable_connections_invested_available] 13.204719 seconds (16.51 M allocations: 1.319 GiB, 93.29% gc time)
- [variable_min_capacity_margin_slack]  0.072359 seconds (2.33 M allocations: 35.577 MiB, 26.22% gc time)
- [variable_node_injection]  0.084703 seconds (2.57 M allocations: 60.690 MiB, 18.06% gc time)
- [variable_node_pressure]  0.070727 seconds (2.33 M allocations: 35.580 MiB, 23.42% gc time)
- [variable_node_slack_neg]  0.081771 seconds (2.55 M allocations: 56.383 MiB, 18.44% gc time)
- [variable_node_slack_pos]  0.081542 seconds (2.55 M allocations: 56.385 MiB, 20.17% gc time)
- [variable_node_state]  0.117596 seconds (2.40 M allocations: 41.816 MiB, 12.78% gc time, 8.07% compilation time)
- [variable_node_voltage_angle]  0.097978 seconds (2.33 M allocations: 35.579 MiB, 27.94% gc time)
- [variable_nonspin_units_shut_down]  0.116027 seconds (2.33 M allocations: 35.589 MiB, 27.52% gc time)
- [variable_nonspin_units_started_up]  0.083402 seconds (2.33 M allocations: 35.583 MiB, 19.25% gc time)
- [variable_storages_decommissioned]  0.078188 seconds (2.33 M allocations: 35.755 MiB, 18.07% gc time)
- [variable_storages_invested]  0.309157 seconds (4.37 M allocations: 254.474 MiB, 34.52% gc time)
- [variable_storages_invested_available]  0.325996 seconds (4.37 M allocations: 254.482 MiB, 44.10% gc time)
- [variable_unit_flow]  4.554439 seconds (2.99 M allocations: 154.384 MiB, 95.38% gc time, 1.14% compilation time)
- [variable_unit_flow_op]  0.161828 seconds (2.45 M allocations: 50.735 MiB, 28.38% gc time)
- [variable_unit_flow_op_active]  0.123756 seconds (2.47 M allocations: 53.191 MiB, 15.59% gc time)
- [variable_units_invested]  5.665783 seconds (15.16 M allocations: 1.191 GiB, 83.62% gc time)
- [variable_units_invested_available] 10.324880 seconds (15.79 M allocations: 1.221 GiB, 91.10% gc time)
- [variable_units_mothballed]  3.998191 seconds (2.34 M allocations: 36.273 MiB, 98.69% gc time)
- [variable_units_on]  0.086374 seconds (2.54 M allocations: 54.892 MiB, 19.94% gc time)
- [variable_units_out_of_service]  0.070457 seconds (2.33 M allocations: 35.575 MiB, 24.83% gc time)
- [variable_units_returned_to_service]  0.072822 seconds (2.33 M allocations: 35.573 MiB, 24.63% gc time)
- [variable_units_shut_down]  0.071130 seconds (2.36 M allocations: 38.044 MiB, 19.58% gc time)
- [variable_units_started_up]  0.071340 seconds (2.35 M allocations: 37.362 MiB, 24.73% gc time)
- [variable_units_taken_out_of_service]  0.052594 seconds (2.33 M allocations: 35.574 MiB)
- [variable_user_constraint_slack_neg]  0.070214 seconds (2.33 M allocations: 35.569 MiB, 24.46% gc time)
- [variable_user_constraint_slack_pos]  0.067988 seconds (2.33 M allocations: 35.569 MiB, 24.54% gc time)
 50.389861 seconds (135.48 M allocations: 6.763 GiB, 88.15% gc time, 0.25% compilation time)
Adding model dependent variables...
- [variable_connection_flow]  0.007852 seconds (64.59 k allocations: 6.019 MiB)
- [variable_unit_flow]  0.027684 seconds (129.50 k allocations: 12.380 MiB, 56.68% gc time)
  0.042512 seconds (194.38 k allocations: 18.418 MiB, 36.91% gc time)
Adding model expressions...
- [expression_capacity_margin]  0.000039 seconds (30 allocations: 2.609 KiB)
  0.000384 seconds (116 allocations: 7.891 KiB)
Adding model constraints...
- [constraint_candidate_connection_flow_lb]  0.000117 seconds (70 allocations: 4.188 KiB)
- [constraint_candidate_connection_flow_ub]  0.000106 seconds (71 allocations: 4.047 KiB)
- [constraint_compression_ratio]  0.000055 seconds (38 allocations: 3.453 KiB)
- [constraint_connection_flow_capacity]  0.058226 seconds (450.56 k allocations: 48.004 MiB, 33.37% gc time)
- [constraint_connection_flow_gas_capacity]  0.000056 seconds (41 allocations: 4.703 KiB)
- [constraint_connection_flow_intact_flow]  0.000514 seconds (38 allocations: 2.781 KiB)
- [constraint_connection_flow_lodf]  0.000099 seconds (58 allocations: 3.891 KiB)
- [constraint_connection_intact_flow_capacity]  0.000101 seconds (81 allocations: 5.234 KiB)
- [constraint_connection_intact_flow_ptdf]  0.000044 seconds (24 allocations: 1.938 KiB)
- [constraint_connection_lifetime] 96.018924 seconds (102.59 M allocations: 23.632 GiB, 92.96% gc time)
- [constraint_connection_unitary_gas_flow]  0.000103 seconds (38 allocations: 3.453 KiB)
- [constraint_connections_invested_available]  0.000909 seconds (860 allocations: 86.125 KiB)
- [constraint_connections_invested_transition]  0.001253 seconds (5.37 k allocations: 446.453 KiB)
- [constraint_cyclic_node_state]  0.006820 seconds (1.69 k allocations: 122.594 KiB)
- [constraint_fix_node_pressure_point]  0.000055 seconds (38 allocations: 3.453 KiB)
- [constraint_fix_ratio_in_in_unit_flow]  0.007688 seconds (54.54 k allocations: 6.133 MiB)
- [constraint_fix_ratio_in_out_unit_flow]  0.000349 seconds (2.05 k allocations: 189.453 KiB)
- [constraint_fix_ratio_out_in_connection_flow]  0.014888 seconds (46.48 k allocations: 4.125 MiB, 59.86% compilation time)
- [constraint_fix_ratio_out_in_unit_flow]  0.000111 seconds (95 allocations: 19.516 KiB)
- [constraint_fix_ratio_out_out_unit_flow]  0.000244 seconds (748 allocations: 75.859 KiB)
- [constraint_investment_group_equal_investments]  0.000049 seconds (23 allocations: 1.844 KiB)
- [constraint_investment_group_maximum_capacity_invested_available]  0.000054 seconds (22 allocations: 2.109 KiB)
- [constraint_investment_group_maximum_entities_invested_available]  0.000065 seconds (21 allocations: 1.812 KiB)
- [constraint_investment_group_minimum_capacity_invested_available]  0.000033 seconds (20 allocations: 1.766 KiB)
- [constraint_investment_group_minimum_entities_invested_available]  0.000035 seconds (21 allocations: 2.062 KiB)
- [constraint_max_node_pressure]  0.000089 seconds (84 allocations: 6.508 KiB)
- [constraint_max_node_voltage_angle]  0.000072 seconds (102 allocations: 7.602 KiB)
- [constraint_max_ratio_in_in_unit_flow]  0.000088 seconds (95 allocations: 19.516 KiB)
- [constraint_max_ratio_in_out_unit_flow]  0.000073 seconds (94 allocations: 19.219 KiB)
- [constraint_max_ratio_out_in_connection_flow]  0.000069 seconds (56 allocations: 4.484 KiB)
- [constraint_max_ratio_out_in_unit_flow]  0.000086 seconds (95 allocations: 19.516 KiB)
- [constraint_max_ratio_out_out_unit_flow]  0.000086 seconds (94 allocations: 19.219 KiB)
- [constraint_max_total_cumulated_unit_flow_from_node]  0.000273 seconds (46 allocations: 4.125 KiB)
- [constraint_max_total_cumulated_unit_flow_to_node]  0.000036 seconds (43 allocations: 4.047 KiB)
- [constraint_min_capacity_margin]  0.000036 seconds (37 allocations: 2.828 KiB)
- [constraint_min_down_time]  0.068541 seconds (342.72 k allocations: 32.487 MiB, 28.08% gc time, 18.28% compilation time)
- [constraint_min_node_pressure]  0.000078 seconds (88 allocations: 11.383 KiB)
- [constraint_min_node_voltage_angle]  0.000067 seconds (102 allocations: 7.602 KiB)
- [constraint_min_ratio_in_in_unit_flow]  0.000089 seconds (94 allocations: 19.219 KiB)
- [constraint_min_ratio_in_out_unit_flow]  0.000060 seconds (94 allocations: 19.219 KiB)
- [constraint_min_ratio_out_in_connection_flow]  0.000052 seconds (56 allocations: 4.484 KiB)
- [constraint_min_ratio_out_in_unit_flow]  0.000051 seconds (94 allocations: 19.219 KiB)
- [constraint_min_ratio_out_out_unit_flow]  0.000049 seconds (94 allocations: 19.219 KiB)
- [constraint_min_scheduled_outage_duration]  0.000035 seconds (29 allocations: 2.312 KiB)
- [constraint_min_total_cumulated_unit_flow_from_node]  0.000079 seconds (46 allocations: 4.125 KiB)
- [constraint_min_total_cumulated_unit_flow_to_node]  0.000036 seconds (42 allocations: 3.750 KiB)
- [constraint_min_up_time]  0.004135 seconds (44.41 k allocations: 3.370 MiB)
- [constraint_minimum_operating_point]  0.004632 seconds (48.01 k allocations: 4.825 MiB)
- [constraint_nodal_balance]  0.014870 seconds (153.26 k allocations: 14.979 MiB)
- [constraint_node_injection]  0.063572 seconds (529.68 k allocations: 49.084 MiB, 34.16% gc time)
- [constraint_node_state_capacity]  0.030619 seconds (95.46 k allocations: 7.915 MiB, 57.51% gc time)
- [constraint_node_voltage_angle]  0.000057 seconds (28 allocations: 2.250 KiB)
- [constraint_non_spinning_reserves_lower_bound]  0.000168 seconds (255 allocations: 23.812 KiB)
- [constraint_non_spinning_reserves_shut_down_upper_bound]  0.000193 seconds (264 allocations: 24.703 KiB)
- [constraint_non_spinning_reserves_start_up_upper_bound]  0.000126 seconds (264 allocations: 24.703 KiB)
- [constraint_operating_point_bounds]  0.112103 seconds (999.46 k allocations: 150.355 MiB, 37.49% gc time)
- [constraint_operating_point_rank]  0.001962 seconds (26.80 k allocations: 3.803 MiB)
- [constraint_ramp_down]  0.042449 seconds (121.82 k allocations: 12.314 MiB, 62.93% compilation time)
- [constraint_ramp_up]  0.033583 seconds (118.17 k allocations: 12.058 MiB, 62.79% gc time)
- [constraint_ratio_out_in_connection_intact_flow]  0.000069 seconds (38 allocations: 2.781 KiB)
- [constraint_storage_lifetime] 18.957500 seconds (18.90 M allocations: 3.515 GiB, 94.01% gc time)
- [constraint_storage_line_pack]  0.000135 seconds (39 allocations: 3.500 KiB)
- [constraint_storages_invested_available]  0.000342 seconds (354 allocations: 36.672 KiB)
- [constraint_storages_invested_transition]  0.000654 seconds (1.48 k allocations: 141.156 KiB)
- [constraint_unit_flow_capacity]  0.022802 seconds (268.69 k allocations: 22.963 MiB)
- [constraint_unit_flow_op_bounds]  0.033515 seconds (68.12 k allocations: 8.349 MiB, 53.49% gc time, 24.64% compilation time)
- [constraint_unit_flow_op_rank]  0.006647 seconds (61.02 k allocations: 7.764 MiB)
- [constraint_unit_flow_op_sum]  0.001088 seconds (8.35 k allocations: 946.461 KiB)
- [constraint_unit_lifetime] 93.346997 seconds (82.41 M allocations: 16.310 GiB, 93.81% gc time)
- [constraint_unit_state_transition]  0.007998 seconds (19.50 k allocations: 1.936 MiB)
- [constraint_units_available]  0.049698 seconds (363.47 k allocations: 28.007 MiB, 25.49% gc time)
- [constraint_units_invested_available]  0.001167 seconds (1.12 k allocations: 111.266 KiB)
- [constraint_units_invested_transition]  0.002632 seconds (8.01 k allocations: 633.859 KiB)
- [constraint_units_out_of_service_contiguity]  0.000282 seconds (29 allocations: 2.312 KiB)
- [constraint_units_out_of_service_transition]  0.000541 seconds (46 allocations: 3.312 KiB)
- [constraint_user_constraint]  2.081120 seconds (1.04 M allocations: 77.136 MiB, 2.81% gc time, 26.91% compilation time)
211.172988 seconds (209.47 M allocations: 43.992 GiB, 92.30% gc time, 0.29% compilation time)
Setting model objective...  0.084990 seconds (337.11 k allocations: 26.366 MiB)
Build complete. Started at 2026-01-16T19:03:41.699, ended at 2026-01-16T19:11:51.554, elapsed time: 8 minutes, 9 seconds, 855 milliseconds
Solve started at 2026-01-16T19:11:51.558
model - window 1 of 1: 2019-01-01T00:00~(1 day, 23 hours)~>2019-01-02T23:00
Optimizing model...Running HiGHS 1.11.0 (git hash: 364c83a51e): Copyright (c) 2025 HiGHS under MIT licence terms
MIP  has 5411 rows; 240262 cols; 113106 nonzeros; 238 integer variables (0 binary)
Coefficient ranges:
  Matrix [6e-03, 1e+05]
  Cost   [1e-03, 2e+09]
  Bound  [1e+00, 1e+03]
  RHS    [1e+00, 5e+04]
Presolving model
2869 rows, 3307 cols, 9237 nonzeros  0s
2142 rows, 2592 cols, 7997 nonzeros  0s
1788 rows, 2360 cols, 6501 nonzeros  0s
Solving MIP model with:
   1788 rows
   2360 cols (47 binary, 0 integer, 0 implied int., 2313 continuous, 0 domain fixed)
   6501 nonzeros
Src: B => Branching; C => Central rounding; F => Feasibility pump; J => Feasibility jump;
     H => Heuristic; L => Sub-MIP; P => Empty MIP; R => Randomized rounding; Z => ZI Round;
     I => Shifting; S => Solve LP; T => Evaluate node; U => Unbounded; X => User solution;
     z => Trivial zero; l => Trivial lower; u => Trivial upper; p => Trivial point
        Nodes      |    B&B Tree     |            Objective Bounds              |  Dynamic Constraints |       Work
Src  Proc. InQueue |  Leaves   Expl. | BestBound       BestSol              Gap |   Cuts   InLp Confl. | LpIters     Time
         0       0         0   0.00%   -2258984.293646 inf                  inf        0      0      0         0     0.1s
 T       0       0         0   0.00%   -2258984.293646 -33149.103156   6714.62%        0      0      0      1123     0.1s
         1       0         1 100.00%   -33149.103156   -33149.103156      0.00%        0      0      0      1123     0.2s
Solving report
  Status            Optimal
  Primal bound      -33149.1031556
  Dual bound        -33149.1031556
  Gap               0% (tolerance: 0%)
  P-D integral      0.00308971645361
  Solution status   feasible
                    -33149.1031556 (objective)
                    0 (bound viol.)
                    0 (int. viol.)
                    0 (row viol.)
  Timing            0.15 (total)
                    0.00 (presolve)
                    0.00 (solve)
                    0.00 (postsolve)
  Max sub-MIP depth 0
  Nodes             1
  Repair LPs        0 (0 feasible; 0 iterations)
  LP iterations     1123 (total)
                    0 (strong br.)
                    0 (separation)
                    0 (heuristics)
  0.609853 seconds (502.22 k allocations: 93.295 MiB, 52.52% gc time)
Optimal solution found, objective function value: -33149.10315555555
Saving model results...  4.024610 seconds (1.90 M allocations: 88.360 MiB, 96.74% gc time)
Postprocessing model results...  0.000786 seconds (51 allocations: 4.297 KiB)
Saving model outputs...  4.625353 seconds (4.13 M allocations: 343.458 MiB, 93.64% gc time)
Rolling model temporal structure...  0.000418 seconds (46 allocations: 2.438 KiB)
Rolling complete
Solve complete. Started at 2026-01-16T19:11:51.558, ended at 2026-01-16T19:12:00.829, elapsed time: 9 seconds, 271 milliseconds
Time summary:
Action                              │ min      │ max      │ avg
────────────────────────────────────┼──────────┼──────────┼─────────
Postprocessing model results...     │ 0.000786 │ 0.000786 │ 0.000786
Rolling model temporal structure... │ 0.000418 │ 0.000418 │ 0.000418
Saving model results...             │ 4.02461  │ 4.02461  │ 4.02461
Optimizing model...                 │ 0.609853 │ 0.609853 │ 0.609853
Saving model outputs...             │ 4.625353 │ 4.625353 │ 4.625353
Writing report to sqlite:///C:\Users\jfg.eco\Documents\Nord_H2ub\Spine_Projects\02_basic_energy_model\.spinetoolbox\items\outputtest\OutputTest.sqlite?spinedbfilter=cfg%3Aexecution%3A%7B%22execution_item%22%3A+%22Run+SpineOpt%22%2C+%22scenarios%22%3A+%5B%5D%2C+%22timestamp%22%3A+%222026-01-16T19%3A03%3A36%22%7D...  0.606164 seconds (81.54 k allocations: 6.810 MiB)
Execution complete. Started at 2026-01-16T19:03:38.936, ended at 2026-01-16T19:12:05.933, elapsed time: 8 minutes, 26 seconds, 997 milliseconds
A JuMP Model
├ solver: HiGHS
├ objective_sense: MIN_SENSE
│ └ objective_function_type: JuMP.AffExpr
├ num_variables: 240262
├ num_constraints: 245236
│ ├ JuMP.AffExpr in MOI.EqualTo{Float64}: 1571
│ ├ JuMP.AffExpr in MOI.GreaterThan{Float64}: 1285
│ ├ JuMP.AffExpr in MOI.LessThan{Float64}: 2555
│ ├ JuMP.VariableRef in MOI.EqualTo{Float64}: 21
│ ├ JuMP.VariableRef in MOI.GreaterThan{Float64}: 239423
│ ├ JuMP.VariableRef in MOI.LessThan{Float64}: 143
│ └ JuMP.VariableRef in MOI.Integer: 238
└ Names registered in the model: none
