### Spine execution log file
### Item name: Run SpineOpt
### Filter id: 
### Part: 1

# Running julia run_spineopt.jl http://127.0.0.1:60149 http://127.0.0.1:60151
2-element Vector{String}:
 "http://127.0.0.1:60149"
 "http://127.0.0.1:60151"
Running SpineOpt...
[SpineOpt version 0.10.2 (git hash: N/A)]
[SpineInterface version 0.15.2 (git hash: N/A)]
Execution started at 2026-07-31T18:03:54.593
Reading input data from sqlite:///C:\Users\jfg.eco\Documents\GitHub\Nord_H2ub\Spine_Projects\02_basic_energy_model\.spinetoolbox\items\input\Input.sqlite...
Initializing  data structure from db...  0.587159 seconds (1.93 M allocations: 129.950 MiB)
Preprocessing  data structure...  0.094895 seconds (48.48 k allocations: 2.446 MiB, 58.93% compilation time)
Checking  data structure...  0.018609 seconds (9.05 k allocations: 476.406 KiB, 94.49% compilation time)
Build started at 2026-07-31T18:03:55.353
Creating model temporal structure...[ Info: the last time slice of temporal block Default_Investment_period has been cut to fit within the block
[ Info: the last time slice of temporal block daily has been cut to fit within the block
 45.078632 seconds (431.06 M allocations: 22.181 GiB, 37.80% gc time, 0.05% compilation time)
Creating model stochastic structure...  4.675693 seconds (3.22 M allocations: 453.173 MiB, 81.23% gc time, 0.71% compilation time)
Adding model independent variables...
- [variable_binary_gas_connection_flow]  0.079686 seconds (2.29 M allocations: 34.946 MiB)
- [variable_connection_flow]  7.539614 seconds (13.99 M allocations: 1.458 GiB, 65.01% gc time, 3.56% compilation time)
- [variable_connection_intact_flow]  0.934847 seconds (11.02 M allocations: 725.256 MiB)
- [variable_connections_decommissioned]  0.085344 seconds (2.30 M allocations: 35.579 MiB)
- [variable_connections_invested]  0.381047 seconds (2.54 M allocations: 146.440 MiB)
- [variable_connections_invested_available]  0.411851 seconds (2.63 M allocations: 146.058 MiB, 3.59% compilation time)
- [variable_min_capacity_margin_slack]  0.069127 seconds (2.29 M allocations: 34.901 MiB)
- [variable_node_injection]  0.737632 seconds (6.86 M allocations: 370.942 MiB, 44.36% gc time)
- [variable_node_pressure]  0.062417 seconds (2.29 M allocations: 34.920 MiB)
- [variable_node_slack_neg]  0.446746 seconds (6.73 M allocations: 321.241 MiB)
- [variable_node_slack_pos]  0.596468 seconds (6.73 M allocations: 321.245 MiB)
- [variable_node_state]  0.242399 seconds (4.26 M allocations: 143.004 MiB, 6.13% compilation time)
- [variable_node_voltage_angle]  0.085489 seconds (2.29 M allocations: 34.920 MiB)
- [variable_nonspin_units_shut_down]  0.090377 seconds (2.29 M allocations: 34.936 MiB)
- [variable_nonspin_units_started_up]  0.092648 seconds (2.29 M allocations: 34.933 MiB)
- [variable_storages_decommissioned]  0.096768 seconds (2.29 M allocations: 35.092 MiB)
- [variable_storages_invested]  0.433100 seconds (1.99 M allocations: 64.953 MiB, 69.83% gc time, 4.26% compilation time)
- [variable_storages_invested_available]  0.109549 seconds (1.99 M allocations: 64.865 MiB)
- [variable_unit_flow]  2.863226 seconds (16.39 M allocations: 2.228 GiB, 23.46% gc time, 3.19% compilation time)
- [variable_unit_flow_op]  0.276538 seconds (3.78 M allocations: 156.506 MiB)
- [variable_unit_flow_op_active]  0.411486 seconds (4.25 M allocations: 184.325 MiB, 28.04% gc time)
- [variable_units_invested]  0.334028 seconds (2.53 M allocations: 132.868 MiB)
- [variable_units_invested_available]  0.393186 seconds (2.60 M allocations: 135.802 MiB, 4.07% compilation time)
- [variable_units_mothballed]  0.091933 seconds (2.30 M allocations: 35.614 MiB)
- [variable_units_on]  0.372324 seconds (5.72 M allocations: 259.002 MiB)
- [variable_units_out_of_service]  0.127476 seconds (2.29 M allocations: 34.912 MiB)
- [variable_units_returned_to_service]  0.157662 seconds (2.29 M allocations: 34.907 MiB)
- [variable_units_shut_down]  0.570264 seconds (2.57 M allocations: 53.704 MiB, 61.10% gc time)
- [variable_units_started_up]  0.229235 seconds (2.56 M allocations: 53.012 MiB)
- [variable_units_taken_out_of_service]  0.197217 seconds (2.29 M allocations: 34.908 MiB)
- [variable_user_constraint_slack_neg]  0.202731 seconds (2.29 M allocations: 34.899 MiB)
- [variable_user_constraint_slack_pos]  0.198922 seconds (2.29 M allocations: 34.899 MiB)
 18.956864 seconds (131.18 M allocations: 7.367 GiB, 35.17% gc time, 2.24% compilation time)
Adding model dependent variables...
- [variable_connection_flow]  0.933763 seconds (4.68 M allocations: 203.042 MiB)
- [variable_unit_flow]  0.668429 seconds (6.40 M allocations: 302.905 MiB)
  1.608254 seconds (11.08 M allocations: 505.958 MiB)
Adding model expressions...
- [expression_capacity_margin]  0.000072 seconds (86 allocations: 3.875 KiB)
  0.000797 seconds (200 allocations: 9.664 KiB)
Adding model constraints...
- [constraint_candidate_connection_flow_lb]  0.000257 seconds (146 allocations: 6.461 KiB)
- [constraint_candidate_connection_flow_ub]  0.000120 seconds (144 allocations: 6.180 KiB)
- [constraint_compression_ratio]  0.000087 seconds (94 allocations: 5.930 KiB)
- [constraint_connection_flow_capacity]  3.031744 seconds (22.42 M allocations: 1.265 GiB, 13.10% gc time, 0.02% compilation time)
- [constraint_connection_flow_gas_capacity]  0.000088 seconds (97 allocations: 7.086 KiB)
- [constraint_connection_flow_intact_flow]  0.000122 seconds (87 allocations: 4.008 KiB)
- [constraint_connection_flow_lodf]  0.000167 seconds (66 allocations: 3.438 KiB)
- [constraint_connection_intact_flow_capacity]  0.000234 seconds (118 allocations: 5.648 KiB)
- [constraint_connection_intact_flow_ptdf]  0.001689 seconds (72 allocations: 3.602 KiB)
- [constraint_connection_lifetime] 39.647557 seconds (219.78 M allocations: 22.942 GiB, 38.45% gc time, 0.04% compilation time)
- [constraint_connection_unitary_gas_flow]  0.000110 seconds (94 allocations: 5.930 KiB)
- [constraint_connections_invested_available]  0.011255 seconds (2.82 k allocations: 164.138 KiB)
- [constraint_connections_invested_transition]  0.004174 seconds (16.29 k allocations: 859.551 KiB)
- [constraint_cyclic_node_state]  0.009005 seconds (2.56 k allocations: 123.836 KiB, 96.88% compilation time)
- [constraint_fix_node_pressure_point]  0.000087 seconds (94 allocations: 5.930 KiB)
- [constraint_fix_ratio_in_in_unit_flow]  0.149397 seconds (1.09 M allocations: 69.085 MiB)
- [constraint_fix_ratio_in_out_unit_flow]  0.000453 seconds (3.20 k allocations: 167.633 KiB)
- [constraint_fix_ratio_out_in_connection_flow]  0.137991 seconds (822.56 k allocations: 48.704 MiB, 11.08% compilation time)
- [constraint_fix_ratio_out_in_unit_flow]  0.000125 seconds (193 allocations: 12.008 KiB)
- [constraint_fix_ratio_out_out_unit_flow]  0.000348 seconds (1.10 k allocations: 58.758 KiB)
- [constraint_investment_group_equal_investments]  0.010863 seconds (37.15 k allocations: 8.371 MiB)
- [constraint_investment_group_maximum_capacity_invested_available]  0.000083 seconds (34 allocations: 1.992 KiB)
- [constraint_investment_group_maximum_entities_invested_available]  0.000065 seconds (32 allocations: 1.898 KiB)
- [constraint_investment_group_minimum_capacity_invested_available]  0.000063 seconds (32 allocations: 1.898 KiB)
- [constraint_investment_group_minimum_entities_invested_available]  0.000077 seconds (32 allocations: 1.898 KiB)
- [constraint_max_node_pressure]  0.000410 seconds (219 allocations: 10.758 KiB)
- [constraint_max_node_voltage_angle]  0.000127 seconds (293 allocations: 13.742 KiB)
- [constraint_max_ratio_in_in_unit_flow]  0.000099 seconds (193 allocations: 12.008 KiB)
- [constraint_max_ratio_in_out_unit_flow]  0.000121 seconds (193 allocations: 12.008 KiB)
- [constraint_max_ratio_out_in_connection_flow]  0.000114 seconds (114 allocations: 6.570 KiB)
- [constraint_max_ratio_out_in_unit_flow]  0.000070 seconds (193 allocations: 12.008 KiB)
- [constraint_max_ratio_out_out_unit_flow]  0.000086 seconds (193 allocations: 12.008 KiB)
- [constraint_max_total_cumulated_unit_flow_from_node]  0.000128 seconds (96 allocations: 6.039 KiB)
- [constraint_max_total_cumulated_unit_flow_to_node]  0.000056 seconds (92 allocations: 5.789 KiB)
- [constraint_min_capacity_margin]  0.000067 seconds (101 allocations: 4.773 KiB)
- [constraint_min_down_time]  1.190181 seconds (6.69 M allocations: 499.618 MiB, 3.70% compilation time)
- [constraint_min_node_pressure]  0.000157 seconds (224 allocations: 15.131 KiB)
- [constraint_min_node_voltage_angle]  0.000164 seconds (293 allocations: 13.742 KiB)
- [constraint_min_ratio_in_in_unit_flow]  0.000190 seconds (193 allocations: 12.008 KiB)
- [constraint_min_ratio_in_out_unit_flow]  0.000130 seconds (193 allocations: 12.008 KiB)
- [constraint_min_ratio_out_in_connection_flow]  0.000104 seconds (114 allocations: 6.570 KiB)
- [constraint_min_ratio_out_in_unit_flow]  0.000113 seconds (193 allocations: 12.008 KiB)
- [constraint_min_ratio_out_out_unit_flow]  0.000088 seconds (193 allocations: 12.008 KiB)
- [constraint_min_scheduled_outage_duration]  0.000067 seconds (66 allocations: 3.320 KiB)
- [constraint_min_total_cumulated_unit_flow_from_node]  0.000095 seconds (96 allocations: 6.039 KiB)
- [constraint_min_total_cumulated_unit_flow_to_node]  0.000066 seconds (92 allocations: 5.789 KiB)
- [constraint_min_up_time]  0.502554 seconds (819.94 k allocations: 49.034 MiB, 72.25% gc time)
- [constraint_minimum_operating_point]  0.161552 seconds (944.49 k allocations: 56.703 MiB)
- [constraint_nodal_balance]  0.598600 seconds (4.68 M allocations: 264.892 MiB)
- [constraint_node_injection]  4.697917 seconds (26.96 M allocations: 1.351 GiB, 7.30% gc time)
- [constraint_node_state_capacity]  0.534302 seconds (4.07 M allocations: 208.695 MiB)
- [constraint_node_voltage_angle]  0.000109 seconds (69 allocations: 3.445 KiB)
- [constraint_non_spinning_reserves_lower_bound]  0.000171 seconds (471 allocations: 22.898 KiB)
- [constraint_non_spinning_reserves_shut_down_upper_bound]  0.000141 seconds (480 allocations: 23.695 KiB)
- [constraint_non_spinning_reserves_start_up_upper_bound]  0.000100 seconds (480 allocations: 23.695 KiB)
- [constraint_operating_point_bounds] 23.318257 seconds (163.32 M allocations: 18.732 GiB, 22.73% gc time)
- [constraint_operating_point_rank]  0.028189 seconds (334.78 k allocations: 29.587 MiB)
- [constraint_ramp_down]  0.281445 seconds (2.56 M allocations: 156.981 MiB, 15.78% compilation time)
- [constraint_ramp_up]  0.247404 seconds (2.57 M allocations: 157.848 MiB)
- [constraint_ratio_out_in_connection_intact_flow]  0.000121 seconds (87 allocations: 4.008 KiB)
- [constraint_storage_lifetime]  3.326136 seconds (31.01 M allocations: 3.319 GiB, 31.74% gc time, 0.36% compilation time)
- [constraint_storage_line_pack]  0.000084 seconds (96 allocations: 6.023 KiB)
- [constraint_storages_invested_available]  0.010077 seconds (904 allocations: 49.602 KiB)
- [constraint_storages_invested_transition]  0.001214 seconds (4.04 k allocations: 208.912 KiB)
- [constraint_unit_flow_capacity]  0.806573 seconds (8.50 M allocations: 470.467 MiB, 18.75% gc time)
- [constraint_unit_flow_op_bounds]  0.201351 seconds (2.47 M allocations: 134.015 MiB, 7.54% compilation time)
- [constraint_unit_flow_op_rank]  0.146112 seconds (1.93 M allocations: 109.220 MiB)
- [constraint_unit_flow_op_sum]  0.010772 seconds (88.62 k allocations: 7.014 MiB)
- [constraint_unit_lifetime] 16.404057 seconds (153.15 M allocations: 16.535 GiB, 33.01% gc time)
- [constraint_unit_state_transition]  0.027096 seconds (310.07 k allocations: 22.204 MiB)
- [constraint_units_available]  1.201588 seconds (15.33 M allocations: 778.448 MiB)
- [constraint_units_invested_available]  0.000700 seconds (3.03 k allocations: 175.653 KiB)
- [constraint_units_invested_transition]  0.002433 seconds (17.63 k allocations: 923.754 KiB)
- [constraint_units_out_of_service_contiguity]  0.000078 seconds (66 allocations: 3.320 KiB)
- [constraint_units_out_of_service_transition]  0.000138 seconds (95 allocations: 4.883 KiB)
- [constraint_user_constraint]  0.564951 seconds (4.30 M allocations: 255.667 MiB, 12.78% compilation time)
 98.701701 seconds (690.23 M allocations: 68.131 GiB, 29.20% gc time, 0.23% compilation time)
Setting model objective...  0.902889 seconds (11.78 M allocations: 624.841 MiB, 8.94% compilation time)
Build complete. Started at 2026-07-31T18:03:55.353, ended at 2026-07-31T18:06:45.596, elapsed time: 2 minutes, 50 seconds, 243 milliseconds
Solve started at 2026-07-31T18:06:45.596
Bringing model to the first window...  6.533555 seconds (36.87 M allocations: 1.804 GiB, 46.05% gc time, 11.90% compilation time)
model - window 1 of 12: 2019-01-01T00:00~(4 weeks, 2 days, 10 hours)~>2019-01-31T10:00
Optimizing model...Running HiGHS 1.14.0 (git hash: 7df0786de3): Copyright (c) 2026 under Apache 2.0 license terms
Using BLAS: blastrampoline-5
MIP has 119868 rows; 139893 cols; 309909 nonzeros; 2287 integer variables (0 binary)
Coefficient ranges:
  Matrix  [6e-03, 1e+05]
  Cost    [1e-03, 2e+09]
  Bound   [3e-01, 2e+04]
  RHS     [1e+00, 2e+03]
WARNING: Problem has some excessively large costs
WARNING:    Consider scaling the objective by 1e-4, or setting the user_objective_scale option to -12
Presolving model
57447 rows, 70648 cols, 200884 nonzeros 0s
38750 rows, 53424 cols, 189101 nonzeros 0s
36708 rows, 48585 cols, 180396 nonzeros 0s
Presolve reductions: rows 36708(-83160); columns 48585(-91308); nonzeros 180396(-129513)
Solving MIP model with:
   36708 rows
   48585 cols (1777 binary, 0 integer, 0 implied int., 46808 continuous, 0 domain fixed)
   180396 nonzeros
Src: B => Branching; C => Central rounding; F => Feasibility pump; H => Heuristic;
     I => Shifting; J => Feasibility jump; L => Sub-MIP; P => Empty MIP; R => Randomized rounding;
     S => Solve LP; T => Evaluate node; U => Unbounded; X => User solution; Y => HiGHS solution;
     Z => ZI Round; l => Trivial lower; p => Trivial point; u => Trivial upper; z => Trivial zero
        Nodes      |    B&B Tree     |            Objective Bounds              |  Dynamic Constraints |       Work
Src  Proc. InQueue |  Leaves   Expl. | BestBound       BestSol              Gap |   Cuts   InLp Confl. | LpIters     Time
         0       0         0   0.00%   -396104209.3612 inf                  inf        0      0      0         0     1.7s
         0       0         0   0.00%   -96581700.80772 inf                  inf        0      0      3     30139    10.5s
 R       0       0         0   0.00%   -96575010.62917 -96574614.0413     0.00%    10744    431      5     31984    15.1s
         0       0         0   0.00%   -96574809.18291 -96574614.0413     0.00%     5386    377      5     72989    70.5s
89.7% inactive integer columns, restarting
Model after restart has 32177 rows, 40132 cols (86 bin., 0 int., 0 impl., 40046 cont., 0 dom.fix.), and 127248 nonzeros
         0       0         0   0.00%   -96574809.18291 -96574614.0413     0.00%       53      0      0     72989    70.9s
         0       0         0   0.00%   -96574809.17894 -96574614.0413     0.00%       53     48      0     78349    73.4s
65.1% inactive integer columns, restarting
Model after restart has 32022 rows, 40067 cols (22 bin., 0 int., 0 impl., 40045 cont., 0 dom.fix.), and 126129 nonzeros
         0       0         0   0.00%   -96574711.39835 -96574614.0413     0.00%       48      0      0     78356    75.0s
         0       0         0   0.00%   -96574711.39835 -96574614.0413     0.00%       48     47      0     78822    75.5s
27.3% inactive integer columns, restarting
Model after restart has 31897 rows, 40061 cols (16 bin., 0 int., 0 impl., 40045 cont., 0 dom.fix.), and 125748 nonzeros
         0       0         0   0.00%   -96574707.54748 -96574614.0413     0.00%       24      0      0     78823    77.1s
         0       0         0   0.00%   -96574707.54748 -96574614.0413     0.00%       24     24      0     78856    77.5s
         1       0         1 100.00%   -96574614.0413  -96574614.0413     0.00%       24     24     10     79326    79.2s
Solving report
  Status            Optimal
  Primal bound      -96574614.0413
  Dual bound        -96574614.0413
  Gap               0% (tolerance: 0%)
  P-D integral      0.000129900806224
  Solution status   feasible
                    -96574614.0413 (objective)
                    0 (bound viol.)
                    8.881784197e-16 (int. viol.)
                    0 (row viol.)
  Timing            79.17
  Max sub-MIP depth 3
  Nodes             1
  Repair LPs        0
  LP iterations     79326
                    441 (strong br.)
                    1959 (separation)
                    40899 (heuristics)
 79.340809 seconds (868.43 k allocations: 121.455 MiB)
Optimal solution found, objective function value: -9.657461404129997e7
Saving model results...  0.375654 seconds (4.27 M allocations: 149.144 MiB)
Postprocessing model results...  0.000081 seconds (48 allocations: 3.312 KiB)
Saving model outputs...  0.292416 seconds (2.76 M allocations: 170.360 MiB)
Rolling model temporal structure...  0.524185 seconds (4.74 M allocations: 102.054 MiB)
Fixing model history...  0.048934 seconds (418.32 k allocations: 20.434 MiB)
Applying model non-anticipativity constraints...  0.000203 seconds (603 allocations: 32.203 KiB)
model - window 2 of 12: 2019-01-31T10:00~(4 weeks, 2 days, 10 hours)~>2019-03-02T20:00
Optimizing model...MIP has 119868 rows; 139893 cols; 309966 nonzeros; 2287 integer variables (0 binary)
Coefficient ranges:
  Matrix  [6e-03, 1e+05]
  Cost    [1e-03, 2e+09]
  Bound   [4e-03, 2e+04]
  RHS     [1e+00, 2e+03]
WARNING: Problem has some excessively large costs
WARNING:    Consider scaling the objective by 1e-4, or setting the user_objective_scale option to -12
Presolving model
78750 rows, 70758 cols, 220587 nonzeros 0s
37623 rows, 53398 cols, 181104 nonzeros 0s
35999 rows, 48404 cols, 175908 nonzeros 0s
Presolve reductions: rows 35999(-83869); columns 48404(-91489); nonzeros 175908(-134058)
Solving MIP model with:
   35999 rows
   48404 cols (1668 binary, 0 integer, 0 implied int., 46736 continuous, 0 domain fixed)
   175908 nonzeros
Src: B => Branching; C => Central rounding; F => Feasibility pump; H => Heuristic;
     I => Shifting; J => Feasibility jump; L => Sub-MIP; P => Empty MIP; R => Randomized rounding;
     S => Solve LP; T => Evaluate node; U => Unbounded; X => User solution; Y => HiGHS solution;
     Z => ZI Round; l => Trivial lower; p => Trivial point; u => Trivial upper; z => Trivial zero
        Nodes      |    B&B Tree     |            Objective Bounds              |  Dynamic Constraints |       Work
Src  Proc. InQueue |  Leaves   Expl. | BestBound       BestSol              Gap |   Cuts   InLp Confl. | LpIters     Time
         0       0         0   0.00%   -388971502.4004 inf                  inf        0      0      0         0     1.4s
         0       0         0   0.00%   -84439993.70632 inf                  inf        0      0      3     29110     6.2s
 R       0       0         0   0.00%   -84435634.79794 -84435602.52868    0.00%    13429    375      5     30726     9.0s
         1       0         1 100.00%   -84435602.52868 -84435602.52868    0.00%    11815    375      6     30924     9.5s
Solving report
  Status            Optimal
  Primal bound      -84435602.5287
  Dual bound        -84435602.5287
  Gap               0% (tolerance: 0%)
  P-D integral      1.85775358606e-07
  Solution status   feasible
                    -84435602.5287 (objective)
                    0 (bound viol.)
                    1.11022302463e-15 (int. viol.)
                    0 (row viol.)
  Timing            9.49
  Max sub-MIP depth 0
  Nodes             1
  Repair LPs        0
  LP iterations     30924
                    0 (strong br.)
                    1616 (separation)
                    198 (heuristics)
  9.519502 seconds (86 allocations: 3.531 KiB)
Optimal solution found, objective function value: -8.443560252868044e7
Saving model results...  0.362192 seconds (4.27 M allocations: 149.139 MiB)
Postprocessing model results...  0.000042 seconds (48 allocations: 3.312 KiB)
Saving model outputs...  0.305756 seconds (2.76 M allocations: 170.351 MiB)
Rolling model temporal structure...  0.528931 seconds (4.74 M allocations: 102.043 MiB)
Fixing model history...  0.048114 seconds (413.88 k allocations: 20.191 MiB)
Applying model non-anticipativity constraints...  0.000112 seconds (603 allocations: 32.203 KiB)
model - window 3 of 12: 2019-03-02T20:00~(4 weeks, 2 days, 10 hours)~>2019-04-02T06:00
Optimizing model...MIP has 119868 rows; 139893 cols; 310029 nonzeros; 2287 integer variables (0 binary)
Coefficient ranges:
  Matrix  [6e-03, 1e+05]
  Cost    [1e-03, 2e+09]
  Bound   [7e-03, 2e+04]
  RHS     [1e+00, 2e+03]
WARNING: Problem has some excessively large costs
WARNING:    Consider scaling the objective by 1e-4, or setting the user_objective_scale option to -12
Presolving model
78876 rows, 70884 cols, 220839 nonzeros 0s
37623 rows, 53461 cols, 181167 nonzeros 0s
36021 rows, 48597 cols, 176123 nonzeros 0s
Presolve reductions: rows 36021(-83847); columns 48597(-91296); nonzeros 176123(-133906)
Solving MIP model with:
   36021 rows
   48597 cols (1668 binary, 0 integer, 0 implied int., 46929 continuous, 0 domain fixed)
   176123 nonzeros
Src: B => Branching; C => Central rounding; F => Feasibility pump; H => Heuristic;
     I => Shifting; J => Feasibility jump; L => Sub-MIP; P => Empty MIP; R => Randomized rounding;
     S => Solve LP; T => Evaluate node; U => Unbounded; X => User solution; Y => HiGHS solution;
     Z => ZI Round; l => Trivial lower; p => Trivial point; u => Trivial upper; z => Trivial zero
        Nodes      |    B&B Tree     |            Objective Bounds              |  Dynamic Constraints |       Work
Src  Proc. InQueue |  Leaves   Expl. | BestBound       BestSol              Gap |   Cuts   InLp Confl. | LpIters     Time
         0       0         0   0.00%   -355742125.7699 inf                  inf        0      0      0         0     1.4s
         0       0         0   0.00%   -92326125.72063 inf                  inf        0      0      3     30577     8.0s
 R       0       0         0   0.00%   -92322202.04985 -92322137.87489    0.00%    12720    352      6     32490    12.0s
 L       0       0         0   0.00%   -92322202.04985 -92322137.87489    0.00%    12720    352      6     32490    19.8s
 L       0       0         0   0.00%   -92322202.04985 -92322137.87489    0.00%    12720    352      6     33166    24.9s
94.1% inactive integer columns, restarting
Model after restart has 31699 rows, 39762 cols (18 bin., 0 int., 0 impl., 39744 cont., 0 dom.fix.), and 125061 nonzeros
         0       0         0   0.00%   -92322202.04985 -92322137.87489    0.00%       22      0      0     33979    25.3s
         0       0         0   0.00%   -92322202.04985 -92322137.87489    0.00%       22     18      0     34794    26.1s
77.8% inactive integer columns, restarting
Model after restart has 31575 rows, 39740 cols (2 bin., 0 int., 0 impl., 39738 cont., 0 dom.fix.), and 124691 nonzeros
         0       0         0   0.00%   -92322162.15864 -92322137.87489    0.00%       11      0      0     35260    31.1s
         0       0         0   0.00%   -92322162.15864 -92322137.87489    0.00%       11     11      0     35502    31.8s
100.0% inactive integer columns, restarting
Model after restart has 31406 rows, 39738 cols (0 bin., 0 int., 0 impl., 39738 cont., 0 dom.fix.), and 124186 nonzeros
         0       0         0   0.00%   -92322137.89625 -92322137.87489    0.00%        1      0      0     35848    34.7s
         0       0         0   0.00%   -92322137.89625 -92322137.87489    0.00%        1      0      0     36088    35.1s
         0       0         1 100.00%   -92322137.87489 -92322137.87489    0.00%        1      0      0     36088    35.2s
Solving report
  Status            Optimal
  Primal bound      -92322137.8749
  Dual bound        -92322137.8749
  Gap               0% (tolerance: 0%)
  P-D integral      1.22442586311e-05
  Solution status   feasible
                    -92322137.8749 (objective)
                    0 (bound viol.)
                    7.54951656745e-15 (int. viol.)
                    0 (row viol.)
  Timing            35.21
  Max sub-MIP depth 1
  Nodes             0
  Repair LPs        0
  LP iterations     36088
                    0 (strong br.)
                    1917 (separation)
                    2293 (heuristics)
 35.231913 seconds (233 allocations: 9.766 KiB)
Optimal solution found, objective function value: -9.232213787489052e7
Saving model results...  0.354501 seconds (4.27 M allocations: 149.139 MiB)
Postprocessing model results...  0.000038 seconds (48 allocations: 3.312 KiB)
Saving model outputs...  0.311488 seconds (2.76 M allocations: 170.350 MiB)
Rolling model temporal structure...  0.687014 seconds (4.74 M allocations: 102.043 MiB)
Fixing model history...  0.050645 seconds (413.88 k allocations: 20.191 MiB)
Applying model non-anticipativity constraints...  0.000174 seconds (603 allocations: 32.203 KiB)
model - window 4 of 12: 2019-04-02T06:00~(4 weeks, 2 days, 10 hours)~>2019-05-02T16:00
Optimizing model...MIP has 119868 rows; 139893 cols; 310112 nonzeros; 2287 integer variables (0 binary)
Coefficient ranges:
  Matrix  [6e-03, 1e+05]
  Cost    [1e-03, 2e+09]
  Bound   [3e-16, 2e+04]
  RHS     [1e+00, 2e+03]
WARNING: Problem has some excessively large costs
WARNING: Problem has some excessively small column bounds
WARNING:    Consider scaling the objective by 1e-4, or setting the user_objective_scale option to -12
Presolving model
79042 rows, 71050 cols, 221171 nonzeros 0s
37623 rows, 53544 cols, 181250 nonzeros 0s
36170 rows, 49167 cols, 176813 nonzeros 0s
Presolve reductions: rows 36170(-83698); columns 49167(-90726); nonzeros 176813(-133299)
Solving MIP model with:
   36170 rows
   49167 cols (1667 binary, 0 integer, 0 implied int., 47500 continuous, 0 domain fixed)
   176813 nonzeros
Src: B => Branching; C => Central rounding; F => Feasibility pump; H => Heuristic;
     I => Shifting; J => Feasibility jump; L => Sub-MIP; P => Empty MIP; R => Randomized rounding;
     S => Solve LP; T => Evaluate node; U => Unbounded; X => User solution; Y => HiGHS solution;
     Z => ZI Round; l => Trivial lower; p => Trivial point; u => Trivial upper; z => Trivial zero
        Nodes      |    B&B Tree     |            Objective Bounds              |  Dynamic Constraints |       Work
Src  Proc. InQueue |  Leaves   Expl. | BestBound       BestSol              Gap |   Cuts   InLp Confl. | LpIters     Time
         0       0         0   0.00%   -355207026.5798 inf                  inf        0      0      0         0     1.5s
         0       0         0   0.00%   -41415868.41196 inf                  inf        0      0      3     31561     7.8s
 R       0       0         0   0.00%   -41411645.37796 -40878246.15976    1.30%     4803    417      9     33432    13.6s
 C       0       0         0   0.00%   -41411387.57712 -41411323.34607    0.00%     7557    431      9     33531    16.7s
 L       0       0         0   0.00%   -41411365.30243 -41411360.82607    0.00%     7557    431      9     33564    20.2s
 H       0       0         0   0.00%   -41411360.83646 -41411360.82607    0.00%     7573    432      9     34266    21.7s
 T       0       0         0   0.00%   -41411360.83646 -41411360.82607    0.00%     7573    432     11     34899    22.5s
         1       0         1 100.00%   -41411360.82607 -41411360.82607    0.00%     7573    432     11     34899    22.5s
Solving report
  Status            Optimal
  Primal bound      -41411360.8261
  Dual bound        -41411360.8261
  Gap               0% (tolerance: 0%)
  P-D integral      0.0395589132633
  Solution status   feasible
                    -41411360.8261 (objective)
                    0 (bound viol.)
                    7.1054273576e-15 (int. viol.)
                    0 (row viol.)
  Timing            22.54
  Max sub-MIP depth 1
  Nodes             1
  Repair LPs        0
  LP iterations     34899
                    0 (strong br.)
                    1991 (separation)
                    1313 (heuristics)
 22.573904 seconds (107 allocations: 4.422 KiB)
Optimal solution found, objective function value: -4.141136082607308e7
Saving model results...  0.362534 seconds (4.27 M allocations: 149.139 MiB)
Postprocessing model results...  0.000058 seconds (48 allocations: 3.312 KiB)
Saving model outputs...  0.836438 seconds (2.76 M allocations: 170.350 MiB, 65.21% gc time)
Rolling model temporal structure...  0.513593 seconds (4.74 M allocations: 102.043 MiB)
Fixing model history...  0.039931 seconds (413.88 k allocations: 20.191 MiB)
Applying model non-anticipativity constraints...  0.000096 seconds (603 allocations: 32.203 KiB)
model - window 5 of 12: 2019-05-02T16:00~(4 weeks, 2 days, 10 hours)~>2019-06-02T02:00
Optimizing model...MIP has 119868 rows; 139893 cols; 310164 nonzeros; 2287 integer variables (0 binary)
Coefficient ranges:
  Matrix  [6e-03, 1e+05]
  Cost    [1e-03, 2e+09]
  Bound   [6e-17, 2e+04]
  RHS     [1e+00, 2e+03]
WARNING: Problem has some excessively large costs
WARNING: Problem has some excessively small column bounds
WARNING:    Consider scaling the objective by 1e-4, or setting the user_objective_scale option to -12
Presolving model
79146 rows, 71154 cols, 221379 nonzeros 0s
37623 rows, 53596 cols, 181302 nonzeros 0s
36214 rows, 49347 cols, 177066 nonzeros 0s
Presolve reductions: rows 36214(-83654); columns 49347(-90546); nonzeros 177066(-133098)
Solving MIP model with:
   36214 rows
   49347 cols (1668 binary, 0 integer, 0 implied int., 47679 continuous, 0 domain fixed)
   177066 nonzeros
Src: B => Branching; C => Central rounding; F => Feasibility pump; H => Heuristic;
     I => Shifting; J => Feasibility jump; L => Sub-MIP; P => Empty MIP; R => Randomized rounding;
     S => Solve LP; T => Evaluate node; U => Unbounded; X => User solution; Y => HiGHS solution;
     Z => ZI Round; l => Trivial lower; p => Trivial point; u => Trivial upper; z => Trivial zero
        Nodes      |    B&B Tree     |            Objective Bounds              |  Dynamic Constraints |       Work
Src  Proc. InQueue |  Leaves   Expl. | BestBound       BestSol              Gap |   Cuts   InLp Confl. | LpIters     Time
         0       0         0   0.00%   -348594345.9971 inf                  inf        0      0      0         0     1.5s
         0       0         0   0.00%   -45819864.01434 inf                  inf        0      0      3     30487     8.1s
 R       0       0         0   0.00%   -45814705.59987 -45814705.59987    0.00%    12184    471      6     32647    14.6s
         1       0         1 100.00%   -45814705.59987 -45814705.59987    0.00%    11930    471      6     32647    14.6s
Solving report
  Status            Optimal
  Primal bound      -45814705.5999
  Dual bound        -45814705.5999
  Gap               0% (tolerance: 0%)
  P-D integral      0
  Solution status   feasible
                    -45814705.5999 (objective)
                    0 (bound viol.)
                    9.99200722163e-16 (int. viol.)
                    0 (row viol.)
  Timing            14.62
  Max sub-MIP depth 0
  Nodes             1
  Repair LPs        0
  LP iterations     32647
                    0 (strong br.)
                    2160 (separation)
                    0 (heuristics)
 14.648666 seconds (37 allocations: 1.453 KiB)
Optimal solution found, objective function value: -4.581470559987326e7
Saving model results...  0.345375 seconds (4.27 M allocations: 149.139 MiB)
Postprocessing model results...  0.000038 seconds (48 allocations: 3.312 KiB)
Saving model outputs...  0.288449 seconds (2.76 M allocations: 170.350 MiB)
Rolling model temporal structure...  0.507787 seconds (4.74 M allocations: 102.043 MiB)
Fixing model history...  0.041039 seconds (413.88 k allocations: 20.191 MiB)
Applying model non-anticipativity constraints...  0.000105 seconds (603 allocations: 32.203 KiB)
model - window 6 of 12: 2019-06-02T02:00~(4 weeks, 2 days, 10 hours)~>2019-07-02T12:00
Optimizing model...MIP has 119868 rows; 139893 cols; 310176 nonzeros; 2287 integer variables (0 binary)
Coefficient ranges:
  Matrix  [6e-03, 1e+05]
  Cost    [1e-03, 2e+09]
  Bound   [3e-17, 2e+04]
  RHS     [1e+00, 2e+03]
WARNING: Problem has some excessively large costs
WARNING: Problem has some excessively small column bounds
WARNING:    Consider scaling the objective by 1e-4, or setting the user_objective_scale option to -12
Presolving model
79170 rows, 71178 cols, 221427 nonzeros 0s
37623 rows, 53608 cols, 181314 nonzeros 0s
36222 rows, 49422 cols, 177103 nonzeros 0s
Presolve reductions: rows 36222(-83646); columns 49422(-90471); nonzeros 177103(-133073)
Solving MIP model with:
   36222 rows
   49422 cols (1667 binary, 0 integer, 0 implied int., 47755 continuous, 0 domain fixed)
   177103 nonzeros
Src: B => Branching; C => Central rounding; F => Feasibility pump; H => Heuristic;
     I => Shifting; J => Feasibility jump; L => Sub-MIP; P => Empty MIP; R => Randomized rounding;
     S => Solve LP; T => Evaluate node; U => Unbounded; X => User solution; Y => HiGHS solution;
     Z => ZI Round; l => Trivial lower; p => Trivial point; u => Trivial upper; z => Trivial zero
        Nodes      |    B&B Tree     |            Objective Bounds              |  Dynamic Constraints |       Work
Src  Proc. InQueue |  Leaves   Expl. | BestBound       BestSol              Gap |   Cuts   InLp Confl. | LpIters     Time
         0       0         0   0.00%   -363416070.0454 inf                  inf        0      0      0         0     1.5s
         0       0         0   0.00%   -41634973.00244 inf                  inf        0      0      3     29492     8.0s
         0       0         0   0.00%   -41630456.28932 inf                  inf    13534    468      8     31774    13.1s
 R       0       0         0   0.00%   -41630120.93875 -41630064.90385    0.00%     5548    493      8     31964    15.6s
         0       0         0   0.00%   -41630120.93875 -41630064.90385    0.00%     5548    316      8     36242    40.6s
77.5% inactive integer columns, restarting
Model after restart has 32523 rows, 39064 cols (144 bin., 0 int., 0 impl., 38920 cont., 0 dom.fix.), and 127642 nonzeros
         0       0         0   0.00%   -41630120.93875 -41630064.90385    0.00%      250      0      0     36242    41.0s
12.5% inactive integer columns, restarting
Model after restart has 32421 rows, 39034 cols (118 bin., 0 int., 0 impl., 38916 cont., 0 dom.fix.), and 127018 nonzeros
         0       0         0   0.00%   -41630120.93875 -41630064.90385    0.00%      243      0      0     43982    43.8s
         0       0         0   0.00%   -41630120.93875 -41630064.90385    0.00%      243    241      0     45558    45.2s
         0       0         0   0.00%   -41630089.39493 -41630064.90385    0.00%      287    183      0     46688    64.0s
83.9% inactive integer columns, restarting
Model after restart has 31839 rows, 38924 cols (13 bin., 0 int., 0 impl., 38911 cont., 0 dom.fix.), and 124972 nonzeros
         0       0         0   0.00%   -41630089.39493 -41630064.90385    0.00%      120      0      0     46688    64.2s
         0       0         0   0.00%   -41630089.39493 -41630064.90385    0.00%      120    119      0     46937    67.9s
         0       0         0   0.00%   -41630068.44658 -41630064.90385    0.00%      134    118      0     53174    75.2s
69.2% inactive integer columns, restarting
Model after restart has 31581 rows, 38916 cols (5 bin., 0 int., 0 impl., 38911 cont., 0 dom.fix.), and 124201 nonzeros
         0       0         0   0.00%   -41630068.44658 -41630064.90385    0.00%       64      0      0     53174    75.5s
         0       0         0   0.00%   -41630068.44658 -41630064.90385    0.00%       64     63      0     53283    75.9s
100.0% inactive integer columns, restarting
Model after restart has 31240 rows, 38911 cols (0 bin., 0 int., 0 impl., 38911 cont., 0 dom.fix.), and 123180 nonzeros
         0       0         0   0.00%   -41630064.93671 -41630064.90385    0.00%        0      0      0     53388    80.4s
         0       0         0   0.00%   -41630064.93671 -41630064.90385    0.00%        0      0      0     53437    80.6s
         0       0         1 100.00%   -41630064.90385 -41630064.90385    0.00%        0      0      0     53437    80.7s
Solving report
  Status            Optimal
  Primal bound      -41630064.9039
  Dual bound        -41630064.9039
  Gap               0% (tolerance: 0%)
  P-D integral      5.68766773535e-05
  Solution status   feasible
                    -41630064.9039 (objective)
                    0 (bound viol.)
                    1.44328993201e-15 (int. viol.)
                    0 (row viol.)
  Timing            80.69
  Max sub-MIP depth 1
  Nodes             0
  Repair LPs        0
  LP iterations     53437
                    0 (strong br.)
                    2835 (separation)
                    11386 (heuristics)
 80.713731 seconds (296 allocations: 12.438 KiB)
Optimal solution found, objective function value: -4.16300649038504e7
Saving model results...  0.426288 seconds (4.27 M allocations: 149.138 MiB)
Postprocessing model results...  0.000105 seconds (48 allocations: 3.312 KiB)
Saving model outputs...  0.336271 seconds (2.76 M allocations: 170.350 MiB)
Rolling model temporal structure...  0.577395 seconds (4.74 M allocations: 102.043 MiB)
Fixing model history...  0.065997 seconds (413.88 k allocations: 20.191 MiB)
Applying model non-anticipativity constraints...  0.000157 seconds (603 allocations: 32.203 KiB)
model - window 7 of 12: 2019-07-02T12:00~(4 weeks, 2 days, 10 hours)~>2019-08-01T22:00
Optimizing model...MIP has 119868 rows; 139893 cols; 310173 nonzeros; 2287 integer variables (0 binary)
Coefficient ranges:
  Matrix  [6e-03, 1e+05]
  Cost    [1e-03, 2e+09]
  Bound   [1e-16, 2e+04]
  RHS     [1e+00, 2e+03]
WARNING: Problem has some excessively large costs
WARNING: Problem has some excessively small column bounds
WARNING:    Consider scaling the objective by 1e-4, or setting the user_objective_scale option to -12
Presolving model
79164 rows, 71172 cols, 221415 nonzeros 0s
37623 rows, 53605 cols, 181311 nonzeros 0s
36236 rows, 49445 cols, 177186 nonzeros 0s
Presolve reductions: rows 36236(-83632); columns 49445(-90448); nonzeros 177186(-132987)
Solving MIP model with:
   36236 rows
   49445 cols (1668 binary, 0 integer, 0 implied int., 47777 continuous, 0 domain fixed)
   177186 nonzeros
Src: B => Branching; C => Central rounding; F => Feasibility pump; H => Heuristic;
     I => Shifting; J => Feasibility jump; L => Sub-MIP; P => Empty MIP; R => Randomized rounding;
     S => Solve LP; T => Evaluate node; U => Unbounded; X => User solution; Y => HiGHS solution;
     Z => ZI Round; l => Trivial lower; p => Trivial point; u => Trivial upper; z => Trivial zero
        Nodes      |    B&B Tree     |            Objective Bounds              |  Dynamic Constraints |       Work
Src  Proc. InQueue |  Leaves   Expl. | BestBound       BestSol              Gap |   Cuts   InLp Confl. | LpIters     Time
         0       0         0   0.00%   -380815868.6866 inf                  inf        0      0      0         0     1.6s
         0       0         0   0.00%   -37774287.30883 inf                  inf        0      0      3     31454    13.1s
 R       0       0         0   0.00%   -37768537.30549 -37768396.94773    0.00%    13450    493      6     32399    17.3s
 L       0       0         0   0.00%   -37768537.30549 -37768487.76897    0.00%    13450    493      6     32399    48.0s
         1       0         1 100.00%   -37768487.76897 -37768487.76897    0.00%     2210    574      7     34324    50.4s
Solving report
  Status            Optimal
  Primal bound      -37768487.769
  Dual bound        -37768487.769
  Gap               0% (tolerance: 0%)
  P-D integral      0.000116933308698
  Solution status   feasible
                    -37768487.769 (objective)
                    0 (bound viol.)
                    0 (int. viol.)
                    0 (row viol.)
  Timing            50.38
  Max sub-MIP depth 3
  Nodes             1
  Repair LPs        0
  LP iterations     34324
                    0 (strong br.)
                    963 (separation)
                    1906 (heuristics)
 50.404766 seconds (86 allocations: 3.531 KiB)
Optimal solution found, objective function value: -3.7768487768969156e7
Saving model results...  0.715848 seconds (4.27 M allocations: 149.139 MiB, 49.39% gc time)
Postprocessing model results...  0.000059 seconds (48 allocations: 3.312 KiB)
Saving model outputs...  0.284157 seconds (2.76 M allocations: 170.350 MiB)
Rolling model temporal structure...  0.508285 seconds (4.74 M allocations: 102.043 MiB)
Fixing model history...  0.047384 seconds (413.88 k allocations: 20.191 MiB)
Applying model non-anticipativity constraints...  0.000155 seconds (603 allocations: 32.203 KiB)
model - window 8 of 12: 2019-08-01T22:00~(4 weeks, 2 days, 10 hours)~>2019-09-01T08:00
Optimal solution found, objective function value: -3.2844561144867536e7
Optimizing model...MIP has 119868 rows; 139893 cols; 310126 nonzeros; 2287 integer variables (0 binary)
Coefficient ranges:
  Matrix  [6e-03, 1e+05]
  Cost    [1e-03, 2e+09]
  Bound   [2e-16, 2e+04]
  RHS     [1e+00, 2e+03]
WARNING: Problem has some excessively large costs
WARNING: Problem has some excessively small column bounds
WARNING:    Consider scaling the objective by 1e-4, or setting the user_objective_scale option to -12
Presolving model
79070 rows, 71078 cols, 221227 nonzeros 0s
37623 rows, 53558 cols, 181264 nonzeros 0s
36191 rows, 49242 cols, 176938 nonzeros 0s
Presolve reductions: rows 36191(-83677); columns 49242(-90651); nonzeros 176938(-133188)
Solving MIP model with:
   36191 rows
   49242 cols (1668 binary, 0 integer, 0 implied int., 47574 continuous, 0 domain fixed)
   176938 nonzeros
Src: B => Branching; C => Central rounding; F => Feasibility pump; H => Heuristic;
     I => Shifting; J => Feasibility jump; L => Sub-MIP; P => Empty MIP; R => Randomized rounding;
     S => Solve LP; T => Evaluate node; U => Unbounded; X => User solution; Y => HiGHS solution;
     Z => ZI Round; l => Trivial lower; p => Trivial point; u => Trivial upper; z => Trivial zero
        Nodes      |    B&B Tree     |            Objective Bounds              |  Dynamic Constraints |       Work
Src  Proc. InQueue |  Leaves   Expl. | BestBound       BestSol              Gap |   Cuts   InLp Confl. | LpIters     Time
         0       0         0   0.00%   -370536722.3665 inf                  inf        0      0      0         0     1.5s
         0       0         0   0.00%   -32849284.92548 inf                  inf        0      0      3     31372     8.0s
 R       0       0         0   0.00%   -32845348.02713 -32844561.14487    0.00%    14129    416      6     34141    13.7s
 L       0       0         0   0.00%   -32845348.02713 -32844561.14487    0.00%    14129    416      6     34141    30.8s
 L       0       0         0   0.00%   -32845348.02713 -32844561.14487    0.00%    14129    416      6     35527    36.6s
11.7% inactive integer columns, restarting
Model after restart has 33952 rows, 40092 cols (1348 bin., 0 int., 0 impl., 38744 cont., 0 dom.fix.), and 156485 nonzeros
         0       0         0   0.00%   -32845348.02713 -32844561.14487    0.00%      340      0      0     35909    37.9s
         0       0         0   0.00%   -32845348.02713 -32844561.14487    0.00%      340    231      2     40683    40.7s
98.1% inactive integer columns, restarting
Model after restart has 31327 rows, 38738 cols (1 bin., 0 int., 0 impl., 38737 cont., 0 dom.fix.), and 123337 nonzeros
         0       0         0   0.00%   -32844576.50764 -32844561.14487    0.00%       14      0      0     43121    45.5s
         0       0         0   0.00%   -32844576.50764 -32844561.14487    0.00%       14     13      0     43354    46.1s
100.0% inactive integer columns, restarting
Model after restart has 31202 rows, 38737 cols (0 bin., 0 int., 0 impl., 38737 cont., 0 dom.fix.), and 122963 nonzeros
         0       0         0   0.00%   -32844561.1638  -32844561.14487    0.00%        0      0      0     43365    48.5s
         0       0         0   0.00%   -32844561.1638  -32844561.14487    0.00%        0      0      0     43387    48.7s
         0       0         1 100.00%   -32844561.14487 -32844561.14487    0.00%        0      0      0     43387    48.8s
Solving report
  Status            Optimal
  Primal bound      -32844561.1449
  Dual bound        -32844561.1449
  Gap               0% (tolerance: 0%)
  P-D integral      0.000708151414025
  Solution status   feasible
                    -32844561.1449 (objective)
                    0 (bound viol.)
                    4.4408920985e-15 (int. viol.)
                    0 (row viol.)
  Timing            48.80
  Max sub-MIP depth 1
  Nodes             0
  Repair LPs        0
  LP iterations     43387
                    0 (strong br.)
                    3118 (separation)
                    3868 (heuristics)
 48.823321 seconds (226 allocations: 9.469 KiB)
Saving model results...  0.358959 seconds (4.27 M allocations: 149.138 MiB)
Postprocessing model results...  0.000043 seconds (48 allocations: 3.312 KiB)
Saving model outputs...  0.291038 seconds (2.76 M allocations: 170.350 MiB)
Rolling model temporal structure...  0.522044 seconds (4.74 M allocations: 102.043 MiB)
Fixing model history...  0.044613 seconds (413.88 k allocations: 20.191 MiB)
Applying model non-anticipativity constraints...  0.000111 seconds (603 allocations: 32.203 KiB)
model - window 9 of 12: 2019-09-01T08:00~(4 weeks, 2 days, 10 hours)~>2019-10-01T18:00
Optimizing model...MIP has 119868 rows; 139893 cols; 310068 nonzeros; 2287 integer variables (0 binary)
Coefficient ranges:
  Matrix  [6e-03, 1e+05]
  Cost    [1e-03, 2e+09]
  Bound   [1e-17, 2e+04]
  RHS     [1e+00, 2e+03]
WARNING: Problem has some excessively large costs
WARNING: Problem has some excessively small column bounds
WARNING:    Consider scaling the objective by 1e-4, or setting the user_objective_scale option to -12
Presolving model
78954 rows, 70962 cols, 220995 nonzeros 0s
37623 rows, 53500 cols, 181206 nonzeros 0s
36097 rows, 48833 cols, 176435 nonzeros 0s
Presolve reductions: rows 36097(-83771); columns 48833(-91060); nonzeros 176435(-133633)
Solving MIP model with:
   36097 rows
   48833 cols (1668 binary, 0 integer, 0 implied int., 47165 continuous, 0 domain fixed)
   176435 nonzeros
Src: B => Branching; C => Central rounding; F => Feasibility pump; H => Heuristic;
     I => Shifting; J => Feasibility jump; L => Sub-MIP; P => Empty MIP; R => Randomized rounding;
     S => Solve LP; T => Evaluate node; U => Unbounded; X => User solution; Y => HiGHS solution;
     Z => ZI Round; l => Trivial lower; p => Trivial point; u => Trivial upper; z => Trivial zero
        Nodes      |    B&B Tree     |            Objective Bounds              |  Dynamic Constraints |       Work
Src  Proc. InQueue |  Leaves   Expl. | BestBound       BestSol              Gap |   Cuts   InLp Confl. | LpIters     Time
         0       0         0   0.00%   -345073357.6707 inf                  inf        0      0      0         0     1.5s
         0       0         0   0.00%   -68082173.46117 inf                  inf        0      0      3     29870     7.9s
 R       0       0         0   0.00%   -68081778.79377 2.72829199e+11   100.02%     9341    207      3     31001    12.4s
         0       0         0   0.00%   -68077922.27398 2.72829199e+11   100.02%      589    410      3     31640    17.8s
 C       0       0         0   0.00%   -68077909.00166 -68077853.99991    0.00%      591    411      3     31734    20.2s
 L       0       0         0   0.00%   -68077909.00166 -68077904.15991    0.00%      591    411      3     31734    21.3s
         1       0         1 100.00%   -68077904.15991 -68077904.15991    0.00%      591    411      3     32130    21.4s
Solving report
  Status            Optimal
  Primal bound      -68077904.1599
  Dual bound        -68077904.1599
  Gap               0% (tolerance: 0%)
  P-D integral      7.86201837216
  Solution status   feasible
                    -68077904.1599 (objective)
                    0 (bound viol.)
                    0 (int. viol.)
                    0 (row viol.)
  Timing            21.38
  Max sub-MIP depth 1
  Nodes             1
  Repair LPs        0
  LP iterations     32130
                    0 (strong br.)
                    1864 (separation)
                    386 (heuristics)
 21.410439 seconds (93 allocations: 3.828 KiB)
Optimal solution found, objective function value: -6.807790415991403e7
Saving model results...  0.367933 seconds (4.27 M allocations: 149.139 MiB)
Postprocessing model results...  0.000029 seconds (48 allocations: 3.312 KiB)
Saving model outputs...  0.538976 seconds (2.76 M allocations: 170.350 MiB, 45.54% gc time)
Rolling model temporal structure...  0.511571 seconds (4.74 M allocations: 102.043 MiB)
Fixing model history...  0.042132 seconds (413.88 k allocations: 20.191 MiB)
Applying model non-anticipativity constraints...  0.000148 seconds (603 allocations: 32.203 KiB)
model - window 10 of 12: 2019-10-01T18:00~(4 weeks, 2 days, 10 hours)~>2019-11-01T04:00
Optimizing model...MIP has 119868 rows; 139893 cols; 310000 nonzeros; 2287 integer variables (0 binary)
Coefficient ranges:
  Matrix  [6e-03, 1e+05]
  Cost    [1e-03, 2e+09]
  Bound   [7e-17, 2e+04]
  RHS     [1e+00, 2e+03]
WARNING: Problem has some excessively large costs
WARNING: Problem has some excessively small column bounds
WARNING:    Consider scaling the objective by 1e-4, or setting the user_objective_scale option to -12
Presolving model
78818 rows, 70826 cols, 220723 nonzeros 0s
37623 rows, 53432 cols, 181138 nonzeros 0s
36054 rows, 48584 cols, 176143 nonzeros 0s
Presolve reductions: rows 36054(-83814); columns 48584(-91309); nonzeros 176143(-133857)
Solving MIP model with:
   36054 rows
   48584 cols (1668 binary, 0 integer, 0 implied int., 46916 continuous, 0 domain fixed)
   176143 nonzeros
Src: B => Branching; C => Central rounding; F => Feasibility pump; H => Heuristic;
     I => Shifting; J => Feasibility jump; L => Sub-MIP; P => Empty MIP; R => Randomized rounding;
     S => Solve LP; T => Evaluate node; U => Unbounded; X => User solution; Y => HiGHS solution;
     Z => ZI Round; l => Trivial lower; p => Trivial point; u => Trivial upper; z => Trivial zero
        Nodes      |    B&B Tree     |            Objective Bounds              |  Dynamic Constraints |       Work
Src  Proc. InQueue |  Leaves   Expl. | BestBound       BestSol              Gap |   Cuts   InLp Confl. | LpIters     Time
         0       0         0   0.00%   -353873776.5168 inf                  inf        0      0      0         0     1.4s
         0       0         0   0.00%   -57204768.68114 inf                  inf        0      0      2     30150     7.5s
 R       0       0         0   0.00%   -57200017.72142 -57199751.05237    0.00%    14224    443      5     32296    12.8s
         0       0         0   0.00%   -57200017.72142 -57199751.05237    0.00%    14224    333      5     35829    21.0s
95.2% inactive integer columns, restarting
Model after restart has 31525 rows, 39207 cols (57 bin., 0 int., 0 impl., 39150 cont., 0 dom.fix.), and 124765 nonzeros
         0       0         0   0.00%   -57200017.72142 -57199751.05237    0.00%       64      0      0     35829    21.4s
         0       0         0   0.00%   -57200017.71793 -57199751.05237    0.00%       64     60      0     36921    22.1s
         1       0         1 100.00%   -57199751.05237 -57199751.05237    0.00%     4077     69      3     37039    24.5s
Solving report
  Status            Optimal
  Primal bound      -57199751.0524
  Dual bound        -57199751.0524
  Gap               0% (tolerance: 0%)
  P-D integral      5.35728586422e-05
  Solution status   feasible
                    -57199751.0524 (objective)
                    0 (bound viol.)
                    7.1054273576e-16 (int. viol.)
                    0 (row viol.)
  Timing            24.50
  Max sub-MIP depth 1
  Nodes             1
  Repair LPs        0
  LP iterations     37039
                    0 (strong br.)
                    2161 (separation)
                    3636 (heuristics)
 24.526360 seconds (135 allocations: 5.609 KiB)
Optimal solution found, objective function value: -5.7199751052371696e7
Saving model results...  0.363413 seconds (4.27 M allocations: 149.139 MiB)
Postprocessing model results...  0.000046 seconds (48 allocations: 3.312 KiB)
Saving model outputs...  0.288510 seconds (2.76 M allocations: 170.350 MiB)
Rolling model temporal structure...  0.526389 seconds (4.74 M allocations: 102.043 MiB)
Fixing model history...  0.042761 seconds (413.88 k allocations: 20.191 MiB)
Applying model non-anticipativity constraints...  0.000139 seconds (603 allocations: 32.203 KiB)
model - window 11 of 12: 2019-11-01T04:00~(4 weeks, 2 days, 10 hours)~>2019-12-01T14:00
Optimizing model...MIP has 119868 rows; 139893 cols; 309934 nonzeros; 2287 integer variables (0 binary)
Coefficient ranges:
  Matrix  [6e-03, 1e+05]
  Cost    [1e-03, 2e+09]
  Bound   [2e-15, 2e+04]
  RHS     [1e+00, 2e+03]
WARNING: Problem has some excessively large costs
WARNING: Problem has some excessively small column bounds
WARNING:    Consider scaling the objective by 1e-4, or setting the user_objective_scale option to -12
Presolving model
78686 rows, 70694 cols, 220459 nonzeros 0s
37623 rows, 53366 cols, 181072 nonzeros 0s
35990 rows, 48265 cols, 175760 nonzeros 0s
Presolve reductions: rows 35990(-83878); columns 48265(-91628); nonzeros 175760(-134174)
Solving MIP model with:
   35990 rows
   48265 cols (1668 binary, 0 integer, 0 implied int., 46597 continuous, 0 domain fixed)
   175760 nonzeros
Src: B => Branching; C => Central rounding; F => Feasibility pump; H => Heuristic;
     I => Shifting; J => Feasibility jump; L => Sub-MIP; P => Empty MIP; R => Randomized rounding;
     S => Solve LP; T => Evaluate node; U => Unbounded; X => User solution; Y => HiGHS solution;
     Z => ZI Round; l => Trivial lower; p => Trivial point; u => Trivial upper; z => Trivial zero
        Nodes      |    B&B Tree     |            Objective Bounds              |  Dynamic Constraints |       Work
Src  Proc. InQueue |  Leaves   Expl. | BestBound       BestSol              Gap |   Cuts   InLp Confl. | LpIters     Time
         0       0         0   0.00%   -389411669.9193 inf                  inf        0      0      0         0     1.4s
         0       0         0   0.00%   -68717835.70482 inf                  inf        0      0      2     29478    12.3s
 R       0       0         0   0.00%   -68711850.16852 -68711678.44425    0.00%    14650    386      5     30281    16.3s
         0       0         0   0.00%   -68711850.16852 -68711678.44425    0.00%    14650    310      5     32541    30.5s
90.3% inactive integer columns, restarting
Model after restart has 31798 rows, 39188 cols (61 bin., 0 int., 0 impl., 39127 cont., 0 dom.fix.), and 125149 nonzeros
         0       0         0   0.00%   -68711850.16852 -68711678.44425    0.00%       59      0      0     32541    30.8s
31.1% inactive integer columns, restarting
Model after restart has 31681 rows, 39161 cols (38 bin., 0 int., 0 impl., 39123 cont., 0 dom.fix.), and 124682 nonzeros
         0       0         0   0.00%   -68711841.76944 -68711678.44425    0.00%       53      0      0     33487    31.8s
         0       0         0   0.00%   -68711841.76944 -68711678.44425    0.00%       53     53      0     33608    32.3s
         0       0         0   0.00%   -68711687.4998  -68711678.44425    0.00%     3680     54      0     35279    44.2s
71.1% inactive integer columns, restarting
Model after restart has 31501 rows, 39119 cols (2 bin., 0 int., 0 impl., 39117 cont., 0 dom.fix.), and 124068 nonzeros
         0       0         0   0.00%   -68711687.4998  -68711678.44425    0.00%       45      0      0     35279    44.4s
         0       0         0   0.00%   -68711687.4998  -68711678.44425    0.00%       45     45      0     36949    45.6s
         0       0         0   0.00%   -68711678.48082 -68711678.44425    0.00%       45     45      2     37295    55.6s
100.0% inactive integer columns, restarting
Model after restart has 31291 rows, 39117 cols (0 bin., 0 int., 0 impl., 39117 cont., 0 dom.fix.), and 123440 nonzeros
         0       0         0   0.00%   -68711678.48082 -68711678.44425    0.00%        1      0      0     37295    55.8s
 T       0       0         0   0.00%   -68711678.48082 -68711678.44425    0.00%        1      0      0     37848    56.4s
         1       0         1 100.00%   -68711678.44425 -68711678.44425    0.00%        1      0      0     37848    56.4s
Solving report
  Status            Optimal
  Primal bound      -68711678.4443
  Dual bound        -68711678.4443
  Gap               0% (tolerance: 0%)
  P-D integral      4.70708239355e-05
  Solution status   feasible
                    -68711678.4443 (objective)
                    0 (bound viol.)
                    0 (int. viol.)
                    0 (row viol.)
  Timing            56.36
  Max sub-MIP depth 1
  Nodes             1
  Repair LPs        0
  LP iterations     37848
                    0 (strong br.)
                    804 (separation)
                    4275 (heuristics)
 56.384501 seconds (191 allocations: 7.984 KiB)
Optimal solution found, objective function value: -6.87116784442523e7
Saving model results...  0.368546 seconds (4.27 M allocations: 149.138 MiB)
Postprocessing model results...  0.000048 seconds (48 allocations: 3.312 KiB)
Saving model outputs...  0.334468 seconds (2.76 M allocations: 170.369 MiB)
Rolling model temporal structure...  0.742431 seconds (4.74 M allocations: 101.999 MiB, 31.10% gc time)
Fixing model history...  0.046366 seconds (413.88 k allocations: 20.191 MiB)
Applying model non-anticipativity constraints...  0.000109 seconds (603 allocations: 32.203 KiB)
model - window 12 of 12: 2019-12-01T14:00~(4 weeks, 2 days, 10 hours)~>2020-01-01T00:00
Optimizing model...MIP has 119868 rows; 139893 cols; 309882 nonzeros; 2287 integer variables (0 binary)
Coefficient ranges:
  Matrix  [6e-03, 1e+05]
  Cost    [1e-03, 2e+09]
  Bound   [6e-14, 2e+04]
  RHS     [1e+00, 2e+03]
WARNING: Problem has some excessively large costs
WARNING: Problem has some excessively small column bounds
WARNING:    Consider scaling the objective by 1e-4, or setting the user_objective_scale option to -12
Presolving model
78582 rows, 70590 cols, 220251 nonzeros 0s
37623 rows, 53314 cols, 181020 nonzeros 0s
35900 rows, 47959 cols, 175364 nonzeros 0s
Presolve reductions: rows 35900(-83968); columns 47959(-91934); nonzeros 175364(-134518)
Solving MIP model with:
   35900 rows
   47959 cols (1668 binary, 0 integer, 0 implied int., 46291 continuous, 0 domain fixed)
   175364 nonzeros
Src: B => Branching; C => Central rounding; F => Feasibility pump; H => Heuristic;
     I => Shifting; J => Feasibility jump; L => Sub-MIP; P => Empty MIP; R => Randomized rounding;
     S => Solve LP; T => Evaluate node; U => Unbounded; X => User solution; Y => HiGHS solution;
     Z => ZI Round; l => Trivial lower; p => Trivial point; u => Trivial upper; z => Trivial zero
        Nodes      |    B&B Tree     |            Objective Bounds              |  Dynamic Constraints |       Work
Src  Proc. InQueue |  Leaves   Expl. | BestBound       BestSol              Gap |   Cuts   InLp Confl. | LpIters     Time
         0       0         0   0.00%   -367158343.4694 inf                  inf        0      0      0         0     1.4s
         0       0         0   0.00%   -103599664.621  inf                  inf        0      0      2     30697     7.7s
 R       0       0         0   0.00%   -103596209.356  -103596020.9078    0.00%    12491    353      5     32094    12.8s
 L       0       0         0   0.00%   -103596209.356  -103596020.9078    0.00%    12491    353      5     32094    21.5s
         0       0         0   0.00%   -103596209.356  -103596020.9078    0.00%    12491    265      5     33723    31.6s
90.7% inactive integer columns, restarting
Model after restart has 31930 rows, 39844 cols (66 bin., 0 int., 0 impl., 39778 cont., 0 dom.fix.), and 126075 nonzeros
         0       0         0   0.00%   -103596209.356  -103596020.9078    0.00%       35      0      0     33723    32.0s
         0       0         0   0.00%   -103596209.356  -103596020.9078    0.00%       35     35      0     34417    32.9s
         0       0         0   0.00%   -103596201.2252 -103596020.9078    0.00%     1345     39      0     34438    37.9s
         0       0         0   0.00%   -103596191.165  -103596020.9078    0.00%     2601     45      0     34453    45.3s
         0       0         0   0.00%   -103596181.3095 -103596020.9078    0.00%     3560     51      0     34461    52.7s
         0       0         0   0.00%   -103596173.1922 -103596020.9078    0.00%     4602     56      0     34468    57.8s
 L       0       0         0   0.00%   -103596161.585  -103596020.9078    0.00%     5579     62      0     34475    72.1s
         0       0         0   0.00%   -103596161.585  -103596020.9078    0.00%     5579     56      0     34921    86.0s
12.1% inactive integer columns, restarting
Model after restart has 31890 rows, 39827 cols (52 bin., 0 int., 0 impl., 39775 cont., 0 dom.fix.), and 125779 nonzeros
         0       0         0   0.00%   -103596161.585  -103596020.9078    0.00%       55      0      0     34921    86.2s
         0       0         0   0.00%   -103596161.585  -103596020.9078    0.00%       55     55      0     34985    86.7s
         0       0         0   0.00%   -103596053.4855 -103596020.9078    0.00%     1258     53      0     63851   101.4s
76.9% inactive integer columns, restarting
Model after restart has 31715 rows, 39778 cols (6 bin., 0 int., 0 impl., 39772 cont., 0 dom.fix.), and 125106 nonzeros
         0       0         0   0.00%   -103596053.4855 -103596020.9078    0.00%       12      0      0     63851   101.7s
16.7% inactive integer columns, restarting
Model after restart has 31714 rows, 39776 cols (4 bin., 0 int., 0 impl., 39772 cont., 0 dom.fix.), and 125103 nonzeros
         0       0         0   0.00%   -103596053.4855 -103596020.9078    0.00%       12      0      0     63912   102.4s
         0       0         0   0.00%   -103596053.4855 -103596020.9078    0.00%       12     12      0     64173   102.9s
         1       0         1 100.00%   -103596020.9078 -103596020.9078    0.00%       12     12      3     64462   105.3s
Solving report
  Status            Optimal
  Primal bound      -103596020.908
  Dual bound        -103596020.908
  Gap               0% (tolerance: 0%)
  P-D integral      0.000126067044578
  Solution status   feasible
                    -103596020.908 (objective)
                    0 (bound viol.)
                    4.4408920985e-16 (int. viol.)
                    0 (row viol.)
  Timing            105.35
  Max sub-MIP depth 1
  Nodes             1
  Repair LPs        0
  LP iterations     64462
                    281 (strong br.)
                    1469 (separation)
                    30927 (heuristics)
105.373852 seconds (331 allocations: 13.922 KiB)
Optimal solution found, objective function value: -1.0359602090777425e8
Saving model results...  0.351370 seconds (4.27 M allocations: 149.139 MiB)
Postprocessing model results...  0.000042 seconds (48 allocations: 3.312 KiB)
Saving model outputs...  0.282136 seconds (2.76 M allocations: 170.350 MiB)
Rolling complete
Solve complete. Started at 2026-07-31T18:06:45.596, ended at 2026-07-31T18:16:16.999, elapsed time: 9 minutes, 31 seconds, 403 milliseconds
Time summary:
Action                                           │ min      │ max        │ avg
─────────────────────────────────────────────────┼──────────┼────────────┼───────────────────────
Postprocessing model results...                  │ 2.9e-5   │ 0.000105   │ 5.2416666666666676e-5
Fixing model history...                          │ 0.039931 │ 0.065997   │ 0.047083272727272724
Applying model non-anticipativity constraints... │ 9.6e-5   │ 0.000203   │ 0.00013718181818181817
Rolling model temporal structure...              │ 8.6e-5   │ 0.742431   │ 0.5124759166666666
Saving model results...                          │ 0.345375 │ 0.715848   │ 0.39605108333333333
Optimizing model...                              │ 9.519502 │ 105.373852 │ 45.745980333333335
Saving model outputs...                          │ 0.282136 │ 0.836438   │ 0.36584191666666666
Rolling model temporal structure...  0.000086 seconds (47 allocations: 1.312 KiB)
Writing report to sqlite:///C:\Users\jfg.eco\Documents\GitHub\Nord_H2ub\Spine_Projects\02_basic_energy_model\.spinetoolbox\items\outputtest\OutputTest.sqlite?spinedbfilter=cfg%3Aexecution%3A%7B%22execution_item%22%3A+%22Run+SpineOpt%22%2C+%22scenarios%22%3A+%5B%5D%2C+%22timestamp%22%3A+%222026-07-31T18%3A03%3A52%22%7D...  3.126146 seconds (22.22 M allocations: 1.330 GiB, 11.10% gc time)
Execution complete. Started at 2026-07-31T18:03:54.593, ended at 2026-07-31T18:16:28.208, elapsed time: 12 minutes, 33 seconds, 615 milliseconds
A JuMP Model
├ solver: HiGHS
├ objective_sense: MIN_SENSE
│ └ objective_function_type: JuMP.AffExpr
├ num_variables: 139893
├ num_constraints: 248178
│ ├ JuMP.AffExpr in MOI.EqualTo{Float64}: 33672
│ ├ JuMP.AffExpr in MOI.GreaterThan{Float64}: 30688
│ ├ JuMP.AffExpr in MOI.LessThan{Float64}: 55508
│ ├ JuMP.VariableRef in MOI.EqualTo{Float64}: 900
│ ├ JuMP.VariableRef in MOI.GreaterThan{Float64}: 121442
│ ├ JuMP.VariableRef in MOI.LessThan{Float64}: 3681
│ └ JuMP.VariableRef in MOI.Integer: 2287
└ Names registered in the model: none
