### Spine execution log file
### Item name: Run SpineOpt
### Filter id: 
### Part: 1

# Running julia run_spineopt.jl http://127.0.0.1:51349 http://127.0.0.1:51352
2-element Vector{String}:
 "http://127.0.0.1:51349"
 "http://127.0.0.1:51352"
Running SpineOpt...
[SpineOpt version 0.10.2 (git hash: N/A)]
[SpineInterface version 0.15.2 (git hash: N/A)]
Execution started at 2026-01-13T13:13:36.107
Reading input data from sqlite:///C:\Users\jfg.eco\Documents\Nord_H2ub\Spine_Projects\02_basic_energy_model\.spinetoolbox\items\input\Input.sqlite...
Initializing  data structure from db...  0.424400 seconds (358.14 k allocations: 51.107 MiB, 12.24% gc time)
Preprocessing  data structure...  0.070759 seconds (36.55 k allocations: 2.691 MiB, 57.23% compilation time)
Checking  data structure...  0.009181 seconds (5.67 k allocations: 472.375 KiB, 93.90% compilation time)
Build started at 2026-01-13T13:13:36.659
Creating model temporal structure...[ Info: the last time slice of temporal block Default_Investment_period has been cut to fit within the block
[ Info: the last time slice of temporal block daily has been cut to fit within the block
236.934259 seconds (433.57 M allocations: 20.769 GiB, 90.60% gc time, 0.01% compilation time)
Creating model stochastic structure...  4.976842 seconds (2.80 M allocations: 600.251 MiB, 93.66% gc time, 0.16% compilation time)
Adding model independent variables...
- [variable_binary_gas_connection_flow]  3.647687 seconds (2.33 M allocations: 35.610 MiB, 97.95% gc time)
- [variable_connection_flow]  0.210096 seconds (2.88 M allocations: 100.623 MiB, 18.40% gc time, 31.65% compilation time)
- [variable_connection_intact_flow]  0.132606 seconds (2.79 M allocations: 90.033 MiB, 26.42% gc time)
- [variable_connections_decommissioned]  0.091040 seconds (2.34 M allocations: 36.097 MiB, 15.29% gc time)
- [variable_connections_invested]  5.640592 seconds (15.84 M allocations: 1.282 GiB, 84.03% gc time)
- [variable_connections_invested_available] 13.569899 seconds (16.51 M allocations: 1.319 GiB, 93.59% gc time, 0.05% compilation time)
- [variable_min_capacity_margin_slack]  0.096962 seconds (2.33 M allocations: 35.577 MiB, 21.01% gc time)
- [variable_node_injection]  0.105950 seconds (2.57 M allocations: 60.691 MiB, 15.62% gc time)
- [variable_node_pressure]  0.095964 seconds (2.33 M allocations: 35.580 MiB, 16.85% gc time)
- [variable_node_slack_neg]  0.107611 seconds (2.55 M allocations: 57.011 MiB, 16.41% gc time)
- [variable_node_slack_pos]  0.106916 seconds (2.55 M allocations: 57.013 MiB, 16.34% gc time)
- [variable_node_state]  0.156867 seconds (2.41 M allocations: 42.662 MiB, 10.26% gc time, 37.16% compilation time)
- [variable_node_voltage_angle]  0.106351 seconds (2.33 M allocations: 35.579 MiB, 23.86% gc time)
- [variable_nonspin_units_shut_down]  0.099436 seconds (2.33 M allocations: 35.589 MiB, 22.11% gc time)
- [variable_nonspin_units_started_up]  0.095137 seconds (2.33 M allocations: 35.583 MiB, 18.94% gc time)
- [variable_storages_decommissioned]  0.095855 seconds (2.33 M allocations: 35.755 MiB, 18.37% gc time)
- [variable_storages_invested]  0.310236 seconds (4.37 M allocations: 254.477 MiB, 30.41% gc time, 2.73% compilation time)
- [variable_storages_invested_available]  0.326811 seconds (4.37 M allocations: 254.485 MiB, 39.49% gc time)
- [variable_unit_flow]  4.328819 seconds (2.99 M allocations: 154.391 MiB, 95.96% gc time, 1.04% compilation time)
- [variable_unit_flow_op]  0.108761 seconds (2.45 M allocations: 50.735 MiB, 17.92% gc time)
- [variable_unit_flow_op_active]  0.104438 seconds (2.47 M allocations: 53.191 MiB, 16.99% gc time)
- [variable_units_invested]  5.157108 seconds (15.16 M allocations: 1.191 GiB, 85.23% gc time)
- [variable_units_invested_available]  9.828237 seconds (15.79 M allocations: 1.221 GiB, 91.64% gc time, 0.09% compilation time)
- [variable_units_mothballed]  3.806690 seconds (2.34 M allocations: 36.273 MiB, 97.96% gc time)
- [variable_units_on]  0.111506 seconds (2.54 M allocations: 54.893 MiB, 18.77% gc time)
- [variable_units_out_of_service]  0.099019 seconds (2.33 M allocations: 35.575 MiB, 18.85% gc time)
- [variable_units_returned_to_service]  0.104667 seconds (2.33 M allocations: 35.573 MiB, 18.88% gc time)
- [variable_units_shut_down]  0.102129 seconds (2.36 M allocations: 38.044 MiB, 17.50% gc time)
- [variable_units_started_up]  0.146144 seconds (2.35 M allocations: 37.362 MiB, 21.92% gc time)
- [variable_units_taken_out_of_service]  0.082991 seconds (2.33 M allocations: 35.574 MiB)
- [variable_user_constraint_slack_neg]  0.106416 seconds (2.33 M allocations: 35.569 MiB, 23.38% gc time)
- [variable_user_constraint_slack_pos]  0.107915 seconds (2.33 M allocations: 35.569 MiB, 26.53% gc time)
 49.214827 seconds (135.58 M allocations: 6.776 GiB, 87.37% gc time, 0.39% compilation time)
Adding model dependent variables...
- [variable_connection_flow]  0.005413 seconds (73.65 k allocations: 6.683 MiB)
- [variable_unit_flow]  0.031293 seconds (130.60 k allocations: 12.471 MiB, 55.17% gc time)
  0.038562 seconds (204.54 k allocations: 19.174 MiB, 44.77% gc time)
Adding model expressions...
- [expression_capacity_margin]  0.000036 seconds (30 allocations: 2.609 KiB)
  0.000397 seconds (119 allocations: 7.766 KiB)
Adding model constraints...
- [constraint_candidate_connection_flow_lb]  0.000120 seconds (70 allocations: 4.188 KiB)
- [constraint_candidate_connection_flow_ub]  0.000066 seconds (71 allocations: 4.047 KiB)
- [constraint_compression_ratio]  0.000049 seconds (40 allocations: 3.641 KiB)
- [constraint_connection_flow_capacity]  0.051610 seconds (502.27 k allocations: 53.170 MiB, 35.74% gc time, 0.50% compilation time)
- [constraint_connection_flow_gas_capacity]  0.000064 seconds (43 allocations: 4.891 KiB)
- [constraint_connection_flow_intact_flow]  0.000077 seconds (38 allocations: 2.781 KiB)
- [constraint_connection_flow_lodf]  0.000193 seconds (59 allocations: 4.188 KiB)
- [constraint_connection_intact_flow_capacity]  0.000117 seconds (81 allocations: 5.234 KiB)
- [constraint_connection_intact_flow_ptdf]  0.000045 seconds (24 allocations: 1.938 KiB)
- [constraint_connection_lifetime] 94.412754 seconds (102.59 M allocations: 23.634 GiB, 92.95% gc time, 0.01% compilation time)
- [constraint_connection_unitary_gas_flow]  0.000071 seconds (40 allocations: 3.641 KiB)
- [constraint_connections_invested_available]  0.000542 seconds (860 allocations: 86.125 KiB)
- [constraint_connections_invested_transition]  0.013519 seconds (5.65 k allocations: 458.625 KiB, 91.43% compilation time)
- [constraint_cyclic_node_state]  0.005662 seconds (1.69 k allocations: 122.594 KiB, 96.80% compilation time)
- [constraint_fix_node_pressure_point]  0.000043 seconds (40 allocations: 3.641 KiB)
- [constraint_fix_ratio_in_in_unit_flow]  0.007800 seconds (54.54 k allocations: 6.133 MiB)
- [constraint_fix_ratio_in_out_unit_flow]  0.000326 seconds (2.05 k allocations: 189.453 KiB)
- [constraint_fix_ratio_out_in_connection_flow]  0.013210 seconds (46.65 k allocations: 4.141 MiB, 66.54% compilation time)
- [constraint_fix_ratio_out_in_unit_flow]  0.000116 seconds (95 allocations: 19.516 KiB)
- [constraint_fix_ratio_out_out_unit_flow]  0.000354 seconds (748 allocations: 75.859 KiB)
- [constraint_investment_group_equal_investments]  0.000043 seconds (23 allocations: 1.844 KiB)
- [constraint_investment_group_maximum_capacity_invested_available]  0.000051 seconds (22 allocations: 2.109 KiB)
- [constraint_investment_group_maximum_entities_invested_available]  0.000044 seconds (21 allocations: 1.812 KiB)
- [constraint_investment_group_minimum_capacity_invested_available]  0.000051 seconds (20 allocations: 1.766 KiB)
- [constraint_investment_group_minimum_entities_invested_available]  0.000033 seconds (21 allocations: 2.062 KiB)
- [constraint_max_node_pressure]  0.000075 seconds (84 allocations: 6.508 KiB)
- [constraint_max_node_voltage_angle]  0.000070 seconds (102 allocations: 7.602 KiB)
- [constraint_max_ratio_in_in_unit_flow]  0.000088 seconds (95 allocations: 19.516 KiB)
- [constraint_max_ratio_in_out_unit_flow]  0.000061 seconds (94 allocations: 19.219 KiB)
- [constraint_max_ratio_out_in_connection_flow]  0.000064 seconds (58 allocations: 4.672 KiB)
- [constraint_max_ratio_out_in_unit_flow]  0.000062 seconds (95 allocations: 19.516 KiB)
- [constraint_max_ratio_out_out_unit_flow]  0.000058 seconds (94 allocations: 19.219 KiB)
- [constraint_max_total_cumulated_unit_flow_from_node]  0.000045 seconds (46 allocations: 4.125 KiB)
- [constraint_max_total_cumulated_unit_flow_to_node]  0.000036 seconds (43 allocations: 4.047 KiB)
- [constraint_min_capacity_margin]  0.000041 seconds (37 allocations: 2.828 KiB)
- [constraint_min_down_time]  0.067783 seconds (342.69 k allocations: 32.486 MiB, 27.94% gc time, 27.04% compilation time)
- [constraint_min_node_pressure]  0.000072 seconds (88 allocations: 11.383 KiB)
- [constraint_min_node_voltage_angle]  0.000048 seconds (102 allocations: 7.602 KiB)
- [constraint_min_ratio_in_in_unit_flow]  0.000086 seconds (94 allocations: 19.219 KiB)
- [constraint_min_ratio_in_out_unit_flow]  0.000053 seconds (95 allocations: 19.516 KiB)
- [constraint_min_ratio_out_in_connection_flow]  0.000043 seconds (58 allocations: 4.672 KiB)
- [constraint_min_ratio_out_in_unit_flow]  0.000045 seconds (94 allocations: 19.219 KiB)
- [constraint_min_ratio_out_out_unit_flow]  0.000047 seconds (95 allocations: 19.516 KiB)
- [constraint_min_scheduled_outage_duration]  0.000034 seconds (29 allocations: 2.312 KiB)
- [constraint_min_total_cumulated_unit_flow_from_node]  0.000042 seconds (46 allocations: 4.125 KiB)
- [constraint_min_total_cumulated_unit_flow_to_node]  0.000035 seconds (43 allocations: 4.047 KiB)
- [constraint_min_up_time]  0.003964 seconds (44.41 k allocations: 3.370 MiB)
- [constraint_minimum_operating_point]  0.004578 seconds (48.01 k allocations: 4.825 MiB)
- [constraint_nodal_balance]  0.017765 seconds (158.30 k allocations: 16.592 MiB, 49.89% compilation time)
- [constraint_node_injection]  0.085120 seconds (529.68 k allocations: 49.084 MiB, 50.15% gc time)
- [constraint_node_state_capacity]  0.009527 seconds (95.46 k allocations: 7.915 MiB)
- [constraint_node_voltage_angle]  0.000049 seconds (29 allocations: 2.547 KiB)
- [constraint_non_spinning_reserves_lower_bound]  0.000094 seconds (255 allocations: 23.812 KiB)
- [constraint_non_spinning_reserves_shut_down_upper_bound]  0.000080 seconds (264 allocations: 24.703 KiB)
- [constraint_non_spinning_reserves_start_up_upper_bound]  0.000069 seconds (265 allocations: 25.000 KiB)
- [constraint_operating_point_bounds]  0.114847 seconds (999.46 k allocations: 150.355 MiB, 35.78% gc time)
- [constraint_operating_point_rank]  0.003172 seconds (26.80 k allocations: 3.803 MiB)
- [constraint_ramp_down]  0.057478 seconds (121.97 k allocations: 12.318 MiB, 34.12% gc time, 46.51% compilation time)
- [constraint_ramp_up]  0.012067 seconds (118.32 k allocations: 12.062 MiB)
- [constraint_ratio_out_in_connection_intact_flow]  0.000068 seconds (38 allocations: 2.781 KiB)
- [constraint_storage_lifetime] 19.099854 seconds (18.90 M allocations: 3.513 GiB, 94.12% gc time, 0.03% compilation time)
- [constraint_storage_line_pack]  0.000057 seconds (41 allocations: 3.688 KiB)
- [constraint_storages_invested_available]  0.000292 seconds (354 allocations: 36.672 KiB)
- [constraint_storages_invested_transition]  0.000533 seconds (1.48 k allocations: 141.453 KiB)
- [constraint_unit_flow_capacity]  0.018661 seconds (269.02 k allocations: 22.973 MiB)
- [constraint_unit_flow_op_bounds]  0.030082 seconds (68.35 k allocations: 8.356 MiB, 56.23% gc time, 28.66% compilation time)
- [constraint_unit_flow_op_rank]  0.005054 seconds (61.21 k allocations: 7.770 MiB)
- [constraint_unit_flow_op_sum]  0.000884 seconds (8.35 k allocations: 946.461 KiB)
- [constraint_unit_lifetime] 76.630697 seconds (82.42 M allocations: 16.312 GiB, 93.73% gc time)
- [constraint_unit_state_transition]  0.001997 seconds (19.50 k allocations: 1.936 MiB)
- [constraint_units_available]  0.036770 seconds (363.47 k allocations: 28.007 MiB, 27.71% gc time)
- [constraint_units_invested_available]  0.000267 seconds (1.12 k allocations: 111.266 KiB)
- [constraint_units_invested_transition]  0.000798 seconds (8.01 k allocations: 634.156 KiB)
- [constraint_units_out_of_service_contiguity]  0.000161 seconds (29 allocations: 2.312 KiB)
- [constraint_units_out_of_service_transition]  0.000064 seconds (46 allocations: 3.312 KiB)
- [constraint_user_constraint]  1.448960 seconds (1.70 M allocations: 121.457 MiB, 6.29% gc time, 98.11% compilation time)
192.260408 seconds (210.21 M allocations: 44.045 GiB, 92.50% gc time, 0.79% compilation time)
Setting model objective...  0.094608 seconds (361.05 k allocations: 28.461 MiB, 29.59% gc time, 43.31% compilation time)
Build complete. Started at 2026-01-13T13:13:36.659, ended at 2026-01-13T13:21:40.173, elapsed time: 8 minutes, 3 seconds, 514 milliseconds
Solve started at 2026-01-13T13:21:40.186
model - window 1 of 1: 2019-01-01T00:00~(1 day, 23 hours)~>2019-01-02T23:00
Optimizing model...Running HiGHS 1.11.0 (git hash: 364c83a51e): Copyright (c) 2025 HiGHS under MIT licence terms
MIP  has 5551 rows; 240405 cols; 113388 nonzeros; 238 integer variables (0 binary)
Coefficient ranges:
  Matrix [6e-03, 1e+05]
  Cost   [1e-03, 2e+09]
  Bound  [1e+00, 1e+03]
  RHS    [1e+00, 1e+02]
Presolving model
2869 rows, 3260 cols, 9190 nonzeros  0s
2142 rows, 2545 cols, 7946 nonzeros  0s
1795 rows, 2316 cols, 6502 nonzeros  0s
Solving MIP model with:
   1795 rows
   2316 cols (53 binary, 0 integer, 0 implied int., 2263 continuous, 0 domain fixed)
   6502 nonzeros
Src: B => Branching; C => Central rounding; F => Feasibility pump; J => Feasibility jump;
     H => Heuristic; L => Sub-MIP; P => Empty MIP; R => Randomized rounding; Z => ZI Round;
     I => Shifting; S => Solve LP; T => Evaluate node; U => Unbounded; X => User solution;
     z => Trivial zero; l => Trivial lower; u => Trivial upper; p => Trivial point
        Nodes      |    B&B Tree     |            Objective Bounds              |  Dynamic Constraints |       Work
Src  Proc. InQueue |  Leaves   Expl. | BestBound       BestSol              Gap |   Cuts   InLp Confl. | LpIters     Time
         0       0         0   0.00%   -3077426.403646 inf                  inf        0      0      0         0     0.1s
 T       0       0         0   0.00%   -3077426.403646 33102.896844    9396.55%        0      0      0       906     0.1s
         1       0         1 100.00%   33102.896844    33102.896844       0.00%        0      0      0       906     0.1s
Solving report
  Status            Optimal
  Primal bound      33102.8968444
  Dual bound        33102.8968444
  Gap               0% (tolerance: 0%)
  P-D integral      0.00394294808708
  Solution status   feasible
                    33102.8968444 (objective)
                    0 (bound viol.)
                    0 (int. viol.)
                    0 (row viol.)
  Timing            0.13 (total)
                    0.00 (presolve)
                    0.00 (solve)
                    0.00 (postsolve)
  Max sub-MIP depth 0
  Nodes             1
  Repair LPs        0 (0 feasible; 0 iterations)
  LP iterations     906 (total)
                    0 (strong br.)
                    0 (separation)
                    0 (heuristics)
  0.521361 seconds (503.07 k allocations: 93.375 MiB, 57.76% gc time)
Optimal solution found, objective function value: 33102.89684444445
Saving model results...  3.866123 seconds (1.90 M allocations: 88.462 MiB, 96.70% gc time)
Postprocessing model results...  0.000044 seconds (51 allocations: 4.297 KiB)
Saving model outputs...  4.364655 seconds (4.14 M allocations: 343.793 MiB, 93.31% gc time)
Rolling model temporal structure...  0.000074 seconds (46 allocations: 2.438 KiB)
Rolling complete
Solve complete. Started at 2026-01-13T13:21:40.186, ended at 2026-01-13T13:21:48.944, elapsed time: 8 seconds, 758 milliseconds
Time summary:
Action                              │ min      │ max      │ avg
────────────────────────────────────┼──────────┼──────────┼─────────
Postprocessing model results...     │ 4.4e-5   │ 4.4e-5   │ 4.4e-5
Rolling model temporal structure... │ 7.4e-5   │ 7.4e-5   │ 7.4e-5
Saving model results...             │ 3.866123 │ 3.866123 │ 3.866123
Optimizing model...                 │ 0.521361 │ 0.521361 │ 0.521361
Saving model outputs...             │ 4.364655 │ 4.364655 │ 4.364655
Writing report to sqlite:///C:\Users\jfg.eco\Documents\Nord_H2ub\Spine_Projects\02_basic_energy_model\.spinetoolbox\items\outputtest\OutputTest.sqlite?spinedbfilter=cfg%3Aexecution%3A%7B%22execution_item%22%3A+%22Run+SpineOpt%22%2C+%22scenarios%22%3A+%5B%5D%2C+%22timestamp%22%3A+%222026-01-13T13%3A13%3A33%22%7D...  0.334247 seconds (83.72 k allocations: 6.830 MiB)
Execution complete. Started at 2026-01-13T13:13:36.107, ended at 2026-01-13T13:21:53.603, elapsed time: 8 minutes, 17 seconds, 496 milliseconds
A JuMP Model
├ solver: HiGHS
├ objective_sense: MIN_SENSE
│ └ objective_function_type: JuMP.AffExpr
├ num_variables: 240405
├ num_constraints: 245519
│ ├ JuMP.AffExpr in MOI.EqualTo{Float64}: 1665
│ ├ JuMP.AffExpr in MOI.GreaterThan{Float64}: 1332
│ ├ JuMP.AffExpr in MOI.LessThan{Float64}: 2554
│ ├ JuMP.VariableRef in MOI.EqualTo{Float64}: 21
│ ├ JuMP.VariableRef in MOI.GreaterThan{Float64}: 239566
│ ├ JuMP.VariableRef in MOI.LessThan{Float64}: 143
│ └ JuMP.VariableRef in MOI.Integer: 238
└ Names registered in the model: none
