### Spine execution log file
### Item name: Run SpineOpt
### Filter id: 
### Part: 1

# Running julia run_spineopt.jl http://127.0.0.1:55643 http://127.0.0.1:55645
2-element Vector{String}:
 "http://127.0.0.1:55643"
 "http://127.0.0.1:55645"
Running SpineOpt...
[SpineOpt version 0.10.2 (git hash: N/A)]
[SpineInterface version 0.15.2 (git hash: N/A)]
Execution started at 2026-07-30T13:09:41.115
Reading input data from sqlite:///C:\Users\jfg.eco\Documents\GitHub\Nord_H2ub\Spine_Projects\02_basic_energy_model\.spinetoolbox\items\input\Input.sqlite...
Initializing  data structure from db...  0.669593 seconds (1.93 M allocations: 130.040 MiB)
Preprocessing  data structure...  0.122624 seconds (48.48 k allocations: 2.446 MiB, 59.95% compilation time)
Checking  data structure...  0.023319 seconds (9.05 k allocations: 476.406 KiB, 84.15% compilation time)
Build started at 2026-07-30T13:09:42
Creating model temporal structure...[ Info: the last time slice of temporal block Default_Investment_period has been cut to fit within the block
[ Info: the last time slice of temporal block daily has been cut to fit within the block
 61.061905 seconds (431.06 M allocations: 22.181 GiB, 57.99% gc time, 0.04% compilation time)
Creating model stochastic structure...  1.452765 seconds (3.22 M allocations: 453.173 MiB, 77.44% gc time, 2.67% compilation time)
Adding model independent variables...
- [variable_binary_gas_connection_flow]  0.071519 seconds (2.29 M allocations: 34.946 MiB)
- [variable_connection_flow]  2.795914 seconds (13.99 M allocations: 1.458 GiB, 40.38% gc time, 6.53% compilation time)
- [variable_connection_intact_flow]  4.438792 seconds (11.02 M allocations: 725.244 MiB, 80.82% gc time)
- [variable_connections_decommissioned]  0.098557 seconds (2.30 M allocations: 35.579 MiB)
- [variable_connections_invested]  0.410925 seconds (2.54 M allocations: 146.445 MiB)
- [variable_connections_invested_available]  0.375302 seconds (2.63 M allocations: 146.061 MiB, 5.38% compilation time)
- [variable_min_capacity_margin_slack]  0.063434 seconds (2.29 M allocations: 34.901 MiB)
- [variable_node_injection]  0.621213 seconds (6.86 M allocations: 370.941 MiB, 27.61% gc time)
- [variable_node_pressure]  0.087510 seconds (2.29 M allocations: 34.920 MiB)
- [variable_node_slack_neg]  0.421801 seconds (6.73 M allocations: 321.239 MiB)
- [variable_node_slack_pos]  0.624360 seconds (6.73 M allocations: 321.241 MiB, 32.21% gc time)
- [variable_node_state]  0.265141 seconds (4.26 M allocations: 143.002 MiB, 6.35% compilation time)
- [variable_node_voltage_angle]  0.070306 seconds (2.29 M allocations: 34.920 MiB)
- [variable_nonspin_units_shut_down]  0.064467 seconds (2.29 M allocations: 34.936 MiB)
- [variable_nonspin_units_started_up]  0.063141 seconds (2.29 M allocations: 34.933 MiB)
- [variable_storages_decommissioned]  0.076927 seconds (2.29 M allocations: 35.092 MiB)
- [variable_storages_invested]  0.121102 seconds (1.99 M allocations: 64.960 MiB, 12.08% compilation time)
- [variable_storages_invested_available]  0.236909 seconds (1.99 M allocations: 64.872 MiB, 57.49% gc time)
- [variable_unit_flow]  2.071554 seconds (16.39 M allocations: 2.228 GiB, 28.68% gc time, 3.37% compilation time)
- [variable_unit_flow_op]  0.231605 seconds (3.78 M allocations: 156.503 MiB)
- [variable_unit_flow_op_active]  0.236426 seconds (4.25 M allocations: 184.323 MiB)
- [variable_units_invested]  0.358104 seconds (2.53 M allocations: 132.871 MiB)
- [variable_units_invested_available]  0.453434 seconds (2.60 M allocations: 135.806 MiB, 32.80% gc time, 3.25% compilation time)
- [variable_units_mothballed]  0.063516 seconds (2.30 M allocations: 35.614 MiB)
- [variable_units_on]  0.242201 seconds (5.72 M allocations: 258.939 MiB)
- [variable_units_out_of_service]  0.066532 seconds (2.29 M allocations: 34.912 MiB)
- [variable_units_returned_to_service]  0.068405 seconds (2.29 M allocations: 34.907 MiB)
- [variable_units_shut_down]  0.081736 seconds (2.57 M allocations: 53.701 MiB)
- [variable_units_started_up]  0.089599 seconds (2.56 M allocations: 53.009 MiB)
- [variable_units_taken_out_of_service]  0.220327 seconds (2.29 M allocations: 34.908 MiB, 64.63% gc time)
- [variable_user_constraint_slack_neg]  0.064905 seconds (2.29 M allocations: 34.899 MiB)
- [variable_user_constraint_slack_pos]  0.063859 seconds (2.29 M allocations: 34.899 MiB)
 15.244640 seconds (131.18 M allocations: 7.367 GiB, 40.08% gc time, 2.09% compilation time)
Adding model dependent variables...
- [variable_connection_flow]  0.301823 seconds (4.68 M allocations: 203.041 MiB)
- [variable_unit_flow]  0.397847 seconds (6.40 M allocations: 302.912 MiB)
  0.703616 seconds (11.08 M allocations: 505.965 MiB)
Adding model expressions...
- [expression_capacity_margin]  0.000070 seconds (86 allocations: 3.875 KiB)
  0.001530 seconds (201 allocations: 9.945 KiB)
Adding model constraints...
- [constraint_candidate_connection_flow_lb]  0.000515 seconds (146 allocations: 6.461 KiB)
- [constraint_candidate_connection_flow_ub]  0.000110 seconds (144 allocations: 6.180 KiB)
- [constraint_compression_ratio]  0.000063 seconds (94 allocations: 5.930 KiB)
- [constraint_connection_flow_capacity]  2.168273 seconds (22.42 M allocations: 1.265 GiB, 23.71% gc time, 0.02% compilation time)
- [constraint_connection_flow_gas_capacity]  0.000065 seconds (97 allocations: 7.086 KiB)
- [constraint_connection_flow_intact_flow]  0.009618 seconds (87 allocations: 4.008 KiB)
- [constraint_connection_flow_lodf]  0.000701 seconds (66 allocations: 3.438 KiB)
- [constraint_connection_intact_flow_capacity]  0.000468 seconds (118 allocations: 5.648 KiB)
- [constraint_connection_intact_flow_ptdf]  0.000062 seconds (72 allocations: 3.602 KiB)
- [constraint_connection_lifetime] 32.270991 seconds (219.78 M allocations: 22.942 GiB, 52.39% gc time, 0.05% compilation time)
- [constraint_connection_unitary_gas_flow]  0.000078 seconds (94 allocations: 5.930 KiB)
- [constraint_connections_invested_available]  0.001207 seconds (2.82 k allocations: 164.153 KiB)
- [constraint_connections_invested_transition]  0.004512 seconds (16.29 k allocations: 859.613 KiB)
- [constraint_cyclic_node_state]  0.007570 seconds (2.56 k allocations: 123.836 KiB, 96.17% compilation time)
- [constraint_fix_node_pressure_point]  0.000105 seconds (94 allocations: 5.930 KiB)
- [constraint_fix_ratio_in_in_unit_flow]  0.114185 seconds (1.09 M allocations: 69.084 MiB)
- [constraint_fix_ratio_in_out_unit_flow]  0.000422 seconds (3.20 k allocations: 167.633 KiB)
- [constraint_fix_ratio_out_in_connection_flow]  0.109228 seconds (822.20 k allocations: 48.696 MiB, 12.39% compilation time)
- [constraint_fix_ratio_out_in_unit_flow]  0.000100 seconds (193 allocations: 12.008 KiB)
- [constraint_fix_ratio_out_out_unit_flow]  0.000305 seconds (1.10 k allocations: 58.758 KiB)
- [constraint_investment_group_equal_investments]  0.006614 seconds (37.15 k allocations: 8.371 MiB)
- [constraint_investment_group_maximum_capacity_invested_available]  0.000068 seconds (34 allocations: 1.992 KiB)
- [constraint_investment_group_maximum_entities_invested_available]  0.000069 seconds (33 allocations: 2.180 KiB)
- [constraint_investment_group_minimum_capacity_invested_available]  0.000056 seconds (32 allocations: 1.898 KiB)
- [constraint_investment_group_minimum_entities_invested_available]  0.000070 seconds (32 allocations: 1.898 KiB)
- [constraint_max_node_pressure]  0.000109 seconds (220 allocations: 11.039 KiB)
- [constraint_max_node_voltage_angle]  0.000109 seconds (293 allocations: 13.742 KiB)
- [constraint_max_ratio_in_in_unit_flow]  0.000114 seconds (193 allocations: 12.008 KiB)
- [constraint_max_ratio_in_out_unit_flow]  0.000093 seconds (194 allocations: 12.289 KiB)
- [constraint_max_ratio_out_in_connection_flow]  0.000080 seconds (114 allocations: 6.570 KiB)
- [constraint_max_ratio_out_in_unit_flow]  0.000065 seconds (193 allocations: 12.008 KiB)
- [constraint_max_ratio_out_out_unit_flow]  0.000059 seconds (193 allocations: 12.008 KiB)
- [constraint_max_total_cumulated_unit_flow_from_node]  0.000072 seconds (96 allocations: 6.039 KiB)
- [constraint_max_total_cumulated_unit_flow_to_node]  0.000035 seconds (92 allocations: 5.789 KiB)
- [constraint_min_capacity_margin]  0.000296 seconds (101 allocations: 4.773 KiB)
- [constraint_min_down_time]  0.956557 seconds (6.69 M allocations: 499.632 MiB, 29.80% gc time, 4.37% compilation time)
- [constraint_min_node_pressure]  0.000134 seconds (224 allocations: 15.162 KiB)
- [constraint_min_node_voltage_angle]  0.000115 seconds (293 allocations: 13.742 KiB)
- [constraint_min_ratio_in_in_unit_flow]  0.000096 seconds (193 allocations: 12.008 KiB)
- [constraint_min_ratio_in_out_unit_flow]  0.000069 seconds (193 allocations: 12.008 KiB)
- [constraint_min_ratio_out_in_connection_flow]  0.000122 seconds (114 allocations: 6.570 KiB)
- [constraint_min_ratio_out_in_unit_flow]  0.000087 seconds (193 allocations: 12.008 KiB)
- [constraint_min_ratio_out_out_unit_flow]  0.000072 seconds (193 allocations: 12.008 KiB)
- [constraint_min_scheduled_outage_duration]  0.000084 seconds (66 allocations: 3.320 KiB)
- [constraint_min_total_cumulated_unit_flow_from_node]  0.000058 seconds (96 allocations: 6.039 KiB)
- [constraint_min_total_cumulated_unit_flow_to_node]  0.000047 seconds (92 allocations: 5.789 KiB)
- [constraint_min_up_time]  0.057511 seconds (819.95 k allocations: 49.034 MiB)
- [constraint_minimum_operating_point]  0.077644 seconds (944.48 k allocations: 56.702 MiB)
- [constraint_nodal_balance]  0.390547 seconds (4.68 M allocations: 264.892 MiB)
- [constraint_node_injection]  2.092363 seconds (26.96 M allocations: 1.351 GiB, 12.62% gc time)
- [constraint_node_state_capacity]  0.287592 seconds (4.07 M allocations: 208.696 MiB)
- [constraint_node_voltage_angle]  0.000109 seconds (69 allocations: 3.445 KiB)
- [constraint_non_spinning_reserves_lower_bound]  0.000140 seconds (471 allocations: 22.898 KiB)
- [constraint_non_spinning_reserves_shut_down_upper_bound]  0.000160 seconds (480 allocations: 23.695 KiB)
- [constraint_non_spinning_reserves_start_up_upper_bound]  0.000074 seconds (480 allocations: 23.695 KiB)
- [constraint_operating_point_bounds] 16.378284 seconds (163.32 M allocations: 18.732 GiB, 24.06% gc time)
- [constraint_operating_point_rank]  0.023712 seconds (334.78 k allocations: 29.588 MiB)
- [constraint_ramp_down]  0.239045 seconds (2.56 M allocations: 156.981 MiB, 15.97% compilation time)
- [constraint_ramp_up]  0.312701 seconds (2.57 M allocations: 157.847 MiB, 36.22% gc time)
- [constraint_ratio_out_in_connection_intact_flow]  0.000099 seconds (87 allocations: 4.008 KiB)
- [constraint_storage_lifetime]  2.908537 seconds (31.00 M allocations: 3.319 GiB, 33.71% gc time, 0.41% compilation time)
- [constraint_storage_line_pack]  0.001671 seconds (96 allocations: 6.023 KiB)
- [constraint_storages_invested_available]  0.000415 seconds (904 allocations: 49.602 KiB)
- [constraint_storages_invested_transition]  0.000798 seconds (4.04 k allocations: 208.896 KiB)
- [constraint_unit_flow_capacity]  0.541829 seconds (8.49 M allocations: 470.370 MiB)
- [constraint_unit_flow_op_bounds]  0.199340 seconds (2.47 M allocations: 134.015 MiB, 7.99% compilation time)
- [constraint_unit_flow_op_rank]  0.154685 seconds (1.93 M allocations: 109.220 MiB)
- [constraint_unit_flow_op_sum]  0.008833 seconds (88.62 k allocations: 7.014 MiB)
- [constraint_unit_lifetime] 16.900424 seconds (153.15 M allocations: 16.534 GiB, 42.93% gc time)
- [constraint_unit_state_transition]  0.016972 seconds (310.07 k allocations: 22.204 MiB)
- [constraint_units_available]  0.998979 seconds (15.33 M allocations: 778.448 MiB)
- [constraint_units_invested_available]  0.000633 seconds (3.03 k allocations: 175.669 KiB)
- [constraint_units_invested_transition]  0.003510 seconds (17.63 k allocations: 923.832 KiB)
- [constraint_units_out_of_service_contiguity]  0.000078 seconds (66 allocations: 3.320 KiB)
- [constraint_units_out_of_service_transition]  0.000406 seconds (95 allocations: 4.883 KiB)
- [constraint_user_constraint]  0.540348 seconds (4.30 M allocations: 255.666 MiB, 11.91% compilation time)
 79.371992 seconds (690.21 M allocations: 68.131 GiB, 38.60% gc time, 0.26% compilation time)
Setting model objective...  1.006135 seconds (11.78 M allocations: 624.833 MiB, 7.88% compilation time)
Build complete. Started at 2026-07-30T13:09:42, ended at 2026-07-30T13:12:21.079, elapsed time: 2 minutes, 39 seconds, 79 milliseconds
Solve started at 2026-07-30T13:12:21.079
Bringing model to the first window...  4.294422 seconds (36.56 M allocations: 1.790 GiB, 17.53% gc time)
model - window 1 of 12: 2019-01-01T00:00~(4 weeks, 2 days, 10 hours)~>2019-01-31T10:00
Optimizing model...Running HiGHS 1.14.0 (git hash: 7df0786de3): Copyright (c) 2026 under Apache 2.0 license terms
Using BLAS: blastrampoline-5
MIP has 119868 rows; 139893 cols; 309909 nonzeros; 2287 integer variables (0 binary)
Coefficient ranges:
  Matrix  [6e-03, 1e+05]
  Cost    [1e-03, 2e+09]
  Bound   [3e-01, 2e+04]
  RHS     [1e+00, 2e+03]
WARNING: Problem has some excessively large costs
WARNING:    Consider scaling the objective by 1e-4, or setting the user_objective_scale option to -12
Presolving model
57447 rows, 70648 cols, 200884 nonzeros 0s
38750 rows, 53424 cols, 189101 nonzeros 0s
36708 rows, 48585 cols, 180396 nonzeros 0s
Presolve reductions: rows 36708(-83160); columns 48585(-91308); nonzeros 180396(-129513)
Solving MIP model with:
   36708 rows
   48585 cols (1777 binary, 0 integer, 0 implied int., 46808 continuous, 0 domain fixed)
   180396 nonzeros
Src: B => Branching; C => Central rounding; F => Feasibility pump; H => Heuristic;
     I => Shifting; J => Feasibility jump; L => Sub-MIP; P => Empty MIP; R => Randomized rounding;
     S => Solve LP; T => Evaluate node; U => Unbounded; X => User solution; Y => HiGHS solution;
     Z => ZI Round; l => Trivial lower; p => Trivial point; u => Trivial upper; z => Trivial zero
        Nodes      |    B&B Tree     |            Objective Bounds              |  Dynamic Constraints |       Work
Src  Proc. InQueue |  Leaves   Expl. | BestBound       BestSol              Gap |   Cuts   InLp Confl. | LpIters     Time
         0       0         0   0.00%   -427996737.0133 inf                  inf        0      0      0         0     1.5s
         0       0         0   0.00%   -107528989.2528 inf                  inf        0      0      3     30475     9.1s
 R       0       0         0   0.00%   -107528309.3337 1.67488285e+12   100.01%     5826    218      3     31601    18.7s
         0       0         0   0.00%   -107523533.1404 1.67488285e+12   100.01%     9335    436      3     32440    24.1s
         0       0         0   0.00%   -107522362.4939 1.67488285e+12   100.01%    11251    496      3     32695    30.1s
 C       0       0         0   0.00%   -107522116.5585 -107522116.1877    0.00%     1751    510      3     32828    39.2s
         0       0         0   0.00%   -107522116.5585 -107522116.1877    0.00%     1751    390      3     34618    46.7s
98.6% inactive integer columns, restarting
Model after restart has 31757 rows, 40044 cols (1 bin., 0 int., 0 impl., 40043 cont., 0 dom.fix.), and 125283 nonzeros
         0       0         0   0.00%   -107522116.5585 -107522116.1877    0.00%        5      0      0     34618    47.0s
         0       0         0   0.00%   -107522116.5585 -107522116.1877    0.00%        5      5      0     35164    51.6s
         1       0         1 100.00%   -107522116.1976 -107522116.1877    0.00%        5      5      1     35203    58.9s
Solving report
  Status            Optimal
  Primal bound      -107522116.188
  Dual bound        -107522116.198
  Gap               0% (tolerance: 0%)
  P-D integral      20.5537033907
  Solution status   feasible
                    -107522116.188 (objective)
                    0 (bound viol.)
                    3.61488616818e-13 (int. viol.)
                    0 (row viol.)
  Timing            58.93
  Max sub-MIP depth 0
  Nodes             1
  Repair LPs        0
  LP iterations     35203
                    0 (strong br.)
                    2353 (separation)
                    1827 (heuristics)
 59.159719 seconds (868.37 k allocations: 121.452 MiB)
Optimal solution found, objective function value: -1.0752211618773374e8
Saving model results...  0.586557 seconds (4.27 M allocations: 149.144 MiB)
Postprocessing model results...  0.000081 seconds (48 allocations: 3.312 KiB)
Saving model outputs...  0.339191 seconds (2.76 M allocations: 170.360 MiB)
Rolling model temporal structure...  0.560223 seconds (4.74 M allocations: 101.909 MiB)
Fixing model history...  0.044648 seconds (418.32 k allocations: 20.434 MiB)
Applying model non-anticipativity constraints...  0.000162 seconds (603 allocations: 32.203 KiB)
model - window 2 of 12: 2019-01-31T10:00~(4 weeks, 2 days, 10 hours)~>2019-03-02T20:00
Optimizing model...MIP has 119868 rows; 139893 cols; 309966 nonzeros; 2287 integer variables (0 binary)
Coefficient ranges:
  Matrix  [6e-03, 1e+05]
  Cost    [1e-03, 2e+09]
  Bound   [3e-18, 2e+04]
  RHS     [1e+00, 2e+03]
WARNING: Problem has some excessively large costs
WARNING: Problem has some excessively small column bounds
WARNING:    Consider scaling the objective by 1e-4, or setting the user_objective_scale option to -12
Presolving model
78750 rows, 70758 cols, 220587 nonzeros 0s
37623 rows, 53398 cols, 181104 nonzeros 0s
35999 rows, 48404 cols, 175908 nonzeros 0s
Presolve reductions: rows 35999(-83869); columns 48404(-91489); nonzeros 175908(-134058)
Solving MIP model with:
   35999 rows
   48404 cols (1668 binary, 0 integer, 0 implied int., 46736 continuous, 0 domain fixed)
   175908 nonzeros
Src: B => Branching; C => Central rounding; F => Feasibility pump; H => Heuristic;
     I => Shifting; J => Feasibility jump; L => Sub-MIP; P => Empty MIP; R => Randomized rounding;
     S => Solve LP; T => Evaluate node; U => Unbounded; X => User solution; Y => HiGHS solution;
     Z => ZI Round; l => Trivial lower; p => Trivial point; u => Trivial upper; z => Trivial zero
        Nodes      |    B&B Tree     |            Objective Bounds              |  Dynamic Constraints |       Work
Src  Proc. InQueue |  Leaves   Expl. | BestBound       BestSol              Gap |   Cuts   InLp Confl. | LpIters     Time
         0       0         0   0.00%   -420038933.0026 inf                  inf        0      0      0         0     1.4s
         0       0         0   0.00%   -93937858.17972 inf                  inf        0      0      2     28906     8.4s
 R       0       0         0   0.00%   -93933809.70784 -93927913.00913    0.01%    11677    326      5     30450    11.3s
 C       0       0         0   0.00%   -93933730.2095  -93933717.59663    0.00%     1662    343      5     30930    15.9s
 L       0       0         0   0.00%   -93933730.2095  -93933717.76971    0.00%     1662    343      5     30930    21.6s
         0       0         0   0.00%   -93933730.2095  -93933717.76971    0.00%     1662    255      5     31524    28.4s
97.1% inactive integer columns, restarting
Model after restart has 30751 rows, 39329 cols (5 bin., 0 int., 0 impl., 39324 cont., 0 dom.fix.), and 122697 nonzeros
         0       0         0   0.00%   -93933730.2095  -93933717.76971    0.00%       22      0      0     31524    28.7s
20.0% inactive integer columns, restarting
Model after restart has 30746 rows, 39315 cols (3 bin., 0 int., 0 impl., 39312 cont., 0 dom.fix.), and 122686 nonzeros
         0       0         0   0.00%   -93933730.20177 -93933717.76971    0.00%       16      0      0     32074    29.5s
         0       0         0   0.00%   -93933730.20177 -93933717.76971    0.00%       16     16      0     32095    29.9s
         0       0         0   0.00%   -93933730.06324 -93933717.76971    0.00%       18     17      0     32241    36.2s
         3       0         2 100.00%   -93933717.77261 -93933717.76971    0.00%       19     17      3     32506    41.0s
Solving report
  Status            Optimal
  Primal bound      -93933717.7697
  Dual bound        -93933717.7726
  Gap               0% (tolerance: 0%)
  P-D integral      0.00029489884453
  Solution status   feasible
                    -93933717.7697 (objective)
                    0 (bound viol.)
                    0 (int. viol.)
                    0 (row viol.)
  Timing            40.97
  Max sub-MIP depth 1
  Nodes             3
  Repair LPs        0
  LP iterations     32506
                    102 (strong br.)
                    2025 (separation)
                    884 (heuristics)
 40.999571 seconds (240 allocations: 10.062 KiB)
Optimal solution found, objective function value: -9.393371776971067e7
Saving model results...  0.369812 seconds (4.27 M allocations: 149.139 MiB)
Postprocessing model results...  0.000060 seconds (48 allocations: 3.312 KiB)
Saving model outputs...  0.294030 seconds (2.76 M allocations: 170.350 MiB)
Rolling model temporal structure...  0.576382 seconds (4.74 M allocations: 102.043 MiB)
Fixing model history...  0.056654 seconds (413.88 k allocations: 20.191 MiB)
Applying model non-anticipativity constraints...  0.000129 seconds (603 allocations: 32.203 KiB)
model - window 3 of 12: 2019-03-02T20:00~(4 weeks, 2 days, 10 hours)~>2019-04-02T06:00
Optimizing model...MIP has 119868 rows; 139893 cols; 310029 nonzeros; 2287 integer variables (0 binary)
Coefficient ranges:
  Matrix  [6e-03, 1e+05]
  Cost    [1e-03, 2e+09]
  Bound   [3e-18, 2e+04]
  RHS     [1e+00, 2e+03]
WARNING: Problem has some excessively large costs
WARNING: Problem has some excessively small column bounds
WARNING:    Consider scaling the objective by 1e-4, or setting the user_objective_scale option to -12
Presolving model
78876 rows, 70884 cols, 220839 nonzeros 0s
37623 rows, 53461 cols, 181167 nonzeros 0s
36021 rows, 48597 cols, 176123 nonzeros 0s
Presolve reductions: rows 36021(-83847); columns 48597(-91296); nonzeros 176123(-133906)
Solving MIP model with:
   36021 rows
   48597 cols (1668 binary, 0 integer, 0 implied int., 46929 continuous, 0 domain fixed)
   176123 nonzeros
Src: B => Branching; C => Central rounding; F => Feasibility pump; H => Heuristic;
     I => Shifting; J => Feasibility jump; L => Sub-MIP; P => Empty MIP; R => Randomized rounding;
     S => Solve LP; T => Evaluate node; U => Unbounded; X => User solution; Y => HiGHS solution;
     Z => ZI Round; l => Trivial lower; p => Trivial point; u => Trivial upper; z => Trivial zero
        Nodes      |    B&B Tree     |            Objective Bounds              |  Dynamic Constraints |       Work
Src  Proc. InQueue |  Leaves   Expl. | BestBound       BestSol              Gap |   Cuts   InLp Confl. | LpIters     Time
         0       0         0   0.00%   -383169978.4075 inf                  inf        0      0      0         0     2.0s
         0       0         0   0.00%   -102748544.8929 inf                  inf        0      0      3     30192     9.5s
 R       0       0         0   0.00%   -102744783.9534 -102744453.0283    0.00%    10460    384      6     31908    13.5s
         0       0         0   0.00%   -102744783.9534 -102744453.0283    0.00%    10460    328      6     40680    89.7s
80.4% inactive integer columns, restarting
Model after restart has 32143 rows, 39932 cols (188 bin., 0 int., 0 impl., 39744 cont., 0 dom.fix.), and 127443 nonzeros
         0       0         0   0.00%   -102744783.9534 -102744453.0283    0.00%      111      0      0     40680    90.1s
21.8% inactive integer columns, restarting
Model after restart has 32021 rows, 39884 cols (141 bin., 0 int., 0 impl., 39743 cont., 0 dom.fix.), and 126772 nonzeros
         0       0         0   0.00%   -102744783.9352 -102744453.0283    0.00%       95      0      0     45014    91.8s
23.4% inactive integer columns, restarting
Model after restart has 31919 rows, 39845 cols (102 bin., 0 int., 0 impl., 39743 cont., 0 dom.fix.), and 126148 nonzeros
         0       0         0   0.00%   -102744783.9352 -102744453.0283    0.00%       87      0      0     46190    92.6s
         0       0         0   0.00%   -102744783.9352 -102744453.0283    0.00%       87     87      0     46311    92.9s
         0       0         0   0.00%   -102744652.9359 -102744453.0283    0.00%     3475     89      0     47256   126.5s
54.9% inactive integer columns, restarting
Model after restart has 31711 rows, 39781 cols (38 bin., 0 int., 0 impl., 39743 cont., 0 dom.fix.), and 125213 nonzeros
         0       0         0   0.00%   -102744652.9359 -102744453.0283    0.00%       37      0      0     47256   126.8s
         0       0         0   0.00%   -102744652.9359 -102744453.0283    0.00%       37     36      0     47403   127.1s
         0       0         0   0.00%   -102744610.0947 -102744453.0283    0.00%       51     37      0     47570   137.7s
31.6% inactive integer columns, restarting
Model after restart has 31596 rows, 39768 cols (25 bin., 0 int., 0 impl., 39743 cont., 0 dom.fix.), and 124830 nonzeros
         0       0         0   0.00%   -102744610.0947 -102744453.0283    0.00%        1      0      0     47570   138.0s
         0       0         0   0.00%   -102744610.0947 -102744453.0283    0.00%        1      0      0     47573   138.3s
         1       0         1 100.00%   -102744453.0283 -102744453.0283    0.00%        7      1      2     47679   139.5s
Solving report
  Status            Optimal
  Primal bound      -102744453.028
  Dual bound        -102744453.028
  Gap               0% (tolerance: 0%)
  P-D integral      0.000342668070367
  Solution status   feasible
                    -102744453.028 (objective)
                    0 (bound viol.)
                    4.4408920985e-16 (int. viol.)
                    0 (row viol.)
  Timing            139.46
  Max sub-MIP depth 4
  Nodes             1
  Repair LPs        0
  LP iterations     47679
                    0 (strong br.)
                    1734 (separation)
                    9972 (heuristics)
139.498621 seconds (247 allocations: 10.359 KiB)
Optimal solution found, objective function value: -1.0274445302829929e8
Saving model results...  0.407118 seconds (4.27 M allocations: 149.138 MiB)
Postprocessing model results...  0.000068 seconds (48 allocations: 3.312 KiB)
Saving model outputs...  0.672807 seconds (2.76 M allocations: 170.350 MiB, 55.24% gc time)
Rolling model temporal structure...  0.535253 seconds (4.74 M allocations: 102.043 MiB)
Fixing model history...  0.043434 seconds (413.88 k allocations: 20.191 MiB)
Applying model non-anticipativity constraints...  0.000157 seconds (603 allocations: 32.203 KiB)
model - window 4 of 12: 2019-04-02T06:00~(4 weeks, 2 days, 10 hours)~>2019-05-02T16:00
Optimizing model...MIP has 119868 rows; 139893 cols; 310112 nonzeros; 2287 integer variables (0 binary)
Coefficient ranges:
  Matrix  [6e-03, 1e+05]
  Cost    [1e-03, 2e+09]
  Bound   [5e-17, 2e+04]
  RHS     [1e+00, 2e+03]
WARNING: Problem has some excessively large costs
WARNING: Problem has some excessively small column bounds
WARNING:    Consider scaling the objective by 1e-4, or setting the user_objective_scale option to -12
Presolving model
79042 rows, 71050 cols, 221171 nonzeros 0s
37623 rows, 53544 cols, 181250 nonzeros 0s
36170 rows, 49167 cols, 176813 nonzeros 0s
Presolve reductions: rows 36170(-83698); columns 49167(-90726); nonzeros 176813(-133299)
Solving MIP model with:
   36170 rows
   49167 cols (1667 binary, 0 integer, 0 implied int., 47500 continuous, 0 domain fixed)
   176813 nonzeros
Src: B => Branching; C => Central rounding; F => Feasibility pump; H => Heuristic;
     I => Shifting; J => Feasibility jump; L => Sub-MIP; P => Empty MIP; R => Randomized rounding;
     S => Solve LP; T => Evaluate node; U => Unbounded; X => User solution; Y => HiGHS solution;
     Z => ZI Round; l => Trivial lower; p => Trivial point; u => Trivial upper; z => Trivial zero
        Nodes      |    B&B Tree     |            Objective Bounds              |  Dynamic Constraints |       Work
Src  Proc. InQueue |  Leaves   Expl. | BestBound       BestSol              Gap |   Cuts   InLp Confl. | LpIters     Time
         0       0         0   0.00%   -382599365.1952 inf                  inf        0      0      0         0     1.8s
         0       0         0   0.00%   -46153874.74419 inf                  inf        0      0      3     30208     8.5s
 R       0       0         0   0.00%   -46149442.4924  -46149242.22       0.00%    10922    410      6     31724    12.4s
         0       0         0   0.00%   -46149442.4924  -46149242.22       0.00%    10922    347      6     33283    28.4s
87.6% inactive integer columns, restarting
Model after restart has 31841 rows, 39011 cols (63 bin., 0 int., 0 impl., 38948 cont., 0 dom.fix.), and 125235 nonzeros
         0       0         0   0.00%   -46149442.4924  -46149242.22       0.00%      104      0      0     33283    28.8s
25.4% inactive integer columns, restarting
Model after restart has 31681 rows, 38993 cols (45 bin., 0 int., 0 impl., 38948 cont., 0 dom.fix.), and 124682 nonzeros
         0       0         0   0.00%   -46149442.47981 -46149242.22       0.00%       65      0      0     35188    30.0s
         0       0         0   0.00%   -46149442.47981 -46149242.22       0.00%       65     65      0     35295    30.5s
         0       0         0   0.00%   -46149433.82461 -46149242.22       0.00%       79     66      0     64370    73.5s
35.6% inactive integer columns, restarting
Model after restart has 31536 rows, 38977 cols (29 bin., 0 int., 0 impl., 38948 cont., 0 dom.fix.), and 124169 nonzeros
         0       0         0   0.00%   -46149433.82461 -46149242.22       0.00%       33      0      0     64370    73.7s
20.7% inactive integer columns, restarting
Model after restart has 31531 rows, 38970 cols (22 bin., 0 int., 0 impl., 38948 cont., 0 dom.fix.), and 124128 nonzeros
         0       0         0   0.00%   -46149420.33569 -46149242.22       0.00%       32      0      0     64412    74.4s
         0       0         0   0.00%   -46149420.33569 -46149242.22       0.00%       32     32      0     64474    74.9s
31.8% inactive integer columns, restarting
Model after restart has 31427 rows, 38962 cols (14 bin., 0 int., 0 impl., 38948 cont., 0 dom.fix.), and 123794 nonzeros
         0       0         0   0.00%   -46149369.7482  -46149242.22       0.00%       15      0      0     64477    76.7s
         0       0         0   0.00%   -46149369.7482  -46149242.22       0.00%       15     14      0     65109    77.3s
85.7% inactive integer columns, restarting
Model after restart has 31264 rows, 38944 cols (1 bin., 0 int., 0 impl., 38943 cont., 0 dom.fix.), and 123284 nonzeros
         0       0         0   0.00%   -46149252.30049 -46149242.22       0.00%        5      0      0     65112    79.3s
         0       0         0   0.00%   -46149252.30049 -46149242.22       0.00%        5      4      0     65391    80.0s
         1       0         1 100.00%   -46149242.22    -46149242.22       0.00%        7      5      0     65392    82.2s
Solving report
  Status            Optimal
  Primal bound      -46149242.22
  Dual bound        -46149242.22
  Gap               0% (tolerance: 0%)
  P-D integral      0.000276635819836
  Solution status   feasible
                    -46149242.22 (objective)
                    0 (bound viol.)
                    5.55111512313e-16 (int. viol.)
                    0 (row viol.)
  Timing            82.21
  Max sub-MIP depth 3
  Nodes             1
  Repair LPs        0
  LP iterations     65392
                    0 (strong br.)
                    1524 (separation)
                    30633 (heuristics)
 82.249956 seconds (219 allocations: 9.172 KiB)
Optimal solution found, objective function value: -4.61492422199996e7
Saving model results...  0.631903 seconds (4.27 M allocations: 149.139 MiB)
Postprocessing model results...  0.000057 seconds (48 allocations: 3.312 KiB)
Saving model outputs...  0.428856 seconds (2.76 M allocations: 170.350 MiB)
Rolling model temporal structure...  0.791891 seconds (4.74 M allocations: 102.043 MiB)
Fixing model history...  0.066725 seconds (413.88 k allocations: 20.191 MiB)
Applying model non-anticipativity constraints...  0.000338 seconds (603 allocations: 32.203 KiB)
model - window 5 of 12: 2019-05-02T16:00~(4 weeks, 2 days, 10 hours)~>2019-06-02T02:00
Optimizing model...MIP has 119868 rows; 139893 cols; 310164 nonzeros; 2287 integer variables (0 binary)
Coefficient ranges:
  Matrix  [6e-03, 1e+05]
  Cost    [1e-03, 2e+09]
  Bound   [5e-17, 2e+04]
  RHS     [1e+00, 2e+03]
WARNING: Problem has some excessively large costs
WARNING: Problem has some excessively small column bounds
WARNING:    Consider scaling the objective by 1e-4, or setting the user_objective_scale option to -12
Presolving model
79146 rows, 71154 cols, 221379 nonzeros 0s
37623 rows, 53596 cols, 181302 nonzeros 0s
36214 rows, 49347 cols, 177066 nonzeros 0s
Presolve reductions: rows 36214(-83654); columns 49347(-90546); nonzeros 177066(-133098)
Solving MIP model with:
   36214 rows
   49347 cols (1668 binary, 0 integer, 0 implied int., 47679 continuous, 0 domain fixed)
   177066 nonzeros
Src: B => Branching; C => Central rounding; F => Feasibility pump; H => Heuristic;
     I => Shifting; J => Feasibility jump; L => Sub-MIP; P => Empty MIP; R => Randomized rounding;
     S => Solve LP; T => Evaluate node; U => Unbounded; X => User solution; Y => HiGHS solution;
     Z => ZI Round; l => Trivial lower; p => Trivial point; u => Trivial upper; z => Trivial zero
        Nodes      |    B&B Tree     |            Objective Bounds              |  Dynamic Constraints |       Work
Src  Proc. InQueue |  Leaves   Expl. | BestBound       BestSol              Gap |   Cuts   InLp Confl. | LpIters     Time
         0       0         0   0.00%   -375277740.9414 inf                  inf        0      0      0         0     1.9s
         0       0         0   0.00%   -51068970.49281 inf                  inf        0      0      3     30412     9.6s
 R       0       0         0   0.00%   -51067969.51655 9.82356352e+11   100.01%     6916    240      3     31793    13.3s
 C       0       0         0   0.00%   -51063952.16915 -51063923.05915    0.00%     1141    490      3     32542    18.2s
 T       0       0         0   0.00%   -51063952.16915 -51063952.16915    0.00%     1141    490      3     32542    18.2s
         1       0         1 100.00%   -51063952.16915 -51063952.16915    0.00%     1141    490      3     32542    18.2s
Solving report
  Status            Optimal
  Primal bound      -51063952.1691
  Dual bound        -51063952.1691
  Gap               0% (tolerance: 0%)
  P-D integral      4.90041457892
  Solution status   feasible
                    -51063952.1691 (objective)
                    0 (bound viol.)
                    1.24567023363e-13 (int. viol.)
                    0 (row viol.)
  Timing            18.20
  Max sub-MIP depth 0
  Nodes             1
  Repair LPs        0
  LP iterations     32542
Optimal solution found, objective function value: -5.1063952169146635e7
                    0 (strong br.)
                    2130 (separation)
                    0 (heuristics)
 18.232207 seconds (65 allocations: 2.641 KiB)
Saving model results...  0.362488 seconds (4.27 M allocations: 149.138 MiB)
Postprocessing model results...  0.000040 seconds (48 allocations: 3.312 KiB)
Saving model outputs...  0.303577 seconds (2.76 M allocations: 170.350 MiB)
Rolling model temporal structure...  0.793172 seconds (4.74 M allocations: 102.043 MiB, 32.42% gc time)
Fixing model history...  0.044075 seconds (413.88 k allocations: 20.191 MiB)
Applying model non-anticipativity constraints...  0.000106 seconds (603 allocations: 32.203 KiB)
model - window 6 of 12: 2019-06-02T02:00~(4 weeks, 2 days, 10 hours)~>2019-07-02T12:00
Optimizing model...MIP has 119868 rows; 139893 cols; 310176 nonzeros; 2287 integer variables (0 binary)
Coefficient ranges:
  Matrix  [6e-03, 1e+05]
  Cost    [1e-03, 2e+09]
  Bound   [2e-16, 2e+04]
  RHS     [1e+00, 2e+03]
WARNING: Problem has some excessively large costs
WARNING: Problem has some excessively small column bounds
WARNING:    Consider scaling the objective by 1e-4, or setting the user_objective_scale option to -12
Presolving model
79170 rows, 71178 cols, 221427 nonzeros 0s
37623 rows, 53608 cols, 181314 nonzeros 0s
36222 rows, 49422 cols, 177103 nonzeros 0s
Presolve reductions: rows 36222(-83646); columns 49422(-90471); nonzeros 177103(-133073)
Solving MIP model with:
   36222 rows
   49422 cols (1667 binary, 0 integer, 0 implied int., 47755 continuous, 0 domain fixed)
   177103 nonzeros
Src: B => Branching; C => Central rounding; F => Feasibility pump; H => Heuristic;
     I => Shifting; J => Feasibility jump; L => Sub-MIP; P => Empty MIP; R => Randomized rounding;
     S => Solve LP; T => Evaluate node; U => Unbounded; X => User solution; Y => HiGHS solution;
     Z => ZI Round; l => Trivial lower; p => Trivial point; u => Trivial upper; z => Trivial zero
        Nodes      |    B&B Tree     |            Objective Bounds              |  Dynamic Constraints |       Work
Src  Proc. InQueue |  Leaves   Expl. | BestBound       BestSol              Gap |   Cuts   InLp Confl. | LpIters     Time
         0       0         0   0.00%   -391759410.6671 inf                  inf        0      0      0         0     1.4s
         0       0         0   0.00%   -46420687.76405 inf                  inf        0      0      3     29490    10.2s
 R       0       0         0   0.00%   -46416221.97059 -46416069.72948    0.00%     5414    495      8     32119    17.3s
         0       0         0   0.00%   -46416221.97059 -46416069.72948    0.00%     5414    382      8     34048    45.7s
76.4% inactive integer columns, restarting
Model after restart has 32239 rows, 39157 cols (239 bin., 0 int., 0 impl., 38918 cont., 0 dom.fix.), and 127799 nonzeros
         0       0         0   0.00%   -46416221.97059 -46416069.72948    0.00%      200      0      0     34048    46.2s
13.4% inactive integer columns, restarting
Model after restart has 32162 rows, 39106 cols (190 bin., 0 int., 0 impl., 38916 cont., 0 dom.fix.), and 126908 nonzeros
         0       0         0   0.00%   -46416221.94365 -46416069.72948    0.00%      178      0      0     35750    47.3s
         0       0         0   0.00%   -46416221.94365 -46416069.72948    0.00%      178    176      0     36238    47.9s
         0       0         0   0.00%   -46416163.26863 -46416069.72948    0.00%      216    176      0     40920   126.6s
31.6% inactive integer columns, restarting
Model after restart has 32045 rows, 39026 cols (110 bin., 0 int., 0 impl., 38916 cont., 0 dom.fix.), and 125898 nonzeros
         0       0         0   0.00%   -46416163.26863 -46416069.72948    0.00%      170      0      0     40920   127.0s
24.5% inactive integer columns, restarting
Model after restart has 31871 rows, 38997 cols (81 bin., 0 int., 0 impl., 38916 cont., 0 dom.fix.), and 125260 nonzeros
         0       0         0   0.00%   -46416163.26863 -46416069.72948    0.00%      126      0      0     41388   130.6s
         0       0         0   0.00%   -46416163.26863 -46416069.72948    0.00%      126    126      0     41851   131.2s
         0       0         0   0.00%   -46416100.7163  -46416069.72948    0.00%      200    128      0     42475   148.1s
64.2% inactive integer columns, restarting
Model after restart has 31678 rows, 38935 cols (19 bin., 0 int., 0 impl., 38916 cont., 0 dom.fix.), and 124499 nonzeros
         0       0         0   0.00%   -46416100.7163  -46416069.72948    0.00%       84      0      0     42475   148.3s
         0       0         0   0.00%   -46416100.7163  -46416069.72948    0.00%       84     82      0     42615   148.7s
47.4% inactive integer columns, restarting
Model after restart has 31656 rows, 38918 cols (7 bin., 0 int., 0 impl., 38911 cont., 0 dom.fix.), and 124422 nonzeros
         0       0         0   0.00%   -46416084.67538 -46416069.72948    0.00%       81      0      0     42993   153.6s
         0       0         0   0.00%   -46416084.67538 -46416069.72948    0.00%       81     81      0     43408   154.2s
         0       0         0   0.00%   -46416075.5889  -46416069.72948    0.00%      610     87      0     43417   159.5s
         0       0         0   0.00%   -46416075.5889  -46416069.72948    0.00%      610     83      0     43458   165.0s
42.9% inactive integer columns, restarting
Model after restart has 31523 rows, 38913 cols (2 bin., 0 int., 0 impl., 38911 cont., 0 dom.fix.), and 124026 nonzeros
         0       0         0   0.00%   -46416075.5889  -46416069.72948    0.00%       46      0      0     43458   165.2s
         0       0         0   0.00%   -46416075.5889  -46416069.72948    0.00%       46     45      0     43561   165.6s
        Nodes      |    B&B Tree     |            Objective Bounds              |  Dynamic Constraints |       Work
Src  Proc. InQueue |  Leaves   Expl. | BestBound       BestSol              Gap |   Cuts   InLp Confl. | LpIters     Time
         1       0         1 100.00%   -46416069.72948 -46416069.72948    0.00%       50     47      0     43563   168.6s
Solving report
  Status            Optimal
  Primal bound      -46416069.7295
  Dual bound        -46416069.7295
  Gap               0% (tolerance: 0%)
  P-D integral      0.000290439273561
  Solution status   feasible
                    -46416069.7295 (objective)
                    0 (bound viol.)
                    8.52651282912e-16 (int. viol.)
                    0 (row viol.)
  Timing            168.58
  Max sub-MIP depth 3
  Nodes             1
  Repair LPs        0
  LP iterations     43563
                    0 (strong br.)
                    2663 (separation)
                    7631 (heuristics)
168.603153 seconds (345 allocations: 14.516 KiB)
Optimal solution found, objective function value: -4.641606972947967e7
Saving model results...  0.391999 seconds (4.27 M allocations: 149.139 MiB)
Postprocessing model results...  0.000058 seconds (48 allocations: 3.312 KiB)
Saving model outputs...  0.297927 seconds (2.76 M allocations: 170.350 MiB)
Rolling model temporal structure...  0.564427 seconds (4.74 M allocations: 102.043 MiB)
Fixing model history...  0.046634 seconds (413.88 k allocations: 20.191 MiB)
Applying model non-anticipativity constraints...  0.000154 seconds (603 allocations: 32.203 KiB)
model - window 7 of 12: 2019-07-02T12:00~(4 weeks, 2 days, 10 hours)~>2019-08-01T22:00
Optimizing model...MIP has 119868 rows; 139893 cols; 310173 nonzeros; 2287 integer variables (0 binary)
Coefficient ranges:
  Matrix  [6e-03, 1e+05]
  Cost    [1e-03, 2e+09]
  Bound   [6e-03, 2e+04]
  RHS     [1e+00, 2e+03]
WARNING: Problem has some excessively large costs
WARNING:    Consider scaling the objective by 1e-4, or setting the user_objective_scale option to -12
Presolving model
79164 rows, 71172 cols, 221415 nonzeros 0s
37623 rows, 53605 cols, 181311 nonzeros 0s
36236 rows, 49445 cols, 177186 nonzeros 0s
Presolve reductions: rows 36236(-83632); columns 49445(-90448); nonzeros 177186(-132987)
Solving MIP model with:
   36236 rows
   49445 cols (1668 binary, 0 integer, 0 implied int., 47777 continuous, 0 domain fixed)
   177186 nonzeros
Src: B => Branching; C => Central rounding; F => Feasibility pump; H => Heuristic;
     I => Shifting; J => Feasibility jump; L => Sub-MIP; P => Empty MIP; R => Randomized rounding;
     S => Solve LP; T => Evaluate node; U => Unbounded; X => User solution; Y => HiGHS solution;
     Z => ZI Round; l => Trivial lower; p => Trivial point; u => Trivial upper; z => Trivial zero
        Nodes      |    B&B Tree     |            Objective Bounds              |  Dynamic Constraints |       Work
Src  Proc. InQueue |  Leaves   Expl. | BestBound       BestSol              Gap |   Cuts   InLp Confl. | LpIters     Time
         0       0         0   0.00%   -411090581.1669 inf                  inf        0      0      0         0     1.4s
         0       0         0   0.00%   -42116442.22274 inf                  inf        0      0      3     29529    12.4s
 R       0       0         0   0.00%   -42110994.15382 -42110852.89216    0.00%    10948    481      6     30471    15.6s
         0       0         0   0.00%   -42110994.15382 -42110852.89216    0.00%    10948    419      6     61972    68.2s
66.3% inactive integer columns, restarting
Model after restart has 32732 rows, 39237 cols (384 bin., 0 int., 0 impl., 38853 cont., 0 dom.fix.), and 131097 nonzeros
         0       0         0   0.00%   -42110994.15382 -42110852.89216    0.00%      299      0      0     61972    68.8s
         0       0         0   0.00%   -42110994.12673 -42110852.89216    0.00%      299    291      0     63844    70.2s
14.1% inactive integer columns, restarting
Model after restart has 32648 rows, 39172 cols (319 bin., 0 int., 0 impl., 38853 cont., 0 dom.fix.), and 129973 nonzeros
         0       0         0   0.00%   -42110980.61693 -42110852.89216    0.00%      292      0      0     63850    71.7s
         0       0         0   0.00%   -42110980.61693 -42110852.89216    0.00%      292    290      0     65666    75.7s
39.2% inactive integer columns, restarting
Model after restart has 32386 rows, 39008 cols (155 bin., 0 int., 0 impl., 38853 cont., 0 dom.fix.), and 127486 nonzeros
         0       0         0   0.00%   -42110938.9591  -42110852.89216    0.00%      267      0      0     65681    77.9s
         0       0         0   0.00%   -42110938.9591  -42110852.89216    0.00%      267    264      0     66436    78.9s
72.9% inactive integer columns, restarting
Model after restart has 31747 rows, 38851 cols (13 bin., 0 int., 0 impl., 38838 cont., 0 dom.fix.), and 124682 nonzeros
         0       0         0   0.00%   -42110869.85917 -42110852.89216    0.00%      140      0      0     66450    81.0s
         0       0         0   0.00%   -42110869.85917 -42110852.89216    0.00%      140    132      0     90577    88.5s
46.2% inactive integer columns, restarting
Model after restart has 31432 rows, 38844 cols (6 bin., 0 int., 0 impl., 38838 cont., 0 dom.fix.), and 123741 nonzeros
         0       0         0   0.00%   -42110858.54515 -42110852.89216    0.00%       62      0      0     90581    92.0s
33.3% inactive integer columns, restarting
Model after restart has 31413 rows, 38840 cols (2 bin., 0 int., 0 impl., 38838 cont., 0 dom.fix.), and 123666 nonzeros
         0       0         0   0.00%   -42110858.54388 -42110852.89216    0.00%       54      0      0     91068    92.8s
         0       0         0   0.00%   -42110858.54388 -42110852.89216    0.00%       54     54      0     91153    93.3s
50.0% inactive integer columns, restarting
Model after restart has 31316 rows, 38839 cols (1 bin., 0 int., 0 impl., 38838 cont., 0 dom.fix.), and 123376 nonzeros
         0       0         0   0.00%   -42110855.19078 -42110852.89216    0.00%       31      0      0     91156    95.2s
         0       0         0   0.00%   -42110855.19078 -42110852.89216    0.00%       31     30      0     91202    96.0s
         1       0         1 100.00%   -42110852.89216 -42110852.89216    0.00%       35     32      0     91205    98.8s
Solving report
  Status            Optimal
  Primal bound      -42110852.8922
  Dual bound        -42110852.8922
  Gap               0% (tolerance: 0%)
  P-D integral      0.000217001892873
  Solution status   feasible
                    -42110852.8922 (objective)
                    0 (bound viol.)
                    3.44169137634e-15 (int. viol.)
                    0 (row viol.)
  Timing            98.78
  Max sub-MIP depth 5
  Nodes             1
  Repair LPs        0
  LP iterations     91205
                    0 (strong br.)
                    987 (separation)
                    31501 (heuristics)
 98.811320 seconds (254 allocations: 10.656 KiB)
Optimal solution found, objective function value: -4.211085289216112e7
Saving model results...  0.365161 seconds (4.27 M allocations: 149.138 MiB)
Postprocessing model results...  0.000034 seconds (48 allocations: 3.312 KiB)
Saving model outputs...  0.286383 seconds (2.76 M allocations: 170.350 MiB)
Rolling model temporal structure...  0.787723 seconds (4.74 M allocations: 102.043 MiB, 30.56% gc time)
Fixing model history...  0.041714 seconds (413.88 k allocations: 20.191 MiB)
Applying model non-anticipativity constraints...  0.000136 seconds (603 allocations: 32.203 KiB)
model - window 8 of 12: 2019-08-01T22:00~(4 weeks, 2 days, 10 hours)~>2019-09-01T08:00
Optimizing model...MIP has 119868 rows; 139893 cols; 310126 nonzeros; 2287 integer variables (0 binary)
Coefficient ranges:
  Matrix  [6e-03, 1e+05]
  Cost    [1e-03, 2e+09]
  Bound   [2e-16, 2e+04]
  RHS     [1e+00, 2e+03]
WARNING: Problem has some excessively large costs
WARNING: Problem has some excessively small column bounds
WARNING:    Consider scaling the objective by 1e-4, or setting the user_objective_scale option to -12
Presolving model
79070 rows, 71078 cols, 221227 nonzeros 0s
37639 rows, 53570 cols, 181412 nonzeros 0s
36205 rows, 49256 cols, 177096 nonzeros 0s
Presolve reductions: rows 36205(-83663); columns 49256(-90637); nonzeros 177096(-133030)
Solving MIP model with:
   36205 rows
   49256 cols (1672 binary, 0 integer, 0 implied int., 47584 continuous, 0 domain fixed)
   177096 nonzeros
Src: B => Branching; C => Central rounding; F => Feasibility pump; H => Heuristic;
     I => Shifting; J => Feasibility jump; L => Sub-MIP; P => Empty MIP; R => Randomized rounding;
     S => Solve LP; T => Evaluate node; U => Unbounded; X => User solution; Y => HiGHS solution;
     Z => ZI Round; l => Trivial lower; p => Trivial point; u => Trivial upper; z => Trivial zero
        Nodes      |    B&B Tree     |            Objective Bounds              |  Dynamic Constraints |       Work
Src  Proc. InQueue |  Leaves   Expl. | BestBound       BestSol              Gap |   Cuts   InLp Confl. | LpIters     Time
         0       0         0   0.00%   -399659476.3329 inf                  inf        0      0      0         0     1.5s
         0       0         0   0.00%   -36642752.74938 inf                  inf        0      0      2     30056     9.2s
 R       0       0         0   0.00%   -36641073.51925 -36638208.19937    0.01%     8216    234      2     31094    11.6s
 L       0       0         0   0.00%   -36638272.77583 -36638208.19937    0.00%    22559    411      2     31729    33.8s
89.1% inactive integer columns, restarting
Model after restart has 31875 rows, 38804 cols (45 bin., 0 int., 0 impl., 38759 cont., 0 dom.fix.), and 124988 nonzeros
         0       0         0   0.00%   -36638272.77583 -36638208.19937    0.00%      147      0      0     62508    34.9s
13.3% inactive integer columns, restarting
Model after restart has 31835 rows, 38794 cols (37 bin., 0 int., 0 impl., 38757 cont., 0 dom.fix.), and 124861 nonzeros
         0       0         0   0.00%   -36638272.76266 -36638208.19937    0.00%      126      0      0     64418    36.8s
         0       0         0   0.00%   -36638272.76266 -36638208.19937    0.00%      126    126      0     64611    38.3s
62.2% inactive integer columns, restarting
Model after restart has 31745 rows, 38754 cols (5 bin., 0 int., 0 impl., 38749 cont., 0 dom.fix.), and 124598 nonzeros
         0       0         0   0.00%   -36638228.71234 -36638208.19937    0.00%      121      0      0     64621    40.7s
         0       0         0   0.00%   -36638228.71234 -36638208.19937    0.00%      121    119      0     64822    41.4s
20.0% inactive integer columns, restarting
Model after restart has 31622 rows, 38753 cols (4 bin., 0 int., 0 impl., 38749 cont., 0 dom.fix.), and 124230 nonzeros
         0       0         0   0.00%   -36638221.32642 -36638208.19937    0.00%      108      0      0     64823    43.9s
         0       0         0   0.00%   -36638221.32642 -36638208.19937    0.00%      108    106      0     65171    44.6s
         1       0         1 100.00%   -36638208.19937 -36638208.19937    0.00%      108    106      4     65473    47.6s
Optimal solution found, objective function value: -3.6638208199369155e7
Solving report
  Status            Optimal
  Primal bound      -36638208.1994
  Dual bound        -36638208.1994
  Gap               0% (tolerance: 0%)
  P-D integral      0.000206955711079
  Solution status   feasible
                    -36638208.1994 (objective)
                    0 (bound viol.)
                    0 (int. viol.)
                    0 (row viol.)
  Timing            47.61
  Max sub-MIP depth 1
  Nodes             1
  Repair LPs        0
  LP iterations     65473
                    298 (strong br.)
                    1684 (separation)
                    30779 (heuristics)
 47.704840 seconds (198 allocations: 8.281 KiB)
Saving model results...  1.354370 seconds (4.27 M allocations: 149.139 MiB)
Postprocessing model results...  0.000073 seconds (48 allocations: 3.312 KiB)
Saving model outputs...  0.513674 seconds (2.76 M allocations: 170.350 MiB)
Rolling model temporal structure...  0.923123 seconds (4.74 M allocations: 102.043 MiB)
Fixing model history...  0.070971 seconds (413.88 k allocations: 20.191 MiB)
Applying model non-anticipativity constraints...  0.000125 seconds (603 allocations: 32.203 KiB)
model - window 9 of 12: 2019-09-01T08:00~(4 weeks, 2 days, 10 hours)~>2019-10-01T18:00
Optimizing model...MIP has 119868 rows; 139893 cols; 310068 nonzeros; 2287 integer variables (0 binary)
Coefficient ranges:
  Matrix  [6e-03, 1e+05]
  Cost    [1e-03, 2e+09]
  Bound   [2e-02, 2e+04]
  RHS     [1e+00, 2e+03]
WARNING: Problem has some excessively large costs
WARNING:    Consider scaling the objective by 1e-4, or setting the user_objective_scale option to -12
Presolving model
78954 rows, 70962 cols, 220995 nonzeros 0s
37623 rows, 53500 cols, 181206 nonzeros 0s
36097 rows, 48833 cols, 176435 nonzeros 1s
Presolve reductions: rows 36097(-83771); columns 48833(-91060); nonzeros 176435(-133633)
Solving MIP model with:
   36097 rows
   48833 cols (1668 binary, 0 integer, 0 implied int., 47165 continuous, 0 domain fixed)
   176435 nonzeros
Src: B => Branching; C => Central rounding; F => Feasibility pump; H => Heuristic;
     I => Shifting; J => Feasibility jump; L => Sub-MIP; P => Empty MIP; R => Randomized rounding;
     S => Solve LP; T => Evaluate node; U => Unbounded; X => User solution; Y => HiGHS solution;
     Z => ZI Round; l => Trivial lower; p => Trivial point; u => Trivial upper; z => Trivial zero
        Nodes      |    B&B Tree     |            Objective Bounds              |  Dynamic Constraints |       Work
Src  Proc. InQueue |  Leaves   Expl. | BestBound       BestSol              Gap |   Cuts   InLp Confl. | LpIters     Time
         0       0         0   0.00%   -371351514.597  inf                  inf        0      0      0         0     3.3s
         0       0         0   0.00%   -75684176.31169 inf                  inf        0      0      3     30140    11.1s
 R       0       0         0   0.00%   -75683715.81253 2.46650645e+12   100.00%     6774    194      3     31254    14.8s
         0       0         0   0.00%   -75680083.33774 2.46650645e+12   100.00%     4284    455      3     32284    20.3s
 C       0       0         0   0.00%   -75680015.30923 -75679965.14923    0.00%     4332    457      3     32290    22.2s
 T       0       0         0   0.00%   -75680015.30923 -75680015.30923    0.00%     4332    457      3     32290    22.2s
         1       0         1 100.00%   -75680015.30923 -75680015.30923    0.00%     4332    457      3     32290    22.2s
Solving report
  Status            Optimal
  Primal bound      -75680015.3092
  Dual bound        -75680015.3092
  Gap               0% (tolerance: 0%)
  P-D integral      7.33164088534
  Solution status   feasible
                    -75680015.3092 (objective)
                    0 (bound viol.)
                    6.77236045021e-15 (int. viol.)
                    0 (row viol.)
  Timing            22.19
  Max sub-MIP depth 0
  Nodes             1
  Repair LPs        0
  LP iterations     32290
                    0 (strong br.)
                    2150 (separation)
                    0 (heuristics)
 22.229197 seconds (72 allocations: 2.938 KiB)
Optimal solution found, objective function value: -7.568001530922769e7
Saving model results...  0.374834 seconds (4.27 M allocations: 149.138 MiB)
Postprocessing model results...  0.000046 seconds (48 allocations: 3.312 KiB)
Saving model outputs...  0.293752 seconds (2.76 M allocations: 170.351 MiB)
Rolling model temporal structure...  0.758753 seconds (4.74 M allocations: 102.043 MiB, 27.68% gc time)
Fixing model history...  0.043563 seconds (413.88 k allocations: 20.191 MiB)
Applying model non-anticipativity constraints...  0.000103 seconds (603 allocations: 32.203 KiB)
model - window 10 of 12: 2019-10-01T18:00~(4 weeks, 2 days, 10 hours)~>2019-11-01T04:00
Optimizing model...MIP has 119868 rows; 139893 cols; 310000 nonzeros; 2287 integer variables (0 binary)
Coefficient ranges:
  Matrix  [6e-03, 1e+05]
  Cost    [1e-03, 2e+09]
  Bound   [3e-17, 2e+04]
  RHS     [1e+00, 2e+03]
WARNING: Problem has some excessively large costs
WARNING: Problem has some excessively small column bounds
WARNING:    Consider scaling the objective by 1e-4, or setting the user_objective_scale option to -12
Presolving model
78818 rows, 70826 cols, 220723 nonzeros 0s
37623 rows, 53432 cols, 181138 nonzeros 0s
36054 rows, 48584 cols, 176143 nonzeros 0s
Presolve reductions: rows 36054(-83814); columns 48584(-91309); nonzeros 176143(-133857)
Solving MIP model with:
   36054 rows
   48584 cols (1668 binary, 0 integer, 0 implied int., 46916 continuous, 0 domain fixed)
   176143 nonzeros
Src: B => Branching; C => Central rounding; F => Feasibility pump; H => Heuristic;
     I => Shifting; J => Feasibility jump; L => Sub-MIP; P => Empty MIP; R => Randomized rounding;
     S => Solve LP; T => Evaluate node; U => Unbounded; X => User solution; Y => HiGHS solution;
     Z => ZI Round; l => Trivial lower; p => Trivial point; u => Trivial upper; z => Trivial zero
        Nodes      |    B&B Tree     |            Objective Bounds              |  Dynamic Constraints |       Work
Src  Proc. InQueue |  Leaves   Expl. | BestBound       BestSol              Gap |   Cuts   InLp Confl. | LpIters     Time
         0       0         0   0.00%   -381108819.4478 inf                  inf        0      0      0         0     1.4s
         0       0         0   0.00%   -63588956.20275 inf                  inf        0      0      2     29906     7.2s
 R       0       0         0   0.00%   -63584855.40365 -63584074.81162    0.00%    12555    315      5     31430    11.0s
         0       0         0   0.00%   -63584855.40365 -63584074.81162    0.00%    12555    273      5     37142    31.3s
23.7% inactive integer columns, restarting
Model after restart has 33658 rows, 40202 cols (1063 bin., 0 int., 0 impl., 39139 cont., 0 dom.fix.), and 147344 nonzeros
         0       0         0   0.00%   -63584855.40365 -63584074.81162    0.00%      247      0      0     37142    32.3s
         0       0         0   0.00%   -63584855.39535 -63584074.81162    0.00%      247    179      0     56648    44.2s
         0       0         0   0.00%   -63584094.1984  -63584074.81162    0.00%     9652    190      0     84563    60.5s
96.0% inactive integer columns, restarting
Model after restart has 31515 rows, 39135 cols (3 bin., 0 int., 0 impl., 39132 cont., 0 dom.fix.), and 124139 nonzeros
         0       0         0   0.00%   -63584094.1984  -63584074.81162    0.00%       13      0      0     84563    60.9s
         0       0         0   0.00%   -63584094.1984  -63584074.81162    0.00%       13     12      0     85528    61.8s
         1       0         1 100.00%   -63584074.81162 -63584074.81162    0.00%       15     13      0     85532    63.6s
Solving report
  Status            Optimal
  Primal bound      -63584074.8116
  Dual bound        -63584074.8116
  Gap               0% (tolerance: 0%)
  P-D integral      0.000433716102264
  Solution status   feasible
                    -63584074.8116 (objective)
                    0 (bound viol.)
                    3.44169137634e-15 (int. viol.)
                    0 (row viol.)
  Timing            63.63
  Max sub-MIP depth 1
  Nodes             1
  Repair LPs        0
  LP iterations     85532
                    0 (strong br.)
                    1669 (separation)
                    33486 (heuristics)
 63.655404 seconds (135 allocations: 5.609 KiB)
Optimal solution found, objective function value: -6.358407481161861e7
Saving model results...  0.400414 seconds (4.27 M allocations: 149.139 MiB)
Postprocessing model results...  0.000050 seconds (48 allocations: 3.312 KiB)
Saving model outputs...  0.322168 seconds (2.76 M allocations: 170.350 MiB)
Rolling model temporal structure...  0.578230 seconds (4.74 M allocations: 102.043 MiB)
Fixing model history...  0.041756 seconds (413.88 k allocations: 20.191 MiB)
Applying model non-anticipativity constraints...  0.000105 seconds (603 allocations: 32.203 KiB)
model - window 11 of 12: 2019-11-01T04:00~(4 weeks, 2 days, 10 hours)~>2019-12-01T14:00
Optimizing model...MIP has 119868 rows; 139893 cols; 309934 nonzeros; 2287 integer variables (0 binary)
Coefficient ranges:
  Matrix  [6e-03, 1e+05]
  Cost    [1e-03, 2e+09]
  Bound   [1e-16, 2e+04]
  RHS     [1e+00, 2e+03]
WARNING: Problem has some excessively large costs
WARNING: Problem has some excessively small column bounds
WARNING:    Consider scaling the objective by 1e-4, or setting the user_objective_scale option to -12
Presolving model
78686 rows, 70694 cols, 220459 nonzeros 0s
37623 rows, 53366 cols, 181072 nonzeros 0s
35990 rows, 48265 cols, 175760 nonzeros 0s
Presolve reductions: rows 35990(-83878); columns 48265(-91628); nonzeros 175760(-134174)
Solving MIP model with:
   35990 rows
   48265 cols (1668 binary, 0 integer, 0 implied int., 46597 continuous, 0 domain fixed)
   175760 nonzeros
Src: B => Branching; C => Central rounding; F => Feasibility pump; H => Heuristic;
     I => Shifting; J => Feasibility jump; L => Sub-MIP; P => Empty MIP; R => Randomized rounding;
     S => Solve LP; T => Evaluate node; U => Unbounded; X => User solution; Y => HiGHS solution;
     Z => ZI Round; l => Trivial lower; p => Trivial point; u => Trivial upper; z => Trivial zero
        Nodes      |    B&B Tree     |            Objective Bounds              |  Dynamic Constraints |       Work
Src  Proc. InQueue |  Leaves   Expl. | BestBound       BestSol              Gap |   Cuts   InLp Confl. | LpIters     Time
         0       0         0   0.00%   -420569260.5208 inf                  inf        0      0      0         0     1.5s
         0       0         0   0.00%   -76372557.79007 inf                  inf        0      0      2     39699    18.7s
 R       0       0         0   0.00%   -76367046.68395 -76366727.38469    0.00%    13638    420      5     40425    22.8s
         0       0         0   0.00%   -76367046.68395 -76366727.38469    0.00%    13638    361      5     42670    36.3s
90.8% inactive integer columns, restarting
Model after restart has 31672 rows, 39171 cols (48 bin., 0 int., 0 impl., 39123 cont., 0 dom.fix.), and 124758 nonzeros
         0       0         0   0.00%   -76367046.68395 -76366727.38469    0.00%      129      0      0     42670    36.7s
         0       0         0   0.00%   -76367046.67344 -76366727.38469    0.00%      129    127      0     44224    38.9s
         1       0         1 100.00%   -76366727.38469 -76366727.38469    0.00%     4352    136      4     44736    47.2s
Solving report
  Status            Optimal
  Primal bound      -76366727.3847
  Dual bound        -76366727.3847
  Gap               0% (tolerance: 0%)
  P-D integral      8.32643501589e-05
  Solution status   feasible
                    -76366727.3847 (objective)
                    0 (bound viol.)
                    4.4408920985e-15 (int. viol.)
                    0 (row viol.)
  Timing            47.17
  Max sub-MIP depth 1
  Nodes             1
  Repair LPs        0
  LP iterations     44736
                    0 (strong br.)
                    738 (separation)
                    2745 (heuristics)
 47.210665 seconds (135 allocations: 5.609 KiB)
Optimal solution found, objective function value: -7.636672738468531e7
Saving model results...  0.528787 seconds (4.27 M allocations: 149.138 MiB)
Postprocessing model results...  0.000056 seconds (48 allocations: 3.312 KiB)
Saving model outputs...  0.439885 seconds (2.76 M allocations: 170.370 MiB)
Rolling model temporal structure...  0.840977 seconds (4.74 M allocations: 101.999 MiB)
Fixing model history...  0.333301 seconds (413.88 k allocations: 20.191 MiB, 79.23% gc time)
Applying model non-anticipativity constraints...  0.000128 seconds (603 allocations: 32.203 KiB)
model - window 12 of 12: 2019-12-01T14:00~(4 weeks, 2 days, 10 hours)~>2020-01-01T00:00
Optimizing model...MIP has 119868 rows; 139893 cols; 309882 nonzeros; 2287 integer variables (0 binary)
Coefficient ranges:
  Matrix  [6e-03, 1e+05]
  Cost    [1e-03, 2e+09]
  Bound   [6e-16, 2e+04]
  RHS     [1e+00, 2e+03]
WARNING: Problem has some excessively large costs
WARNING: Problem has some excessively small column bounds
WARNING:    Consider scaling the objective by 1e-4, or setting the user_objective_scale option to -12
Presolving model
78582 rows, 70590 cols, 220251 nonzeros 0s
37623 rows, 53314 cols, 181020 nonzeros 0s
35900 rows, 47959 cols, 175364 nonzeros 1s
Presolve reductions: rows 35900(-83968); columns 47959(-91934); nonzeros 175364(-134518)
Solving MIP model with:
   35900 rows
   47959 cols (1668 binary, 0 integer, 0 implied int., 46291 continuous, 0 domain fixed)
   175364 nonzeros
Src: B => Branching; C => Central rounding; F => Feasibility pump; H => Heuristic;
     I => Shifting; J => Feasibility jump; L => Sub-MIP; P => Empty MIP; R => Randomized rounding;
     S => Solve LP; T => Evaluate node; U => Unbounded; X => User solution; Y => HiGHS solution;
     Z => ZI Round; l => Trivial lower; p => Trivial point; u => Trivial upper; z => Trivial zero
        Nodes      |    B&B Tree     |            Objective Bounds              |  Dynamic Constraints |       Work
Src  Proc. InQueue |  Leaves   Expl. | BestBound       BestSol              Gap |   Cuts   InLp Confl. | LpIters     Time
         0       0         0   0.00%   -395826684.2786 inf                  inf        0      0      0         0     2.1s
         0       0         0   0.00%   -115219756.6582 inf                  inf        0      0      2     29818     9.7s
 R       0       0         0   0.00%   -115216277.7698 -115216251.2199    0.00%    10400    364      5     31521    14.7s
 H       0       0         0   0.00%   -115216277.7698 -115216251.2199    0.00%    10400    364      5     31521    15.2s
         0       0         0   0.00%   -115216277.7698 -115216251.2199    0.00%    10402    307     11     34324    20.5s
98.4% inactive integer columns, restarting
Model after restart has 31525 rows, 39776 cols (1 bin., 0 int., 0 impl., 39775 cont., 0 dom.fix.), and 124501 nonzeros
         0       0         0   0.00%   -115216277.7698 -115216251.2199    0.00%       22      0      0     34324    20.8s
         0       0         0   0.00%   -115216277.7527 -115216251.2199    0.00%       22     19      0     35636    21.7s
         1       0         1 100.00%   -115216251.2199 -115216251.2199    0.00%       24     20      0     35641    23.7s
Solving report
  Status            Optimal
  Primal bound      -115216251.22
  Dual bound        -115216251.22
  Gap               0% (tolerance: 0%)
  P-D integral      2.0813322549e-06
  Solution status   feasible
                    -115216251.22 (objective)
                    0 (bound viol.)
                    2.6645352591e-15 (int. viol.)
                    0 (row viol.)
  Timing            23.69
  Max sub-MIP depth 0
  Nodes             1
  Repair LPs        0
  LP iterations     35641
                    0 (strong br.)
                    1708 (separation)
                    2803 (heuristics)
 23.713259 seconds (100 allocations: 4.125 KiB)
Optimal solution found, objective function value: -1.1521625121988575e8
Saving model results...  0.363961 seconds (4.27 M allocations: 149.139 MiB)
Postprocessing model results...  0.000039 seconds (48 allocations: 3.312 KiB)
Saving model outputs...  0.414666 seconds (2.76 M allocations: 170.350 MiB)
Rolling model temporal structure...  0.000066 seconds (47 allocations: 1.312 KiB)
Rolling complete
Solve complete. Started at 2026-07-30T13:12:21.079, ended at 2026-07-30T13:26:16.928, elapsed time: 13 minutes, 55 seconds, 849 milliseconds
Time summary:
Action                                           │ min       │ max        │ avg
─────────────────────────────────────────────────┼───────────┼────────────┼──────────────────────
Postprocessing model results...                  │ 3.4e-5    │ 8.1e-5     │ 5.516666666666666e-5
Fixing model history...                          │ 0.041714  │ 0.333301   │ 0.07577045454545454
Applying model non-anticipativity constraints... │ 0.000103  │ 0.000338   │ 0.0001493636363636364
Rolling model temporal structure...              │ 6.6e-5    │ 0.923123   │ 0.6425183333333334
Saving model results...                          │ 0.362488  │ 1.35437    │ 0.5114503333333332
Optimizing model...                              │ 18.232207 │ 168.603153 │ 67.672326
Saving model outputs...                          │ 0.286383  │ 0.672807   │ 0.38390966666666665
Writing report to sqlite:///C:\Users\jfg.eco\Documents\GitHub\Nord_H2ub\Spine_Projects\02_basic_energy_model\.spinetoolbox\items\outputtest\OutputTest.sqlite?spinedbfilter=cfg%3Aexecution%3A%7B%22execution_item%22%3A+%22Run+SpineOpt%22%2C+%22scenarios%22%3A+%5B%5D%2C+%22timestamp%22%3A+%222026-07-30T13%3A09%3A38%22%7D...  3.313347 seconds (22.22 M allocations: 1.329 GiB, 11.54% gc time)
Execution complete. Started at 2026-07-30T13:09:41.115, ended at 2026-07-30T13:26:31.598, elapsed time: 16 minutes, 50 seconds, 483 milliseconds
A JuMP Model
├ solver: HiGHS
├ objective_sense: MIN_SENSE
│ └ objective_function_type: JuMP.AffExpr
├ num_variables: 139893
├ num_constraints: 248178
│ ├ JuMP.AffExpr in MOI.EqualTo{Float64}: 33672
│ ├ JuMP.AffExpr in MOI.GreaterThan{Float64}: 30688
│ ├ JuMP.AffExpr in MOI.LessThan{Float64}: 55508
│ ├ JuMP.VariableRef in MOI.EqualTo{Float64}: 900
│ ├ JuMP.VariableRef in MOI.GreaterThan{Float64}: 121442
│ ├ JuMP.VariableRef in MOI.LessThan{Float64}: 3681
│ └ JuMP.VariableRef in MOI.Integer: 2287
└ Names registered in the model: none
