### Spine execution log file
### Item name: Run SpineOpt
### Filter id: 
### Part: 1

# Running julia run_spineopt.jl http://127.0.0.1:57038 http://127.0.0.1:57040
2-element Vector{String}:
 "http://127.0.0.1:57038"
 "http://127.0.0.1:57040"
WARNING: using JuMP.parameter_value in module SpineInterface conflicts with an existing identifier.
Running SpineOpt...
WARNING: using JuMP.Parameter in module SpineInterface conflicts with an existing identifier.
[SpineOpt version 0.10.2 (git hash: N/A)]
[SpineInterface version 0.15.2 (git hash: N/A)]
Execution started at 2026-06-13T16:16:32.416
Reading input data from sqlite:///C:\Users\jfg.eco\Documents\GitHub\Nord_H2ub\Spine_Projects\02_basic_energy_model\.spinetoolbox\items\input\Input.sqlite...
Initializing  data structure from db... 35.149533 seconds (32.28 M allocations: 1.595 GiB, 1.18% gc time, 96.16% compilation time)
Preprocessing  data structure... 27.449243 seconds (13.08 M allocations: 651.018 MiB, 0.74% gc time, 99.61% compilation time)
Checking  data structure...  2.348362 seconds (1.03 M allocations: 52.029 MiB, 99.77% compilation time)
Build started at 2026-06-13T16:18:18.066
Creating model temporal structure...[ Info: the last time slice of temporal block Default_Investment_period has been cut to fit within the block
[ Info: the last time slice of temporal block daily has been cut to fit within the block
 88.350268 seconds (438.03 M allocations: 22.527 GiB, 25.55% gc time, 11.85% compilation time)
Creating model stochastic structure... 13.785856 seconds (10.22 M allocations: 800.357 MiB, 33.32% gc time, 61.47% compilation time)
Adding model independent variables...
- [variable_binary_gas_connection_flow]  6.089177 seconds (5.84 M allocations: 208.184 MiB, 97.58% compilation time)
- [variable_connection_flow] 31.108307 seconds (29.50 M allocations: 2.228 GiB, 18.70% gc time, 73.13% compilation time)
- [variable_connection_intact_flow]  4.847852 seconds (12.44 M allocations: 797.391 MiB, 6.65% gc time, 53.72% compilation time)
- [variable_connections_decommissioned]  6.320382 seconds (6.28 M allocations: 229.397 MiB, 97.45% compilation time)
- [variable_connections_invested]  1.005290 seconds (2.87 M allocations: 168.710 MiB, 31.37% compilation time)
- [variable_connections_invested_available]  2.314641 seconds (3.41 M allocations: 191.696 MiB, 68.61% compilation time)
- [variable_min_capacity_margin_slack]  2.422807 seconds (4.06 M allocations: 121.402 MiB, 93.26% compilation time)
- [variable_node_injection]  5.218771 seconds (8.98 M allocations: 473.068 MiB, 5.96% gc time, 75.18% compilation time)
- [variable_node_pressure]  1.557383 seconds (3.09 M allocations: 75.497 MiB, 88.44% compilation time)
- [variable_node_slack_neg]  2.592702 seconds (7.38 M allocations: 354.014 MiB, 11.16% gc time, 51.50% compilation time)
- [variable_node_slack_pos]  0.926521 seconds (6.73 M allocations: 321.242 MiB)
- [variable_node_state]  4.686603 seconds (6.74 M allocations: 269.409 MiB, 4.42% gc time, 88.96% compilation time)
- [variable_node_voltage_angle]  1.528826 seconds (3.10 M allocations: 75.814 MiB, 89.72% compilation time)
- [variable_nonspin_units_shut_down]  2.684152 seconds (4.34 M allocations: 133.899 MiB, 93.60% compilation time)
- [variable_nonspin_units_started_up]  1.687128 seconds (3.44 M allocations: 89.506 MiB, 11.80% gc time, 89.55% compilation time)
- [variable_storages_decommissioned]  4.334463 seconds (4.48 M allocations: 142.180 MiB, 96.23% compilation time)
- [variable_storages_invested]  0.789647 seconds (2.44 M allocations: 88.029 MiB, 70.74% compilation time)
- [variable_storages_invested_available]  0.464732 seconds (2.10 M allocations: 70.757 MiB, 49.57% compilation time)
- [variable_unit_flow] 20.048184 seconds (26.88 M allocations: 2.732 GiB, 6.75% gc time, 75.01% compilation time)
- [variable_unit_flow_op]  7.593367 seconds (8.56 M allocations: 393.260 MiB, 94.43% compilation time)
- [variable_unit_flow_op_active]  3.662156 seconds (5.52 M allocations: 248.300 MiB, 85.80% compilation time)
- [variable_units_invested]  5.844375 seconds (5.99 M allocations: 300.819 MiB, 2.15% gc time, 89.30% compilation time)
- [variable_units_invested_available]  1.215873 seconds (2.85 M allocations: 148.481 MiB, 43.48% compilation time)
- [variable_units_mothballed]  0.327762 seconds (2.30 M allocations: 35.614 MiB, 56.26% gc time)
- [variable_units_on]  6.283460 seconds (9.33 M allocations: 435.048 MiB, 87.81% compilation time)
- [variable_units_out_of_service]  1.824081 seconds (3.03 M allocations: 72.663 MiB, 13.27% gc time, 76.50% compilation time)
- [variable_units_returned_to_service]  0.323864 seconds (2.38 M allocations: 39.665 MiB, 53.53% compilation time)
- [variable_units_shut_down]  4.029000 seconds (3.65 M allocations: 109.334 MiB, 93.10% compilation time)
- [variable_units_started_up]  0.367364 seconds (2.59 M allocations: 54.694 MiB, 30.96% compilation time)
- [variable_units_taken_out_of_service]  0.209653 seconds (2.31 M allocations: 35.941 MiB, 12.76% compilation time)
- [variable_user_constraint_slack_neg]  2.943636 seconds (3.95 M allocations: 115.193 MiB, 5.36% gc time, 88.44% compilation time)
- [variable_user_constraint_slack_pos]  0.138895 seconds (2.29 M allocations: 34.899 MiB)
144.960509 seconds (216.19 M allocations: 11.484 GiB, 6.45% gc time, 80.71% compilation time)
Adding model dependent variables...
- [variable_connection_flow]  9.118598 seconds (11.04 M allocations: 522.015 MiB, 2.51% gc time, 86.51% compilation time)
- [variable_unit_flow]  4.326221 seconds (7.86 M allocations: 376.396 MiB, 70.20% compilation time)
 14.303081 seconds (19.95 M allocations: 949.221 MiB, 1.60% gc time, 82.36% compilation time)
Adding model expressions...
- [expression_capacity_margin]  0.712182 seconds (1.04 M allocations: 49.156 MiB, 99.95% compilation time)
  0.727439 seconds (1.04 M allocations: 49.217 MiB, 99.84% compilation time)
Adding model constraints...
- [constraint_candidate_connection_flow_lb]  1.772208 seconds (790.79 k allocations: 37.999 MiB, 20.79% gc time, 99.93% compilation time)
- [constraint_candidate_connection_flow_ub]  0.379785 seconds (354.12 k allocations: 17.397 MiB, 99.85% compilation time)
- [constraint_compression_ratio]  0.202171 seconds (114.72 k allocations: 5.771 MiB, 99.87% compilation time)
- [constraint_connection_flow_capacity] 18.143636 seconds (29.30 M allocations: 1.600 GiB, 6.31% gc time, 57.76% compilation time)
- [constraint_connection_flow_gas_capacity]  0.180199 seconds (102.86 k allocations: 5.048 MiB, 99.86% compilation time)
- [constraint_connection_flow_intact_flow]  0.529916 seconds (272.32 k allocations: 13.365 MiB, 99.89% compilation time)
- [constraint_connection_flow_lodf]  0.460849 seconds (520.06 k allocations: 24.534 MiB, 99.85% compilation time)
- [constraint_connection_intact_flow_capacity]  0.869442 seconds (755.54 k allocations: 37.108 MiB, 99.91% compilation time)
- [constraint_connection_intact_flow_ptdf]  0.545478 seconds (324.43 k allocations: 16.258 MiB, 99.89% compilation time)
- [constraint_connection_lifetime] 94.812033 seconds (222.80 M allocations: 23.088 GiB, 41.76% gc time, 5.44% compilation time)
- [constraint_connection_unitary_gas_flow]  0.283920 seconds (303.39 k allocations: 15.020 MiB, 99.89% compilation time)
- [constraint_connections_invested_available]  1.929263 seconds (1.15 M allocations: 55.288 MiB, 99.58% compilation time)
- [constraint_connections_invested_transition]  5.582299 seconds (2.40 M allocations: 117.965 MiB, 99.63% compilation time)
- [constraint_cyclic_node_state]  0.901790 seconds (241.41 k allocations: 11.982 MiB, 99.90% compilation time)
- [constraint_fix_node_pressure_point]  0.353290 seconds (69.36 k allocations: 3.425 MiB, 99.86% compilation time)
- [constraint_fix_ratio_in_in_unit_flow]  8.905855 seconds (5.27 M allocations: 273.147 MiB, 94.98% compilation time)
- [constraint_fix_ratio_in_out_unit_flow]  0.293336 seconds (372.58 k allocations: 18.090 MiB, 99.53% compilation time)
- [constraint_fix_ratio_out_in_connection_flow]  7.458256 seconds (4.08 M allocations: 207.745 MiB, 5.51% gc time, 95.90% compilation time)
- [constraint_fix_ratio_out_in_unit_flow]  0.000224 seconds (193 allocations: 12.008 KiB)
- [constraint_fix_ratio_out_out_unit_flow]  0.000551 seconds (1.10 k allocations: 58.758 KiB)
- [constraint_investment_group_equal_investments]  7.552764 seconds (3.52 M allocations: 184.830 MiB, 99.63% compilation time)
- [constraint_investment_group_maximum_capacity_invested_available]  0.443032 seconds (242.28 k allocations: 11.876 MiB, 99.93% compilation time)
- [constraint_investment_group_maximum_entities_invested_available]  0.277269 seconds (199.82 k allocations: 9.467 MiB, 99.89% compilation time)
- [constraint_investment_group_minimum_capacity_invested_available]  0.163126 seconds (37.41 k allocations: 1.897 MiB, 98.92% compilation time)
- [constraint_investment_group_minimum_entities_invested_available]  0.141383 seconds (37.41 k allocations: 1.900 MiB, 99.73% compilation time)
- [constraint_max_node_pressure]  0.702500 seconds (401.39 k allocations: 19.582 MiB, 99.88% compilation time)
- [constraint_max_node_voltage_angle]  0.238269 seconds (77.08 k allocations: 3.837 MiB, 99.75% compilation time)
- [constraint_max_ratio_in_in_unit_flow]  0.000221 seconds (193 allocations: 12.008 KiB)
- [constraint_max_ratio_in_out_unit_flow]  0.000272 seconds (193 allocations: 12.008 KiB)
- [constraint_max_ratio_out_in_connection_flow]  0.187806 seconds (166.18 k allocations: 8.016 MiB, 99.85% compilation time)
- [constraint_max_ratio_out_in_unit_flow]  0.000195 seconds (193 allocations: 12.008 KiB)
- [constraint_max_ratio_out_out_unit_flow]  0.000223 seconds (193 allocations: 12.008 KiB)
- [constraint_max_total_cumulated_unit_flow_from_node]  0.493701 seconds (130.95 k allocations: 6.526 MiB, 99.93% compilation time)
- [constraint_max_total_cumulated_unit_flow_to_node]  0.000166 seconds (92 allocations: 5.789 KiB)
- [constraint_min_capacity_margin]  0.184937 seconds (51.33 k allocations: 2.626 MiB, 99.85% compilation time)
- [constraint_min_down_time]  8.025775 seconds (9.31 M allocations: 628.972 MiB, 3.92% gc time, 71.44% compilation time)
- [constraint_min_node_pressure]  0.193591 seconds (64.14 k allocations: 3.180 MiB, 99.73% compilation time)
- [constraint_min_node_voltage_angle]  0.201764 seconds (64.20 k allocations: 3.175 MiB, 99.75% compilation time)
- [constraint_min_ratio_in_in_unit_flow]  0.000300 seconds (193 allocations: 12.008 KiB)
- [constraint_min_ratio_in_out_unit_flow]  0.000282 seconds (193 allocations: 12.008 KiB)
- [constraint_min_ratio_out_in_connection_flow]  0.147374 seconds (34.78 k allocations: 1.752 MiB, 99.80% compilation time)
- [constraint_min_ratio_out_in_unit_flow]  0.000217 seconds (193 allocations: 12.008 KiB)
- [constraint_min_ratio_out_out_unit_flow]  0.000225 seconds (193 allocations: 12.008 KiB)
- [constraint_min_scheduled_outage_duration]  0.438371 seconds (145.74 k allocations: 7.223 MiB, 99.94% compilation time)
- [constraint_min_total_cumulated_unit_flow_from_node]  0.142177 seconds (34.77 k allocations: 1.750 MiB, 99.80% compilation time)
- [constraint_min_total_cumulated_unit_flow_to_node]  0.000116 seconds (92 allocations: 5.789 KiB)
- [constraint_min_up_time]  2.224635 seconds (1.43 M allocations: 80.162 MiB, 87.85% compilation time)
- [constraint_minimum_operating_point]  4.152574 seconds (3.26 M allocations: 172.291 MiB, 92.70% compilation time)
- [constraint_nodal_balance]  6.323972 seconds (7.98 M allocations: 425.425 MiB, 4.99% gc time, 76.54% compilation time)
- [constraint_node_injection] 15.466240 seconds (30.75 M allocations: 1.531 GiB, 3.85% gc time, 45.90% compilation time)
- [constraint_node_state_capacity]  4.879056 seconds (5.90 M allocations: 298.694 MiB, 72.19% compilation time)
- [constraint_node_voltage_angle]  0.435156 seconds (90.11 k allocations: 4.600 MiB, 99.94% compilation time)
- [constraint_non_spinning_reserves_lower_bound]  0.268213 seconds (152.29 k allocations: 7.697 MiB, 99.81% compilation time)
- [constraint_non_spinning_reserves_shut_down_upper_bound]  0.510882 seconds (259.37 k allocations: 12.705 MiB, 99.80% compilation time)
- [constraint_non_spinning_reserves_start_up_upper_bound]  0.000354 seconds (480 allocations: 23.695 KiB)
- [constraint_operating_point_bounds] 51.390872 seconds (165.37 M allocations: 18.831 GiB, 13.36% gc time, 8.92% compilation time)
- [constraint_operating_point_rank]  1.565578 seconds (1.33 M allocations: 77.921 MiB, 94.01% compilation time)
- [constraint_ramp_down]  7.165479 seconds (5.63 M allocations: 306.620 MiB, 3.15% gc time, 90.28% compilation time)
- [constraint_ramp_up]  2.957134 seconds (3.15 M allocations: 186.087 MiB, 78.34% compilation time)
- [constraint_ratio_out_in_connection_intact_flow]  0.315592 seconds (114.29 k allocations: 5.858 MiB, 99.78% compilation time)
- [constraint_storage_lifetime] 10.364622 seconds (32.69 M allocations: 3.400 GiB, 19.33% gc time, 28.82% compilation time)
- [constraint_storage_line_pack]  0.360343 seconds (169.36 k allocations: 8.292 MiB, 99.92% compilation time)
- [constraint_storages_invested_available]  0.854528 seconds (390.13 k allocations: 18.655 MiB, 99.82% compilation time)
- [constraint_storages_invested_transition]  1.026809 seconds (367.26 k allocations: 18.750 MiB, 99.63% compilation time)
- [constraint_unit_flow_capacity]  6.011812 seconds (9.99 M allocations: 544.525 MiB, 4.05% gc time, 57.15% compilation time)
- [constraint_unit_flow_op_bounds]  2.419208 seconds (3.11 M allocations: 166.626 MiB, 72.26% compilation time)
- [constraint_unit_flow_op_rank]  1.944365 seconds (2.48 M allocations: 136.727 MiB, 77.15% compilation time)
- [constraint_unit_flow_op_sum]  1.635235 seconds (877.23 k allocations: 45.857 MiB, 98.60% compilation time)
- [constraint_unit_lifetime] 39.737303 seconds (154.47 M allocations: 16.598 GiB, 26.21% gc time, 5.07% compilation time)
- [constraint_unit_state_transition]  3.430482 seconds (1.66 M allocations: 87.783 MiB, 96.52% compilation time)
- [constraint_units_available] 10.890059 seconds (17.21 M allocations: 870.514 MiB, 6.57% gc time, 40.87% compilation time)
- [constraint_units_invested_available]  0.437624 seconds (95.58 k allocations: 4.722 MiB, 99.56% compilation time)
- [constraint_units_invested_transition]  1.771859 seconds (507.96 k allocations: 25.507 MiB, 99.41% compilation time)
- [constraint_units_out_of_service_contiguity]  0.449646 seconds (78.10 k allocations: 4.011 MiB, 99.92% compilation time)
- [constraint_units_out_of_service_transition]  0.402434 seconds (119.58 k allocations: 6.071 MiB, 99.55% compilation time)
- [constraint_user_constraint] 21.745784 seconds (13.74 M allocations: 713.787 MiB, 1.82% gc time, 89.57% compilation time)
395.994320 seconds (780.36 M allocations: 72.477 GiB, 16.22% gc time, 44.14% compilation time)
Setting model objective... 19.646982 seconds (20.77 M allocations: 1.054 GiB, 1.80% gc time, 86.14% compilation time)
Build complete. Started at 2026-06-13T16:18:18.066, ended at 2026-06-13T16:29:38.009, elapsed time: 11 minutes, 19 seconds, 943 milliseconds
Solve started at 2026-06-13T16:29:38.603
Bringing model to the first window... 18.733198 seconds (39.02 M allocations: 1.914 GiB, 31.54% gc time, 32.23% compilation time)
model - window 1 of 12: 2019-01-01T00:00~(4 weeks, 2 days, 10 hours)~>2019-01-31T10:00
Optimizing model...Running HiGHS 1.14.0 (git hash: 7df0786de3): Copyright (c) 2026 under Apache 2.0 license terms
Using BLAS: blastrampoline-5
MIP has 119868 rows; 139893 cols; 309909 nonzeros; 2287 integer variables (0 binary)
Coefficient ranges:
  Matrix  [6e-03, 1e+05]
  Cost    [1e-03, 2e+09]
  Bound   [3e-01, 2e+04]
  RHS     [1e+00, 2e+03]
WARNING: Problem has some excessively large costs
WARNING:    Consider scaling the objective by 1e-4, or setting the user_objective_scale option to -12
Presolving model
57447 rows, 70648 cols, 200884 nonzeros 0s
38750 rows, 53424 cols, 189101 nonzeros 0s
36699 rows, 48567 cols, 180369 nonzeros 2s
Presolve reductions: rows 36699(-83169); columns 48567(-91326); nonzeros 180369(-129540)
Solving MIP model with:
   36699 rows
   48567 cols (1777 binary, 0 integer, 0 implied int., 46790 continuous, 0 domain fixed)
   180369 nonzeros
Src: B => Branching; C => Central rounding; F => Feasibility pump; H => Heuristic;
     I => Shifting; J => Feasibility jump; L => Sub-MIP; P => Empty MIP; R => Randomized rounding;
     S => Solve LP; T => Evaluate node; U => Unbounded; X => User solution; Y => HiGHS solution;
     Z => ZI Round; l => Trivial lower; p => Trivial point; u => Trivial upper; z => Trivial zero
        Nodes      |    B&B Tree     |            Objective Bounds              |  Dynamic Constraints |       Work
Src  Proc. InQueue |  Leaves   Expl. | BestBound       BestSol              Gap |   Cuts   InLp Confl. | LpIters     Time
         0       0         0   0.00%   -389101639.4725 inf                  inf        0      0      0         0     4.6s
         0       0         0   0.00%   -107806601.5924 inf                  inf        0      0      2     35368    36.5s
         0       0         0   0.00%   -107804519.1548 inf                  inf     1957    209      5     35926    46.6s
         0       0         0   0.00%   -107787697.2759 inf                  inf     2888    374      8     36703    57.6s
         0       0         0   0.00%   -107787474.5167 inf                  inf     2968    380     10     36726    66.0s
         0       0         0   0.00%   -107787450.0993 inf                  inf     2970    393     12     36793    74.3s
 R       0       0         0   0.00%   -107787177.5005 -107783665.9452    0.00%     2974    397     12     36842    90.9s
 C       0       0         0   0.00%   -107787177.5005 -107785538.6435    0.00%     2974    397     93     36842   111.1s
         0       0         0   0.00%   -107787176.597  -107785538.6435    0.00%     2974    398     93     36857   119.7s
         0       0         0   0.00%   -107787006.1885 -107785538.6435    0.00%     2974    406     93     36969   128.4s
         0       0         0   0.00%   -107787003.5002 -107785538.6435    0.00%     2980    409     93     36992   136.6s
         0       0         0   0.00%   -107787002.4449 -107785538.6435    0.00%     2980    410     93     36999   144.7s
         0       0         0   0.00%   -107787001.3102 -107785538.6435    0.00%     2980    412     93     37007   152.7s
         0       0         0   0.00%   -107787000.6483 -107785538.6435    0.00%     2980    414     93     37027   160.9s
         0       0         0   0.00%   -107786999.8596 -107785538.6435    0.00%     2980    415     93     37078   168.9s
 L       0       0         0   0.00%   -107786999.8596 -107785596.0035    0.00%     2980    415     93     37078  1788.6s
5.0% inactive integer columns, restarting
Model after restart has 34979 rows, 41714 cols (1687 bin., 0 int., 0 impl., 40027 cont., 0 dom.fix.), and 169310 nonzeros
         0       0         0   0.00%   -107786999.8596 -107785596.0035    0.00%      321      0      0    235000  1792.2s
         0       0         0   0.00%   -107786999.8539 -107785596.0035    0.00%      321    271      3    249447  1817.8s
         1       0         1 100.00%   -107785596.0035 -107785596.0035    0.00%      329    271    161    255381  1851.1s
         1       0         1 100.00%   -107785596.0035 -107785596.0035    0.00%      329    271    161    255381  1851.1s
Solving report
  Status            Optimal
  Primal bound      -107785596.003
  Dual bound        -107785596.003
  Gap               0% (tolerance: 0%)
  P-D integral      0.0242435962327
  Solution status   feasible
                    -107785596.003 (objective)
                    0 (bound viol.)
                    1.55431223448e-15 (int. viol.)
                    0 (row viol.)
  Timing            1851.08
  Max sub-MIP depth 5
  Nodes             1
  Repair LPs        0
  LP iterations     255381
                    5050 (strong br.)
                    1710 (separation)
                    197922 (heuristics)
1854.907213 seconds (2.59 M allocations: 209.121 MiB, 0.18% compilation time)
Optimal solution found, objective function value: -1.0778559600346956e8
Saving model results... 16.237635 seconds (8.36 M allocations: 353.830 MiB, 36.52% gc time, 87.23% compilation time)
Postprocessing model results...  0.002253 seconds (48 allocations: 3.312 KiB)
Saving model outputs...  5.320542 seconds (6.95 M allocations: 371.901 MiB, 84.36% compilation time)
Rolling model temporal structure...  2.229804 seconds (5.09 M allocations: 119.747 MiB, 37.04% compilation time)
Fixing model history...  1.662942 seconds (1.46 M allocations: 71.492 MiB, 91.97% compilation time)
Applying model non-anticipativity constraints...  0.313516 seconds (57.98 k allocations: 2.991 MiB, 99.45% compilation time)
model - window 2 of 12: 2019-01-31T10:00~(4 weeks, 2 days, 10 hours)~>2019-03-02T20:00
Optimizing model...MIP has 119868 rows; 139893 cols; 309966 nonzeros; 2287 integer variables (0 binary)
Coefficient ranges:
  Matrix  [6e-03, 1e+05]
  Cost    [1e-03, 2e+09]
  Bound   [4e-03, 2e+04]
  RHS     [1e+00, 2e+03]
WARNING: Problem has some excessively large costs
WARNING:    Consider scaling the objective by 1e-4, or setting the user_objective_scale option to -12
Presolving model
78750 rows, 70758 cols, 220587 nonzeros 0s
37647 rows, 53416 cols, 181326 nonzeros 0s
36014 rows, 48412 cols, 176122 nonzeros 1s
Presolve reductions: rows 36014(-83854); columns 48412(-91481); nonzeros 176122(-133844)
Solving MIP model with:
   36014 rows
   48412 cols (1675 binary, 0 integer, 0 implied int., 46737 continuous, 0 domain fixed)
   176122 nonzeros
Src: B => Branching; C => Central rounding; F => Feasibility pump; H => Heuristic;
     I => Shifting; J => Feasibility jump; L => Sub-MIP; P => Empty MIP; R => Randomized rounding;
     S => Solve LP; T => Evaluate node; U => Unbounded; X => User solution; Y => HiGHS solution;
     Z => ZI Round; l => Trivial lower; p => Trivial point; u => Trivial upper; z => Trivial zero
        Nodes      |    B&B Tree     |            Objective Bounds              |  Dynamic Constraints |       Work
Src  Proc. InQueue |  Leaves   Expl. | BestBound       BestSol              Gap |   Cuts   InLp Confl. | LpIters     Time
         0       0         0   0.00%   -381984994.3015 inf                  inf        0      0      0         0     3.5s
         0       0         0   0.00%   -95200481.01381 inf                  inf        0      0      2     34792    20.9s
         0       0         0   0.00%   -95199691.47426 inf                  inf     2212    163      5     35233    27.9s
         0       0         0   0.00%   -95192626.33466 inf                  inf     3063    268      8     35647    35.4s
         0       0         0   0.00%   -95191671.8618  inf                  inf     3270    286     11     35808    42.2s
 R       0       0         0   0.00%   -95191189.39828 -95087148.5433     0.11%     3394    293     11     35974    54.3s
 C       0       0         0   0.00%   -95190871.73802 -95187875.78573    0.00%     3438    298     11     36077    84.3s
         0       0         0   0.00%   -95190409.90988 -95187875.78573    0.00%     3462    301     11     36143    90.7s
         0       0         0   0.00%   -95189857.11845 -95187875.78573    0.00%     3474    328     11     36440    96.0s
         0       0         0   0.00%   -95189783.55714 -95187875.78573    0.00%     3488    334     11     36550   101.1s
         0       0         0   0.00%   -95189717.89066 -95187875.78573    0.00%     3498    300     11     36647   107.5s
 L       0       0         0   0.00%   -95189712.44984 -95189551.84436    0.00%     3498    301     11     36678   588.6s
99.4% inactive integer columns, restarting
Model after restart has 31277 rows, 39312 cols (2 bin., 0 int., 0 impl., 39310 cont., 0 dom.fix.), and 123501 nonzeros
         0       0         0   0.00%   -95189560.5033  -95189551.84436    0.00%       28      0      0     95993   590.3s
50.0% inactive integer columns, restarting
Model after restart has 31238 rows, 39297 cols (1 bin., 0 int., 0 impl., 39296 cont., 0 dom.fix.), and 123398 nonzeros
         0       0         0   0.00%   -95189560.5033  -95189551.84436    0.00%        2      0      0    130193   609.5s
         0       0         0   0.00%   -95189560.5033  -95189551.84436    0.00%        2      1      0    130297   610.3s
         1       0         1 100.00%   -95189551.84436 -95189551.84436    0.00%        2      1      1    130311   611.5s
Solving report
  Status            Optimal
  Primal bound      -95189551.8444
  Dual bound        -95189551.8444
  Gap               0% (tolerance: 0%)
  P-D integral      0.0425896360664
  Solution status   feasible
                    -95189551.8444 (objective)
                    0 (bound viol.)
                    7.38045042515e-15 (int. viol.)
                    0 (row viol.)
  Timing            611.48
  Max sub-MIP depth 4
  Nodes             1
  Repair LPs        0
  LP iterations     130311
                    13 (strong br.)
                    1913 (separation)
                    59248 (heuristics)
611.527525 seconds (233 allocations: 9.766 KiB)
Optimal solution found, objective function value: -9.518955184436177e7
Saving model results...  0.933526 seconds (4.27 M allocations: 149.138 MiB, 39.56% gc time)
Postprocessing model results...  0.000089 seconds (48 allocations: 3.312 KiB)
Saving model outputs...  0.469717 seconds (2.76 M allocations: 170.350 MiB)
Rolling model temporal structure...  0.913288 seconds (4.79 M allocations: 104.661 MiB, 7.75% compilation time)
Fixing model history...  0.056390 seconds (413.88 k allocations: 20.191 MiB)
Applying model non-anticipativity constraints...  0.000169 seconds (603 allocations: 32.203 KiB)
model - window 3 of 12: 2019-03-02T20:00~(4 weeks, 2 days, 10 hours)~>2019-04-02T06:00
Optimizing model...MIP has 119868 rows; 139893 cols; 310029 nonzeros; 2287 integer variables (0 binary)
Coefficient ranges:
  Matrix  [6e-03, 1e+05]
  Cost    [1e-03, 2e+09]
  Bound   [6e-04, 2e+04]
  RHS     [1e+00, 2e+03]
WARNING: Problem has some excessively large costs
WARNING:    Consider scaling the objective by 1e-4, or setting the user_objective_scale option to -12
Presolving model
78876 rows, 70884 cols, 220839 nonzeros 0s
37639 rows, 53473 cols, 181315 nonzeros 0s
36038 rows, 48617 cols, 176290 nonzeros 1s
Presolve reductions: rows 36038(-83830); columns 48617(-91276); nonzeros 176290(-133739)
Optimal solution found, objective function value: -9.285201070232803e7
Solving MIP model with:
   36038 rows
   48617 cols (1672 binary, 0 integer, 0 implied int., 46945 continuous, 0 domain fixed)
   176290 nonzeros
Src: B => Branching; C => Central rounding; F => Feasibility pump; H => Heuristic;
     I => Shifting; J => Feasibility jump; L => Sub-MIP; P => Empty MIP; R => Randomized rounding;
     S => Solve LP; T => Evaluate node; U => Unbounded; X => User solution; Y => HiGHS solution;
     Z => ZI Round; l => Trivial lower; p => Trivial point; u => Trivial upper; z => Trivial zero
        Nodes      |    B&B Tree     |            Objective Bounds              |  Dynamic Constraints |       Work
Src  Proc. InQueue |  Leaves   Expl. | BestBound       BestSol              Gap |   Cuts   InLp Confl. | LpIters     Time
         0       0         0   0.00%   -327943716.059  inf                  inf        0      0      0         0     2.3s
 R       0       0         0   0.00%   -92863923.6811  1.97412952e+12   100.00%        0      0      0     33900    23.6s
         0       0         0   0.00%   -92853413.53544 1.97412952e+12   100.00%     3192    319      0     35077    29.2s
         0       0         0   0.00%   -92852545.1581  1.97412952e+12   100.00%     3242    340      0     35222    37.6s
         0       0         0   0.00%   -92852053.95447 1.97412952e+12   100.00%     3369    349      0     35328    43.6s
 L       0       0         0   0.00%   -92852010.70233 -92195168.71398    0.71%     3371    354      0     35337    54.0s
 T       0       0         0   0.00%   -92852010.70233 -92852010.70233    0.00%     3371    354      0     38304    54.0s
         1       0         1 100.00%   -92852010.70233 -92852010.70233    0.00%     3371    354      0     38304    54.0s
Solving report
  Status            Optimal
  Primal bound      -92852010.7023
  Dual bound        -92852010.7023
  Gap               0% (tolerance: 0%)
  P-D integral      30.3336432399
  Solution status   feasible
                    -92852010.7023 (objective)
                    0 (bound viol.)
                    8.10462807976e-15 (int. viol.)
                    0 (row viol.)
  Timing            54.04
  Max sub-MIP depth 1
  Nodes             1
  Repair LPs        0
  LP iterations     38304
                    0 (strong br.)
                    1437 (separation)
                    2967 (heuristics)
 54.090550 seconds (135 allocations: 5.609 KiB)
Saving model results...  0.560800 seconds (4.27 M allocations: 149.138 MiB)
Postprocessing model results...  0.000034 seconds (48 allocations: 3.312 KiB)
Saving model outputs...  0.709056 seconds (2.76 M allocations: 170.350 MiB, 28.93% gc time)
Rolling model temporal structure...  0.868794 seconds (4.74 M allocations: 102.043 MiB)
Fixing model history...  0.072130 seconds (413.88 k allocations: 20.191 MiB)
Applying model non-anticipativity constraints...  0.000109 seconds (603 allocations: 32.203 KiB)
model - window 4 of 12: 2019-04-02T06:00~(4 weeks, 2 days, 10 hours)~>2019-05-02T16:00
Optimizing model...MIP has 119868 rows; 139893 cols; 310112 nonzeros; 2287 integer variables (0 binary)
Coefficient ranges:
  Matrix  [6e-03, 1e+05]
  Cost    [1e-03, 2e+09]
  Bound   [3e-18, 2e+04]
  RHS     [1e+00, 2e+03]
WARNING: Problem has some excessively large costs
WARNING: Problem has some excessively small column bounds
WARNING:    Consider scaling the objective by 1e-4, or setting the user_objective_scale option to -12
Presolving model
79042 rows, 71050 cols, 221171 nonzeros 0s
37623 rows, 53544 cols, 181250 nonzeros 0s
36167 rows, 49163 cols, 176806 nonzeros 1s
Presolve reductions: rows 36167(-83701); columns 49163(-90730); nonzeros 176806(-133306)
Solving MIP model with:
   36167 rows
   49163 cols (1667 binary, 0 integer, 0 implied int., 47496 continuous, 0 domain fixed)
   176806 nonzeros
Src: B => Branching; C => Central rounding; F => Feasibility pump; H => Heuristic;
     I => Shifting; J => Feasibility jump; L => Sub-MIP; P => Empty MIP; R => Randomized rounding;
     S => Solve LP; T => Evaluate node; U => Unbounded; X => User solution; Y => HiGHS solution;
     Z => ZI Round; l => Trivial lower; p => Trivial point; u => Trivial upper; z => Trivial zero
        Nodes      |    B&B Tree     |            Objective Bounds              |  Dynamic Constraints |       Work
Src  Proc. InQueue |  Leaves   Expl. | BestBound       BestSol              Gap |   Cuts   InLp Confl. | LpIters     Time
         0       0         0   0.00%   -323871347.8414 inf                  inf        0      0      0         0     2.3s
         0       0         0   0.00%   -45732291.5344  inf                  inf        0      0      2     35096    15.7s
 R       0       0         0   0.00%   -45719390.46635 -45496604.7532     0.49%     4408    332      7     36235    21.3s
         0       0         0   0.00%   -45718274.39551 -45496604.7532     0.49%     4604    355     23     36464    46.5s
 L       0       0         0   0.00%   -45718259.83939 -45718259.83939    0.00%     4648    363     23     36518   230.6s
         1       0         1 100.00%   -45718259.83939 -45718259.83939    0.00%     4648    363     23     74061   230.7s
Solving report
  Status            Optimal
  Primal bound      -45718259.8394
  Dual bound        -45718259.8394
  Gap               0% (tolerance: 0%)
  P-D integral      1.01994458276
  Solution status   feasible
                    -45718259.8394 (objective)
                    0 (bound viol.)
                    2.6645352591e-15 (int. viol.)
                    0 (row viol.)
  Timing            230.66
  Max sub-MIP depth 6
  Nodes             1
  Repair LPs        0
  LP iterations     74061
                    0 (strong br.)
                    1422 (separation)
                    37543 (heuristics)
230.697867 seconds (93 allocations: 3.828 KiB)
Optimal solution found, objective function value: -4.57182598393872e7
Saving model results...  0.609188 seconds (4.27 M allocations: 149.138 MiB)
Postprocessing model results...  0.000065 seconds (48 allocations: 3.312 KiB)
Saving model outputs...  0.524420 seconds (2.76 M allocations: 170.350 MiB)
Rolling model temporal structure...  1.109300 seconds (4.74 M allocations: 102.043 MiB, 22.01% gc time)
Fixing model history...  0.063817 seconds (413.88 k allocations: 20.191 MiB)
model - window 5 of 12: 2019-05-02T16:00~(4 weeks, 2 days, 10 hours)~>2019-06-02T02:00
Applying model non-anticipativity constraints...  0.000189 seconds (603 allocations: 32.203 KiB)
Optimizing model...MIP has 119868 rows; 139893 cols; 310164 nonzeros; 2287 integer variables (0 binary)
Coefficient ranges:
  Matrix  [6e-03, 1e+05]
  Cost    [1e-03, 2e+09]
  Bound   [1e-18, 2e+04]
  RHS     [1e+00, 2e+03]
WARNING: Problem has some excessively large costs
WARNING: Problem has some excessively small column bounds
WARNING:    Consider scaling the objective by 1e-4, or setting the user_objective_scale option to -12
Presolving model
79146 rows, 71154 cols, 221379 nonzeros 0s
37623 rows, 53596 cols, 181302 nonzeros 0s
36214 rows, 49347 cols, 177066 nonzeros 1s
Presolve reductions: rows 36214(-83654); columns 49347(-90546); nonzeros 177066(-133098)
Solving MIP model with:
   36214 rows
   49347 cols (1668 binary, 0 integer, 0 implied int., 47679 continuous, 0 domain fixed)
   177066 nonzeros
Src: B => Branching; C => Central rounding; F => Feasibility pump; H => Heuristic;
     I => Shifting; J => Feasibility jump; L => Sub-MIP; P => Empty MIP; R => Randomized rounding;
     S => Solve LP; T => Evaluate node; U => Unbounded; X => User solution; Y => HiGHS solution;
     Z => ZI Round; l => Trivial lower; p => Trivial point; u => Trivial upper; z => Trivial zero
        Nodes      |    B&B Tree     |            Objective Bounds              |  Dynamic Constraints |       Work
Src  Proc. InQueue |  Leaves   Expl. | BestBound       BestSol              Gap |   Cuts   InLp Confl. | LpIters     Time
         0       0         0   0.00%   -314250791.3145 inf                  inf        0      0      0         0     2.5s
         0       0         0   0.00%   -48402898.39569 inf                  inf        0      0      2     35192    17.6s
 R       0       0         0   0.00%   -48389667.16183 -47933775.48528    0.95%     4897    375      5     37264    27.0s
         0       0         0   0.00%   -48388786.50984 -47933775.48528    0.95%     5455    400     62     38009    38.7s
 L       0       0         0   0.00%   -48388767.99936 -48388767.99936    0.00%     5471    403     62     38011   297.0s
         1       0         1 100.00%   -48388767.99936 -48388767.99936    0.00%     5471    403     62    105854   297.1s
Solving report
  Status            Optimal
  Primal bound      -48388767.9994
  Dual bound        -48388767.9994
  Gap               0% (tolerance: 0%)
  P-D integral      2.56400638884
  Solution status   feasible
                    -48388767.9994 (objective)
                    0 (bound viol.)
                    0 (int. viol.)
                    0 (row viol.)
  Timing            297.11
  Max sub-MIP depth 6
  Nodes             1
  Repair LPs        0
  LP iterations     105854
                    0 (strong br.)
                    2819 (separation)
                    67843 (heuristics)
297.149582 seconds (93 allocations: 3.828 KiB)
Optimal solution found, objective function value: -4.838876799936087e7
Saving model results...  0.598889 seconds (4.27 M allocations: 149.139 MiB)
Postprocessing model results...  0.000060 seconds (48 allocations: 3.312 KiB)
Saving model outputs...  0.503654 seconds (2.76 M allocations: 170.350 MiB)
Rolling model temporal structure...  0.874918 seconds (4.74 M allocations: 102.043 MiB)
Fixing model history...  0.068208 seconds (413.88 k allocations: 20.191 MiB)
Applying model non-anticipativity constraints...  0.000172 seconds (603 allocations: 32.203 KiB)
model - window 6 of 12: 2019-06-02T02:00~(4 weeks, 2 days, 10 hours)~>2019-07-02T12:00
Optimizing model...MIP has 119868 rows; 139893 cols; 310176 nonzeros; 2287 integer variables (0 binary)
Coefficient ranges:
  Matrix  [6e-03, 1e+05]
  Cost    [1e-03, 2e+09]
  Bound   [1e-18, 2e+04]
  RHS     [1e+00, 2e+03]
WARNING: Problem has some excessively large costs
WARNING: Problem has some excessively small column bounds
WARNING:    Consider scaling the objective by 1e-4, or setting the user_objective_scale option to -12
Presolving model
79170 rows, 71178 cols, 221427 nonzeros 0s
37678 rows, 53649 cols, 181840 nonzeros 0s
36274 rows, 49475 cols, 177657 nonzeros 1s
Presolve reductions: rows 36274(-83594); columns 49475(-90418); nonzeros 177657(-132519)
Solving MIP model with:
   36274 rows
   49475 cols (1684 binary, 0 integer, 0 implied int., 47791 continuous, 0 domain fixed)
   177657 nonzeros
Src: B => Branching; C => Central rounding; F => Feasibility pump; H => Heuristic;
     I => Shifting; J => Feasibility jump; L => Sub-MIP; P => Empty MIP; R => Randomized rounding;
     S => Solve LP; T => Evaluate node; U => Unbounded; X => User solution; Y => HiGHS solution;
     Z => ZI Round; l => Trivial lower; p => Trivial point; u => Trivial upper; z => Trivial zero
        Nodes      |    B&B Tree     |            Objective Bounds              |  Dynamic Constraints |       Work
Src  Proc. InQueue |  Leaves   Expl. | BestBound       BestSol              Gap |   Cuts   InLp Confl. | LpIters     Time
         0       0         0   0.00%   -330933128.9961 inf                  inf        0      0      0         0     2.4s
         0       0         0   0.00%   -46024743.35468 inf                  inf        0      0      2     35020    17.1s
         0       0         0   0.00%   -46015123.49701 inf                  inf     5196    419     11     37501    24.5s
 C       0       0         0   0.00%   -46014419.33469 4.40012924e+12   100.00%     5715    449     17     37956    32.5s
         0       0         0   0.00%   -46013984.92199 4.40012924e+12   100.00%     6144    477     17     39046    38.8s
         0       0         0   0.00%   -46013418.95121 4.40012924e+12   100.00%     6626    500     17     39395    44.2s
         0       0         0   0.00%   -46012805.44401 4.40012924e+12   100.00%     7004    519     17     40124    50.3s
         0       0         0   0.00%   -46012627.52082 4.40012924e+12   100.00%     7156    480     17     40404    55.8s
         0       0         0   0.00%   -46012520.1016  4.40012924e+12   100.00%     7225    445     17     40432    60.9s
         0       0         0   0.00%   -46012494.35657 4.40012924e+12   100.00%     7225    448     17     40539    66.0s
 L       0       0         0   0.00%   -46012477.88404 -45025546.23701    2.19%     7225    449     17     40658    85.3s
 T       0       0         0   0.00%   -46012477.88404 -46012477.88404    0.00%     7225    449     17     44567    85.3s
         1       0         1 100.00%   -46012477.88404 -46012477.88404    0.00%     7225    449     17     44567    85.3s
Solving report
  Status            Optimal
  Primal bound      -46012477.884
  Dual bound        -46012477.884
  Gap               0% (tolerance: 0%)
  P-D integral      52.6917416563
  Solution status   feasible
                    -46012477.884 (objective)
                    0 (bound viol.)
                    1.79726074989e-13 (int. viol.)
                    0 (row viol.)
  Timing            85.32
  Max sub-MIP depth 1
  Nodes             1
  Repair LPs        0
  LP iterations     44567
                    0 (strong br.)
                    5638 (separation)
                    3909 (heuristics)
 85.357745 seconds (219 allocations: 9.172 KiB)
Optimal solution found, objective function value: -4.601247788403735e7
Saving model results...  0.792165 seconds (4.27 M allocations: 149.138 MiB, 27.73% gc time)
Postprocessing model results...  0.000049 seconds (48 allocations: 3.312 KiB)
Saving model outputs...  0.476923 seconds (2.76 M allocations: 170.350 MiB)
Rolling model temporal structure...  0.829718 seconds (4.74 M allocations: 102.043 MiB)
Fixing model history...  0.057397 seconds (413.88 k allocations: 20.191 MiB)
Applying model non-anticipativity constraints...  0.000112 seconds (603 allocations: 32.203 KiB)
model - window 7 of 12: 2019-07-02T12:00~(4 weeks, 2 days, 10 hours)~>2019-08-01T22:00
Optimizing model...MIP has 119868 rows; 139893 cols; 310173 nonzeros; 2287 integer variables (0 binary)
Coefficient ranges:
  Matrix  [6e-03, 1e+05]
  Cost    [1e-03, 2e+09]
  Bound   [3e-18, 2e+04]
  RHS     [1e+00, 2e+03]
WARNING: Problem has some excessively large costs
WARNING: Problem has some excessively small column bounds
WARNING:    Consider scaling the objective by 1e-4, or setting the user_objective_scale option to -12
Presolving model
79164 rows, 71172 cols, 221415 nonzeros 0s
37623 rows, 53605 cols, 181311 nonzeros 0s
36236 rows, 49445 cols, 177186 nonzeros 1s
Presolve reductions: rows 36236(-83632); columns 49445(-90448); nonzeros 177186(-132987)
Solving MIP model with:
   36236 rows
   49445 cols (1668 binary, 0 integer, 0 implied int., 47777 continuous, 0 domain fixed)
   177186 nonzeros
Src: B => Branching; C => Central rounding; F => Feasibility pump; H => Heuristic;
     I => Shifting; J => Feasibility jump; L => Sub-MIP; P => Empty MIP; R => Randomized rounding;
     S => Solve LP; T => Evaluate node; U => Unbounded; X => User solution; Y => HiGHS solution;
     Z => ZI Round; l => Trivial lower; p => Trivial point; u => Trivial upper; z => Trivial zero
        Nodes      |    B&B Tree     |            Objective Bounds              |  Dynamic Constraints |       Work
Src  Proc. InQueue |  Leaves   Expl. | BestBound       BestSol              Gap |   Cuts   InLp Confl. | LpIters     Time
         0       0         0   0.00%   -339819361.0994 inf                  inf        0      0      0         0     2.4s
         0       0         0   0.00%   -42002696.91062 inf                  inf        0      0      2     32395    30.1s
 R       0       0         0   0.00%   -41989107.58625 -40456628.60686    3.79%     5340    463      7     33816    39.9s
 C       0       0         0   0.00%   -41988537.33878 -41840995.00792    0.35%     6556    510     53     33944    53.8s
         0       0         0   0.00%   -41988448.5293  -41840995.00792    0.35%     8257    548     53     34015    59.2s
         0       0         0   0.00%   -41987746.79529 -41840995.00792    0.35%     9667    592     53     34097    64.2s
         0       0         0   0.00%   -41987694.52023 -41840995.00792    0.35%     8613    617     53     34139    69.5s
         0       0         0   0.00%   -41987459.39283 -41840995.00792    0.35%     9775    584     53     34197    75.5s
         0       0         0   0.00%   -41987345.48613 -41840995.00792    0.35%    10647    572     53     34235    80.9s
 L       0       0         0   0.00%   -41987337.90226 -41987060.62117    0.00%     9379    575     53     34238   321.4s
48.9% inactive integer columns, restarting
Model after restart has 33180 rows, 39459 cols (598 bin., 0 int., 0 impl., 38861 cont., 0 dom.fix.), and 135645 nonzeros
         0       0         0   0.00%   -41987328.47854 -41987060.62117    0.00%      425      0      0     88315   324.3s
         0       0         0   0.00%   -41987328.47854 -41987060.62117    0.00%      425    395      0     93106   333.5s
54.3% inactive integer columns, restarting
Model after restart has 32646 rows, 39038 cols (177 bin., 0 int., 0 impl., 38861 cont., 0 dom.fix.), and 127784 nonzeros
         0       0         0   0.00%   -41987147.64683 -41987060.62117    0.00%      384      0      0     93132   335.6s
15.3% inactive integer columns, restarting
Model after restart has 32566 rows, 39002 cols (141 bin., 0 int., 0 impl., 38861 cont., 0 dom.fix.), and 127395 nonzeros
         0       0         0   0.00%   -41987147.64683 -41987060.62117    0.00%      338      0      0     94959   340.4s
         0       0         0   0.00%   -41987147.64683 -41987060.62117    0.00%      338    338      0     95686   344.1s
Optimal solution found, objective function value: -4.1987060621169195e7
25.5% inactive integer columns, restarting
Model after restart has 32406 rows, 38954 cols (93 bin., 0 int., 0 impl., 38861 cont., 0 dom.fix.), and 126708 nonzeros
         0       0         0   0.00%   -41987118.1768  -41987060.62117    0.00%      332      0      0     95701   346.1s
         0       0         0   0.00%   -41987118.1768  -41987060.62117    0.00%      332    328      0     96525   350.5s
61.3% inactive integer columns, restarting
Model after restart has 31919 rows, 38869 cols (21 bin., 0 int., 0 impl., 38848 cont., 0 dom.fix.), and 125095 nonzeros
         0       0         0   0.00%   -41987080.05761 -41987060.62117    0.00%      215      0      0     96526   352.3s
         0       0         0   0.00%   -41987080.05761 -41987060.62117    0.00%      215    206      0    130367   378.1s
23.8% inactive integer columns, restarting
Model after restart has 31905 rows, 38860 cols (14 bin., 0 int., 0 impl., 38846 cont., 0 dom.fix.), and 125043 nonzeros
         0       0         0   0.00%   -41987075.95375 -41987060.62117    0.00%      206      0      0    130369   380.0s
        Nodes      |    B&B Tree     |            Objective Bounds              |  Dynamic Constraints |       Work
Src  Proc. InQueue |  Leaves   Expl. | BestBound       BestSol              Gap |   Cuts   InLp Confl. | LpIters     Time
         0       0         0   0.00%   -41987075.95375 -41987060.62117    0.00%      206    205      0    131084   383.3s
         1       0         1 100.00%   -41987060.62117 -41987060.62117    0.00%      206    205      1    131146   384.9s
Solving report
  Status            Optimal
  Primal bound      -41987060.6212
  Dual bound        -41987060.6212
  Gap               0% (tolerance: 0%)
  P-D integral      1.4650476371
  Solution status   feasible
                    -41987060.6212 (objective)
                    0 (bound viol.)
                    3.33066907388e-16 (int. viol.)
                    0 (row viol.)
  Timing            384.91
  Max sub-MIP depth 5
  Nodes             1
  Repair LPs        0
  LP iterations     131146
                    60 (strong br.)
                    1888 (separation)
                    54076 (heuristics)
384.943066 seconds (373 allocations: 15.703 KiB)
Saving model results...  0.525049 seconds (4.27 M allocations: 149.139 MiB)
Postprocessing model results...  0.000133 seconds (48 allocations: 3.312 KiB)
Saving model outputs...  0.674398 seconds (2.76 M allocations: 170.350 MiB, 29.66% gc time)
Rolling model temporal structure...  0.811301 seconds (4.74 M allocations: 102.043 MiB)
Fixing model history...  0.059310 seconds (413.88 k allocations: 20.191 MiB)
Applying model non-anticipativity constraints...  0.000236 seconds (603 allocations: 32.203 KiB)
model - window 8 of 12: 2019-08-01T22:00~(4 weeks, 2 days, 10 hours)~>2019-09-01T08:00
Optimizing model...MIP has 119868 rows; 139893 cols; 310126 nonzeros; 2287 integer variables (0 binary)
Coefficient ranges:
  Matrix  [6e-03, 1e+05]
  Cost    [1e-03, 2e+09]
  Bound   [7e-18, 2e+04]
  RHS     [1e+00, 2e+03]
WARNING: Problem has some excessively large costs
WARNING: Problem has some excessively small column bounds
WARNING:    Consider scaling the objective by 1e-4, or setting the user_objective_scale option to -12
Presolving model
79070 rows, 71078 cols, 221227 nonzeros 0s
37639 rows, 53570 cols, 181412 nonzeros 0s
36205 rows, 49256 cols, 177096 nonzeros 1s
Presolve reductions: rows 36205(-83663); columns 49256(-90637); nonzeros 177096(-133030)
Solving MIP model with:
   36205 rows
   49256 cols (1672 binary, 0 integer, 0 implied int., 47584 continuous, 0 domain fixed)
   177096 nonzeros
Src: B => Branching; C => Central rounding; F => Feasibility pump; H => Heuristic;
     I => Shifting; J => Feasibility jump; L => Sub-MIP; P => Empty MIP; R => Randomized rounding;
     S => Solve LP; T => Evaluate node; U => Unbounded; X => User solution; Y => HiGHS solution;
     Z => ZI Round; l => Trivial lower; p => Trivial point; u => Trivial upper; z => Trivial zero
        Nodes      |    B&B Tree     |            Objective Bounds              |  Dynamic Constraints |       Work
Src  Proc. InQueue |  Leaves   Expl. | BestBound       BestSol              Gap |   Cuts   InLp Confl. | LpIters     Time
         0       0         0   0.00%   -338319537.5569 inf                  inf        0      0      0         0     2.7s
         0       0         0   0.00%   -38389120.61022 inf                  inf        0      0      3     35906    17.4s
 R       0       0         0   0.00%   -38375398.80054 -38003194.81765    0.98%     4660    383      8     37711    25.7s
 C       0       0         0   0.00%   -38375116.75917 -38290616.77809    0.22%     4922    392     47     37982    35.4s
         0       0         0   0.00%   -38374929.8682  -38290616.77809    0.22%     4987    410     47     38137    40.7s
 L       0       0         0   0.00%   -38374929.8682  -38374929.8682     0.00%     4987    410     47     38137   282.7s
         1       0         1 100.00%   -38374929.8682  -38374929.8682     0.00%     4987    410     47     74230   282.8s
Solving report
  Status            Optimal
  Primal bound      -38374929.8682
  Dual bound        -38374929.8682
  Gap               0% (tolerance: 0%)
  P-D integral      0.63942390038
  Solution status   feasible
                    -38374929.8682 (objective)
                    0 (bound viol.)
                    0 (int. viol.)
                    0 (row viol.)
  Timing            282.77
  Max sub-MIP depth 7
  Nodes             1
  Repair LPs        0
  LP iterations     74230
                    0 (strong br.)
                    2231 (separation)
                    36093 (heuristics)
282.820078 seconds (107 allocations: 4.422 KiB)
Optimal solution found, objective function value: -3.8374929868195415e7
Saving model results...  0.740418 seconds (4.27 M allocations: 149.138 MiB)
Postprocessing model results...  0.000080 seconds (48 allocations: 3.312 KiB)
Saving model outputs...  0.720647 seconds (2.76 M allocations: 170.350 MiB)
Rolling model temporal structure...  1.233315 seconds (4.74 M allocations: 102.044 MiB)
Fixing model history...  0.308968 seconds (413.88 k allocations: 20.191 MiB, 73.44% gc time)
Applying model non-anticipativity constraints...  0.000139 seconds (603 allocations: 32.203 KiB)
model - window 9 of 12: 2019-09-01T08:00~(4 weeks, 2 days, 10 hours)~>2019-10-01T18:00
Optimal solution found, objective function value: -7.573139076584692e7
Optimizing model...MIP has 119868 rows; 139893 cols; 310068 nonzeros; 2287 integer variables (0 binary)
Coefficient ranges:
  Matrix  [6e-03, 1e+05]
  Cost    [1e-03, 2e+09]
  Bound   [4e-03, 2e+04]
  RHS     [1e+00, 2e+03]
WARNING: Problem has some excessively large costs
WARNING:    Consider scaling the objective by 1e-4, or setting the user_objective_scale option to -12
Presolving model
78954 rows, 70962 cols, 220995 nonzeros 0s
37623 rows, 53500 cols, 181206 nonzeros 0s
36101 rows, 48841 cols, 176447 nonzeros 1s
Presolve reductions: rows 36101(-83767); columns 48841(-91052); nonzeros 176447(-133621)
Solving MIP model with:
   36101 rows
   48841 cols (1668 binary, 0 integer, 0 implied int., 47173 continuous, 0 domain fixed)
   176447 nonzeros
Src: B => Branching; C => Central rounding; F => Feasibility pump; H => Heuristic;
     I => Shifting; J => Feasibility jump; L => Sub-MIP; P => Empty MIP; R => Randomized rounding;
     S => Solve LP; T => Evaluate node; U => Unbounded; X => User solution; Y => HiGHS solution;
     Z => ZI Round; l => Trivial lower; p => Trivial point; u => Trivial upper; z => Trivial zero
        Nodes      |    B&B Tree     |            Objective Bounds              |  Dynamic Constraints |       Work
Src  Proc. InQueue |  Leaves   Expl. | BestBound       BestSol              Gap |   Cuts   InLp Confl. | LpIters     Time
         0       0         0   0.00%   -340341575.5631 inf                  inf        0      0      0         0     3.4s
         0       0         0   0.00%   -75746006.33734 inf                  inf        0      0      2     35485    22.2s
 R       0       0         0   0.00%   -75744763.70505 4.73390403e+12   100.00%     3262    214      2     36174    30.6s
         0       0         0   0.00%   -75731411.87902 4.73390403e+12   100.00%     4613    404      2     36887    36.8s
         0       0         0   0.00%   -75731390.76585 4.73390403e+12   100.00%     4613    407      2     36893    47.7s
 L       0       0         0   0.00%   -75731390.76585 -75407771.89265    0.43%     4613    407      2     36893    65.3s
 T       0       0         0   0.00%   -75731390.76585 -75731390.76585    0.00%     4613    407      2     38670    65.4s
         1       0         1 100.00%   -75731390.76585 -75731390.76585    0.00%     4613    407      2     38670    65.4s
Solving report
  Status            Optimal
  Primal bound      -75731390.7658
  Dual bound        -75731390.7658
  Gap               0% (tolerance: 0%)
  P-D integral      34.7244788596
  Solution status   feasible
                    -75731390.7658 (objective)
                    0 (bound viol.)
                    2.90878432452e-14 (int. viol.)
                    0 (row viol.)
  Timing            65.41
  Max sub-MIP depth 1
  Nodes             1
  Repair LPs        0
  LP iterations     38670
                    0 (strong br.)
                    1408 (separation)
                    1777 (heuristics)
 65.454763 seconds (86 allocations: 3.531 KiB)
Saving model results...  0.673067 seconds (4.27 M allocations: 149.138 MiB)
Postprocessing model results...  0.000065 seconds (48 allocations: 3.312 KiB)
Saving model outputs...  0.700038 seconds (2.76 M allocations: 170.350 MiB)
Rolling model temporal structure...  1.087602 seconds (4.74 M allocations: 102.043 MiB)
Fixing model history...  0.071097 seconds (413.88 k allocations: 20.191 MiB)
Applying model non-anticipativity constraints...  0.000191 seconds (603 allocations: 32.203 KiB)
model - window 10 of 12: 2019-10-01T18:00~(4 weeks, 2 days, 10 hours)~>2019-11-01T04:00
Optimizing model...MIP has 119868 rows; 139893 cols; 310000 nonzeros; 2287 integer variables (0 binary)
Coefficient ranges:
  Matrix  [6e-03, 1e+05]
  Cost    [1e-03, 2e+09]
  Bound   [2e-17, 2e+04]
  RHS     [1e+00, 2e+03]
WARNING: Problem has some excessively large costs
WARNING: Problem has some excessively small column bounds
WARNING:    Consider scaling the objective by 1e-4, or setting the user_objective_scale option to -12
Presolving model
78818 rows, 70826 cols, 220723 nonzeros 0s
37623 rows, 53432 cols, 181138 nonzeros 0s
36051 rows, 48578 cols, 176134 nonzeros 1s
Presolve reductions: rows 36051(-83817); columns 48578(-91315); nonzeros 176134(-133866)
Solving MIP model with:
   36051 rows
   48578 cols (1668 binary, 0 integer, 0 implied int., 46910 continuous, 0 domain fixed)
   176134 nonzeros
Src: B => Branching; C => Central rounding; F => Feasibility pump; H => Heuristic;
     I => Shifting; J => Feasibility jump; L => Sub-MIP; P => Empty MIP; R => Randomized rounding;
     S => Solve LP; T => Evaluate node; U => Unbounded; X => User solution; Y => HiGHS solution;
     Z => ZI Round; l => Trivial lower; p => Trivial point; u => Trivial upper; z => Trivial zero
        Nodes      |    B&B Tree     |            Objective Bounds              |  Dynamic Constraints |       Work
Src  Proc. InQueue |  Leaves   Expl. | BestBound       BestSol              Gap |   Cuts   InLp Confl. | LpIters     Time
         0       0         0   0.00%   -337763143.0027 inf                  inf        0      0      0         0     2.9s
         0       0         0   0.00%   -62921622.05748 inf                  inf        0      0      3     34353    20.4s
 R       0       0         0   0.00%   -62906279.25019 -62906261.19117    0.00%     4520    391      6     35667    26.8s
         0       0         0   0.00%   -62906279.25019 -62906261.19117    0.00%     4520    391      6     35667    47.9s
         1       0         1 100.00%   -62906261.19117 -62906261.19117    0.00%     4524    391     16     38221    53.3s
Solving report
  Status            Optimal
  Primal bound      -62906261.1912
  Dual bound        -62906261.1912
  Gap               0% (tolerance: 0%)
  P-D integral      7.60019348892e-06
  Solution status   feasible
                    -62906261.1912 (objective)
                    0 (bound viol.)
                    1.99840144433e-15 (int. viol.)
                    0 (row viol.)
  Timing            53.26
  Max sub-MIP depth 0
  Nodes             1
  Repair LPs        0
  LP iterations     38221
                    0 (strong br.)
                    1314 (separation)
                    2554 (heuristics)
 53.300825 seconds (86 allocations: 3.531 KiB)
Optimal solution found, objective function value: -6.290626119116822e7
Saving model results...  0.738107 seconds (4.27 M allocations: 149.139 MiB)
Postprocessing model results...  0.000152 seconds (48 allocations: 3.312 KiB)
Saving model outputs...  0.868903 seconds (2.76 M allocations: 170.350 MiB, 23.90% gc time)
Rolling model temporal structure...  1.102901 seconds (4.74 M allocations: 102.043 MiB)
Fixing model history...  0.064797 seconds (413.88 k allocations: 20.191 MiB)
Applying model non-anticipativity constraints...  0.000120 seconds (603 allocations: 32.203 KiB)
model - window 11 of 12: 2019-11-01T04:00~(4 weeks, 2 days, 10 hours)~>2019-12-01T14:00
Optimizing model...MIP has 119868 rows; 139893 cols; 309934 nonzeros; 2287 integer variables (0 binary)
Coefficient ranges:
  Matrix  [6e-03, 1e+05]
  Cost    [1e-03, 2e+09]
  Bound   [3e-17, 2e+04]
  RHS     [1e+00, 2e+03]
WARNING: Problem has some excessively large costs
WARNING: Problem has some excessively small column bounds
WARNING:    Consider scaling the objective by 1e-4, or setting the user_objective_scale option to -12
Presolving model
78686 rows, 70694 cols, 220459 nonzeros 0s
37623 rows, 53366 cols, 181072 nonzeros 0s
35993 rows, 48271 cols, 175769 nonzeros 1s
Presolve reductions: rows 35993(-83875); columns 48271(-91622); nonzeros 175769(-134165)
Solving MIP model with:
   35993 rows
   48271 cols (1668 binary, 0 integer, 0 implied int., 46603 continuous, 0 domain fixed)
   175769 nonzeros
Src: B => Branching; C => Central rounding; F => Feasibility pump; H => Heuristic;
     I => Shifting; J => Feasibility jump; L => Sub-MIP; P => Empty MIP; R => Randomized rounding;
     S => Solve LP; T => Evaluate node; U => Unbounded; X => User solution; Y => HiGHS solution;
     Z => ZI Round; l => Trivial lower; p => Trivial point; u => Trivial upper; z => Trivial zero
        Nodes      |    B&B Tree     |            Objective Bounds              |  Dynamic Constraints |       Work
Src  Proc. InQueue |  Leaves   Expl. | BestBound       BestSol              Gap |   Cuts   InLp Confl. | LpIters     Time
         0       0         0   0.00%   -366033515.382  inf                  inf        0      0      0         0     3.0s
         0       0         0   0.00%   -73877859.55561 inf                  inf        0      0      3     31354    30.2s
 R       0       0         0   0.00%   -73861009.45222 -73860852.51553    0.00%     4794    391      5     32296    36.1s
 L       0       0         0   0.00%   -73861009.45222 -73860898.27553    0.00%     4794    391      5     32296    88.8s
         0       0         0   0.00%   -73860937.01356 -73860898.27553    0.00%     4946    298      5     38077   100.7s
94.7% inactive integer columns, restarting
Model after restart has 31667 rows, 39169 cols (21 bin., 0 int., 0 impl., 39148 cont., 0 dom.fix.), and 124453 nonzeros
         0       0         0   0.00%   -73860937.01356 -73860898.27553    0.00%       49      0      0     38077   101.4s
         0       0         0   0.00%   -73860937.01356 -73860898.27553    0.00%       49     46      0     39236   104.7s
         0       0         0   0.00%   -73860932.39008 -73860898.27553    0.00%       69     48      0     40558   140.9s
14.3% inactive integer columns, restarting
Model after restart has 31651 rows, 39158 cols (17 bin., 0 int., 0 impl., 39141 cont., 0 dom.fix.), and 124413 nonzeros
         0       0         0   0.00%   -73860932.39008 -73860898.27553    0.00%       48      0      0     40558   141.4s
         0       0         0   0.00%   -73860932.39008 -73860898.27553    0.00%       48     47      0     40663   143.7s
         0       0         0   0.00%   -73860929.97559 -73860898.27553    0.00%       86     53      0     40667   150.4s
         0       0         0   0.00%   -73860929.07222 -73860898.27553    0.00%       86     51      0     41898   169.6s
41.2% inactive integer columns, restarting
Model after restart has 31627 rows, 39144 cols (4 bin., 0 int., 0 impl., 39140 cont., 0 dom.fix.), and 124333 nonzeros
         0       0         0   0.00%   -73860929.07222 -73860898.27553    0.00%       45      0      0     41898   170.0s
25.0% inactive integer columns, restarting
Model after restart has 31624 rows, 39142 cols (3 bin., 0 int., 0 impl., 39139 cont., 0 dom.fix.), and 124334 nonzeros
         0       0         0   0.00%   -73860929.07222 -73860898.27553    0.00%       42      0      0     42081   171.4s
         0       0         0   0.00%   -73860929.07222 -73860898.27553    0.00%       42     41      0     42154   172.0s
         0       0         0   0.00%   -73860929.07222 -73860898.27553    0.00%       42     41      0     43025   189.7s
         1       0         1 100.00%   -73860898.27757 -73860898.27553    0.00%       42     41      2     43377   197.2s
         1       0         1 100.00%   -73860898.27757 -73860898.27553    0.00%       42     41      2     43377   197.2s
Solving report
  Status            Optimal
  Primal bound      -73860898.2755
  Dual bound        -73860898.2776
  Gap               0% (tolerance: 0%)
  P-D integral      0.000163362667451
  Solution status   feasible
                    -73860898.2755 (objective)
                    0 (bound viol.)
                    0 (int. viol.)
                    0 (row viol.)
  Timing            197.22
  Max sub-MIP depth 3
  Nodes             1
  Repair LPs        0
  LP iterations     43377
                    107 (strong br.)
                    973 (separation)
                    9350 (heuristics)
197.276882 seconds (289 allocations: 12.141 KiB)
Optimal solution found, objective function value: -7.386089827552599e7
Saving model results...  0.949349 seconds (4.27 M allocations: 149.138 MiB)
Postprocessing model results...  0.000115 seconds (48 allocations: 3.312 KiB)
Saving model outputs...  0.830473 seconds (2.76 M allocations: 170.369 MiB)
Rolling model temporal structure...  1.391504 seconds (4.74 M allocations: 101.999 MiB, 16.08% gc time)
Fixing model history...  0.081895 seconds (413.88 k allocations: 20.191 MiB)
Applying model non-anticipativity constraints...  0.000284 seconds (603 allocations: 32.203 KiB)
model - window 12 of 12: 2019-12-01T14:00~(4 weeks, 2 days, 10 hours)~>2020-01-01T00:00
Optimizing model...MIP has 119868 rows; 139893 cols; 309882 nonzeros; 2287 integer variables (0 binary)
Coefficient ranges:
  Matrix  [6e-03, 1e+05]
  Cost    [1e-03, 2e+09]
  Bound   [2e-03, 2e+04]
  RHS     [1e+00, 2e+03]
WARNING: Problem has some excessively large costs
WARNING:    Consider scaling the objective by 1e-4, or setting the user_objective_scale option to -12
Presolving model
78582 rows, 70590 cols, 220251 nonzeros 0s
37623 rows, 53314 cols, 181020 nonzeros 0s
35896 rows, 47951 cols, 175352 nonzeros 1s
Presolve reductions: rows 35896(-83972); columns 47951(-91942); nonzeros 175352(-134530)
Solving MIP model with:
   35896 rows
   47951 cols (1668 binary, 0 integer, 0 implied int., 46283 continuous, 0 domain fixed)
   175352 nonzeros
Src: B => Branching; C => Central rounding; F => Feasibility pump; H => Heuristic;
     I => Shifting; J => Feasibility jump; L => Sub-MIP; P => Empty MIP; R => Randomized rounding;
     S => Solve LP; T => Evaluate node; U => Unbounded; X => User solution; Y => HiGHS solution;
     Z => ZI Round; l => Trivial lower; p => Trivial point; u => Trivial upper; z => Trivial zero
        Nodes      |    B&B Tree     |            Objective Bounds              |  Dynamic Constraints |       Work
Src  Proc. InQueue |  Leaves   Expl. | BestBound       BestSol              Gap |   Cuts   InLp Confl. | LpIters     Time
         0       0         0   0.00%   -365936382.0182 inf                  inf        0      0      0         0     3.2s
         0       0         0   0.00%   -114001592.5183 inf                  inf        0      0      3     33986    18.0s
 R       0       0         0   0.00%   -113989183.5125 -113989110.7157    0.00%     4548    387      8     35121    25.5s
 L       0       0         0   0.00%   -113989183.5125 -113989142.9957    0.00%     4548    387      8     35121    35.1s
         1       0         1 100.00%   -113989142.9957 -113989142.9957    0.00%     4595    389      9     36410    37.6s
Solving report
  Status            Optimal
  Primal bound      -113989142.996
  Dual bound        -113989142.996
  Gap               0% (tolerance: 0%)
  P-D integral      6.89344553891e-06
  Solution status   feasible
                    -113989142.996 (objective)
                    0 (bound viol.)
                    4.4408920985e-16 (int. viol.)
                    0 (row viol.)
  Timing            37.62
  Max sub-MIP depth 1
  Nodes             1
  Repair LPs        0
  LP iterations     36410
                    0 (strong br.)
                    1137 (separation)
                    1287 (heuristics)
 37.675938 seconds (93 allocations: 3.828 KiB)
Optimal solution found, objective function value: -1.1398914299569659e8
Saving model results...  0.695028 seconds (4.27 M allocations: 149.138 MiB)
Postprocessing model results...  0.000037 seconds (48 allocations: 3.312 KiB)
Saving model outputs...  0.618626 seconds (2.76 M allocations: 170.350 MiB)
Rolling model temporal structure...  0.000098 seconds (47 allocations: 1.312 KiB)
Rolling complete
Solve complete. Started at 2026-06-13T16:29:38.603, ended at 2026-06-13T17:40:06.617, elapsed time: 1 hour, 10 minutes, 28 seconds, 14 milliseconds
Time summary:
Action                                           │ min       │ max         │ avg
─────────────────────────────────────────────────┼───────────┼─────────────┼─────────────────────
Postprocessing model results...                  │ 3.4e-5    │ 0.002253    │ 0.000261
Fixing model history...                          │ 0.05639   │ 1.662942    │ 0.23335918181818183
Applying model non-anticipativity constraints... │ 0.000109  │ 0.313516    │ 0.028657909090909095
Rolling model temporal structure...              │ 9.8e-5    │ 2.229804    │ 1.0377119166666666
Saving model results...                          │ 0.525049  │ 16.237635   │ 2.0044350833333335
Optimizing model...                              │ 37.675938 │ 1854.907213 │ 346.2668361666667
Saving model outputs...                          │ 0.469717  │ 5.320542    │ 1.0347830833333334
Writing report to sqlite:///C:\Users\jfg.eco\Documents\GitHub\Nord_H2ub\Spine_Projects\02_basic_energy_model\.spinetoolbox\items\outputtest\OutputTest.sqlite?spinedbfilter=cfg%3Aexecution%3A%7B%22execution_item%22%3A+%22Run+SpineOpt%22%2C+%22scenarios%22%3A+%5B%5D%2C+%22timestamp%22%3A+%222026-06-13T16%3A15%3A18%22%7D... 11.669315 seconds (24.78 M allocations: 1.458 GiB, 4.40% gc time, 42.69% compilation time)
Execution complete. Started at 2026-06-13T16:16:32.416, ended at 2026-06-13T17:40:50.046, elapsed time: 1 hour, 24 minutes, 17 seconds, 630 milliseconds
A JuMP Model
├ solver: HiGHS
├ objective_sense: MIN_SENSE
│ └ objective_function_type: JuMP.AffExpr
├ num_variables: 139893
├ num_constraints: 248178
│ ├ JuMP.AffExpr in MOI.EqualTo{Float64}: 33672
│ ├ JuMP.AffExpr in MOI.GreaterThan{Float64}: 30688
│ ├ JuMP.AffExpr in MOI.LessThan{Float64}: 55508
│ ├ JuMP.VariableRef in MOI.EqualTo{Float64}: 900
│ ├ JuMP.VariableRef in MOI.GreaterThan{Float64}: 121442
│ ├ JuMP.VariableRef in MOI.LessThan{Float64}: 3681
│ └ JuMP.VariableRef in MOI.Integer: 2287
└ Names registered in the model: none
