### Spine execution log file
### Item name: Run SpineOpt
### Filter id: 
### Part: 1

# Running julia run_spineopt.jl http://127.0.0.1:63353 http://127.0.0.1:63356
2-element Vector{String}:
 "http://127.0.0.1:63353"
 "http://127.0.0.1:63356"
Running SpineOpt...
[SpineOpt version 0.10.2 (git hash: N/A)]
[SpineInterface version 0.15.2 (git hash: N/A)]
Execution started at 2026-02-04T13:40:53.044
Reading input data from sqlite:///C:\Users\jfg.eco\Documents\Nord_H2ub\Spine_Projects\02_basic_energy_model\.spinetoolbox\items\input\Input.sqlite...
Initializing  data structure from db...  0.628256 seconds (617.80 k allocations: 85.580 MiB, 14.13% gc time, 13.72% compilation time)
Preprocessing  data structure...  0.834691 seconds (81.17 k allocations: 5.046 MiB, 96.45% compilation time)
Checking  data structure...  0.012197 seconds (6.28 k allocations: 534.281 KiB, 94.39% compilation time)
Build started at 2026-02-04T13:40:54.558
Creating model temporal structure...[ Info: the last time slice of temporal block Default_Investment_period has been cut to fit within the block
[ Info: the last time slice of temporal block daily has been cut to fit within the block
176.062007 seconds (433.64 M allocations: 20.774 GiB, 89.25% gc time, 0.05% compilation time)
Creating model stochastic structure...  4.596132 seconds (2.80 M allocations: 600.320 MiB, 92.73% gc time, 0.18% compilation time)
Adding model independent variables...
- [variable_binary_gas_connection_flow]  3.544685 seconds (2.33 M allocations: 35.615 MiB, 98.30% gc time)
- [variable_connection_flow]  1.513990 seconds (4.52 M allocations: 231.530 MiB, 6.78% gc time, 85.63% compilation time)
- [variable_connection_intact_flow]  0.133025 seconds (3.10 M allocations: 127.038 MiB, 23.17% gc time)
- [variable_connections_decommissioned]  0.072049 seconds (2.34 M allocations: 36.483 MiB, 15.34% gc time)
- [variable_connections_invested] 13.169898 seconds (25.38 M allocations: 2.071 GiB, 90.49% gc time)
- [variable_connections_invested_available] 13.445728 seconds (26.50 M allocations: 2.139 GiB, 89.99% gc time, 0.06% compilation time)
- [variable_min_capacity_margin_slack]  0.077046 seconds (2.33 M allocations: 35.578 MiB, 18.27% gc time)
- [variable_node_injection]  0.096752 seconds (2.63 M allocations: 66.773 MiB, 18.36% gc time)
- [variable_node_pressure]  0.067373 seconds (2.33 M allocations: 35.582 MiB, 14.06% gc time)
- [variable_node_slack_neg]  0.086799 seconds (2.62 M allocations: 62.440 MiB, 12.77% gc time)
- [variable_node_slack_pos]  0.089400 seconds (2.62 M allocations: 62.442 MiB, 12.71% gc time)
- [variable_node_state]  0.195700 seconds (2.44 M allocations: 44.391 MiB, 6.89% gc time, 58.23% compilation time)
- [variable_node_voltage_angle]  0.075588 seconds (2.33 M allocations: 35.581 MiB, 21.26% gc time)
- [variable_nonspin_units_shut_down]  0.075707 seconds (2.33 M allocations: 35.591 MiB, 17.81% gc time)
- [variable_nonspin_units_started_up]  0.066280 seconds (2.33 M allocations: 35.586 MiB, 8.41% gc time)
- [variable_storages_decommissioned]  0.061078 seconds (2.33 M allocations: 35.757 MiB, 7.25% gc time)
- [variable_storages_invested]  4.002683 seconds (4.37 M allocations: 254.481 MiB, 95.30% gc time, 0.19% compilation time)
- [variable_storages_invested_available]  0.298062 seconds (4.37 M allocations: 254.484 MiB, 39.99% gc time)
- [variable_unit_flow]  1.351520 seconds (4.66 M allocations: 319.533 MiB, 12.85% gc time, 84.40% compilation time)
- [variable_unit_flow_op]  0.082662 seconds (2.45 M allocations: 50.792 MiB, 12.89% gc time)
- [variable_unit_flow_op_active]  0.084011 seconds (2.48 M allocations: 53.245 MiB, 12.18% gc time)
- [variable_units_invested]  9.370799 seconds (21.85 M allocations: 1.724 GiB, 88.15% gc time)
- [variable_units_invested_available]  9.675420 seconds (22.79 M allocations: 1.797 GiB, 88.21% gc time, 0.08% compilation time)
- [variable_units_mothballed]  0.077574 seconds (2.34 M allocations: 36.705 MiB, 15.58% gc time)
- [variable_units_on]  0.195842 seconds (2.74 M allocations: 71.749 MiB, 18.75% gc time, 37.27% compilation time)
- [variable_units_out_of_service]  0.062212 seconds (2.33 M allocations: 35.579 MiB)
- [variable_units_returned_to_service]  0.081875 seconds (2.33 M allocations: 35.577 MiB, 24.66% gc time)
- [variable_units_shut_down]  0.140683 seconds (2.42 M allocations: 42.220 MiB, 2.99% gc time, 52.05% compilation time)
- [variable_units_started_up]  0.082853 seconds (2.35 M allocations: 37.411 MiB, 25.57% gc time)
- [variable_units_taken_out_of_service]  0.078662 seconds (2.33 M allocations: 35.578 MiB, 25.61% gc time)
- [variable_user_constraint_slack_neg]  0.072245 seconds (2.33 M allocations: 35.569 MiB, 15.99% gc time)
- [variable_user_constraint_slack_pos]  0.059895 seconds (2.33 M allocations: 35.569 MiB)
 58.519971 seconds (172.94 M allocations: 9.858 GiB, 83.41% gc time, 4.65% compilation time)
Adding model dependent variables...
- [variable_connection_flow]  0.254850 seconds (416.98 k allocations: 30.075 MiB, 5.74% gc time, 96.50% compilation time)
- [variable_unit_flow]  0.289781 seconds (443.84 k allocations: 33.695 MiB, 7.71% gc time, 95.91% compilation time)
  0.585078 seconds (880.96 k allocations: 65.129 MiB, 6.32% gc time, 96.11% compilation time)
Adding model expressions...
- [expression_capacity_margin]  0.000039 seconds (34 allocations: 2.859 KiB)
  0.000918 seconds (119 allocations: 7.922 KiB)
Adding model constraints...
- [constraint_candidate_connection_flow_lb]  0.000127 seconds (70 allocations: 4.219 KiB)
- [constraint_candidate_connection_flow_ub]  0.000087 seconds (71 allocations: 4.078 KiB)
- [constraint_compression_ratio]  0.000040 seconds (56 allocations: 5.141 KiB)
- [constraint_connection_flow_capacity]  0.162839 seconds (822.34 k allocations: 85.711 MiB, 26.65% gc time, 37.73% compilation time)
- [constraint_connection_flow_gas_capacity]  0.000052 seconds (59 allocations: 6.391 KiB)
- [constraint_connection_flow_intact_flow]  0.000088 seconds (38 allocations: 2.812 KiB)
- [constraint_connection_flow_lodf]  0.000072 seconds (58 allocations: 3.891 KiB)
- [constraint_connection_intact_flow_capacity]  0.000136 seconds (81 allocations: 5.266 KiB)
- [constraint_connection_intact_flow_ptdf]  0.000032 seconds (24 allocations: 1.969 KiB)
- [constraint_connection_lifetime]192.386143 seconds (166.44 M allocations: 37.493 GiB, 94.21% gc time, 0.00% compilation time)
- [constraint_connection_unitary_gas_flow]  0.000091 seconds (56 allocations: 5.141 KiB)
- [constraint_connections_invested_available]  0.008515 seconds (4.71 k allocations: 382.016 KiB, 91.89% compilation time)
- [constraint_connections_invested_transition]  0.002371 seconds (11.28 k allocations: 863.094 KiB)
- [constraint_cyclic_node_state]  0.005397 seconds (1.78 k allocations: 129.094 KiB, 96.96% compilation time)
- [constraint_fix_node_pressure_point]  0.000062 seconds (56 allocations: 5.141 KiB)
- [constraint_fix_ratio_in_in_unit_flow]  0.029172 seconds (63.62 k allocations: 6.744 MiB, 72.34% compilation time)
- [constraint_fix_ratio_in_out_unit_flow]  0.000757 seconds (3.04 k allocations: 275.234 KiB)
- [constraint_fix_ratio_out_in_connection_flow]  0.021390 seconds (50.39 k allocations: 4.433 MiB, 61.84% compilation time)
- [constraint_fix_ratio_out_in_unit_flow]  0.000092 seconds (100 allocations: 19.781 KiB)
- [constraint_fix_ratio_out_out_unit_flow]  0.000207 seconds (754 allocations: 76.422 KiB)
- [constraint_investment_group_equal_investments]  0.000080 seconds (99 allocations: 6.922 KiB)
- [constraint_investment_group_maximum_capacity_invested_available]  0.000037 seconds (22 allocations: 1.875 KiB)
- [constraint_investment_group_maximum_entities_invested_available]  0.000064 seconds (22 allocations: 1.875 KiB)
- [constraint_investment_group_minimum_capacity_invested_available]  0.000051 seconds (21 allocations: 1.828 KiB)
- [constraint_investment_group_minimum_entities_invested_available]  0.000031 seconds (21 allocations: 1.828 KiB)
- [constraint_max_node_pressure]  0.000073 seconds (92 allocations: 6.977 KiB)
- [constraint_max_node_voltage_angle]  0.000061 seconds (114 allocations: 8.320 KiB)
- [constraint_max_ratio_in_in_unit_flow]  0.000063 seconds (100 allocations: 19.781 KiB)
- [constraint_max_ratio_in_out_unit_flow]  0.000061 seconds (100 allocations: 19.781 KiB)
- [constraint_max_ratio_out_in_connection_flow]  0.000052 seconds (74 allocations: 6.172 KiB)
- [constraint_max_ratio_out_in_unit_flow]  0.000064 seconds (100 allocations: 19.781 KiB)
- [constraint_max_ratio_out_out_unit_flow]  0.000051 seconds (100 allocations: 19.781 KiB)
- [constraint_max_total_cumulated_unit_flow_from_node]  0.000049 seconds (52 allocations: 4.688 KiB)
- [constraint_max_total_cumulated_unit_flow_to_node]  0.000035 seconds (50 allocations: 4.500 KiB)
- [constraint_min_capacity_margin]  0.000034 seconds (41 allocations: 3.078 KiB)
- [constraint_min_down_time]  0.090781 seconds (361.49 k allocations: 33.843 MiB, 23.07% gc time, 43.74% compilation time)
- [constraint_min_node_pressure]  0.000074 seconds (95 allocations: 11.555 KiB)
- [constraint_min_node_voltage_angle]  0.000060 seconds (114 allocations: 8.320 KiB)
- [constraint_min_ratio_in_in_unit_flow]  0.000117 seconds (100 allocations: 19.781 KiB)
- [constraint_min_ratio_in_out_unit_flow]  0.000098 seconds (100 allocations: 19.781 KiB)
- [constraint_min_ratio_out_in_connection_flow]  0.000096 seconds (74 allocations: 6.172 KiB)
- [constraint_min_ratio_out_in_unit_flow]  0.000044 seconds (100 allocations: 19.781 KiB)
- [constraint_min_ratio_out_out_unit_flow]  0.000047 seconds (100 allocations: 19.781 KiB)
- [constraint_min_scheduled_outage_duration]  0.000040 seconds (33 allocations: 2.562 KiB)
- [constraint_min_total_cumulated_unit_flow_from_node]  0.000039 seconds (52 allocations: 4.688 KiB)
- [constraint_min_total_cumulated_unit_flow_to_node]  0.000036 seconds (50 allocations: 4.500 KiB)
- [constraint_min_up_time]  0.003696 seconds (46.39 k allocations: 3.637 MiB)
- [constraint_minimum_operating_point]  0.034234 seconds (98.17 k allocations: 8.248 MiB, 81.97% compilation time)
- [constraint_nodal_balance]  0.054738 seconds (212.08 k allocations: 21.070 MiB, 52.95% gc time, 14.92% compilation time)
- [constraint_node_injection]  0.183792 seconds (854.80 k allocations: 74.045 MiB, 16.06% gc time, 71.58% compilation time)
- [constraint_node_state_capacity]  0.059050 seconds (131.23 k allocations: 10.364 MiB, 50.35% gc time, 27.72% compilation time)
- [constraint_node_voltage_angle]  0.000086 seconds (33 allocations: 2.562 KiB)
- [constraint_non_spinning_reserves_lower_bound]  0.000098 seconds (317 allocations: 29.719 KiB)
- [constraint_non_spinning_reserves_shut_down_upper_bound]  0.000167 seconds (326 allocations: 30.609 KiB)
- [constraint_non_spinning_reserves_start_up_upper_bound]  0.000069 seconds (326 allocations: 30.609 KiB)
- [constraint_operating_point_bounds]  0.138980 seconds (1.01 M allocations: 151.206 MiB, 39.95% gc time)
- [constraint_operating_point_rank]  0.002663 seconds (26.83 k allocations: 3.806 MiB)
- [constraint_ramp_down]  0.222349 seconds (283.50 k allocations: 23.564 MiB, 11.52% gc time, 81.12% compilation time)
- [constraint_ramp_up]  0.012509 seconds (121.74 k allocations: 12.486 MiB)
- [constraint_ratio_out_in_connection_intact_flow]  0.000074 seconds (38 allocations: 2.812 KiB)
- [constraint_storage_lifetime] 20.161930 seconds (18.90 M allocations: 3.514 GiB, 94.29% gc time, 0.03% compilation time)
- [constraint_storage_line_pack]  0.000094 seconds (57 allocations: 5.188 KiB)
- [constraint_storages_invested_available]  0.000713 seconds (358 allocations: 36.953 KiB)
- [constraint_storages_invested_transition]  0.000536 seconds (1.53 k allocations: 144.375 KiB)
- [constraint_unit_flow_capacity]  0.055515 seconds (348.44 k allocations: 29.988 MiB, 21.72% gc time, 24.23% compilation time)
- [constraint_unit_flow_op_bounds]  0.058525 seconds (98.67 k allocations: 10.453 MiB, 91.69% compilation time)
- [constraint_unit_flow_op_rank]  0.007150 seconds (61.31 k allocations: 7.848 MiB, 44.76% compilation time)
- [constraint_unit_flow_op_sum]  0.000839 seconds (8.36 k allocations: 947.961 KiB)
- [constraint_unit_lifetime]ERROR: LoadError: ┌ Error: SYSTEM: display_error(errio, lasterr) caused an error
└ @ Base client.jl:163
ERROR: InterruptException:
Stacktrace:
 [1] showerror(io::IOContext{Base.PipeEndpoint}, ex::LoadError, bt::Vector{Base.StackTraces.StackFrame}; backtrace::Bool)
   @ Base .\errorshow.jl:103
 [2] show_exception_stack(io::IOContext{Base.PipeEndpoint}, stack::Base.ExceptionStack)
   @ Base .\errorshow.jl:975
 [3] display_error(io::IOContext{Base.PipeEndpoint}, stack::Base.ExceptionStack)
   @ Base .\client.jl:116
 [4] #invokelatest#2
   @ .\essentials.jl:892 [inlined]
 [5] invokelatest
   @ .\essentials.jl:889 [inlined]
 [6] eval_user_input(errio::IOContext{Base.PipeEndpoint}, ast::Any, show_value::Bool)
   @ Base .\client.jl:141
 [7] run_main_repl(interactive::Bool, quiet::Bool, banner::Bool, history_file::Bool, color_set::Bool)
   @ Base .\client.jl:475
 [8] exec_options(opts::Base.JLOptions)
   @ Base .\client.jl:338
 [9] _start()
   @ Base .\client.jl:557
