### Spine execution log file
### Item name: Run SpineOpt
### Filter id: 
### Part: 1

# Running julia run_spineopt.jl http://127.0.0.1:50463 http://127.0.0.1:50466
2-element Vector{String}:
 "http://127.0.0.1:50463"
 "http://127.0.0.1:50466"
Running SpineOpt...
[SpineOpt version 0.10.2 (git hash: N/A)]
[SpineInterface version 0.15.2 (git hash: N/A)]
Execution started at 2026-02-03T11:21:09.836
Reading input data from sqlite:///C:\Users\jfg.eco\Documents\Nord_H2ub\Spine_Projects\02_basic_energy_model\.spinetoolbox\items\input\Input.sqlite...
Initializing  data structure from db...  0.594323 seconds (507.92 k allocations: 64.195 MiB, 11.95% gc time, 15.16% compilation time)
Preprocessing  data structure...  0.900183 seconds (79.18 k allocations: 4.900 MiB, 96.68% compilation time)
Checking  data structure...  0.010988 seconds (6.17 k allocations: 523.781 KiB, 92.81% compilation time)
Build started at 2026-02-03T11:21:11.383
Creating model temporal structure...[ Info: the last time slice of temporal block Default_Investment_period has been cut to fit within the block
[ Info: the last time slice of temporal block daily has been cut to fit within the block
208.456766 seconds (433.57 M allocations: 20.769 GiB, 90.49% gc time, 0.00% compilation time)
Creating model stochastic structure... 12.048945 seconds (2.80 M allocations: 600.308 MiB, 97.71% gc time, 0.05% compilation time)
Adding model independent variables...
- [variable_binary_gas_connection_flow]  0.378252 seconds (2.33 M allocations: 35.611 MiB, 83.89% gc time)
- [variable_connection_flow]  3.862589 seconds (2.97 M allocations: 113.655 MiB, 95.26% gc time, 1.83% compilation time)
- [variable_connection_intact_flow]  0.183238 seconds (2.88 M allocations: 100.121 MiB, 31.22% gc time)
- [variable_connections_decommissioned]  0.065649 seconds (2.34 M allocations: 36.350 MiB, 12.38% gc time)
- [variable_connections_invested] 15.359918 seconds (20.61 M allocations: 1.676 GiB, 90.78% gc time)
- [variable_connections_invested_available] 10.994165 seconds (21.51 M allocations: 1.723 GiB, 86.60% gc time, 0.09% compilation time)
- [variable_min_capacity_margin_slack]  0.099600 seconds (2.33 M allocations: 35.578 MiB)
- [variable_node_injection]  0.137480 seconds (2.62 M allocations: 65.270 MiB, 21.10% gc time)
- [variable_node_pressure]  0.067195 seconds (2.33 M allocations: 35.581 MiB, 16.36% gc time)
- [variable_node_slack_neg]  0.079492 seconds (2.62 M allocations: 62.402 MiB, 7.67% gc time)
- [variable_node_slack_pos]  0.106138 seconds (2.62 M allocations: 62.404 MiB, 26.95% gc time)
- [variable_node_state]  0.087396 seconds (2.40 M allocations: 41.603 MiB, 17.96% gc time, 9.64% compilation time)
- [variable_node_voltage_angle]  0.054863 seconds (2.33 M allocations: 35.580 MiB)
- [variable_nonspin_units_shut_down]  0.070468 seconds (2.33 M allocations: 35.591 MiB, 19.82% gc time)
- [variable_nonspin_units_started_up]  0.062483 seconds (2.33 M allocations: 35.586 MiB, 7.89% gc time)
- [variable_storages_decommissioned]  0.065266 seconds (2.33 M allocations: 35.756 MiB, 8.10% gc time)
- [variable_storages_invested]  0.383957 seconds (4.37 M allocations: 254.470 MiB, 32.93% gc time, 1.83% compilation time)
- [variable_storages_invested_available]  0.679796 seconds (4.37 M allocations: 254.482 MiB, 63.57% gc time)
- [variable_unit_flow]  4.189405 seconds (3.19 M allocations: 218.076 MiB, 95.61% gc time, 1.07% compilation time)
- [variable_unit_flow_op]  0.074575 seconds (2.45 M allocations: 50.780 MiB, 8.82% gc time)
- [variable_unit_flow_op_active]  0.103309 seconds (2.47 M allocations: 53.233 MiB, 22.51% gc time)
- [variable_units_invested] 11.201929 seconds (21.85 M allocations: 1.731 GiB, 86.58% gc time)
- [variable_units_invested_available] 14.959652 seconds (22.79 M allocations: 1.782 GiB, 90.14% gc time, 0.05% compilation time)
- [variable_units_mothballed]  0.076065 seconds (2.34 M allocations: 36.705 MiB, 17.49% gc time)
- [variable_units_on]  0.107581 seconds (2.65 M allocations: 65.123 MiB, 9.45% gc time)
- [variable_units_out_of_service]  0.083367 seconds (2.33 M allocations: 35.579 MiB, 20.69% gc time)
- [variable_units_returned_to_service]  0.080724 seconds (2.33 M allocations: 35.577 MiB, 13.38% gc time)
- [variable_units_shut_down]  0.076281 seconds (2.36 M allocations: 38.093 MiB, 8.29% gc time)
- [variable_units_started_up]  0.082497 seconds (2.35 M allocations: 37.411 MiB, 15.63% gc time)
- [variable_units_taken_out_of_service]  0.071167 seconds (2.33 M allocations: 35.578 MiB, 16.72% gc time)
- [variable_user_constraint_slack_neg]  0.068484 seconds (2.33 M allocations: 35.569 MiB)
- [variable_user_constraint_slack_pos]  0.076556 seconds (2.33 M allocations: 35.569 MiB, 13.90% gc time)
 64.014672 seconds (159.72 M allocations: 8.784 GiB, 86.72% gc time, 0.23% compilation time)
Adding model dependent variables...
- [variable_connection_flow]  0.007508 seconds (96.74 k allocations: 7.673 MiB)
- [variable_unit_flow]  0.027765 seconds (161.36 k allocations: 14.307 MiB, 40.10% gc time)
  0.036408 seconds (258.39 k allocations: 21.999 MiB, 30.58% gc time)
Adding model expressions...
- [expression_capacity_margin]  0.000038 seconds (33 allocations: 2.797 KiB)
  0.000325 seconds (118 allocations: 7.859 KiB)
Adding model constraints...
- [constraint_candidate_connection_flow_lb]  0.000113 seconds (70 allocations: 4.203 KiB)
- [constraint_candidate_connection_flow_ub]  0.000094 seconds (71 allocations: 4.062 KiB)
- [constraint_compression_ratio]  0.000072 seconds (47 allocations: 4.500 KiB)
- [constraint_connection_flow_capacity]  0.096505 seconds (601.00 k allocations: 63.387 MiB, 30.05% gc time, 0.27% compilation time)
- [constraint_connection_flow_gas_capacity]  0.000065 seconds (49 allocations: 5.453 KiB)
- [constraint_connection_flow_intact_flow]  0.000059 seconds (39 allocations: 3.094 KiB)
- [constraint_connection_flow_lodf]  0.000082 seconds (58 allocations: 3.891 KiB)
- [constraint_connection_intact_flow_capacity]  0.000097 seconds (81 allocations: 5.250 KiB)
- [constraint_connection_intact_flow_ptdf]  0.000037 seconds (25 allocations: 2.250 KiB)
- [constraint_connection_lifetime]129.626061 seconds (134.52 M allocations: 30.561 GiB, 92.47% gc time, 0.01% compilation time)
- [constraint_connection_unitary_gas_flow]  0.000061 seconds (46 allocations: 4.203 KiB)
- [constraint_connections_invested_available]  0.000436 seconds (1.12 k allocations: 111.641 KiB)
- [constraint_connections_invested_transition]  0.001226 seconds (8.09 k allocations: 638.484 KiB)
- [constraint_cyclic_node_state]  0.006266 seconds (1.75 k allocations: 127.469 KiB, 96.90% compilation time)
- [constraint_fix_node_pressure_point]  0.000055 seconds (47 allocations: 4.500 KiB)
- [constraint_fix_ratio_in_in_unit_flow]  0.007464 seconds (55.05 k allocations: 6.186 MiB)
- [constraint_fix_ratio_in_out_unit_flow]  0.000388 seconds (3.04 k allocations: 275.234 KiB)
- [constraint_fix_ratio_out_in_connection_flow]  0.014870 seconds (47.43 k allocations: 4.201 MiB, 59.72% compilation time)
- [constraint_fix_ratio_out_in_unit_flow]  0.000098 seconds (100 allocations: 19.781 KiB)
- [constraint_fix_ratio_out_out_unit_flow]  0.000251 seconds (754 allocations: 76.422 KiB)
- [constraint_investment_group_equal_investments]  0.000088 seconds (100 allocations: 7.219 KiB)
- [constraint_investment_group_maximum_capacity_invested_available]  0.000083 seconds (22 allocations: 1.875 KiB)
- [constraint_investment_group_maximum_entities_invested_available]  0.000046 seconds (22 allocations: 1.875 KiB)
- [constraint_investment_group_minimum_capacity_invested_available]  0.000027 seconds (22 allocations: 2.125 KiB)
- [constraint_investment_group_minimum_entities_invested_available]  0.000028 seconds (21 allocations: 1.828 KiB)
- [constraint_max_node_pressure]  0.000067 seconds (90 allocations: 6.852 KiB)
- [constraint_max_node_voltage_angle]  0.000069 seconds (112 allocations: 8.430 KiB)
- [constraint_max_ratio_in_in_unit_flow]  0.000071 seconds (100 allocations: 19.781 KiB)
- [constraint_max_ratio_in_out_unit_flow]  0.000057 seconds (100 allocations: 19.781 KiB)
- [constraint_max_ratio_out_in_connection_flow]  0.000063 seconds (65 allocations: 5.531 KiB)
- [constraint_max_ratio_out_in_unit_flow]  0.000048 seconds (100 allocations: 19.781 KiB)
- [constraint_max_ratio_out_out_unit_flow]  0.000124 seconds (100 allocations: 19.781 KiB)
- [constraint_max_total_cumulated_unit_flow_from_node]  0.000047 seconds (53 allocations: 4.984 KiB)
- [constraint_max_total_cumulated_unit_flow_to_node]  0.000038 seconds (50 allocations: 4.500 KiB)
- [constraint_min_capacity_margin]  0.000038 seconds (40 allocations: 3.016 KiB)
- [constraint_min_down_time]  0.068008 seconds (349.25 k allocations: 33.020 MiB, 31.28% gc time, 26.30% compilation time)
- [constraint_min_node_pressure]  0.000074 seconds (93 allocations: 11.430 KiB)
- [constraint_min_node_voltage_angle]  0.000063 seconds (111 allocations: 8.133 KiB)
- [constraint_min_ratio_in_in_unit_flow]  0.000098 seconds (101 allocations: 20.078 KiB)
- [constraint_min_ratio_in_out_unit_flow]  0.000079 seconds (100 allocations: 19.781 KiB)
- [constraint_min_ratio_out_in_connection_flow]  0.000056 seconds (64 allocations: 5.234 KiB)
- [constraint_min_ratio_out_in_unit_flow]  0.000075 seconds (101 allocations: 20.078 KiB)
- [constraint_min_ratio_out_out_unit_flow]  0.000056 seconds (100 allocations: 19.781 KiB)
- [constraint_min_scheduled_outage_duration]  0.000041 seconds (33 allocations: 2.562 KiB)
- [constraint_min_total_cumulated_unit_flow_from_node]  0.000042 seconds (53 allocations: 4.984 KiB)
- [constraint_min_total_cumulated_unit_flow_to_node]  0.000034 seconds (50 allocations: 4.500 KiB)
- [constraint_min_up_time]  0.004317 seconds (46.39 k allocations: 3.636 MiB)
- [constraint_minimum_operating_point]  0.003617 seconds (48.65 k allocations: 4.885 MiB)
- [constraint_nodal_balance]  0.012106 seconds (193.91 k allocations: 19.441 MiB)
- [constraint_node_injection]  0.090088 seconds (645.55 k allocations: 59.192 MiB, 42.00% gc time)
- [constraint_node_state_capacity]  0.007809 seconds (97.44 k allocations: 8.031 MiB)
- [constraint_node_voltage_angle]  0.000048 seconds (30 allocations: 2.375 KiB)
- [constraint_non_spinning_reserves_lower_bound]  0.000175 seconds (317 allocations: 29.719 KiB)
- [constraint_non_spinning_reserves_shut_down_upper_bound]  0.000078 seconds (327 allocations: 30.906 KiB)
- [constraint_non_spinning_reserves_start_up_upper_bound]  0.000065 seconds (326 allocations: 30.609 KiB)
- [constraint_operating_point_bounds]  0.113972 seconds (1.01 M allocations: 151.111 MiB, 36.72% gc time)
- [constraint_operating_point_rank]  0.018340 seconds (26.83 k allocations: 3.806 MiB, 83.67% gc time)
- [constraint_ramp_down]  0.037845 seconds (125.25 k allocations: 12.735 MiB, 72.10% compilation time)
- [constraint_ramp_up]  0.007129 seconds (121.60 k allocations: 12.479 MiB)
- [constraint_ratio_out_in_connection_intact_flow]  0.000100 seconds (39 allocations: 3.094 KiB)
- [constraint_storage_lifetime] 19.270001 seconds (18.90 M allocations: 3.516 GiB, 93.52% gc time, 0.04% compilation time)
- [constraint_storage_line_pack]  0.000188 seconds (47 allocations: 4.250 KiB)
- [constraint_storages_invested_available]  0.000397 seconds (358 allocations: 37.172 KiB)
- [constraint_storages_invested_transition]  0.000489 seconds (1.52 k allocations: 143.516 KiB)
- [constraint_unit_flow_capacity]  0.040123 seconds (347.22 k allocations: 29.969 MiB, 30.71% gc time)
- [constraint_unit_flow_op_bounds]  0.013477 seconds (68.45 k allocations: 8.372 MiB, 61.19% compilation time)
- [constraint_unit_flow_op_rank]  0.004161 seconds (61.25 k allocations: 7.782 MiB)
- [constraint_unit_flow_op_sum]  0.001433 seconds (8.36 k allocations: 947.914 KiB)
- [constraint_unit_lifetime]118.829103 seconds (128.74 M allocations: 26.016 GiB, 93.01% gc time)
- [constraint_unit_state_transition]  0.002717 seconds (21.48 k allocations: 2.202 MiB)
- [constraint_units_available]  0.070418 seconds (670.39 k allocations: 50.295 MiB, 41.24% gc time)
- [constraint_units_invested_available]  0.000458 seconds (1.65 k allocations: 192.094 KiB)
- [constraint_units_invested_transition]  0.002310 seconds (15.41 k allocations: 1.155 MiB)
- [constraint_units_out_of_service_contiguity]  0.000039 seconds (33 allocations: 2.562 KiB)
- [constraint_units_out_of_service_transition]  0.000055 seconds (53 allocations: 4.289 KiB)
- [constraint_user_constraint]  0.069267 seconds (225.80 k allocations: 21.214 MiB, 60.39% compilation time)
268.525447 seconds (287.79 M allocations: 60.646 GiB, 92.58% gc time, 0.05% compilation time)
Setting model objective...  0.094288 seconds (428.35 k allocations: 33.364 MiB, 23.00% gc time, 42.98% compilation time)
Build complete. Started at 2026-02-03T11:21:11.383, ended at 2026-02-03T11:30:24.557, elapsed time: 9 minutes, 13 seconds, 174 milliseconds
Solve started at 2026-02-03T11:30:24.557
model - window 1 of 1: 2019-01-01T00:00~(1 day, 23 hours)~>2019-01-02T23:00
Optimizing model...Running HiGHS 1.11.0 (git hash: 364c83a51e): Copyright (c) 2025 HiGHS under MIT licence terms
MIP  has 6603 rows; 331147 cols; 153892 nonzeros; 238 integer variables (0 binary)
Coefficient ranges:
  Matrix [6e-03, 1e+05]
  Cost   [1e-03, 2e+09]
  Bound  [1e+00, 1e+03]
  RHS    [1e+00, 1e+02]
Presolving model
3252 rows, 4023 cols, 10523 nonzeros  0s
2292 rows, 3123 cols, 9135 nonzeros  0s
1989 rows, 2924 cols, 7493 nonzeros  0s
Solving MIP model with:
   1989 rows
   2924 cols (47 binary, 0 integer, 0 implied int., 2877 continuous, 0 domain fixed)
   7493 nonzeros
Src: B => Branching; C => Central rounding; F => Feasibility pump; J => Feasibility jump;
     H => Heuristic; L => Sub-MIP; P => Empty MIP; R => Randomized rounding; Z => ZI Round;
     I => Shifting; S => Solve LP; T => Evaluate node; U => Unbounded; X => User solution;
     z => Trivial zero; l => Trivial lower; u => Trivial upper; p => Trivial point
        Nodes      |    B&B Tree     |            Objective Bounds              |  Dynamic Constraints |       Work
Src  Proc. InQueue |  Leaves   Expl. | BestBound       BestSol              Gap |   Cuts   InLp Confl. | LpIters     Time
         0       0         0   0.00%   -3462885.925176 inf                  inf        0      0      0         0     0.1s
 R       0       0         0   0.00%   325197.242854   202729828.9356    99.84%        0      0      0      1538     0.2s
 S       0       0         0   0.00%   325202.077294   325607.360351      0.12%     1487      6      0      1572     0.4s
         1       0         1 100.00%   325607.360351   325607.360351      0.00%     1487      6      1      1594     0.4s
Solving report
  Status            Optimal
  Primal bound      325607.360351
  Dual bound        325607.360351
  Gap               0% (tolerance: 0%)
  P-D integral      0.145252386968
  Solution status   feasible
                    325607.360351 (objective)
                    0 (bound viol.)
                    5.55111512313e-16 (int. viol.)
                    0 (row viol.)
  Timing            0.43 (total)
                    0.00 (presolve)
                    0.00 (solve)
                    0.00 (postsolve)
  Max sub-MIP depth 0
  Nodes             1
  Repair LPs        0 (0 feasible; 0 iterations)
  LP iterations     1594 (total)
                    0 (strong br.)
                    43 (separation)
                    13 (heuristics)
  4.696485 seconds (688.75 k allocations: 122.832 MiB, 87.97% gc time)
Optimal solution found, objective function value: 325607.36035055463
Saving model results...  0.235288 seconds (2.60 M allocations: 106.706 MiB, 17.58% gc time)
Postprocessing model results...  0.000050 seconds (51 allocations: 4.297 KiB)
Saving model outputs...  8.540055 seconds (5.69 M allocations: 445.428 MiB, 94.90% gc time)
Rolling model temporal structure...  0.000076 seconds (46 allocations: 2.438 KiB)
Rolling complete
Solve complete. Started at 2026-02-03T11:30:24.557, ended at 2026-02-03T11:30:38.038, elapsed time: 13 seconds, 481 milliseconds
Time summary:
Action                              │ min      │ max      │ avg
────────────────────────────────────┼──────────┼──────────┼─────────
Postprocessing model results...     │ 5.0e-5   │ 5.0e-5   │ 5.0e-5
Rolling model temporal structure... │ 7.6e-5   │ 7.6e-5   │ 7.6e-5
Saving model results...             │ 0.235288 │ 0.235288 │ 0.235288
Optimizing model...                 │ 4.696485 │ 4.696485 │ 4.696485
Saving model outputs...             │ 8.540055 │ 8.540055 │ 8.540055
Writing report to sqlite:///C:\Users\jfg.eco\Documents\Nord_H2ub\Spine_Projects\02_basic_energy_model\.spinetoolbox\items\outputtest\OutputTest.sqlite?spinedbfilter=cfg%3Aexecution%3A%7B%22execution_item%22%3A+%22Run+SpineOpt%22%2C+%22scenarios%22%3A+%5B%5D%2C+%22timestamp%22%3A+%222026-02-03T11%3A21%3A07%22%7D...  0.622433 seconds (102.81 k allocations: 8.829 MiB)
Execution complete. Started at 2026-02-03T11:21:09.836, ended at 2026-02-03T11:30:39.019, elapsed time: 9 minutes, 29 seconds, 183 milliseconds
A JuMP Model
├ solver: HiGHS
├ objective_sense: MIN_SENSE
│ └ objective_function_type: JuMP.AffExpr
├ num_variables: 331147
├ num_constraints: 337216
│ ├ JuMP.AffExpr in MOI.EqualTo{Float64}: 1812
│ ├ JuMP.AffExpr in MOI.GreaterThan{Float64}: 1667
│ ├ JuMP.AffExpr in MOI.LessThan{Float64}: 3124
│ ├ JuMP.VariableRef in MOI.EqualTo{Float64}: 27
│ ├ JuMP.VariableRef in MOI.GreaterThan{Float64}: 330205
│ ├ JuMP.VariableRef in MOI.LessThan{Float64}: 143
│ └ JuMP.VariableRef in MOI.Integer: 238
└ Names registered in the model: none
