### Spine execution log file
### Item name: Run SpineOpt
### Filter id: 
### Part: 1

# Running julia run_spineopt.jl http://127.0.0.1:62495 http://127.0.0.1:62497
2-element Vector{String}:
 "http://127.0.0.1:62495"
 "http://127.0.0.1:62497"
Running SpineOpt...
[SpineOpt version 0.8.3 (git hash: N/A)]
[SpineInterface version 0.14.8 (git hash: N/A)]
Execution started at 2026-01-22T16:56:18.751
Reading input data from sqlite:///C:\Users\jfg.eco\Documents\GitHub\Nord_H2ub\Spine_Projects\02_basic_energy_model\.spinetoolbox\items\input\Input.sqlite...
Initializing base data structure from db...  0.402969 seconds (302.39 k allocations: 49.099 MiB)
Preprocessing base data structure...  0.063553 seconds (33.40 k allocations: 2.467 MiB, 55.69% compilation time)
Checking base data structure...  0.011690 seconds (5.68 k allocations: 472.875 KiB, 91.84% compilation time)
[ Info: the last time slice of temporal block Default_Investment_period has been cut to fit within the block
[ Info: the last time slice of temporal block daily has been cut to fit within the block
Creating model temporal structure...320.723451 seconds (432.64 M allocations: 21.736 GiB, 86.82% gc time, 0.00% compilation time)
Creating model stochastic structure... 13.802415 seconds (2.80 M allocations: 638.009 MiB, 97.23% gc time, 0.09% compilation time)
Adding model variables...
- [variable_binary_gas_connection_flow]  0.068128 seconds (2.33 M allocations: 35.589 MiB)
- [variable_connection_flow]  0.198455 seconds (2.73 M allocations: 82.669 MiB, 44.95% compilation time)
- [variable_connection_intact_flow]  0.077054 seconds (2.45 M allocations: 51.281 MiB)
- [variable_connections_decommissioned]  0.054685 seconds (2.33 M allocations: 35.774 MiB)
- [variable_connections_invested]  1.056529 seconds (12.00 M allocations: 1.003 GiB, 22.35% gc time)
- [variable_connections_invested_available]  1.959191 seconds (18.60 M allocations: 1.489 GiB, 26.07% gc time)
- [variable_min_capacity_margin_slack]  0.054780 seconds (2.33 M allocations: 35.566 MiB)
- [variable_node_injection]  0.064367 seconds (2.41 M allocations: 44.605 MiB)
- [variable_node_pressure]  0.053340 seconds (2.33 M allocations: 35.569 MiB)
- [variable_node_slack_neg]  0.063698 seconds (2.40 M allocations: 42.047 MiB)
- [variable_node_slack_pos]  0.079964 seconds (2.39 M allocations: 42.041 MiB)
- [variable_node_state]  0.099715 seconds (2.37 M allocations: 39.019 MiB, 12.15% compilation time)
- [variable_node_voltage_angle]  0.101958 seconds (2.33 M allocations: 35.569 MiB)
- [variable_nonspin_units_shut_down]  0.076615 seconds (2.33 M allocations: 35.588 MiB)
- [variable_nonspin_units_started_up]  0.075161 seconds (2.33 M allocations: 35.577 MiB)
- [variable_storages_decommissioned]  0.066916 seconds (2.33 M allocations: 35.644 MiB)
- [variable_storages_invested]  0.231632 seconds (3.90 M allocations: 232.738 MiB, 3.74% compilation time)
- [variable_storages_invested_available]  0.269427 seconds (4.78 M allocations: 301.305 MiB)
- [variable_unit_flow]  0.214322 seconds (2.77 M allocations: 87.890 MiB, 47.19% compilation time)
- [variable_unit_flow_op]  0.075330 seconds (2.36 M allocations: 39.909 MiB)
- [variable_unit_flow_op_active]  0.319864 seconds (2.37 M allocations: 41.004 MiB, 73.76% gc time)
- [variable_units_invested]  0.744104 seconds (11.46 M allocations: 942.703 MiB)
- [variable_units_invested_available]  5.382562 seconds (17.62 M allocations: 1.370 GiB, 74.53% gc time)
- [variable_units_mothballed]  0.076827 seconds (2.33 M allocations: 35.832 MiB)
- [variable_units_on]  0.081268 seconds (2.44 M allocations: 45.643 MiB)
- [variable_units_out_of_service]  0.063462 seconds (2.33 M allocations: 35.569 MiB)
- [variable_units_returned_to_service]  0.062744 seconds (2.33 M allocations: 35.567 MiB)
- [variable_units_shut_down]  0.065624 seconds (2.34 M allocations: 36.809 MiB)
- [variable_units_started_up]  0.072685 seconds (2.34 M allocations: 36.263 MiB)
- [variable_units_taken_out_of_service]  0.077377 seconds (2.33 M allocations: 35.568 MiB)
- [variable_user_constraint_slack_neg]  0.074310 seconds (2.33 M allocations: 35.565 MiB)
- [variable_user_constraint_slack_pos]  0.074070 seconds (2.33 M allocations: 35.565 MiB)
 12.051399 seconds (130.39 M allocations: 6.370 GiB, 41.44% gc time, 1.75% compilation time)
Adding model expressions...
- [expression_capacity_margin]  0.000041 seconds (30 allocations: 2.562 KiB)
  0.000276 seconds (86 allocations: 6.062 KiB)
Adding model constraints...
- [constraint_candidate_connection_flow_lb]  0.000208 seconds (72 allocations: 4.219 KiB)
- [constraint_candidate_connection_flow_ub]  0.000119 seconds (71 allocations: 4.016 KiB)
- [constraint_compression_ratio]  0.000033 seconds (38 allocations: 3.438 KiB)
- [constraint_connection_flow_capacity]  0.069343 seconds (452.86 k allocations: 49.195 MiB, 22.46% compilation time)
- [constraint_connection_flow_gas_capacity]  0.000140 seconds (38 allocations: 3.438 KiB)
- [constraint_connection_flow_intact_flow]  0.000073 seconds (38 allocations: 2.750 KiB)
- [constraint_connection_flow_lodf]  0.000095 seconds (58 allocations: 3.875 KiB)
- [constraint_connection_intact_flow_capacity]  0.000178 seconds (83 allocations: 5.266 KiB)
- [constraint_connection_intact_flow_ptdf]  0.000100 seconds (24 allocations: 1.922 KiB)
- [constraint_connection_lifetime] 87.057816 seconds (104.08 M allocations: 11.138 GiB, 91.51% gc time, 0.01% compilation time)
- [constraint_connection_unitary_gas_flow]  0.000049 seconds (41 allocations: 4.688 KiB)
- [constraint_connections_invested_available]  0.011101 seconds (875 allocations: 87.766 KiB, 95.58% gc time)
- [constraint_connections_invested_transition]  0.000922 seconds (4.99 k allocations: 427.531 KiB)
- [constraint_cyclic_node_state]  0.008012 seconds (1.69 k allocations: 122.578 KiB, 97.79% compilation time)
- [constraint_fix_node_pressure_point]  0.000074 seconds (38 allocations: 3.438 KiB)
- [constraint_fix_ratio_in_in_unit_flow]  0.028278 seconds (181.34 k allocations: 23.633 MiB)
- [constraint_fix_ratio_in_out_unit_flow]  0.000218 seconds (1.00 k allocations: 110.875 KiB)
- [constraint_fix_ratio_out_in_connection_flow]  0.015802 seconds (13.10 k allocations: 1.243 MiB, 84.38% compilation time)
- [constraint_fix_ratio_out_in_unit_flow]  0.000170 seconds (147 allocations: 29.609 KiB)
- [constraint_fix_ratio_out_out_unit_flow]  0.021700 seconds (72.75 k allocations: 9.464 MiB)
- [constraint_investment_group_equal_investments]  0.000055 seconds (23 allocations: 1.828 KiB)
- [constraint_investment_group_maximum_capacity_invested_available]  0.000037 seconds (21 allocations: 1.797 KiB)
- [constraint_investment_group_maximum_entities_invested_available]  0.000027 seconds (21 allocations: 1.797 KiB)
- [constraint_investment_group_minimum_capacity_invested_available]  0.000032 seconds (20 allocations: 1.750 KiB)
- [constraint_investment_group_minimum_entities_invested_available]  0.000031 seconds (20 allocations: 1.750 KiB)
- [constraint_max_node_pressure]  0.000139 seconds (76 allocations: 5.156 KiB)
- [constraint_max_node_voltage_angle]  0.000099 seconds (94 allocations: 6.250 KiB)
- [constraint_max_ratio_in_in_unit_flow]  0.000140 seconds (147 allocations: 29.609 KiB)
- [constraint_max_ratio_in_out_unit_flow]  0.000095 seconds (147 allocations: 29.609 KiB)
- [constraint_max_ratio_out_in_connection_flow]  0.000047 seconds (41 allocations: 3.594 KiB)
- [constraint_max_ratio_out_in_unit_flow]  0.000131 seconds (147 allocations: 29.609 KiB)
- [constraint_max_ratio_out_out_unit_flow]  0.000090 seconds (147 allocations: 29.609 KiB)
- [constraint_max_total_cumulated_unit_flow_from_node]  0.000045 seconds (46 allocations: 4.109 KiB)
- [constraint_max_total_cumulated_unit_flow_to_node]  0.000025 seconds (42 allocations: 3.734 KiB)
- [constraint_min_capacity_margin]  0.000030 seconds (37 allocations: 2.812 KiB)
- [constraint_min_down_time]  0.097509 seconds (414.64 k allocations: 40.781 MiB, 23.22% gc time, 27.78% compilation time)
- [constraint_min_node_pressure]  0.000119 seconds (76 allocations: 5.156 KiB)
- [constraint_min_node_voltage_angle]  0.000088 seconds (94 allocations: 6.250 KiB)
- [constraint_min_ratio_in_in_unit_flow]  0.000108 seconds (147 allocations: 29.609 KiB)
- [constraint_min_ratio_in_out_unit_flow]  0.000080 seconds (147 allocations: 29.609 KiB)
- [constraint_min_ratio_out_in_connection_flow]  0.000043 seconds (41 allocations: 3.594 KiB)
- [constraint_min_ratio_out_in_unit_flow]  0.000106 seconds (147 allocations: 29.609 KiB)
- [constraint_min_ratio_out_out_unit_flow]  0.000072 seconds (150 allocations: 34.188 KiB)
- [constraint_min_scheduled_outage_duration]  0.000036 seconds (28 allocations: 2.250 KiB)
- [constraint_min_total_cumulated_unit_flow_from_node]  0.000031 seconds (46 allocations: 4.109 KiB)
- [constraint_min_total_cumulated_unit_flow_to_node]  0.000022 seconds (42 allocations: 3.734 KiB)
- [constraint_min_up_time]  0.000035 seconds (30 allocations: 2.344 KiB)
- [constraint_minimum_operating_point]  0.006582 seconds (44.30 k allocations: 4.710 MiB)
- [constraint_nodal_balance]  0.039096 seconds (153.51 k allocations: 15.428 MiB, 53.80% gc time)
- [constraint_node_injection]  0.086184 seconds (514.97 k allocations: 46.255 MiB, 24.57% gc time)
- [constraint_node_state_capacity]  0.008780 seconds (77.24 k allocations: 6.917 MiB)
- [constraint_node_voltage_angle]  0.000038 seconds (28 allocations: 2.234 KiB)
- [constraint_non_spinning_reserves_lower_bound]  0.000078 seconds (255 allocations: 23.797 KiB)
- [constraint_non_spinning_reserves_shut_down_upper_bound]  0.000071 seconds (264 allocations: 24.688 KiB)
- [constraint_non_spinning_reserves_start_up_upper_bound]  0.000055 seconds (264 allocations: 24.688 KiB)
- [constraint_operating_point_bounds]  0.844326 seconds (5.59 M allocations: 670.554 MiB, 26.51% gc time)
- [constraint_operating_point_rank]  0.005001 seconds (26.29 k allocations: 3.696 MiB)
- [constraint_ramp_down]  0.055150 seconds (202.03 k allocations: 21.413 MiB, 37.36% gc time)
- [constraint_ramp_up]  0.022629 seconds (202.02 k allocations: 21.412 MiB)
- [constraint_ratio_out_in_connection_intact_flow]  0.000172 seconds (38 allocations: 2.750 KiB)
- [constraint_storage_lifetime] 17.107861 seconds (19.19 M allocations: 2.117 GiB, 92.13% gc time, 0.05% compilation time)
- [constraint_storage_line_pack]  0.000168 seconds (39 allocations: 3.484 KiB)
- [constraint_storages_invested_available]  0.000352 seconds (345 allocations: 34.297 KiB)
- [constraint_storages_invested_transition]  0.000667 seconds (2.43 k allocations: 191.031 KiB)
- [constraint_unit_flow_capacity]  0.024615 seconds (261.03 k allocations: 23.065 MiB)
- [constraint_unit_flow_op_bounds]  0.018747 seconds (79.08 k allocations: 8.943 MiB, 55.28% compilation time)
- [constraint_unit_flow_op_rank]  0.007471 seconds (68.09 k allocations: 8.221 MiB)
- [constraint_unit_flow_op_sum]  0.001195 seconds (8.33 k allocations: 923.328 KiB)
- [constraint_unit_lifetime] 64.652660 seconds (83.69 M allocations: 9.281 GiB, 90.98% gc time)
- [constraint_unit_pw_heat_rate]  0.000085 seconds (46 allocations: 4.188 KiB)
- [constraint_unit_state_transition]  0.001999 seconds (17.35 k allocations: 1.788 MiB)
- [constraint_units_available]  0.032685 seconds (332.69 k allocations: 26.956 MiB)
- [constraint_units_invested_available]  0.000473 seconds (1.15 k allocations: 114.875 KiB)
- [constraint_units_invested_transition]  0.001325 seconds (7.38 k allocations: 602.562 KiB)
- [constraint_units_out_of_service_contiguity]  0.000132 seconds (29 allocations: 2.297 KiB)
- [constraint_units_out_of_service_transition]  0.000067 seconds (45 allocations: 3.172 KiB)
- [constraint_user_constraint]  0.125380 seconds (215.98 k allocations: 21.253 MiB, 69.40% compilation time)
170.417691 seconds (216.37 M allocations: 23.553 GiB, 90.70% gc time, 0.10% compilation time)
Setting model objective...  0.117128 seconds (313.52 k allocations: 25.808 MiB, 65.98% compilation time)
Bringing model to the first window...  0.483034 seconds (3.26 M allocations: 120.903 MiB)
model - Window 1 of 1: 2019-01-01T00:00~(1 day, 23 hours)~>2019-01-02T23:00
Optimizing model...Running HiGHS 1.8.0 (git hash: fcfb53414): Copyright (c) 2024 HiGHS under MIT licence terms
Coefficient ranges:
  Matrix [7e-04, 1e+05]
  Cost   [1e-03, 2e+09]
  Bound  [4e-01, 1e+05]
  RHS    [1e+00, 1e+02]
Presolving model
13728 rows, 3354 cols, 31093 nonzeros  0s
1948 rows, 2580 cols, 7807 nonzeros  0s
1847 rows, 2514 cols, 7058 nonzeros  0s
Solving MIP model with:
   1847 rows
   2514 cols (85 binary, 8 integer, 0 implied int., 2421 continuous)
   7058 nonzeros
        Nodes      |    B&B Tree     |            Objective Bounds              |  Dynamic Constraints |       Work
     Proc. InQueue |  Leaves   Expl. | BestBound       BestSol              Gap |   Cuts   InLp Confl. | LpIters     Time
         0       0         0   0.00%   -2259048.263646 inf                  inf        0      0      0         0     0.1s
 R       0       0         0   0.00%   275071.816366   3147763967.742    99.99%        0      0      0      1402     0.2s
 L       0       0         0   0.00%   275234.99766    275481.933863      0.09%      544      5      0      1432     0.4s
 L       0       0         0   0.00%   275234.99766    275481.933863      0.09%      544      5      0      1470     0.9s
43.0% inactive integer columns, restarting
Model after restart has 1807 rows, 2457 cols (36 bin., 0 int., 0 impl., 2421 cont.), and 6341 nonzeros
         0       0         0   0.00%   275234.99766    275481.933863      0.09%        4      0      0      1802     0.9s
         0       0         0   0.00%   275234.99766    275481.933863      0.09%        4      4      0      1856     1.0s
 L       0       0         0   0.00%   275234.99766    275481.933863      0.09%        4      4      0      1856     1.8s
 L       0       0         0   0.00%   275234.99766    275481.933863      0.09%        4      4      0      2061     2.2s
         1       0         1 100.00%   275481.933863   275481.933863      0.00%        5      4      3      2467     2.5s
Solving report
  Status            Optimal
  Primal bound      275481.933863
  Dual bound        275481.933863
  Gap               0% (tolerance: 0%)
  Solution status   feasible
                    275481.933863 (objective)
                    0 (bound viol.)
                    0 (int. viol.)
                    0 (row viol.)
  Timing            2.51 (total)
                    0.10 (presolve)
                    0.00 (postsolve)
  Nodes             1
  LP iterations     2467 (total)
                    17 (strong br.)
                    30 (separation)
                    959 (heuristics)
  3.823507 seconds (1.60 M allocations: 152.928 MiB)
Optimal solution found, objective function value: 275481.93386310944
Saving model results...  6.241272 seconds (4.66 M allocations: 359.494 MiB, 93.48% gc time)
Postprocessing model results...  0.000844 seconds (51 allocations: 4.281 KiB)
Saving model outputs...  3.944349 seconds (1.75 M allocations: 149.531 MiB, 96.09% gc time, 0.24% compilation time)
model - Rolling temporal structure...
  0.000091 seconds (46 allocations: 2.391 KiB)
model ... Rolling complete
Writing report to sqlite:///C:\Users\jfg.eco\Documents\GitHub\Nord_H2ub\Spine_Projects\02_basic_energy_model\.spinetoolbox\items\outputtest\OutputTest.sqlite?spinedbfilter=cfg%3Aexecution%3A%7B%22execution_item%22%3A+%22Run+SpineOpt%22%2C+%22scenarios%22%3A+%5B%5D%2C+%22timestamp%22%3A+%222026-01-22T16%3A56%3A16%22%7D...  0.394770 seconds (81.68 k allocations: 7.046 MiB)
Execution complete. Started at 2026-01-22T16:56:18.751, ended at 2026-01-22T17:05:11.289, elapsed time: 8 minutes, 52 seconds, 538 milliseconds
A JuMP Model
├ solver: HiGHS
├ objective_sense: MIN_SENSE
│ └ objective_function_type: JuMP.AffExpr
├ num_variables: 240544
├ num_constraints: 256571
│ ├ JuMP.AffExpr in MOI.EqualTo{Float64}: 1808
│ ├ JuMP.AffExpr in MOI.GreaterThan{Float64}: 298
│ ├ JuMP.AffExpr in MOI.LessThan{Float64}: 13458
│ ├ JuMP.VariableRef in MOI.EqualTo{Float64}: 21
│ ├ JuMP.VariableRef in MOI.GreaterThan{Float64}: 239752
│ ├ JuMP.VariableRef in MOI.LessThan{Float64}: 996
│ └ JuMP.VariableRef in MOI.Integer: 238
└ Names registered in the model: none
