### Spine execution log file
### Item name: Run SpineOpt
### Filter id: 
### Part: 1

# Running julia run_spineopt.jl http://127.0.0.1:57388 http://127.0.0.1:57391
2-element Vector{String}:
 "http://127.0.0.1:57388"
 "http://127.0.0.1:57391"
Running SpineOpt...
[SpineOpt version 0.10.2 (git hash: N/A)]
[SpineInterface version 0.15.2 (git hash: N/A)]
Execution started at 2026-01-13T16:43:12.952
Reading input data from sqlite:///C:\Users\jfg.eco\Documents\Nord_H2ub\Spine_Projects\02_basic_energy_model\.spinetoolbox\items\input\Input.sqlite...
Initializing  data structure from db...  0.438313 seconds (322.31 k allocations: 45.363 MiB, 8.29% gc time)
Preprocessing  data structure...  0.071999 seconds (34.22 k allocations: 2.518 MiB, 59.93% compilation time)
Checking  data structure...  0.010966 seconds (5.67 k allocations: 472.703 KiB, 93.51% compilation time)
Build started at 2026-01-13T16:43:13.554
Creating model temporal structure...[ Info: the last time slice of temporal block Default_Investment_period has been cut to fit within the block
[ Info: the last time slice of temporal block daily has been cut to fit within the block
239.849321 seconds (433.57 M allocations: 20.769 GiB, 90.99% gc time, 0.00% compilation time)
Creating model stochastic structure... 17.458804 seconds (2.80 M allocations: 600.251 MiB, 98.33% gc time, 0.05% compilation time)
Adding model independent variables...
- [variable_binary_gas_connection_flow]  0.412497 seconds (2.33 M allocations: 35.609 MiB, 81.04% gc time)
- [variable_connection_flow]  4.205688 seconds (2.83 M allocations: 94.750 MiB, 95.40% gc time, 1.74% compilation time)
- [variable_connection_intact_flow]  0.168038 seconds (2.74 M allocations: 85.066 MiB, 35.57% gc time)
- [variable_connections_decommissioned]  0.106403 seconds (2.34 M allocations: 36.097 MiB, 23.69% gc time)
- [variable_connections_invested]  6.160275 seconds (15.84 M allocations: 1.282 GiB, 84.36% gc time)
- [variable_connections_invested_available] 14.343311 seconds (16.51 M allocations: 1.319 GiB, 92.89% gc time, 0.05% compilation time)
- [variable_min_capacity_margin_slack]  0.101553 seconds (2.33 M allocations: 35.577 MiB, 22.62% gc time)
- [variable_node_injection]  0.117682 seconds (2.57 M allocations: 60.691 MiB, 17.90% gc time)
- [variable_node_pressure]  0.105889 seconds (2.33 M allocations: 35.580 MiB, 25.93% gc time)
- [variable_node_slack_neg]  0.111531 seconds (2.55 M allocations: 56.383 MiB, 17.89% gc time)
- [variable_node_slack_pos]  0.122120 seconds (2.55 M allocations: 56.385 MiB, 22.66% gc time)
- [variable_node_state]  0.121528 seconds (2.40 M allocations: 41.585 MiB, 22.81% gc time, 7.42% compilation time)
- [variable_node_voltage_angle]  0.106527 seconds (2.33 M allocations: 35.579 MiB, 27.44% gc time)
- [variable_nonspin_units_shut_down]  0.100454 seconds (2.33 M allocations: 35.589 MiB, 23.11% gc time)
- [variable_nonspin_units_started_up]  0.094281 seconds (2.33 M allocations: 35.583 MiB, 18.20% gc time)
- [variable_storages_decommissioned]  0.094230 seconds (2.33 M allocations: 35.755 MiB, 19.41% gc time)
- [variable_storages_invested]  0.358646 seconds (4.37 M allocations: 254.477 MiB, 35.84% gc time, 2.32% compilation time)
- [variable_storages_invested_available]  0.401388 seconds (4.37 M allocations: 254.485 MiB, 43.80% gc time)
- [variable_unit_flow]  4.644487 seconds (2.99 M allocations: 154.386 MiB, 95.63% gc time, 1.07% compilation time)
- [variable_unit_flow_op]  0.111133 seconds (2.45 M allocations: 50.735 MiB, 21.52% gc time)
- [variable_unit_flow_op_active]  0.115802 seconds (2.47 M allocations: 53.191 MiB, 23.69% gc time)
- [variable_units_invested]  6.048975 seconds (15.16 M allocations: 1.191 GiB, 84.91% gc time)
- [variable_units_invested_available] 10.616080 seconds (15.79 M allocations: 1.221 GiB, 90.99% gc time, 0.07% compilation time)
- [variable_units_mothballed]  4.228102 seconds (2.34 M allocations: 36.273 MiB, 98.14% gc time)
- [variable_units_on]  0.115938 seconds (2.54 M allocations: 54.889 MiB, 18.61% gc time)
- [variable_units_out_of_service]  0.107518 seconds (2.33 M allocations: 35.575 MiB, 27.94% gc time)
- [variable_units_returned_to_service]  0.099576 seconds (2.33 M allocations: 35.573 MiB, 22.74% gc time)
- [variable_units_shut_down]  0.097628 seconds (2.36 M allocations: 38.044 MiB, 18.84% gc time)
- [variable_units_started_up]  0.101302 seconds (2.35 M allocations: 37.362 MiB, 21.05% gc time)
- [variable_units_taken_out_of_service]  0.075499 seconds (2.33 M allocations: 35.574 MiB)
- [variable_user_constraint_slack_neg]  0.099814 seconds (2.33 M allocations: 35.569 MiB, 23.54% gc time)
- [variable_user_constraint_slack_pos]  0.097659 seconds (2.33 M allocations: 35.569 MiB, 20.77% gc time)
 53.809634 seconds (135.47 M allocations: 6.763 GiB, 87.51% gc time, 0.29% compilation time)
Adding model dependent variables...
- [variable_connection_flow]  0.007055 seconds (64.95 k allocations: 6.029 MiB)
- [variable_unit_flow]  0.034694 seconds (129.60 k allocations: 12.383 MiB, 64.62% gc time)
  0.042827 seconds (194.85 k allocations: 18.432 MiB, 52.35% gc time)
Adding model expressions...
- [expression_capacity_margin]  0.000048 seconds (30 allocations: 2.609 KiB)
  0.000633 seconds (120 allocations: 7.984 KiB)
Adding model constraints...
- [constraint_candidate_connection_flow_lb]  0.000118 seconds (70 allocations: 4.188 KiB)
- [constraint_candidate_connection_flow_ub]  0.000093 seconds (71 allocations: 4.047 KiB)
- [constraint_compression_ratio]  0.000078 seconds (38 allocations: 3.453 KiB)
- [constraint_connection_flow_capacity]  0.075939 seconds (456.38 k allocations: 48.376 MiB, 36.55% gc time, 11.89% compilation time)
- [constraint_connection_flow_gas_capacity]  0.000087 seconds (41 allocations: 4.703 KiB)
- [constraint_connection_flow_intact_flow]  0.000112 seconds (38 allocations: 2.781 KiB)
- [constraint_connection_flow_lodf]  0.000121 seconds (58 allocations: 3.891 KiB)
- [constraint_connection_intact_flow_capacity]  0.000141 seconds (81 allocations: 5.234 KiB)
- [constraint_connection_intact_flow_ptdf]  0.000059 seconds (24 allocations: 1.938 KiB)
- [constraint_connection_lifetime]104.750719 seconds (102.59 M allocations: 23.632 GiB, 92.94% gc time, 0.01% compilation time)
- [constraint_connection_unitary_gas_flow]  0.000101 seconds (38 allocations: 3.453 KiB)
- [constraint_connections_invested_available]  0.000470 seconds (860 allocations: 86.125 KiB)
- [constraint_connections_invested_transition]  0.001432 seconds (5.37 k allocations: 446.156 KiB)
- [constraint_cyclic_node_state]  0.006633 seconds (1.69 k allocations: 122.594 KiB, 97.29% compilation time)
- [constraint_fix_node_pressure_point]  0.000209 seconds (38 allocations: 3.453 KiB)
- [constraint_fix_ratio_in_in_unit_flow]  0.009616 seconds (54.54 k allocations: 6.133 MiB)
- [constraint_fix_ratio_in_out_unit_flow]  0.000563 seconds (2.05 k allocations: 189.453 KiB)
- [constraint_fix_ratio_out_in_connection_flow]  0.017820 seconds (46.48 k allocations: 4.125 MiB, 65.58% compilation time)
- [constraint_fix_ratio_out_in_unit_flow]  0.000114 seconds (94 allocations: 19.219 KiB)
- [constraint_fix_ratio_out_out_unit_flow]  0.000268 seconds (748 allocations: 75.859 KiB)
- [constraint_investment_group_equal_investments]  0.000039 seconds (23 allocations: 1.844 KiB)
- [constraint_investment_group_maximum_capacity_invested_available]  0.000034 seconds (21 allocations: 1.812 KiB)
- [constraint_investment_group_maximum_entities_invested_available]  0.000031 seconds (21 allocations: 1.812 KiB)
- [constraint_investment_group_minimum_capacity_invested_available]  0.000029 seconds (20 allocations: 1.766 KiB)
- [constraint_investment_group_minimum_entities_invested_available]  0.000030 seconds (20 allocations: 1.766 KiB)
- [constraint_max_node_pressure]  0.000068 seconds (84 allocations: 6.508 KiB)
- [constraint_max_node_voltage_angle]  0.000073 seconds (102 allocations: 7.602 KiB)
- [constraint_max_ratio_in_in_unit_flow]  0.000054 seconds (94 allocations: 19.219 KiB)
- [constraint_max_ratio_in_out_unit_flow]  0.000045 seconds (94 allocations: 19.219 KiB)
- [constraint_max_ratio_out_in_connection_flow]  0.000059 seconds (56 allocations: 4.484 KiB)
- [constraint_max_ratio_out_in_unit_flow]  0.000049 seconds (94 allocations: 19.219 KiB)
- [constraint_max_ratio_out_out_unit_flow]  0.000047 seconds (94 allocations: 19.219 KiB)
- [constraint_max_total_cumulated_unit_flow_from_node]  0.000078 seconds (46 allocations: 4.125 KiB)
- [constraint_max_total_cumulated_unit_flow_to_node]  0.000033 seconds (42 allocations: 3.750 KiB)
- [constraint_min_capacity_margin]  0.000039 seconds (37 allocations: 2.828 KiB)
- [constraint_min_down_time]  0.082785 seconds (342.83 k allocations: 32.494 MiB, 33.92% gc time, 24.62% compilation time)
- [constraint_min_node_pressure]  0.000122 seconds (87 allocations: 11.086 KiB)
- [constraint_min_node_voltage_angle]  0.000058 seconds (102 allocations: 7.602 KiB)
- [constraint_min_ratio_in_in_unit_flow]  0.000098 seconds (94 allocations: 19.219 KiB)
- [constraint_min_ratio_in_out_unit_flow]  0.000057 seconds (94 allocations: 19.219 KiB)
- [constraint_min_ratio_out_in_connection_flow]  0.000076 seconds (56 allocations: 4.484 KiB)
- [constraint_min_ratio_out_in_unit_flow]  0.000048 seconds (94 allocations: 19.219 KiB)
- [constraint_min_ratio_out_out_unit_flow]  0.000051 seconds (94 allocations: 19.219 KiB)
- [constraint_min_scheduled_outage_duration]  0.000048 seconds (29 allocations: 2.312 KiB)
- [constraint_min_total_cumulated_unit_flow_from_node]  0.000043 seconds (46 allocations: 4.125 KiB)
- [constraint_min_total_cumulated_unit_flow_to_node]  0.000036 seconds (42 allocations: 3.750 KiB)
- [constraint_min_up_time]  0.004183 seconds (44.41 k allocations: 3.370 MiB)
- [constraint_minimum_operating_point]  0.004575 seconds (48.01 k allocations: 4.825 MiB)
- [constraint_nodal_balance]  0.010707 seconds (153.26 k allocations: 14.979 MiB)
- [constraint_node_injection]  0.075364 seconds (529.73 k allocations: 49.087 MiB, 40.80% gc time)
- [constraint_node_state_capacity]  0.038825 seconds (95.46 k allocations: 7.915 MiB, 66.47% gc time)
- [constraint_node_voltage_angle]  0.000043 seconds (28 allocations: 2.250 KiB)
- [constraint_non_spinning_reserves_lower_bound]  0.000131 seconds (255 allocations: 23.812 KiB)
- [constraint_non_spinning_reserves_shut_down_upper_bound]  0.000089 seconds (264 allocations: 24.703 KiB)
- [constraint_non_spinning_reserves_start_up_upper_bound]  0.000089 seconds (264 allocations: 24.703 KiB)
- [constraint_operating_point_bounds]  0.154303 seconds (999.48 k allocations: 150.356 MiB, 41.79% gc time)
- [constraint_operating_point_rank]  0.002130 seconds (26.80 k allocations: 3.803 MiB)
- [constraint_ramp_down]  0.040038 seconds (121.97 k allocations: 12.318 MiB, 69.53% compilation time)
- [constraint_ramp_up]  0.046463 seconds (118.32 k allocations: 12.062 MiB, 66.98% gc time)
- [constraint_ratio_out_in_connection_intact_flow]  0.000064 seconds (38 allocations: 2.781 KiB)
- [constraint_storage_lifetime] 21.098678 seconds (18.90 M allocations: 3.515 GiB, 93.98% gc time, 0.03% compilation time)
- [constraint_storage_line_pack]  0.000079 seconds (39 allocations: 3.500 KiB)
- [constraint_storages_invested_available]  0.000336 seconds (354 allocations: 36.672 KiB)
- [constraint_storages_invested_transition]  0.000627 seconds (1.48 k allocations: 141.156 KiB)
- [constraint_unit_flow_capacity]  0.023066 seconds (269.02 k allocations: 22.973 MiB)
- [constraint_unit_flow_op_bounds]  0.041257 seconds (68.35 k allocations: 8.356 MiB, 62.38% gc time, 20.73% compilation time)
- [constraint_unit_flow_op_rank]  0.006826 seconds (61.21 k allocations: 7.770 MiB)
- [constraint_unit_flow_op_sum]  0.001134 seconds (8.35 k allocations: 946.461 KiB)
- [constraint_unit_lifetime] 85.612704 seconds (82.41 M allocations: 16.310 GiB, 93.57% gc time)
- [constraint_unit_state_transition]  0.003207 seconds (19.50 k allocations: 1.936 MiB)
- [constraint_units_available]  0.052874 seconds (363.47 k allocations: 28.007 MiB, 31.51% gc time)
- [constraint_units_invested_available]  0.000273 seconds (1.12 k allocations: 111.266 KiB)
- [constraint_units_invested_transition]  0.000812 seconds (8.01 k allocations: 633.859 KiB)
- [constraint_units_out_of_service_contiguity]  0.000055 seconds (29 allocations: 2.312 KiB)
- [constraint_units_out_of_service_transition]  0.000092 seconds (46 allocations: 3.312 KiB)
- [constraint_user_constraint]  0.361913 seconds (522.33 k allocations: 41.527 MiB, 8.81% gc time, 84.65% compilation time)
212.679300 seconds (208.96 M allocations: 43.958 GiB, 92.92% gc time, 0.21% compilation time)
Setting model objective...  0.117621 seconds (335.00 k allocations: 26.270 MiB, 35.12% gc time, 36.33% compilation time)
Build complete. Started at 2026-01-13T16:43:13.554, ended at 2026-01-13T16:51:57.504, elapsed time: 8 minutes, 43 seconds, 950 milliseconds
Solve started at 2026-01-13T16:51:57.504
model - window 1 of 1: 2019-01-01T00:00~(1 day, 23 hours)~>2019-01-02T23:00
Optimizing model...Running HiGHS 1.11.0 (git hash: 364c83a51e): Copyright (c) 2025 HiGHS under MIT licence terms
MIP  has 5410 rows; 240262 cols; 113106 nonzeros; 238 integer variables (0 binary)
Coefficient ranges:
  Matrix [6e-03, 1e+05]
  Cost   [1e-03, 2e+09]
  Bound  [1e+00, 1e+03]
  RHS    [1e+00, 1e+02]
Presolving model
2869 rows, 3307 cols, 9237 nonzeros  0s
2142 rows, 2592 cols, 7991 nonzeros  0s
1789 rows, 2359 cols, 6450 nonzeros  0s
Solving MIP model with:
   1789 rows
   2359 cols (43 binary, 0 integer, 0 implied int., 2316 continuous, 0 domain fixed)
   6450 nonzeros
Src: B => Branching; C => Central rounding; F => Feasibility pump; J => Feasibility jump;
     H => Heuristic; L => Sub-MIP; P => Empty MIP; R => Randomized rounding; Z => ZI Round;
     I => Shifting; S => Solve LP; T => Evaluate node; U => Unbounded; X => User solution;
     z => Trivial zero; l => Trivial lower; u => Trivial upper; p => Trivial point
        Nodes      |    B&B Tree     |            Objective Bounds              |  Dynamic Constraints |       Work
Src  Proc. InQueue |  Leaves   Expl. | BestBound       BestSol              Gap |   Cuts   InLp Confl. | LpIters     Time
         0       0         0   0.00%   -2259016.433646 inf                  inf        0      0      0         0     0.1s
 T       0       0         0   0.00%   -2259016.433646 -33149.103156   6714.71%        0      0      0      1109     0.1s
         1       0         1 100.00%   -33149.103156   -33149.103156      0.00%        0      0      0      1109     0.1s
Solving report
  Status            Optimal
  Primal bound      -33149.1031556
  Dual bound        -33149.1031556
  Gap               0% (tolerance: 0%)
  P-D integral      0.00235334133131
  Solution status   feasible
                    -33149.1031556 (objective)
                    0 (bound viol.)
                    0 (int. viol.)
                    0 (row viol.)
  Timing            0.13 (total)
                    0.00 (presolve)
                    0.00 (solve)
                    0.00 (postsolve)
  Max sub-MIP depth 0
  Nodes             1
  Repair LPs        0 (0 feasible; 0 iterations)
  LP iterations     1109 (total)
                    0 (strong br.)
                    0 (separation)
                    0 (heuristics)
  0.534697 seconds (502.22 k allocations: 93.295 MiB, 57.04% gc time)
Optimal solution found, objective function value: -33149.10315555555
Saving model results...  4.286316 seconds (1.90 M allocations: 88.360 MiB, 96.66% gc time)
Postprocessing model results...  0.000045 seconds (51 allocations: 4.297 KiB)
Saving model outputs...  4.905503 seconds (4.13 M allocations: 343.458 MiB, 93.42% gc time)
Rolling model temporal structure...  0.000084 seconds (46 allocations: 2.438 KiB)
Rolling complete
Solve complete. Started at 2026-01-13T16:51:57.504, ended at 2026-01-13T16:52:07.234, elapsed time: 9 seconds, 730 milliseconds
Time summary:
Action                              │ min      │ max      │ avg
────────────────────────────────────┼──────────┼──────────┼─────────
Postprocessing model results...     │ 4.5e-5   │ 4.5e-5   │ 4.5e-5
Rolling model temporal structure... │ 8.4e-5   │ 8.4e-5   │ 8.4e-5
Saving model results...             │ 4.286316 │ 4.286316 │ 4.286316
Optimizing model...                 │ 0.534697 │ 0.534697 │ 0.534697
Saving model outputs...             │ 4.905503 │ 4.905503 │ 4.905503
Writing report to sqlite:///C:\Users\jfg.eco\Documents\Nord_H2ub\Spine_Projects\02_basic_energy_model\.spinetoolbox\items\outputtest\OutputTest.sqlite?spinedbfilter=cfg%3Aexecution%3A%7B%22execution_item%22%3A+%22Run+SpineOpt%22%2C+%22scenarios%22%3A+%5B%5D%2C+%22timestamp%22%3A+%222026-01-13T16%3A43%3A10%22%7D...  0.347751 seconds (81.53 k allocations: 6.676 MiB)
Execution complete. Started at 2026-01-13T16:43:12.952, ended at 2026-01-13T16:52:12.264, elapsed time: 8 minutes, 59 seconds, 312 milliseconds
A JuMP Model
├ solver: HiGHS
├ objective_sense: MIN_SENSE
│ └ objective_function_type: JuMP.AffExpr
├ num_variables: 240262
├ num_constraints: 245235
│ ├ JuMP.AffExpr in MOI.EqualTo{Float64}: 1571
│ ├ JuMP.AffExpr in MOI.GreaterThan{Float64}: 1285
│ ├ JuMP.AffExpr in MOI.LessThan{Float64}: 2554
│ ├ JuMP.VariableRef in MOI.EqualTo{Float64}: 21
│ ├ JuMP.VariableRef in MOI.GreaterThan{Float64}: 239423
│ ├ JuMP.VariableRef in MOI.LessThan{Float64}: 143
│ └ JuMP.VariableRef in MOI.Integer: 238
└ Names registered in the model: none
