### Spine execution log file
### Item name: Run SpineOpt
### Filter id: 
### Part: 1

# Running julia run_spineopt.jl http://127.0.0.1:52360 http://127.0.0.1:52363
2-element Vector{String}:
 "http://127.0.0.1:52360"
 "http://127.0.0.1:52363"
Running SpineOpt...
[SpineOpt version 0.10.2 (git hash: N/A)]
[SpineInterface version 0.15.2 (git hash: N/A)]
Execution started at 2026-01-20T16:31:43.496
Reading input data from sqlite:///C:\Users\jfg.eco\Documents\Nord_H2ub\Spine_Projects\02_basic_energy_model\.spinetoolbox\items\input\Input.sqlite...
Initializing  data structure from db...  0.442887 seconds (322.36 k allocations: 45.763 MiB, 8.55% gc time)
Preprocessing  data structure...  0.060164 seconds (34.22 k allocations: 2.518 MiB, 54.89% compilation time)
Checking  data structure...  0.014199 seconds (5.67 k allocations: 472.375 KiB, 94.88% compilation time)
Build started at 2026-01-20T16:31:44.104
Creating model temporal structure...[ Info: the last time slice of temporal block Default_Investment_period has been cut to fit within the block
[ Info: the last time slice of temporal block daily has been cut to fit within the block
212.130941 seconds (433.57 M allocations: 20.831 GiB, 89.97% gc time, 0.00% compilation time)
Creating model stochastic structure... 15.463469 seconds (2.80 M allocations: 600.251 MiB, 98.31% gc time, 0.05% compilation time)
Adding model independent variables...
- [variable_binary_gas_connection_flow]  0.379725 seconds (2.33 M allocations: 35.609 MiB, 79.99% gc time)
- [variable_connection_flow]  3.831136 seconds (2.83 M allocations: 94.733 MiB, 95.37% gc time, 1.79% compilation time)
- [variable_connection_intact_flow]  0.154883 seconds (2.74 M allocations: 85.066 MiB, 34.32% gc time)
- [variable_connections_decommissioned]  0.093832 seconds (2.34 M allocations: 36.097 MiB, 20.89% gc time)
- [variable_connections_invested]  5.718574 seconds (15.84 M allocations: 1.282 GiB, 82.47% gc time)
- [variable_connections_invested_available] 13.237897 seconds (16.51 M allocations: 1.319 GiB, 92.14% gc time, 0.05% compilation time)
- [variable_min_capacity_margin_slack]  0.089752 seconds (2.33 M allocations: 35.578 MiB, 23.09% gc time)
- [variable_node_injection]  0.105097 seconds (2.57 M allocations: 60.683 MiB, 17.69% gc time)
- [variable_node_pressure]  0.096287 seconds (2.33 M allocations: 35.580 MiB, 22.01% gc time)
- [variable_node_slack_neg]  0.099932 seconds (2.55 M allocations: 57.005 MiB, 17.06% gc time)
- [variable_node_slack_pos]  0.109464 seconds (2.55 M allocations: 57.008 MiB, 20.41% gc time)
- [variable_node_state]  0.109018 seconds (2.40 M allocations: 41.588 MiB, 20.46% gc time, 7.12% compilation time)
- [variable_node_voltage_angle]  0.095545 seconds (2.33 M allocations: 35.579 MiB, 25.65% gc time)
- [variable_nonspin_units_shut_down]  0.089497 seconds (2.33 M allocations: 35.589 MiB, 23.49% gc time)
- [variable_nonspin_units_started_up]  0.081480 seconds (2.33 M allocations: 35.583 MiB, 16.98% gc time)
- [variable_storages_decommissioned]  0.086573 seconds (2.33 M allocations: 35.755 MiB, 19.88% gc time)
- [variable_storages_invested]  0.327040 seconds (4.37 M allocations: 254.477 MiB, 34.73% gc time, 2.02% compilation time)
- [variable_storages_invested_available]  0.368779 seconds (4.37 M allocations: 254.484 MiB, 41.78% gc time)
- [variable_unit_flow]  4.470236 seconds (2.99 M allocations: 154.382 MiB, 95.98% gc time, 1.05% compilation time)
- [variable_unit_flow_op]  0.121088 seconds (2.45 M allocations: 50.733 MiB, 22.10% gc time)
- [variable_unit_flow_op_active]  0.116515 seconds (2.47 M allocations: 53.189 MiB, 18.82% gc time)
- [variable_units_invested]  5.505818 seconds (15.16 M allocations: 1.191 GiB, 83.94% gc time)
- [variable_units_invested_available]  9.886714 seconds (15.79 M allocations: 1.221 GiB, 90.02% gc time, 0.08% compilation time)
- [variable_units_mothballed]  3.769636 seconds (2.34 M allocations: 36.273 MiB, 97.94% gc time)
- [variable_units_on]  0.104960 seconds (2.54 M allocations: 54.892 MiB, 18.00% gc time)
- [variable_units_out_of_service]  0.093851 seconds (2.33 M allocations: 35.575 MiB, 24.99% gc time)
- [variable_units_returned_to_service]  0.090696 seconds (2.33 M allocations: 35.573 MiB, 20.45% gc time)
- [variable_units_shut_down]  0.089668 seconds (2.36 M allocations: 38.044 MiB, 17.41% gc time)
- [variable_units_started_up]  0.093653 seconds (2.35 M allocations: 37.362 MiB, 21.83% gc time)
- [variable_units_taken_out_of_service]  0.070888 seconds (2.33 M allocations: 35.574 MiB)
- [variable_user_constraint_slack_neg]  0.089765 seconds (2.33 M allocations: 35.569 MiB, 22.85% gc time)
- [variable_user_constraint_slack_pos]  0.088758 seconds (2.33 M allocations: 35.569 MiB, 21.80% gc time)
 49.697398 seconds (135.47 M allocations: 6.764 GiB, 86.72% gc time, 0.29% compilation time)
Adding model dependent variables...
- [variable_connection_flow]  0.005241 seconds (64.58 k allocations: 6.018 MiB)
- [variable_unit_flow]  0.034692 seconds (129.50 k allocations: 12.379 MiB, 69.62% gc time)
  0.041372 seconds (194.37 k allocations: 18.417 MiB, 58.38% gc time)
Adding model expressions...
- [expression_capacity_margin]  0.000054 seconds (30 allocations: 2.609 KiB)
  0.000456 seconds (117 allocations: 8.188 KiB)
Adding model constraints...
- [constraint_candidate_connection_flow_lb]  0.000120 seconds (70 allocations: 4.188 KiB)
- [constraint_candidate_connection_flow_ub]  0.000092 seconds (71 allocations: 4.047 KiB)
- [constraint_compression_ratio]  0.000041 seconds (38 allocations: 3.453 KiB)
- [constraint_connection_flow_capacity]  0.062297 seconds (452.81 k allocations: 48.163 MiB, 34.63% gc time, 11.29% compilation time)
- [constraint_connection_flow_gas_capacity]  0.000083 seconds (41 allocations: 4.703 KiB)
- [constraint_connection_flow_intact_flow]  0.000064 seconds (38 allocations: 2.781 KiB)
- [constraint_connection_flow_lodf]  0.000084 seconds (58 allocations: 3.891 KiB)
- [constraint_connection_intact_flow_capacity]  0.000122 seconds (81 allocations: 5.234 KiB)
- [constraint_connection_intact_flow_ptdf]  0.000041 seconds (24 allocations: 1.938 KiB)
- [constraint_connection_lifetime] 96.085071 seconds (102.59 M allocations: 23.632 GiB, 92.65% gc time, 0.01% compilation time)
- [constraint_connection_unitary_gas_flow]  0.000090 seconds (38 allocations: 3.453 KiB)
- [constraint_connections_invested_available]  0.000351 seconds (860 allocations: 86.125 KiB)
- [constraint_connections_invested_transition]  0.001375 seconds (5.37 k allocations: 446.156 KiB)
- [constraint_cyclic_node_state]  0.006519 seconds (1.69 k allocations: 122.594 KiB, 97.79% compilation time)
- [constraint_fix_node_pressure_point]  0.000040 seconds (38 allocations: 3.453 KiB)
- [constraint_fix_ratio_in_in_unit_flow]  0.009794 seconds (54.54 k allocations: 6.133 MiB)
- [constraint_fix_ratio_in_out_unit_flow]  0.000364 seconds (2.05 k allocations: 189.453 KiB)
- [constraint_fix_ratio_out_in_connection_flow]  0.014184 seconds (46.48 k allocations: 4.125 MiB, 62.59% compilation time)
- [constraint_fix_ratio_out_in_unit_flow]  0.000104 seconds (94 allocations: 19.219 KiB)
- [constraint_fix_ratio_out_out_unit_flow]  0.000232 seconds (748 allocations: 75.859 KiB)
- [constraint_investment_group_equal_investments]  0.000035 seconds (23 allocations: 1.844 KiB)
- [constraint_investment_group_maximum_capacity_invested_available]  0.000032 seconds (21 allocations: 1.812 KiB)
- [constraint_investment_group_maximum_entities_invested_available]  0.000037 seconds (21 allocations: 1.812 KiB)
- [constraint_investment_group_minimum_capacity_invested_available]  0.000119 seconds (20 allocations: 1.766 KiB)
- [constraint_investment_group_minimum_entities_invested_available]  0.000028 seconds (20 allocations: 1.766 KiB)
- [constraint_max_node_pressure]  0.000070 seconds (84 allocations: 6.508 KiB)
- [constraint_max_node_voltage_angle]  0.000069 seconds (102 allocations: 7.602 KiB)
- [constraint_max_ratio_in_in_unit_flow]  0.000062 seconds (94 allocations: 19.219 KiB)
- [constraint_max_ratio_in_out_unit_flow]  0.000055 seconds (94 allocations: 19.219 KiB)
- [constraint_max_ratio_out_in_connection_flow]  0.000058 seconds (56 allocations: 4.484 KiB)
- [constraint_max_ratio_out_in_unit_flow]  0.000202 seconds (94 allocations: 19.219 KiB)
- [constraint_max_ratio_out_out_unit_flow]  0.000095 seconds (94 allocations: 19.219 KiB)
- [constraint_max_total_cumulated_unit_flow_from_node]  0.000040 seconds (46 allocations: 4.125 KiB)
- [constraint_max_total_cumulated_unit_flow_to_node]  0.000064 seconds (42 allocations: 3.750 KiB)
- [constraint_min_capacity_margin]  0.000041 seconds (37 allocations: 2.828 KiB)
- [constraint_min_down_time]  0.077699 seconds (342.66 k allocations: 32.485 MiB, 31.85% gc time, 24.99% compilation time)
- [constraint_min_node_pressure]  0.000077 seconds (87 allocations: 11.086 KiB)
- [constraint_min_node_voltage_angle]  0.000056 seconds (102 allocations: 7.602 KiB)
- [constraint_min_ratio_in_in_unit_flow]  0.000089 seconds (94 allocations: 19.219 KiB)
- [constraint_min_ratio_in_out_unit_flow]  0.000051 seconds (94 allocations: 19.219 KiB)
- [constraint_min_ratio_out_in_connection_flow]  0.000048 seconds (56 allocations: 4.484 KiB)
- [constraint_min_ratio_out_in_unit_flow]  0.000066 seconds (94 allocations: 19.219 KiB)
- [constraint_min_ratio_out_out_unit_flow]  0.000048 seconds (94 allocations: 19.219 KiB)
- [constraint_min_scheduled_outage_duration]  0.000030 seconds (29 allocations: 2.312 KiB)
- [constraint_min_total_cumulated_unit_flow_from_node]  0.000035 seconds (46 allocations: 4.125 KiB)
- [constraint_min_total_cumulated_unit_flow_to_node]  0.000036 seconds (42 allocations: 3.750 KiB)
- [constraint_min_up_time]  0.003451 seconds (44.41 k allocations: 3.370 MiB)
- [constraint_minimum_operating_point]  0.005219 seconds (48.01 k allocations: 4.825 MiB)
- [constraint_nodal_balance]  0.010435 seconds (153.27 k allocations: 16.113 MiB)
- [constraint_node_injection]  0.085085 seconds (529.68 k allocations: 49.084 MiB, 53.12% gc time)
- [constraint_node_state_capacity]  0.012166 seconds (95.46 k allocations: 7.915 MiB)
- [constraint_node_voltage_angle]  0.000062 seconds (28 allocations: 2.250 KiB)
- [constraint_non_spinning_reserves_lower_bound]  0.000107 seconds (255 allocations: 23.812 KiB)
- [constraint_non_spinning_reserves_shut_down_upper_bound]  0.000085 seconds (264 allocations: 24.703 KiB)
- [constraint_non_spinning_reserves_start_up_upper_bound]  0.000063 seconds (264 allocations: 24.703 KiB)
- [constraint_operating_point_bounds]  0.125758 seconds (999.46 k allocations: 150.355 MiB, 37.82% gc time)
- [constraint_operating_point_rank]  0.002669 seconds (26.80 k allocations: 3.803 MiB)
- [constraint_ramp_down]  0.060311 seconds (121.82 k allocations: 12.314 MiB, 40.10% gc time, 42.24% compilation time)
- [constraint_ramp_up]  0.011839 seconds (118.17 k allocations: 12.058 MiB)
- [constraint_ratio_out_in_connection_intact_flow]  0.000070 seconds (38 allocations: 2.781 KiB)
- [constraint_storage_lifetime] 18.952542 seconds (18.90 M allocations: 3.515 GiB, 93.84% gc time, 0.03% compilation time)
- [constraint_storage_line_pack]  0.000058 seconds (39 allocations: 3.500 KiB)
- [constraint_storages_invested_available]  0.000382 seconds (354 allocations: 36.672 KiB)
- [constraint_storages_invested_transition]  0.000663 seconds (1.48 k allocations: 141.156 KiB)
- [constraint_unit_flow_capacity]  0.024769 seconds (268.71 k allocations: 22.964 MiB)
- [constraint_unit_flow_op_bounds]  0.042735 seconds (68.12 k allocations: 8.349 MiB, 57.76% gc time, 23.84% compilation time)
- [constraint_unit_flow_op_rank]  0.006292 seconds (61.02 k allocations: 7.764 MiB)
- [constraint_unit_flow_op_sum]  0.001242 seconds (8.35 k allocations: 946.461 KiB)
- [constraint_unit_lifetime] 84.784871 seconds (82.41 M allocations: 16.310 GiB, 93.51% gc time)
- [constraint_unit_state_transition]  0.003162 seconds (19.50 k allocations: 1.936 MiB)
- [constraint_units_available]  0.044650 seconds (363.47 k allocations: 28.007 MiB, 30.53% gc time)
- [constraint_units_invested_available]  0.000262 seconds (1.12 k allocations: 111.266 KiB)
- [constraint_units_invested_transition]  0.001318 seconds (8.01 k allocations: 633.859 KiB)
- [constraint_units_out_of_service_contiguity]  0.000038 seconds (29 allocations: 2.312 KiB)
- [constraint_units_out_of_service_transition]  0.000063 seconds (46 allocations: 3.312 KiB)
- [constraint_user_constraint]  0.108579 seconds (232.20 k allocations: 21.819 MiB, 24.61% gc time, 53.63% compilation time)
200.657750 seconds (208.65 M allocations: 43.939 GiB, 92.87% gc time, 0.07% compilation time)
Setting model objective...  0.077204 seconds (335.00 k allocations: 26.270 MiB, 56.37% compilation time)
Build complete. Started at 2026-01-20T16:31:44.104, ended at 2026-01-20T16:39:42.179, elapsed time: 7 minutes, 58 seconds, 75 milliseconds
Solve started at 2026-01-20T16:39:42.179
model - window 1 of 1: 2019-01-01T00:00~(1 day, 23 hours)~>2019-01-02T23:00
Optimizing model...Running HiGHS 1.11.0 (git hash: 364c83a51e): Copyright (c) 2025 HiGHS under MIT licence terms
MIP  has 5411 rows; 240262 cols; 113106 nonzeros; 238 integer variables (0 binary)
Coefficient ranges:
  Matrix [6e-03, 1e+05]
  Cost   [1e-03, 2e+09]
  Bound  [1e+00, 1e+03]
  RHS    [1e+00, 2e+03]
Presolving model
2869 rows, 3307 cols, 9237 nonzeros  0s
2124 rows, 2576 cols, 8001 nonzeros  0s
1817 rows, 2423 cols, 6381 nonzeros  0s
Solving MIP model with:
   1817 rows
   2423 cols (47 binary, 0 integer, 0 implied int., 2376 continuous, 0 domain fixed)
   6381 nonzeros
Src: B => Branching; C => Central rounding; F => Feasibility pump; J => Feasibility jump;
     H => Heuristic; L => Sub-MIP; P => Empty MIP; R => Randomized rounding; Z => ZI Round;
     I => Shifting; S => Solve LP; T => Evaluate node; U => Unbounded; X => User solution;
     z => Trivial zero; l => Trivial lower; u => Trivial upper; p => Trivial point
        Nodes      |    B&B Tree     |            Objective Bounds              |  Dynamic Constraints |       Work
Src  Proc. InQueue |  Leaves   Expl. | BestBound       BestSol              Gap |   Cuts   InLp Confl. | LpIters     Time
         0       0         0   0.00%   -2258984.293646 inf                  inf        0      0      0         0     0.1s
 R       0       0         0   0.00%   275071.816366   202703110.6885    99.86%        0      0      0      1279     0.2s
 S       0       0         0   0.00%   275322.156732   275481.933863      0.06%     5477     35      0      1398     0.7s
         1       0         1 100.00%   275481.933863   275481.933863      0.00%     5477     35      1      1414     0.8s
Solving report
  Status            Optimal
  Primal bound      275481.933863
  Dual bound        275481.933863
  Gap               0% (tolerance: 0%)
  P-D integral      0.552704588347
  Solution status   feasible
                    275481.933863 (objective)
                    0 (bound viol.)
                    2.05951564232e-14 (int. viol.)
                    0 (row viol.)
  Timing            0.77 (total)
                    0.00 (presolve)
                    0.00 (solve)
                    0.00 (postsolve)
  Max sub-MIP depth 0
  Nodes             1
  Repair LPs        0 (0 feasible; 0 iterations)
  LP iterations     1414 (total)
                    0 (strong br.)
                    123 (separation)
                    12 (heuristics)
  1.191324 seconds (502.40 k allocations: 93.303 MiB, 25.52% gc time)
Optimal solution found, objective function value: 275481.9338631094
Saving model results...  3.908609 seconds (1.90 M allocations: 89.493 MiB, 95.98% gc time)
Postprocessing model results...  0.000065 seconds (51 allocations: 4.297 KiB)
Saving model outputs...  4.526161 seconds (4.13 M allocations: 343.458 MiB, 92.78% gc time)
Rolling model temporal structure...  0.000074 seconds (46 allocations: 2.438 KiB)
Rolling complete
Solve complete. Started at 2026-01-20T16:39:42.179, ended at 2026-01-20T16:39:51.812, elapsed time: 9 seconds, 633 milliseconds
Time summary:
Action                              │ min      │ max      │ avg
────────────────────────────────────┼──────────┼──────────┼─────────
Postprocessing model results...     │ 6.5e-5   │ 6.5e-5   │ 6.5e-5
Rolling model temporal structure... │ 7.4e-5   │ 7.4e-5   │ 7.4e-5
Saving model results...             │ 3.908609 │ 3.908609 │ 3.908609
Optimizing model...                 │ 1.191324 │ 1.191324 │ 1.191324
Saving model outputs...             │ 4.526161 │ 4.526161 │ 4.526161
Writing report to sqlite:///C:\Users\jfg.eco\Documents\Nord_H2ub\Spine_Projects\02_basic_energy_model\.spinetoolbox\items\outputtest\OutputTest.sqlite?spinedbfilter=cfg%3Aexecution%3A%7B%22execution_item%22%3A+%22Run+SpineOpt%22%2C+%22scenarios%22%3A+%5B%5D%2C+%22timestamp%22%3A+%222026-01-20T16%3A31%3A41%22%7D...  0.449759 seconds (81.59 k allocations: 6.921 MiB)
Execution complete. Started at 2026-01-20T16:31:43.496, ended at 2026-01-20T16:39:56.556, elapsed time: 8 minutes, 13 seconds, 60 milliseconds
A JuMP Model
├ solver: HiGHS
├ objective_sense: MIN_SENSE
│ └ objective_function_type: JuMP.AffExpr
├ num_variables: 240262
├ num_constraints: 245283
│ ├ JuMP.AffExpr in MOI.EqualTo{Float64}: 1571
│ ├ JuMP.AffExpr in MOI.GreaterThan{Float64}: 1285
│ ├ JuMP.AffExpr in MOI.LessThan{Float64}: 2555
│ ├ JuMP.VariableRef in MOI.EqualTo{Float64}: 21
│ ├ JuMP.VariableRef in MOI.GreaterThan{Float64}: 239470
│ ├ JuMP.VariableRef in MOI.LessThan{Float64}: 143
│ └ JuMP.VariableRef in MOI.Integer: 238
└ Names registered in the model: none
