### Spine execution log file
### Item name: Run SpineOpt
### Filter id: 
### Part: 1

# Running julia run_spineopt.jl http://127.0.0.1:57382 http://127.0.0.1:57384
2-element Vector{String}:
 "http://127.0.0.1:57382"
 "http://127.0.0.1:57384"
Running SpineOpt...
[SpineOpt version 0.10.2 (git hash: N/A)]
[SpineInterface version 0.15.2 (git hash: N/A)]
Execution started at 2026-07-09T11:57:36.590
Reading input data from sqlite:///C:\Users\jfg.eco\Documents\GitHub\Nord_H2ub\Spine_Projects\02_basic_energy_model\.spinetoolbox\items\input\Input.sqlite...
Initializing  data structure from db...  0.626440 seconds (1.74 M allocations: 107.318 MiB)
Preprocessing  data structure...  0.094591 seconds (46.50 k allocations: 2.328 MiB, 62.22% compilation time)
Checking  data structure...  0.018131 seconds (8.99 k allocations: 473.750 KiB, 90.55% compilation time)
Build started at 2026-07-09T11:57:37.384
Creating model temporal structure...[ Info: the last time slice of temporal block Default_Investment_period has been cut to fit within the block
[ Info: the last time slice of temporal block daily has been cut to fit within the block
 48.964256 seconds (431.05 M allocations: 22.181 GiB, 47.40% gc time, 0.04% compilation time)
Creating model stochastic structure...  1.356094 seconds (3.22 M allocations: 453.158 MiB, 75.86% gc time, 1.13% compilation time)
Adding model independent variables...
- [variable_binary_gas_connection_flow]  0.105426 seconds (2.29 M allocations: 34.939 MiB)
- [variable_connection_flow]  2.292670 seconds (11.68 M allocations: 734.355 MiB, 45.73% gc time, 7.50% compilation time)
- [variable_connection_intact_flow]  4.479719 seconds (9.43 M allocations: 592.669 MiB, 81.08% gc time)
- [variable_connections_decommissioned]  0.077507 seconds (2.29 M allocations: 35.307 MiB)
- [variable_connections_invested]  0.269587 seconds (2.15 M allocations: 121.478 MiB)
- [variable_connections_invested_available]  0.309410 seconds (2.21 M allocations: 124.075 MiB, 4.26% compilation time)
- [variable_min_capacity_margin_slack]  0.078919 seconds (2.29 M allocations: 34.901 MiB)
- [variable_node_injection]  0.575424 seconds (6.67 M allocations: 359.496 MiB, 27.12% gc time)
- [variable_node_pressure]  0.077926 seconds (2.29 M allocations: 34.920 MiB)
- [variable_node_slack_neg]  0.556752 seconds (6.45 M allocations: 307.616 MiB, 29.70% gc time)
- [variable_node_slack_pos]  0.350704 seconds (6.45 M allocations: 305.292 MiB)
- [variable_node_state]  0.231805 seconds (4.25 M allocations: 142.733 MiB, 5.38% compilation time)
- [variable_node_voltage_angle]  0.085991 seconds (2.29 M allocations: 34.919 MiB)
- [variable_nonspin_units_shut_down]  0.088984 seconds (2.29 M allocations: 34.935 MiB)
- [variable_nonspin_units_started_up]  0.245024 seconds (2.29 M allocations: 34.933 MiB, 60.60% gc time)
- [variable_storages_decommissioned]  0.070347 seconds (2.29 M allocations: 35.090 MiB)
- [variable_storages_invested]  0.124006 seconds (1.99 M allocations: 64.955 MiB, 11.59% compilation time)
- [variable_storages_invested_available]  0.103093 seconds (1.99 M allocations: 64.866 MiB)
- [variable_unit_flow]  2.208441 seconds (16.86 M allocations: 1.701 GiB, 24.68% gc time, 3.78% compilation time)
- [variable_unit_flow_op]  0.192255 seconds (3.78 M allocations: 156.501 MiB)
- [variable_unit_flow_op_active]  0.320407 seconds (4.25 M allocations: 184.320 MiB, 24.17% gc time)
- [variable_units_invested]  0.317528 seconds (2.53 M allocations: 133.032 MiB)
- [variable_units_invested_available]  0.342304 seconds (2.60 M allocations: 135.963 MiB, 7.33% compilation time)
- [variable_units_mothballed]  0.074818 seconds (2.30 M allocations: 35.615 MiB)
- [variable_units_on]  0.427848 seconds (5.72 M allocations: 254.151 MiB, 27.33% gc time)
- [variable_units_out_of_service]  0.072639 seconds (2.29 M allocations: 34.912 MiB)
- [variable_units_returned_to_service]  0.064239 seconds (2.29 M allocations: 34.907 MiB)
- [variable_units_shut_down]  0.094855 seconds (2.57 M allocations: 53.707 MiB)
- [variable_units_started_up]  0.123203 seconds (2.56 M allocations: 53.015 MiB)
- [variable_units_taken_out_of_service]  0.093071 seconds (2.29 M allocations: 34.908 MiB)
- [variable_user_constraint_slack_neg]  0.081722 seconds (2.29 M allocations: 34.898 MiB)
- [variable_user_constraint_slack_pos]  0.230914 seconds (2.29 M allocations: 34.898 MiB, 59.67% gc time)
 14.810123 seconds (126.18 M allocations: 5.879 GiB, 40.70% gc time, 2.16% compilation time)
Adding model dependent variables...
- [variable_connection_flow]  0.627937 seconds (3.57 M allocations: 741.681 MiB, 28.00% gc time)
- [variable_unit_flow]  0.527210 seconds (7.07 M allocations: 334.147 MiB)
  1.158361 seconds (10.65 M allocations: 1.051 GiB, 15.18% gc time)
Adding model expressions...
- [expression_capacity_margin]  0.000084 seconds (83 allocations: 3.750 KiB)
  0.000577 seconds (195 allocations: 9.273 KiB)
Adding model constraints...
- [constraint_candidate_connection_flow_lb]  0.000249 seconds (127 allocations: 5.539 KiB)
- [constraint_candidate_connection_flow_ub]  0.000180 seconds (125 allocations: 5.258 KiB)
- [constraint_compression_ratio]  0.000072 seconds (82 allocations: 5.180 KiB)
- [constraint_connection_flow_capacity]  2.454875 seconds (19.47 M allocations: 1.096 GiB, 19.14% gc time, 0.02% compilation time)
- [constraint_connection_flow_gas_capacity]  0.000094 seconds (85 allocations: 6.336 KiB)
- [constraint_connection_flow_intact_flow]  0.000131 seconds (72 allocations: 3.336 KiB)
- [constraint_connection_flow_lodf]  0.000155 seconds (66 allocations: 3.438 KiB)
- [constraint_connection_intact_flow_capacity]  0.000230 seconds (108 allocations: 5.133 KiB)
- [constraint_connection_intact_flow_ptdf]  0.000309 seconds (57 allocations: 2.930 KiB)
- [constraint_connection_lifetime] 24.857395 seconds (146.52 M allocations: 15.297 GiB, 57.16% gc time, 0.06% compilation time)
- [constraint_connection_unitary_gas_flow]  0.000092 seconds (82 allocations: 5.180 KiB)
- [constraint_connections_invested_available]  0.001186 seconds (1.90 k allocations: 105.008 KiB)
- [constraint_connections_invested_transition]  0.002657 seconds (8.46 k allocations: 447.709 KiB)
- [constraint_cyclic_node_state]  0.006851 seconds (2.54 k allocations: 122.602 KiB, 96.62% compilation time)
- [constraint_fix_node_pressure_point]  0.000109 seconds (82 allocations: 5.180 KiB)
- [constraint_fix_ratio_in_in_unit_flow]  0.141496 seconds (1.09 M allocations: 69.100 MiB)
- [constraint_fix_ratio_in_out_unit_flow]  0.010154 seconds (3.81 k allocations: 199.133 KiB)
- [constraint_fix_ratio_out_in_connection_flow]  0.109300 seconds (818.96 k allocations: 48.540 MiB, 9.09% compilation time)
- [constraint_fix_ratio_out_in_unit_flow]  0.000115 seconds (205 allocations: 12.758 KiB)
- [constraint_fix_ratio_out_out_unit_flow]  0.000403 seconds (1.11 k allocations: 59.508 KiB)
- [constraint_investment_group_equal_investments]  0.003796 seconds (22.10 k allocations: 4.328 MiB)
- [constraint_investment_group_maximum_capacity_invested_available]  0.000101 seconds (31 allocations: 1.867 KiB)
- [constraint_investment_group_maximum_entities_invested_available]  0.000063 seconds (29 allocations: 1.773 KiB)
- [constraint_investment_group_minimum_capacity_invested_available]  0.000075 seconds (29 allocations: 1.773 KiB)
- [constraint_investment_group_minimum_entities_invested_available]  0.000063 seconds (29 allocations: 1.773 KiB)
- [constraint_max_node_pressure]  0.000121 seconds (213 allocations: 10.508 KiB)
- [constraint_max_node_voltage_angle]  0.000081 seconds (284 allocations: 13.367 KiB)
- [constraint_max_ratio_in_in_unit_flow]  0.000094 seconds (205 allocations: 12.758 KiB)
- [constraint_max_ratio_in_out_unit_flow]  0.000077 seconds (205 allocations: 12.758 KiB)
- [constraint_max_ratio_out_in_connection_flow]  0.000103 seconds (102 allocations: 5.820 KiB)
- [constraint_max_ratio_out_in_unit_flow]  0.000102 seconds (205 allocations: 12.758 KiB)
- [constraint_max_ratio_out_out_unit_flow]  0.000092 seconds (205 allocations: 12.758 KiB)
- [constraint_max_total_cumulated_unit_flow_from_node]  0.000114 seconds (100 allocations: 6.289 KiB)
- [constraint_max_total_cumulated_unit_flow_to_node]  0.000045 seconds (92 allocations: 5.789 KiB)
- [constraint_min_capacity_margin]  0.000075 seconds (98 allocations: 4.648 KiB)
- [constraint_min_down_time]  0.855463 seconds (6.68 M allocations: 499.454 MiB, 19.88% gc time, 4.27% compilation time)
- [constraint_min_node_pressure]  0.000159 seconds (218 allocations: 14.912 KiB)
- [constraint_min_node_voltage_angle]  0.000095 seconds (284 allocations: 13.367 KiB)
- [constraint_min_ratio_in_in_unit_flow]  0.000111 seconds (205 allocations: 12.758 KiB)
- [constraint_min_ratio_in_out_unit_flow]  0.000086 seconds (205 allocations: 12.758 KiB)
- [constraint_min_ratio_out_in_connection_flow]  0.000078 seconds (102 allocations: 5.820 KiB)
- [constraint_min_ratio_out_in_unit_flow]  0.000083 seconds (205 allocations: 12.758 KiB)
- [constraint_min_ratio_out_out_unit_flow]  0.000095 seconds (205 allocations: 12.758 KiB)
- [constraint_min_scheduled_outage_duration]  0.000075 seconds (66 allocations: 3.320 KiB)
- [constraint_min_total_cumulated_unit_flow_from_node]  0.000087 seconds (100 allocations: 6.289 KiB)
- [constraint_min_total_cumulated_unit_flow_to_node]  0.000056 seconds (92 allocations: 5.789 KiB)
- [constraint_min_up_time]  0.091981 seconds (817.76 k allocations: 47.996 MiB)
- [constraint_minimum_operating_point]  0.111210 seconds (942.29 k allocations: 57.562 MiB)
- [constraint_nodal_balance]  0.430056 seconds (4.60 M allocations: 258.845 MiB)
- [constraint_node_injection]  2.605291 seconds (26.19 M allocations: 1.320 GiB, 13.62% gc time)
- [constraint_node_state_capacity]  0.335484 seconds (4.01 M allocations: 206.287 MiB)
- [constraint_node_voltage_angle]  0.000084 seconds (54 allocations: 2.820 KiB)
- [constraint_non_spinning_reserves_lower_bound]  0.000117 seconds (479 allocations: 23.211 KiB)
- [constraint_non_spinning_reserves_shut_down_upper_bound]  0.000150 seconds (488 allocations: 24.008 KiB)
- [constraint_non_spinning_reserves_start_up_upper_bound]  0.000107 seconds (488 allocations: 24.008 KiB)
- [constraint_operating_point_bounds] 17.602544 seconds (163.32 M allocations: 18.731 GiB, 21.32% gc time)
- [constraint_operating_point_rank]  0.025198 seconds (334.79 k allocations: 30.537 MiB)
- [constraint_ramp_down]  0.298277 seconds (2.57 M allocations: 157.215 MiB, 11.72% compilation time)
- [constraint_ramp_up]  0.458354 seconds (2.59 M allocations: 158.211 MiB, 24.89% gc time, 5.04% compilation time)
- [constraint_ratio_out_in_connection_intact_flow]  0.000146 seconds (72 allocations: 3.336 KiB)
- [constraint_storage_lifetime]  3.479867 seconds (31.00 M allocations: 3.319 GiB, 32.83% gc time, 0.58% compilation time)
- [constraint_storage_line_pack]  0.000131 seconds (84 allocations: 5.273 KiB)
- [constraint_storages_invested_available]  0.000609 seconds (898 allocations: 49.352 KiB)
- [constraint_storages_invested_transition]  0.000916 seconds (3.95 k allocations: 205.428 KiB)
- [constraint_unit_flow_capacity]  0.765792 seconds (8.66 M allocations: 477.031 MiB)
- [constraint_unit_flow_op_bounds]  0.230377 seconds (2.47 M allocations: 134.012 MiB, 4.39% compilation time)
- [constraint_unit_flow_op_rank]  0.158700 seconds (1.93 M allocations: 109.221 MiB)
- [constraint_unit_flow_op_sum]  0.012756 seconds (88.63 k allocations: 7.014 MiB)
- [constraint_unit_lifetime] 16.625880 seconds (151.27 M allocations: 16.313 GiB, 32.90% gc time)
- [constraint_unit_state_transition]  0.029888 seconds (310.07 k allocations: 22.204 MiB)
- [constraint_units_available]  1.382657 seconds (15.33 M allocations: 778.448 MiB)
- [constraint_units_invested_available]  0.000824 seconds (3.03 k allocations: 175.669 KiB)
- [constraint_units_invested_transition]  0.002094 seconds (17.63 k allocations: 923.785 KiB)
- [constraint_units_out_of_service_contiguity]  0.000090 seconds (66 allocations: 3.320 KiB)
- [constraint_units_out_of_service_transition]  0.000115 seconds (95 allocations: 4.883 KiB)
- [constraint_user_constraint]  0.518562 seconds (3.39 M allocations: 202.965 MiB, 11.74% compilation time)
 74.799221 seconds (609.78 M allocations: 59.974 GiB, 34.76% gc time, 0.29% compilation time)
Build complete. Started at 2026-07-09T11:57:37.384, ended at 2026-07-09T11:59:59.597, elapsed time: 2 minutes, 22 seconds, 213 milliseconds
Setting model objective...  0.839256 seconds (10.25 M allocations: 531.715 MiB, 7.06% compilation time)
Solve started at 2026-07-09T11:59:59.597
Bringing model to the first window...  3.569796 seconds (34.35 M allocations: 1.670 GiB, 16.43% gc time, 3.71% compilation time)
model - window 1 of 12: 2019-01-01T00:00~(4 weeks, 2 days, 10 hours)~>2019-01-31T10:00
Optimizing model...Running HiGHS 1.14.0 (git hash: 7df0786de3): Copyright (c) 2026 under Apache 2.0 license terms
Using BLAS: blastrampoline-5
MIP has 114015 rows; 126309 cols; 294084 nonzeros; 2287 integer variables (0 binary)
Coefficient ranges:
  Matrix  [6e-03, 5e+05]
  Cost    [4e-03, 2e+11]
  Bound   [1e+00, 1e+05]
  RHS     [1e+00, 2e+04]
WARNING: Problem has some excessively large costs
WARNING:    Consider scaling the objective by 1e-6, or setting the user_objective_scale option to -18
Presolving model
51949 rows, 60771 cols, 182029 nonzeros 0s
35059 rows, 46082 cols, 152342 nonzeros 0s
30485 rows, 38777 cols, 152662 nonzeros 0s
Presolve reductions: rows 30485(-83530); columns 38777(-87532); nonzeros 152662(-141422)
Solving MIP model with:
   30485 rows
   38777 cols (1772 binary, 0 integer, 0 implied int., 37005 continuous, 0 domain fixed)
   152662 nonzeros
Src: B => Branching; C => Central rounding; F => Feasibility pump; H => Heuristic;
     I => Shifting; J => Feasibility jump; L => Sub-MIP; P => Empty MIP; R => Randomized rounding;
     S => Solve LP; T => Evaluate node; U => Unbounded; X => User solution; Y => HiGHS solution;
     Z => ZI Round; l => Trivial lower; p => Trivial point; u => Trivial upper; z => Trivial zero
        Nodes      |    B&B Tree     |            Objective Bounds              |  Dynamic Constraints |       Work
Src  Proc. InQueue |  Leaves   Expl. | BestBound       BestSol              Gap |   Cuts   InLp Confl. | LpIters     Time
         0       0         0   0.00%   -137144840.0676 inf                  inf        0      0      0         0     1.7s
 R       0       0         0   0.00%   17850358547.39  1.83365241e+13    99.90%        0      0      0     22182    15.0s
 T       0       0         0   0.00%   17850384439.6   17850384439.6      0.00%     1072    309      0     22931    29.1s
         1       0         1 100.00%   17850384439.6   17850384439.6      0.00%     1072    309      0     22931    29.1s
Solving report
  Status            Optimal
  Primal bound      17850384439.6
  Dual bound        17850384439.6
  Gap               0% (tolerance: 0%)
  P-D integral      14.0751728131
  Solution status   feasible
                    17850384439.6 (objective)
                    0 (bound viol.)
                    2.22044604925e-16 (int. viol.)
                    0 (row viol.)
  Timing            29.14
  Max sub-MIP depth 0
  Nodes             1
  Repair LPs        0
  LP iterations     22931
                    0 (strong br.)
                    749 (separation)
                    0 (heuristics)
 29.314442 seconds (810.37 k allocations: 109.582 MiB)
Optimal solution found, objective function value: 1.785038443959757e10
Saving model results...  0.409569 seconds (3.99 M allocations: 133.860 MiB)
Postprocessing model results...  0.000092 seconds (48 allocations: 3.312 KiB)
Saving model outputs...  0.307293 seconds (2.56 M allocations: 159.869 MiB)
Rolling model temporal structure...  0.527029 seconds (4.64 M allocations: 97.729 MiB)
Fixing model history...  0.049561 seconds (387.45 k allocations: 18.903 MiB)
Applying model non-anticipativity constraints...  0.000197 seconds (557 allocations: 29.391 KiB)
model - window 2 of 12: 2019-01-31T10:00~(4 weeks, 2 days, 10 hours)~>2019-03-02T20:00
Optimizing model...MIP has 114015 rows; 126309 cols; 294081 nonzeros; 2287 integer variables (0 binary)
Coefficient ranges:
  Matrix  [6e-03, 5e+05]
  Cost    [4e-03, 2e+11]
  Bound   [7e-13, 1e+05]
  RHS     [1e+00, 2e+04]
WARNING: Problem has some excessively large costs
WARNING: Problem has some excessively small column bounds
WARNING:    Consider scaling the objective by 1e-6, or setting the user_objective_scale option to -18
Presolving model
72734 rows, 60762 cols, 198401 nonzeros 0s
32214 rows, 43967 cols, 165557 nonzeros 0s
30275 rows, 39269 cols, 156725 nonzeros 0s
Presolve reductions: rows 30275(-83740); columns 39269(-87040); nonzeros 156725(-137356)
Solving MIP model with:
   30275 rows
   39269 cols (1775 binary, 0 integer, 0 implied int., 37494 continuous, 0 domain fixed)
   156725 nonzeros
Src: B => Branching; C => Central rounding; F => Feasibility pump; H => Heuristic;
     I => Shifting; J => Feasibility jump; L => Sub-MIP; P => Empty MIP; R => Randomized rounding;
     S => Solve LP; T => Evaluate node; U => Unbounded; X => User solution; Y => HiGHS solution;
     Z => ZI Round; l => Trivial lower; p => Trivial point; u => Trivial upper; z => Trivial zero
        Nodes      |    B&B Tree     |            Objective Bounds              |  Dynamic Constraints |       Work
Src  Proc. InQueue |  Leaves   Expl. | BestBound       BestSol              Gap |   Cuts   InLp Confl. | LpIters     Time
         0       0         0   0.00%   17618074835.73  inf                  inf        0      0      0         0     1.6s
 R       0       0         0   0.00%   17784965523.67  1.69746221e+13    99.90%        0      0      0     22973     4.8s
         0       0         0   0.00%   17784976718.82  1.69746221e+13    99.90%     6021    568      0     24420    10.7s
Optimal solution found, objective function value: 1.7785013627794483e10
         0       0         0   0.00%   17784980802.95  1.69746221e+13    99.90%     8092    652      0     24671    16.2s
         0       0         0   0.00%   17784982235.16  1.69746221e+13    99.90%    10414    726      0     24892    22.1s
         0       0         0   0.00%   17784990021.34  1.69746221e+13    99.90%    10846    746      0     25079    28.0s
         0       0         0   0.00%   17784997029.84  1.69746221e+13    99.90%    10516    769      0     25166    34.1s
         0       0         0   0.00%   17785012200.7   1.69746221e+13    99.90%    10762    764      0     25286    40.6s
         0       0         0   0.00%   17785013008.46  1.69746221e+13    99.90%     9945    738      0     25299    46.6s
         0       0         0   0.00%   17785013547.32  1.69746221e+13    99.90%     9961    724      0     25317    53.1s
 L       0       0         0   0.00%   17785013627.79  17785013627.79     0.00%     9961    730      0     25322   815.3s
         1       0         1 100.00%   17785013627.79  17785013627.79     0.00%     9961    730      0    242255   815.3s
Solving report
  Status            Optimal
  Primal bound      17785013627.8
  Dual bound        17785013627.8
  Gap               0% (tolerance: 0%)
  P-D integral      809.640244805
  Solution status   feasible
                    17785013627.8 (objective)
                    0 (bound viol.)
                    4.4408920985e-16 (int. viol.)
                    0 (row viol.)
  Timing            815.33
  Max sub-MIP depth 4
  Nodes             1
  Repair LPs        0
  LP iterations     242255
                    0 (strong br.)
                    2349 (separation)
                    216933 (heuristics)
815.357163 seconds (275 allocations: 11.547 KiB)
Saving model results...  0.789352 seconds (3.99 M allocations: 133.853 MiB, 47.87% gc time)
Postprocessing model results...  0.000057 seconds (48 allocations: 3.312 KiB)
Saving model outputs...  0.311916 seconds (2.56 M allocations: 159.860 MiB)
Rolling model temporal structure...  0.541397 seconds (4.64 M allocations: 97.708 MiB)
Fixing model history...  0.047039 seconds (383.10 k allocations: 18.661 MiB)
Applying model non-anticipativity constraints...  0.000149 seconds (557 allocations: 29.391 KiB)
model - window 3 of 12: 2019-03-02T20:00~(4 weeks, 2 days, 10 hours)~>2019-04-02T06:00
Optimizing model...MIP has 114015 rows; 126309 cols; 294050 nonzeros; 2287 integer variables (0 binary)
Coefficient ranges:
  Matrix  [6e-03, 5e+05]
  Cost    [4e-03, 2e+11]
  Bound   [7e-17, 1e+05]
  RHS     [1e+00, 2e+04]
WARNING: Problem has some excessively large costs
WARNING: Problem has some excessively small column bounds
WARNING:    Consider scaling the objective by 1e-6, or setting the user_objective_scale option to -18
Presolving model
72331 rows, 60698 cols, 197543 nonzeros 0s
31497 rows, 43702 cols, 160901 nonzeros 0s
29941 rows, 38773 cols, 152686 nonzeros 0s
Presolve reductions: rows 29941(-84074); columns 38773(-87536); nonzeros 152686(-141364)
Solving MIP model with:
   29941 rows
   38773 cols (1659 binary, 0 integer, 0 implied int., 37114 continuous, 0 domain fixed)
   152686 nonzeros
Src: B => Branching; C => Central rounding; F => Feasibility pump; H => Heuristic;
     I => Shifting; J => Feasibility jump; L => Sub-MIP; P => Empty MIP; R => Randomized rounding;
     S => Solve LP; T => Evaluate node; U => Unbounded; X => User solution; Y => HiGHS solution;
     Z => ZI Round; l => Trivial lower; p => Trivial point; u => Trivial upper; z => Trivial zero
        Nodes      |    B&B Tree     |            Objective Bounds              |  Dynamic Constraints |       Work
Src  Proc. InQueue |  Leaves   Expl. | BestBound       BestSol              Gap |   Cuts   InLp Confl. | LpIters     Time
         0       0         0   0.00%   -156689117.057  inf                  inf        0      0      0         0     1.7s
 R       0       0         0   0.00%   17892034711.06  1.70770487e+13    99.90%        0      0      0     23666    14.4s
         0       0         0   0.00%   17892068840.02  1.70770487e+13    99.90%     2630    303      0     24423    23.4s
 L       0       0         0   0.00%   17892068840.02  17892068840.02     0.00%     2630    303      0     24423    48.1s
         1       0         1 100.00%   17892068840.02  17892068840.02     0.00%     2630    303      0     27064    48.1s
Solving report
  Status            Optimal
  Primal bound      17892068840
  Dual bound        17892068840
  Gap               0% (tolerance: 0%)
  P-D integral      33.6631221554
  Solution status   feasible
                    17892068840 (objective)
                    0 (bound viol.)
                    2.22044604925e-16 (int. viol.)
                    0 (row viol.)
  Timing            48.11
  Max sub-MIP depth 1
  Nodes             1
  Repair LPs        0
  LP iterations     27064
                    0 (strong br.)
                    757 (separation)
                    2641 (heuristics)
 48.141670 seconds (58 allocations: 2.344 KiB)
Optimal solution found, objective function value: 1.789206884001556e10
Saving model results...  0.371424 seconds (3.99 M allocations: 133.853 MiB)
Postprocessing model results...  0.000049 seconds (48 allocations: 3.312 KiB)
Saving model outputs...  0.319742 seconds (2.56 M allocations: 159.860 MiB)
Rolling model temporal structure...  0.611882 seconds (4.64 M allocations: 97.708 MiB)
Fixing model history...  0.052846 seconds (383.10 k allocations: 18.661 MiB)
Applying model non-anticipativity constraints...  0.000149 seconds (557 allocations: 29.391 KiB)
model - window 4 of 12: 2019-04-02T06:00~(4 weeks, 2 days, 10 hours)~>2019-05-02T16:00
Optimizing model...MIP has 114015 rows; 126309 cols; 294031 nonzeros; 2287 integer variables (0 binary)
Coefficient ranges:
  Matrix  [6e-03, 5e+05]
  Cost    [4e-03, 2e+11]
  Bound   [5e-07, 1e+05]
  RHS     [1e+00, 2e+04]
WARNING: Problem has some excessively large costs
WARNING: Problem has some excessively small column bounds
WARNING:    Consider scaling the objective by 1e-6, or setting the user_objective_scale option to -18
Presolving model
72293 rows, 60660 cols, 197467 nonzeros 0s
31497 rows, 43683 cols, 160882 nonzeros 0s
29942 rows, 38778 cols, 152924 nonzeros 0s
Presolve reductions: rows 29942(-84073); columns 38778(-87531); nonzeros 152924(-141107)
Solving MIP model with:
   29942 rows
   38778 cols (1664 binary, 0 integer, 0 implied int., 37114 continuous, 0 domain fixed)
   152924 nonzeros
Src: B => Branching; C => Central rounding; F => Feasibility pump; H => Heuristic;
     I => Shifting; J => Feasibility jump; L => Sub-MIP; P => Empty MIP; R => Randomized rounding;
     S => Solve LP; T => Evaluate node; U => Unbounded; X => User solution; Y => HiGHS solution;
     Z => ZI Round; l => Trivial lower; p => Trivial point; u => Trivial upper; z => Trivial zero
        Nodes      |    B&B Tree     |            Objective Bounds              |  Dynamic Constraints |       Work
Src  Proc. InQueue |  Leaves   Expl. | BestBound       BestSol              Gap |   Cuts   InLp Confl. | LpIters     Time
         0       0         0   0.00%   -236672708.721  inf                  inf        0      0      0         0     1.5s
 R       0       0         0   0.00%   17839743069.1   1.69533603e+13    99.89%        0      0      0     23480    14.2s
         0       0         0   0.00%   17839790044.78  1.69533603e+13    99.89%     2828    301      0     24342    23.0s
 L       0       0         0   0.00%   17839790044.78  17839790044.78     0.00%     2828    301      0     24342    60.4s
         1       0         1 100.00%   17839790044.78  17839790044.78     0.00%     2828    301      0     40858    60.5s
Solving report
  Status            Optimal
  Primal bound      17839790044.8
  Dual bound        17839790044.8
  Gap               0% (tolerance: 0%)
  P-D integral      46.215869284
  Solution status   feasible
                    17839790044.8 (objective)
                    0 (bound viol.)
                    2.85278467516e-15 (int. viol.)
                    0 (row viol.)
  Timing            60.47
  Max sub-MIP depth 1
  Nodes             1
  Repair LPs        0
  LP iterations     40858
                    0 (strong br.)
                    862 (separation)
                    16516 (heuristics)
 60.493562 seconds (58 allocations: 2.344 KiB)
Optimal solution found, objective function value: 1.7839790044784256e10
Saving model results...  0.623914 seconds (3.99 M allocations: 133.853 MiB, 40.21% gc time)
Postprocessing model results...  0.000056 seconds (48 allocations: 3.312 KiB)
Saving model outputs...  0.338210 seconds (2.56 M allocations: 159.860 MiB)
Rolling model temporal structure...  0.545571 seconds (4.64 M allocations: 97.708 MiB)
Fixing model history...  0.042440 seconds (383.10 k allocations: 18.661 MiB)
Applying model non-anticipativity constraints...  0.000141 seconds (557 allocations: 29.391 KiB)
model - window 5 of 12: 2019-05-02T16:00~(4 weeks, 2 days, 10 hours)~>2019-06-02T02:00
Optimal solution found, objective function value: 1.668392529846978e10
Optimizing model...MIP has 114015 rows; 126309 cols; 294024 nonzeros; 2287 integer variables (0 binary)
Coefficient ranges:
  Matrix  [6e-03, 5e+05]
  Cost    [4e-03, 2e+11]
  Bound   [2e-04, 1e+05]
  RHS     [1e+00, 2e+04]
WARNING: Problem has some excessively large costs
WARNING:    Consider scaling the objective by 1e-6, or setting the user_objective_scale option to -18
Presolving model
72279 rows, 60646 cols, 197439 nonzeros 0s
31824 rows, 43909 cols, 164720 nonzeros 0s
30279 rows, 39113 cols, 156412 nonzeros 0s
Presolve reductions: rows 30279(-83736); columns 39113(-87196); nonzeros 156412(-137612)
Solving MIP model with:
   30279 rows
   39113 cols (1770 binary, 0 integer, 0 implied int., 37343 continuous, 0 domain fixed)
   156412 nonzeros
Src: B => Branching; C => Central rounding; F => Feasibility pump; H => Heuristic;
     I => Shifting; J => Feasibility jump; L => Sub-MIP; P => Empty MIP; R => Randomized rounding;
     S => Solve LP; T => Evaluate node; U => Unbounded; X => User solution; Y => HiGHS solution;
     Z => ZI Round; l => Trivial lower; p => Trivial point; u => Trivial upper; z => Trivial zero
        Nodes      |    B&B Tree     |            Objective Bounds              |  Dynamic Constraints |       Work
Src  Proc. InQueue |  Leaves   Expl. | BestBound       BestSol              Gap |   Cuts   InLp Confl. | LpIters     Time
         0       0         0   0.00%   -225624605.9039 inf                  inf        0      0      0         0     1.7s
 R       0       0         0   0.00%   16683888855.7   1.69533664e+13    99.90%        0      0      0     21819    46.0s
 T       0       0         0   0.00%   16683925298.47  16683925298.47     0.00%     2840    306      0     22752    83.1s
         1       0         1 100.00%   16683925298.47  16683925298.47     0.00%     2840    306      0     22752    83.2s
Solving report
  Status            Optimal
  Primal bound      16683925298.5
  Dual bound        16683925298.5
  Gap               0% (tolerance: 0%)
  P-D integral      37.0405953312
  Solution status   feasible
                    16683925298.5 (objective)
                    0 (bound viol.)
                    1.08246744901e-13 (int. viol.)
                    0 (row viol.)
  Timing            83.15
  Max sub-MIP depth 0
  Nodes             1
  Repair LPs        0
  LP iterations     22752
                    0 (strong br.)
                    933 (separation)
                    0 (heuristics)
 83.230495 seconds (44 allocations: 1.750 KiB)
Saving model results...  1.460702 seconds (3.99 M allocations: 133.854 MiB)
Postprocessing model results...  0.000162 seconds (48 allocations: 3.312 KiB)
Saving model outputs...  1.268609 seconds (2.56 M allocations: 159.860 MiB)
Rolling model temporal structure...  3.310305 seconds (4.64 M allocations: 97.708 MiB, 37.78% gc time)
model - window 6 of 12: 2019-06-02T02:00~(4 weeks, 2 days, 10 hours)~>2019-07-02T12:00
Fixing model history...  0.129462 seconds (383.10 k allocations: 18.661 MiB)
Applying model non-anticipativity constraints...  0.000232 seconds (557 allocations: 29.391 KiB)
Optimizing model...MIP has 114015 rows; 126309 cols; 294025 nonzeros; 2287 integer variables (0 binary)
Coefficient ranges:
  Matrix  [6e-03, 5e+05]
  Cost    [4e-03, 2e+11]
  Bound   [1e-05, 1e+05]
  RHS     [1e+00, 2e+04]
WARNING: Problem has some excessively large costs
WARNING: Problem has some excessively small column bounds
WARNING:    Consider scaling the objective by 1e-6, or setting the user_objective_scale option to -18
Presolving model
72281 rows, 60648 cols, 197443 nonzeros 0s
31497 rows, 43677 cols, 160876 nonzeros 1s
29942 rows, 38777 cols, 152820 nonzeros 3s
Presolve reductions: rows 29942(-84073); columns 38777(-87532); nonzeros 152820(-141205)
Solving MIP model with:
   29942 rows
   38777 cols (1663 binary, 0 integer, 0 implied int., 37114 continuous, 0 domain fixed)
   152820 nonzeros
Src: B => Branching; C => Central rounding; F => Feasibility pump; H => Heuristic;
     I => Shifting; J => Feasibility jump; L => Sub-MIP; P => Empty MIP; R => Randomized rounding;
     S => Solve LP; T => Evaluate node; U => Unbounded; X => User solution; Y => HiGHS solution;
     Z => ZI Round; l => Trivial lower; p => Trivial point; u => Trivial upper; z => Trivial zero
        Nodes      |    B&B Tree     |            Objective Bounds              |  Dynamic Constraints |       Work
Src  Proc. InQueue |  Leaves   Expl. | BestBound       BestSol              Gap |   Cuts   InLp Confl. | LpIters     Time
         0       0         0   0.00%   -239545446.2903 inf                  inf        0      0      0         0     6.6s
 R       0       0         0   0.00%   -239545446.2903 1.72742259e+13   100.00%        0      0      0         0    36.0s
         0       0         0   0.00%   17832259954.01  1.72742259e+13    99.90%        0      0      0     10000    95.6s
         0       0         0   0.00%   17832303190.87  1.72742259e+13    99.90%     2686    302      0     10884   139.5s
 L       0       0         0   0.00%   17832303190.87  17832303190.87     0.00%     2686    302      0     10884   262.1s
         1       0         1 100.00%   17832303190.87  17832303190.87     0.00%     2686    302      0     31917   262.2s
Solving report
  Status            Optimal
  Primal bound      17832303190.9
  Dual bound        17832303190.9
  Gap               0% (tolerance: 0%)
  P-D integral      225.877689348
  Solution status   feasible
                    17832303190.9 (objective)
                    0 (bound viol.)
                    3.33066907388e-16 (int. viol.)
                    0 (row viol.)
  Timing            262.20
  Max sub-MIP depth 1
  Nodes             1
  Repair LPs        0
  LP iterations     31917
                    0 (strong br.)
                    884 (separation)
                    21033 (heuristics)
262.289173 seconds (58 allocations: 2.344 KiB)
Optimal solution found, objective function value: 1.783230319086732e10
Saving model results...  1.513773 seconds (3.99 M allocations: 133.854 MiB)
Postprocessing model results...  0.000046 seconds (48 allocations: 3.312 KiB)
Saving model outputs...  1.246334 seconds (2.56 M allocations: 159.860 MiB)
Rolling model temporal structure...  2.079238 seconds (4.64 M allocations: 97.708 MiB)
Fixing model history...  0.149132 seconds (383.10 k allocations: 18.661 MiB)
Applying model non-anticipativity constraints...  0.000364 seconds (557 allocations: 29.391 KiB)
model - window 7 of 12: 2019-07-02T12:00~(4 weeks, 2 days, 10 hours)~>2019-08-01T22:00
Optimizing model...MIP has 114015 rows; 126309 cols; 294028 nonzeros; 2287 integer variables (0 binary)
Coefficient ranges:
  Matrix  [6e-03, 5e+05]
  Cost    [4e-03, 2e+11]
  Bound   [1e-05, 1e+05]
  RHS     [1e+00, 2e+04]
WARNING: Problem has some excessively large costs
WARNING: Problem has some excessively small column bounds
WARNING:    Consider scaling the objective by 1e-6, or setting the user_objective_scale option to -18
Presolving model
72287 rows, 60654 cols, 197455 nonzeros 0s
31497 rows, 43680 cols, 160879 nonzeros 1s
29941 rows, 38777 cols, 152900 nonzeros 3s
Presolve reductions: rows 29941(-84074); columns 38777(-87532); nonzeros 152900(-141128)
Solving MIP model with:
   29941 rows
   38777 cols (1663 binary, 0 integer, 0 implied int., 37114 continuous, 0 domain fixed)
   152900 nonzeros
Src: B => Branching; C => Central rounding; F => Feasibility pump; H => Heuristic;
     I => Shifting; J => Feasibility jump; L => Sub-MIP; P => Empty MIP; R => Randomized rounding;
     S => Solve LP; T => Evaluate node; U => Unbounded; X => User solution; Y => HiGHS solution;
     Z => ZI Round; l => Trivial lower; p => Trivial point; u => Trivial upper; z => Trivial zero
        Nodes      |    B&B Tree     |            Objective Bounds              |  Dynamic Constraints |       Work
Src  Proc. InQueue |  Leaves   Expl. | BestBound       BestSol              Gap |   Cuts   InLp Confl. | LpIters     Time
         0       0         0   0.00%   936898095.8237  inf                  inf        0      0      0         0     6.2s
 R       0       0         0   0.00%   17867252493.76  1.68297636e+13    99.89%        0      0      0     21722    52.3s
 C       0       0         0   0.00%   17867284378.29  1.68297635e+13    99.89%     2840    301      0     22554    86.3s
 L       0       0         0   0.00%   17867284378.29  17867284378.29     0.00%     2840    301      0     22554   260.3s
         1       0         1 100.00%   17867284378.29  17867284378.29     0.00%     2840    301      0     29368   260.4s
Solving report
  Status            Optimal
  Primal bound      17867284378.3
  Dual bound        17867284378.3
  Gap               0% (tolerance: 0%)
  P-D integral      207.763172293
  Solution status   feasible
                    17867284378.3 (objective)
                    0 (bound viol.)
                    2.22044604925e-16 (int. viol.)
                    0 (row viol.)
  Timing            260.39
  Max sub-MIP depth 1
  Nodes             1
  Repair LPs        0
  LP iterations     29368
                    0 (strong br.)
                    832 (separation)
                    6814 (heuristics)
260.476167 seconds (58 allocations: 2.344 KiB)
Optimal solution found, objective function value: 1.7867284378289474e10
Saving model results...  1.404709 seconds (3.99 M allocations: 133.854 MiB)
Postprocessing model results...  0.000096 seconds (48 allocations: 3.312 KiB)
Saving model outputs...  9.770539 seconds (2.56 M allocations: 159.860 MiB, 86.54% gc time)
Rolling model temporal structure...  1.932008 seconds (4.64 M allocations: 97.708 MiB)
Fixing model history...  0.136093 seconds (383.10 k allocations: 18.661 MiB)
Applying model non-anticipativity constraints...  0.000371 seconds (557 allocations: 29.391 KiB)
model - window 8 of 12: 2019-08-01T22:00~(4 weeks, 2 days, 10 hours)~>2019-09-01T08:00
Optimizing model...MIP has 114015 rows; 126309 cols; 294021 nonzeros; 2287 integer variables (0 binary)
Coefficient ranges:
  Matrix  [6e-03, 5e+05]
  Cost    [4e-03, 2e+11]
  Bound   [2e-04, 1e+05]
  RHS     [1e+00, 2e+04]
WARNING: Problem has some excessively large costs
WARNING:    Consider scaling the objective by 1e-6, or setting the user_objective_scale option to -18
Presolving model
72273 rows, 60640 cols, 197427 nonzeros 0s
31497 rows, 43673 cols, 160872 nonzeros 1s
29941 rows, 38771 cols, 152611 nonzeros 3s
Presolve reductions: rows 29941(-84074); columns 38771(-87538); nonzeros 152611(-141410)
Solving MIP model with:
   29941 rows
   38771 cols (1657 binary, 0 integer, 0 implied int., 37114 continuous, 0 domain fixed)
   152611 nonzeros
Src: B => Branching; C => Central rounding; F => Feasibility pump; H => Heuristic;
     I => Shifting; J => Feasibility jump; L => Sub-MIP; P => Empty MIP; R => Randomized rounding;
     S => Solve LP; T => Evaluate node; U => Unbounded; X => User solution; Y => HiGHS solution;
     Z => ZI Round; l => Trivial lower; p => Trivial point; u => Trivial upper; z => Trivial zero
        Nodes      |    B&B Tree     |            Objective Bounds              |  Dynamic Constraints |       Work
Src  Proc. InQueue |  Leaves   Expl. | BestBound       BestSol              Gap |   Cuts   InLp Confl. | LpIters     Time
         0       0         0   0.00%   -145409615.9243 inf                  inf        0      0      0         0     6.7s
 R       0       0         0   0.00%   17887114553.25  1.7274293e+13     99.90%        0      0      0     22850    97.6s
         0       0         0   0.00%   17887135556.77  1.7274293e+13     99.90%     2873    303      0     23625   109.2s
 L       0       0         0   0.00%   17887135556.77  17887135556.77     0.00%     2873    303      0     23625   144.0s
         1       0         1 100.00%   17887135556.77  17887135556.77     0.00%     2873    303      0     31335   144.1s
Solving report
  Status            Optimal
  Primal bound      17887135556.8
  Dual bound        17887135556.8
  Gap               0% (tolerance: 0%)
  P-D integral      46.4312167916
  Solution status   feasible
                    17887135556.8 (objective)
                    0 (bound viol.)
                    1.70530256582e-15 (int. viol.)
                    0 (row viol.)
  Timing            144.09
  Max sub-MIP depth 1
  Nodes             1
  Repair LPs        0
  LP iterations     31335
                    0 (strong br.)
                    775 (separation)
                    7710 (heuristics)
144.122369 seconds (58 allocations: 2.344 KiB)
Optimal solution found, objective function value: 1.788713555676695e10
Saving model results...  0.515401 seconds (3.99 M allocations: 133.854 MiB)
Postprocessing model results...  0.000073 seconds (48 allocations: 3.312 KiB)
Saving model outputs...  0.386283 seconds (2.56 M allocations: 159.860 MiB)
Rolling model temporal structure...  0.676124 seconds (4.64 M allocations: 97.708 MiB)
Fixing model history...  0.045878 seconds (383.10 k allocations: 18.661 MiB)
Applying model non-anticipativity constraints...  0.000164 seconds (557 allocations: 29.391 KiB)
model - window 9 of 12: 2019-09-01T08:00~(4 weeks, 2 days, 10 hours)~>2019-10-01T18:00
Optimizing model...MIP has 114015 rows; 126309 cols; 294052 nonzeros; 2287 integer variables (0 binary)
Coefficient ranges:
  Matrix  [6e-03, 5e+05]
  Cost    [4e-03, 2e+11]
  Bound   [2e-04, 1e+05]
  RHS     [1e+00, 2e+04]
WARNING: Problem has some excessively large costs
WARNING:    Consider scaling the objective by 1e-6, or setting the user_objective_scale option to -18
Presolving model
72335 rows, 60702 cols, 197551 nonzeros 0s
31497 rows, 43704 cols, 160903 nonzeros 0s
29940 rows, 38769 cols, 152720 nonzeros 1s
Presolve reductions: rows 29940(-84075); columns 38769(-87540); nonzeros 152720(-141332)
Solving MIP model with:
   29940 rows
   38769 cols (1655 binary, 0 integer, 0 implied int., 37114 continuous, 0 domain fixed)
   152720 nonzeros
Src: B => Branching; C => Central rounding; F => Feasibility pump; H => Heuristic;
     I => Shifting; J => Feasibility jump; L => Sub-MIP; P => Empty MIP; R => Randomized rounding;
     S => Solve LP; T => Evaluate node; U => Unbounded; X => User solution; Y => HiGHS solution;
     Z => ZI Round; l => Trivial lower; p => Trivial point; u => Trivial upper; z => Trivial zero
        Nodes      |    B&B Tree     |            Objective Bounds              |  Dynamic Constraints |       Work
Src  Proc. InQueue |  Leaves   Expl. | BestBound       BestSol              Gap |   Cuts   InLp Confl. | LpIters     Time
         0       0         0   0.00%   -140531763.0646 inf                  inf        0      0      0         0     2.2s
 R       0       0         0   0.00%   17891708824.75  1.70770548e+13    99.90%        0      0      0     22029    19.1s
         0       0         0   0.00%   17891730153.75  1.70770548e+13    99.90%     2796    303      0     22763    29.8s
 L       0       0         0   0.00%   17891730153.75  17891730153.75     0.00%     2796    303      0     22763    58.0s
         1       0         1 100.00%   17891730153.75  17891730153.75     0.00%     2796    303      0     42437    58.0s
Solving report
  Status            Optimal
  Primal bound      17891730153.8
  Dual bound        17891730153.8
  Gap               0% (tolerance: 0%)
  P-D integral      38.8502827667
  Solution status   feasible
                    17891730153.8 (objective)
                    0 (bound viol.)
                    9.15933995316e-16 (int. viol.)
                    0 (row viol.)
  Timing            58.03
  Max sub-MIP depth 1
  Nodes             1
  Repair LPs        0
  LP iterations     42437
                    0 (strong br.)
                    734 (separation)
                    19674 (heuristics)
 58.062881 seconds (58 allocations: 2.344 KiB)
Optimal solution found, objective function value: 1.78917301537544e10
Saving model results...  0.493344 seconds (3.99 M allocations: 133.854 MiB)
Postprocessing model results...  0.000049 seconds (48 allocations: 3.312 KiB)
Saving model outputs...  0.402387 seconds (2.56 M allocations: 159.860 MiB)
Rolling model temporal structure...  0.668948 seconds (4.64 M allocations: 97.708 MiB)
Fixing model history...  0.052502 seconds (383.10 k allocations: 18.661 MiB)
Applying model non-anticipativity constraints...  0.000199 seconds (557 allocations: 29.391 KiB)
model - window 10 of 12: 2019-10-01T18:00~(4 weeks, 2 days, 10 hours)~>2019-11-01T04:00
Optimizing model...MIP has 114015 rows; 126309 cols; 294054 nonzeros; 2287 integer variables (0 binary)
Coefficient ranges:
  Matrix  [6e-03, 5e+05]
  Cost    [4e-03, 2e+11]
  Bound   [2e-04, 1e+05]
  RHS     [1e+00, 2e+04]
WARNING: Problem has some excessively large costs
WARNING:    Consider scaling the objective by 1e-6, or setting the user_objective_scale option to -18
Presolving model
72339 rows, 60706 cols, 197559 nonzeros 0s
31824 rows, 43939 cols, 164750 nonzeros 0s
30278 rows, 39107 cols, 156213 nonzeros 1s
Presolve reductions: rows 30278(-83737); columns 39107(-87202); nonzeros 156213(-137841)
Solving MIP model with:
   30278 rows
   39107 cols (1764 binary, 0 integer, 0 implied int., 37343 continuous, 0 domain fixed)
   156213 nonzeros
Src: B => Branching; C => Central rounding; F => Feasibility pump; H => Heuristic;
     I => Shifting; J => Feasibility jump; L => Sub-MIP; P => Empty MIP; R => Randomized rounding;
     S => Solve LP; T => Evaluate node; U => Unbounded; X => User solution; Y => HiGHS solution;
     Z => ZI Round; l => Trivial lower; p => Trivial point; u => Trivial upper; z => Trivial zero
        Nodes      |    B&B Tree     |            Objective Bounds              |  Dynamic Constraints |       Work
Src  Proc. InQueue |  Leaves   Expl. | BestBound       BestSol              Gap |   Cuts   InLp Confl. | LpIters     Time
         0       0         0   0.00%   -138090696.4189 inf                  inf        0      0      0         0     2.3s
 R       0       0         0   0.00%   16738393572.08  1.72742979e+13    99.90%        0      0      0     21634    20.7s
 T       0       0         0   0.00%   16738416785.29  16738416785.29     0.00%     2792    308      0     22359    34.6s
         1       0         1 100.00%   16738416785.29  16738416785.29     0.00%     2792    308      0     22359    34.6s
Solving report
  Status            Optimal
  Primal bound      16738416785.3
  Dual bound        16738416785.3
  Gap               0% (tolerance: 0%)
  P-D integral      13.8380201233
  Solution status   feasible
                    16738416785.3 (objective)
                    0 (bound viol.)
                    5.4733995114e-14 (int. viol.)
                    0 (row viol.)
  Timing            34.61
  Max sub-MIP depth 0
  Nodes             1
  Repair LPs        0
  LP iterations     22359
                    0 (strong br.)
                    725 (separation)
                    0 (heuristics)
 34.644824 seconds (44 allocations: 1.750 KiB)
Optimal solution found, objective function value: 1.6738416785292204e10
Saving model results...  0.776100 seconds (3.99 M allocations: 133.854 MiB, 35.10% gc time)
Postprocessing model results...  0.000066 seconds (48 allocations: 3.312 KiB)
Saving model outputs...  0.396552 seconds (2.56 M allocations: 159.860 MiB)
Rolling model temporal structure...  0.635098 seconds (4.64 M allocations: 97.708 MiB)
Fixing model history...  0.047852 seconds (383.10 k allocations: 18.661 MiB)
Applying model non-anticipativity constraints...  0.000169 seconds (557 allocations: 29.391 KiB)
model - window 11 of 12: 2019-11-01T04:00~(4 weeks, 2 days, 10 hours)~>2019-12-01T14:00
Optimizing model...MIP has 114015 rows; 126309 cols; 294088 nonzeros; 2287 integer variables (0 binary)
Coefficient ranges:
  Matrix  [6e-03, 5e+05]
  Cost    [4e-03, 2e+11]
  Bound   [1e-05, 1e+05]
  RHS     [1e+00, 2e+04]
WARNING: Problem has some excessively large costs
WARNING: Problem has some excessively small column bounds
WARNING:    Consider scaling the objective by 1e-6, or setting the user_objective_scale option to -18
Presolving model
72407 rows, 60774 cols, 197695 nonzeros 0s
31497 rows, 43740 cols, 160939 nonzeros 0s
29940 rows, 38768 cols, 152635 nonzeros 1s
Presolve reductions: rows 29940(-84075); columns 38768(-87541); nonzeros 152635(-141453)
Solving MIP model with:
   29940 rows
   38768 cols (1654 binary, 0 integer, 0 implied int., 37114 continuous, 0 domain fixed)
   152635 nonzeros
Src: B => Branching; C => Central rounding; F => Feasibility pump; H => Heuristic;
     I => Shifting; J => Feasibility jump; L => Sub-MIP; P => Empty MIP; R => Randomized rounding;
     S => Solve LP; T => Evaluate node; U => Unbounded; X => User solution; Y => HiGHS solution;
     Z => ZI Round; l => Trivial lower; p => Trivial point; u => Trivial upper; z => Trivial zero
        Nodes      |    B&B Tree     |            Objective Bounds              |  Dynamic Constraints |       Work
Src  Proc. InQueue |  Leaves   Expl. | BestBound       BestSol              Gap |   Cuts   InLp Confl. | LpIters     Time
         0       0         0   0.00%   -137566845.9196 inf                  inf        0      0      0         0     2.3s
 R       0       0         0   0.00%   17893207167.25  1.7274297e+13     99.90%        0      0      0     22637    18.2s
         0       0         0   0.00%   17893231949.04  1.7274297e+13     99.90%     2703    304      0     23346    28.1s
 L       0       0         0   0.00%   17893231949.04  17893231949.04     0.00%     2703    304      0     23346    71.8s
         1       0         1 100.00%   17893231949.04  17893231949.04     0.00%     2703    304      0     31100    71.9s
Solving report
  Status            Optimal
  Primal bound      17893231949
  Dual bound        17893231949
  Gap               0% (tolerance: 0%)
  P-D integral      53.6125131559
  Solution status   feasible
                    17893231949 (objective)
                    0 (bound viol.)
                    7.81028575148e-15 (int. viol.)
                    0 (row viol.)
  Timing            71.87
  Max sub-MIP depth 1
  Nodes             1
  Repair LPs        0
  LP iterations     31100
                    0 (strong br.)
                    709 (separation)
                    7754 (heuristics)
 71.894477 seconds (58 allocations: 2.344 KiB)
Optimal solution found, objective function value: 1.789323194904292e10
Saving model results...  0.445102 seconds (3.99 M allocations: 133.854 MiB)
Postprocessing model results...  0.000096 seconds (48 allocations: 3.312 KiB)
Saving model outputs...  0.381648 seconds (2.56 M allocations: 159.879 MiB)
Rolling model temporal structure...  0.739811 seconds (4.64 M allocations: 97.663 MiB)
Fixing model history...  0.064993 seconds (383.10 k allocations: 18.661 MiB)
Applying model non-anticipativity constraints...  0.000179 seconds (557 allocations: 29.391 KiB)
model - window 12 of 12: 2019-12-01T14:00~(4 weeks, 2 days, 10 hours)~>2020-01-01T00:00
Optimizing model...MIP has 114015 rows; 126309 cols; 294087 nonzeros; 2287 integer variables (0 binary)
Coefficient ranges:
  Matrix  [6e-03, 5e+05]
  Cost    [4e-03, 2e+11]
  Bound   [1e-05, 1e+05]
  RHS     [1e+00, 2e+04]
WARNING: Problem has some excessively large costs
WARNING: Problem has some excessively small column bounds
WARNING:    Consider scaling the objective by 1e-6, or setting the user_objective_scale option to -18
Presolving model
72405 rows, 60772 cols, 197691 nonzeros 0s
31824 rows, 43972 cols, 164783 nonzeros 0s
30279 rows, 39107 cols, 156299 nonzeros 1s
Presolve reductions: rows 30279(-83736); columns 39107(-87202); nonzeros 156299(-137788)
Solving MIP model with:
   30279 rows
   39107 cols (1764 binary, 0 integer, 0 implied int., 37343 continuous, 0 domain fixed)
   156299 nonzeros
Src: B => Branching; C => Central rounding; F => Feasibility pump; H => Heuristic;
     I => Shifting; J => Feasibility jump; L => Sub-MIP; P => Empty MIP; R => Randomized rounding;
     S => Solve LP; T => Evaluate node; U => Unbounded; X => User solution; Y => HiGHS solution;
     Z => ZI Round; l => Trivial lower; p => Trivial point; u => Trivial upper; z => Trivial zero
        Nodes      |    B&B Tree     |            Objective Bounds              |  Dynamic Constraints |       Work
Src  Proc. InQueue |  Leaves   Expl. | BestBound       BestSol              Gap |   Cuts   InLp Confl. | LpIters     Time
         0       0         0   0.00%   990793948.9706  inf                  inf        0      0      0         0     2.2s
         0       0         0   0.00%   16738506919.94  inf                  inf        0      0      0     21659    16.9s
 R       0       0         0   0.00%   16738526593.41  65434564406.31    74.42%     4522    303      0     22381    28.1s
 T       0       0         0   0.00%   16738527651.99  16738527651.99     0.00%     4848    309      0     22396    47.9s
         1       0         1 100.00%   16738527651.99  16738527651.99     0.00%     4848    309      0     22396    47.9s
Solving report
  Status            Optimal
  Primal bound      16738527652
  Dual bound        16738527652
  Gap               0% (tolerance: 0%)
  P-D integral      14.7816688496
  Solution status   feasible
                    16738527652 (objective)
                    0 (bound viol.)
                    2.22044604925e-16 (int. viol.)
                    0 (row viol.)
  Timing            47.95
  Max sub-MIP depth 0
  Nodes             1
  Repair LPs        0
  LP iterations     22396
                    0 (strong br.)
                    737 (separation)
                    0 (heuristics)
 48.013857 seconds (51 allocations: 2.047 KiB)
Optimal solution found, objective function value: 1.6738527651989437e10
Saving model results...  1.783034 seconds (3.99 M allocations: 133.854 MiB, 29.21% gc time)
Postprocessing model results...  0.000048 seconds (48 allocations: 3.312 KiB)
Saving model outputs...  1.027179 seconds (2.56 M allocations: 159.860 MiB)
Rolling model temporal structure...  0.000097 seconds (47 allocations: 1.312 KiB)
Rolling complete
Solve complete. Started at 2026-07-09T11:59:59.597, ended at 2026-07-09T12:32:39.191, elapsed time: 32 minutes, 39 seconds, 594 milliseconds
Time summary:
Action                                           │ min       │ max        │ avg
─────────────────────────────────────────────────┼───────────┼────────────┼───────────────────────
Postprocessing model results...                  │ 4.6e-5    │ 0.000162   │ 7.416666666666668e-5
Fixing model history...                          │ 0.04244   │ 0.149132   │ 0.07434527272727272
Applying model non-anticipativity constraints... │ 0.000141  │ 0.000371   │ 0.00021036363636363638
Rolling model temporal structure...              │ 9.7e-5    │ 3.310305   │ 1.0222923333333334
Saving model results...                          │ 0.371424  │ 1.783034   │ 0.882202
Optimizing model...                              │ 29.314442 │ 815.357163 │ 159.67009
Saving model outputs...                          │ 0.307293  │ 9.770539   │ 1.346391
Writing report to sqlite:///C:\Users\jfg.eco\Documents\GitHub\Nord_H2ub\Spine_Projects\02_basic_energy_model\.spinetoolbox\items\outputtest\OutputTest.sqlite?spinedbfilter=cfg%3Aexecution%3A%7B%22execution_item%22%3A+%22Run+SpineOpt%22%2C+%22scenarios%22%3A+%5B%5D%2C+%22timestamp%22%3A+%222026-07-09T11%3A57%3A34%22%7D... 10.719715 seconds (21.01 M allocations: 1.264 GiB, 4.58% gc time)
Execution complete. Started at 2026-07-09T11:57:36.590, ended at 2026-07-09T12:33:19.633, elapsed time: 35 minutes, 43 seconds, 43 milliseconds
A JuMP Model
├ solver: HiGHS
├ objective_sense: MIN_SENSE
│ └ objective_function_type: JuMP.AffExpr
├ num_variables: 126309
├ num_constraints: 228741
│ ├ JuMP.AffExpr in MOI.EqualTo{Float64}: 32207
│ ├ JuMP.AffExpr in MOI.GreaterThan{Float64}: 30684
│ ├ JuMP.AffExpr in MOI.LessThan{Float64}: 51124
│ ├ JuMP.VariableRef in MOI.EqualTo{Float64}: 880
│ ├ JuMP.VariableRef in MOI.GreaterThan{Float64}: 108608
│ ├ JuMP.VariableRef in MOI.LessThan{Float64}: 2951
│ └ JuMP.VariableRef in MOI.Integer: 2287
└ Names registered in the model: none
