### Spine execution log file
### Item name: Run SpineOpt
### Filter id: 
### Part: 1

# Running julia run_spineopt.jl http://127.0.0.1:63794 http://127.0.0.1:63796
2-element Vector{String}:
 "http://127.0.0.1:63794"
 "http://127.0.0.1:63796"
WARNING: using JuMP.parameter_value in module SpineInterface conflicts with an existing identifier.
Running SpineOpt...
WARNING: using JuMP.Parameter in module SpineInterface conflicts with an existing identifier.
[SpineOpt version 0.10.2 (git hash: N/A)]
[SpineInterface version 0.15.2 (git hash: N/A)]
Execution started at 2026-07-15T22:38:36.941
Reading input data from sqlite:///C:\Users\jfg.eco\Documents\GitHub\Nord_H2ub\Spine_Projects\02_basic_energy_model\.spinetoolbox\items\input\Input.sqlite...
Initializing  data structure from db... 19.131632 seconds (30.13 M allocations: 1.478 GiB, 1.79% gc time, 96.52% compilation time)
Preprocessing  data structure... 18.713894 seconds (15.43 M allocations: 765.661 MiB, 0.67% gc time, 99.56% compilation time)
Checking  data structure...  1.591724 seconds (1.07 M allocations: 53.956 MiB, 99.77% compilation time)
Build started at 2026-07-15T22:39:41.396
Creating model temporal structure...[ Info: the last time slice of temporal block Default_Investment_period has been cut to fit within the block
[ Info: the last time slice of temporal block daily has been cut to fit within the block
 55.254439 seconds (438.02 M allocations: 22.527 GiB, 30.03% gc time, 11.18% compilation time)
Creating model stochastic structure...  7.482228 seconds (10.20 M allocations: 798.958 MiB, 20.41% gc time, 74.00% compilation time)
Adding model independent variables...
- [variable_binary_gas_connection_flow]  3.598063 seconds (5.84 M allocations: 208.157 MiB, 96.98% compilation time)
- [variable_connection_flow] 16.011219 seconds (26.59 M allocations: 1.458 GiB, 7.69% gc time, 92.17% compilation time)
- [variable_connection_intact_flow]  5.226346 seconds (10.86 M allocations: 664.631 MiB, 49.61% gc time, 81.36% compilation time)
- [variable_connections_decommissioned]  3.605892 seconds (6.27 M allocations: 229.168 MiB, 97.47% compilation time)
- [variable_connections_invested]  0.465628 seconds (2.39 M allocations: 133.619 MiB, 40.03% compilation time)
- [variable_connections_invested_available]  1.066638 seconds (3.20 M allocations: 175.757 MiB, 74.56% compilation time)
- [variable_min_capacity_margin_slack]  1.810068 seconds (4.06 M allocations: 121.426 MiB, 16.12% gc time, 93.45% compilation time)
- [variable_node_injection]  2.801856 seconds (8.41 M allocations: 434.950 MiB, 83.20% compilation time)
- [variable_node_pressure]  0.842551 seconds (3.09 M allocations: 75.503 MiB, 88.36% compilation time)
- [variable_node_slack_neg]  1.366576 seconds (6.26 M allocations: 287.032 MiB, 16.46% gc time, 53.67% compilation time)
- [variable_node_slack_pos]  0.376343 seconds (5.61 M allocations: 251.942 MiB)
- [variable_node_state]  2.665781 seconds (6.72 M allocations: 268.273 MiB, 88.30% compilation time)
- [variable_node_voltage_angle]  0.877177 seconds (3.10 M allocations: 75.816 MiB, 88.69% compilation time)
- [variable_nonspin_units_shut_down]  1.694420 seconds (4.34 M allocations: 133.880 MiB, 9.90% gc time, 85.19% compilation time)
- [variable_nonspin_units_started_up]  0.841732 seconds (3.44 M allocations: 89.525 MiB, 91.20% compilation time)
- [variable_storages_decommissioned]  2.263741 seconds (4.48 M allocations: 142.180 MiB, 95.96% compilation time)
- [variable_storages_invested]  0.420658 seconds (2.38 M allocations: 88.113 MiB, 69.05% compilation time)
- [variable_storages_invested_available]  0.287621 seconds (2.04 M allocations: 70.807 MiB, 50.49% compilation time)
- [variable_unit_flow] 10.810397 seconds (25.40 M allocations: 2.026 GiB, 5.44% gc time, 80.49% compilation time)
- [variable_unit_flow_op]  4.530860 seconds (8.56 M allocations: 393.289 MiB, 94.61% compilation time)
- [variable_unit_flow_op_active]  2.439375 seconds (5.52 M allocations: 248.281 MiB, 4.52% gc time, 83.03% compilation time)
- [variable_units_invested]  3.682543 seconds (5.79 M allocations: 290.108 MiB, 2.49% gc time, 90.66% compilation time)
- [variable_units_invested_available]  0.510955 seconds (2.63 M allocations: 136.906 MiB, 54.33% compilation time)
- [variable_units_mothballed]  0.075006 seconds (2.29 M allocations: 35.412 MiB)
- [variable_units_on]  3.745791 seconds (8.45 M allocations: 375.606 MiB, 3.59% gc time, 88.25% compilation time)
- [variable_units_out_of_service]  0.796890 seconds (3.03 M allocations: 72.678 MiB, 88.38% compilation time)
- [variable_units_returned_to_service]  0.178316 seconds (2.38 M allocations: 39.663 MiB, 51.48% compilation time)
- [variable_units_shut_down]  1.857752 seconds (3.64 M allocations: 108.487 MiB, 7.54% gc time, 93.60% compilation time)
- [variable_units_started_up]  0.152009 seconds (2.59 M allocations: 54.320 MiB, 34.23% compilation time)
- [variable_units_taken_out_of_service]  0.089205 seconds (2.31 M allocations: 35.939 MiB, 13.89% compilation time)
- [variable_user_constraint_slack_neg]  1.392929 seconds (3.95 M allocations: 115.223 MiB, 91.49% compilation time)
- [variable_user_constraint_slack_pos]  0.085402 seconds (2.29 M allocations: 34.898 MiB)
 82.108268 seconds (205.25 M allocations: 9.576 GiB, 7.01% gc time, 87.41% compilation time)
Adding model dependent variables...
- [variable_connection_flow]  4.359580 seconds (10.24 M allocations: 492.429 MiB, 3.24% gc time, 88.11% compilation time)
- [variable_unit_flow]  2.444820 seconds (7.18 M allocations: 349.922 MiB, 9.37% gc time, 63.89% compilation time)
  7.242888 seconds (18.46 M allocations: 893.165 MiB, 5.12% gc time, 80.63% compilation time)
Adding model expressions...
- [expression_capacity_margin]  0.370057 seconds (1.04 M allocations: 49.209 MiB, 99.93% compilation time)
  0.396995 seconds (1.04 M allocations: 49.270 MiB, 99.58% compilation time)
Adding model constraints...
- [constraint_candidate_connection_flow_lb]  0.597736 seconds (790.77 k allocations: 37.972 MiB, 99.86% compilation time)
- [constraint_candidate_connection_flow_ub]  0.160471 seconds (354.09 k allocations: 17.392 MiB, 99.74% compilation time)
- [constraint_compression_ratio]  0.080313 seconds (114.70 k allocations: 5.771 MiB, 99.76% compilation time)
- [constraint_connection_flow_capacity]  6.466432 seconds (23.69 M allocations: 1.288 GiB, 3.58% gc time, 62.89% compilation time)
- [constraint_connection_flow_gas_capacity]  0.078133 seconds (102.85 k allocations: 5.047 MiB, 99.73% compilation time)
- [constraint_connection_flow_intact_flow]  0.280471 seconds (272.30 k allocations: 13.363 MiB, 99.84% compilation time)
- [constraint_connection_flow_lodf]  0.254472 seconds (520.06 k allocations: 24.519 MiB, 99.81% compilation time)
- [constraint_connection_intact_flow_capacity]  0.660950 seconds (755.53 k allocations: 37.032 MiB, 29.67% gc time, 99.91% compilation time)
- [constraint_connection_intact_flow_ptdf]  0.278451 seconds (324.41 k allocations: 16.269 MiB, 99.85% compilation time)
- [constraint_connection_lifetime] 25.150418 seconds (132.16 M allocations: 13.636 GiB, 46.23% gc time, 8.58% compilation time)
- [constraint_connection_unitary_gas_flow]  0.111087 seconds (303.38 k allocations: 15.024 MiB, 99.83% compilation time)
- [constraint_connections_invested_available]  0.756087 seconds (1.15 M allocations: 55.218 MiB, 99.74% compilation time)
- [constraint_connections_invested_transition]  1.924463 seconds (2.28 M allocations: 111.849 MiB, 99.73% compilation time)
- [constraint_cyclic_node_state]  0.325216 seconds (241.33 k allocations: 11.979 MiB, 99.86% compilation time)
- [constraint_fix_node_pressure_point]  0.095351 seconds (69.35 k allocations: 3.424 MiB, 98.71% compilation time)
- [constraint_fix_ratio_in_in_unit_flow]  3.384167 seconds (5.27 M allocations: 273.044 MiB, 93.99% compilation time)
- [constraint_fix_ratio_in_out_unit_flow]  0.148395 seconds (371.96 k allocations: 17.927 MiB, 99.41% compilation time)
- [constraint_fix_ratio_out_in_connection_flow]  3.226911 seconds (4.07 M allocations: 207.822 MiB, 9.24% gc time, 96.42% compilation time)
- [constraint_fix_ratio_out_in_unit_flow]  0.000168 seconds (185 allocations: 11.508 KiB)
- [constraint_fix_ratio_out_out_unit_flow]  0.000554 seconds (1.09 k allocations: 58.258 KiB)
- [constraint_investment_group_equal_investments]  0.284787 seconds (183.65 k allocations: 9.230 MiB, 99.84% compilation time)
- [constraint_investment_group_maximum_capacity_invested_available]  0.204064 seconds (240.75 k allocations: 11.792 MiB, 99.90% compilation time)
- [constraint_investment_group_maximum_entities_invested_available]  0.227660 seconds (242.64 k allocations: 11.847 MiB, 99.92% compilation time)
- [constraint_investment_group_minimum_capacity_invested_available]  0.063534 seconds (37.40 k allocations: 1.897 MiB, 99.72% compilation time)
- [constraint_investment_group_minimum_entities_invested_available]  0.068772 seconds (37.41 k allocations: 1.900 MiB, 99.65% compilation time)
- [constraint_max_node_pressure]  0.291183 seconds (401.37 k allocations: 19.578 MiB, 99.85% compilation time)
- [constraint_max_node_voltage_angle]  0.102917 seconds (77.06 k allocations: 3.834 MiB, 99.58% compilation time)
- [constraint_max_ratio_in_in_unit_flow]  0.000212 seconds (185 allocations: 11.508 KiB)
- [constraint_max_ratio_in_out_unit_flow]  0.000210 seconds (185 allocations: 11.508 KiB)
- [constraint_max_ratio_out_in_connection_flow]  0.087342 seconds (166.17 k allocations: 8.016 MiB, 99.75% compilation time)
- [constraint_max_ratio_out_in_unit_flow]  0.000181 seconds (185 allocations: 11.508 KiB)
- [constraint_max_ratio_out_out_unit_flow]  0.000206 seconds (185 allocations: 11.508 KiB)
- [constraint_max_total_cumulated_unit_flow_from_node]  0.265257 seconds (130.95 k allocations: 6.526 MiB, 99.90% compilation time)
- [constraint_max_total_cumulated_unit_flow_to_node]  0.000097 seconds (80 allocations: 5.039 KiB)
- [constraint_min_capacity_margin]  0.069335 seconds (51.32 k allocations: 2.595 MiB, 99.68% compilation time)
- [constraint_min_down_time]  3.257380 seconds (6.72 M allocations: 399.929 MiB, 84.32% compilation time)
- [constraint_min_node_pressure]  0.090511 seconds (64.12 k allocations: 3.183 MiB, 99.57% compilation time)
- [constraint_min_node_voltage_angle]  0.089915 seconds (64.17 k allocations: 3.171 MiB, 99.60% compilation time)
- [constraint_min_ratio_in_in_unit_flow]  0.000289 seconds (185 allocations: 11.508 KiB)
- [constraint_min_ratio_in_out_unit_flow]  0.000224 seconds (185 allocations: 11.508 KiB)
- [constraint_min_ratio_out_in_connection_flow]  0.065607 seconds (34.77 k allocations: 1.752 MiB, 99.65% compilation time)
- [constraint_min_ratio_out_in_unit_flow]  0.000169 seconds (185 allocations: 11.508 KiB)
- [constraint_min_ratio_out_out_unit_flow]  0.000174 seconds (185 allocations: 11.508 KiB)
- [constraint_min_scheduled_outage_duration]  0.240493 seconds (145.73 k allocations: 7.222 MiB, 99.90% compilation time)
- [constraint_min_total_cumulated_unit_flow_from_node]  0.062777 seconds (34.76 k allocations: 1.749 MiB, 99.65% compilation time)
- [constraint_min_total_cumulated_unit_flow_to_node]  0.000110 seconds (80 allocations: 5.039 KiB)
- [constraint_min_up_time]  0.920067 seconds (1.41 M allocations: 77.610 MiB, 89.13% compilation time)
- [constraint_minimum_operating_point]  2.431420 seconds (5.16 M allocations: 286.214 MiB, 9.06% gc time, 74.23% compilation time)
- [constraint_nodal_balance]  2.681476 seconds (7.67 M allocations: 406.181 MiB, 84.41% compilation time)
- [constraint_node_injection]  6.000490 seconds (27.72 M allocations: 1.390 GiB, 3.45% gc time, 55.97% compilation time)
- [constraint_node_state_capacity]  1.966332 seconds (5.79 M allocations: 294.977 MiB, 9.54% gc time, 79.31% compilation time)
- [constraint_node_voltage_angle]  0.222663 seconds (90.09 k allocations: 4.600 MiB, 99.91% compilation time)
- [constraint_non_spinning_reserves_lower_bound]  0.111429 seconds (152.22 k allocations: 7.694 MiB, 99.76% compilation time)
- [constraint_non_spinning_reserves_shut_down_upper_bound]  0.222722 seconds (259.29 k allocations: 12.686 MiB, 99.73% compilation time)
- [constraint_non_spinning_reserves_start_up_upper_bound]  0.000211 seconds (406 allocations: 20.133 KiB)
- [constraint_operating_point_bounds] 21.721716 seconds (165.35 M allocations: 18.827 GiB, 16.76% gc time, 9.23% compilation time)
- [constraint_operating_point_rank]  0.757811 seconds (1.33 M allocations: 78.863 MiB, 95.41% compilation time)
- [constraint_ramp_down]  3.358903 seconds (5.62 M allocations: 303.836 MiB, 3.26% gc time, 88.21% compilation time)
- [constraint_ramp_up]  1.398322 seconds (3.13 M allocations: 183.288 MiB, 79.28% compilation time)
- [constraint_ratio_out_in_connection_intact_flow]  0.151054 seconds (114.27 k allocations: 5.844 MiB, 99.73% compilation time)
- [constraint_storage_lifetime]  5.289483 seconds (36.46 M allocations: 3.828 GiB, 23.69% gc time, 27.53% compilation time)
- [constraint_storage_line_pack]  0.122557 seconds (169.35 k allocations: 8.291 MiB, 99.83% compilation time)
- [constraint_storages_invested_available]  0.306934 seconds (426.13 k allocations: 20.580 MiB, 99.68% compilation time)
- [constraint_storages_invested_transition]  0.355599 seconds (367.02 k allocations: 18.783 MiB, 99.43% compilation time)
- [constraint_unit_flow_capacity]  1.976032 seconds (8.91 M allocations: 479.414 MiB, 6.21% gc time, 66.88% compilation time)
- [constraint_unit_flow_op_bounds]  0.768030 seconds (3.12 M allocations: 166.724 MiB, 74.84% compilation time)
- [constraint_unit_flow_op_rank]  0.756407 seconds (2.49 M allocations: 136.813 MiB, 78.70% compilation time)
- [constraint_unit_flow_op_sum]  0.617247 seconds (877.03 k allocations: 45.774 MiB, 98.27% compilation time)
- [constraint_unit_lifetime] 12.957422 seconds (123.47 M allocations: 13.270 GiB, 33.15% gc time, 5.75% compilation time)
- [constraint_unit_state_transition]  0.786698 seconds (1.65 M allocations: 86.485 MiB, 97.27% compilation time)
- [constraint_units_available]  2.072214 seconds (12.56 M allocations: 632.720 MiB, 8.19% gc time, 50.32% compilation time)
- [constraint_units_invested_available]  0.185514 seconds (130.92 k allocations: 6.594 MiB, 99.39% compilation time)
- [constraint_units_invested_transition]  0.624617 seconds (501.68 k allocations: 25.168 MiB, 99.55% compilation time)
- [constraint_units_out_of_service_contiguity]  0.158335 seconds (78.09 k allocations: 4.011 MiB, 99.88% compilation time)
- [constraint_units_out_of_service_transition]  0.093207 seconds (119.58 k allocations: 6.076 MiB, 99.59% compilation time)
- [constraint_user_constraint]  6.237426 seconds (12.80 M allocations: 660.422 MiB, 93.45% compilation time)
136.518442 seconds (640.52 M allocations: 58.909 GiB, 16.66% gc time, 48.46% compilation time)
Setting model objective...  6.759585 seconds (17.77 M allocations: 916.990 MiB, 2.57% gc time, 91.56% compilation time)
Build complete. Started at 2026-07-15T22:39:41.396, ended at 2026-07-15T22:44:39.084, elapsed time: 4 minutes, 57 seconds, 688 milliseconds
Solve started at 2026-07-15T22:44:39.335
Bringing model to the first window...  4.986987 seconds (33.55 M allocations: 1.639 GiB, 11.15% gc time, 41.71% compilation time)
model - window 1 of 12: 2019-01-01T00:00~(4 weeks, 2 days, 10 hours)~>2019-01-31T10:00
Optimizing model...Running HiGHS 1.14.0 (git hash: 7df0786de3): Copyright (c) 2026 under Apache 2.0 license terms
Using BLAS: blastrampoline-5
MIP has 105242 rows; 112291 cols; 258548 nonzeros; 2239 integer variables (0 binary)
Coefficient ranges:
  Matrix  [6e-03, 5e+05]
  Cost    [4e-03, 5e+11]
  Bound   [1e+00, 1e+05]
  RHS     [1e+00, 2e+04]
WARNING: Problem has some excessively large costs
WARNING:    Consider scaling the objective by 1e-6, or setting the user_objective_scale option to -19
Presolving model
49023 rows, 54926 cols, 159508 nonzeros 0s
32540 rows, 40643 cols, 141887 nonzeros 0s
30015 rows, 37743 cols, 137475 nonzeros 0s
Presolve reductions: rows 30015(-75227); columns 37743(-74548); nonzeros 137475(-121073)
Solving MIP model with:
   30015 rows
   37743 cols (1855 binary, 0 integer, 0 implied int., 35888 continuous, 0 domain fixed)
   137475 nonzeros
Src: B => Branching; C => Central rounding; F => Feasibility pump; H => Heuristic;
     I => Shifting; J => Feasibility jump; L => Sub-MIP; P => Empty MIP; R => Randomized rounding;
     S => Solve LP; T => Evaluate node; U => Unbounded; X => User solution; Y => HiGHS solution;
     Z => ZI Round; l => Trivial lower; p => Trivial point; u => Trivial upper; z => Trivial zero
        Nodes      |    B&B Tree     |            Objective Bounds              |  Dynamic Constraints |       Work
Src  Proc. InQueue |  Leaves   Expl. | BestBound       BestSol              Gap |   Cuts   InLp Confl. | LpIters     Time
         0       0         0   0.00%   3.09627799e+11  inf                  inf        0      0      0         0     1.4s
 R       0       0         0   0.00%   3.2668808e+11   2.73556944e+13    98.81%        0      0      0     25204    14.0s
         0       0         0   0.00%   3.26689581e+11  2.73556944e+13    98.81%     1551    375      0     27162    19.1s
         0       0         0   0.00%   3.26690608e+11  2.73556944e+13    98.81%     2771    799      0     28220    27.5s
         0       0         0   0.00%   3.28855311e+11  2.73556944e+13    98.80%     3332    818      0     35115    44.4s
         0       0         0   0.00%   3.48384974e+11  2.73556944e+13    98.73%     5314   1136      0     47833    54.2s
         0       0         0   0.00%   3.48385388e+11  2.73556944e+13    98.73%     6046   1329      0     53572    59.5s
         0       0         0   0.00%   3.48385892e+11  2.73556944e+13    98.73%     6211   1488      0     56070    64.5s
 L       0       0         0   0.00%   3.48385923e+11  1.82941164e+13    98.10%     6264   1501      0     56500   121.4s
         0       0         0   0.00%   3.48385923e+11  1.82941164e+13    98.10%     6264   1501      0    123956   121.5s
Solving report
  Status            Time limit reached
  Primal bound      1.82941163814e+13
  Dual bound        348385922769
  Gap               98.1% (tolerance: 0%)
  P-D integral      106.16739822
  Solution status   feasible
                    1.82941163814e+13 (objective)
                    0 (bound viol.)
                    0 (int. viol.)
                    0 (row viol.)
  Timing            121.47
  Max sub-MIP depth 3
  Nodes             0
  Repair LPs        0
  LP iterations     123956
                    0 (strong br.)
                    31296 (separation)
                    67456 (heuristics)
122.838599 seconds (2.46 M allocations: 193.812 MiB, 0.92% compilation time)
Feasible solution found, objective function value: 1.8294116381440133e13
Saving model results... 11.263721 seconds (7.57 M allocations: 318.368 MiB, 90.46% compilation time)
Postprocessing model results...  0.000215 seconds (48 allocations: 3.312 KiB)
Saving model outputs... 10.541920 seconds (6.43 M allocations: 338.882 MiB, 7.34% gc time, 78.88% compilation time)
Rolling model temporal structure...  0.797755 seconds (4.80 M allocations: 109.738 MiB, 48.84% compilation time)
Fixing model history...  0.757172 seconds (1.39 M allocations: 67.983 MiB, 94.29% compilation time)
Applying model non-anticipativity constraints...  0.160827 seconds (57.90 k allocations: 2.987 MiB, 99.80% compilation time)
model - window 2 of 12: 2019-01-31T10:00~(4 weeks, 2 days, 10 hours)~>2019-03-02T20:00
Optimizing model...MIP has 105242 rows; 112291 cols; 258545 nonzeros; 2239 integer variables (0 binary)
Coefficient ranges:
  Matrix  [6e-03, 5e+05]
  Cost    [4e-03, 5e+11]
  Bound   [6e-03, 2e+05]
  RHS     [1e+00, 2e+04]
WARNING: Problem has some excessively large costs
WARNING:    Consider scaling the objective by 1e-6, or setting the user_objective_scale option to -19
Presolving model
68349 rows, 54917 cols, 177344 nonzeros 0s
31732 rows, 40593 cols, 139158 nonzeros 0s
29935 rows, 37804 cols, 137020 nonzeros 0s
Presolve reductions: rows 29935(-75307); columns 37804(-74487); nonzeros 137020(-121525)
Solving MIP model with:
   29935 rows
   37804 cols (1829 binary, 0 integer, 0 implied int., 35975 continuous, 0 domain fixed)
   137020 nonzeros
Src: B => Branching; C => Central rounding; F => Feasibility pump; H => Heuristic;
     I => Shifting; J => Feasibility jump; L => Sub-MIP; P => Empty MIP; R => Randomized rounding;
     S => Solve LP; T => Evaluate node; U => Unbounded; X => User solution; Y => HiGHS solution;
     Z => ZI Round; l => Trivial lower; p => Trivial point; u => Trivial upper; z => Trivial zero
        Nodes      |    B&B Tree     |            Objective Bounds              |  Dynamic Constraints |       Work
Src  Proc. InQueue |  Leaves   Expl. | BestBound       BestSol              Gap |   Cuts   InLp Confl. | LpIters     Time
         0       0         0   0.00%   3.63179165e+11  inf                  inf        0      0      0         0     1.8s
 R       0       0         0   0.00%   3.64161438e+11  2.62153206e+13    98.61%        0      0      0     13717     6.5s
         0       0         0   0.00%   3.64162069e+11  2.62153206e+13    98.61%     3824    325      0     17387    11.6s
         0       0         0   0.00%   3.64162341e+11  2.62153206e+13    98.61%     5495    490      0     20002    17.3s
         0       0         0   0.00%   3.64162745e+11  2.62153206e+13    98.61%     6860    920      0     21951    23.7s
         0       0         0   0.00%   3.64162793e+11  2.62153206e+13    98.61%     7200   1014      0     22544    29.2s
         0       0         0   0.00%   3.64162824e+11  2.62153206e+13    98.61%     7343   1004      0     23057    35.7s
         0       0         0   0.00%   3.64162882e+11  2.62153206e+13    98.61%     7409   1043      0     23516    42.4s
         0       0         0   0.00%   3.64162926e+11  2.62153206e+13    98.61%     7501    906      0     23803    48.6s
         0       0         0   0.00%   3.64162956e+11  2.62153206e+13    98.61%     7548    928      0     24026    54.2s
         0       0         0   0.00%   3.64162981e+11  2.62153206e+13    98.61%     7561    897      0     24286    59.9s
         0       0         0   0.00%   3.64162994e+11  2.62153206e+13    98.61%     7584    877      0     24483    65.9s
         0       0         0   0.00%   3.64163028e+11  2.62153206e+13    98.61%     4416    898      0     24788    71.3s
         0       0         0   0.00%   3.64163054e+11  2.62153206e+13    98.61%     3074    905      0     25078    76.9s
         0       0         0   0.00%   3.64163081e+11  2.62153206e+13    98.61%     2072    911      0     25295    81.9s
         0       0         0   0.00%   3.64163088e+11  2.62153206e+13    98.61%     1962    922      0     25549    88.3s
         0       0         0   0.00%   3.64163092e+11  2.62153206e+13    98.61%     1756    902      0     25716    93.4s
         0       0         0   0.00%   3.64163097e+11  2.62153206e+13    98.61%     1642    909      0     25891   100.4s
         0       0         0   0.00%   3.64163098e+11  2.62153206e+13    98.61%     1403    899      0     26156   105.7s
 L       0       0         0   0.00%   3.64163098e+11  1.50299391e+13    97.58%     1392    901      0     26158   120.0s
        Nodes      |    B&B Tree     |            Objective Bounds              |  Dynamic Constraints |       Work
Src  Proc. InQueue |  Leaves   Expl. | BestBound       BestSol              Gap |   Cuts   InLp Confl. | LpIters     Time
         0       0         0   0.00%   3.64163098e+11  1.50299391e+13    97.58%     1267    901      0     32174   120.0s
Solving report
  Status            Time limit reached
  Primal bound      1.50299391386e+13
  Dual bound        364163098182
  Gap               97.58% (tolerance: 0%)
  P-D integral      111.942263028
  Solution status   feasible
                    1.50299391386e+13 (objective)
                    0 (bound viol.)
                    0 (int. viol.)
                    0 (row viol.)
  Timing            120.05
  Max sub-MIP depth 1
  Nodes             0
  Repair LPs        0
  LP iterations     32174
                    0 (strong br.)
                    12441 (separation)
                    6016 (heuristics)
120.073811 seconds (408 allocations: 17.188 KiB)
Feasible solution found, objective function value: 1.5029939138611883e13
Saving model results...  0.411080 seconds (3.47 M allocations: 113.685 MiB)
Postprocessing model results...  0.000072 seconds (48 allocations: 3.312 KiB)
Saving model outputs...  0.362416 seconds (2.24 M allocations: 137.329 MiB)
Rolling model temporal structure...  1.002226 seconds (4.41 M allocations: 89.725 MiB, 46.32% gc time)
Fixing model history...  0.040479 seconds (344.15 k allocations: 16.850 MiB)
Applying model non-anticipativity constraints...  0.000128 seconds (524 allocations: 27.516 KiB)
model - window 3 of 12: 2019-03-02T20:00~(4 weeks, 2 days, 10 hours)~>2019-04-02T06:00
Optimizing model...MIP has 105242 rows; 112291 cols; 258514 nonzeros; 2239 integer variables (0 binary)
Coefficient ranges:
  Matrix  [6e-03, 5e+05]
  Cost    [4e-03, 5e+11]
  Bound   [2e-12, 1e+05]
  RHS     [1e+00, 2e+04]
WARNING: Problem has some excessively large costs
WARNING: Problem has some excessively small column bounds
WARNING:    Consider scaling the objective by 1e-6, or setting the user_objective_scale option to -19
Presolving model
67946 rows, 54853 cols, 176486 nonzeros 0s
31270 rows, 40516 cols, 137888 nonzeros 0s
29480 rows, 37814 cols, 135808 nonzeros 0s
Presolve reductions: rows 29480(-75762); columns 37814(-74477); nonzeros 135808(-122706)
Solving MIP model with:
   29480 rows
   37814 cols (1806 binary, 0 integer, 0 implied int., 36008 continuous, 0 domain fixed)
   135808 nonzeros
Src: B => Branching; C => Central rounding; F => Feasibility pump; H => Heuristic;
     I => Shifting; J => Feasibility jump; L => Sub-MIP; P => Empty MIP; R => Randomized rounding;
     S => Solve LP; T => Evaluate node; U => Unbounded; X => User solution; Y => HiGHS solution;
     Z => ZI Round; l => Trivial lower; p => Trivial point; u => Trivial upper; z => Trivial zero
        Nodes      |    B&B Tree     |            Objective Bounds              |  Dynamic Constraints |       Work
Src  Proc. InQueue |  Leaves   Expl. | BestBound       BestSol              Gap |   Cuts   InLp Confl. | LpIters     Time
         0       0         0   0.00%   3.09411135e+11  inf                  inf        0      0      0         0     1.7s
         0       0         0   0.00%   3.26539495e+11  inf                  inf        0      0      2     22982     9.4s
         0       0         0   0.00%   3.26540992e+11  inf                  inf     1543    364      5     24884    16.6s
         0       0         0   0.00%   3.26541904e+11  inf                  inf     2174    700      7     25856    22.7s
         0       0         0   0.00%   3.26541992e+11  inf                  inf     2492    732      9     25970    27.8s
         0       0         0   0.00%   3.26542284e+11  inf                  inf     2638    900     11     26458    33.7s
 C       0       0         0   0.00%   3.26542335e+11  3.0692183e+13     98.94%     2828    962     14     26651    46.6s
         0       0         0   0.00%   3.26542357e+11  3.0692183e+13     98.94%     2975   1000     14     26803    52.2s
         0       0         0   0.00%   3.26542381e+11  3.0692183e+13     98.94%     3119   1042     14     26935    57.9s
         0       0         0   0.00%   3.265424e+11    3.0692183e+13     98.94%     3243   1073     14     27057    63.4s
         0       0         0   0.00%   3.26542412e+11  3.0692183e+13     98.94%     3350   1100     14     27166    69.0s
         0       0         0   0.00%   3.26542431e+11  3.0692183e+13     98.94%     3469   1126     14     27320    74.7s
         0       0         0   0.00%   3.26542523e+11  3.0692183e+13     98.94%     3544   1251     14     27599    80.7s
         0       0         0   0.00%   3.26542545e+11  3.0692183e+13     98.94%     3637   1289     14     27716    86.4s
         0       0         0   0.00%   3.26542563e+11  3.0692183e+13     98.94%     3703   1319     14     27839    93.4s
         0       0         0   0.00%   3.26542575e+11  3.0692183e+13     98.94%     3752   1338     14     27891    99.3s
         0       0         0   0.00%   3.2654258e+11   3.0692183e+13     98.94%     3782   1298     14     27943   105.4s
         0       0         0   0.00%   3.26542588e+11  3.0692183e+13     98.94%     3809   1306     14     27980   110.9s
         0       0         0   0.00%   3.26542629e+11  3.0692183e+13     98.94%     3835   1386     14     28153   116.7s
         0       0         0   0.00%   3.26542629e+11  3.0692183e+13     98.94%     3854   1399     14     28153   122.5s
        Nodes      |    B&B Tree     |            Objective Bounds              |  Dynamic Constraints |       Work
Src  Proc. InQueue |  Leaves   Expl. | BestBound       BestSol              Gap |   Cuts   InLp Confl. | LpIters     Time
         0       0         0   0.00%   3.26542629e+11  3.0692183e+13     98.94%     3854   1399     14     28153   122.6s
Solving report
  Status            Time limit reached
  Primal bound      3.06921829568e+13
  Dual bound        326542629343
  Gap               98.94% (tolerance: 0%)
  P-D integral      75.1316064948
  Solution status   feasible
                    3.06921829568e+13 (objective)
                    0 (bound viol.)
                    0 (int. viol.)
                    0 (row viol.)
  Timing            122.55
  Max sub-MIP depth 0
  Nodes             0
  Repair LPs        0
  LP iterations     28153
                    0 (strong br.)
                    5171 (separation)
                    0 (heuristics)
122.584878 seconds (170 allocations: 7.094 KiB)
Feasible solution found, objective function value: 3.0692182956785277e13
Saving model results...  0.352607 seconds (3.47 M allocations: 113.685 MiB)
Postprocessing model results...  0.000054 seconds (48 allocations: 3.312 KiB)
Saving model outputs...  0.342629 seconds (2.24 M allocations: 137.329 MiB)
Rolling model temporal structure...  0.504587 seconds (4.41 M allocations: 89.726 MiB)
Fixing model history...  0.043908 seconds (344.15 k allocations: 16.850 MiB)
Applying model non-anticipativity constraints...  0.000120 seconds (524 allocations: 27.516 KiB)
model - window 4 of 12: 2019-04-02T06:00~(4 weeks, 2 days, 10 hours)~>2019-05-02T16:00
Optimizing model...MIP has 105242 rows; 112291 cols; 258495 nonzeros; 2239 integer variables (0 binary)
Coefficient ranges:
  Matrix  [6e-03, 5e+05]
  Cost    [4e-03, 5e+11]
  Bound   [2e-14, 1e+05]
  RHS     [1e+00, 2e+04]
WARNING: Problem has some excessively large costs
WARNING: Problem has some excessively small column bounds
WARNING:    Consider scaling the objective by 1e-6, or setting the user_objective_scale option to -19
Presolving model
67907 rows, 54812 cols, 176406 nonzeros 0s
32147 rows, 40587 cols, 141016 nonzeros 0s
30683 rows, 38223 cols, 135736 nonzeros 0s
Presolve reductions: rows 30683(-74559); columns 38223(-74068); nonzeros 135736(-122759)
Solving MIP model with:
   30683 rows
   38223 cols (2187 binary, 0 integer, 1 implied int., 36035 continuous, 0 domain fixed)
   135736 nonzeros
Src: B => Branching; C => Central rounding; F => Feasibility pump; H => Heuristic;
     I => Shifting; J => Feasibility jump; L => Sub-MIP; P => Empty MIP; R => Randomized rounding;
     S => Solve LP; T => Evaluate node; U => Unbounded; X => User solution; Y => HiGHS solution;
     Z => ZI Round; l => Trivial lower; p => Trivial point; u => Trivial upper; z => Trivial zero
        Nodes      |    B&B Tree     |            Objective Bounds              |  Dynamic Constraints |       Work
Src  Proc. InQueue |  Leaves   Expl. | BestBound       BestSol              Gap |   Cuts   InLp Confl. | LpIters     Time
         0       0         0   0.00%   -1120135517.171 inf                  inf        0      0      0         0     1.6s
 R       0       0         0   0.00%   41732861566.9   3.03818746e+13    99.86%        0      0      0     24007    21.7s
         0       0         0   0.00%   41742355202.14  3.03818746e+13    99.86%     1919    565      0     24756    30.5s
         0       0         0   0.00%   41742388807.23  3.03818746e+13    99.86%     2246    567      0     24758    38.6s
         0       0         0   0.00%   41742405609.78  3.03818746e+13    99.86%     2395    568      0     24759    52.5s
         0       0         0   0.00%   41742439214.86  3.03818746e+13    99.86%     2716    570      0     24761    61.0s
         0       0         0   0.00%   41742472819.94  3.03818746e+13    99.86%     3049    572      0     24763    70.1s
         0       0         0   0.00%   41742506425.01  3.03818746e+13    99.86%     3378    574      0     24765    79.1s
         0       0         0   0.00%   41742540030.08  3.03818746e+13    99.86%     3614    576      0     24767    88.3s
         0       0         0   0.00%   41742573635.15  3.03818746e+13    99.86%     3874    578      0     24769    97.3s
         0       0         0   0.00%   41742607240.21  3.03818746e+13    99.86%     4118    580      0     24771   106.4s
         0       0         0   0.00%   41743319749.42  3.03818746e+13    99.86%     4404    822      0     25064   116.4s
         0       0         0   0.00%   41743319749.42  3.03818746e+13    99.86%     4522    824      0     25064   121.4s
Solving report
  Status            Time limit reached
  Primal bound      3.03818746114e+13
  Dual bound        41743319749.4
  Gap               99.86% (tolerance: 0%)
  P-D integral      99.5479365303
  Solution status   feasible
                    3.03818746114e+13 (objective)
                    0 (bound viol.)
                    0 (int. viol.)
                    0 (row viol.)
  Timing            121.38
  Max sub-MIP depth 0
  Nodes             0
  Repair LPs        0
  LP iterations     25064
                    0 (strong br.)
                    1057 (separation)
                    0 (heuristics)
121.413370 seconds (184 allocations: 7.688 KiB)
Feasible solution found, objective function value: 3.0381874611385707e13
Saving model results...  0.488780 seconds (3.47 M allocations: 113.685 MiB)
Postprocessing model results...  0.000061 seconds (48 allocations: 3.312 KiB)
Saving model outputs...  3.732256 seconds (2.24 M allocations: 137.329 MiB, 88.89% gc time)
Rolling model temporal structure...  0.581276 seconds (4.41 M allocations: 89.725 MiB)
Fixing model history...  0.041725 seconds (344.15 k allocations: 16.850 MiB)
Applying model non-anticipativity constraints...  0.000106 seconds (524 allocations: 27.516 KiB)
model - window 5 of 12: 2019-05-02T16:00~(4 weeks, 2 days, 10 hours)~>2019-06-02T02:00
Optimizing model...MIP has 105242 rows; 112291 cols; 258488 nonzeros; 2239 integer variables (0 binary)
Coefficient ranges:
  Matrix  [6e-03, 5e+05]
  Cost    [4e-03, 5e+11]
  Bound   [4e-14, 1e+05]
  RHS     [1e+00, 2e+04]
WARNING: Problem has some excessively large costs
WARNING: Problem has some excessively small column bounds
WARNING:    Consider scaling the objective by 1e-6, or setting the user_objective_scale option to -19
Presolving model
67894 rows, 54799 cols, 176381 nonzeros 0s
32147 rows, 40580 cols, 141009 nonzeros 0s
30683 rows, 38215 cols, 135728 nonzeros 0s
Presolve reductions: rows 30683(-74559); columns 38215(-74076); nonzeros 135728(-122760)
Solving MIP model with:
   30683 rows
   38215 cols (2187 binary, 0 integer, 1 implied int., 36027 continuous, 0 domain fixed)
   135728 nonzeros
Src: B => Branching; C => Central rounding; F => Feasibility pump; H => Heuristic;
     I => Shifting; J => Feasibility jump; L => Sub-MIP; P => Empty MIP; R => Randomized rounding;
     S => Solve LP; T => Evaluate node; U => Unbounded; X => User solution; Y => HiGHS solution;
     Z => ZI Round; l => Trivial lower; p => Trivial point; u => Trivial upper; z => Trivial zero
        Nodes      |    B&B Tree     |            Objective Bounds              |  Dynamic Constraints |       Work
Src  Proc. InQueue |  Leaves   Expl. | BestBound       BestSol              Gap |   Cuts   InLp Confl. | LpIters     Time
         0       0         0   0.00%   -847085376.6595 inf                  inf        0      0      0         0     2.0s
 R       0       0         0   0.00%   41729089704.1   3.03818794e+13    99.86%        0      0      0     26078    24.6s
         0       0         0   0.00%   41730215279.49  3.03818794e+13    99.86%     2060     67      0     26514    34.1s
         0       0         0   0.00%   41730248878.67  3.03818794e+13    99.86%     2492     69      0     26518    43.8s
         0       0         0   0.00%   41730265678.26  3.03818794e+13    99.86%     2681     70      0     26519    60.3s
         0       0         0   0.00%   41730299277.43  3.03818794e+13    99.86%     3053     72      0     26521    69.8s
         0       0         0   0.00%   41730332876.6   3.03818794e+13    99.86%     3384     74      0     26523    79.5s
         0       0         0   0.00%   41730366475.76  3.03818794e+13    99.86%     3705     76      0     26525    89.2s
         0       0         0   0.00%   41730400074.92  3.03818794e+13    99.86%     4017     78      0     26527    99.1s
         0       0         0   0.00%   41730416874.5   3.03818794e+13    99.86%     4139     79      0     26528   104.3s
         0       0         0   0.00%   41730450473.65  3.03818794e+13    99.86%     4395     81      0     26530   114.0s
         0       0         0   0.00%   41730467273.22  3.03818794e+13    99.86%     4634     83      0     26531   120.7s
         0       0         0   0.00%   41730467273.22  3.03818794e+13    99.86%     4634     83      0     26531   120.7s
Solving report
  Status            Time limit reached
  Primal bound      3.03818793992e+13
  Dual bound        41730467273.2
  Gap               99.86% (tolerance: 0%)
  P-D integral      96.0417876624
  Solution status   feasible
                    3.03818793992e+13 (objective)
                    0 (bound viol.)
                    0 (int. viol.)
                    0 (row viol.)
  Timing            120.75
  Max sub-MIP depth 0
  Nodes             0
  Repair LPs        0
  LP iterations     26531
                    0 (strong br.)
                    453 (separation)
                    0 (heuristics)
120.776393 seconds (170 allocations: 7.094 KiB)
Feasible solution found, objective function value: 3.0381879399242113e13
Saving model results...  0.467533 seconds (3.47 M allocations: 113.686 MiB)
Postprocessing model results...  0.000044 seconds (48 allocations: 3.312 KiB)
Saving model outputs...  0.429789 seconds (2.24 M allocations: 137.329 MiB)
Rolling model temporal structure...  0.663468 seconds (4.41 M allocations: 89.726 MiB)
Fixing model history...  0.049551 seconds (344.15 k allocations: 16.850 MiB)
Applying model non-anticipativity constraints...  0.000134 seconds (524 allocations: 27.516 KiB)
model - window 6 of 12: 2019-06-02T02:00~(4 weeks, 2 days, 10 hours)~>2019-07-02T12:00
Optimizing model...MIP has 105242 rows; 112291 cols; 258489 nonzeros; 2239 integer variables (0 binary)
Coefficient ranges:
  Matrix  [6e-03, 5e+05]
  Cost    [4e-03, 5e+11]
  Bound   [1e-01, 1e+05]
  RHS     [1e+00, 2e+04]
WARNING: Problem has some excessively large costs
WARNING:    Consider scaling the objective by 1e-6, or setting the user_objective_scale option to -19
Presolving model
67896 rows, 54801 cols, 176385 nonzeros 0s
32147 rows, 40581 cols, 141010 nonzeros 0s
30683 rows, 38233 cols, 135746 nonzeros 0s
Presolve reductions: rows 30683(-74559); columns 38233(-74058); nonzeros 135746(-122743)
Solving MIP model with:
   30683 rows
   38233 cols (2187 binary, 0 integer, 1 implied int., 36045 continuous, 0 domain fixed)
   135746 nonzeros
Src: B => Branching; C => Central rounding; F => Feasibility pump; H => Heuristic;
     I => Shifting; J => Feasibility jump; L => Sub-MIP; P => Empty MIP; R => Randomized rounding;
     S => Solve LP; T => Evaluate node; U => Unbounded; X => User solution; Y => HiGHS solution;
     Z => ZI Round; l => Trivial lower; p => Trivial point; u => Trivial upper; z => Trivial zero
        Nodes      |    B&B Tree     |            Objective Bounds              |  Dynamic Constraints |       Work
Src  Proc. InQueue |  Leaves   Expl. | BestBound       BestSol              Gap |   Cuts   InLp Confl. | LpIters     Time
         0       0         0   0.00%   -1035589489.739 inf                  inf        0      0      0         0     1.9s
 R       0       0         0   0.00%   41725889624.69  3.03818692e+13    99.86%        0      0      0     27370    32.2s
         0       0         0   0.00%   41730527075.78  3.03818692e+13    99.86%     1706    276      0     27709    37.6s
         0       0         0   0.00%   41730543877.97  3.03818692e+13    99.86%     1912    277      0     27720    42.6s
         0       0         0   0.00%   41730577482.34  3.03818692e+13    99.86%     2290    279      0     27731    52.6s
         0       0         0   0.00%   41730594284.53  3.03818692e+13    99.86%     2441    280      0     27989    71.7s
         0       0         0   0.00%   41730611086.71  3.03818692e+13    99.86%     2603    281      0     27990    76.7s
         0       0         0   0.00%   41730644691.07  3.03818692e+13    99.86%     2906    283      0     27992    86.5s
         0       0         0   0.00%   41730678295.43  3.03818692e+13    99.86%     3186    285      0     27994    96.3s
         0       0         0   0.00%   41730695097.61  3.03818692e+13    99.86%     3328    286      0     27995   101.3s
         0       0         0   0.00%   41730728701.96  3.03818692e+13    99.86%     3598    288      0     27997   111.4s
         0       0         0   0.00%   41730745504.14  3.03818692e+13    99.86%     3736    289      0     27998   116.4s
         0       0         0   0.00%   41730745504.14  3.03818692e+13    99.86%     3876    290      0     27998   121.4s
         0       0         0   0.00%   41730745504.14  3.03818692e+13    99.86%     3876    290      0     27998   121.5s
Solving report
  Status            Time limit reached
  Primal bound      3.03818692048e+13
  Dual bound        41730745504.1
  Gap               99.86% (tolerance: 0%)
  P-D integral      89.1313292385
  Solution status   feasible
                    3.03818692048e+13 (objective)
                    0 (bound viol.)
                    0 (int. viol.)
                    0 (row viol.)
  Timing            121.45
  Max sub-MIP depth 0
  Nodes             0
  Repair LPs        0
  LP iterations     27998
                    0 (strong br.)
                    628 (separation)
                    0 (heuristics)
121.485492 seconds (149 allocations: 6.203 KiB)
Feasible solution found, objective function value: 3.0381869204849367e13
Saving model results...  0.472733 seconds (3.47 M allocations: 113.685 MiB)
Postprocessing model results...  0.000040 seconds (48 allocations: 3.312 KiB)
Saving model outputs...  0.452789 seconds (2.24 M allocations: 137.329 MiB)
Rolling model temporal structure...  0.780805 seconds (4.41 M allocations: 89.725 MiB, 23.83% gc time)
Fixing model history...  0.049190 seconds (344.15 k allocations: 16.850 MiB)
Applying model non-anticipativity constraints...  0.000106 seconds (524 allocations: 27.516 KiB)
model - window 7 of 12: 2019-07-02T12:00~(4 weeks, 2 days, 10 hours)~>2019-08-01T22:00
Optimizing model...MIP has 105242 rows; 112291 cols; 258492 nonzeros; 2239 integer variables (0 binary)
Coefficient ranges:
  Matrix  [6e-03, 5e+05]
  Cost    [4e-03, 5e+11]
  Bound   [1e-01, 1e+05]
  RHS     [1e+00, 2e+04]
WARNING: Problem has some excessively large costs
WARNING:    Consider scaling the objective by 1e-6, or setting the user_objective_scale option to -19
Presolving model
67902 rows, 54807 cols, 176397 nonzeros 0s
32147 rows, 40584 cols, 141013 nonzeros 0s
30683 rows, 38228 cols, 135741 nonzeros 1s
Presolve reductions: rows 30683(-74559); columns 38228(-74063); nonzeros 135741(-122751)
Solving MIP model with:
   30683 rows
   38228 cols (2187 binary, 0 integer, 1 implied int., 36040 continuous, 0 domain fixed)
   135741 nonzeros
Src: B => Branching; C => Central rounding; F => Feasibility pump; H => Heuristic;
     I => Shifting; J => Feasibility jump; L => Sub-MIP; P => Empty MIP; R => Randomized rounding;
     S => Solve LP; T => Evaluate node; U => Unbounded; X => User solution; Y => HiGHS solution;
     Z => ZI Round; l => Trivial lower; p => Trivial point; u => Trivial upper; z => Trivial zero
        Nodes      |    B&B Tree     |            Objective Bounds              |  Dynamic Constraints |       Work
Src  Proc. InQueue |  Leaves   Expl. | BestBound       BestSol              Gap |   Cuts   InLp Confl. | LpIters     Time
         0       0         0   0.00%   -836519033.434  inf                  inf        0      0      0         0     2.1s
 R       0       0         0   0.00%   41759314816.58  3.03819103e+13    99.86%        0      0      0     24137    19.2s
         0       0         0   0.00%   41760272386.56  3.03819103e+13    99.86%     1690     57      0     24199    24.9s
         0       0         0   0.00%   41760289186     3.03819103e+13    99.86%     1871     58      0     24200    30.4s
         0       0         0   0.00%   41760305985.44  3.03819103e+13    99.86%     2036     59      0     24201    36.0s
         0       0         0   0.00%   41760322784.87  3.03819103e+13    99.86%     2237     60      0     24202    41.3s
         0       0         0   0.00%   41760339584.31  3.03819103e+13    99.86%     2422     61      0     24203    53.5s
         0       0         0   0.00%   41760356383.74  3.03819103e+13    99.86%     2591     62      0     24204    58.6s
         0       0         0   0.00%   41760373183.17  3.03819103e+13    99.86%     2741     63      0     24205    63.6s
         0       0         0   0.00%   41760389982.6   3.03819103e+13    99.86%     2902     64      0     24206    68.7s
         0       0         0   0.00%   41760406782.03  3.03819103e+13    99.86%     3042     65      0     24207    73.7s
         0       0         0   0.00%   41760423581.46  3.03819103e+13    99.86%     3205     66      0     24208    78.8s
         0       0         0   0.00%   41760440380.89  3.03819103e+13    99.86%     3344     67      0     24209    83.9s
         0       0         0   0.00%   41760457180.31  3.03819103e+13    99.86%     3464     68      0     24210    89.1s
         0       0         0   0.00%   41760473979.74  3.03819103e+13    99.86%     3581     69      0     24211    94.3s
         0       0         0   0.00%   41760490779.16  3.03819103e+13    99.86%     3720     70      0     24212    99.4s
         0       0         0   0.00%   41760507578.58  3.03819103e+13    99.86%     3843     71      0     24213   104.5s
         0       0         0   0.00%   41760524378     3.03819103e+13    99.86%     3971     72      0     24214   109.8s
         0       0         0   0.00%   41760541177.42  3.03819103e+13    99.86%     4078     73      0     24215   114.8s
         0       0         0   0.00%   41760541177.42  3.03819103e+13    99.86%     4196     74      0     24216   120.0s
        Nodes      |    B&B Tree     |            Objective Bounds              |  Dynamic Constraints |       Work
Src  Proc. InQueue |  Leaves   Expl. | BestBound       BestSol              Gap |   Cuts   InLp Confl. | LpIters     Time
         0       0         0   0.00%   41760541177.42  3.03819103e+13    99.86%     4196     74      0     24216   120.0s
Solving report
  Status            Time limit reached
  Primal bound      3.03819102801e+13
  Dual bound        41760541177.4
  Gap               99.86% (tolerance: 0%)
  P-D integral      100.675060666
  Solution status   feasible
                    3.03819102801e+13 (objective)
                    0 (bound viol.)
                    0 (int. viol.)
                    0 (row viol.)
  Timing            120.02
  Max sub-MIP depth 0
  Nodes             0
  Repair LPs        0
  LP iterations     24216
                    0 (strong br.)
                    79 (separation)
                    0 (heuristics)
120.054918 seconds (170 allocations: 7.094 KiB)
Feasible solution found, objective function value: 3.038191028008936e13
Saving model results...  0.466569 seconds (3.47 M allocations: 113.685 MiB)
Postprocessing model results...  0.000045 seconds (48 allocations: 3.312 KiB)
Saving model outputs...  0.441400 seconds (2.24 M allocations: 137.329 MiB)
Rolling model temporal structure...  0.620555 seconds (4.41 M allocations: 89.725 MiB)
model - window 8 of 12: 2019-08-01T22:00~(4 weeks, 2 days, 10 hours)~>2019-09-01T08:00
Fixing model history...  0.051155 seconds (344.15 k allocations: 16.850 MiB)
Applying model non-anticipativity constraints...  0.000138 seconds (524 allocations: 27.516 KiB)
Optimizing model...MIP has 105242 rows; 112291 cols; 258485 nonzeros; 2239 integer variables (0 binary)
Coefficient ranges:
  Matrix  [6e-03, 5e+05]
  Cost    [4e-03, 5e+11]
  Bound   [1e-01, 1e+05]
  RHS     [1e+00, 2e+04]
WARNING: Problem has some excessively large costs
WARNING:    Consider scaling the objective by 1e-6, or setting the user_objective_scale option to -19
Presolving model
67888 rows, 54793 cols, 176369 nonzeros 0s
32147 rows, 40577 cols, 141006 nonzeros 0s
30683 rows, 38232 cols, 135745 nonzeros 0s
Presolve reductions: rows 30683(-74559); columns 38232(-74059); nonzeros 135745(-122740)
Solving MIP model with:
   30683 rows
   38232 cols (2187 binary, 0 integer, 1 implied int., 36044 continuous, 0 domain fixed)
   135745 nonzeros
Src: B => Branching; C => Central rounding; F => Feasibility pump; H => Heuristic;
     I => Shifting; J => Feasibility jump; L => Sub-MIP; P => Empty MIP; R => Randomized rounding;
     S => Solve LP; T => Evaluate node; U => Unbounded; X => User solution; Y => HiGHS solution;
     Z => ZI Round; l => Trivial lower; p => Trivial point; u => Trivial upper; z => Trivial zero
        Nodes      |    B&B Tree     |            Objective Bounds              |  Dynamic Constraints |       Work
Src  Proc. InQueue |  Leaves   Expl. | BestBound       BestSol              Gap |   Cuts   InLp Confl. | LpIters     Time
         0       0         0   0.00%   -565955245.758  inf                  inf        0      0      0         0     2.0s
 R       0       0         0   0.00%   41773943125.3   3.03819353e+13    99.86%        0      0      0     24873    29.7s
         0       0         0   0.00%   41785178981     3.03819353e+13    99.86%     1735    669      0     25635    36.0s
         0       0         0   0.00%   41785195775.59  3.03819353e+13    99.86%     1942    670      0     25636    41.2s
         0       0         0   0.00%   41785212570.18  3.03819353e+13    99.86%     2126    671      0     25637    46.5s
         0       0         0   0.00%   41785229364.77  3.03819353e+13    99.86%     2298    672      0     25638    51.7s
         0       0         0   0.00%   41785630860.58  3.03819353e+13    99.86%     2507    852      0     25885    74.0s
         0       0         0   0.00%   41785706779.61  3.03819353e+13    99.86%     2722    882      0     25929    79.8s
         0       0         0   0.00%   41785775170.81  3.03819353e+13    99.86%     2933    909      0     25968    85.7s
         0       0         0   0.00%   41785842264     3.03819353e+13    99.86%     3132    929      0     25998    91.2s
         0       0         0   0.00%   41785896889.04  3.03819353e+13    99.86%     3327    952      0     26032    96.8s
         0       0         0   0.00%   41785945819.91  3.03819353e+13    99.86%     3523    969      0     26062   102.3s
         0       0         0   0.00%   41785987777.37  3.03819353e+13    99.86%     3705    980      0     26078   107.9s
         0       0         0   0.00%   41786028090.37  3.03819353e+13    99.86%     3852    992      0     26093   113.5s
         0       0         0   0.00%   41786055330.31  3.03819353e+13    99.86%     3961    999      0     26101   119.1s
         0       0         0   0.00%   41786055330.31  3.03819353e+13    99.86%     4094   1001      0     26101   121.0s
Solving report
  Status            Time limit reached
  Primal bound      3.03819353172e+13
  Dual bound        41786055330.3
  Gap               99.86% (tolerance: 0%)
  P-D integral      91.1926903904
  Solution status   feasible
                    3.03819353172e+13 (objective)
                    0 (bound viol.)
                    0 (int. viol.)
                    0 (row viol.)
  Timing            121.03
  Max sub-MIP depth 0
  Nodes             0
  Repair LPs        0
  LP iterations     26101
                    0 (strong br.)
                    1228 (separation)
                    0 (heuristics)
121.066239 seconds (142 allocations: 5.906 KiB)
Feasible solution found, objective function value: 3.0381935317235348e13
Saving model results...  0.520751 seconds (3.47 M allocations: 113.685 MiB)
Postprocessing model results...  0.000038 seconds (48 allocations: 3.312 KiB)
Saving model outputs...  0.631318 seconds (2.24 M allocations: 137.329 MiB, 26.44% gc time)
Rolling model temporal structure...  0.669937 seconds (4.41 M allocations: 89.726 MiB)
Fixing model history...  0.050599 seconds (344.15 k allocations: 16.850 MiB)
Applying model non-anticipativity constraints...  0.000147 seconds (524 allocations: 27.516 KiB)
model - window 9 of 12: 2019-09-01T08:00~(4 weeks, 2 days, 10 hours)~>2019-10-01T18:00
Optimizing model...MIP has 105242 rows; 112291 cols; 258516 nonzeros; 2239 integer variables (0 binary)
Coefficient ranges:
  Matrix  [6e-03, 5e+05]
  Cost    [4e-03, 5e+11]
  Bound   [3e-19, 1e+05]
  RHS     [1e+00, 2e+04]
WARNING: Problem has some excessively large costs
WARNING: Problem has some excessively small column bounds
WARNING:    Consider scaling the objective by 1e-6, or setting the user_objective_scale option to -19
Presolving model
67950 rows, 54855 cols, 176493 nonzeros 0s
32147 rows, 40608 cols, 141037 nonzeros 0s
30683 rows, 38245 cols, 135758 nonzeros 0s
Presolve reductions: rows 30683(-74559); columns 38245(-74046); nonzeros 135758(-122758)
Solving MIP model with:
   30683 rows
   38245 cols (2187 binary, 0 integer, 1 implied int., 36057 continuous, 0 domain fixed)
   135758 nonzeros
Src: B => Branching; C => Central rounding; F => Feasibility pump; H => Heuristic;
     I => Shifting; J => Feasibility jump; L => Sub-MIP; P => Empty MIP; R => Randomized rounding;
     S => Solve LP; T => Evaluate node; U => Unbounded; X => User solution; Y => HiGHS solution;
     Z => ZI Round; l => Trivial lower; p => Trivial point; u => Trivial upper; z => Trivial zero
        Nodes      |    B&B Tree     |            Objective Bounds              |  Dynamic Constraints |       Work
Src  Proc. InQueue |  Leaves   Expl. | BestBound       BestSol              Gap |   Cuts   InLp Confl. | LpIters     Time
         0       0         0   0.00%   -574429563.7598 inf                  inf        0      0      0         0     2.0s
 R       0       0         0   0.00%   41778523042.59  3.03819396e+13    99.86%        0      0      0     25003    24.0s
         0       0         0   0.00%   41789607815.85  3.03819396e+13    99.86%     1661    660      0     25853    30.1s
         0       0         0   0.00%   41789624610.55  3.03819396e+13    99.86%     1881    661      0     25854    35.2s
         0       0         0   0.00%   41789641405.26  3.03819396e+13    99.86%     2028    662      0     25855    40.5s
         0       0         0   0.00%   41789658199.96  3.03819396e+13    99.86%     2170    663      0     25856    45.8s
         0       0         0   0.00%   41789674994.66  3.03819396e+13    99.86%     2369    664      0     25857    62.3s
         0       0         0   0.00%   41789691789.36  3.03819396e+13    99.86%     2530    665      0     25858    67.5s
         0       0         0   0.00%   41790261379.35  3.03819396e+13    99.86%     2680    891      0     26533    73.4s
         0       0         0   0.00%   41790310942.14  3.03819396e+13    99.86%     2952    910      0     26560    78.7s
         0       0         0   0.00%   41790344658.91  3.03819396e+13    99.86%     3129    922      0     26578    84.1s
         0       0         0   0.00%   41790382166.49  3.03819396e+13    99.86%     3321    933      0     26593    89.4s
         0       0         0   0.00%   41790414550.93  3.03819396e+13    99.86%     3491    941      0     26601    94.8s
         0       0         0   0.00%   41790455652.42  3.03819396e+13    99.86%     3625    957      0     26623   100.1s
         0       0         0   0.00%   41790485707.03  3.03819396e+13    99.86%     3732    965      0     26634   105.5s
         0       0         0   0.00%   41790510694.33  3.03819396e+13    99.86%     3830    970      0     26642   111.0s
         0       0         0   0.00%   41790538585.8   3.03819396e+13    99.86%     3947    977      0     26651   116.4s
         0       0         0   0.00%   41790538585.8   3.03819396e+13    99.86%     4049    983      0     26651   121.6s
         0       0         0   0.00%   41790538585.8   3.03819396e+13    99.86%     4049    983      0     26651   121.6s
Solving report
  Status            Time limit reached
  Primal bound      3.03819395621e+13
  Dual bound        41790538585.8
  Gap               99.86% (tolerance: 0%)
  P-D integral      97.4429479051
  Solution status   feasible
                    3.03819395621e+13 (objective)
                    0 (bound viol.)
                    0 (int. viol.)
                    0 (row viol.)
  Timing            121.60
  Max sub-MIP depth 0
  Nodes             0
  Repair LPs        0
  LP iterations     26651
                    0 (strong br.)
                    1648 (separation)
                    0 (heuristics)
121.634338 seconds (156 allocations: 6.500 KiB)
Feasible solution found, objective function value: 3.0381939562142227e13
Saving model results...  0.476496 seconds (3.47 M allocations: 113.686 MiB)
Postprocessing model results...  0.000046 seconds (48 allocations: 3.312 KiB)
Saving model outputs...  0.476300 seconds (2.24 M allocations: 137.329 MiB)
Rolling model temporal structure...  0.634210 seconds (4.41 M allocations: 89.726 MiB)
Fixing model history...  0.047602 seconds (344.15 k allocations: 16.850 MiB)
Applying model non-anticipativity constraints...  0.000146 seconds (524 allocations: 27.516 KiB)
model - window 10 of 12: 2019-10-01T18:00~(4 weeks, 2 days, 10 hours)~>2019-11-01T04:00
Optimizing model...MIP has 105242 rows; 112291 cols; 258518 nonzeros; 2239 integer variables (0 binary)
Coefficient ranges:
  Matrix  [6e-03, 5e+05]
  Cost    [4e-03, 5e+11]
  Bound   [1e-01, 1e+05]
  RHS     [1e+00, 2e+04]
WARNING: Problem has some excessively large costs
WARNING:    Consider scaling the objective by 1e-6, or setting the user_objective_scale option to -19
Presolving model
67954 rows, 54859 cols, 176501 nonzeros 0s
32147 rows, 40610 cols, 141039 nonzeros 0s
30683 rows, 38262 cols, 135775 nonzeros 0s
Presolve reductions: rows 30683(-74559); columns 38262(-74029); nonzeros 135775(-122743)
Solving MIP model with:
   30683 rows
   38262 cols (2187 binary, 0 integer, 1 implied int., 36074 continuous, 0 domain fixed)
   135775 nonzeros
Src: B => Branching; C => Central rounding; F => Feasibility pump; H => Heuristic;
     I => Shifting; J => Feasibility jump; L => Sub-MIP; P => Empty MIP; R => Randomized rounding;
     S => Solve LP; T => Evaluate node; U => Unbounded; X => User solution; Y => HiGHS solution;
     Z => ZI Round; l => Trivial lower; p => Trivial point; u => Trivial upper; z => Trivial zero
        Nodes      |    B&B Tree     |            Objective Bounds              |  Dynamic Constraints |       Work
Src  Proc. InQueue |  Leaves   Expl. | BestBound       BestSol              Gap |   Cuts   InLp Confl. | LpIters     Time
         0       0         0   0.00%   -579705858.7885 inf                  inf        0      0      0         0     1.9s
 R       0       0         0   0.00%   41779100044.94  3.03819402e+13    99.86%        0      0      0     24521    22.1s
         0       0         0   0.00%   41788119101.99  3.03819402e+13    99.86%     1745    537      0     25203    27.7s
         0       0         0   0.00%   41788152691.86  3.03819402e+13    99.86%     2239    539      0     25226    37.3s
         0       0         0   0.00%   41788169486.85  3.03819402e+13    99.86%     2487    540      0     25504    42.5s
         0       0         0   0.00%   41788186281.72  3.03819402e+13    99.86%     2671    541      0     25507    57.3s
         0       0         0   0.00%   41788219871.58  3.03819402e+13    99.86%     3055    543      0     25513    67.1s
         0       0         0   0.00%   41788253461.43  3.03819402e+13    99.86%     3401    545      0     25519    78.9s
         0       0         0   0.00%   41788270256.35  3.03819402e+13    99.86%     3559    546      0     25522    84.9s
         0       0         0   0.00%   41788287051.28  3.03819402e+13    99.86%     3733    547      0     25525    90.8s
         0       0         0   0.00%   41788320641.12  3.03819402e+13    99.86%     4037    549      0     25531   100.1s
         0       0         0   0.00%   41788354230.96  3.03819402e+13    99.86%     4282    551      0     25539   109.8s
         0       0         0   0.00%   41788371025.87  3.03819402e+13    99.86%     4551    553      0     25544   120.2s
         0       0         0   0.00%   41788371025.87  3.03819402e+13    99.86%     4551    553      0     25544   120.2s
Solving report
  Status            Time limit reached
  Primal bound      3.03819401849e+13
  Dual bound        41788371025.9
  Gap               99.86% (tolerance: 0%)
  P-D integral      97.9082491574
  Solution status   feasible
                    3.03819401849e+13 (objective)
                    0 (bound viol.)
                    0 (int. viol.)
                    0 (row viol.)
  Timing            120.17
  Max sub-MIP depth 0
  Nodes             0
  Repair LPs        0
  LP iterations     25544
                    0 (strong br.)
                    1023 (separation)
                    0 (heuristics)
120.206408 seconds (163 allocations: 6.797 KiB)
Feasible solution found, objective function value: 3.038194018487382e13
Saving model results...  0.604555 seconds (3.47 M allocations: 113.686 MiB, 30.21% gc time)
Postprocessing model results...  0.000050 seconds (48 allocations: 3.312 KiB)
Saving model outputs...  0.356078 seconds (2.24 M allocations: 137.329 MiB)
Rolling model temporal structure...  0.520450 seconds (4.41 M allocations: 89.725 MiB)
Fixing model history...  0.038970 seconds (344.15 k allocations: 16.850 MiB)
Applying model non-anticipativity constraints...  0.000148 seconds (524 allocations: 27.516 KiB)
model - window 11 of 12: 2019-11-01T04:00~(4 weeks, 2 days, 10 hours)~>2019-12-01T14:00
Optimizing model...MIP has 105242 rows; 112291 cols; 258552 nonzeros; 2239 integer variables (0 binary)
Coefficient ranges:
  Matrix  [6e-03, 5e+05]
  Cost    [4e-03, 5e+11]
  Bound   [1e-01, 1e+05]
  RHS     [1e+00, 2e+04]
WARNING: Problem has some excessively large costs
WARNING:    Consider scaling the objective by 1e-6, or setting the user_objective_scale option to -19
Presolving model
68022 rows, 54927 cols, 176637 nonzeros 0s
32147 rows, 40644 cols, 141073 nonzeros 0s
30683 rows, 38271 cols, 135784 nonzeros 0s
Presolve reductions: rows 30683(-74559); columns 38271(-74020); nonzeros 135784(-122768)
Solving MIP model with:
   30683 rows
   38271 cols (2187 binary, 0 integer, 1 implied int., 36083 continuous, 0 domain fixed)
   135784 nonzeros
Src: B => Branching; C => Central rounding; F => Feasibility pump; H => Heuristic;
     I => Shifting; J => Feasibility jump; L => Sub-MIP; P => Empty MIP; R => Randomized rounding;
     S => Solve LP; T => Evaluate node; U => Unbounded; X => User solution; Y => HiGHS solution;
     Z => ZI Round; l => Trivial lower; p => Trivial point; u => Trivial upper; z => Trivial zero
        Nodes      |    B&B Tree     |            Objective Bounds              |  Dynamic Constraints |       Work
Src  Proc. InQueue |  Leaves   Expl. | BestBound       BestSol              Gap |   Cuts   InLp Confl. | LpIters     Time
         0       0         0   0.00%   -634022501.4523 inf                  inf        0      0      0         0     1.7s
 R       0       0         0   0.00%   41780031056.51  3.03819393e+13    99.86%        0      0      0     23725    21.1s
         0       0         0   0.00%   41790814091.56  3.03819393e+13    99.86%     1893    642      0     24431    28.5s
         0       0         0   0.00%   41790830887.17  3.03819393e+13    99.86%     2192    643      0     24432    34.7s
         0       0         0   0.00%   41790847682.78  3.03819393e+13    99.86%     2444    644      0     24433    40.1s
         0       0         0   0.00%   41790864478.38  3.03819393e+13    99.86%     2708    645      0     24434    45.7s
         0       0         0   0.00%   41790881273.99  3.03819393e+13    99.86%     2936    646      0     24435    57.1s
         0       0         0   0.00%   41791643780.48  3.03819393e+13    99.86%     3174    868      0     24794    62.6s
         0       0         0   0.00%   41791715476.64  3.03819393e+13    99.86%     3407    885      0     24812    67.8s
         0       0         0   0.00%   41791774968.04  3.03819393e+13    99.86%     3639    900      0     24830    73.5s
         0       0         0   0.00%   41791826444.58  3.03819393e+13    99.86%     3828    912      0     24848    80.1s
         0       0         0   0.00%   41791869448.9   3.03819393e+13    99.86%     3995    921      0     24859    85.7s
         0       0         0   0.00%   41791916863.34  3.03819393e+13    99.86%     4164    932      0     24872    90.7s
         0       0         0   0.00%   41791954612.5   3.03819393e+13    99.86%     4293    940      0     24887    95.8s
         0       0         0   0.00%   41791988963.61  3.03819393e+13    99.86%     4424    946      0     24894   100.9s
         0       0         0   0.00%   41792021988.06  3.03819393e+13    99.86%     4563    954      0     24908   106.3s
         0       0         0   0.00%   41792081250.59  3.03819393e+13    99.86%     4837    966      0     24925   115.7s
         0       0         0   0.00%   41792081250.59  3.03819393e+13    99.86%     4947    967      0     24925   120.5s
Solving report
  Status            Time limit reached
  Primal bound      3.03819392927e+13
  Dual bound        41792081250.6
  Gap               99.86% (tolerance: 0%)
  P-D integral      99.2357980576
  Solution status   feasible
                    3.03819392927e+13 (objective)
                    0 (bound viol.)
                    0 (int. viol.)
                    0 (row viol.)
  Timing            120.47
  Max sub-MIP depth 0
  Nodes             0
  Repair LPs        0
  LP iterations     24925
                    0 (strong br.)
                    1200 (separation)
                    0 (heuristics)
120.505790 seconds (163 allocations: 6.797 KiB)
Feasible solution found, objective function value: 3.0381939292739645e13
Saving model results...  0.523379 seconds (3.47 M allocations: 113.686 MiB)
Postprocessing model results...  0.000083 seconds (48 allocations: 3.312 KiB)
Saving model outputs...  0.672395 seconds (2.24 M allocations: 137.348 MiB, 29.10% gc time)
Rolling model temporal structure...  0.606084 seconds (4.40 M allocations: 89.681 MiB)
Fixing model history...  0.050772 seconds (344.15 k allocations: 16.850 MiB)
Applying model non-anticipativity constraints...  0.000175 seconds (524 allocations: 27.516 KiB)
model - window 12 of 12: 2019-12-01T14:00~(4 weeks, 2 days, 10 hours)~>2020-01-01T00:00
Feasible solution found, objective function value: 3.038194145759638e13
Optimizing model...MIP has 105242 rows; 112291 cols; 258551 nonzeros; 2239 integer variables (0 binary)
Coefficient ranges:
  Matrix  [6e-03, 5e+05]
  Cost    [4e-03, 5e+11]
  Bound   [1e-01, 1e+05]
  RHS     [1e+00, 2e+04]
WARNING: Problem has some excessively large costs
WARNING:    Consider scaling the objective by 1e-6, or setting the user_objective_scale option to -19
Presolving model
68020 rows, 54925 cols, 176633 nonzeros 0s
32147 rows, 40643 cols, 141072 nonzeros 0s
30683 rows, 38259 cols, 135772 nonzeros 0s
Presolve reductions: rows 30683(-74559); columns 38259(-74032); nonzeros 135772(-122779)
Solving MIP model with:
   30683 rows
   38259 cols (2187 binary, 0 integer, 1 implied int., 36071 continuous, 0 domain fixed)
   135772 nonzeros
Src: B => Branching; C => Central rounding; F => Feasibility pump; H => Heuristic;
     I => Shifting; J => Feasibility jump; L => Sub-MIP; P => Empty MIP; R => Randomized rounding;
     S => Solve LP; T => Evaluate node; U => Unbounded; X => User solution; Y => HiGHS solution;
     Z => ZI Round; l => Trivial lower; p => Trivial point; u => Trivial upper; z => Trivial zero
        Nodes      |    B&B Tree     |            Objective Bounds              |  Dynamic Constraints |       Work
Src  Proc. InQueue |  Leaves   Expl. | BestBound       BestSol              Gap |   Cuts   InLp Confl. | LpIters     Time
         0       0         0   0.00%   -529354985.9183 inf                  inf        0      0      0         0     2.0s
 R       0       0         0   0.00%   41778363211.35  3.03819415e+13    99.86%        0      0      0     24360    25.1s
         0       0         0   0.00%   41782696239.28  3.03819415e+13    99.86%     2071    258      0     24671    30.3s
         0       0         0   0.00%   41782713033.81  3.03819415e+13    99.86%     2550    259      0     24673    35.4s
         0       0         0   0.00%   41782729828.33  3.03819415e+13    99.86%     2877    260      0     24680    40.6s
         0       0         0   0.00%   41782746622.85  3.03819415e+13    99.86%     3179    261      0     24682    45.7s
         0       0         0   0.00%   41782763417.37  3.03819415e+13    99.86%     3437    262      0     24684    63.1s
         0       0         0   0.00%   41782797006.4   3.03819415e+13    99.86%     3967    264      0     24687    73.1s
         0       0         0   0.00%   41782830595.43  3.03819415e+13    99.86%     4497    266      0     24689    83.4s
         0       0         0   0.00%   41782847389.94  3.03819415e+13    99.86%     4720    267      0     24691    88.5s
         0       0         0   0.00%   41782864184.46  3.03819415e+13    99.86%     4938    268      0     24693    93.5s
         0       0         0   0.00%   41782897773.48  3.03819415e+13    99.86%     5269    270      0     24697   103.8s
         0       0         0   0.00%   41782914567.98  3.03819415e+13    99.86%     5467    271      0     24699   108.9s
         0       0         0   0.00%   41782931362.49  3.03819415e+13    99.86%     5631    272      0     24701   114.3s
         0       0         0   0.00%   41782948157     3.03819415e+13    99.86%     5962    274      0     24703   121.8s
         0       0         0   0.00%   41782948157     3.03819415e+13    99.86%     5962    274      0     24703   121.9s
Solving report
  Status            Time limit reached
  Primal bound      3.03819414576e+13
  Dual bound        41782948157
  Gap               99.86% (tolerance: 0%)
  P-D integral      96.6353448209
  Solution status   feasible
                    3.03819414576e+13 (objective)
                    0 (bound viol.)
                    0 (int. viol.)
                    0 (row viol.)
  Timing            121.85
  Max sub-MIP depth 0
  Nodes             0
  Repair LPs        0
  LP iterations     24703
                    0 (strong br.)
                    343 (separation)
                    0 (heuristics)
121.882660 seconds (163 allocations: 6.797 KiB)
Saving model results...  0.366584 seconds (3.47 M allocations: 113.685 MiB)
Postprocessing model results...  0.000071 seconds (48 allocations: 3.312 KiB)
Saving model outputs...  0.302426 seconds (2.24 M allocations: 137.329 MiB)
Rolling model temporal structure...  0.000112 seconds (47 allocations: 1.312 KiB)
Rolling complete
Solve complete. Started at 2026-07-15T22:44:39.335, ended at 2026-07-15T23:09:43.966, elapsed time: 25 minutes, 4 seconds, 631 milliseconds
Time summary:
Action                                           │ min        │ max        │ avg
─────────────────────────────────────────────────┼────────────┼────────────┼────────────────────
Postprocessing model results...                  │ 3.8e-5     │ 0.000215   │ 6.825e-5
Fixing model history...                          │ 0.03897    │ 0.757172   │ 0.11101118181818181
Applying model non-anticipativity constraints... │ 0.000106   │ 0.160827   │ 0.01474318181818182
Rolling model temporal structure...              │ 0.000112   │ 1.002226   │ 0.6151220833333333
Saving model results...                          │ 0.352607   │ 11.263721  │ 1.3678989999999998
Optimizing model...                              │ 120.054918 │ 122.838599 │ 121.21024133333333
Saving model outputs...                          │ 0.302426   │ 10.54192   │ 1.5618096666666668
Writing report to sqlite:///C:\Users\jfg.eco\Documents\GitHub\Nord_H2ub\Spine_Projects\02_basic_energy_model\.spinetoolbox\items\outputtest\OutputTest.sqlite?spinedbfilter=cfg%3Aexecution%3A%7B%22execution_item%22%3A+%22Run+SpineOpt%22%2C+%22scenarios%22%3A+%5B%5D%2C+%22timestamp%22%3A+%222026-07-15T22%3A38%3A19%22%7D...  6.820467 seconds (20.95 M allocations: 1.187 GiB, 5.72% gc time, 47.50% compilation time)
Execution complete. Started at 2026-07-15T22:38:36.941, ended at 2026-07-15T23:10:07.138, elapsed time: 31 minutes, 30 seconds, 197 milliseconds
A JuMP Model
├ solver: HiGHS
├ objective_sense: MIN_SENSE
│ └ objective_function_type: JuMP.AffExpr
├ num_variables: 112291
├ num_constraints: 208092
│ ├ JuMP.AffExpr in MOI.EqualTo{Float64}: 29282
│ ├ JuMP.AffExpr in MOI.GreaterThan{Float64}: 29220
│ ├ JuMP.AffExpr in MOI.LessThan{Float64}: 46740
│ ├ JuMP.VariableRef in MOI.EqualTo{Float64}: 446
│ ├ JuMP.VariableRef in MOI.GreaterThan{Float64}: 96484
│ ├ JuMP.VariableRef in MOI.LessThan{Float64}: 3681
│ └ JuMP.VariableRef in MOI.Integer: 2239
└ Names registered in the model: none
