### Spine execution log file
### Item name: Run SpineOpt
### Filter id: 
### Part: 1

# Running julia run_spineopt.jl http://127.0.0.1:52661 http://127.0.0.1:52663
2-element Vector{String}:
 "http://127.0.0.1:52661"
 "http://127.0.0.1:52663"
Running SpineOpt...
[SpineOpt version 0.10.2 (git hash: N/A)]
[SpineInterface version 0.15.2 (git hash: N/A)]
Execution started at 2026-07-29T10:51:27.763
Reading input data from sqlite:///C:\Users\jfg.eco\Documents\GitHub\Nord_H2ub\Spine_Projects\02_basic_energy_model\.spinetoolbox\items\input\Input.sqlite...
Initializing  data structure from db...  1.086302 seconds (1.93 M allocations: 130.040 MiB)
Preprocessing  data structure...  0.164743 seconds (48.49 k allocations: 2.446 MiB, 51.58% compilation time)
Checking  data structure...  0.027838 seconds (9.05 k allocations: 476.484 KiB, 76.83% compilation time)
Build started at 2026-07-29T10:51:29.132
Creating model temporal structure...[ Info: the last time slice of temporal block Default_Investment_period has been cut to fit within the block
[ Info: the last time slice of temporal block daily has been cut to fit within the block
 51.633738 seconds (431.05 M allocations: 22.181 GiB, 50.59% gc time, 0.05% compilation time)
Creating model stochastic structure...  0.293518 seconds (3.22 M allocations: 453.173 MiB, 10.64% compilation time)
Adding model independent variables...
- [variable_binary_gas_connection_flow]  0.982780 seconds (2.29 M allocations: 34.946 MiB, 91.14% gc time)
- [variable_connection_flow]  5.734428 seconds (13.99 M allocations: 1.458 GiB, 73.27% gc time, 3.00% compilation time)
- [variable_connection_intact_flow]  0.742274 seconds (11.02 M allocations: 725.255 MiB, 14.11% gc time)
- [variable_connections_decommissioned]  0.069023 seconds (2.30 M allocations: 35.579 MiB)
- [variable_connections_invested]  0.339628 seconds (2.54 M allocations: 146.442 MiB)
- [variable_connections_invested_available]  0.471714 seconds (2.63 M allocations: 146.059 MiB, 25.55% gc time, 2.70% compilation time)
- [variable_min_capacity_margin_slack]  0.063573 seconds (2.29 M allocations: 34.901 MiB)
- [variable_node_injection]  0.326925 seconds (6.86 M allocations: 370.943 MiB)
- [variable_node_pressure]  0.067036 seconds (2.29 M allocations: 34.920 MiB)
- [variable_node_slack_neg]  0.479233 seconds (6.73 M allocations: 321.239 MiB, 33.68% gc time)
- [variable_node_slack_pos]  0.322138 seconds (6.73 M allocations: 321.242 MiB)
- [variable_node_state]  0.359180 seconds (4.26 M allocations: 143.006 MiB, 42.77% gc time, 3.91% compilation time)
- [variable_node_voltage_angle]  0.063734 seconds (2.29 M allocations: 34.920 MiB)
- [variable_nonspin_units_shut_down]  0.064865 seconds (2.29 M allocations: 34.936 MiB)
- [variable_nonspin_units_started_up]  0.061352 seconds (2.29 M allocations: 34.933 MiB)
- [variable_storages_decommissioned]  0.072946 seconds (2.29 M allocations: 35.092 MiB)
- [variable_storages_invested]  0.123164 seconds (1.99 M allocations: 64.955 MiB, 10.37% compilation time)
- [variable_storages_invested_available]  0.115878 seconds (1.99 M allocations: 64.867 MiB)
- [variable_unit_flow]  2.244562 seconds (16.39 M allocations: 2.228 GiB, 32.45% gc time, 3.38% compilation time)
- [variable_unit_flow_op]  0.235832 seconds (3.78 M allocations: 156.498 MiB)
- [variable_unit_flow_op_active]  0.221435 seconds (4.25 M allocations: 184.318 MiB)
- [variable_units_invested]  0.290308 seconds (2.53 M allocations: 132.867 MiB)
- [variable_units_invested_available]  0.416880 seconds (2.60 M allocations: 135.800 MiB, 27.49% gc time, 5.77% compilation time)
- [variable_units_mothballed]  0.065814 seconds (2.30 M allocations: 35.614 MiB)
- [variable_units_on]  0.283703 seconds (5.72 M allocations: 258.952 MiB)
- [variable_units_out_of_service]  0.064212 seconds (2.29 M allocations: 34.912 MiB)
- [variable_units_returned_to_service]  0.072034 seconds (2.29 M allocations: 34.907 MiB)
- [variable_units_shut_down]  0.224652 seconds (2.57 M allocations: 53.712 MiB, 60.59% gc time)
- [variable_units_started_up]  0.090363 seconds (2.56 M allocations: 53.020 MiB)
- [variable_units_taken_out_of_service]  0.068540 seconds (2.29 M allocations: 34.908 MiB)
- [variable_user_constraint_slack_neg]  0.084645 seconds (2.29 M allocations: 34.899 MiB)
- [variable_user_constraint_slack_pos]  0.072178 seconds (2.29 M allocations: 34.899 MiB)
 14.921352 seconds (131.18 M allocations: 7.367 GiB, 44.34% gc time, 2.09% compilation time)
Adding model dependent variables...
- [variable_connection_flow]  0.339895 seconds (4.68 M allocations: 203.067 MiB)
- [variable_unit_flow]  0.466950 seconds (6.40 M allocations: 302.911 MiB)
  0.810483 seconds (11.09 M allocations: 505.990 MiB)
Adding model expressions...
- [expression_capacity_margin]  0.000088 seconds (86 allocations: 3.875 KiB)
  0.011404 seconds (199 allocations: 9.680 KiB)
Adding model constraints...
- [constraint_candidate_connection_flow_lb]  0.000292 seconds (146 allocations: 6.461 KiB)
- [constraint_candidate_connection_flow_ub]  0.000190 seconds (145 allocations: 6.461 KiB)
- [constraint_compression_ratio]  0.000084 seconds (94 allocations: 5.930 KiB)
- [constraint_connection_flow_capacity]  2.420347 seconds (22.42 M allocations: 1.265 GiB, 20.03% gc time, 0.05% compilation time)
- [constraint_connection_flow_gas_capacity]  0.000091 seconds (98 allocations: 7.367 KiB)
- [constraint_connection_flow_intact_flow]  0.000134 seconds (87 allocations: 4.008 KiB)
- [constraint_connection_flow_lodf]  0.000235 seconds (66 allocations: 3.438 KiB)
- [constraint_connection_intact_flow_capacity]  0.000218 seconds (119 allocations: 5.930 KiB)
- [constraint_connection_intact_flow_ptdf]  0.000319 seconds (72 allocations: 3.602 KiB)
- [constraint_connection_lifetime] 31.482587 seconds (219.78 M allocations: 22.942 GiB, 53.19% gc time, 0.04% compilation time)
- [constraint_connection_unitary_gas_flow]  0.000072 seconds (95 allocations: 6.211 KiB)
- [constraint_connections_invested_available]  0.001183 seconds (2.82 k allocations: 164.075 KiB)
- [constraint_connections_invested_transition]  0.003500 seconds (16.29 k allocations: 859.535 KiB)
- [constraint_cyclic_node_state]  0.006630 seconds (2.56 k allocations: 124.117 KiB, 94.29% compilation time)
- [constraint_fix_node_pressure_point]  0.000064 seconds (94 allocations: 5.930 KiB)
- [constraint_fix_ratio_in_in_unit_flow]  0.116465 seconds (1.09 M allocations: 69.084 MiB)
- [constraint_fix_ratio_in_out_unit_flow]  0.000677 seconds (3.20 k allocations: 167.914 KiB)
- [constraint_fix_ratio_out_in_connection_flow]  0.092428 seconds (822.36 k allocations: 48.700 MiB, 10.33% compilation time)
- [constraint_fix_ratio_out_in_unit_flow]  0.000107 seconds (193 allocations: 12.008 KiB)
- [constraint_fix_ratio_out_out_unit_flow]  0.000363 seconds (1.10 k allocations: 58.758 KiB)
- [constraint_investment_group_equal_investments]  0.007251 seconds (37.15 k allocations: 8.371 MiB)
- [constraint_investment_group_maximum_capacity_invested_available]  0.000058 seconds (34 allocations: 1.992 KiB)
- [constraint_investment_group_maximum_entities_invested_available]  0.000061 seconds (32 allocations: 1.898 KiB)
- [constraint_investment_group_minimum_capacity_invested_available]  0.000051 seconds (32 allocations: 1.898 KiB)
- [constraint_investment_group_minimum_entities_invested_available]  0.000058 seconds (32 allocations: 1.898 KiB)
- [constraint_max_node_pressure]  0.000151 seconds (219 allocations: 10.758 KiB)
- [constraint_max_node_voltage_angle]  0.000097 seconds (293 allocations: 13.742 KiB)
- [constraint_max_ratio_in_in_unit_flow]  0.000091 seconds (193 allocations: 12.008 KiB)
- [constraint_max_ratio_in_out_unit_flow]  0.000117 seconds (193 allocations: 12.008 KiB)
- [constraint_max_ratio_out_in_connection_flow]  0.000345 seconds (114 allocations: 6.570 KiB)
- [constraint_max_ratio_out_in_unit_flow]  0.000126 seconds (193 allocations: 12.008 KiB)
- [constraint_max_ratio_out_out_unit_flow]  0.000116 seconds (193 allocations: 12.008 KiB)
- [constraint_max_total_cumulated_unit_flow_from_node]  0.000085 seconds (96 allocations: 6.039 KiB)
- [constraint_max_total_cumulated_unit_flow_to_node]  0.000042 seconds (92 allocations: 5.789 KiB)
- [constraint_min_capacity_margin]  0.000052 seconds (101 allocations: 4.773 KiB)
- [constraint_min_down_time]  1.024933 seconds (6.69 M allocations: 499.647 MiB, 33.71% gc time, 3.36% compilation time)
- [constraint_min_node_pressure]  0.000139 seconds (224 allocations: 15.209 KiB)
- [constraint_min_node_voltage_angle]  0.000079 seconds (293 allocations: 13.742 KiB)
- [constraint_min_ratio_in_in_unit_flow]  0.000126 seconds (193 allocations: 12.008 KiB)
- [constraint_min_ratio_in_out_unit_flow]  0.000107 seconds (193 allocations: 12.008 KiB)
- [constraint_min_ratio_out_in_connection_flow]  0.000104 seconds (114 allocations: 6.570 KiB)
- [constraint_min_ratio_out_in_unit_flow]  0.000081 seconds (193 allocations: 12.008 KiB)
- [constraint_min_ratio_out_out_unit_flow]  0.000068 seconds (193 allocations: 12.008 KiB)
- [constraint_min_scheduled_outage_duration]  0.000126 seconds (66 allocations: 3.320 KiB)
- [constraint_min_total_cumulated_unit_flow_from_node]  0.000075 seconds (96 allocations: 6.039 KiB)
- [constraint_min_total_cumulated_unit_flow_to_node]  0.000065 seconds (92 allocations: 5.789 KiB)
- [constraint_min_up_time]  0.060186 seconds (819.99 k allocations: 49.037 MiB)
- [constraint_minimum_operating_point]  0.078900 seconds (944.48 k allocations: 56.702 MiB)
- [constraint_nodal_balance]  0.294243 seconds (4.68 M allocations: 264.892 MiB)
- [constraint_node_injection]  2.214965 seconds (26.96 M allocations: 1.351 GiB, 13.64% gc time)
- [constraint_node_state_capacity]  0.287549 seconds (4.07 M allocations: 208.693 MiB)
- [constraint_node_voltage_angle]  0.000088 seconds (69 allocations: 3.445 KiB)
- [constraint_non_spinning_reserves_lower_bound]  0.000185 seconds (471 allocations: 22.898 KiB)
- [constraint_non_spinning_reserves_shut_down_upper_bound]  0.000204 seconds (480 allocations: 23.695 KiB)
- [constraint_non_spinning_reserves_start_up_upper_bound]  0.000065 seconds (480 allocations: 23.695 KiB)
- [constraint_operating_point_bounds] 15.241606 seconds (163.32 M allocations: 18.732 GiB, 25.07% gc time)
- [constraint_operating_point_rank]  0.030962 seconds (334.78 k allocations: 29.588 MiB)
- [constraint_ramp_down]  0.379549 seconds (2.56 M allocations: 156.981 MiB, 27.49% gc time, 9.32% compilation time)
- [constraint_ramp_up]  0.189518 seconds (2.57 M allocations: 157.848 MiB)
- [constraint_ratio_out_in_connection_intact_flow]  0.011105 seconds (87 allocations: 4.008 KiB)
- [constraint_storage_lifetime]  3.017660 seconds (31.00 M allocations: 3.319 GiB, 31.35% gc time, 0.36% compilation time)
- [constraint_storage_line_pack]  0.000347 seconds (96 allocations: 6.023 KiB)
- [constraint_storages_invested_available]  0.000474 seconds (904 allocations: 49.602 KiB)
- [constraint_storages_invested_transition]  0.000817 seconds (4.04 k allocations: 208.912 KiB)
- [constraint_unit_flow_capacity]  0.775447 seconds (8.50 M allocations: 470.417 MiB, 25.82% gc time)
- [constraint_unit_flow_op_bounds]  0.177821 seconds (2.47 M allocations: 134.016 MiB, 7.65% compilation time)
- [constraint_unit_flow_op_rank]  0.114940 seconds (1.93 M allocations: 109.220 MiB)
- [constraint_unit_flow_op_sum]  0.018479 seconds (88.62 k allocations: 7.014 MiB)
- [constraint_unit_lifetime] 15.634660 seconds (153.15 M allocations: 16.534 GiB, 34.76% gc time)
- [constraint_unit_state_transition]  0.025640 seconds (310.07 k allocations: 22.204 MiB)
- [constraint_units_available]  1.061627 seconds (15.33 M allocations: 778.448 MiB)
- [constraint_units_invested_available]  0.000783 seconds (3.03 k allocations: 175.638 KiB)
- [constraint_units_invested_transition]  0.001916 seconds (17.63 k allocations: 923.707 KiB)
- [constraint_units_out_of_service_contiguity]  0.000068 seconds (66 allocations: 3.320 KiB)
- [constraint_units_out_of_service_transition]  0.000106 seconds (95 allocations: 4.883 KiB)
- [constraint_user_constraint]  0.485784 seconds (4.30 M allocations: 255.666 MiB, 10.55% compilation time)
 76.421308 seconds (690.22 M allocations: 68.131 GiB, 37.58% gc time, 0.23% compilation time)
Setting model objective...  0.724361 seconds (11.78 M allocations: 624.869 MiB, 6.63% compilation time)
Build complete. Started at 2026-07-29T10:51:29.132, ended at 2026-07-29T10:53:54.191, elapsed time: 2 minutes, 25 seconds, 59 milliseconds
Solve started at 2026-07-29T10:53:54.197
Bringing model to the first window...  3.366307 seconds (36.59 M allocations: 1.791 GiB, 18.14% gc time, 5.78% compilation time)
model - window 1 of 12: 2019-01-01T00:00~(4 weeks, 2 days, 10 hours)~>2019-01-31T10:00
Optimizing model...Running HiGHS 1.14.0 (git hash: 7df0786de3): Copyright (c) 2026 under Apache 2.0 license terms
Using BLAS: blastrampoline-5
MIP has 119868 rows; 139893 cols; 309909 nonzeros; 2287 integer variables (0 binary)
Coefficient ranges:
  Matrix  [6e-03, 1e+05]
  Cost    [1e-03, 2e+09]
  Bound   [3e-01, 2e+04]
  RHS     [1e+00, 2e+03]
WARNING: Problem has some excessively large costs
WARNING:    Consider scaling the objective by 1e-4, or setting the user_objective_scale option to -12
Presolving model
57447 rows, 70648 cols, 200884 nonzeros 0s
38750 rows, 53424 cols, 189101 nonzeros 0s
36708 rows, 48585 cols, 180396 nonzeros 0s
Presolve reductions: rows 36708(-83160); columns 48585(-91308); nonzeros 180396(-129513)
Solving MIP model with:
   36708 rows
   48585 cols (1777 binary, 0 integer, 0 implied int., 46808 continuous, 0 domain fixed)
   180396 nonzeros
Src: B => Branching; C => Central rounding; F => Feasibility pump; H => Heuristic;
     I => Shifting; J => Feasibility jump; L => Sub-MIP; P => Empty MIP; R => Randomized rounding;
     S => Solve LP; T => Evaluate node; U => Unbounded; X => User solution; Y => HiGHS solution;
     Z => ZI Round; l => Trivial lower; p => Trivial point; u => Trivial upper; z => Trivial zero
        Nodes      |    B&B Tree     |            Objective Bounds              |  Dynamic Constraints |       Work
Src  Proc. InQueue |  Leaves   Expl. | BestBound       BestSol              Gap |   Cuts   InLp Confl. | LpIters     Time
         0       0         0   0.00%   -417047081.8136 inf                  inf        0      0      0         0     1.5s
         0       0         0   0.00%   -106859097.4854 inf                  inf        0      0      3     30079     8.0s
 R       0       0         0   0.00%   -106858453.464  1.44742162e+12   100.01%     5162    227      3     31046    18.7s
         0       0         0   0.00%   -106852852.1651 1.44742162e+12   100.01%     8045    452      3     31718    24.0s
         0       0         0   0.00%   -106852595.3092 1.44742162e+12   100.01%     9686    495      3     31856    33.6s
 C       0       0         0   0.00%   -106852589.7473 -106852383.4185    0.00%     9697    506      3     32077    41.2s
 L       0       0         0   0.00%   -106852589.7473 -106852383.4185    0.00%     9697    506      3     32077   162.3s
 L       0       0         0   0.00%   -106852589.7473 -106852383.4185    0.00%     9697    506      3     33156   221.9s
95.6% inactive integer columns, restarting
Model after restart has 31865 rows, 40088 cols (41 bin., 0 int., 0 impl., 40047 cont., 0 dom.fix.), and 125818 nonzeros
         0       0         0   0.00%   -106852589.7473 -106852383.4185    0.00%        4      0      0     42404   222.3s
29.3% inactive integer columns, restarting
Model after restart has 31810 rows, 40072 cols (26 bin., 0 int., 0 impl., 40046 cont., 0 dom.fix.), and 125512 nonzeros
         0       0         0   0.00%   -106852589.7473 -106852383.4185    0.00%        4      0      0     43752   228.4s
         0       0         0   0.00%   -106852589.7473 -106852383.4185    0.00%        4      4      0     43878   233.1s
         0       0         0   0.00%   -106852572.6352 -106852383.4185    0.00%      292      9      0     43892   241.2s
         0       0         0   0.00%   -106852561.7708 -106852383.4185    0.00%      459     14      0     43903   249.5s
         0       0         0   0.00%   -106852557.2959 -106852383.4185    0.00%      588     17      0     43911   257.5s
         0       0         0   0.00%   -106852554.2351 -106852383.4185    0.00%      710     19      0     43916   265.6s
         0       0         0   0.00%   -106852551.1743 -106852383.4185    0.00%      804     21      0     43920   273.7s
         0       0         0   0.00%   -106852496.3415 -106852383.4185    0.00%      846     19      0     44329   345.3s
53.8% inactive integer columns, restarting
Model after restart has 31775 rows, 40055 cols (10 bin., 0 int., 0 impl., 40045 cont., 0 dom.fix.), and 125384 nonzeros
         0       0         0   0.00%   -106852496.3415 -106852383.4185    0.00%       16      0      0     44329   345.5s
         0       0         0   0.00%   -106852496.3415 -106852383.4185    0.00%       16     16      0     45563   350.1s
         0       0         0   0.00%   -106852493.2807 -106852383.4185    0.00%      269     18      0     45568   356.8s
        Nodes      |    B&B Tree     |            Objective Bounds              |  Dynamic Constraints |       Work
Src  Proc. InQueue |  Leaves   Expl. | BestBound       BestSol              Gap |   Cuts   InLp Confl. | LpIters     Time
         0       0         0   0.00%   -106852489.9223 -106852383.4185    0.00%      423     21      0     45571   363.5s
         0       0         0   0.00%   -106852486.8539 -106852383.4185    0.00%      539     23      0     45573   370.1s
         0       0         0   0.00%   -106852483.7855 -106852383.4185    0.00%      642     25      0     45575   376.8s
 L       0       0         0   0.00%   -106852482.2513 -106852383.4185    0.00%      698     26      0     45576   427.8s
         0       0         0   0.00%   -106852482.2513 -106852383.4185    0.00%      698     26      0     45946   457.8s
20.0% inactive integer columns, restarting
Model after restart has 31772 rows, 40053 cols (8 bin., 0 int., 0 impl., 40045 cont., 0 dom.fix.), and 125368 nonzeros
         0       0         0   0.00%   -106852482.2513 -106852383.4185    0.00%       26      0      0     45946   458.0s
         0       0         0   0.00%   -106852482.2513 -106852383.4185    0.00%       26     26      0     45976   462.0s
         0       0         0   0.00%   -106852479.1829 -106852383.4185    0.00%      221     28      0     45981   469.0s
         0       0         0   0.00%   -106852387.7025 -106852383.4185    0.00%      375     30      0     45998   476.2s
         1       0         1 100.00%   -106852383.4287 -106852383.4185    0.00%      375     30      1     46025   480.2s
Solving report
  Status            Optimal
  Primal bound      -106852383.418
  Dual bound        -106852383.429
  Gap               0% (tolerance: 0%)
  P-D integral      22.5030468951
  Solution status   feasible
                    -106852383.418 (objective)
                    0 (bound viol.)
                    0 (int. viol.)
                    0 (row viol.)
  Timing            480.25
  Max sub-MIP depth 2
  Nodes             1
  Repair LPs        0
  LP iterations     46025
                    0 (strong br.)
                    2080 (separation)
                    11127 (heuristics)
480.438392 seconds (868.63 k allocations: 121.463 MiB)
Optimal solution found, objective function value: -1.0685238341847435e8
Saving model results...  0.377922 seconds (4.27 M allocations: 149.200 MiB)
Postprocessing model results...  0.000101 seconds (48 allocations: 3.312 KiB)
Saving model outputs...  0.286025 seconds (2.76 M allocations: 170.359 MiB)
Rolling model temporal structure...  0.515401 seconds (4.74 M allocations: 101.943 MiB)
Fixing model history...  0.046712 seconds (418.32 k allocations: 20.434 MiB)
model - window 2 of 12: 2019-01-31T10:00~(4 weeks, 2 days, 10 hours)~>2019-03-02T20:00
Applying model non-anticipativity constraints...  0.000270 seconds (603 allocations: 32.203 KiB)
Optimizing model...MIP has 119868 rows; 139893 cols; 309966 nonzeros; 2287 integer variables (0 binary)
Coefficient ranges:
  Matrix  [6e-03, 1e+05]
  Cost    [1e-03, 2e+09]
  Bound   [7e-03, 2e+04]
  RHS     [1e+00, 2e+03]
WARNING: Problem has some excessively large costs
WARNING:    Consider scaling the objective by 1e-4, or setting the user_objective_scale option to -12
Presolving model
78750 rows, 70758 cols, 220587 nonzeros 0s
37623 rows, 53398 cols, 181104 nonzeros 0s
35999 rows, 48404 cols, 175908 nonzeros 0s
Presolve reductions: rows 35999(-83869); columns 48404(-91489); nonzeros 175908(-134058)
Solving MIP model with:
   35999 rows
   48404 cols (1668 binary, 0 integer, 0 implied int., 46736 continuous, 0 domain fixed)
   175908 nonzeros
Src: B => Branching; C => Central rounding; F => Feasibility pump; H => Heuristic;
     I => Shifting; J => Feasibility jump; L => Sub-MIP; P => Empty MIP; R => Randomized rounding;
     S => Solve LP; T => Evaluate node; U => Unbounded; X => User solution; Y => HiGHS solution;
     Z => ZI Round; l => Trivial lower; p => Trivial point; u => Trivial upper; z => Trivial zero
        Nodes      |    B&B Tree     |            Objective Bounds              |  Dynamic Constraints |       Work
Src  Proc. InQueue |  Leaves   Expl. | BestBound       BestSol              Gap |   Cuts   InLp Confl. | LpIters     Time
         0       0         0   0.00%   -409012901.1571 inf                  inf        0      0      0         0     1.4s
         0       0         0   0.00%   -93269016.09759 inf                  inf        0      0      2     28831     5.5s
 R       0       0         0   0.00%   -93264922.38418 -93259208.18476    0.01%    11127    444      7     30756     9.9s
 C       0       0         0   0.00%   -93264916.35067 -93264862.16281    0.00%      941    449      7     30879    12.9s
         0       0         0   0.00%   -93264916.35067 -93264862.16281    0.00%      941    327      7     31186    20.4s
98.0% inactive integer columns, restarting
Model after restart has 30664 rows, 39330 cols (9 bin., 0 int., 0 impl., 39321 cont., 0 dom.fix.), and 122474 nonzeros
         0       0         0   0.00%   -93264916.35067 -93264862.16281    0.00%       18      0      0     31186    20.7s
11.1% inactive integer columns, restarting
Model after restart has 30658 rows, 39317 cols (8 bin., 0 int., 0 impl., 39309 cont., 0 dom.fix.), and 122456 nonzeros
         0       0         0   0.00%   -93264916.35067 -93264862.16281    0.00%       14      0      0     31256    21.3s
         0       0         0   0.00%   -93264916.35067 -93264862.16281    0.00%       14     14      0     31270    21.5s
         0       0         0   0.00%   -93264915.57602 -93264862.16281    0.00%      275     16      0     31333    29.3s
12.5% inactive integer columns, restarting
Model after restart has 30653 rows, 39313 cols (6 bin., 0 int., 0 impl., 39307 cont., 0 dom.fix.), and 122455 nonzeros
         0       0         0   0.00%   -93264915.57602 -93264862.16281    0.00%       11      0      0     31333    29.5s
16.7% inactive integer columns, restarting
Model after restart has 30652 rows, 39312 cols (5 bin., 0 int., 0 impl., 39307 cont., 0 dom.fix.), and 122449 nonzeros
         0       0         0   0.00%   -93264915.57602 -93264862.16281    0.00%       11      0      0     31344    29.9s
         0       0         0   0.00%   -93264915.57602 -93264862.16281    0.00%       11     11      0     31355    30.1s
         0       0         0   0.00%   -93264908.04669 -93264862.16281    0.00%      667     16      0     31360    35.7s
         0       0         0   0.00%   -93264900.51737 -93264862.16281    0.00%      978     21      0     31365    41.0s
100.0% inactive integer columns, restarting
Model after restart has 30530 rows, 39297 cols (0 bin., 0 int., 0 impl., 39297 cont., 0 dom.fix.), and 122087 nonzeros
         0       0         0   0.00%   -93264862.17368 -93264862.16281    0.00%        2      0      0     31379    44.7s
         0       0         0   0.00%   -93264862.17368 -93264862.16281    0.00%        2      0      0     61233    50.7s
         0       0         1 100.00%   -93264862.16281 -93264862.16281    0.00%        2      0      0     61233    50.8s
Solving report
  Status            Optimal
  Primal bound      -93264862.1628
  Dual bound        -93264862.1628
  Gap               0% (tolerance: 0%)
  P-D integral      0.000197121620351
  Solution status   feasible
                    -93264862.1628 (objective)
                    0 (bound viol.)
                    8.881784197e-16 (int. viol.)
                    0 (row viol.)
  Timing            50.80
  Max sub-MIP depth 1
  Nodes             0
  Repair LPs        0
  LP iterations     61233
                    0 (strong br.)
                    2065 (separation)
                    374 (heuristics)
 50.825140 seconds (345 allocations: 14.516 KiB)
Optimal solution found, objective function value: -9.326486216281071e7
Saving model results...  0.348907 seconds (4.27 M allocations: 149.194 MiB)
Postprocessing model results...  0.000047 seconds (48 allocations: 3.312 KiB)
Saving model outputs...  0.296571 seconds (2.76 M allocations: 170.350 MiB)
Rolling model temporal structure...  0.533792 seconds (4.74 M allocations: 102.077 MiB)
Fixing model history...  0.043946 seconds (413.88 k allocations: 20.191 MiB)
Applying model non-anticipativity constraints...  0.000108 seconds (603 allocations: 32.203 KiB)
model - window 3 of 12: 2019-03-02T20:00~(4 weeks, 2 days, 10 hours)~>2019-04-02T06:00
Optimizing model...MIP has 119868 rows; 139893 cols; 310029 nonzeros; 2287 integer variables (0 binary)
Coefficient ranges:
  Matrix  [6e-03, 1e+05]
  Cost    [1e-03, 2e+09]
  Bound   [3e-17, 2e+04]
  RHS     [1e+00, 2e+03]
WARNING: Problem has some excessively large costs
WARNING: Problem has some excessively small column bounds
WARNING:    Consider scaling the objective by 1e-4, or setting the user_objective_scale option to -12
Presolving model
78876 rows, 70884 cols, 220839 nonzeros 0s
37631 rows, 53467 cols, 181241 nonzeros 0s
36028 rows, 48604 cols, 176204 nonzeros 0s
Presolve reductions: rows 36028(-83840); columns 48604(-91289); nonzeros 176204(-133825)
Solving MIP model with:
   36028 rows
   48604 cols (1670 binary, 0 integer, 0 implied int., 46934 continuous, 0 domain fixed)
   176204 nonzeros
Src: B => Branching; C => Central rounding; F => Feasibility pump; H => Heuristic;
     I => Shifting; J => Feasibility jump; L => Sub-MIP; P => Empty MIP; R => Randomized rounding;
     S => Solve LP; T => Evaluate node; U => Unbounded; X => User solution; Y => HiGHS solution;
     Z => ZI Round; l => Trivial lower; p => Trivial point; u => Trivial upper; z => Trivial zero
        Nodes      |    B&B Tree     |            Objective Bounds              |  Dynamic Constraints |       Work
Src  Proc. InQueue |  Leaves   Expl. | BestBound       BestSol              Gap |   Cuts   InLp Confl. | LpIters     Time
         0       0         0   0.00%   -372219972.7575 inf                  inf        0      0      0         0     1.4s
         0       0         0   0.00%   -102064355.8855 inf                  inf        0      0      3     29493     7.4s
 R       0       0         0   0.00%   -102060447.883  -102060156.1407    0.00%    10223    406      6     31247    10.4s
         0       0         0   0.00%   -102060447.883  -102060156.1407    0.00%    10223    330      6     63086    53.7s
87.1% inactive integer columns, restarting
Model after restart has 31910 rows, 39835 cols (85 bin., 0 int., 0 impl., 39750 cont., 0 dom.fix.), and 126107 nonzeros
         0       0         0   0.00%   -102060447.883  -102060156.1407    0.00%       55      0      0     63086    54.1s
49.4% inactive integer columns, restarting
Model after restart has 31788 rows, 39783 cols (35 bin., 0 int., 0 impl., 39748 cont., 0 dom.fix.), and 125428 nonzeros
         0       0         0   0.00%   -102060447.8645 -102060156.1407    0.00%       49      0      0     65335    55.6s
         0       0         0   0.00%   -102060447.8645 -102060156.1407    0.00%       49     49      0     65408    55.9s
         0       0         0   0.00%   -102060410.2369 -102060156.1407    0.00%     4424     77      0     65444    61.0s
34.3% inactive integer columns, restarting
Model after restart has 31761 rows, 39771 cols (23 bin., 0 int., 0 impl., 39748 cont., 0 dom.fix.), and 125302 nonzeros
         0       0         0   0.00%   -102060397.7465 -102060156.1407    0.00%       58      0      0     65455    63.4s
         0       0         0   0.00%   -102060397.7465 -102060156.1407    0.00%       58     58      0     65537    63.8s
         0       0         0   0.00%   -102060371.7566 -102060156.1407    0.00%     3936     78      0     65557    69.0s
         0       0         0   0.00%   -102060349.9553 -102060156.1407    0.00%     6651    102      0     65578    74.1s
13.0% inactive integer columns, restarting
Model after restart has 31755 rows, 39768 cols (20 bin., 0 int., 0 impl., 39748 cont., 0 dom.fix.), and 125268 nonzeros
         0       0         0   0.00%   -102060338.6385 -102060156.1407    0.00%       86      0      0     65594    77.5s
         0       0         0   0.00%   -102060338.6385 -102060156.1407    0.00%       86     85      0     65687    77.8s
         0       0         0   0.00%   -102060322.2164 -102060156.1407    0.00%     2425     97      0     65699    83.3s
         0       0         0   0.00%   -102060246.8125 -102060156.1407    0.00%     3422    107      0     65712    88.9s
30.0% inactive integer columns, restarting
Model after restart has 31648 rows, 39762 cols (14 bin., 0 int., 0 impl., 39748 cont., 0 dom.fix.), and 124930 nonzeros
         0       0         0   0.00%   -102060246.8125 -102060156.1407    0.00%       68      0      0     65712    89.1s
         0       0         0   0.00%   -102060246.8125 -102060156.1407    0.00%       68     68      0     65795    90.1s
         0       0         0   0.00%   -102060159.7148 -102060156.1407    0.00%     1635     75      0     65806    96.1s
57.1% inactive integer columns, restarting
Model after restart has 31628 rows, 39747 cols (4 bin., 0 int., 0 impl., 39743 cont., 0 dom.fix.), and 124851 nonzeros
         0       0         0   0.00%   -102060159.7148 -102060156.1407    0.00%       70      0      0     65806    96.3s
        Nodes      |    B&B Tree     |            Objective Bounds              |  Dynamic Constraints |       Work
Src  Proc. InQueue |  Leaves   Expl. | BestBound       BestSol              Gap |   Cuts   InLp Confl. | LpIters     Time
         0       0         0   0.00%   -102060159.7148 -102060156.1407    0.00%       70     70      0     65901    96.7s
         1       0         1 100.00%   -102060156.1407 -102060156.1407    0.00%       75     73      4     66204   100.9s
Solving report
  Status            Optimal
  Primal bound      -102060156.141
  Dual bound        -102060156.141
  Gap               0% (tolerance: 0%)
  P-D integral      0.000204252685773
  Solution status   feasible
                    -102060156.141 (objective)
                    0 (bound viol.)
                    1.7763568394e-15 (int. viol.)
                    0 (row viol.)
  Timing            100.93
  Max sub-MIP depth 4
  Nodes             1
  Repair LPs        0
  LP iterations     66204
                    297 (strong br.)
                    1897 (separation)
                    31839 (heuristics)
100.959957 seconds (499 allocations: 21.047 KiB)
Optimal solution found, objective function value: -1.0206015614066628e8
Saving model results...  0.377722 seconds (4.27 M allocations: 149.194 MiB)
Postprocessing model results...  0.000040 seconds (48 allocations: 3.312 KiB)
Saving model outputs...  0.595587 seconds (2.76 M allocations: 170.351 MiB, 50.06% gc time)
Rolling model temporal structure...  0.515459 seconds (4.74 M allocations: 102.077 MiB)
Fixing model history...  0.043145 seconds (413.88 k allocations: 20.191 MiB)
Applying model non-anticipativity constraints...  0.000128 seconds (603 allocations: 32.203 KiB)
model - window 4 of 12: 2019-04-02T06:00~(4 weeks, 2 days, 10 hours)~>2019-05-02T16:00
Optimizing model...MIP has 119868 rows; 139893 cols; 310112 nonzeros; 2287 integer variables (0 binary)
Coefficient ranges:
  Matrix  [6e-03, 1e+05]
  Cost    [1e-03, 2e+09]
  Bound   [8e-17, 2e+04]
  RHS     [1e+00, 2e+03]
WARNING: Problem has some excessively large costs
WARNING: Problem has some excessively small column bounds
WARNING:    Consider scaling the objective by 1e-4, or setting the user_objective_scale option to -12
Presolving model
79042 rows, 71050 cols, 221171 nonzeros 0s
37623 rows, 53544 cols, 181250 nonzeros 0s
36170 rows, 49167 cols, 176813 nonzeros 0s
Presolve reductions: rows 36170(-83698); columns 49167(-90726); nonzeros 176813(-133299)
Solving MIP model with:
   36170 rows
   49167 cols (1667 binary, 0 integer, 0 implied int., 47500 continuous, 0 domain fixed)
   176813 nonzeros
Src: B => Branching; C => Central rounding; F => Feasibility pump; H => Heuristic;
     I => Shifting; J => Feasibility jump; L => Sub-MIP; P => Empty MIP; R => Randomized rounding;
     S => Solve LP; T => Evaluate node; U => Unbounded; X => User solution; Y => HiGHS solution;
     Z => ZI Round; l => Trivial lower; p => Trivial point; u => Trivial upper; z => Trivial zero
        Nodes      |    B&B Tree     |            Objective Bounds              |  Dynamic Constraints |       Work
Src  Proc. InQueue |  Leaves   Expl. | BestBound       BestSol              Gap |   Cuts   InLp Confl. | LpIters     Time
         0       0         0   0.00%   -371649365.1952 inf                  inf        0      0      0         0     1.4s
         0       0         0   0.00%   -45461891.71841 inf                  inf        0      0      3     30403     7.5s
 R       0       0         0   0.00%   -45457370.80272 -45457257.01744    0.00%     9966    456      6     32475    11.5s
         0       0         0   0.00%   -45457370.80272 -45457257.01744    0.00%     9966    348      6     63425    54.3s
86.4% inactive integer columns, restarting
Model after restart has 31928 rows, 39017 cols (69 bin., 0 int., 0 impl., 38948 cont., 0 dom.fix.), and 125476 nonzeros
         0       0         0   0.00%   -45457370.80272 -45457257.01744    0.00%      104      0      0     63425    54.7s
46.4% inactive integer columns, restarting
Model after restart has 31618 rows, 38981 cols (33 bin., 0 int., 0 impl., 38948 cont., 0 dom.fix.), and 124461 nonzeros
         0       0         0   0.00%   -45457370.78689 -45457257.01744    0.00%       48      0      0     65020    55.5s
12.1% inactive integer columns, restarting
Model after restart has 31612 rows, 38976 cols (28 bin., 0 int., 0 impl., 38948 cont., 0 dom.fix.), and 124407 nonzeros
         0       0         0   0.00%   -45457370.78689 -45457257.01744    0.00%       48      0      0     66315    56.5s
         0       0         0   0.00%   -45457370.78689 -45457257.01744    0.00%       48     48      0     66376    56.7s
         0       0         0   0.00%   -45457356.78411 -45457257.01744    0.00%     2028     60      0     66390    61.9s
10.7% inactive integer columns, restarting
Model after restart has 31607 rows, 38973 cols (25 bin., 0 int., 0 impl., 38948 cont., 0 dom.fix.), and 124361 nonzeros
         0       0         0   0.00%   -45457356.78411 -45457257.01744    0.00%       56      0      0     66390    62.0s
         0       0         0   0.00%   -45457356.78411 -45457257.01744    0.00%       56     56      0     66487    62.8s
         0       0         0   0.00%   -45457347.46439 -45457257.01744    0.00%     1871     65      0     66496    67.9s
         0       0         0   0.00%   -45457338.92645 -45457257.01744    0.00%     2698     73      0     66504    73.0s
         0       0         0   0.00%   -45457330.38852 -45457257.01744    0.00%     3280     81      0     66512    78.1s
24.0% inactive integer columns, restarting
Model after restart has 31504 rows, 38967 cols (19 bin., 0 int., 0 impl., 38948 cont., 0 dom.fix.), and 124035 nonzeros
         0       0         0   0.00%   -45457313.90229 -45457257.01744    0.00%       34      0      0     66516    80.9s
10.5% inactive integer columns, restarting
Model after restart has 31501 rows, 38964 cols (16 bin., 0 int., 0 impl., 38948 cont., 0 dom.fix.), and 124012 nonzeros
         0       0         0   0.00%   -45457313.90229 -45457257.01744    0.00%       31      0      0     66559    81.8s
         0       0         0   0.00%   -45457313.90229 -45457257.01744    0.00%       31     31      0     66600    82.0s
         1       0         1 100.00%   -45457257.01744 -45457257.01744    0.00%      440     33      0     66604    84.7s
Solving report
  Status            Optimal
  Primal bound      -45457257.0174
  Dual bound        -45457257.0174
  Gap               0% (tolerance: 0%)
  P-D integral      0.000166072840557
  Solution status   feasible
                    -45457257.0174 (objective)
                    0 (bound viol.)
                    9.94759830064e-16 (int. viol.)
                    0 (row viol.)
  Timing            84.71
  Max sub-MIP depth 3
  Nodes             1
  Repair LPs        0
  LP iterations     66604
                    0 (strong br.)
                    2119 (separation)
                    30950 (heuristics)
 84.744443 seconds (282 allocations: 11.844 KiB)
Optimal solution found, objective function value: -4.5457257017436974e7
Saving model results...  0.359800 seconds (4.27 M allocations: 149.194 MiB)
Postprocessing model results...  0.000037 seconds (48 allocations: 3.312 KiB)
Saving model outputs...  0.294595 seconds (2.76 M allocations: 170.350 MiB)
Rolling model temporal structure...  0.552306 seconds (4.74 M allocations: 102.077 MiB)
model - window 5 of 12: 2019-05-02T16:00~(4 weeks, 2 days, 10 hours)~>2019-06-02T02:00
Fixing model history...  0.045781 seconds (413.88 k allocations: 20.191 MiB)
Applying model non-anticipativity constraints...  0.000114 seconds (603 allocations: 32.203 KiB)
Optimizing model...MIP has 119868 rows; 139893 cols; 310164 nonzeros; 2287 integer variables (0 binary)
Coefficient ranges:
  Matrix  [6e-03, 1e+05]
  Cost    [1e-03, 2e+09]
  Bound   [8e-18, 2e+04]
  RHS     [1e+00, 2e+03]
WARNING: Problem has some excessively large costs
WARNING: Problem has some excessively small column bounds
WARNING:    Consider scaling the objective by 1e-4, or setting the user_objective_scale option to -12
Presolving model
79146 rows, 71154 cols, 221379 nonzeros 0s
37623 rows, 53596 cols, 181302 nonzeros 0s
36214 rows, 49347 cols, 177066 nonzeros 0s
Presolve reductions: rows 36214(-83654); columns 49347(-90546); nonzeros 177066(-133098)
Solving MIP model with:
   36214 rows
   49347 cols (1668 binary, 0 integer, 0 implied int., 47679 continuous, 0 domain fixed)
   177066 nonzeros
Src: B => Branching; C => Central rounding; F => Feasibility pump; H => Heuristic;
     I => Shifting; J => Feasibility jump; L => Sub-MIP; P => Empty MIP; R => Randomized rounding;
     S => Solve LP; T => Evaluate node; U => Unbounded; X => User solution; Y => HiGHS solution;
     Z => ZI Round; l => Trivial lower; p => Trivial point; u => Trivial upper; z => Trivial zero
        Nodes      |    B&B Tree     |            Objective Bounds              |  Dynamic Constraints |       Work
Src  Proc. InQueue |  Leaves   Expl. | BestBound       BestSol              Gap |   Cuts   InLp Confl. | LpIters     Time
         0       0         0   0.00%   -364327740.9414 inf                  inf        0      0      0         0     1.5s
         0       0         0   0.00%   -50371957.88275 inf                  inf        0      0      3     31385     8.5s
 R       0       0         0   0.00%   -50367743.5907  -50367029.31568    0.00%    10910    459      5     33459    12.2s
 H       0       0         0   0.00%   -50367031.97771 -50367029.31568    0.00%     6175    513      5     33675    14.1s
98.6% inactive integer columns, restarting
Model after restart has 31363 rows, 38977 cols (1 bin., 0 int., 0 impl., 38976 cont., 0 dom.fix.), and 123523 nonzeros
         0       0         0   0.00%   -50367031.97771 -50367029.31568    0.00%       27      0      0     34960    15.4s
         0       0         0   0.00%   -50367031.97771 -50367029.31568    0.00%       27     21      0     35464    15.9s
100.0% inactive integer columns, restarting
Model after restart has 31262 rows, 38972 cols (0 bin., 0 int., 0 impl., 38972 cont., 0 dom.fix.), and 123245 nonzeros
         0       0         0   0.00%   -50367029.3217  -50367029.31568    0.00%        0      0      0     35566    18.4s
 T       0       0         0   0.00%   -50367029.3217  -50367029.31568    0.00%        0      0      0     36010    18.6s
         1       0         1 100.00%   -50367029.31568 -50367029.31568    0.00%        0      0      0     36010    18.6s
Solving report
  Status            Optimal
  Primal bound      -50367029.3157
  Dual bound        -50367029.3157
  Gap               0% (tolerance: 0%)
  P-D integral      2.1373363023e-05
  Solution status   feasible
                    -50367029.3157 (objective)
                    0 (bound viol.)
                    0 (int. viol.)
                    0 (row viol.)
  Timing            18.63
  Max sub-MIP depth 0
  Nodes             1
  Repair LPs        0
  LP iterations     36010
                    0 (strong br.)
                    2290 (separation)
                    1386 (heuristics)
 18.659488 seconds (142 allocations: 5.906 KiB)
Optimal solution found, objective function value: -5.0367029315681994e7
Saving model results...  0.807298 seconds (4.27 M allocations: 149.194 MiB, 57.62% gc time)
Postprocessing model results...  0.000048 seconds (48 allocations: 3.312 KiB)
Saving model outputs...  0.280721 seconds (2.76 M allocations: 170.351 MiB)
Rolling model temporal structure...  0.506880 seconds (4.74 M allocations: 102.077 MiB)
Fixing model history...  0.044467 seconds (413.88 k allocations: 20.191 MiB)
Applying model non-anticipativity constraints...  0.000105 seconds (603 allocations: 32.203 KiB)
model - window 6 of 12: 2019-06-02T02:00~(4 weeks, 2 days, 10 hours)~>2019-07-02T12:00
Optimizing model...MIP has 119868 rows; 139893 cols; 310176 nonzeros; 2287 integer variables (0 binary)
Coefficient ranges:
  Matrix  [6e-03, 1e+05]
  Cost    [1e-03, 2e+09]
  Bound   [8e-18, 2e+04]
  RHS     [1e+00, 2e+03]
WARNING: Problem has some excessively large costs
WARNING: Problem has some excessively small column bounds
WARNING:    Consider scaling the objective by 1e-4, or setting the user_objective_scale option to -12
Presolving model
79170 rows, 71178 cols, 221427 nonzeros 0s
37623 rows, 53608 cols, 181314 nonzeros 0s
36222 rows, 49422 cols, 177103 nonzeros 0s
Presolve reductions: rows 36222(-83646); columns 49422(-90471); nonzeros 177103(-133073)
Solving MIP model with:
   36222 rows
   49422 cols (1667 binary, 0 integer, 0 implied int., 47755 continuous, 0 domain fixed)
   177103 nonzeros
Src: B => Branching; C => Central rounding; F => Feasibility pump; H => Heuristic;
     I => Shifting; J => Feasibility jump; L => Sub-MIP; P => Empty MIP; R => Randomized rounding;
     S => Solve LP; T => Evaluate node; U => Unbounded; X => User solution; Y => HiGHS solution;
     Z => ZI Round; l => Trivial lower; p => Trivial point; u => Trivial upper; z => Trivial zero
        Nodes      |    B&B Tree     |            Objective Bounds              |  Dynamic Constraints |       Work
Src  Proc. InQueue |  Leaves   Expl. | BestBound       BestSol              Gap |   Cuts   InLp Confl. | LpIters     Time
         0       0         0   0.00%   -380809410.6671 inf                  inf        0      0      0         0     1.4s
         0       0         0   0.00%   -45725194.41772 inf                  inf        0      0      3     29596     7.2s
 R       0       0         0   0.00%   -45720716.83017 -45720690.12187    0.00%     4414    523      8     32110    12.8s
         0       0         0   0.00%   -45720716.83017 -45720690.12187    0.00%     4414    404      8     37087    24.9s
88.4% inactive integer columns, restarting
Model after restart has 32017 rows, 38965 cols (45 bin., 0 int., 0 impl., 38920 cont., 0 dom.fix.), and 125564 nonzeros
         0       0         0   0.00%   -45720716.83017 -45720690.12187    0.00%      202      0      0     37087    25.2s
20.0% inactive integer columns, restarting
Model after restart has 31981 rows, 38944 cols (31 bin., 0 int., 0 impl., 38913 cont., 0 dom.fix.), and 125417 nonzeros
         0       0         0   0.00%   -45720716.80109 -45720690.12187    0.00%      188      0      0     39826    26.8s
         0       0         0   0.00%   -45720716.80109 -45720690.12187    0.00%      188    188      0     40876    28.8s
         0       0         0   0.00%   -45720714.75592 -45720690.12187    0.00%      202    188      0     42825    37.9s
16.1% inactive integer columns, restarting
Model after restart has 31966 rows, 38935 cols (24 bin., 0 int., 0 impl., 38911 cont., 0 dom.fix.), and 125367 nonzeros
         0       0         0   0.00%   -45720714.75592 -45720690.12187    0.00%      187      0      0     42825    38.1s
         0       0         0   0.00%   -45720714.75592 -45720690.12187    0.00%      187    187      0     43082    38.7s
         0       0         0   0.00%   -45720710.40265 -45720690.12187    0.00%      191    187      0     44197    46.5s
4.2% inactive integer columns, restarting
Model after restart has 31965 rows, 38934 cols (23 bin., 0 int., 0 impl., 38911 cont., 0 dom.fix.), and 125355 nonzeros
         0       0         0   0.00%   -45720710.40265 -45720690.12187    0.00%      187      0      0     44197    46.7s
         0       0         0   0.00%   -45720710.40265 -45720690.12187    0.00%      187    187      0     44446    47.2s
         0       0         0   0.00%   -45720710.40265 -45720690.12187    0.00%      187    187      0     45710    53.8s
         1       0         1 100.00%   -45720690.12187 -45720690.12187    0.00%      187    187      9     47526    59.6s
         1       0         1 100.00%   -45720690.12187 -45720690.12187    0.00%      187    187      9     47526    59.6s
Solving report
  Status            Optimal
  Primal bound      -45720690.1219
  Dual bound        -45720690.1219
  Gap               0% (tolerance: 0%)
  P-D integral      2.41914834929e-05
  Solution status   feasible
                    -45720690.1219 (objective)
                    0 (bound viol.)
                    6.10622663544e-15 (int. viol.)
                    0 (row viol.)
  Timing            59.63
  Max sub-MIP depth 2
  Nodes             1
  Repair LPs        0
  LP iterations     47526
                    542 (strong br.)
                    2518 (separation)
                    10565 (heuristics)
 59.659776 seconds (310 allocations: 13.031 KiB)
Optimal solution found, objective function value: -4.572069012187023e7
Saving model results...  0.398756 seconds (4.27 M allocations: 149.194 MiB)
Postprocessing model results...  0.000052 seconds (48 allocations: 3.312 KiB)
Saving model outputs...  0.330450 seconds (2.76 M allocations: 170.350 MiB)
Rolling model temporal structure...  0.529752 seconds (4.74 M allocations: 102.077 MiB)
Fixing model history...  0.043770 seconds (413.88 k allocations: 20.191 MiB)
Applying model non-anticipativity constraints...  0.000098 seconds (603 allocations: 32.203 KiB)
model - window 7 of 12: 2019-07-02T12:00~(4 weeks, 2 days, 10 hours)~>2019-08-01T22:00
Optimizing model...MIP has 119868 rows; 139893 cols; 310173 nonzeros; 2287 integer variables (0 binary)
Coefficient ranges:
  Matrix  [6e-03, 1e+05]
  Cost    [1e-03, 2e+09]
  Bound   [1e-16, 2e+04]
  RHS     [1e+00, 2e+03]
WARNING: Problem has some excessively large costs
WARNING: Problem has some excessively small column bounds
WARNING:    Consider scaling the objective by 1e-4, or setting the user_objective_scale option to -12
Presolving model
79164 rows, 71172 cols, 221415 nonzeros 0s
37623 rows, 53605 cols, 181311 nonzeros 0s
36236 rows, 49445 cols, 177186 nonzeros 0s
Presolve reductions: rows 36236(-83632); columns 49445(-90448); nonzeros 177186(-132987)
Solving MIP model with:
   36236 rows
   49445 cols (1668 binary, 0 integer, 0 implied int., 47777 continuous, 0 domain fixed)
   177186 nonzeros
Src: B => Branching; C => Central rounding; F => Feasibility pump; H => Heuristic;
     I => Shifting; J => Feasibility jump; L => Sub-MIP; P => Empty MIP; R => Randomized rounding;
     S => Solve LP; T => Evaluate node; U => Unbounded; X => User solution; Y => HiGHS solution;
     Z => ZI Round; l => Trivial lower; p => Trivial point; u => Trivial upper; z => Trivial zero
        Nodes      |    B&B Tree     |            Objective Bounds              |  Dynamic Constraints |       Work
Src  Proc. InQueue |  Leaves   Expl. | BestBound       BestSol              Gap |   Cuts   InLp Confl. | LpIters     Time
         0       0         0   0.00%   -400140581.1669 inf                  inf        0      0      0         0     1.4s
         0       0         0   0.00%   -41424607.05197 inf                  inf        0      0      3     28990    12.6s
 R       0       0         0   0.00%   -41419182.67377 -41417862.36885    0.00%    10647    523      6     29913    15.4s
 T       0       0         0   0.00%   -41419182.67377 -41419090.46309    0.00%     2467    585      6     29965    16.7s
         1       0         1 100.00%   -41419090.46309 -41419090.46309    0.00%     2467    585      6     29965    16.7s
Solving report
  Status            Optimal
  Primal bound      -41419090.4631
  Dual bound        -41419090.4631
  Gap               0% (tolerance: 0%)
  P-D integral      4.19309956637e-05
  Solution status   feasible
                    -41419090.4631 (objective)
                    0 (bound viol.)
                    3.99680288865e-15 (int. viol.)
                    0 (row viol.)
  Timing            16.73
  Max sub-MIP depth 0
  Nodes             1
  Repair LPs        0
  LP iterations     29965
                    0 (strong br.)
                    975 (separation)
                    0 (heuristics)
 16.754911 seconds (44 allocations: 1.750 KiB)
Optimal solution found, objective function value: -4.1419090463092975e7
Saving model results...  3.204914 seconds (4.27 M allocations: 149.194 MiB, 89.30% gc time)
Postprocessing model results...  0.000043 seconds (48 allocations: 3.312 KiB)
Saving model outputs...  0.362474 seconds (2.76 M allocations: 170.350 MiB)
Rolling model temporal structure...  0.535375 seconds (4.74 M allocations: 102.077 MiB)
Fixing model history...  0.042386 seconds (413.88 k allocations: 20.191 MiB)
Applying model non-anticipativity constraints...  0.000146 seconds (603 allocations: 32.203 KiB)
model - window 8 of 12: 2019-08-01T22:00~(4 weeks, 2 days, 10 hours)~>2019-09-01T08:00
Optimizing model...MIP has 119868 rows; 139893 cols; 310126 nonzeros; 2287 integer variables (0 binary)
Coefficient ranges:
  Matrix  [6e-03, 1e+05]
  Cost    [1e-03, 2e+09]
  Bound   [1e-16, 2e+04]
  RHS     [1e+00, 2e+03]
WARNING: Problem has some excessively large costs
WARNING: Problem has some excessively small column bounds
WARNING:    Consider scaling the objective by 1e-4, or setting the user_objective_scale option to -12
Presolving model
79070 rows, 71078 cols, 221227 nonzeros 0s
37639 rows, 53570 cols, 181412 nonzeros 0s
36205 rows, 49256 cols, 177096 nonzeros 0s
Presolve reductions: rows 36205(-83663); columns 49256(-90637); nonzeros 177096(-133030)
Solving MIP model with:
   36205 rows
   49256 cols (1672 binary, 0 integer, 0 implied int., 47584 continuous, 0 domain fixed)
   177096 nonzeros
Src: B => Branching; C => Central rounding; F => Feasibility pump; H => Heuristic;
     I => Shifting; J => Feasibility jump; L => Sub-MIP; P => Empty MIP; R => Randomized rounding;
     S => Solve LP; T => Evaluate node; U => Unbounded; X => User solution; Y => HiGHS solution;
     Z => ZI Round; l => Trivial lower; p => Trivial point; u => Trivial upper; z => Trivial zero
        Nodes      |    B&B Tree     |            Objective Bounds              |  Dynamic Constraints |       Work
Src  Proc. InQueue |  Leaves   Expl. | BestBound       BestSol              Gap |   Cuts   InLp Confl. | LpIters     Time
         0       0         0   0.00%   -388709476.3329 inf                  inf        0      0      0         0     1.4s
         0       0         0   0.00%   -35952299.47931 inf                  inf        0      0      2     30189     7.8s
 R       0       0         0   0.00%   -35947960.89637 -35947801.07902    0.00%    10365    433      5     32088    11.4s
         0       0         0   0.00%   -35947960.89637 -35947801.07902    0.00%    10365    336      5     34058    25.2s
Optimal solution found, objective function value: -3.594780107901713e7
89.1% inactive integer columns, restarting
Model after restart has 31738 rows, 38850 cols (91 bin., 0 int., 0 impl., 38759 cont., 0 dom.fix.), and 125169 nonzeros
         0       0         0   0.00%   -35947960.89637 -35947801.07902    0.00%      100      0      0     34058    25.5s
11.0% inactive integer columns, restarting
Model after restart has 31582 rows, 38830 cols (75 bin., 0 int., 0 impl., 38755 cont., 0 dom.fix.), and 124362 nonzeros
         0       0         0   0.00%   -35947960.88769 -35947801.07902    0.00%       70      0      0     34866    26.3s
         0       0         0   0.00%   -35947960.88769 -35947801.07902    0.00%       70     70      0     35036    26.6s
         1       0         1 100.00%   -35947801.07902 -35947801.07902    0.00%     2967     76      0     35051    27.8s
Solving report
  Status            Optimal
  Primal bound      -35947801.079
  Dual bound        -35947801.079
  Gap               0% (tolerance: 0%)
  P-D integral      7.2634607264e-05
  Solution status   feasible
                    -35947801.079 (objective)
                    0 (bound viol.)
                    8.881784197e-16 (int. viol.)
                    0 (row viol.)
  Timing            27.75
  Max sub-MIP depth 1
  Nodes             1
  Repair LPs        0
  LP iterations     35051
                    0 (strong br.)
                    1914 (separation)
                    1970 (heuristics)
 27.777091 seconds (107 allocations: 4.422 KiB)
Saving model results...  0.346739 seconds (4.27 M allocations: 149.194 MiB)
Postprocessing model results...  0.000030 seconds (48 allocations: 3.312 KiB)
Saving model outputs...  0.294719 seconds (2.76 M allocations: 170.350 MiB)
Rolling model temporal structure...  0.538891 seconds (4.74 M allocations: 102.077 MiB)
Fixing model history...  0.044578 seconds (413.88 k allocations: 20.191 MiB)
Applying model non-anticipativity constraints...  0.000098 seconds (603 allocations: 32.203 KiB)
model - window 9 of 12: 2019-09-01T08:00~(4 weeks, 2 days, 10 hours)~>2019-10-01T18:00
Optimizing model...MIP has 119868 rows; 139893 cols; 310068 nonzeros; 2287 integer variables (0 binary)
Coefficient ranges:
  Matrix  [6e-03, 1e+05]
  Cost    [1e-03, 2e+09]
  Bound   [1e-16, 2e+04]
  RHS     [1e+00, 2e+03]
WARNING: Problem has some excessively large costs
WARNING: Problem has some excessively small column bounds
WARNING:    Consider scaling the objective by 1e-4, or setting the user_objective_scale option to -12
Presolving model
78954 rows, 70962 cols, 220995 nonzeros 0s
37623 rows, 53500 cols, 181206 nonzeros 0s
36097 rows, 48833 cols, 176435 nonzeros 0s
Presolve reductions: rows 36097(-83771); columns 48833(-91060); nonzeros 176435(-133633)
Solving MIP model with:
   36097 rows
   48833 cols (1668 binary, 0 integer, 0 implied int., 47165 continuous, 0 domain fixed)
   176435 nonzeros
Src: B => Branching; C => Central rounding; F => Feasibility pump; H => Heuristic;
     I => Shifting; J => Feasibility jump; L => Sub-MIP; P => Empty MIP; R => Randomized rounding;
     S => Solve LP; T => Evaluate node; U => Unbounded; X => User solution; Y => HiGHS solution;
     Z => ZI Round; l => Trivial lower; p => Trivial point; u => Trivial upper; z => Trivial zero
        Nodes      |    B&B Tree     |            Objective Bounds              |  Dynamic Constraints |       Work
Src  Proc. InQueue |  Leaves   Expl. | BestBound       BestSol              Gap |   Cuts   InLp Confl. | LpIters     Time
         0       0         0   0.00%   -360401514.597  inf                  inf        0      0      0         0     1.4s
         0       0         0   0.00%   -74985998.09117 inf                  inf        0      0      3     30250     7.9s
 R       0       0         0   0.00%   -74985419.98063 2.72823192e+11   100.03%     6227    204      3     31385    13.1s
 C       0       0         0   0.00%   -74981858.81813 -74981754.69763    0.00%      761    444      3     32323    18.4s
 L       0       0         0   0.00%   -74981858.81813 -74981804.85763    0.00%      761    444      3     32323    33.8s
 H       0       0         0   0.00%   -74981858.03155 -74981804.85763    0.00%     1056    445      3     34453    35.0s
         1       0         1 100.00%   -74981804.85763 -74981804.85763    0.00%     1057    445      3     35887    36.0s
Solving report
  Status            Optimal
  Primal bound      -74981804.8576
  Dual bound        -74981804.8576
  Gap               0% (tolerance: 0%)
  P-D integral      5.2611567243
  Solution status   feasible
                    -74981804.8576 (objective)
                    0 (bound viol.)
                    3.21964677141e-15 (int. viol.)
                    0 (row viol.)
  Timing            36.03
  Max sub-MIP depth 2
  Nodes             1
  Repair LPs        0
  LP iterations     35887
                    0 (strong br.)
                    2074 (separation)
                    3563 (heuristics)
 36.056238 seconds (107 allocations: 4.422 KiB)
Optimal solution found, objective function value: -7.498180485763179e7
Saving model results...  0.354881 seconds (4.27 M allocations: 149.195 MiB)
Postprocessing model results...  0.000033 seconds (48 allocations: 3.312 KiB)
Saving model outputs...  0.479354 seconds (2.76 M allocations: 170.350 MiB, 42.21% gc time)
Rolling model temporal structure...  0.511864 seconds (4.74 M allocations: 102.077 MiB)
Fixing model history...  0.042491 seconds (413.88 k allocations: 20.191 MiB)
Applying model non-anticipativity constraints...  0.000129 seconds (603 allocations: 32.203 KiB)
model - window 10 of 12: 2019-10-01T18:00~(4 weeks, 2 days, 10 hours)~>2019-11-01T04:00
Optimizing model...MIP has 119868 rows; 139893 cols; 310000 nonzeros; 2287 integer variables (0 binary)
Coefficient ranges:
  Matrix  [6e-03, 1e+05]
  Cost    [1e-03, 2e+09]
  Bound   [2e-16, 2e+04]
  RHS     [1e+00, 2e+03]
WARNING: Problem has some excessively large costs
WARNING: Problem has some excessively small column bounds
WARNING:    Consider scaling the objective by 1e-4, or setting the user_objective_scale option to -12
Presolving model
78818 rows, 70826 cols, 220723 nonzeros 0s
37623 rows, 53432 cols, 181138 nonzeros 0s
36054 rows, 48584 cols, 176143 nonzeros 0s
Presolve reductions: rows 36054(-83814); columns 48584(-91309); nonzeros 176143(-133857)
Solving MIP model with:
   36054 rows
   48584 cols (1668 binary, 0 integer, 0 implied int., 46916 continuous, 0 domain fixed)
   176143 nonzeros
Src: B => Branching; C => Central rounding; F => Feasibility pump; H => Heuristic;
     I => Shifting; J => Feasibility jump; L => Sub-MIP; P => Empty MIP; R => Randomized rounding;
     S => Solve LP; T => Evaluate node; U => Unbounded; X => User solution; Y => HiGHS solution;
     Z => ZI Round; l => Trivial lower; p => Trivial point; u => Trivial upper; z => Trivial zero
        Nodes      |    B&B Tree     |            Objective Bounds              |  Dynamic Constraints |       Work
Src  Proc. InQueue |  Leaves   Expl. | BestBound       BestSol              Gap |   Cuts   InLp Confl. | LpIters     Time
         0       0         0   0.00%   -370158819.4478 inf                  inf        0      0      0         0     1.4s
         0       0         0   0.00%   -62896289.64366 inf                  inf        0      0      2     30034     7.8s
 R       0       0         0   0.00%   -62892005.2832  1.69692492e+11   100.04%    11249    371      5     31709    11.9s
 C       0       0         0   0.00%   -62891264.43375 -62891237.31375    0.00%     3412    420      5     31848    16.2s
 T       0       0         0   0.00%   -62891264.43375 -62891264.43375    0.00%     3412    420      5     31848    16.2s
         1       0         1 100.00%   -62891264.43375 -62891264.43375    0.00%     3412    420      5     31848    16.2s
Solving report
  Status            Optimal
  Primal bound      -62891264.4337
  Dual bound        -62891264.4337
  Gap               0% (tolerance: 0%)
  P-D integral      4.33298544491
  Solution status   feasible
                    -62891264.4337 (objective)
                    0 (bound viol.)
                    6.32827124036e-15 (int. viol.)
                    0 (row viol.)
  Timing            16.22
  Max sub-MIP depth 0
  Nodes             1
  Repair LPs        0
  LP iterations     31848
                    0 (strong br.)
                    1814 (separation)
                    0 (heuristics)
 16.253054 seconds (72 allocations: 2.938 KiB)
Optimal solution found, objective function value: -6.289126443374926e7
Saving model results...  0.335633 seconds (4.27 M allocations: 149.195 MiB)
Postprocessing model results...  0.000030 seconds (48 allocations: 3.312 KiB)
Saving model outputs...  0.276015 seconds (2.76 M allocations: 170.350 MiB)
Rolling model temporal structure...  0.686068 seconds (4.74 M allocations: 102.077 MiB)
model - window 11 of 12: 2019-11-01T04:00~(4 weeks, 2 days, 10 hours)~>2019-12-01T14:00
Fixing model history...  0.043764 seconds (413.88 k allocations: 20.191 MiB)
Applying model non-anticipativity constraints...  0.000108 seconds (603 allocations: 32.203 KiB)
Optimizing model...MIP has 119868 rows; 139893 cols; 309934 nonzeros; 2287 integer variables (0 binary)
Coefficient ranges:
  Matrix  [6e-03, 1e+05]
  Cost    [1e-03, 2e+09]
  Bound   [1e-02, 2e+04]
  RHS     [1e+00, 2e+03]
WARNING: Problem has some excessively large costs
WARNING:    Consider scaling the objective by 1e-4, or setting the user_objective_scale option to -12
Presolving model
78686 rows, 70694 cols, 220459 nonzeros 0s
37623 rows, 53366 cols, 181072 nonzeros 0s
35990 rows, 48265 cols, 175760 nonzeros 0s
Presolve reductions: rows 35990(-83878); columns 48265(-91628); nonzeros 175760(-134174)
Solving MIP model with:
   35990 rows
   48265 cols (1668 binary, 0 integer, 0 implied int., 46597 continuous, 0 domain fixed)
   175760 nonzeros
Src: B => Branching; C => Central rounding; F => Feasibility pump; H => Heuristic;
     I => Shifting; J => Feasibility jump; L => Sub-MIP; P => Empty MIP; R => Randomized rounding;
     S => Solve LP; T => Evaluate node; U => Unbounded; X => User solution; Y => HiGHS solution;
     Z => ZI Round; l => Trivial lower; p => Trivial point; u => Trivial upper; z => Trivial zero
        Nodes      |    B&B Tree     |            Objective Bounds              |  Dynamic Constraints |       Work
Src  Proc. InQueue |  Leaves   Expl. | BestBound       BestSol              Gap |   Cuts   InLp Confl. | LpIters     Time
         0       0         0   0.00%   -409619260.5208 inf                  inf        0      0      0         0     1.6s
         0       0         0   0.00%   -75692860.59721 inf                  inf        0      0      3     37583    15.9s
 R       0       0         0   0.00%   -75687128.53785 -75687128.53785    0.00%    11508    440      6     38401    18.7s
 T       0       0         0   0.00%   -75687128.53785 -75687128.53785    0.00%    11508    440      6     38401    18.7s
         1       0         1 100.00%   -75687128.53785 -75687128.53785    0.00%    10667    440      6     38401    18.7s
Solving report
  Status            Optimal
  Primal bound      -75687128.5378
  Dual bound        -75687128.5378
  Gap               0% (tolerance: 0%)
  P-D integral      0
  Solution status   feasible
                    -75687128.5378 (objective)
                    0 (bound viol.)
                    4.08562073062e-14 (int. viol.)
                    0 (row viol.)
  Timing            18.71
  Max sub-MIP depth 0
  Nodes             1
  Repair LPs        0
  LP iterations     38401
                    0 (strong br.)
                    818 (separation)
                    0 (heuristics)
 18.737842 seconds (37 allocations: 1.453 KiB)
Optimal solution found, objective function value: -7.568712853784989e7
Saving model results...  0.347467 seconds (4.27 M allocations: 149.194 MiB)
Postprocessing model results...  0.000036 seconds (48 allocations: 3.312 KiB)
Saving model outputs...  0.470996 seconds (2.76 M allocations: 170.370 MiB, 39.76% gc time)
Rolling model temporal structure...  0.499078 seconds (4.74 M allocations: 102.032 MiB)
Fixing model history...  0.041111 seconds (413.88 k allocations: 20.191 MiB)
Applying model non-anticipativity constraints...  0.000098 seconds (603 allocations: 32.203 KiB)
model - window 12 of 12: 2019-12-01T14:00~(4 weeks, 2 days, 10 hours)~>2020-01-01T00:00
Optimizing model...MIP has 119868 rows; 139893 cols; 309882 nonzeros; 2287 integer variables (0 binary)
Coefficient ranges:
  Matrix  [6e-03, 1e+05]
  Cost    [1e-03, 2e+09]
  Bound   [1e-16, 2e+04]
  RHS     [1e+00, 2e+03]
WARNING: Problem has some excessively large costs
WARNING: Problem has some excessively small column bounds
WARNING:    Consider scaling the objective by 1e-4, or setting the user_objective_scale option to -12
Presolving model
78582 rows, 70590 cols, 220251 nonzeros 0s
37623 rows, 53314 cols, 181020 nonzeros 0s
35900 rows, 47959 cols, 175364 nonzeros 0s
Presolve reductions: rows 35900(-83968); columns 47959(-91934); nonzeros 175364(-134518)
Solving MIP model with:
   35900 rows
   47959 cols (1668 binary, 0 integer, 0 implied int., 46291 continuous, 0 domain fixed)
   175364 nonzeros
Src: B => Branching; C => Central rounding; F => Feasibility pump; H => Heuristic;
     I => Shifting; J => Feasibility jump; L => Sub-MIP; P => Empty MIP; R => Randomized rounding;
     S => Solve LP; T => Evaluate node; U => Unbounded; X => User solution; Y => HiGHS solution;
     Z => ZI Round; l => Trivial lower; p => Trivial point; u => Trivial upper; z => Trivial zero
        Nodes      |    B&B Tree     |            Objective Bounds              |  Dynamic Constraints |       Work
Src  Proc. InQueue |  Leaves   Expl. | BestBound       BestSol              Gap |   Cuts   InLp Confl. | LpIters     Time
         0       0         0   0.00%   -384876684.2786 inf                  inf        0      0      0         0     1.3s
         0       0         0   0.00%   -114539164.4004 inf                  inf        0      0      2     29901     7.9s
 R       0       0         0   0.00%   -114535704.8297 -114535704.8297    0.00%     9787    408      5     31600    11.3s
         1       0         1 100.00%   -114535704.8297 -114535704.8297    0.00%     9787    408      5     31600    11.3s
Solving report
  Status            Optimal
  Primal bound      -114535704.83
  Dual bound        -114535704.83
  Gap               0% (tolerance: 0%)
  P-D integral      0
  Solution status   feasible
                    -114535704.83 (objective)
                    0 (bound viol.)
                    8.881784197e-16 (int. viol.)
                    0 (row viol.)
  Timing            11.33
  Max sub-MIP depth 0
  Nodes             1
  Repair LPs        0
  LP iterations     31600
                    0 (strong br.)
                    1699 (separation)
                    0 (heuristics)
 11.352094 seconds (37 allocations: 1.453 KiB)
Optimal solution found, objective function value: -1.145357048297009e8
Saving model results...  0.328298 seconds (4.27 M allocations: 149.194 MiB)
Postprocessing model results...  0.000040 seconds (48 allocations: 3.312 KiB)
Saving model outputs...  0.274632 seconds (2.76 M allocations: 170.351 MiB)
Rolling model temporal structure...  0.000044 seconds (47 allocations: 1.312 KiB)
Rolling complete
Solve complete. Started at 2026-07-29T10:53:54.197, ended at 2026-07-29T11:09:38.126, elapsed time: 15 minutes, 43 seconds, 929 milliseconds
Time summary:
Action                                           │ min       │ max        │ avg
─────────────────────────────────────────────────┼───────────┼────────────┼───────────────────────
Postprocessing model results...                  │ 3.0e-5    │ 0.000101   │ 4.4750000000000004e-5
Fixing model history...                          │ 0.041111  │ 0.046712   │ 0.04383190909090909
Applying model non-anticipativity constraints... │ 9.8e-5    │ 0.00027    │ 0.00012745454545454543
Rolling model temporal structure...              │ 4.4e-5    │ 0.686068   │ 0.49374250000000003
Saving model results...                          │ 0.328298  │ 3.204914   │ 0.6323614166666666
Optimizing model...                              │ 11.352094 │ 480.438392 │ 76.85153550000001
Saving model outputs...                          │ 0.274632  │ 0.595587   │ 0.3535115833333333
Writing report to sqlite:///C:\Users\jfg.eco\Documents\GitHub\Nord_H2ub\Spine_Projects\02_basic_energy_model\.spinetoolbox\items\outputtest\OutputTest.sqlite?spinedbfilter=cfg%3Aexecution%3A%7B%22execution_item%22%3A+%22Run+SpineOpt%22%2C+%22scenarios%22%3A+%5B%5D%2C+%22timestamp%22%3A+%222026-07-29T10%3A51%3A25%22%7D...  2.914035 seconds (22.22 M allocations: 1.329 GiB, 9.75% gc time)
Execution complete. Started at 2026-07-29T10:51:27.763, ended at 2026-07-29T11:09:49.058, elapsed time: 18 minutes, 21 seconds, 295 milliseconds
A JuMP Model
├ solver: HiGHS
├ objective_sense: MIN_SENSE
│ └ objective_function_type: JuMP.AffExpr
├ num_variables: 139893
├ num_constraints: 248178
│ ├ JuMP.AffExpr in MOI.EqualTo{Float64}: 33672
│ ├ JuMP.AffExpr in MOI.GreaterThan{Float64}: 30688
│ ├ JuMP.AffExpr in MOI.LessThan{Float64}: 55508
│ ├ JuMP.VariableRef in MOI.EqualTo{Float64}: 900
│ ├ JuMP.VariableRef in MOI.GreaterThan{Float64}: 121442
│ ├ JuMP.VariableRef in MOI.LessThan{Float64}: 3681
│ └ JuMP.VariableRef in MOI.Integer: 2287
└ Names registered in the model: none
