### Spine execution log file
### Item name: Run SpineOpt
### Filter id: 
### Part: 1

# Running julia run_spineopt.jl http://127.0.0.1:55381 http://127.0.0.1:55383
2-element Vector{String}:
 "http://127.0.0.1:55381"
 "http://127.0.0.1:55383"
Running SpineOpt...
[SpineOpt version 0.10.2 (git hash: N/A)]
[SpineInterface version 0.15.2 (git hash: N/A)]
Execution started at 2026-07-31T23:25:16.958
Reading input data from sqlite:///C:\Users\jfg.eco\Documents\GitHub\Nord_H2ub\Spine_Projects\02_basic_energy_model\.spinetoolbox\items\input\Input.sqlite...
Initializing  data structure from db...  0.620277 seconds (1.93 M allocations: 132.892 MiB)
Preprocessing  data structure...  0.110859 seconds (48.48 k allocations: 2.446 MiB, 61.93% compilation time)
Checking  data structure...  0.023628 seconds (9.05 k allocations: 476.406 KiB, 94.88% compilation time)
Build started at 2026-07-31T23:25:17.786
Creating model temporal structure...[ Info: the last time slice of temporal block Default_Investment_period has been cut to fit within the block
[ Info: the last time slice of temporal block daily has been cut to fit within the block
 43.385997 seconds (431.05 M allocations: 22.181 GiB, 47.12% gc time, 0.04% compilation time)
Creating model stochastic structure...  1.654566 seconds (3.22 M allocations: 453.173 MiB, 80.55% gc time, 1.08% compilation time)
Adding model independent variables...
- [variable_binary_gas_connection_flow]  0.181293 seconds (2.29 M allocations: 34.946 MiB)
- [variable_connection_flow]  6.829031 seconds (13.99 M allocations: 1.458 GiB, 61.72% gc time, 3.15% compilation time)
- [variable_connection_intact_flow]  0.747287 seconds (11.02 M allocations: 725.254 MiB, 15.50% gc time)
- [variable_connections_decommissioned]  0.070231 seconds (2.30 M allocations: 35.579 MiB)
- [variable_connections_invested]  0.324226 seconds (2.54 M allocations: 146.443 MiB)
- [variable_connections_invested_available]  0.464095 seconds (2.63 M allocations: 146.060 MiB, 28.96% gc time, 4.47% compilation time)
- [variable_min_capacity_margin_slack]  0.063697 seconds (2.29 M allocations: 34.901 MiB)
- [variable_node_injection]  0.333561 seconds (6.86 M allocations: 370.937 MiB)
- [variable_node_pressure]  0.060490 seconds (2.29 M allocations: 34.920 MiB)
- [variable_node_slack_neg]  0.511886 seconds (6.73 M allocations: 321.235 MiB, 32.12% gc time)
- [variable_node_slack_pos]  0.345919 seconds (6.73 M allocations: 321.237 MiB)
- [variable_node_state]  0.223191 seconds (4.26 M allocations: 143.005 MiB, 7.71% compilation time)
- [variable_node_voltage_angle]  0.061147 seconds (2.29 M allocations: 34.920 MiB)
- [variable_nonspin_units_shut_down]  0.062182 seconds (2.29 M allocations: 34.936 MiB)
- [variable_nonspin_units_started_up]  0.063096 seconds (2.29 M allocations: 34.933 MiB)
- [variable_storages_decommissioned]  0.276676 seconds (2.29 M allocations: 35.092 MiB, 71.29% gc time)
- [variable_storages_invested]  0.132643 seconds (1.99 M allocations: 64.955 MiB, 12.12% compilation time)
- [variable_storages_invested_available]  0.105759 seconds (1.99 M allocations: 64.866 MiB)
- [variable_unit_flow]  2.189626 seconds (16.39 M allocations: 2.228 GiB, 31.72% gc time, 3.23% compilation time)
- [variable_unit_flow_op]  0.162790 seconds (3.78 M allocations: 156.503 MiB)
- [variable_unit_flow_op_active]  0.189403 seconds (4.25 M allocations: 184.322 MiB)
- [variable_units_invested]  0.356606 seconds (2.53 M allocations: 132.869 MiB, 29.54% gc time)
- [variable_units_invested_available]  0.284266 seconds (2.60 M allocations: 135.804 MiB, 9.19% compilation time)
- [variable_units_mothballed]  0.059220 seconds (2.30 M allocations: 35.614 MiB)
- [variable_units_on]  0.244574 seconds (5.73 M allocations: 259.010 MiB)
- [variable_units_out_of_service]  0.060784 seconds (2.29 M allocations: 34.912 MiB)
- [variable_units_returned_to_service]  0.059075 seconds (2.29 M allocations: 34.907 MiB)
- [variable_units_shut_down]  0.078248 seconds (2.57 M allocations: 53.709 MiB)
- [variable_units_started_up]  0.248485 seconds (2.56 M allocations: 53.017 MiB, 63.82% gc time)
- [variable_units_taken_out_of_service]  0.062565 seconds (2.29 M allocations: 34.908 MiB)
- [variable_user_constraint_slack_neg]  0.070583 seconds (2.29 M allocations: 34.899 MiB)
- [variable_user_constraint_slack_pos]  0.060543 seconds (2.29 M allocations: 34.899 MiB)
 15.013207 seconds (131.18 M allocations: 7.367 GiB, 38.54% gc time, 2.44% compilation time)
Adding model dependent variables...
- [variable_connection_flow]  0.321975 seconds (4.68 M allocations: 203.045 MiB)
- [variable_unit_flow]  0.429160 seconds (6.40 M allocations: 302.905 MiB)
  0.755687 seconds (11.08 M allocations: 505.962 MiB)
Adding model expressions...
- [expression_capacity_margin]  0.000057 seconds (86 allocations: 3.875 KiB)
  0.001086 seconds (200 allocations: 9.664 KiB)
Adding model constraints...
- [constraint_candidate_connection_flow_lb]  0.000242 seconds (146 allocations: 6.461 KiB)
- [constraint_candidate_connection_flow_ub]  0.000492 seconds (144 allocations: 6.180 KiB)
- [constraint_compression_ratio]  0.000068 seconds (94 allocations: 5.930 KiB)
- [constraint_connection_flow_capacity]  2.338742 seconds (22.42 M allocations: 1.265 GiB, 23.18% gc time, 0.04% compilation time)
- [constraint_connection_flow_gas_capacity]  0.000099 seconds (97 allocations: 7.086 KiB)
- [constraint_connection_flow_intact_flow]  0.000118 seconds (87 allocations: 4.008 KiB)
- [constraint_connection_flow_lodf]  0.000143 seconds (66 allocations: 3.438 KiB)
- [constraint_connection_intact_flow_capacity]  0.000457 seconds (118 allocations: 5.648 KiB)
- [constraint_connection_intact_flow_ptdf]  0.000087 seconds (72 allocations: 3.602 KiB)
- [constraint_connection_lifetime] 30.066222 seconds (219.78 M allocations: 22.942 GiB, 52.04% gc time, 0.04% compilation time)
- [constraint_connection_unitary_gas_flow]  0.000073 seconds (94 allocations: 5.930 KiB)
- [constraint_connections_invested_available]  0.010456 seconds (2.82 k allocations: 164.106 KiB)
- [constraint_connections_invested_transition]  0.003105 seconds (16.29 k allocations: 859.582 KiB)
- [constraint_cyclic_node_state]  0.007922 seconds (2.56 k allocations: 123.836 KiB, 97.18% compilation time)
- [constraint_fix_node_pressure_point]  0.000077 seconds (94 allocations: 5.930 KiB)
- [constraint_fix_ratio_in_in_unit_flow]  0.120089 seconds (1.09 M allocations: 69.085 MiB)
- [constraint_fix_ratio_in_out_unit_flow]  0.000449 seconds (3.20 k allocations: 167.633 KiB)
- [constraint_fix_ratio_out_in_connection_flow]  0.096627 seconds (822.31 k allocations: 48.698 MiB, 13.16% compilation time)
- [constraint_fix_ratio_out_in_unit_flow]  0.000155 seconds (193 allocations: 12.008 KiB)
- [constraint_fix_ratio_out_out_unit_flow]  0.000304 seconds (1.10 k allocations: 58.758 KiB)
- [constraint_investment_group_equal_investments]  0.006246 seconds (37.15 k allocations: 8.371 MiB)
- [constraint_investment_group_maximum_capacity_invested_available]  0.000254 seconds (34 allocations: 1.992 KiB)
- [constraint_investment_group_maximum_entities_invested_available]  0.000075 seconds (32 allocations: 1.898 KiB)
- [constraint_investment_group_minimum_capacity_invested_available]  0.000075 seconds (32 allocations: 1.898 KiB)
- [constraint_investment_group_minimum_entities_invested_available]  0.000066 seconds (32 allocations: 1.898 KiB)
- [constraint_max_node_pressure]  0.000137 seconds (219 allocations: 10.758 KiB)
- [constraint_max_node_voltage_angle]  0.000127 seconds (293 allocations: 13.742 KiB)
- [constraint_max_ratio_in_in_unit_flow]  0.000123 seconds (193 allocations: 12.008 KiB)
- [constraint_max_ratio_in_out_unit_flow]  0.000100 seconds (193 allocations: 12.008 KiB)
- [constraint_max_ratio_out_in_connection_flow]  0.000125 seconds (114 allocations: 6.570 KiB)
- [constraint_max_ratio_out_in_unit_flow]  0.000073 seconds (193 allocations: 12.008 KiB)
- [constraint_max_ratio_out_out_unit_flow]  0.000088 seconds (193 allocations: 12.008 KiB)
- [constraint_max_total_cumulated_unit_flow_from_node]  0.000089 seconds (96 allocations: 6.039 KiB)
- [constraint_max_total_cumulated_unit_flow_to_node]  0.000042 seconds (92 allocations: 5.789 KiB)
- [constraint_min_capacity_margin]  0.000082 seconds (101 allocations: 4.773 KiB)
- [constraint_min_down_time]  0.872533 seconds (6.69 M allocations: 499.623 MiB, 20.80% gc time, 3.89% compilation time)
- [constraint_min_node_pressure]  0.000169 seconds (224 allocations: 15.193 KiB)
- [constraint_min_node_voltage_angle]  0.000108 seconds (293 allocations: 13.742 KiB)
- [constraint_min_ratio_in_in_unit_flow]  0.000123 seconds (193 allocations: 12.008 KiB)
- [constraint_min_ratio_in_out_unit_flow]  0.000120 seconds (193 allocations: 12.008 KiB)
- [constraint_min_ratio_out_in_connection_flow]  0.000090 seconds (114 allocations: 6.570 KiB)
- [constraint_min_ratio_out_in_unit_flow]  0.000077 seconds (193 allocations: 12.008 KiB)
- [constraint_min_ratio_out_out_unit_flow]  0.000090 seconds (193 allocations: 12.008 KiB)
- [constraint_min_scheduled_outage_duration]  0.000078 seconds (66 allocations: 3.320 KiB)
- [constraint_min_total_cumulated_unit_flow_from_node]  0.000092 seconds (96 allocations: 6.039 KiB)
- [constraint_min_total_cumulated_unit_flow_to_node]  0.000046 seconds (92 allocations: 5.789 KiB)
- [constraint_min_up_time]  0.061976 seconds (819.94 k allocations: 49.034 MiB)
- [constraint_minimum_operating_point]  0.086399 seconds (944.49 k allocations: 56.703 MiB)
- [constraint_nodal_balance]  0.310945 seconds (4.68 M allocations: 264.891 MiB)
- [constraint_node_injection]  1.948417 seconds (26.96 M allocations: 1.351 GiB, 9.55% gc time, 0.14% compilation time)
- [constraint_node_state_capacity]  0.290424 seconds (4.07 M allocations: 208.694 MiB)
- [constraint_node_voltage_angle]  0.000094 seconds (69 allocations: 3.445 KiB)
- [constraint_non_spinning_reserves_lower_bound]  0.000157 seconds (471 allocations: 22.898 KiB)
- [constraint_non_spinning_reserves_shut_down_upper_bound]  0.000099 seconds (480 allocations: 23.695 KiB)
- [constraint_non_spinning_reserves_start_up_upper_bound]  0.000109 seconds (480 allocations: 23.695 KiB)
- [constraint_operating_point_bounds] 14.899247 seconds (163.32 M allocations: 18.732 GiB, 28.05% gc time)
- [constraint_operating_point_rank]  0.023275 seconds (334.78 k allocations: 29.588 MiB)
- [constraint_ramp_down]  0.220225 seconds (2.56 M allocations: 156.980 MiB, 16.51% compilation time)
- [constraint_ramp_up]  0.193776 seconds (2.57 M allocations: 157.848 MiB)
- [constraint_ratio_out_in_connection_intact_flow]  0.000137 seconds (87 allocations: 4.008 KiB)
- [constraint_storage_lifetime]  3.132585 seconds (31.00 M allocations: 3.319 GiB, 36.81% gc time, 0.44% compilation time)
- [constraint_storage_line_pack]  0.000074 seconds (96 allocations: 6.023 KiB)
- [constraint_storages_invested_available]  0.000498 seconds (904 allocations: 49.602 KiB)
- [constraint_storages_invested_transition]  0.010273 seconds (4.04 k allocations: 208.943 KiB)
- [constraint_unit_flow_capacity]  0.546148 seconds (8.50 M allocations: 470.402 MiB)
- [constraint_unit_flow_op_bounds]  0.181341 seconds (2.47 M allocations: 134.015 MiB, 7.76% compilation time)
- [constraint_unit_flow_op_rank]  0.129786 seconds (1.93 M allocations: 109.220 MiB)
- [constraint_unit_flow_op_sum]  0.008776 seconds (88.62 k allocations: 7.014 MiB)
- [constraint_unit_lifetime] 15.215680 seconds (153.15 M allocations: 16.534 GiB, 33.18% gc time)
- [constraint_unit_state_transition]  0.029276 seconds (310.07 k allocations: 22.204 MiB)
- [constraint_units_available]  1.192609 seconds (15.33 M allocations: 778.448 MiB, 15.51% gc time)
- [constraint_units_invested_available]  0.000547 seconds (3.03 k allocations: 175.606 KiB)
- [constraint_units_invested_transition]  0.001398 seconds (17.63 k allocations: 923.754 KiB)
- [constraint_units_out_of_service_contiguity]  0.000076 seconds (66 allocations: 3.320 KiB)
- [constraint_units_out_of_service_transition]  0.000110 seconds (95 allocations: 4.883 KiB)
- [constraint_user_constraint]  0.425451 seconds (4.30 M allocations: 255.669 MiB, 15.90% compilation time)
 73.474828 seconds (690.22 M allocations: 68.131 GiB, 37.23% gc time, 0.28% compilation time)
Setting model objective...  0.715622 seconds (11.78 M allocations: 624.836 MiB, 8.42% compilation time)
Build complete. Started at 2026-07-31T23:25:17.786, ended at 2026-07-31T23:27:33.447, elapsed time: 2 minutes, 15 seconds, 661 milliseconds
Solve started at 2026-07-31T23:27:33.463
Bringing model to the first window...  3.025121 seconds (36.56 M allocations: 1.789 GiB, 18.47% gc time)
model - window 1 of 12: 2019-01-01T00:00~(4 weeks, 2 days, 10 hours)~>2019-01-31T10:00
Optimizing model...Running HiGHS 1.14.0 (git hash: 7df0786de3): Copyright (c) 2026 under Apache 2.0 license terms
Using BLAS: blastrampoline-5
MIP has 119868 rows; 139893 cols; 309909 nonzeros; 2287 integer variables (0 binary)
Coefficient ranges:
  Matrix  [6e-03, 1e+05]
  Cost    [1e-03, 2e+09]
  Bound   [3e-01, 2e+04]
  RHS     [1e+00, 2e+03]
WARNING: Problem has some excessively large costs
WARNING:    Consider scaling the objective by 1e-4, or setting the user_objective_scale option to -12
Presolving model
57447 rows, 70648 cols, 200884 nonzeros 0s
38750 rows, 53424 cols, 189101 nonzeros 0s
36708 rows, 48585 cols, 180396 nonzeros 0s
Presolve reductions: rows 36708(-83160); columns 48585(-91308); nonzeros 180396(-129513)
Solving MIP model with:
   36708 rows
   48585 cols (1777 binary, 0 integer, 0 implied int., 46808 continuous, 0 domain fixed)
   180396 nonzeros
Src: B => Branching; C => Central rounding; F => Feasibility pump; H => Heuristic;
     I => Shifting; J => Feasibility jump; L => Sub-MIP; P => Empty MIP; R => Randomized rounding;
     S => Solve LP; T => Evaluate node; U => Unbounded; X => User solution; Y => HiGHS solution;
     Z => ZI Round; l => Trivial lower; p => Trivial point; u => Trivial upper; z => Trivial zero
        Nodes      |    B&B Tree     |            Objective Bounds              |  Dynamic Constraints |       Work
Src  Proc. InQueue |  Leaves   Expl. | BestBound       BestSol              Gap |   Cuts   InLp Confl. | LpIters     Time
         0       0         0   0.00%   -427997081.8136 inf                  inf        0      0      0         0     1.5s
         0       0         0   0.00%   -107532088.4153 inf                  inf        0      0      3     30308     8.1s
 R       0       0         0   0.00%   -107531387.8112 1.44742075e+12   100.01%     5060    226      3     31309    18.5s
         0       0         0   0.00%   -107525846.7194 1.44742075e+12   100.01%     8562    452      3     31948    24.2s
         0       0         0   0.00%   -107525585.7297 1.44742075e+12   100.01%    10175    496      3     32086    33.9s
 C       0       0         0   0.00%   -107525582.7163 -107525375.2867    0.00%    10179    498      3     32345    41.8s
         0       0         0   0.00%   -107525582.7163 -107525375.2867    0.00%    10179    350      3     38994   164.8s
95.6% inactive integer columns, restarting
Model after restart has 31863 rows, 40090 cols (43 bin., 0 int., 0 impl., 40047 cont., 0 dom.fix.), and 125839 nonzeros
         0       0         0   0.00%   -107525582.7163 -107525375.2867    0.00%        6      0      0     38994   165.1s
27.9% inactive integer columns, restarting
Model after restart has 31814 rows, 40075 cols (29 bin., 0 int., 0 impl., 40046 cont., 0 dom.fix.), and 125535 nonzeros
         0       0         0   0.00%   -107525582.7163 -107525375.2867    0.00%        4      0      0     39665   170.2s
         0       0         0   0.00%   -107525582.7163 -107525375.2867    0.00%        4      4      0     40046   174.4s
         0       0         0   0.00%   -107525565.668  -107525375.2867    0.00%      286      9      0     40057   182.7s
         0       0         0   0.00%   -107525556.3298 -107525375.2867    0.00%      458     13      0     40065   191.0s
         0       0         0   0.00%   -107525551.3206 -107525375.2867    0.00%      667     18      0     40077   199.2s
         0       0         0   0.00%   -107525545.8713 -107525375.2867    0.00%      842     23      0     40085   207.3s
         0       0         0   0.00%   -107525542.864  -107525375.2867    0.00%      973     27      0     40088   215.4s
         0       0         0   0.00%   -107525538.3764 -107525375.2867    0.00%     1072     31      0     40096   223.4s
         0       0         0   0.00%   -107525532.566  -107525375.2867    0.00%     1230     36      0     40104   231.7s
         0       0         0   0.00%   -107525437.019  -107525375.2867    0.00%     1336     37      0     40115   239.8s
         0       0         0   0.00%   -107525437.019  -107525375.2867    0.00%     1336     29      0     40906   321.8s
27.6% inactive integer columns, restarting
Model after restart has 31805 rows, 40064 cols (19 bin., 0 int., 0 impl., 40045 cont., 0 dom.fix.), and 125484 nonzeros
         0       0         0   0.00%   -107525437.019  -107525375.2867    0.00%       29      0      0     40906   322.0s
        Nodes      |    B&B Tree     |            Objective Bounds              |  Dynamic Constraints |       Work
Src  Proc. InQueue |  Leaves   Expl. | BestBound       BestSol              Gap |   Cuts   InLp Confl. | LpIters     Time
         0       0         0   0.00%   -107525437.019  -107525375.2867    0.00%       29     29      0     41223   326.3s
         0       0         0   0.00%   -107525436.9566 -107525375.2867    0.00%       34     29      0     42204   418.9s
10.5% inactive integer columns, restarting
Model after restart has 31802 rows, 40062 cols (17 bin., 0 int., 0 impl., 40045 cont., 0 dom.fix.), and 125457 nonzeros
         0       0         0   0.00%   -107525436.9566 -107525375.2867    0.00%       29      0      0     42204   419.1s
         0       0         0   0.00%   -107525436.9566 -107525375.2867    0.00%       29     29      0     42644   423.6s
 L       0       0         0   0.00%   -107525436.9566 -107525375.2867    0.00%       29     29      0     42959   513.5s
         1       0         1 100.00%   -107525375.2867 -107525375.2867    0.00%       29     29      6     43868   547.1s
         1       0         1 100.00%   -107525375.2867 -107525375.2867    0.00%       29     29      6     43868   547.1s
Solving report
  Status            Optimal
  Primal bound      -107525375.287
  Dual bound        -107525375.287
  Gap               0% (tolerance: 0%)
  P-D integral      23.277136272
  Solution status   feasible
                    -107525375.287 (objective)
                    0 (bound viol.)
                    0 (int. viol.)
                    0 (row viol.)
  Timing            547.13
  Max sub-MIP depth 2
  Nodes             1
  Repair LPs        0
  LP iterations     43868
                    34 (strong br.)
                    2111 (separation)
                    9600 (heuristics)
547.321202 seconds (868.62 k allocations: 121.462 MiB)
Optimal solution found, objective function value: -1.0752537528665529e8
Saving model results...  0.381153 seconds (4.27 M allocations: 149.144 MiB)
Postprocessing model results...  0.000081 seconds (48 allocations: 3.312 KiB)
Saving model outputs...  0.293638 seconds (2.76 M allocations: 170.360 MiB)
Rolling model temporal structure...  0.521616 seconds (4.74 M allocations: 102.054 MiB)
Fixing model history...  0.047425 seconds (418.32 k allocations: 20.434 MiB)
Applying model non-anticipativity constraints...  0.000193 seconds (603 allocations: 32.203 KiB)
model - window 2 of 12: 2019-01-31T10:00~(4 weeks, 2 days, 10 hours)~>2019-03-02T20:00
Optimizing model...MIP has 119868 rows; 139893 cols; 309966 nonzeros; 2287 integer variables (0 binary)
Coefficient ranges:
  Matrix  [6e-03, 1e+05]
  Cost    [1e-03, 2e+09]
  Bound   [7e-03, 2e+04]
  RHS     [1e+00, 2e+03]
WARNING: Problem has some excessively large costs
WARNING:    Consider scaling the objective by 1e-4, or setting the user_objective_scale option to -12
Presolving model
78750 rows, 70758 cols, 220587 nonzeros 0s
37623 rows, 53398 cols, 181104 nonzeros 0s
35999 rows, 48404 cols, 175908 nonzeros 0s
Presolve reductions: rows 35999(-83869); columns 48404(-91489); nonzeros 175908(-134058)
Solving MIP model with:
   35999 rows
   48404 cols (1668 binary, 0 integer, 0 implied int., 46736 continuous, 0 domain fixed)
   175908 nonzeros
Src: B => Branching; C => Central rounding; F => Feasibility pump; H => Heuristic;
     I => Shifting; J => Feasibility jump; L => Sub-MIP; P => Empty MIP; R => Randomized rounding;
     S => Solve LP; T => Evaluate node; U => Unbounded; X => User solution; Y => HiGHS solution;
     Z => ZI Round; l => Trivial lower; p => Trivial point; u => Trivial upper; z => Trivial zero
        Nodes      |    B&B Tree     |            Objective Bounds              |  Dynamic Constraints |       Work
Src  Proc. InQueue |  Leaves   Expl. | BestBound       BestSol              Gap |   Cuts   InLp Confl. | LpIters     Time
         0       0         0   0.00%   -419962901.1571 inf                  inf        0      0      0         0     1.5s
         0       0         0   0.00%   -93942024.21093 inf                  inf        0      0      2     29129     5.7s
 R       0       0         0   0.00%   -93937935.28108 -93937870.27944    0.00%     4874    475      7     31215    11.1s
 H       0       0         0   0.00%   -93937935.28108 -93937870.27944    0.00%     4874    475      7     31215    11.4s
         1       0         1 100.00%   -93937870.27944 -93937870.27944    0.00%     4876    475     10     32559    12.7s
Solving report
  Status            Optimal
  Primal bound      -93937870.2794
  Dual bound        -93937870.2794
  Gap               0% (tolerance: 0%)
  P-D integral      1.05563834487e-06
  Solution status   feasible
                    -93937870.2794 (objective)
                    0 (bound viol.)
                    4.67403893367e-14 (int. viol.)
                    0 (row viol.)
  Timing            12.65
  Max sub-MIP depth 0
  Nodes             1
  Repair LPs        0
  LP iterations     32559
                    0 (strong br.)
                    2086 (separation)
                    1344 (heuristics)
 12.682337 seconds (93 allocations: 3.828 KiB)
Optimal solution found, objective function value: -9.393787027943932e7
Saving model results...  0.352300 seconds (4.27 M allocations: 149.138 MiB)
Postprocessing model results...  0.000052 seconds (48 allocations: 3.312 KiB)
Saving model outputs...  0.295281 seconds (2.76 M allocations: 170.350 MiB)
Rolling model temporal structure...  0.512954 seconds (4.74 M allocations: 102.043 MiB)
Fixing model history...  0.042896 seconds (413.88 k allocations: 20.191 MiB)
Applying model non-anticipativity constraints...  0.000126 seconds (603 allocations: 32.203 KiB)
model - window 3 of 12: 2019-03-02T20:00~(4 weeks, 2 days, 10 hours)~>2019-04-02T06:00
Optimizing model...MIP has 119868 rows; 139893 cols; 310029 nonzeros; 2287 integer variables (0 binary)
Coefficient ranges:
  Matrix  [6e-03, 1e+05]
  Cost    [1e-03, 2e+09]
  Bound   [6e-18, 2e+04]
  RHS     [1e+00, 2e+03]
WARNING: Problem has some excessively large costs
WARNING: Problem has some excessively small column bounds
WARNING:    Consider scaling the objective by 1e-4, or setting the user_objective_scale option to -12
Presolving model
78876 rows, 70884 cols, 220839 nonzeros 0s
37631 rows, 53467 cols, 181241 nonzeros 0s
36028 rows, 48604 cols, 176204 nonzeros 0s
Presolve reductions: rows 36028(-83840); columns 48604(-91289); nonzeros 176204(-133825)
Solving MIP model with:
   36028 rows
   48604 cols (1670 binary, 0 integer, 0 implied int., 46934 continuous, 0 domain fixed)
   176204 nonzeros
Src: B => Branching; C => Central rounding; F => Feasibility pump; H => Heuristic;
     I => Shifting; J => Feasibility jump; L => Sub-MIP; P => Empty MIP; R => Randomized rounding;
     S => Solve LP; T => Evaluate node; U => Unbounded; X => User solution; Y => HiGHS solution;
     Z => ZI Round; l => Trivial lower; p => Trivial point; u => Trivial upper; z => Trivial zero
        Nodes      |    B&B Tree     |            Objective Bounds              |  Dynamic Constraints |       Work
Src  Proc. InQueue |  Leaves   Expl. | BestBound       BestSol              Gap |   Cuts   InLp Confl. | LpIters     Time
         0       0         0   0.00%   -383169972.7575 inf                  inf        0      0      0         0     1.4s
         0       0         0   0.00%   -102708763.0647 inf                  inf        0      0      3     29810     7.4s
 R       0       0         0   0.00%   -102704832.321  -102704563.3247    0.00%    10418    403      6     31581    10.9s
         0       0         0   0.00%   -102704832.321  -102704563.3247    0.00%    10418    319      6     65548    83.6s
84.4% inactive integer columns, restarting
Model after restart has 32033 rows, 39845 cols (97 bin., 0 int., 0 impl., 39748 cont., 0 dom.fix.), and 126304 nonzeros
         0       0         0   0.00%   -102704832.321  -102704563.3247    0.00%       92      0      0     65548    84.0s
36.1% inactive integer columns, restarting
Model after restart has 31936 rows, 39806 cols (58 bin., 0 int., 0 impl., 39748 cont., 0 dom.fix.), and 125909 nonzeros
         0       0         0   0.00%   -102704832.306  -102704563.3247    0.00%       58      0      0     68357    85.7s
         0       0         0   0.00%   -102704832.306  -102704563.3247    0.00%       58     55      0     68472    86.1s
12.1% inactive integer columns, restarting
Model after restart has 31919 rows, 39798 cols (50 bin., 0 int., 0 impl., 39748 cont., 0 dom.fix.), and 125838 nonzeros
         0       0         0   0.00%   -102704814.4048 -102704563.3247    0.00%       56      0      0     68479    89.1s
         0       0         0   0.00%   -102704814.4048 -102704563.3247    0.00%       56     56      0     68559    89.5s
         0       0         0   0.00%   -102704800.398  -102704563.3247    0.00%     2657     68      0     68572    94.6s
         0       0         0   0.00%   -102704789.0457 -102704563.3247    0.00%     4107     78      0     68582   100.6s
         0       0         0   0.00%   -102704775.22   -102704563.3247    0.00%     5275     92      0     68597   106.7s
12.0% inactive integer columns, restarting
Model after restart has 31912 rows, 39791 cols (43 bin., 0 int., 0 impl., 39748 cont., 0 dom.fix.), and 125781 nonzeros
         0       0         0   0.00%   -102704770.4559 -102704563.3247    0.00%       90      0      0     68602   109.4s
         0       0         0   0.00%   -102704770.4559 -102704563.3247    0.00%       90     90      0     68732   109.8s
         0       0         0   0.00%   -102704757.8669 -102704563.3247    0.00%     2350    100      0     68742   115.9s
         0       0         0   0.00%   -102704630.4906 -102704563.3247    0.00%     3361    111      0     68763   122.1s
69.8% inactive integer columns, restarting
Model after restart has 31638 rows, 39758 cols (10 bin., 0 int., 0 impl., 39748 cont., 0 dom.fix.), and 124880 nonzeros
         0       0         0   0.00%   -102704630.4906 -102704563.3247    0.00%       55      0      0     68763   122.4s
         0       0         0   0.00%   -102704630.4906 -102704563.3247    0.00%       55     48      0     68821   122.7s
         1       0         1 100.00%   -102704563.3247 -102704563.3247    0.00%      673     50      0     68824   125.2s
Solving report
  Status            Optimal
  Primal bound      -102704563.325
  Dual bound        -102704563.325
  Gap               0% (tolerance: 0%)
  P-D integral      0.000276438691383
  Solution status   feasible
                    -102704563.325 (objective)
                    0 (bound viol.)
                    6.53699316899e-15 (int. viol.)
                    0 (row viol.)
  Timing            125.21
  Max sub-MIP depth 3
  Nodes             1
  Repair LPs        0
  LP iterations     68824
                    0 (strong br.)
                    1855 (separation)
                    33967 (heuristics)
125.247221 seconds (373 allocations: 15.703 KiB)
Optimal solution found, objective function value: -1.0270456332465202e8
Saving model results...  0.404903 seconds (4.27 M allocations: 149.139 MiB)
Postprocessing model results...  0.000061 seconds (48 allocations: 3.312 KiB)
Saving model outputs...  0.661720 seconds (2.76 M allocations: 170.350 MiB, 54.89% gc time)
Rolling model temporal structure...  0.507079 seconds (4.74 M allocations: 102.043 MiB)
Fixing model history...  0.041826 seconds (413.88 k allocations: 20.191 MiB)
Applying model non-anticipativity constraints...  0.000151 seconds (603 allocations: 32.203 KiB)
model - window 4 of 12: 2019-04-02T06:00~(4 weeks, 2 days, 10 hours)~>2019-05-02T16:00
Optimizing model...MIP has 119868 rows; 139893 cols; 310112 nonzeros; 2287 integer variables (0 binary)
Coefficient ranges:
  Matrix  [6e-03, 1e+05]
  Cost    [1e-03, 2e+09]
  Bound   [3e-17, 2e+04]
  RHS     [1e+00, 2e+03]
WARNING: Problem has some excessively large costs
WARNING: Problem has some excessively small column bounds
WARNING:    Consider scaling the objective by 1e-4, or setting the user_objective_scale option to -12
Presolving model
79042 rows, 71050 cols, 221171 nonzeros 0s
37623 rows, 53544 cols, 181250 nonzeros 0s
36170 rows, 49167 cols, 176813 nonzeros 0s
Presolve reductions: rows 36170(-83698); columns 49167(-90726); nonzeros 176813(-133299)
Solving MIP model with:
   36170 rows
   49167 cols (1667 binary, 0 integer, 0 implied int., 47500 continuous, 0 domain fixed)
   176813 nonzeros
Src: B => Branching; C => Central rounding; F => Feasibility pump; H => Heuristic;
     I => Shifting; J => Feasibility jump; L => Sub-MIP; P => Empty MIP; R => Randomized rounding;
     S => Solve LP; T => Evaluate node; U => Unbounded; X => User solution; Y => HiGHS solution;
     Z => ZI Round; l => Trivial lower; p => Trivial point; u => Trivial upper; z => Trivial zero
        Nodes      |    B&B Tree     |            Objective Bounds              |  Dynamic Constraints |       Work
Src  Proc. InQueue |  Leaves   Expl. | BestBound       BestSol              Gap |   Cuts   InLp Confl. | LpIters     Time
         0       0         0   0.00%   -382599365.1952 inf                  inf        0      0      0         0     1.4s
         0       0         0   0.00%   -46164316.01375 inf                  inf        0      0      3     30620     7.3s
 R       0       0         0   0.00%   -46159824.14693 -46159681.41707    0.00%     9708    447      6     32432    11.7s
         0       0         0   0.00%   -46159824.14693 -46159681.41707    0.00%     9708    351      6     63650    34.5s
91.7% inactive integer columns, restarting
Model after restart has 31672 rows, 38991 cols (39 bin., 0 int., 0 impl., 38952 cont., 0 dom.fix.), and 124638 nonzeros
         0       0         0   0.00%   -46159824.14693 -46159681.41707    0.00%       56      0      0     63650    34.8s
25.6% inactive integer columns, restarting
Model after restart has 31527 rows, 38975 cols (27 bin., 0 int., 0 impl., 38948 cont., 0 dom.fix.), and 124129 nonzeros
         0       0         0   0.00%   -46159824.13126 -46159681.41707    0.00%       38      0      0     64493    35.5s
         0       0         0   0.00%   -46159824.13126 -46159681.41707    0.00%       38     38      0     64540    35.8s
         0       0         0   0.00%   -46159813.85961 -46159681.41707    0.00%     1560     47      0     64549    40.9s
         0       0         0   0.00%   -46159806.19647 -46159681.41707    0.00%     2709     57      0     64558    45.9s
         0       0         0   0.00%   -46159796.2546  -46159681.41707    0.00%     3331     70      0     64568    50.9s
11.1% inactive integer columns, restarting
Model after restart has 31522 rows, 38971 cols (23 bin., 0 int., 0 impl., 38948 cont., 0 dom.fix.), and 124101 nonzeros
         0       0         0   0.00%   -46159796.2546  -46159681.41707    0.00%       55      0      0     64568    51.2s
         0       0         0   0.00%   -46159796.2546  -46159681.41707    0.00%       55     54      0     64665    51.5s
30.4% inactive integer columns, restarting
Model after restart has 31485 rows, 38964 cols (16 bin., 0 int., 0 impl., 38948 cont., 0 dom.fix.), and 123967 nonzeros
         0       0         0   0.00%   -46159782.05908 -46159681.41707    0.00%       46      0      0     64673    55.1s
         0       0         0   0.00%   -46159782.05908 -46159681.41707    0.00%       46     45      0     64725    55.4s
         0       0         0   0.00%   -46159774.5913  -46159681.41707    0.00%     1477     55      0     64739    60.5s
12.5% inactive integer columns, restarting
Model after restart has 31481 rows, 38962 cols (14 bin., 0 int., 0 impl., 38948 cont., 0 dom.fix.), and 123945 nonzeros
         0       0         0   0.00%   -46159771.06282 -46159681.41707    0.00%       49      0      0     64743    62.4s
         0       0         0   0.00%   -46159771.06282 -46159681.41707    0.00%       49     49      0     64832    62.7s
14.3% inactive integer columns, restarting
Model after restart has 31479 rows, 38960 cols (12 bin., 0 int., 0 impl., 38948 cont., 0 dom.fix.), and 123930 nonzeros
         0       0         0   0.00%   -46159742.27498 -46159681.41707    0.00%       50      0      0     64839    66.4s
         0       0         0   0.00%   -46159742.27498 -46159681.41707    0.00%       50     50      0     64899    66.7s
         0       0         0   0.00%   -46159738.76221 -46159681.41707    0.00%      582     53      0     64902    71.8s
75.0% inactive integer columns, restarting
Model after restart has 31345 rows, 38944 cols (1 bin., 0 int., 0 impl., 38943 cont., 0 dom.fix.), and 123523 nonzeros
        Nodes      |    B&B Tree     |            Objective Bounds              |  Dynamic Constraints |       Work
Src  Proc. InQueue |  Leaves   Expl. | BestBound       BestSol              Gap |   Cuts   InLp Confl. | LpIters     Time
         0       0         0   0.00%   -46159682.35949 -46159681.41707    0.00%       23      0      0     64904    73.7s
         0       0         0   0.00%   -46159682.35949 -46159681.41707    0.00%       23     23      0     92040    81.2s
         0       0         0   0.00%   -46159682.31563 -46159681.41707    0.00%       40     26      0     92043    86.5s
         0       0         0   0.00%   -46159682.28444 -46159681.41707    0.00%       41     29      0     92046    91.9s
         0       0         0   0.00%   -46159682.27635 -46159681.41707    0.00%       41     31      0     92048    97.0s
         1       0         1 100.00%   -46159681.41707 -46159681.41707    0.00%       41     28      2     92249    97.3s
Solving report
  Status            Optimal
  Primal bound      -46159681.4171
  Dual bound        -46159681.4171
  Gap               0% (tolerance: 0%)
  P-D integral      0.000159751703317
  Solution status   feasible
                    -46159681.4171 (objective)
                    0 (bound viol.)
                    6.66133814775e-16 (int. viol.)
                    0 (row viol.)
  Timing            97.35
  Max sub-MIP depth 2
  Nodes             1
  Repair LPs        0
  LP iterations     92249
                    200 (strong br.)
                    1886 (separation)
                    31218 (heuristics)
 97.374283 seconds (436 allocations: 18.375 KiB)
Optimal solution found, objective function value: -4.615968141706958e7
Saving model results...  0.360079 seconds (4.27 M allocations: 149.139 MiB)
Postprocessing model results...  0.000042 seconds (48 allocations: 3.312 KiB)
Saving model outputs...  0.279974 seconds (2.76 M allocations: 170.351 MiB)
Rolling model temporal structure...  0.498745 seconds (4.74 M allocations: 102.044 MiB)
model - window 5 of 12: 2019-05-02T16:00~(4 weeks, 2 days, 10 hours)~>2019-06-02T02:00
Fixing model history...  0.039770 seconds (413.88 k allocations: 20.191 MiB)
Applying model non-anticipativity constraints...  0.000126 seconds (603 allocations: 32.203 KiB)
Optimizing model...MIP has 119868 rows; 139893 cols; 310164 nonzeros; 2287 integer variables (0 binary)
Coefficient ranges:
  Matrix  [6e-03, 1e+05]
  Cost    [1e-03, 2e+09]
  Bound   [3e-17, 2e+04]
  RHS     [1e+00, 2e+03]
WARNING: Problem has some excessively large costs
WARNING: Problem has some excessively small column bounds
WARNING:    Consider scaling the objective by 1e-4, or setting the user_objective_scale option to -12
Presolving model
79146 rows, 71154 cols, 221379 nonzeros 0s
37623 rows, 53596 cols, 181302 nonzeros 0s
36214 rows, 49347 cols, 177066 nonzeros 0s
Presolve reductions: rows 36214(-83654); columns 49347(-90546); nonzeros 177066(-133098)
Solving MIP model with:
   36214 rows
   49347 cols (1668 binary, 0 integer, 0 implied int., 47679 continuous, 0 domain fixed)
   177066 nonzeros
Src: B => Branching; C => Central rounding; F => Feasibility pump; H => Heuristic;
     I => Shifting; J => Feasibility jump; L => Sub-MIP; P => Empty MIP; R => Randomized rounding;
     S => Solve LP; T => Evaluate node; U => Unbounded; X => User solution; Y => HiGHS solution;
     Z => ZI Round; l => Trivial lower; p => Trivial point; u => Trivial upper; z => Trivial zero
        Nodes      |    B&B Tree     |            Objective Bounds              |  Dynamic Constraints |       Work
Src  Proc. InQueue |  Leaves   Expl. | BestBound       BestSol              Gap |   Cuts   InLp Confl. | LpIters     Time
         0       0         0   0.00%   -375277740.9414 inf                  inf        0      0      0         0     1.3s
         0       0         0   0.00%   -51080735.84036 inf                  inf        0      0      3     30381     8.0s
 R       0       0         0   0.00%   -51076348.11314 -51075807.35181    0.00%    10616    451      5     32551    12.3s
         0       0         0   0.00%   -51076348.11314 -51075807.35181    0.00%    10616    358      5     74414    53.7s
21.0% inactive integer columns, restarting
Model after restart has 33820 rows, 40212 cols (1236 bin., 0 int., 0 impl., 38976 cont., 0 dom.fix.), and 152478 nonzeros
         0       0         0   0.00%   -51076348.11314 -51075807.35181    0.00%      349      0      0     74414    54.7s
         0       0         0   0.00%   -51076348.11314 -51075807.35181    0.00%      349    263      3     79748    56.9s
79.6% inactive integer columns, restarting
Model after restart has 31976 rows, 39146 cols (171 bin., 0 int., 0 impl., 38975 cont., 0 dom.fix.), and 126322 nonzeros
         0       0         0   0.00%   -51076015.54536 -51075807.35181    0.00%      130      0      0     79816    59.1s
         0       0         0   0.00%   -51076015.54536 -51075807.35181    0.00%      130    120      0     83786    60.6s
64.3% inactive integer columns, restarting
Model after restart has 31623 rows, 39009 cols (34 bin., 0 int., 0 impl., 38975 cont., 0 dom.fix.), and 124422 nonzeros
         0       0         0   0.00%   -51075880.64092 -51075807.35181    0.00%       98      0      0     83795    64.2s
         0       0         0   0.00%   -51075880.64092 -51075807.35181    0.00%       98     98      0     84122    64.7s
79.4% inactive integer columns, restarting
Model after restart has 31472 rows, 38972 cols (2 bin., 0 int., 0 impl., 38970 cont., 0 dom.fix.), and 123895 nonzeros
         0       0         0   0.00%   -51075809.82496 -51075807.35181    0.00%       63      0      0     84127    66.6s
         0       0         0   0.00%   -51075809.82496 -51075807.35181    0.00%       63     61      0     84250    67.0s
50.0% inactive integer columns, restarting
Model after restart has 31373 rows, 38971 cols (1 bin., 0 int., 0 impl., 38970 cont., 0 dom.fix.), and 123599 nonzeros
         0       0         0   0.00%   -51075807.81072 -51075807.35181    0.00%       24      0      0     84251    69.0s
         0       0         0   0.00%   -51075807.81072 -51075807.35181    0.00%       24     23      0     84303    69.4s
         1       0         1 100.00%   -51075807.35181 -51075807.35181    0.00%       24     23      1     84405    71.2s
Solving report
  Status            Optimal
  Primal bound      -51075807.3518
  Dual bound        -51075807.3518
  Gap               0% (tolerance: 0%)
  P-D integral      0.000516119813173
  Solution status   feasible
                    -51075807.3518 (objective)
                    0 (bound viol.)
                    2.245315045e-14 (int. viol.)
                    0 (row viol.)
  Timing            71.22
  Max sub-MIP depth 2
  Nodes             1
  Repair LPs        0
  LP iterations     84405
                    100 (strong br.)
                    2253 (separation)
                    41863 (heuristics)
 71.247758 seconds (254 allocations: 10.656 KiB)
Optimal solution found, objective function value: -5.1075807351808704e7
Saving model results...  0.336012 seconds (4.27 M allocations: 149.138 MiB)
Postprocessing model results...  0.000060 seconds (48 allocations: 3.312 KiB)
Saving model outputs...  0.573825 seconds (2.76 M allocations: 170.350 MiB, 49.11% gc time)
Rolling model temporal structure...  0.507404 seconds (4.74 M allocations: 102.043 MiB)
Fixing model history...  0.040292 seconds (413.88 k allocations: 20.191 MiB)
Applying model non-anticipativity constraints...  0.000125 seconds (603 allocations: 32.203 KiB)
model - window 6 of 12: 2019-06-02T02:00~(4 weeks, 2 days, 10 hours)~>2019-07-02T12:00
Optimizing model...MIP has 119868 rows; 139893 cols; 310176 nonzeros; 2287 integer variables (0 binary)
Coefficient ranges:
  Matrix  [6e-03, 1e+05]
  Cost    [1e-03, 2e+09]
  Bound   [8e-16, 2e+04]
  RHS     [1e+00, 2e+03]
WARNING: Problem has some excessively large costs
WARNING: Problem has some excessively small column bounds
WARNING:    Consider scaling the objective by 1e-4, or setting the user_objective_scale option to -12
Presolving model
79170 rows, 71178 cols, 221427 nonzeros 0s
37623 rows, 53608 cols, 181314 nonzeros 0s
36222 rows, 49422 cols, 177103 nonzeros 0s
Presolve reductions: rows 36222(-83646); columns 49422(-90471); nonzeros 177103(-133073)
Solving MIP model with:
   36222 rows
   49422 cols (1667 binary, 0 integer, 0 implied int., 47755 continuous, 0 domain fixed)
   177103 nonzeros
Src: B => Branching; C => Central rounding; F => Feasibility pump; H => Heuristic;
     I => Shifting; J => Feasibility jump; L => Sub-MIP; P => Empty MIP; R => Randomized rounding;
     S => Solve LP; T => Evaluate node; U => Unbounded; X => User solution; Y => HiGHS solution;
     Z => ZI Round; l => Trivial lower; p => Trivial point; u => Trivial upper; z => Trivial zero
        Nodes      |    B&B Tree     |            Objective Bounds              |  Dynamic Constraints |       Work
Src  Proc. InQueue |  Leaves   Expl. | BestBound       BestSol              Gap |   Cuts   InLp Confl. | LpIters     Time
         0       0         0   0.00%   -391759410.6671 inf                  inf        0      0      0         0     1.4s
         0       0         0   0.00%   -46432997.5003  inf                  inf        0      0      3     29464     8.2s
 R       0       0         0   0.00%   -46428524.43677 -46428493.34778    0.00%     4582    523      8     32016    15.6s
 L       0       0         0   0.00%   -46428524.43677 -46428493.34778    0.00%     4582    523      8     32016    22.3s
87.8% inactive integer columns, restarting
Model after restart has 32033 rows, 38986 cols (66 bin., 0 int., 0 impl., 38920 cont., 0 dom.fix.), and 125682 nonzeros
         0       0         0   0.00%   -46428524.43677 -46428493.34778    0.00%      206      0      0     33362    22.7s
13.6% inactive integer columns, restarting
Model after restart has 32011 rows, 38971 cols (53 bin., 0 int., 0 impl., 38918 cont., 0 dom.fix.), and 125529 nonzeros
         0       0         0   0.00%   -46428524.40738 -46428493.34778    0.00%      199      0      0     36300    24.2s
         0       0         0   0.00%   -46428524.40738 -46428493.34778    0.00%      199    197      0     36692    24.7s
         0       0         0   0.00%   -46428522.25037 -46428493.34778    0.00%      209    195      0     37756    31.0s
20.8% inactive integer columns, restarting
Model after restart has 31990 rows, 38953 cols (37 bin., 0 int., 0 impl., 38916 cont., 0 dom.fix.), and 125449 nonzeros
         0       0         0   0.00%   -46428522.25037 -46428493.34778    0.00%      195      0      0     37756    31.2s
         0       0         0   0.00%   -46428522.25037 -46428493.34778    0.00%      195    195      0     38269    31.9s
         0       0         0   0.00%   -46428519.52819 -46428493.34778    0.00%      207    194      0     38818    39.2s
21.6% inactive integer columns, restarting
Model after restart has 31907 rows, 38936 cols (25 bin., 0 int., 0 impl., 38911 cont., 0 dom.fix.), and 125196 nonzeros
         0       0         0   0.00%   -46428519.52819 -46428493.34778    0.00%      176      0      0     38818    39.5s
         0       0         0   0.00%   -46428519.52819 -46428493.34778    0.00%      176    175      0     39447    40.8s
         0       0         0   0.00%   -46428515.83056 -46428493.34778    0.00%      184    175      0     39948    46.8s
20.0% inactive integer columns, restarting
Model after restart has 31883 rows, 38926 cols (15 bin., 0 int., 0 impl., 38911 cont., 0 dom.fix.), and 125116 nonzeros
         0       0         0   0.00%   -46428515.83056 -46428493.34778    0.00%      169      0      0     39948    47.0s
         0       0         0   0.00%   -46428515.83056 -46428493.34778    0.00%      169    168      0     40163    47.3s
         0       0         0   0.00%   -46428507.54782 -46428493.34778    0.00%      177    168      0     40449    54.9s
13.3% inactive integer columns, restarting
Model after restart has 31801 rows, 38922 cols (11 bin., 0 int., 0 impl., 38911 cont., 0 dom.fix.), and 124866 nonzeros
         0       0         0   0.00%   -46428507.54782 -46428493.34778    0.00%      148      0      0     40449    55.1s
         0       0         0   0.00%   -46428507.54782 -46428493.34778    0.00%      148    147      0     40647    55.5s
         0       0         0   0.00%   -46428507.54782 -46428493.34778    0.00%      148    147      0     40999    61.2s
        Nodes      |    B&B Tree     |            Objective Bounds              |  Dynamic Constraints |       Work
Src  Proc. InQueue |  Leaves   Expl. | BestBound       BestSol              Gap |   Cuts   InLp Confl. | LpIters     Time
         1       0         1 100.00%   -46428493.34778 -46428493.34778    0.00%      148    147      6     41849    65.6s
Solving report
  Status            Optimal
  Primal bound      -46428493.3478
  Dual bound        -46428493.3478
  Gap               0% (tolerance: 0%)
  P-D integral      2.52676288256e-05
  Solution status   feasible
                    -46428493.3478 (objective)
                    0 (bound viol.)
                    0 (int. viol.)
                    0 (row viol.)
  Timing            65.64
  Max sub-MIP depth 1
  Nodes             1
  Repair LPs        0
  LP iterations     41849
                    492 (strong br.)
                    2564 (separation)
                    4438 (heuristics)
 65.660793 seconds (401 allocations: 16.891 KiB)
Optimal solution found, objective function value: -4.6428493347777754e7
Saving model results...  0.398361 seconds (4.27 M allocations: 149.139 MiB)
Postprocessing model results...  0.000038 seconds (48 allocations: 3.312 KiB)
Saving model outputs...  0.284230 seconds (2.76 M allocations: 170.351 MiB)
Rolling model temporal structure...  0.516144 seconds (4.74 M allocations: 102.043 MiB)
Fixing model history...  0.043156 seconds (413.88 k allocations: 20.191 MiB)
Applying model non-anticipativity constraints...  0.000107 seconds (603 allocations: 32.203 KiB)
model - window 7 of 12: 2019-07-02T12:00~(4 weeks, 2 days, 10 hours)~>2019-08-01T22:00
Optimizing model...MIP has 119868 rows; 139893 cols; 310173 nonzeros; 2287 integer variables (0 binary)
Coefficient ranges:
  Matrix  [6e-03, 1e+05]
  Cost    [1e-03, 2e+09]
  Bound   [5e-03, 2e+04]
  RHS     [1e+00, 2e+03]
WARNING: Problem has some excessively large costs
WARNING:    Consider scaling the objective by 1e-4, or setting the user_objective_scale option to -12
Presolving model
79164 rows, 71172 cols, 221415 nonzeros 0s
37623 rows, 53605 cols, 181311 nonzeros 0s
36236 rows, 49445 cols, 177186 nonzeros 0s
Presolve reductions: rows 36236(-83632); columns 49445(-90448); nonzeros 177186(-132987)
Solving MIP model with:
   36236 rows
   49445 cols (1668 binary, 0 integer, 0 implied int., 47777 continuous, 0 domain fixed)
   177186 nonzeros
Src: B => Branching; C => Central rounding; F => Feasibility pump; H => Heuristic;
     I => Shifting; J => Feasibility jump; L => Sub-MIP; P => Empty MIP; R => Randomized rounding;
     S => Solve LP; T => Evaluate node; U => Unbounded; X => User solution; Y => HiGHS solution;
     Z => ZI Round; l => Trivial lower; p => Trivial point; u => Trivial upper; z => Trivial zero
        Nodes      |    B&B Tree     |            Objective Bounds              |  Dynamic Constraints |       Work
Src  Proc. InQueue |  Leaves   Expl. | BestBound       BestSol              Gap |   Cuts   InLp Confl. | LpIters     Time
         0       0         0   0.00%   -411090581.1669 inf                  inf        0      0      0         0     1.4s
         0       0         0   0.00%   -42133207.52394 inf                  inf        0      0      3     30667    11.5s
 R       0       0         0   0.00%   -42127918.3557  -42127691.02813    0.00%    10873    520      6     31647    15.3s
         0       0         0   0.00%   -42127918.3557  -42127691.02813    0.00%    10873    454      6     65300    79.5s
40.0% inactive integer columns, restarting
Model after restart has 33403 rows, 39595 cols (743 bin., 0 int., 0 impl., 38852 cont., 0 dom.fix.), and 137416 nonzeros
         0       0         0   0.00%   -42127918.3557  -42127691.02813    0.00%      442      0      0     65300    80.2s
         0       0         0   0.00%   -42127918.32517 -42127691.02813    0.00%      442    431      0     67385    81.5s
18.6% inactive integer columns, restarting
Model after restart has 33191 rows, 39410 cols (558 bin., 0 int., 0 impl., 38852 cont., 0 dom.fix.), and 133307 nonzeros
         0       0         0   0.00%   -42127892.51168 -42127691.02813    0.00%      429      0      0     67399    83.7s
         0       0         0   0.00%   -42127892.51168 -42127691.02813    0.00%      429    428      0     68876    84.5s
56.5% inactive integer columns, restarting
Model after restart has 32433 rows, 39023 cols (172 bin., 0 int., 0 impl., 38851 cont., 0 dom.fix.), and 127375 nonzeros
         0       0         0   0.00%   -42127767.07639 -42127691.02813    0.00%      316      0      0     68885    86.4s
         0       0         0   0.00%   -42127767.07639 -42127691.02813    0.00%      316    313      0     69966    88.7s
26.7% inactive integer columns, restarting
Model after restart has 32337 rows, 38963 cols (112 bin., 0 int., 0 impl., 38851 cont., 0 dom.fix.), and 126780 nonzeros
         0       0         0   0.00%   -42127754.81797 -42127691.02813    0.00%      306      0      0     69971    90.6s
         0       0         0   0.00%   -42127754.81797 -42127691.02813    0.00%      306    306      0     70408    91.6s
         0       0         0   0.00%   -42127747.61762 -42127691.02813    0.00%     3114    310      0     70413    98.0s
50.9% inactive integer columns, restarting
Model after restart has 32032 rows, 38899 cols (48 bin., 0 int., 0 impl., 38851 cont., 0 dom.fix.), and 125610 nonzeros
         0       0         0   0.00%   -42127734.12393 -42127691.02813    0.00%      247      0      0     70421   103.1s
         0       0         0   0.00%   -42127734.12393 -42127691.02813    0.00%      247    247      0     70744   103.6s
79.2% inactive integer columns, restarting
Model after restart has 31487 rows, 38844 cols (8 bin., 0 int., 0 impl., 38836 cont., 0 dom.fix.), and 123890 nonzeros
         0       0         0   0.00%   -42127700.95725 -42127691.02813    0.00%       97      0      0     70748   105.5s
         0       0         0   0.00%   -42127700.95725 -42127691.02813    0.00%       97     94      0     99019   114.0s
         1       0         1 100.00%   -42127691.02813 -42127691.02813    0.00%       99     94      2     99122   117.5s
Solving report
  Status            Optimal
  Primal bound      -42127691.0281
  Dual bound        -42127691.0281
  Gap               0% (tolerance: 0%)
  P-D integral      0.000411245346101
  Solution status   feasible
                    -42127691.0281 (objective)
                    0 (bound viol.)
                    7.9936057773e-15 (int. viol.)
                    0 (row viol.)
  Timing            117.45
  Max sub-MIP depth 4
  Nodes             1
  Repair LPs        0
  LP iterations     99122
                    100 (strong br.)
                    1026 (separation)
                    33653 (heuristics)
117.482663 seconds (310 allocations: 13.031 KiB)
Optimal solution found, objective function value: -4.2127691028130196e7
Saving model results...  0.358936 seconds (4.27 M allocations: 149.139 MiB)
Postprocessing model results...  0.000034 seconds (48 allocations: 3.312 KiB)
Saving model outputs...  0.284225 seconds (2.76 M allocations: 170.350 MiB)
Rolling model temporal structure...  1.012722 seconds (4.74 M allocations: 102.043 MiB, 48.42% gc time)
Fixing model history...  0.040911 seconds (413.88 k allocations: 20.191 MiB)
Applying model non-anticipativity constraints...  0.000130 seconds (603 allocations: 32.203 KiB)
model - window 8 of 12: 2019-08-01T22:00~(4 weeks, 2 days, 10 hours)~>2019-09-01T08:00
Optimizing model...MIP has 119868 rows; 139893 cols; 310126 nonzeros; 2287 integer variables (0 binary)
Coefficient ranges:
  Matrix  [6e-03, 1e+05]
  Cost    [1e-03, 2e+09]
  Bound   [3e-03, 2e+04]
  RHS     [1e+00, 2e+03]
WARNING: Problem has some excessively large costs
WARNING:    Consider scaling the objective by 1e-4, or setting the user_objective_scale option to -12
Presolving model
79070 rows, 71078 cols, 221227 nonzeros 0s
37639 rows, 53570 cols, 181412 nonzeros 0s
36205 rows, 49256 cols, 177096 nonzeros 0s
Presolve reductions: rows 36205(-83663); columns 49256(-90637); nonzeros 177096(-133030)
Solving MIP model with:
   36205 rows
   49256 cols (1672 binary, 0 integer, 0 implied int., 47584 continuous, 0 domain fixed)
   177096 nonzeros
Src: B => Branching; C => Central rounding; F => Feasibility pump; H => Heuristic;
     I => Shifting; J => Feasibility jump; L => Sub-MIP; P => Empty MIP; R => Randomized rounding;
     S => Solve LP; T => Evaluate node; U => Unbounded; X => User solution; Y => HiGHS solution;
     Z => ZI Round; l => Trivial lower; p => Trivial point; u => Trivial upper; z => Trivial zero
        Nodes      |    B&B Tree     |            Objective Bounds              |  Dynamic Constraints |       Work
Src  Proc. InQueue |  Leaves   Expl. | BestBound       BestSol              Gap |   Cuts   InLp Confl. | LpIters     Time
         0       0         0   0.00%   -399659476.3329 inf                  inf        0      0      0         0     1.5s
         0       0         0   0.00%   -36660634.84733 inf                  inf        0      0      2     30076     7.0s
 R       0       0         0   0.00%   -36656291.90029 -36656136.61433    0.00%    10507    444      5     31912    11.5s
         0       0         0   0.00%   -36656291.90029 -36656136.61433    0.00%    10507    339      5     61089    42.5s
88.9% inactive integer columns, restarting
Model after restart has 31697 rows, 38853 cols (98 bin., 0 int., 0 impl., 38755 cont., 0 dom.fix.), and 124975 nonzeros
         0       0         0   0.00%   -36656291.90029 -36656136.61433    0.00%       83      0      0     61089    42.9s
27.6% inactive integer columns, restarting
Model after restart has 31636 rows, 38816 cols (62 bin., 0 int., 0 impl., 38754 cont., 0 dom.fix.), and 124444 nonzeros
         0       0         0   0.00%   -36656291.89134 -36656136.61433    0.00%       70      0      0     62455    43.9s
         0       0         0   0.00%   -36656291.89134 -36656136.61433    0.00%       70     70      0     62985    44.4s
37.1% inactive integer columns, restarting
Model after restart has 31604 rows, 38787 cols (33 bin., 0 int., 0 impl., 38754 cont., 0 dom.fix.), and 124232 nonzeros
         0       0         0   0.00%   -36656201.18842 -36656136.61433    0.00%       73      0      0     62991    46.5s
24.2% inactive integer columns, restarting
Model after restart has 31475 rows, 38778 cols (24 bin., 0 int., 0 impl., 38754 cont., 0 dom.fix.), and 123831 nonzeros
         0       0         0   0.00%   -36656201.18842 -36656136.61433    0.00%       57      0      0     63145    47.2s
         0       0         0   0.00%   -36656201.18842 -36656136.61433    0.00%       57     57      0     63784    47.9s
         0       0         0   0.00%   -36656191.94666 -36656136.61433    0.00%     1399     67      0     63795    53.7s
12.5% inactive integer columns, restarting
Model after restart has 31470 rows, 38775 cols (21 bin., 0 int., 0 impl., 38754 cont., 0 dom.fix.), and 123807 nonzeros
         0       0         0   0.00%   -36656191.94666 -36656136.61433    0.00%       63      0      0     63795    53.9s
         0       0         0   0.00%   -36656191.94666 -36656136.61433    0.00%       63     63      0     63889    54.2s
14.3% inactive integer columns, restarting
Model after restart has 31464 rows, 38771 cols (17 bin., 0 int., 0 impl., 38754 cont., 0 dom.fix.), and 123776 nonzeros
         0       0         0   0.00%   -36656187.10086 -36656136.61433    0.00%       63      0      0     63892    56.3s
         0       0         0   0.00%   -36656187.10086 -36656136.61433    0.00%       63     63      0     63985    56.6s
         0       0         0   0.00%   -36656184.76046 -36656136.61433    0.00%     1524     67      0     63988    62.3s
         0       0         0   0.00%   -36656181.6226  -36656136.61433    0.00%     2476     71      0     63992    68.0s
         0       0         0   0.00%   -36656178.9115  -36656136.61433    0.00%     3042     74      0     63995    73.7s
         0       0         0   0.00%   -36656176.2004  -36656136.61433    0.00%     3462     77      0     63998    79.4s
         0       0         0   0.00%   -36656173.48929 -36656136.61433    0.00%     4006     81      0     64002    85.1s
11.8% inactive integer columns, restarting
Model after restart has 31454 rows, 38768 cols (14 bin., 0 int., 0 impl., 38754 cont., 0 dom.fix.), and 123737 nonzeros
        Nodes      |    B&B Tree     |            Objective Bounds              |  Dynamic Constraints |       Work
Src  Proc. InQueue |  Leaves   Expl. | BestBound       BestSol              Gap |   Cuts   InLp Confl. | LpIters     Time
         0       0         0   0.00%   -36656173.48929 -36656136.61433    0.00%       64      0      0     64002    85.3s
         0       0         0   0.00%   -36656173.48929 -36656136.61433    0.00%       64     64      0     64076    85.5s
         0       0         0   0.00%   -36656171.20495 -36656136.61433    0.00%     1367     69      0     64079    91.1s
         1       0         1 100.00%   -36656136.61433 -36656136.61433    0.00%     1910     73      0     64081    94.9s
Solving report
  Status            Optimal
  Primal bound      -36656136.6143
  Dual bound        -36656136.6143
  Gap               0% (tolerance: 0%)
  P-D integral      0.00020842571768
  Solution status   feasible
                    -36656136.6143 (objective)
                    0 (bound viol.)
                    2.12274642308e-15 (int. viol.)
                    0 (row viol.)
  Timing            94.93
  Max sub-MIP depth 2
  Nodes             1
  Repair LPs        0
  LP iterations     64081
                    0 (strong br.)
                    1878 (separation)
                    29177 (heuristics)
 94.964686 seconds (352 allocations: 14.812 KiB)
Optimal solution found, objective function value: -3.665613661433393e7
Saving model results...  0.374035 seconds (4.27 M allocations: 149.139 MiB)
Postprocessing model results...  0.000033 seconds (48 allocations: 3.312 KiB)
Saving model outputs...  0.285572 seconds (2.76 M allocations: 170.350 MiB)
Rolling model temporal structure...  0.497041 seconds (4.74 M allocations: 102.043 MiB)
Fixing model history...  0.041853 seconds (413.88 k allocations: 20.191 MiB)
Applying model non-anticipativity constraints...  0.000091 seconds (603 allocations: 32.203 KiB)
model - window 9 of 12: 2019-09-01T08:00~(4 weeks, 2 days, 10 hours)~>2019-10-01T18:00
Optimizing model...MIP has 119868 rows; 139893 cols; 310068 nonzeros; 2287 integer variables (0 binary)
Coefficient ranges:
  Matrix  [6e-03, 1e+05]
  Cost    [1e-03, 2e+09]
  Bound   [1e-16, 2e+04]
  RHS     [1e+00, 2e+03]
WARNING: Problem has some excessively large costs
WARNING: Problem has some excessively small column bounds
WARNING:    Consider scaling the objective by 1e-4, or setting the user_objective_scale option to -12
Presolving model
78954 rows, 70962 cols, 220995 nonzeros 0s
37623 rows, 53500 cols, 181206 nonzeros 0s
36097 rows, 48833 cols, 176435 nonzeros 0s
Presolve reductions: rows 36097(-83771); columns 48833(-91060); nonzeros 176435(-133633)
Solving MIP model with:
   36097 rows
   48833 cols (1668 binary, 0 integer, 0 implied int., 47165 continuous, 0 domain fixed)
   176435 nonzeros
Src: B => Branching; C => Central rounding; F => Feasibility pump; H => Heuristic;
     I => Shifting; J => Feasibility jump; L => Sub-MIP; P => Empty MIP; R => Randomized rounding;
     S => Solve LP; T => Evaluate node; U => Unbounded; X => User solution; Y => HiGHS solution;
     Z => ZI Round; l => Trivial lower; p => Trivial point; u => Trivial upper; z => Trivial zero
        Nodes      |    B&B Tree     |            Objective Bounds              |  Dynamic Constraints |       Work
Src  Proc. InQueue |  Leaves   Expl. | BestBound       BestSol              Gap |   Cuts   InLp Confl. | LpIters     Time
         0       0         0   0.00%   -371351514.597  inf                  inf        0      0      0         0     1.4s
         0       0         0   0.00%   -75685840.52462 inf                  inf        0      0      3     30324     7.6s
 R       0       0         0   0.00%   -75685089.97047 2.72822209e+11   100.03%     6350    206      3     31375    11.8s
 C       0       0         0   0.00%   -75681700.68544 -75681597.24658    0.00%      769    455      3     32277    18.5s
 L       0       0         0   0.00%   -75681700.68544 -75681647.40658    0.00%      769    455      3     32277    41.2s
95.9% inactive integer columns, restarting
Model after restart has 31629 rows, 39496 cols (17 bin., 0 int., 0 impl., 39479 cont., 0 dom.fix.), and 124642 nonzeros
         0       0         0   0.00%   -75681699.83188 -75681647.40658    0.00%       40      0      0     63646    43.1s
         0       0         0   0.00%   -75681699.83188 -75681647.40658    0.00%       40     33      0     64193    43.6s
11.8% inactive integer columns, restarting
Model after restart has 31622 rows, 39491 cols (14 bin., 0 int., 0 impl., 39477 cont., 0 dom.fix.), and 124619 nonzeros
         0       0         0   0.00%   -75681698.77365 -75681647.40658    0.00%       34      0      0     64194    45.4s
         0       0         0   0.00%   -75681698.77365 -75681647.40658    0.00%       34     34      0     64243    45.6s
14.3% inactive integer columns, restarting
Model after restart has 31608 rows, 39482 cols (12 bin., 0 int., 0 impl., 39470 cont., 0 dom.fix.), and 124588 nonzeros
         0       0         0   0.00%   -75681697.50594 -75681647.40658    0.00%       36      0      0     64245    49.0s
         0       0         0   0.00%   -75681697.50594 -75681647.40658    0.00%       36     36      0     91235    56.8s
         0       0         0   0.00%   -75681693.26671 -75681647.40658    0.00%     1129     41      0     91240    63.2s
         0       0         0   0.00%   -75681689.02748 -75681647.40658    0.00%     1612     45      0     91244    69.6s
         0       0         0   0.00%   -75681684.99615 -75681647.40658    0.00%     1946     49      0     91248    76.0s
75.0% inactive integer columns, restarting
Model after restart has 31476 rows, 39473 cols (3 bin., 0 int., 0 impl., 39470 cont., 0 dom.fix.), and 124194 nonzeros
         0       0         0   0.00%   -75681661.19694 -75681647.40658    0.00%       31      0      0     91255    79.4s
         0       0         0   0.00%   -75681661.19694 -75681647.40658    0.00%       31     30      0     92119    80.1s
         1       0         1 100.00%   -75681647.40816 -75681647.40658    0.00%       51     32      0     92123    83.3s
Solving report
  Status            Optimal
  Primal bound      -75681647.4066
  Dual bound        -75681647.4082
  Gap               0% (tolerance: 0%)
  P-D integral      6.70775397289
  Solution status   feasible
                    -75681647.4066 (objective)
                    0 (bound viol.)
                    0 (int. viol.)
                    0 (row viol.)
  Timing            83.28
  Max sub-MIP depth 2
  Nodes             1
  Repair LPs        0
  LP iterations     92123
                    0 (strong br.)
                    1981 (separation)
                    31368 (heuristics)
 83.310131 seconds (296 allocations: 12.438 KiB)
Optimal solution found, objective function value: -7.568164740658069e7
Saving model results...  0.327832 seconds (4.27 M allocations: 149.139 MiB)
Postprocessing model results...  0.000032 seconds (48 allocations: 3.312 KiB)
Saving model outputs...  0.280749 seconds (2.76 M allocations: 170.350 MiB)
Rolling model temporal structure...  0.533600 seconds (4.74 M allocations: 102.043 MiB)
Fixing model history...  2.857102 seconds (413.88 k allocations: 20.191 MiB, 98.44% gc time)
Applying model non-anticipativity constraints...  0.000110 seconds (603 allocations: 32.203 KiB)
model - window 10 of 12: 2019-10-01T18:00~(4 weeks, 2 days, 10 hours)~>2019-11-01T04:00
Optimizing model...MIP has 119868 rows; 139893 cols; 310000 nonzeros; 2287 integer variables (0 binary)
Coefficient ranges:
  Matrix  [6e-03, 1e+05]
  Cost    [1e-03, 2e+09]
  Bound   [1e-03, 2e+04]
  RHS     [1e+00, 2e+03]
WARNING: Problem has some excessively large costs
WARNING:    Consider scaling the objective by 1e-4, or setting the user_objective_scale option to -12
Presolving model
78818 rows, 70826 cols, 220723 nonzeros 0s
37623 rows, 53432 cols, 181138 nonzeros 0s
36054 rows, 48584 cols, 176143 nonzeros 0s
Presolve reductions: rows 36054(-83814); columns 48584(-91309); nonzeros 176143(-133857)
Solving MIP model with:
   36054 rows
   48584 cols (1668 binary, 0 integer, 0 implied int., 46916 continuous, 0 domain fixed)
   176143 nonzeros
Src: B => Branching; C => Central rounding; F => Feasibility pump; H => Heuristic;
     I => Shifting; J => Feasibility jump; L => Sub-MIP; P => Empty MIP; R => Randomized rounding;
     S => Solve LP; T => Evaluate node; U => Unbounded; X => User solution; Y => HiGHS solution;
     Z => ZI Round; l => Trivial lower; p => Trivial point; u => Trivial upper; z => Trivial zero
        Nodes      |    B&B Tree     |            Objective Bounds              |  Dynamic Constraints |       Work
Src  Proc. InQueue |  Leaves   Expl. | BestBound       BestSol              Gap |   Cuts   InLp Confl. | LpIters     Time
         0       0         0   0.00%   -381108819.4478 inf                  inf        0      0      0         0     1.5s
         0       0         0   0.00%   -63594348.34417 inf                  inf        0      0      2     30210     7.5s
 R       0       0         0   0.00%   -63590047.21032 -63589323.16787    0.00%    11741    381      5     31993    11.7s
         0       0         0   0.00%   -63590047.21032 -63589323.16787    0.00%    11741    310      5     70226    69.5s
47.8% inactive integer columns, restarting
Model after restart has 32929 rows, 39725 cols (588 bin., 0 int., 0 impl., 39137 cont., 0 dom.fix.), and 133963 nonzeros
         0       0         0   0.00%   -63590047.21032 -63589323.16787    0.00%      187      0      0     70226    70.2s
16.2% inactive integer columns, restarting
Model after restart has 32671 rows, 39603 cols (466 bin., 0 int., 0 impl., 39137 cont., 0 dom.fix.), and 132060 nonzeros
         0       0         0   0.00%   -63590047.2028  -63589323.16787    0.00%       93      0      0     75095    72.8s
         0       0         0   0.00%   -63590047.2028  -63589323.16787    0.00%       93     88      0     75513    75.4s
60.1% inactive integer columns, restarting
Model after restart has 32029 rows, 39268 cols (131 bin., 0 int., 0 impl., 39137 cont., 0 dom.fix.), and 126231 nonzeros
         0       0         0   0.00%   -63589672.13196 -63589323.16787    0.00%       80      0      0     75557    77.6s
         0       0         0   0.00%   -63589672.13196 -63589323.16787    0.00%       80     77      0     77178    78.4s
38.9% inactive integer columns, restarting
Model after restart has 31808 rows, 39203 cols (66 bin., 0 int., 0 impl., 39137 cont., 0 dom.fix.), and 125238 nonzeros
         0       0         0   0.00%   -63589598.38595 -63589323.16787    0.00%       78      0      0     77196    82.6s
         0       0         0   0.00%   -63589598.38595 -63589323.16787    0.00%       78     78      0     77426    83.5s
         0       0         0   0.00%   -63589571.25162 -63589323.16787    0.00%     2027     91      0     77445    89.2s
10.6% inactive integer columns, restarting
Model after restart has 31788 rows, 39195 cols (58 bin., 0 int., 0 impl., 39137 cont., 0 dom.fix.), and 125126 nonzeros
         0       0         0   0.00%   -63589571.25162 -63589323.16787    0.00%       85      0      0     77445    89.4s
         0       0         0   0.00%   -63589571.25162 -63589323.16787    0.00%       85     83      0     77572    89.8s
         0       0         0   0.00%   -63589564.36779 -63589323.16787    0.00%      901     89      0     77579    95.5s
39.7% inactive integer columns, restarting
Model after restart has 31571 rows, 39169 cols (32 bin., 0 int., 0 impl., 39137 cont., 0 dom.fix.), and 124350 nonzeros
         0       0         0   0.00%   -63589425.12853 -63589323.16787    0.00%       66      0      0     77585    99.5s
         0       0         0   0.00%   -63589425.12853 -63589323.16787    0.00%       66     66      0     77775    99.8s
         0       0         0   0.00%   -63589422.20927 -63589323.16787    0.00%      537     69      0     77778   105.5s
         1       0         1 100.00%   -63589323.16787 -63589323.16787    0.00%      615     70      0     77782   107.4s
Solving report
  Status            Optimal
  Primal bound      -63589323.1679
  Dual bound        -63589323.1679
  Gap               0% (tolerance: 0%)
  P-D integral      0.000855040510253
  Solution status   feasible
                    -63589323.1679 (objective)
                    0 (bound viol.)
                    1.33226762955e-15 (int. viol.)
                    0 (row viol.)
  Timing            107.36
  Max sub-MIP depth 4
  Nodes             1
  Repair LPs        0
  LP iterations     77782
                    0 (strong br.)
                    1884 (separation)
                    38233 (heuristics)
107.393642 seconds (275 allocations: 11.547 KiB)
Optimal solution found, objective function value: -6.3589323167870425e7
Saving model results...  0.330088 seconds (4.27 M allocations: 149.139 MiB)
Postprocessing model results...  0.000032 seconds (48 allocations: 3.312 KiB)
Saving model outputs...  0.281196 seconds (2.76 M allocations: 170.350 MiB)
Rolling model temporal structure...  0.512083 seconds (4.74 M allocations: 102.043 MiB)
Fixing model history...  0.040022 seconds (413.88 k allocations: 20.191 MiB)
Applying model non-anticipativity constraints...  0.000109 seconds (603 allocations: 32.203 KiB)
model - window 11 of 12: 2019-11-01T04:00~(4 weeks, 2 days, 10 hours)~>2019-12-01T14:00
Optimizing model...MIP has 119868 rows; 139893 cols; 309934 nonzeros; 2287 integer variables (0 binary)
Coefficient ranges:
  Matrix  [6e-03, 1e+05]
  Cost    [1e-03, 2e+09]
  Bound   [1e-16, 2e+04]
  RHS     [1e+00, 2e+03]
WARNING: Problem has some excessively large costs
WARNING: Problem has some excessively small column bounds
WARNING:    Consider scaling the objective by 1e-4, or setting the user_objective_scale option to -12
Presolving model
78686 rows, 70694 cols, 220459 nonzeros 0s
37623 rows, 53366 cols, 181072 nonzeros 0s
35990 rows, 48265 cols, 175760 nonzeros 0s
Presolve reductions: rows 35990(-83878); columns 48265(-91628); nonzeros 175760(-134174)
Solving MIP model with:
   35990 rows
   48265 cols (1668 binary, 0 integer, 0 implied int., 46597 continuous, 0 domain fixed)
   175760 nonzeros
Src: B => Branching; C => Central rounding; F => Feasibility pump; H => Heuristic;
     I => Shifting; J => Feasibility jump; L => Sub-MIP; P => Empty MIP; R => Randomized rounding;
     S => Solve LP; T => Evaluate node; U => Unbounded; X => User solution; Y => HiGHS solution;
     Z => ZI Round; l => Trivial lower; p => Trivial point; u => Trivial upper; z => Trivial zero
        Nodes      |    B&B Tree     |            Objective Bounds              |  Dynamic Constraints |       Work
Src  Proc. InQueue |  Leaves   Expl. | BestBound       BestSol              Gap |   Cuts   InLp Confl. | LpIters     Time
         0       0         0   0.00%   -420569260.5208 inf                  inf        0      0      0         0     1.4s
         0       0         0   0.00%   -76400113.82728 inf                  inf        0      0      3     30308    11.7s
 R       0       0         0   0.00%   -76394381.85376 -76394381.85376    0.00%    11391    452      6     31024    15.3s
 T       0       0         0   0.00%   -76394381.85376 -76394381.85376    0.00%    11391    452      6     31024    15.3s
         1       0         1 100.00%   -76394381.85376 -76394381.85376    0.00%    11064    452      6     31024    15.3s
Solving report
  Status            Optimal
  Primal bound      -76394381.8538
  Dual bound        -76394381.8538
  Gap               0% (tolerance: 0%)
  P-D integral      7.57737014995e-18
  Solution status   feasible
                    -76394381.8538 (objective)
                    0 (bound viol.)
                    6.67587943081e-15 (int. viol.)
                    0 (row viol.)
  Timing            15.32
  Max sub-MIP depth 0
  Nodes             1
  Repair LPs        0
  LP iterations     31024
                    0 (strong br.)
                    716 (separation)
                    0 (heuristics)
 15.343386 seconds (37 allocations: 1.453 KiB)
Optimal solution found, objective function value: -7.639438185375659e7
Saving model results...  0.342793 seconds (4.27 M allocations: 149.138 MiB)
Postprocessing model results...  0.000042 seconds (48 allocations: 3.312 KiB)
Saving model outputs...  0.283839 seconds (2.76 M allocations: 170.370 MiB)
Rolling model temporal structure...  0.497737 seconds (4.74 M allocations: 101.999 MiB)
Fixing model history...  0.042230 seconds (413.88 k allocations: 20.191 MiB)
Applying model non-anticipativity constraints...  0.000125 seconds (603 allocations: 32.203 KiB)
model - window 12 of 12: 2019-12-01T14:00~(4 weeks, 2 days, 10 hours)~>2020-01-01T00:00
Optimizing model...MIP has 119868 rows; 139893 cols; 309882 nonzeros; 2287 integer variables (0 binary)
Coefficient ranges:
  Matrix  [6e-03, 1e+05]
  Cost    [1e-03, 2e+09]
  Bound   [2e-16, 2e+04]
  RHS     [1e+00, 2e+03]
WARNING: Problem has some excessively large costs
WARNING: Problem has some excessively small column bounds
WARNING:    Consider scaling the objective by 1e-4, or setting the user_objective_scale option to -12
Presolving model
78582 rows, 70590 cols, 220251 nonzeros 0s
37623 rows, 53314 cols, 181020 nonzeros 0s
35900 rows, 47959 cols, 175364 nonzeros 0s
Presolve reductions: rows 35900(-83968); columns 47959(-91934); nonzeros 175364(-134518)
Solving MIP model with:
   35900 rows
   47959 cols (1668 binary, 0 integer, 0 implied int., 46291 continuous, 0 domain fixed)
   175364 nonzeros
Src: B => Branching; C => Central rounding; F => Feasibility pump; H => Heuristic;
     I => Shifting; J => Feasibility jump; L => Sub-MIP; P => Empty MIP; R => Randomized rounding;
     S => Solve LP; T => Evaluate node; U => Unbounded; X => User solution; Y => HiGHS solution;
     Z => ZI Round; l => Trivial lower; p => Trivial point; u => Trivial upper; z => Trivial zero
        Nodes      |    B&B Tree     |            Objective Bounds              |  Dynamic Constraints |       Work
Src  Proc. InQueue |  Leaves   Expl. | BestBound       BestSol              Gap |   Cuts   InLp Confl. | LpIters     Time
         0       0         0   0.00%   -395826684.2786 inf                  inf        0      0      0         0     1.3s
         0       0         0   0.00%   -115189207.9454 inf                  inf        0      0      2     29972     6.6s
 R       0       0         0   0.00%   -115185748.5836 -115185748.5836    0.00%     9985    395      5     31642    10.0s
         1       0         1 100.00%   -115185748.5836 -115185748.5836    0.00%     9985    395      5     31642    10.0s
Solving report
  Status            Optimal
  Primal bound      -115185748.584
  Dual bound        -115185748.584
  Gap               0% (tolerance: 0%)
  P-D integral      0
  Solution status   feasible
                    -115185748.584 (objective)
                    0 (bound viol.)
                    1.55431223448e-15 (int. viol.)
                    0 (row viol.)
  Timing            10.01
  Max sub-MIP depth 0
  Nodes             1
  Repair LPs        0
  LP iterations     31642
                    0 (strong br.)
                    1670 (separation)
                    0 (heuristics)
 10.032416 seconds (37 allocations: 1.453 KiB)
Optimal solution found, objective function value: -1.1518574858355705e8
Saving model results...  0.530290 seconds (4.27 M allocations: 149.139 MiB, 37.16% gc time)
Postprocessing model results...  0.000032 seconds (48 allocations: 3.312 KiB)
Saving model outputs...  0.271100 seconds (2.76 M allocations: 170.350 MiB)
Rolling model temporal structure...  0.000056 seconds (47 allocations: 1.312 KiB)
Rolling complete
Solve complete. Started at 2026-07-31T23:27:33.463, ended at 2026-07-31T23:50:22.628, elapsed time: 22 minutes, 49 seconds, 165 milliseconds
Time summary:
Action                                           │ min       │ max        │ avg
─────────────────────────────────────────────────┼───────────┼────────────┼───────────────────────
Postprocessing model results...                  │ 3.2e-5    │ 8.1e-5     │ 4.4916666666666677e-5
Fixing model history...                          │ 0.03977   │ 2.857102   │ 0.29795299999999997
Applying model non-anticipativity constraints... │ 9.1e-5    │ 0.000193   │ 0.00012663636363636365
Rolling model temporal structure...              │ 5.6e-5    │ 1.012722   │ 0.5097650833333333
Saving model results...                          │ 0.327832  │ 0.53029    │ 0.3747318333333333
Optimizing model...                              │ 10.032416 │ 547.321202 │ 112.33837649999998
Saving model outputs...                          │ 0.2711    │ 0.66172    │ 0.3396124166666667
Writing report to sqlite:///C:\Users\jfg.eco\Documents\GitHub\Nord_H2ub\Spine_Projects\02_basic_energy_model\.spinetoolbox\items\outputtest\OutputTest.sqlite?spinedbfilter=cfg%3Aexecution%3A%7B%22execution_item%22%3A+%22Run+SpineOpt%22%2C+%22scenarios%22%3A+%5B%5D%2C+%22timestamp%22%3A+%222026-07-31T23%3A25%3A15%22%7D...  3.316305 seconds (22.22 M allocations: 1.329 GiB, 11.18% gc time)
Execution complete. Started at 2026-07-31T23:25:16.958, ended at 2026-07-31T23:50:34.238, elapsed time: 25 minutes, 17 seconds, 280 milliseconds
A JuMP Model
├ solver: HiGHS
├ objective_sense: MIN_SENSE
│ └ objective_function_type: JuMP.AffExpr
├ num_variables: 139893
├ num_constraints: 248178
│ ├ JuMP.AffExpr in MOI.EqualTo{Float64}: 33672
│ ├ JuMP.AffExpr in MOI.GreaterThan{Float64}: 30688
│ ├ JuMP.AffExpr in MOI.LessThan{Float64}: 55508
│ ├ JuMP.VariableRef in MOI.EqualTo{Float64}: 900
│ ├ JuMP.VariableRef in MOI.GreaterThan{Float64}: 121442
│ ├ JuMP.VariableRef in MOI.LessThan{Float64}: 3681
│ └ JuMP.VariableRef in MOI.Integer: 2287
└ Names registered in the model: none
