### Spine execution log file
### Item name: Run SpineOpt
### Filter id: 
### Part: 1

# Running julia run_spineopt.jl http://127.0.0.1:52910 http://127.0.0.1:52913
2-element Vector{String}:
 "http://127.0.0.1:52910"
 "http://127.0.0.1:52913"
Running SpineOpt...
[SpineOpt version 0.10.2 (git hash: N/A)]
[SpineInterface version 0.15.2 (git hash: N/A)]
Execution started at 2026-01-16T15:55:28.275
Reading input data from sqlite:///C:\Users\jfg.eco\Documents\Nord_H2ub\Spine_Projects\02_basic_energy_model\.spinetoolbox\items\input\Input.sqlite...
Initializing  data structure from db...  0.480170 seconds (428.80 k allocations: 52.820 MiB, 20.46% compilation time)
Preprocessing  data structure...  1.023229 seconds (74.57 k allocations: 4.436 MiB, 97.13% compilation time)
Checking  data structure...  0.009195 seconds (5.67 k allocations: 472.375 KiB, 93.48% compilation time)
Build started at 2026-01-16T15:55:29.828
Creating model temporal structure...[ Info: the last time slice of temporal block Default_Investment_period has been cut to fit within the block
[ Info: the last time slice of temporal block daily has been cut to fit within the block
149.340433 seconds (411.47 M allocations: 20.261 GiB, 87.59% gc time, 0.01% compilation time)
Creating model stochastic structure...  7.365836 seconds (2.76 M allocations: 595.972 MiB, 95.57% gc time, 0.09% compilation time)
Adding model independent variables...
- [variable_binary_gas_connection_flow]  0.047790 seconds (2.29 M allocations: 34.941 MiB, 27.41% gc time)
- [variable_connection_flow]  5.309204 seconds (10.12 M allocations: 944.693 MiB, 84.48% gc time, 2.49% compilation time)
- [variable_connection_intact_flow]  6.046300 seconds (8.51 M allocations: 783.321 MiB, 89.56% gc time)
- [variable_connections_decommissioned]  0.050698 seconds (2.31 M allocations: 36.411 MiB, 28.98% gc time)
- [variable_connections_invested]  0.663553 seconds (7.48 M allocations: 525.016 MiB, 44.14% gc time)
- [variable_connections_invested_available]  3.986106 seconds (7.52 M allocations: 528.951 MiB, 90.68% gc time, 0.18% compilation time)
- [variable_min_capacity_margin_slack]  0.051856 seconds (2.29 M allocations: 34.909 MiB, 34.75% gc time)
- [variable_node_injection]  0.395898 seconds (5.88 M allocations: 412.552 MiB, 33.77% gc time)
- [variable_node_pressure]  0.045642 seconds (2.29 M allocations: 34.912 MiB, 27.05% gc time)
- [variable_node_slack_neg]  0.356802 seconds (5.64 M allocations: 352.970 MiB, 32.54% gc time)
- [variable_node_slack_pos]  0.604628 seconds (5.64 M allocations: 348.722 MiB, 60.21% gc time)
- [variable_node_state]  3.492483 seconds (3.52 M allocations: 139.196 MiB, 95.01% gc time, 0.24% compilation time)
- [variable_node_voltage_angle]  0.051180 seconds (2.29 M allocations: 34.911 MiB, 38.69% gc time)
- [variable_nonspin_units_shut_down]  0.048198 seconds (2.29 M allocations: 34.921 MiB, 27.95% gc time)
- [variable_nonspin_units_started_up]  0.042045 seconds (2.29 M allocations: 34.915 MiB, 23.67% gc time)
- [variable_storages_decommissioned]  0.047827 seconds (2.29 M allocations: 35.414 MiB, 30.07% gc time)
- [variable_storages_invested]  0.160763 seconds (2.86 M allocations: 123.365 MiB, 35.20% gc time, 4.46% compilation time)
- [variable_storages_invested_available]  0.208364 seconds (2.86 M allocations: 123.271 MiB, 51.49% gc time)
- [variable_unit_flow] 12.988707 seconds (12.77 M allocations: 1.846 GiB, 90.37% gc time, 0.40% compilation time)
- [variable_unit_flow_op]  0.256750 seconds (4.10 M allocations: 264.135 MiB, 33.49% gc time)
- [variable_unit_flow_op_active]  0.295680 seconds (4.46 M allocations: 301.998 MiB, 32.26% gc time)
- [variable_units_invested]  4.129736 seconds (7.35 M allocations: 499.259 MiB, 91.77% gc time)
- [variable_units_invested_available]  0.650760 seconds (7.40 M allocations: 501.942 MiB, 43.83% gc time, 1.10% compilation time)
- [variable_units_mothballed]  0.054983 seconds (2.31 M allocations: 36.915 MiB, 34.53% gc time)
- [variable_units_on]  0.260599 seconds (4.46 M allocations: 239.690 MiB, 33.54% gc time)
- [variable_units_out_of_service]  0.284666 seconds (2.29 M allocations: 34.907 MiB, 88.82% gc time)
- [variable_units_returned_to_service]  3.289774 seconds (2.29 M allocations: 34.905 MiB, 98.89% gc time)
- [variable_units_shut_down]  0.068869 seconds (2.56 M allocations: 62.902 MiB, 14.68% gc time)
- [variable_units_started_up]  0.085432 seconds (2.56 M allocations: 61.774 MiB, 38.12% gc time)
- [variable_units_taken_out_of_service]  0.052229 seconds (2.29 M allocations: 34.905 MiB, 36.95% gc time)
- [variable_user_constraint_slack_neg]  0.031142 seconds (2.29 M allocations: 34.901 MiB)
- [variable_user_constraint_slack_pos]  0.044507 seconds (2.29 M allocations: 34.901 MiB, 26.05% gc time)
 44.125557 seconds (137.75 M allocations: 8.396 GiB, 85.44% gc time, 0.49% compilation time)
Adding model dependent variables...
- [variable_connection_flow]  1.909195 seconds (4.96 M allocations: 344.502 MiB, 11.71% gc time, 88.72% compilation time)
- [variable_unit_flow]  5.504388 seconds (5.04 M allocations: 366.810 MiB, 70.16% gc time, 23.49% compilation time)
  7.556319 seconds (10.45 M allocations: 741.939 MiB, 54.50% gc time, 41.39% compilation time)
Adding model expressions...
- [expression_capacity_margin]  0.510548 seconds (2.17 M allocations: 130.522 MiB, 26.05% gc time, 99.95% compilation time)
  0.516917 seconds (2.17 M allocations: 130.585 MiB, 25.73% gc time, 99.78% compilation time)
Adding model constraints...
- [constraint_candidate_connection_flow_lb]  0.386449 seconds (589.56 k allocations: 39.671 MiB, 9.07% gc time, 99.86% compilation time)
- [constraint_candidate_connection_flow_ub]  0.089593 seconds (213.05 k allocations: 14.446 MiB, 99.67% compilation time)
- [constraint_compression_ratio]  0.048998 seconds (81.09 k allocations: 5.502 MiB, 99.62% compilation time)
- [constraint_connection_flow_capacity] 11.797551 seconds (15.81 M allocations: 1.234 GiB, 66.97% gc time, 52.44% compilation time)
- [constraint_connection_flow_gas_capacity]  0.051353 seconds (74.60 k allocations: 4.943 MiB, 99.65% compilation time)
- [constraint_connection_flow_intact_flow]  0.491899 seconds (437.83 k allocations: 29.577 MiB, 54.61% gc time, 99.91% compilation time)
- [constraint_connection_flow_lodf]  3.497704 seconds (529.79 k allocations: 34.608 MiB, 94.76% gc time, 99.99% compilation time)
- [constraint_connection_intact_flow_capacity]  0.267564 seconds (369.64 k allocations: 25.451 MiB, 10.17% gc time, 99.82% compilation time)
- [constraint_connection_intact_flow_ptdf]  0.195527 seconds (224.97 k allocations: 15.266 MiB, 99.82% compilation time)
- [constraint_connection_lifetime] 79.883287 seconds (99.65 M allocations: 9.815 GiB, 91.44% gc time, 1.95% compilation time)
- [constraint_connection_unitary_gas_flow]  0.062482 seconds (183.18 k allocations: 12.205 MiB, 99.75% compilation time)
- [constraint_connections_invested_available]  0.556574 seconds (724.63 k allocations: 49.587 MiB, 5.54% gc time, 99.75% compilation time)
- [constraint_connections_invested_transition]  1.399969 seconds (1.60 M allocations: 109.228 MiB, 5.48% gc time, 99.72% compilation time)
- [constraint_cyclic_node_state]  0.190940 seconds (173.69 k allocations: 11.838 MiB, 99.81% compilation time)
- [constraint_fix_node_pressure_point]  0.044728 seconds (50.94 k allocations: 3.317 MiB, 99.58% compilation time)
- [constraint_fix_ratio_in_in_unit_flow]  2.543020 seconds (4.34 M allocations: 329.007 MiB, 10.20% gc time, 92.92% compilation time)
- [constraint_fix_ratio_in_out_unit_flow]  0.095951 seconds (283.88 k allocations: 19.080 MiB, 99.28% compilation time)
- [constraint_fix_ratio_out_in_connection_flow]  2.085373 seconds (3.18 M allocations: 227.889 MiB, 8.23% gc time, 92.89% compilation time)
- [constraint_fix_ratio_out_in_unit_flow]  0.000190 seconds (94 allocations: 19.219 KiB)
- [constraint_fix_ratio_out_out_unit_flow]  0.000311 seconds (748 allocations: 75.859 KiB)
- [constraint_investment_group_equal_investments]  0.179214 seconds (137.61 k allocations: 9.340 MiB, 99.83% compilation time)
- [constraint_investment_group_maximum_capacity_invested_available]  0.135499 seconds (117.34 k allocations: 8.026 MiB, 99.87% compilation time)
- [constraint_investment_group_maximum_entities_invested_available]  0.191654 seconds (172.56 k allocations: 11.688 MiB, 21.89% gc time, 99.92% compilation time)
- [constraint_investment_group_minimum_capacity_invested_available]  0.040636 seconds (24.86 k allocations: 1.687 MiB, 99.58% compilation time)
- [constraint_investment_group_minimum_entities_invested_available]  0.042082 seconds (24.86 k allocations: 1.686 MiB, 99.59% compilation time)
- [constraint_max_node_pressure]  0.173808 seconds (236.63 k allocations: 15.897 MiB, 99.80% compilation time)
- [constraint_max_node_voltage_angle]  0.070080 seconds (71.86 k allocations: 4.793 MiB, 99.62% compilation time)
- [constraint_max_ratio_in_in_unit_flow]  0.000164 seconds (94 allocations: 19.219 KiB)
- [constraint_max_ratio_in_out_unit_flow]  0.000387 seconds (94 allocations: 19.219 KiB)
- [constraint_max_ratio_out_in_connection_flow]  0.063014 seconds (122.72 k allocations: 8.253 MiB, 99.69% compilation time)
- [constraint_max_ratio_out_in_unit_flow]  0.000189 seconds (94 allocations: 19.219 KiB)
- [constraint_max_ratio_out_out_unit_flow]  0.000150 seconds (94 allocations: 19.219 KiB)
- [constraint_max_total_cumulated_unit_flow_from_node]  0.151995 seconds (105.86 k allocations: 7.087 MiB, 99.88% compilation time)
- [constraint_max_total_cumulated_unit_flow_to_node]  0.000100 seconds (42 allocations: 3.750 KiB)
- [constraint_min_capacity_margin]  0.043176 seconds (42.25 k allocations: 2.839 MiB, 99.64% compilation time)
- [constraint_min_down_time]  6.101689 seconds (8.21 M allocations: 696.559 MiB, 63.04% gc time, 30.36% compilation time)
- [constraint_min_node_pressure]  0.050258 seconds (46.73 k allocations: 3.088 MiB, 99.38% compilation time)
- [constraint_min_node_voltage_angle]  0.051434 seconds (46.74 k allocations: 3.077 MiB, 99.42% compilation time)
- [constraint_min_ratio_in_in_unit_flow]  0.000195 seconds (94 allocations: 19.219 KiB)
- [constraint_min_ratio_in_out_unit_flow]  0.000190 seconds (94 allocations: 19.219 KiB)
- [constraint_min_ratio_out_in_connection_flow]  0.073518 seconds (22.53 k allocations: 1.556 MiB, 43.98% gc time, 99.70% compilation time)
- [constraint_min_ratio_out_in_unit_flow]  0.000197 seconds (94 allocations: 19.219 KiB)
- [constraint_min_ratio_out_out_unit_flow]  0.000170 seconds (94 allocations: 19.219 KiB)
- [constraint_min_scheduled_outage_duration]  0.120802 seconds (113.97 k allocations: 7.800 MiB, 99.86% compilation time)
- [constraint_min_total_cumulated_unit_flow_from_node]  0.037430 seconds (22.52 k allocations: 1.564 MiB, 99.48% compilation time)
- [constraint_min_total_cumulated_unit_flow_to_node]  0.000100 seconds (42 allocations: 3.750 KiB)
- [constraint_min_up_time]  0.652598 seconds (1.15 M allocations: 81.856 MiB, 10.10% gc time, 86.32% compilation time)
- [constraint_minimum_operating_point]  1.493361 seconds (2.33 M allocations: 180.815 MiB, 9.54% gc time, 89.50% compilation time)
- [constraint_nodal_balance]  1.961167 seconds (4.95 M allocations: 394.568 MiB, 15.43% gc time, 75.10% compilation time)
- [constraint_node_injection]  8.491263 seconds (18.20 M allocations: 1.266 GiB, 56.49% gc time, 28.73% compilation time)
- [constraint_node_state_capacity]  4.473938 seconds (3.19 M allocations: 233.749 MiB, 76.11% gc time, 19.86% compilation time)
- [constraint_node_voltage_angle]  0.112672 seconds (62.70 k allocations: 4.328 MiB, 99.82% compilation time)
- [constraint_non_spinning_reserves_lower_bound]  0.071649 seconds (90.74 k allocations: 6.121 MiB, 99.59% compilation time)
- [constraint_non_spinning_reserves_shut_down_upper_bound]  0.171503 seconds (178.27 k allocations: 11.796 MiB, 20.08% gc time, 99.67% compilation time)
- [constraint_non_spinning_reserves_start_up_upper_bound]  0.000164 seconds (264 allocations: 24.703 KiB)
- [constraint_operating_point_bounds] 21.110625 seconds (186.57 M allocations: 29.717 GiB, 36.43% gc time, 7.59% compilation time)
- [constraint_operating_point_rank]  0.609153 seconds (1.06 M allocations: 100.867 MiB, 9.21% gc time, 90.72% compilation time)
- [constraint_ramp_down]  2.423035 seconds (4.72 M allocations: 374.106 MiB, 8.59% gc time, 84.50% compilation time)
- [constraint_ramp_up]  5.095197 seconds (2.90 M allocations: 250.814 MiB, 82.41% gc time, 12.89% compilation time)
- [constraint_ratio_out_in_connection_intact_flow]  0.093772 seconds (82.04 k allocations: 5.575 MiB, 99.67% compilation time)
- [constraint_storage_lifetime] 15.511611 seconds (19.13 M allocations: 1.909 GiB, 88.08% gc time, 32.79% compilation time)
- [constraint_storage_line_pack]  0.106614 seconds (64.69 k allocations: 4.606 MiB, 99.84% compilation time)
- [constraint_storages_invested_available]  0.275295 seconds (286.33 k allocations: 19.561 MiB, 99.68% compilation time)
- [constraint_storages_invested_transition]  0.352005 seconds (258.50 k allocations: 18.185 MiB, 99.48% compilation time)
- [constraint_unit_flow_capacity]  2.205922 seconds (7.28 M allocations: 546.954 MiB, 19.15% gc time, 58.06% compilation time)
- [constraint_unit_flow_op_bounds]  1.182445 seconds (2.74 M allocations: 225.086 MiB, 34.62% gc time, 48.24% compilation time)
- [constraint_unit_flow_op_rank]  4.449009 seconds (2.20 M allocations: 190.520 MiB, 82.10% gc time, 13.37% compilation time)
- [constraint_unit_flow_op_sum]  0.630927 seconds (724.61 k allocations: 54.088 MiB, 6.29% gc time, 98.09% compilation time)
- [constraint_unit_lifetime] 69.163053 seconds (79.03 M allocations: 8.081 GiB, 93.06% gc time, 1.12% compilation time)
- [constraint_unit_state_transition]  0.759895 seconds (1.16 M allocations: 88.218 MiB, 9.57% gc time, 92.17% compilation time)
- [constraint_units_available]  1.925770 seconds (8.92 M allocations: 632.747 MiB, 21.96% gc time, 50.97% compilation time)
- [constraint_units_invested_available]  0.144374 seconds (101.11 k allocations: 6.991 MiB, 99.45% compilation time)
- [constraint_units_invested_transition]  0.708052 seconds (341.00 k allocations: 23.637 MiB, 36.36% gc time, 99.66% compilation time)
- [constraint_units_out_of_service_contiguity]  0.103558 seconds (54.28 k allocations: 3.833 MiB, 99.86% compilation time)
- [constraint_units_out_of_service_transition]  0.077947 seconds (81.74 k allocations: 5.718 MiB, 99.67% compilation time)
- [constraint_user_constraint]ERROR: LoadError: MethodError: no method matching isfinite(::Vector{Float64})
Closest candidates are:
  isfinite(::BigFloat)
   @ Base mpfr.jl:986
  isfinite(::Missing)
   @ Base missing.jl:101
  isfinite(::Complex)
   @ Base complex.jl:150
  ...
Stacktrace:
  [1] _realize_finite(x::SpineInterface.Call, upd::SpineInterface._ConstraintCoefficientUpdate)
    @ SpineInterface C:\Users\jfg.eco\.julia\packages\SpineInterface\Hd2BB\src\update_model.jl:429
  [2] (::SpineInterface.var"#404#405"{Base.RefValue{JuMP.ConstraintRef}})(::Pair{JuMP.VariableRef, SpineInterface.Call})
    @ SpineInterface .\none:0
  [3] iterate
    @ .\generator.jl:47 [inlined]
  [4] OrderedCollections.OrderedDict{JuMP.VariableRef, Float64}(kv::Base.Generator{OrderedCollections.OrderedDict{JuMP.VariableRef, SpineInterface.Call}, SpineInterface.var"#404#405"{Base.RefValue{JuMP.ConstraintRef}}})
    @ OrderedCollections C:\Users\jfg.eco\.julia\packages\OrderedCollections\Xihhq\src\ordered_dict.jl:28
  [5] realize(e::JuMP.GenericAffExpr{SpineInterface.Call, JuMP.VariableRef}, model_or_con_ref::Base.RefValue{JuMP.ConstraintRef})
    @ SpineInterface C:\Users\jfg.eco\.julia\packages\SpineInterface\Hd2BB\src\update_model.jl:421
  [6] add_constraint(model::JuMP.Model, con::JuMP.ScalarConstraint{JuMP.GenericAffExpr{SpineInterface.Call, JuMP.VariableRef}, SpineInterface._EqualToCall}, name::String)
    @ SpineInterface C:\Users\jfg.eco\.julia\packages\SpineInterface\Hd2BB\src\update_model.jl:388
  [7] add_constraint(model::JuMP.Model, con::JuMP.ScalarConstraint{JuMP.GenericAffExpr{SpineInterface.Call, JuMP.VariableRef}, SpineInterface._EqualToCall})
    @ SpineInterface C:\Users\jfg.eco\.julia\packages\SpineInterface\Hd2BB\src\update_model.jl:387
  [8] _broadcast_getindex_evalf
    @ .\broadcast.jl:709 [inlined]
  [9] _broadcast_getindex
    @ .\broadcast.jl:682 [inlined]
 [10] getindex
    @ .\broadcast.jl:636 [inlined]
 [11] copyto_nonleaf!(dest::Vector{JuMP.ConstraintRef{JuMP.Model, MathOptInterface.ConstraintIndex{MathOptInterface.ScalarAffineFunction{Float64}, MathOptInterface.EqualTo{Float64}}, JuMP.ScalarShape}}, bc::Base.Broadcast.Broadcasted{Base.Broadcast.DefaultArrayStyle{1}, Tuple{Base.OneTo{Int64}}, typeof(JuMP.add_constraint), Tuple{Base.RefValue{JuMP.Model}, Base.Broadcast.Extruded{Vector{Any}, Tuple{Bool}, Tuple{Int64}}}}, iter::Base.OneTo{Int64}, state::Int64, count::Int64)
    @ Base.Broadcast .\broadcast.jl:1098
 [12] copy
    @ .\broadcast.jl:950 [inlined]
 [13] materialize
    @ .\broadcast.jl:903 [inlined]
 [14] _add_constraint!(m::JuMP.Model, name::Symbol, indices::typeof(SpineOpt.constraint_user_constraint_indices), build_constraint::Function)
    @ SpineOpt C:\Users\jfg.eco\.julia\packages\SpineOpt\HEhN7\src\constraints\constraint_common.jl:28
 [15] add_constraint_user_constraint!
    @ C:\Users\jfg.eco\.julia\packages\SpineOpt\HEhN7\src\constraints\constraint_user_constraint.jl:62 [inlined]
 [16] macro expansion
    @ .\timing.jl:279 [inlined]
 [17] (::SpineOpt.var"#192#194"{JuMP.Model, typeof(SpineOpt.add_constraint_user_constraint!)})()
    @ SpineOpt C:\Users\jfg.eco\.julia\packages\SpineOpt\HEhN7\src\util\misc.jl:60
 [18] (::Base.RedirectStdStream)(thunk::SpineOpt.var"#192#194"{JuMP.Model, typeof(SpineOpt.add_constraint_user_constraint!)}, stream::Pipe)
    @ Base .\stream.jl:1429
 [19] macro expansion
    @ C:\Users\jfg.eco\.julia\packages\SpineOpt\HEhN7\src\util\misc.jl:59 [inlined]
 [20] _add_constraints!(m::JuMP.Model; log_level::Int64)
    @ SpineOpt C:\Users\jfg.eco\.julia\packages\SpineOpt\HEhN7\src\run_spineopt_basic.jl:238
 [21] _add_constraints!
    @ C:\Users\jfg.eco\.julia\packages\SpineOpt\HEhN7\src\run_spineopt_basic.jl:158 [inlined]
 [22] macro expansion
    @ .\timing.jl:279 [inlined]
 [23] (::SpineOpt.var"#161#177"{Int64, JuMP.Model})()
    @ SpineOpt C:\Users\jfg.eco\.julia\packages\SpineOpt\HEhN7\src\util\misc.jl:60
 [24] (::Base.RedirectStdStream)(thunk::SpineOpt.var"#161#177"{Int64, JuMP.Model}, stream::Pipe)
    @ Base .\stream.jl:1429
 [25] macro expansion
    @ C:\Users\jfg.eco\.julia\packages\SpineOpt\HEhN7\src\util\misc.jl:59 [inlined]
 [26] build_model!(m::JuMP.Model; log_level::Int64)
    @ SpineOpt C:\Users\jfg.eco\.julia\packages\SpineOpt\HEhN7\src\run_spineopt_basic.jl:87
 [27] build_model!
    @ C:\Users\jfg.eco\.julia\packages\SpineOpt\HEhN7\src\run_spineopt_basic.jl:73 [inlined]
 [28] do_run_spineopt!(m::JuMP.Model, url_out::String, ::Val{:basic_algorithm}; log_level::Int64, optimize::Bool, update_names::Bool, alternative::String, write_as_roll::Int64, resume_file_path::Nothing)
    @ SpineOpt C:\Users\jfg.eco\.julia\packages\SpineOpt\HEhN7\src\run_spineopt_basic.jl:32
 [29] #invokelatest#2
    @ .\essentials.jl:894 [inlined]
 [30] invokelatest
    @ .\essentials.jl:889 [inlined]
 [31] run_spineopt!(m::JuMP.Model, url_out::String; log_level::Int64, optimize::Bool, update_names::Bool, alternative::String, write_as_roll::Int64, resume_file_path::Nothing)
    @ SpineOpt C:\Users\jfg.eco\.julia\packages\SpineOpt\HEhN7\src\run_spineopt.jl:369
 [32] run_spineopt!
    @ C:\Users\jfg.eco\.julia\packages\SpineOpt\HEhN7\src\run_spineopt.jl:358 [inlined]
 [33] _run_spineopt(f::SpineOpt.var"#64#65", url_in::String, url_out::String; upgrade::Bool, filters::Dict{String, String}, templates::Tuple{}, mip_solver::Nothing, lp_solver::Nothing, use_direct_model::Bool, use_model_names::Bool, add_bridges::Bool, log_level::Int64, alternative::String, kwargs::@Kwargs{optimize::Bool, update_names::Bool, write_as_roll::Int64, resume_file_path::Nothing})
    @ SpineOpt C:\Users\jfg.eco\.julia\packages\SpineOpt\HEhN7\src\run_spineopt.jl:162
 [34] _run_spineopt
    @ C:\Users\jfg.eco\.julia\packages\SpineOpt\HEhN7\src\run_spineopt.jl:126 [inlined]
 [35] #67
    @ C:\Users\jfg.eco\.julia\packages\SpineOpt\HEhN7\src\run_spineopt.jl:104 [inlined]
 [36] _log_to_file
    @ C:\Users\jfg.eco\.julia\packages\SpineOpt\HEhN7\src\util\misc.jl:246 [inlined]
 [37] #run_spineopt#66
    @ C:\Users\jfg.eco\.julia\packages\SpineOpt\HEhN7\src\run_spineopt.jl:103 [inlined]
 [38] run_spineopt
    @ C:\Users\jfg.eco\.julia\packages\SpineOpt\HEhN7\src\run_spineopt.jl:83 [inlined]
 [39] #run_spineopt#63
    @ C:\Users\jfg.eco\.julia\packages\SpineOpt\HEhN7\src\run_spineopt.jl:67 [inlined]
 [40] run_spineopt(url_in::String, url_out::String)
    @ SpineOpt C:\Users\jfg.eco\.julia\packages\SpineOpt\HEhN7\src\run_spineopt.jl:66
 [41] top-level scope
    @ C:\Users\jfg.eco\.spinetoolbox\work\run_spineopt__44509c4f09d74de691a41cdf76256fc4__toolbox\run_spineopt.jl:3
 [42] include(fname::String)
    @ Base.MainInclude .\client.jl:494
 [43] top-level scope
    @ none:1
in expression starting at C:\Users\jfg.eco\.spinetoolbox\work\run_spineopt__44509c4f09d74de691a41cdf76256fc4__toolbox\run_spineopt.jl:3
