### Spine execution log file
### Item name: Run SpineOpt
### Filter id: 
### Part: 1

# Running julia run_spineopt.jl http://127.0.0.1:56735 http://127.0.0.1:56738
2-element Vector{String}:
 "http://127.0.0.1:56735"
 "http://127.0.0.1:56738"
Running SpineOpt...
[SpineOpt version 0.10.2 (git hash: N/A)]
[SpineInterface version 0.15.2 (git hash: N/A)]
Execution started at 2026-01-16T16:26:10.748
Reading input data from sqlite:///C:\Users\jfg.eco\Documents\Nord_H2ub\Spine_Projects\02_basic_energy_model\.spinetoolbox\items\input\Input.sqlite...
Initializing  data structure from db...  0.563464 seconds (346.79 k allocations: 47.325 MiB, 16.32% gc time, 8.97% compilation time)
Preprocessing  data structure...  0.075116 seconds (34.22 k allocations: 2.518 MiB, 53.57% compilation time)
Checking  data structure...  0.013024 seconds (5.67 k allocations: 472.375 KiB, 93.27% compilation time)
Build started at 2026-01-16T16:26:11.439
Creating model temporal structure...[ Info: the last time slice of temporal block Default_Investment_period has been cut to fit within the block
[ Info: the last time slice of temporal block daily has been cut to fit within the block
181.367865 seconds (411.47 M allocations: 20.261 GiB, 89.53% gc time, 0.01% compilation time)
Creating model stochastic structure...  6.674811 seconds (2.76 M allocations: 595.972 MiB, 94.97% gc time, 0.10% compilation time)
Adding model independent variables...
- [variable_binary_gas_connection_flow]  0.075058 seconds (2.29 M allocations: 34.941 MiB)
- [variable_connection_flow]  0.974549 seconds (10.11 M allocations: 944.455 MiB, 22.18% gc time, 6.77% compilation time)
- [variable_connection_intact_flow]  0.544349 seconds (8.51 M allocations: 783.315 MiB)
- [variable_connections_decommissioned]  0.075747 seconds (2.31 M allocations: 36.411 MiB)
- [variable_connections_invested]  0.585889 seconds (7.48 M allocations: 527.689 MiB, 31.46% gc time)
- [variable_connections_invested_available]  0.655314 seconds (7.52 M allocations: 531.624 MiB, 29.55% gc time, 1.16% compilation time)
- [variable_min_capacity_margin_slack]  0.064317 seconds (2.29 M allocations: 34.909 MiB)
- [variable_node_injection]  0.302164 seconds (5.88 M allocations: 412.558 MiB)
- [variable_node_pressure]  0.074988 seconds (2.29 M allocations: 34.912 MiB)
- [variable_node_slack_neg]  0.305441 seconds (5.64 M allocations: 352.974 MiB)
- [variable_node_slack_pos]  0.461301 seconds (5.64 M allocations: 348.726 MiB, 42.36% gc time)
- [variable_node_state]  0.155420 seconds (3.52 M allocations: 139.199 MiB, 5.10% compilation time)
- [variable_node_voltage_angle]  0.082074 seconds (2.29 M allocations: 34.911 MiB)
- [variable_nonspin_units_shut_down]  0.077307 seconds (2.29 M allocations: 34.921 MiB)
- [variable_nonspin_units_started_up]  0.074074 seconds (2.29 M allocations: 34.915 MiB)
- [variable_storages_decommissioned]  0.073247 seconds (2.29 M allocations: 35.414 MiB)
- [variable_storages_invested]  0.131658 seconds (2.86 M allocations: 124.001 MiB, 5.50% compilation time)
- [variable_storages_invested_available]  0.129494 seconds (2.86 M allocations: 123.907 MiB)
- [variable_unit_flow]  1.811686 seconds (12.77 M allocations: 1.850 GiB, 24.42% gc time, 2.72% compilation time)
- [variable_unit_flow_op]  0.193613 seconds (4.10 M allocations: 264.142 MiB)
- [variable_unit_flow_op_active]  0.242372 seconds (4.46 M allocations: 302.006 MiB)
- [variable_units_invested]  0.749341 seconds (7.35 M allocations: 499.248 MiB, 32.69% gc time)
- [variable_units_invested_available]  0.413177 seconds (7.39 M allocations: 501.931 MiB, 1.77% compilation time)
- [variable_units_mothballed]  0.069794 seconds (2.31 M allocations: 36.915 MiB)
- [variable_units_on]  0.407401 seconds (4.46 M allocations: 239.688 MiB, 50.97% gc time)
- [variable_units_out_of_service]  0.060907 seconds (2.29 M allocations: 34.907 MiB)
- [variable_units_returned_to_service]  0.060163 seconds (2.29 M allocations: 34.905 MiB)
- [variable_units_shut_down]  0.084097 seconds (2.56 M allocations: 62.900 MiB)
- [variable_units_started_up]  0.091387 seconds (2.56 M allocations: 61.771 MiB)
- [variable_units_taken_out_of_service]  0.072176 seconds (2.29 M allocations: 34.905 MiB)
- [variable_user_constraint_slack_neg]  0.072060 seconds (2.29 M allocations: 34.901 MiB)
- [variable_user_constraint_slack_pos]  0.072803 seconds (2.29 M allocations: 34.901 MiB)
  9.264584 seconds (137.75 M allocations: 8.406 GiB, 18.18% gc time, 1.57% compilation time)
Adding model dependent variables...
- [variable_connection_flow]  0.130061 seconds (1.89 M allocations: 135.130 MiB)
- [variable_unit_flow]  0.315297 seconds (4.00 M allocations: 296.297 MiB)
  0.446704 seconds (5.89 M allocations: 431.447 MiB)
Adding model expressions...
- [expression_capacity_margin]  0.000107 seconds (30 allocations: 2.609 KiB)
  0.000496 seconds (115 allocations: 7.672 KiB)
Adding model constraints...
- [constraint_candidate_connection_flow_lb]  0.000120 seconds (70 allocations: 4.188 KiB)
- [constraint_candidate_connection_flow_ub]  0.000087 seconds (71 allocations: 4.047 KiB)
- [constraint_compression_ratio]  0.000055 seconds (38 allocations: 3.453 KiB)
- [constraint_connection_flow_capacity]  1.525049 seconds (12.28 M allocations: 1.003 GiB, 26.25% gc time, 0.01% compilation time)
- [constraint_connection_flow_gas_capacity]  0.000057 seconds (41 allocations: 4.703 KiB)
- [constraint_connection_flow_intact_flow]  0.000112 seconds (39 allocations: 3.078 KiB)
- [constraint_connection_flow_lodf]  0.000092 seconds (58 allocations: 3.891 KiB)
- [constraint_connection_intact_flow_capacity]  0.000101 seconds (81 allocations: 5.234 KiB)
- [constraint_connection_intact_flow_ptdf]  0.000110 seconds (25 allocations: 2.234 KiB)
- [constraint_connection_lifetime] 72.280825 seconds (97.49 M allocations: 9.670 GiB, 92.09% gc time, 0.01% compilation time)
- [constraint_connection_unitary_gas_flow]  0.000061 seconds (38 allocations: 3.453 KiB)
- [constraint_connections_invested_available]  0.000778 seconds (1.40 k allocations: 115.016 KiB)
- [constraint_connections_invested_transition]  0.000939 seconds (5.37 k allocations: 446.156 KiB)
- [constraint_cyclic_node_state]  0.006027 seconds (1.69 k allocations: 122.594 KiB, 97.45% compilation time)
- [constraint_fix_node_pressure_point]  0.000051 seconds (39 allocations: 3.750 KiB)
- [constraint_fix_ratio_in_in_unit_flow]  0.149713 seconds (1.07 M allocations: 106.505 MiB, 25.17% gc time)
- [constraint_fix_ratio_in_out_unit_flow]  0.000320 seconds (2.05 k allocations: 189.453 KiB)
- [constraint_fix_ratio_out_in_connection_flow]  0.131936 seconds (839.99 k allocations: 68.387 MiB, 35.00% gc time, 6.60% compilation time)
- [constraint_fix_ratio_out_in_unit_flow]  0.000110 seconds (94 allocations: 19.219 KiB)
- [constraint_fix_ratio_out_out_unit_flow]  0.000243 seconds (748 allocations: 75.859 KiB)
- [constraint_investment_group_equal_investments]  0.000038 seconds (24 allocations: 2.141 KiB)
- [constraint_investment_group_maximum_capacity_invested_available]  0.000030 seconds (21 allocations: 1.812 KiB)
- [constraint_investment_group_maximum_entities_invested_available]  0.000046 seconds (21 allocations: 1.812 KiB)
- [constraint_investment_group_minimum_capacity_invested_available]  0.000033 seconds (21 allocations: 2.062 KiB)
- [constraint_investment_group_minimum_entities_invested_available]  0.000029 seconds (20 allocations: 1.766 KiB)
- [constraint_max_node_pressure]  0.000068 seconds (84 allocations: 6.508 KiB)
- [constraint_max_node_voltage_angle]  0.000059 seconds (103 allocations: 7.898 KiB)
- [constraint_max_ratio_in_in_unit_flow]  0.000082 seconds (94 allocations: 19.219 KiB)
- [constraint_max_ratio_in_out_unit_flow]  0.000074 seconds (94 allocations: 19.219 KiB)
- [constraint_max_ratio_out_in_connection_flow]  0.000058 seconds (57 allocations: 4.781 KiB)
- [constraint_max_ratio_out_in_unit_flow]  0.000060 seconds (94 allocations: 19.219 KiB)
- [constraint_max_ratio_out_out_unit_flow]  0.000065 seconds (94 allocations: 19.219 KiB)
- [constraint_max_total_cumulated_unit_flow_from_node]  0.000046 seconds (47 allocations: 4.422 KiB)
- [constraint_max_total_cumulated_unit_flow_to_node]  0.000039 seconds (42 allocations: 3.750 KiB)
- [constraint_min_capacity_margin]  0.000036 seconds (37 allocations: 2.828 KiB)
- [constraint_min_down_time]  0.697865 seconds (6.14 M allocations: 555.253 MiB, 27.42% gc time, 2.92% compilation time)
- [constraint_min_node_pressure]  0.000230 seconds (87 allocations: 11.086 KiB)
- [constraint_min_node_voltage_angle]  0.000068 seconds (102 allocations: 7.602 KiB)
- [constraint_min_ratio_in_in_unit_flow]  0.000087 seconds (95 allocations: 19.516 KiB)
- [constraint_min_ratio_in_out_unit_flow]  0.000071 seconds (94 allocations: 19.219 KiB)
- [constraint_min_ratio_out_in_connection_flow]  0.000059 seconds (56 allocations: 4.484 KiB)
- [constraint_min_ratio_out_in_unit_flow]  0.000058 seconds (95 allocations: 19.516 KiB)
- [constraint_min_ratio_out_out_unit_flow]  0.000044 seconds (94 allocations: 19.219 KiB)
- [constraint_min_scheduled_outage_duration]  0.000038 seconds (29 allocations: 2.312 KiB)
- [constraint_min_total_cumulated_unit_flow_from_node]  0.000042 seconds (47 allocations: 4.422 KiB)
- [constraint_min_total_cumulated_unit_flow_to_node]  0.000026 seconds (42 allocations: 3.750 KiB)
- [constraint_min_up_time]  0.070033 seconds (730.84 k allocations: 52.735 MiB, 24.86% gc time)
- [constraint_minimum_operating_point]  0.119540 seconds (939.28 k allocations: 85.382 MiB, 27.42% gc time)
- [constraint_nodal_balance]  0.357198 seconds (3.23 M allocations: 275.827 MiB, 32.78% gc time)
- [constraint_node_injection]  4.892164 seconds (15.72 M allocations: 1.104 GiB, 76.09% gc time, 0.10% compilation time)
- [constraint_node_state_capacity]  2.872466 seconds (1.87 M allocations: 144.158 MiB, 94.61% gc time)
- [constraint_node_voltage_angle]  0.000043 seconds (28 allocations: 2.250 KiB)
- [constraint_non_spinning_reserves_lower_bound]  0.000092 seconds (255 allocations: 23.812 KiB)
- [constraint_non_spinning_reserves_shut_down_upper_bound]  0.000096 seconds (265 allocations: 25.000 KiB)
- [constraint_non_spinning_reserves_start_up_upper_bound]  0.000100 seconds (264 allocations: 24.703 KiB)
- [constraint_operating_point_bounds] 15.997941 seconds (185.01 M allocations: 29.612 GiB, 35.34% gc time)
- [constraint_operating_point_rank]  0.052808 seconds (409.23 k allocations: 56.670 MiB, 46.73% gc time)
- [constraint_ramp_down]  0.330236 seconds (2.47 M allocations: 224.594 MiB, 30.37% gc time, 10.05% compilation time)
- [constraint_ramp_up]  0.293844 seconds (2.49 M allocations: 225.259 MiB, 34.50% gc time)
- [constraint_ratio_out_in_connection_intact_flow]  0.000088 seconds (39 allocations: 3.078 KiB)
- [constraint_storage_lifetime] 14.618739 seconds (17.92 M allocations: 1.828 GiB, 93.37% gc time, 0.05% compilation time)
- [constraint_storage_line_pack]  0.000060 seconds (39 allocations: 3.500 KiB)
- [constraint_storages_invested_available]  0.000363 seconds (533 allocations: 46.500 KiB)
- [constraint_storages_invested_transition]  0.000484 seconds (1.48 k allocations: 141.156 KiB)
- [constraint_unit_flow_capacity]  0.627078 seconds (5.82 M allocations: 447.614 MiB, 32.07% gc time)
- [constraint_unit_flow_op_bounds]  3.266448 seconds (2.27 M allocations: 192.071 MiB, 94.67% gc time, 0.27% compilation time)
- [constraint_unit_flow_op_rank]  0.197304 seconds (1.80 M allocations: 163.495 MiB, 34.66% gc time)
- [constraint_unit_flow_op_sum]  0.045967 seconds (126.50 k allocations: 13.876 MiB, 79.53% gc time)
- [constraint_unit_lifetime] 57.920436 seconds (78.11 M allocations: 8.019 GiB, 92.84% gc time)
- [constraint_unit_state_transition]  0.020448 seconds (301.25 k allocations: 29.755 MiB)
- [constraint_units_available]  0.846143 seconds (7.62 M allocations: 542.292 MiB, 31.37% gc time)
- [constraint_units_invested_available]  0.000745 seconds (1.83 k allocations: 149.391 KiB)
- [constraint_units_invested_transition]  0.001433 seconds (8.01 k allocations: 633.859 KiB)
- [constraint_units_out_of_service_contiguity]  0.000039 seconds (29 allocations: 2.312 KiB)
- [constraint_units_out_of_service_transition]  0.000053 seconds (46 allocations: 3.312 KiB)
- [constraint_user_constraint]  3.750645 seconds (4.62 M allocations: 398.944 MiB, 83.31% gc time, 5.60% compilation time)
183.934855 seconds (460.58 M allocations: 55.525 GiB, 83.92% gc time, 1.14% compilation time)
Setting model objective...  9.779758 seconds (12.61 M allocations: 901.183 MiB, 36.36% gc time, 90.26% compilation time)
Build complete. Started at 2026-01-16T16:26:11.439, ended at 2026-01-16T16:32:43.297, elapsed time: 6 minutes, 31 seconds, 858 milliseconds
Solve started at 2026-01-16T16:32:43.474
Bringing model to the first window... 14.406452 seconds (38.93 M allocations: 2.813 GiB, 73.10% gc time, 12.02% compilation time)
model - window 1 of 12: 2019-01-01T00:00~(4 weeks, 2 days, 10 hours)~>2019-01-31T10:00
Optimizing model...Running HiGHS 1.11.0 (git hash: 364c83a51e): Copyright (c) 2025 HiGHS under MIT licence terms
MIP  has 83330 rows; 90329 cols; 227281 nonzeros; 2287 integer variables (0 binary)
Coefficient ranges:
  Matrix [6e-03, 1e+05]
  Cost   [1e-03, 2e+09]
  Bound  [1e+00, 1e+03]
  RHS    [1e+00, 1e+02]
Presolving model
44270 rows, 49453 cols, 157738 nonzeros  0s
33206 rows, 38598 cols, 139266 nonzeros  0s
29363 rows, 36314 cols, 135547 nonzeros  0s
Solving MIP model with:
   29363 rows
   36314 cols (1777 binary, 0 integer, 0 implied int., 34537 continuous, 0 domain fixed)
   135547 nonzeros
Src: B => Branching; C => Central rounding; F => Feasibility pump; J => Feasibility jump;
     H => Heuristic; L => Sub-MIP; P => Empty MIP; R => Randomized rounding; Z => ZI Round;
     I => Shifting; S => Solve LP; T => Evaluate node; U => Unbounded; X => User solution;
     z => Trivial zero; l => Trivial lower; u => Trivial upper; p => Trivial point
        Nodes      |    B&B Tree     |            Objective Bounds              |  Dynamic Constraints |       Work
Src  Proc. InQueue |  Leaves   Expl. | BestBound       BestSol              Gap |   Cuts   InLp Confl. | LpIters     Time
         0       0         0   0.00%   -50304911.22152 inf                  inf        0      0      0         0     1.1s
         0       0         0   0.00%   3.38555315e+12  inf                  inf        0      0      2     67877    26.3s
         0       0         0   0.00%   3.38555315e+12  inf                  inf        0      0      2     67877    26.3s
Solving report
  Status            Interrupted by user
  Primal bound      inf
  Dual bound        3.38555315295e+12
  Gap               inf
  P-D integral      0
  Solution status   -
  Timing            26.33 (total)
                    0.00 (presolve)
                    0.00 (solve)
                    0.00 (postsolve)
  Max sub-MIP depth 0
  Nodes             0
  Repair LPs        0 (0 feasible; 0 iterations)
  LP iterations     67877 (total)
                    0 (strong br.)
                    0 (separation)
                    0 (heuristics)
 27.766142 seconds (1.43 M allocations: 145.294 MiB, 1.46% gc time, 3.32% compilation time)
Unable to find solution for model (reason: INTERRUPTED)
InterruptException:
Stacktrace:
  [1] write_parameters(parameters::Dict{Any, Any}, url::String; upgrade::Bool, for_object::Bool, report::String, alternative::String, on_conflict::String, comment::String)
    @ SpineInterface C:\Users\jfg.eco\.julia\packages\SpineInterface\Hd2BB\src\api\db.jl:339
  [2] macro expansion
    @ C:\Users\jfg.eco\.julia\packages\SpineOpt\HEhN7\src\run_spineopt_basic.jl:1211 [inlined]
  [3] macro expansion
    @ .\timing.jl:279 [inlined]
  [4] (::SpineOpt.var"#378#380"{String, Dict{Any, Any}, String})()
    @ SpineOpt C:\Users\jfg.eco\.julia\packages\SpineOpt\HEhN7\src\util\misc.jl:60
  [5] (::Base.RedirectStdStream)(thunk::SpineOpt.var"#378#380"{String, Dict{Any, Any}, String}, stream::Pipe)
    @ Base .\stream.jl:1429
  [6] macro expansion
    @ C:\Users\jfg.eco\.julia\packages\SpineOpt\HEhN7\src\util\misc.jl:59 [inlined]
  [7] write_report(reports_by_output::Dict{Any, Any}, url_out::String, values::Dict{Any, Any}; alternative::String, log_level::Int64)
    @ SpineOpt C:\Users\jfg.eco\.julia\packages\SpineOpt\HEhN7\src\run_spineopt_basic.jl:1210
  [8] write_report(m::JuMP.Model, url_out::String; alternative::String, log_level::Int64)
    @ SpineOpt C:\Users\jfg.eco\.julia\packages\SpineOpt\HEhN7\src\run_spineopt_basic.jl:1190
  [9] write_report
    @ C:\Users\jfg.eco\.julia\packages\SpineOpt\HEhN7\src\run_spineopt_basic.jl:1168 [inlined]
 [10] do_run_spineopt!(m::JuMP.Model, url_out::String, ::Val{:basic_algorithm}; log_level::Int64, optimize::Bool, update_names::Bool, alternative::String, write_as_roll::Int64, resume_file_path::Nothing)
    @ SpineOpt C:\Users\jfg.eco\.julia\packages\SpineOpt\HEhN7\src\run_spineopt_basic.jl:39
 [11] #invokelatest#2
    @ .\essentials.jl:894 [inlined]
 [12] invokelatest
    @ .\essentials.jl:889 [inlined]
 [13] run_spineopt!(m::JuMP.Model, url_out::String; log_level::Int64, optimize::Bool, update_names::Bool, alternative::String, write_as_roll::Int64, resume_file_path::Nothing)
    @ SpineOpt C:\Users\jfg.eco\.julia\packages\SpineOpt\HEhN7\src\run_spineopt.jl:369
 [14] run_spineopt!
    @ C:\Users\jfg.eco\.julia\packages\SpineOpt\HEhN7\src\run_spineopt.jl:358 [inlined]
 [15] _run_spineopt(f::SpineOpt.var"#64#65", url_in::String, url_out::String; upgrade::Bool, filters::Dict{String, String}, templates::Tuple{}, mip_solver::Nothing, lp_solver::Nothing, use_direct_model::Bool, use_model_names::Bool, add_bridges::Bool, log_level::Int64, alternative::String, kwargs::@Kwargs{optimize::Bool, update_names::Bool, write_as_roll::Int64, resume_file_path::Nothing})
    @ SpineOpt C:\Users\jfg.eco\.julia\packages\SpineOpt\HEhN7\src\run_spineopt.jl:162
 [16] _run_spineopt
    @ C:\Users\jfg.eco\.julia\packages\SpineOpt\HEhN7\src\run_spineopt.jl:126 [inlined]
 [17] #67
    @ C:\Users\jfg.eco\.julia\packages\SpineOpt\HEhN7\src\run_spineopt.jl:104 [inlined]
 [18] _log_to_file
    @ C:\Users\jfg.eco\.julia\packages\SpineOpt\HEhN7\src\util\misc.jl:246 [inlined]
 [19] #run_spineopt#66
    @ C:\Users\jfg.eco\.julia\packages\SpineOpt\HEhN7\src\run_spineopt.jl:103 [inlined]
 [20] run_spineopt
    @ C:\Users\jfg.eco\.julia\packages\SpineOpt\HEhN7\src\run_spineopt.jl:83 [inlined]
 [21] #run_spineopt#63
    @ C:\Users\jfg.eco\.julia\packages\SpineOpt\HEhN7\src\run_spineopt.jl:67 [inlined]
 [22] run_spineopt(url_in::String, url_out::String)
    @ SpineOpt C:\Users\jfg.eco\.julia\packages\SpineOpt\HEhN7\src\run_spineopt.jl:66
 [23] top-level scope
    @ C:\Users\jfg.eco\.spinetoolbox\work\run_spineopt__7a8904e9dc654a8997876f341aee0bcd__toolbox\run_spineopt.jl:3
 [24] include(fname::String)
    @ Base.MainInclude .\client.jl:494
 [25] top-level scope
    @ none:1
 [26] eval(m::Module, e::Any)
    @ Core .\boot.jl:385
 [27] top-level scope
    @ none:1
 [28] eval
    @ .\boot.jl:385 [inlined]
 [29] eval_user_input(errio::IOContext{Base.PipeEndpoint}, ast::Any, show_value::Bool)
    @ Base .\client.jl:146
 [30] run_main_repl(interactive::Bool, quiet::Bool, banner::Bool, history_file::Bool, color_set::Bool)
    @ Base .\client.jl:475
 [31] exec_options(opts::Base.JLOptions)
    @ Base .\client.jl:338
 [32] _start()
    @ Base .\client.jl:557Execution complete. Started at 2026-01-16T16:26:10.748, ended at 2026-01-16T16:33:29.190, elapsed time: 7 minutes, 18 seconds, 442 milliseconds
Writing report to sqlite:///C:\Users\jfg.eco\Documents\Nord_H2ub\Spine_Projects\02_basic_energy_model\.spinetoolbox\items\outputtest\OutputTest.sqlite?spinedbfilter=cfg%3Aexecution%3A%7B%22execution_item%22%3A+%22Run+SpineOpt%22%2C+%22scenarios%22%3A+%5B%5D%2C+%22timestamp%22%3A+%222026-01-16T16%3A26%3A08%22%7D...ERROR: LoadError: InterruptException:
Stacktrace:
  [1] (::JSON.Writer.var"#5#6"{JSON.Writer.CompactContext{IOBuffer}, SpineInterface._TailSerialization, Vector{Any}})()
    @ JSON.Writer C:\Users\jfg.eco\.julia\packages\JSON\93Ea8\src\Writer.jl:326
  [2] recursive_cycle_check(f::JSON.Writer.var"#5#6"{JSON.Writer.CompactContext{IOBuffer}, SpineInterface._TailSerialization, Vector{Any}}, io::JSON.Writer.CompactContext{IOBuffer}, s::SpineInterface._TailSerialization, id::UInt64)
    @ JSON.Writer C:\Users\jfg.eco\.julia\packages\JSON\93Ea8\src\Writer.jl:291
  [3] show_json
    @ C:\Users\jfg.eco\.julia\packages\JSON\93Ea8\src\Writer.jl:323 [inlined]
  [4] #show_json#9
    @ C:\Users\jfg.eco\.julia\packages\JSON\93Ea8\src\Writer.jl:359 [inlined]
  [5] show_json(io::IOBuffer, s::SpineInterface._TailSerialization, obj::Vector{Any})
    @ JSON.Writer C:\Users\jfg.eco\.julia\packages\JSON\93Ea8\src\Writer.jl:357
  [6] sprint(::Function, ::SpineInterface._TailSerialization, ::Vararg{Any}; context::Nothing, sizehint::Int64)
    @ Base .\strings\io.jl:114
  [7] sprint
    @ .\strings\io.jl:107 [inlined]
  [8] _encode(obj::Vector{Any})
    @ SpineInterface C:\Users\jfg.eco\.julia\packages\SpineInterface\Hd2BB\src\api\db.jl:722
  [9] _do_run_server_request(server_uri::URIs.URI, full_request::Vector{Any}; timeout::Float64)
    @ SpineInterface C:\Users\jfg.eco\.julia\packages\SpineInterface\Hd2BB\src\api\db.jl:693
 [10] _do_run_server_request
    @ C:\Users\jfg.eco\.julia\packages\SpineInterface\Hd2BB\src\api\db.jl:691 [inlined]
 [11] _run_server_request(server_uri::URIs.URI, request::String, args::Tuple{Dict{String, Any}, String}, kwargs::Dict{Any, Any})
    @ SpineInterface C:\Users\jfg.eco\.julia\packages\SpineInterface\Hd2BB\src\api\db.jl:679
 [12] _run_server_request(db::URIs.URI, request::String, args::Tuple{Dict{String, Any}, String})
    @ SpineInterface C:\Users\jfg.eco\.julia\packages\SpineInterface\Hd2BB\src\api\db.jl:662
 [13] _import_data(db::URIs.URI, data::Dict{Symbol, Any}, comment::String)
    @ SpineInterface C:\Users\jfg.eco\.julia\packages\SpineInterface\Hd2BB\src\api\db.jl:631
 [14] #176
    @ C:\Users\jfg.eco\.julia\packages\SpineInterface\Hd2BB\src\api\db.jl:476 [inlined]
 [15] _db(f::SpineInterface.var"#176#177"{Dict{Symbol, Any}, String}, url::String; upgrade::Bool)
    @ SpineInterface C:\Users\jfg.eco\.julia\packages\SpineInterface\Hd2BB\src\api\db.jl:544
 [16] _db
    @ C:\Users\jfg.eco\.julia\packages\SpineInterface\Hd2BB\src\api\db.jl:541 [inlined]
 [17] #import_data#175
    @ C:\Users\jfg.eco\.julia\packages\SpineInterface\Hd2BB\src\api\db.jl:475 [inlined]
 [18] import_data
    @ C:\Users\jfg.eco\.julia\packages\SpineInterface\Hd2BB\src\api\db.jl:474 [inlined]
 [19] write_parameters(parameters::Dict{Symbol, Dict{@NamedTuple{model::SpineInterface.Object}, SpineInterface.Map{Symbol, Any}}}, url::String; upgrade::Bool, for_object::Bool, report::String, alternative::String, on_conflict::String, comment::String)
    @ SpineInterface C:\Users\jfg.eco\.julia\packages\SpineInterface\Hd2BB\src\api\db.jl:350
 [20] _run_spineopt(f::SpineOpt.var"#64#65", url_in::String, url_out::String; upgrade::Bool, filters::Dict{String, String}, templates::Tuple{}, mip_solver::Nothing, lp_solver::Nothing, use_direct_model::Bool, use_model_names::Bool, add_bridges::Bool, log_level::Int64, alternative::String, kwargs::@Kwargs{optimize::Bool, update_names::Bool, write_as_roll::Int64, resume_file_path::Nothing})
    @ SpineOpt C:\Users\jfg.eco\.julia\packages\SpineOpt\HEhN7\src\run_spineopt.jl:209
 [21] _run_spineopt
    @ C:\Users\jfg.eco\.julia\packages\SpineOpt\HEhN7\src\run_spineopt.jl:126 [inlined]
 [22] #67
    @ C:\Users\jfg.eco\.julia\packages\SpineOpt\HEhN7\src\run_spineopt.jl:104 [inlined]
 [23] _log_to_file
    @ C:\Users\jfg.eco\.julia\packages\SpineOpt\HEhN7\src\util\misc.jl:246 [inlined]
 [24] #run_spineopt#66
    @ C:\Users\jfg.eco\.julia\packages\SpineOpt\HEhN7\src\run_spineopt.jl:103 [inlined]
 [25] run_spineopt
    @ C:\Users\jfg.eco\.julia\packages\SpineOpt\HEhN7\src\run_spineopt.jl:83 [inlined]
 [26] #run_spineopt#63
    @ C:\Users\jfg.eco\.julia\packages\SpineOpt\HEhN7\src\run_spineopt.jl:67 [inlined]
 [27] run_spineopt(url_in::String, url_out::String)
    @ SpineOpt C:\Users\jfg.eco\.julia\packages\SpineOpt\HEhN7\src\run_spineopt.jl:66
 [28] top-level scope
    @ C:\Users\jfg.eco\.spinetoolbox\work\run_spineopt__7a8904e9dc654a8997876f341aee0bcd__toolbox\run_spineopt.jl:3
 [29] include(fname::String)
    @ Base.MainInclude .\client.jl:494
 [30] top-level scope
    @ none:1
in expression starting at C:\Users\jfg.eco\.spinetoolbox\work\run_spineopt__7a8904e9dc654a8997876f341aee0bcd__toolbox\run_spineopt.jl:3
