### Spine execution log file
### Item name: Run SpineOpt
### Filter id: 
### Part: 1

# Running julia run_spineopt.jl http://127.0.0.1:53567 http://127.0.0.1:53570
2-element Vector{String}:
 "http://127.0.0.1:53567"
 "http://127.0.0.1:53570"
Running SpineOpt...
[SpineOpt version 0.10.2 (git hash: N/A)]
[SpineInterface version 0.15.2 (git hash: N/A)]
Execution started at 2026-02-02T17:00:44.467
Reading input data from sqlite:///C:\Users\jfg.eco\Documents\Nord_H2ub\Spine_Projects\02_basic_energy_model\.spinetoolbox\items\input\Input.sqlite...
Initializing  data structure from db...  4.388632 seconds (401.52 k allocations: 56.746 MiB, 91.30% gc time)
Preprocessing  data structure...  0.061291 seconds (38.82 k allocations: 2.957 MiB, 52.49% compilation time)
Checking  data structure...  0.010800 seconds (6.17 k allocations: 523.781 KiB, 92.06% compilation time)
Build started at 2026-02-02T17:00:48.953
Creating model temporal structure...[ Info: the last time slice of temporal block Default_Investment_period has been cut to fit within the block
[ Info: the last time slice of temporal block daily has been cut to fit within the block
246.628240 seconds (433.57 M allocations: 20.831 GiB, 92.25% gc time, 0.01% compilation time)
Creating model stochastic structure... 15.963019 seconds (2.80 M allocations: 600.308 MiB, 98.14% gc time, 0.04% compilation time)
Adding model independent variables...
- [variable_binary_gas_connection_flow]  0.389511 seconds (2.33 M allocations: 35.611 MiB, 84.84% gc time)
- [variable_connection_flow]  3.618524 seconds (2.98 M allocations: 112.783 MiB, 95.72% gc time, 1.76% compilation time)
- [variable_connection_intact_flow]  0.135280 seconds (2.88 M allocations: 100.128 MiB, 37.54% gc time)
- [variable_connections_decommissioned]  0.078734 seconds (2.34 M allocations: 36.350 MiB, 25.82% gc time)
- [variable_connections_invested]  9.314671 seconds (20.61 M allocations: 1.676 GiB, 88.78% gc time)
- [variable_connections_invested_available] 12.906272 seconds (21.51 M allocations: 1.723 GiB, 91.41% gc time, 0.06% compilation time)
- [variable_min_capacity_margin_slack]  0.059368 seconds (2.33 M allocations: 35.578 MiB)
- [variable_node_injection]  0.122580 seconds (2.62 M allocations: 65.269 MiB, 37.81% gc time)
- [variable_node_pressure]  0.082811 seconds (2.33 M allocations: 35.581 MiB, 24.35% gc time)
- [variable_node_slack_neg]  0.098545 seconds (2.62 M allocations: 62.404 MiB, 24.50% gc time)
- [variable_node_slack_pos]  0.129157 seconds (2.62 M allocations: 62.407 MiB, 35.61% gc time)
- [variable_node_state]  0.122378 seconds (2.40 M allocations: 41.603 MiB, 23.91% gc time, 6.02% compilation time)
- [variable_node_voltage_angle]  0.057705 seconds (2.33 M allocations: 35.580 MiB)
- [variable_nonspin_units_shut_down]  0.085016 seconds (2.33 M allocations: 35.591 MiB, 36.07% gc time)
- [variable_nonspin_units_started_up]  0.077286 seconds (2.33 M allocations: 35.586 MiB, 29.24% gc time)
- [variable_storages_decommissioned]  0.078641 seconds (2.33 M allocations: 35.756 MiB, 28.45% gc time)
- [variable_storages_invested]  0.293099 seconds (4.37 M allocations: 254.477 MiB, 34.87% gc time, 2.34% compilation time)
- [variable_storages_invested_available]  0.659963 seconds (4.37 M allocations: 254.489 MiB, 66.99% gc time)
- [variable_unit_flow]  3.837765 seconds (3.19 M allocations: 218.078 MiB, 94.27% gc time, 1.31% compilation time)
- [variable_unit_flow_op]  0.081079 seconds (2.45 M allocations: 50.779 MiB, 16.15% gc time)
- [variable_unit_flow_op_active]  0.182384 seconds (2.47 M allocations: 53.232 MiB, 40.06% gc time)
- [variable_units_invested]182.592868 seconds (21.85 M allocations: 1.731 GiB, 99.26% gc time)
- [variable_units_invested_available] 18.623441 seconds (22.79 M allocations: 1.782 GiB, 91.53% gc time, 0.09% compilation time)
- [variable_units_mothballed]  0.204583 seconds (2.34 M allocations: 36.705 MiB, 33.82% gc time)
- [variable_units_on]  0.230858 seconds (2.65 M allocations: 65.069 MiB, 30.54% gc time)
- [variable_units_out_of_service]  0.131569 seconds (2.33 M allocations: 35.580 MiB, 25.82% gc time)
- [variable_units_returned_to_service]  0.169011 seconds (2.33 M allocations: 35.577 MiB, 32.25% gc time)
- [variable_units_shut_down]  0.094710 seconds (2.36 M allocations: 38.094 MiB, 26.51% gc time)
- [variable_units_started_up]  0.112727 seconds (2.35 M allocations: 37.411 MiB, 31.93% gc time)
- [variable_units_taken_out_of_service]  0.159557 seconds (2.33 M allocations: 35.578 MiB, 33.36% gc time)
- [variable_user_constraint_slack_neg]  0.085257 seconds (2.33 M allocations: 35.569 MiB)
- [variable_user_constraint_slack_pos]  0.118279 seconds (2.33 M allocations: 35.569 MiB, 33.87% gc time)
234.961197 seconds (159.72 M allocations: 8.783 GiB, 96.65% gc time, 0.06% compilation time)
Adding model dependent variables...
- [variable_connection_flow]  0.009153 seconds (96.74 k allocations: 8.551 MiB)
- [variable_unit_flow]  0.039565 seconds (161.46 k allocations: 14.310 MiB, 65.38% gc time)
  0.049781 seconds (258.50 k allocations: 22.881 MiB, 51.96% gc time)
Adding model expressions...
- [expression_capacity_margin]  0.000053 seconds (33 allocations: 2.797 KiB)
  0.000493 seconds (122 allocations: 7.953 KiB)
Adding model constraints...
- [constraint_candidate_connection_flow_lb]  0.000143 seconds (70 allocations: 4.203 KiB)
- [constraint_candidate_connection_flow_ub]  0.000091 seconds (71 allocations: 4.062 KiB)
- [constraint_compression_ratio]  0.000060 seconds (47 allocations: 4.500 KiB)
- [constraint_connection_flow_capacity]  0.098193 seconds (601.04 k allocations: 63.390 MiB, 28.99% gc time, 0.25% compilation time)
- [constraint_connection_flow_gas_capacity]  0.000075 seconds (49 allocations: 5.453 KiB)
- [constraint_connection_flow_intact_flow]  0.000149 seconds (39 allocations: 3.094 KiB)
- [constraint_connection_flow_lodf]  0.000188 seconds (58 allocations: 3.891 KiB)
- [constraint_connection_intact_flow_capacity]  0.000215 seconds (81 allocations: 5.250 KiB)
- [constraint_connection_intact_flow_ptdf]  0.000060 seconds (25 allocations: 2.250 KiB)
- [constraint_connection_lifetime]142.166970 seconds (134.52 M allocations: 30.561 GiB, 93.17% gc time, 0.01% compilation time)
- [constraint_connection_unitary_gas_flow]  0.000069 seconds (46 allocations: 4.203 KiB)
- [constraint_connections_invested_available]  0.000440 seconds (1.12 k allocations: 111.641 KiB)
- [constraint_connections_invested_transition]  0.001884 seconds (8.09 k allocations: 638.484 KiB)
- [constraint_cyclic_node_state]  0.006803 seconds (1.75 k allocations: 127.469 KiB, 96.99% compilation time)
- [constraint_fix_node_pressure_point]  0.000060 seconds (47 allocations: 4.500 KiB)
- [constraint_fix_ratio_in_in_unit_flow]  0.007831 seconds (55.05 k allocations: 6.186 MiB)
- [constraint_fix_ratio_in_out_unit_flow]  0.001509 seconds (3.04 k allocations: 275.234 KiB)
- [constraint_fix_ratio_out_in_connection_flow]  0.014067 seconds (47.43 k allocations: 4.201 MiB, 61.79% compilation time)
- [constraint_fix_ratio_out_in_unit_flow]  0.000116 seconds (100 allocations: 19.781 KiB)
- [constraint_fix_ratio_out_out_unit_flow]  0.000293 seconds (754 allocations: 76.422 KiB)
- [constraint_investment_group_equal_investments]  0.000122 seconds (99 allocations: 6.922 KiB)
- [constraint_investment_group_maximum_capacity_invested_available]  0.000035 seconds (22 allocations: 1.875 KiB)
- [constraint_investment_group_maximum_entities_invested_available]  0.000026 seconds (22 allocations: 1.875 KiB)
- [constraint_investment_group_minimum_capacity_invested_available]  0.000049 seconds (21 allocations: 1.828 KiB)
- [constraint_investment_group_minimum_entities_invested_available]  0.000031 seconds (21 allocations: 1.828 KiB)
- [constraint_max_node_pressure]  0.000078 seconds (90 allocations: 6.852 KiB)
- [constraint_max_node_voltage_angle]  0.000073 seconds (111 allocations: 8.133 KiB)
- [constraint_max_ratio_in_in_unit_flow]  0.000065 seconds (100 allocations: 19.781 KiB)
- [constraint_max_ratio_in_out_unit_flow]  0.000051 seconds (100 allocations: 19.781 KiB)
- [constraint_max_ratio_out_in_connection_flow]  0.000079 seconds (64 allocations: 5.234 KiB)
- [constraint_max_ratio_out_in_unit_flow]  0.000060 seconds (100 allocations: 19.781 KiB)
- [constraint_max_ratio_out_out_unit_flow]  0.000049 seconds (100 allocations: 19.781 KiB)
- [constraint_max_total_cumulated_unit_flow_from_node]  0.000049 seconds (52 allocations: 4.688 KiB)
- [constraint_max_total_cumulated_unit_flow_to_node]  0.000039 seconds (50 allocations: 4.500 KiB)
- [constraint_min_capacity_margin]  0.000040 seconds (40 allocations: 3.016 KiB)
- [constraint_min_down_time]  0.073529 seconds (349.30 k allocations: 33.023 MiB, 30.49% gc time, 24.58% compilation time)
- [constraint_min_node_pressure]  0.000118 seconds (93 allocations: 11.430 KiB)
- [constraint_min_node_voltage_angle]  0.000069 seconds (111 allocations: 8.133 KiB)
- [constraint_min_ratio_in_in_unit_flow]  0.000108 seconds (100 allocations: 19.781 KiB)
- [constraint_min_ratio_in_out_unit_flow]  0.000062 seconds (100 allocations: 19.781 KiB)
- [constraint_min_ratio_out_in_connection_flow]  0.000206 seconds (64 allocations: 5.234 KiB)
- [constraint_min_ratio_out_in_unit_flow]  0.000065 seconds (100 allocations: 19.781 KiB)
- [constraint_min_ratio_out_out_unit_flow]  0.000168 seconds (100 allocations: 19.781 KiB)
- [constraint_min_scheduled_outage_duration]  0.000030 seconds (33 allocations: 2.562 KiB)
- [constraint_min_total_cumulated_unit_flow_from_node]  0.000047 seconds (52 allocations: 4.688 KiB)
- [constraint_min_total_cumulated_unit_flow_to_node]  0.000039 seconds (50 allocations: 4.500 KiB)
- [constraint_min_up_time]  0.004007 seconds (46.40 k allocations: 3.636 MiB)
- [constraint_minimum_operating_point]  0.004287 seconds (48.65 k allocations: 4.885 MiB)
- [constraint_nodal_balance]  0.011003 seconds (193.91 k allocations: 19.441 MiB)
- [constraint_node_injection]  0.098337 seconds (645.55 k allocations: 59.192 MiB, 46.78% gc time)
- [constraint_node_state_capacity]  0.007169 seconds (97.45 k allocations: 8.031 MiB)
- [constraint_node_voltage_angle]  0.000044 seconds (30 allocations: 2.375 KiB)
- [constraint_non_spinning_reserves_lower_bound]  0.000136 seconds (317 allocations: 29.719 KiB)
- [constraint_non_spinning_reserves_shut_down_upper_bound]  0.000097 seconds (326 allocations: 30.609 KiB)
- [constraint_non_spinning_reserves_start_up_upper_bound]  0.000077 seconds (326 allocations: 30.609 KiB)
- [constraint_operating_point_bounds]  0.131600 seconds (1.01 M allocations: 151.111 MiB, 39.99% gc time)
- [constraint_operating_point_rank]  0.022321 seconds (26.83 k allocations: 3.805 MiB, 82.25% gc time)
- [constraint_ramp_down]  0.038136 seconds (125.25 k allocations: 12.735 MiB, 67.71% compilation time)
- [constraint_ramp_up]  0.008237 seconds (121.60 k allocations: 12.479 MiB)
- [constraint_ratio_out_in_connection_intact_flow]  0.000093 seconds (38 allocations: 2.797 KiB)
- [constraint_storage_lifetime] 21.754353 seconds (18.90 M allocations: 3.516 GiB, 94.24% gc time, 0.03% compilation time)
- [constraint_storage_line_pack]  0.000119 seconds (47 allocations: 4.250 KiB)
- [constraint_storages_invested_available]  0.000443 seconds (357 allocations: 36.875 KiB)
- [constraint_storages_invested_transition]  0.000780 seconds (1.52 k allocations: 143.516 KiB)
- [constraint_unit_flow_capacity]  0.041463 seconds (347.22 k allocations: 29.969 MiB, 29.72% gc time)
- [constraint_unit_flow_op_bounds]  0.014125 seconds (68.45 k allocations: 8.371 MiB, 60.43% compilation time)
- [constraint_unit_flow_op_rank]  0.004726 seconds (61.25 k allocations: 7.782 MiB)
- [constraint_unit_flow_op_sum]  0.000797 seconds (8.36 k allocations: 947.914 KiB)
- [constraint_unit_lifetime]180.103616 seconds (128.74 M allocations: 26.016 GiB, 92.94% gc time)
- [constraint_unit_state_transition]  0.003122 seconds (21.48 k allocations: 2.202 MiB)
- [constraint_units_available]  0.134107 seconds (670.39 k allocations: 50.295 MiB, 32.33% gc time)
- [constraint_units_invested_available]  0.000599 seconds (1.65 k allocations: 192.094 KiB)
- [constraint_units_invested_transition]  0.003168 seconds (15.41 k allocations: 1.155 MiB)
- [constraint_units_out_of_service_contiguity]  0.000082 seconds (33 allocations: 2.562 KiB)
- [constraint_units_out_of_service_transition]  0.000171 seconds (53 allocations: 4.289 KiB)
- [constraint_user_constraint]  0.116870 seconds (225.80 k allocations: 21.214 MiB, 61.95% compilation time)
345.039259 seconds (287.79 M allocations: 60.646 GiB, 92.91% gc time, 0.05% compilation time)
Build complete. Started at 2026-02-02T17:00:48.953, ended at 2026-02-02T17:14:51.801, elapsed time: 14 minutes, 2 seconds, 848 milliseconds
Setting model objective...  0.187465 seconds (428.35 k allocations: 33.364 MiB, 24.25% gc time, 42.53% compilation time)
Solve started at 2026-02-02T17:14:51.802
model - window 1 of 1: 2019-01-01T00:00~(1 day, 23 hours)~>2019-01-02T23:00
Optimizing model...Running HiGHS 1.11.0 (git hash: 364c83a51e): Copyright (c) 2025 HiGHS under MIT licence terms
MIP  has 6603 rows; 331147 cols; 153892 nonzeros; 238 integer variables (0 binary)
Coefficient ranges:
  Matrix [6e-03, 1e+05]
  Cost   [1e-03, 2e+09]
  Bound  [1e+00, 1e+03]
  RHS    [1e+00, 1e+02]
Presolving model
3252 rows, 4023 cols, 10523 nonzeros  0s
2292 rows, 3123 cols, 9135 nonzeros  0s
1989 rows, 2924 cols, 7493 nonzeros  0s
Solving MIP model with:
   1989 rows
   2924 cols (47 binary, 0 integer, 0 implied int., 2877 continuous, 0 domain fixed)
   7493 nonzeros
Src: B => Branching; C => Central rounding; F => Feasibility pump; J => Feasibility jump;
     H => Heuristic; L => Sub-MIP; P => Empty MIP; R => Randomized rounding; Z => ZI Round;
     I => Shifting; S => Solve LP; T => Evaluate node; U => Unbounded; X => User solution;
     z => Trivial zero; l => Trivial lower; u => Trivial upper; p => Trivial point
        Nodes      |    B&B Tree     |            Objective Bounds              |  Dynamic Constraints |       Work
Src  Proc. InQueue |  Leaves   Expl. | BestBound       BestSol              Gap |   Cuts   InLp Confl. | LpIters     Time
         0       0         0   0.00%   -3481465.013646 inf                  inf        0      0      0         0     0.3s
 R       0       0         0   0.00%   323806.16972    202729154.0884    99.84%        0      0      0      1529     0.4s
 S       0       0         0   0.00%   323810.972187   324216.287217      0.13%     1568      6      0      1605     0.7s
 C       0       0         0   0.00%   324190.088423   324216.287217      0.01%     1568      6      0      1616     0.7s
         1       0         1 100.00%   324216.287217   324216.287217      0.00%     1568      6      1      1629     0.8s
Solving report
  Status            Optimal
  Primal bound      324216.287217
  Dual bound        324216.287217
  Gap               0% (tolerance: 0%)
  P-D integral      0.265494905781
  Solution status   feasible
                    324216.287217 (objective)
                    0 (bound viol.)
                    0 (int. viol.)
                    0 (row viol.)
  Timing            0.84 (total)
                    0.00 (presolve)
                    0.00 (solve)
                    0.00 (postsolve)
  Max sub-MIP depth 0
  Nodes             1
  Repair LPs        0 (0 feasible; 0 iterations)
  LP iterations     1629 (total)
                    0 (strong br.)
                    87 (separation)
                    13 (heuristics)
  7.980748 seconds (688.75 k allocations: 122.832 MiB, 86.65% gc time)
Optimal solution found, objective function value: 324216.28721709875
Saving model results...  0.392422 seconds (2.60 M allocations: 106.706 MiB, 19.40% gc time)
Postprocessing model results...  0.000140 seconds (51 allocations: 4.297 KiB)
Saving model outputs... 14.764909 seconds (5.69 M allocations: 445.428 MiB, 94.57% gc time)
Rolling model temporal structure...  0.000115 seconds (46 allocations: 2.438 KiB)
Rolling complete
Solve complete. Started at 2026-02-02T17:14:51.802, ended at 2026-02-02T17:15:14.943, elapsed time: 23 seconds, 141 milliseconds
Time summary:
Action                              │ min       │ max       │ avg
────────────────────────────────────┼───────────┼───────────┼──────────
Postprocessing model results...     │ 0.00014   │ 0.00014   │ 0.00014
Rolling model temporal structure... │ 0.000115  │ 0.000115  │ 0.000115
Saving model results...             │ 0.392422  │ 0.392422  │ 0.392422
Optimizing model...                 │ 7.980748  │ 7.980748  │ 7.980748
Saving model outputs...             │ 14.764909 │ 14.764909 │ 14.764909
Execution complete. Started at 2026-02-02T17:00:44.467, ended at 2026-02-02T17:15:16.493, elapsed time: 14 minutes, 32 seconds, 26 milliseconds
Writing report to sqlite:///C:\Users\jfg.eco\Documents\Nord_H2ub\Spine_Projects\02_basic_energy_model\.spinetoolbox\items\outputtest\OutputTest.sqlite?spinedbfilter=cfg%3Aexecution%3A%7B%22execution_item%22%3A+%22Run+SpineOpt%22%2C+%22scenarios%22%3A+%5B%5D%2C+%22timestamp%22%3A+%222026-02-02T17%3A00%3A42%22%7D...  1.019265 seconds (102.80 k allocations: 8.807 MiB)
A JuMP Model
├ solver: HiGHS
├ objective_sense: MIN_SENSE
│ └ objective_function_type: JuMP.AffExpr
├ num_variables: 331147
├ num_constraints: 337216
│ ├ JuMP.AffExpr in MOI.EqualTo{Float64}: 1812
│ ├ JuMP.AffExpr in MOI.GreaterThan{Float64}: 1667
│ ├ JuMP.AffExpr in MOI.LessThan{Float64}: 3124
│ ├ JuMP.VariableRef in MOI.EqualTo{Float64}: 27
│ ├ JuMP.VariableRef in MOI.GreaterThan{Float64}: 330205
│ ├ JuMP.VariableRef in MOI.LessThan{Float64}: 143
│ └ JuMP.VariableRef in MOI.Integer: 238
└ Names registered in the model: none
