### Spine execution log file
### Item name: Run SpineOpt
### Filter id: 
### Part: 1

# Running julia run_spineopt.jl http://127.0.0.1:54825 http://127.0.0.1:54828
2-element Vector{String}:
 "http://127.0.0.1:54825"
 "http://127.0.0.1:54828"
Running SpineOpt...
[SpineOpt version 0.10.2 (git hash: N/A)]
[SpineInterface version 0.15.2 (git hash: N/A)]
Execution started at 2026-01-20T15:48:02.312
Reading input data from sqlite:///C:\Users\jfg.eco\Documents\Nord_H2ub\Spine_Projects\02_basic_energy_model\.spinetoolbox\items\input\Input.sqlite...
Initializing  data structure from db...  0.443759 seconds (322.28 k allocations: 45.624 MiB, 2.94% gc time)
Preprocessing  data structure...  0.064329 seconds (34.22 k allocations: 2.518 MiB, 52.73% compilation time)
Checking  data structure...  0.009420 seconds (5.67 k allocations: 472.375 KiB, 93.80% compilation time)
Build started at 2026-01-20T15:48:02.900
Creating model temporal structure...[ Info: the last time slice of temporal block Default_Investment_period has been cut to fit within the block
[ Info: the last time slice of temporal block daily has been cut to fit within the block
200.217478 seconds (433.57 M allocations: 20.769 GiB, 90.41% gc time, 0.00% compilation time)
Creating model stochastic structure... 12.259764 seconds (2.80 M allocations: 600.251 MiB, 97.29% gc time, 0.08% compilation time)
Adding model independent variables...
- [variable_binary_gas_connection_flow]  0.374214 seconds (2.33 M allocations: 35.609 MiB, 81.93% gc time)
- [variable_connection_flow]  3.752052 seconds (2.83 M allocations: 94.733 MiB, 95.26% gc time, 1.86% compilation time)
- [variable_connection_intact_flow]  0.126322 seconds (2.74 M allocations: 85.067 MiB, 27.99% gc time)
- [variable_connections_decommissioned]  0.080308 seconds (2.34 M allocations: 36.097 MiB, 14.39% gc time)
- [variable_connections_invested]  5.529619 seconds (15.84 M allocations: 1.282 GiB, 83.30% gc time)
- [variable_connections_invested_available] 13.001209 seconds (16.51 M allocations: 1.319 GiB, 92.61% gc time, 0.06% compilation time)
- [variable_min_capacity_margin_slack]  0.086088 seconds (2.33 M allocations: 35.577 MiB, 16.02% gc time)
- [variable_node_injection]  0.094529 seconds (2.57 M allocations: 60.696 MiB, 11.34% gc time)
- [variable_node_pressure]  0.086921 seconds (2.33 M allocations: 35.581 MiB, 20.35% gc time)
- [variable_node_slack_neg]  0.091996 seconds (2.55 M allocations: 56.383 MiB, 11.21% gc time)
- [variable_node_slack_pos]  0.098255 seconds (2.55 M allocations: 56.385 MiB, 16.41% gc time)
- [variable_node_state]  0.114468 seconds (2.40 M allocations: 41.873 MiB, 11.96% gc time, 21.78% compilation time)
- [variable_node_voltage_angle]  0.090276 seconds (2.33 M allocations: 35.579 MiB, 21.72% gc time)
- [variable_nonspin_units_shut_down]  0.084211 seconds (2.33 M allocations: 35.589 MiB, 18.52% gc time)
- [variable_nonspin_units_started_up]  0.078143 seconds (2.33 M allocations: 35.583 MiB, 11.23% gc time)
- [variable_storages_decommissioned]  0.078584 seconds (2.33 M allocations: 35.755 MiB, 9.78% gc time)
- [variable_storages_invested]  0.294229 seconds (4.37 M allocations: 254.377 MiB, 32.92% gc time)
- [variable_storages_invested_available]  0.317260 seconds (4.37 M allocations: 254.486 MiB, 36.98% gc time)
- [variable_unit_flow]  4.124990 seconds (2.99 M allocations: 154.380 MiB, 95.75% gc time, 1.09% compilation time)
- [variable_unit_flow_op]  0.091655 seconds (2.45 M allocations: 50.735 MiB, 16.86% gc time)
- [variable_unit_flow_op_active]  0.090338 seconds (2.47 M allocations: 53.191 MiB, 15.41% gc time)
- [variable_units_invested]  5.362987 seconds (15.16 M allocations: 1.191 GiB, 82.80% gc time)
- [variable_units_invested_available]  9.390801 seconds (15.79 M allocations: 1.221 GiB, 90.44% gc time, 0.07% compilation time)
- [variable_units_mothballed]  3.788606 seconds (2.34 M allocations: 36.273 MiB, 98.22% gc time)
- [variable_units_on]  0.096328 seconds (2.54 M allocations: 54.892 MiB, 11.63% gc time)
- [variable_units_out_of_service]  0.083333 seconds (2.33 M allocations: 35.575 MiB, 21.03% gc time)
- [variable_units_returned_to_service]  0.080307 seconds (2.33 M allocations: 35.573 MiB, 15.64% gc time)
- [variable_units_shut_down]  0.077410 seconds (2.36 M allocations: 38.044 MiB, 10.40% gc time)
- [variable_units_started_up]  0.083892 seconds (2.35 M allocations: 37.362 MiB, 16.49% gc time)
- [variable_units_taken_out_of_service]  0.067418 seconds (2.33 M allocations: 35.574 MiB)
- [variable_user_constraint_slack_neg]  0.080199 seconds (2.33 M allocations: 35.569 MiB, 15.15% gc time)
- [variable_user_constraint_slack_pos]  0.077224 seconds (2.33 M allocations: 35.569 MiB, 15.83% gc time)
 47.895619 seconds (135.47 M allocations: 6.763 GiB, 86.95% gc time, 0.32% compilation time)
Adding model dependent variables...
- [variable_connection_flow]  0.006095 seconds (64.53 k allocations: 6.016 MiB)
- [variable_unit_flow]  0.024880 seconds (129.49 k allocations: 12.377 MiB, 61.35% gc time)
  0.032270 seconds (194.31 k allocations: 18.413 MiB, 47.30% gc time)
Adding model expressions...
- [expression_capacity_margin]  0.000045 seconds (30 allocations: 2.609 KiB)
  0.001045 seconds (115 allocations: 7.672 KiB)
Adding model constraints...
- [constraint_candidate_connection_flow_lb]  0.000123 seconds (70 allocations: 4.188 KiB)
- [constraint_candidate_connection_flow_ub]  0.000062 seconds (71 allocations: 4.047 KiB)
- [constraint_compression_ratio]  0.000040 seconds (38 allocations: 3.453 KiB)
- [constraint_connection_flow_capacity]  0.053829 seconds (450.56 k allocations: 48.004 MiB, 35.09% gc time, 0.48% compilation time)
- [constraint_connection_flow_gas_capacity]  0.000080 seconds (41 allocations: 4.703 KiB)
- [constraint_connection_flow_intact_flow]  0.000117 seconds (38 allocations: 2.781 KiB)
- [constraint_connection_flow_lodf]  0.000115 seconds (58 allocations: 3.891 KiB)
- [constraint_connection_intact_flow_capacity]  0.000122 seconds (81 allocations: 5.234 KiB)
- [constraint_connection_intact_flow_ptdf]  0.000061 seconds (24 allocations: 1.938 KiB)
- [constraint_connection_lifetime] 89.271125 seconds (102.59 M allocations: 23.632 GiB, 92.57% gc time, 0.01% compilation time)
- [constraint_connection_unitary_gas_flow]  0.000050 seconds (38 allocations: 3.453 KiB)
- [constraint_connections_invested_available]  0.000339 seconds (860 allocations: 86.125 KiB)
- [constraint_connections_invested_transition]  0.001278 seconds (5.37 k allocations: 446.156 KiB)
- [constraint_cyclic_node_state]  0.005851 seconds (1.69 k allocations: 122.594 KiB, 97.31% compilation time)
- [constraint_fix_node_pressure_point]  0.000046 seconds (38 allocations: 3.453 KiB)
- [constraint_fix_ratio_in_in_unit_flow]  0.006992 seconds (54.54 k allocations: 6.133 MiB)
- [constraint_fix_ratio_in_out_unit_flow]  0.000276 seconds (2.05 k allocations: 189.453 KiB)
- [constraint_fix_ratio_out_in_connection_flow]  0.011986 seconds (46.48 k allocations: 4.125 MiB, 65.10% compilation time)
- [constraint_fix_ratio_out_in_unit_flow]  0.000079 seconds (94 allocations: 19.219 KiB)
- [constraint_fix_ratio_out_out_unit_flow]  0.000185 seconds (748 allocations: 75.859 KiB)
- [constraint_investment_group_equal_investments]  0.000054 seconds (23 allocations: 1.844 KiB)
- [constraint_investment_group_maximum_capacity_invested_available]  0.000037 seconds (21 allocations: 1.812 KiB)
- [constraint_investment_group_maximum_entities_invested_available]  0.000027 seconds (21 allocations: 1.812 KiB)
- [constraint_investment_group_minimum_capacity_invested_available]  0.000028 seconds (20 allocations: 1.766 KiB)
- [constraint_investment_group_minimum_entities_invested_available]  0.000023 seconds (20 allocations: 1.766 KiB)
- [constraint_max_node_pressure]  0.000062 seconds (84 allocations: 6.508 KiB)
- [constraint_max_node_voltage_angle]  0.000059 seconds (102 allocations: 7.602 KiB)
- [constraint_max_ratio_in_in_unit_flow]  0.000067 seconds (94 allocations: 19.219 KiB)
- [constraint_max_ratio_in_out_unit_flow]  0.000221 seconds (94 allocations: 19.219 KiB)
- [constraint_max_ratio_out_in_connection_flow]  0.000053 seconds (56 allocations: 4.484 KiB)
- [constraint_max_ratio_out_in_unit_flow]  0.000053 seconds (94 allocations: 19.219 KiB)
- [constraint_max_ratio_out_out_unit_flow]  0.000156 seconds (94 allocations: 19.219 KiB)
- [constraint_max_total_cumulated_unit_flow_from_node]  0.000075 seconds (46 allocations: 4.125 KiB)
- [constraint_max_total_cumulated_unit_flow_to_node]  0.000028 seconds (42 allocations: 3.750 KiB)
- [constraint_min_capacity_margin]  0.000056 seconds (37 allocations: 2.828 KiB)
- [constraint_min_down_time]  0.064650 seconds (342.69 k allocations: 32.485 MiB, 32.43% gc time, 26.23% compilation time)
- [constraint_min_node_pressure]  0.000111 seconds (87 allocations: 11.086 KiB)
- [constraint_min_node_voltage_angle]  0.000049 seconds (102 allocations: 7.602 KiB)
- [constraint_min_ratio_in_in_unit_flow]  0.000131 seconds (94 allocations: 19.219 KiB)
- [constraint_min_ratio_in_out_unit_flow]  0.000106 seconds (94 allocations: 19.219 KiB)
- [constraint_min_ratio_out_in_connection_flow]  0.000050 seconds (56 allocations: 4.484 KiB)
- [constraint_min_ratio_out_in_unit_flow]  0.000044 seconds (94 allocations: 19.219 KiB)
- [constraint_min_ratio_out_out_unit_flow]  0.000039 seconds (94 allocations: 19.219 KiB)
- [constraint_min_scheduled_outage_duration]  0.000047 seconds (29 allocations: 2.312 KiB)
- [constraint_min_total_cumulated_unit_flow_from_node]  0.000061 seconds (46 allocations: 4.125 KiB)
- [constraint_min_total_cumulated_unit_flow_to_node]  0.000031 seconds (42 allocations: 3.750 KiB)
- [constraint_min_up_time]  0.003318 seconds (44.41 k allocations: 3.370 MiB)
- [constraint_minimum_operating_point]  0.003703 seconds (48.01 k allocations: 4.825 MiB)
- [constraint_nodal_balance]  0.009213 seconds (153.26 k allocations: 14.979 MiB)
- [constraint_node_injection]  0.057536 seconds (529.68 k allocations: 49.084 MiB, 35.69% gc time)
- [constraint_node_state_capacity]  0.029688 seconds (95.46 k allocations: 7.915 MiB, 67.82% gc time)
- [constraint_node_voltage_angle]  0.000041 seconds (28 allocations: 2.250 KiB)
- [constraint_non_spinning_reserves_lower_bound]  0.000111 seconds (256 allocations: 24.109 KiB)
- [constraint_non_spinning_reserves_shut_down_upper_bound]  0.000131 seconds (264 allocations: 24.703 KiB)
- [constraint_non_spinning_reserves_start_up_upper_bound]  0.000078 seconds (264 allocations: 24.703 KiB)
- [constraint_operating_point_bounds]  0.109527 seconds (999.46 k allocations: 150.355 MiB, 36.52% gc time)
- [constraint_operating_point_rank]  0.002748 seconds (26.80 k allocations: 3.803 MiB)
- [constraint_ramp_down]  0.034482 seconds (121.82 k allocations: 12.314 MiB, 66.91% compilation time)
- [constraint_ramp_up]  0.034437 seconds (118.18 k allocations: 12.058 MiB, 67.50% gc time)
- [constraint_ratio_out_in_connection_intact_flow]  0.000072 seconds (38 allocations: 2.781 KiB)
- [constraint_storage_lifetime] 17.347356 seconds (18.90 M allocations: 3.515 GiB, 93.74% gc time, 0.04% compilation time)
- [constraint_storage_line_pack]  0.000052 seconds (40 allocations: 3.797 KiB)
- [constraint_storages_invested_available]  0.000267 seconds (354 allocations: 36.672 KiB)
- [constraint_storages_invested_transition]  0.000712 seconds (1.48 k allocations: 141.156 KiB)
- [constraint_unit_flow_capacity]  0.017179 seconds (268.73 k allocations: 22.965 MiB)
- [constraint_unit_flow_op_bounds]  0.032912 seconds (68.12 k allocations: 8.349 MiB, 54.11% gc time, 26.68% compilation time)
- [constraint_unit_flow_op_rank]  0.008355 seconds (61.02 k allocations: 7.764 MiB)
- [constraint_unit_flow_op_sum]  0.000898 seconds (8.35 k allocations: 946.758 KiB)
- [constraint_unit_lifetime] 70.247400 seconds (82.41 M allocations: 16.310 GiB, 93.31% gc time)
- [constraint_unit_state_transition]  0.002037 seconds (19.50 k allocations: 1.936 MiB)
- [constraint_units_available]  0.037326 seconds (363.48 k allocations: 28.007 MiB, 28.24% gc time)
- [constraint_units_invested_available]  0.000248 seconds (1.12 k allocations: 111.266 KiB)
- [constraint_units_invested_transition]  0.001517 seconds (8.01 k allocations: 633.859 KiB)
- [constraint_units_out_of_service_contiguity]  0.000065 seconds (30 allocations: 2.609 KiB)
- [constraint_units_out_of_service_transition]  0.000080 seconds (46 allocations: 3.312 KiB)
- [constraint_user_constraint]  0.101218 seconds (232.20 k allocations: 21.819 MiB, 23.65% gc time, 54.26% compilation time)
177.608987 seconds (208.65 M allocations: 43.938 GiB, 92.71% gc time, 0.07% compilation time)
Setting model objective...  0.066633 seconds (335.00 k allocations: 26.270 MiB, 59.18% compilation time)
Build complete. Started at 2026-01-20T15:48:02.900, ended at 2026-01-20T15:55:20.979, elapsed time: 7 minutes, 18 seconds, 79 milliseconds
Solve started at 2026-01-20T15:55:20.979
model - window 1 of 1: 2019-01-01T00:00~(1 day, 23 hours)~>2019-01-02T23:00
Optimizing model...Running HiGHS 1.11.0 (git hash: 364c83a51e): Copyright (c) 2025 HiGHS under MIT licence terms
MIP  has 5411 rows; 240262 cols; 113106 nonzeros; 238 integer variables (0 binary)
Coefficient ranges:
  Matrix [6e-03, 1e+05]
  Cost   [1e-03, 2e+09]
  Bound  [1e+00, 1e+03]
  RHS    [1e+00, 2e+03]
Presolving model
2869 rows, 3307 cols, 9237 nonzeros  0s
2142 rows, 2592 cols, 7997 nonzeros  0s
1788 rows, 2360 cols, 6501 nonzeros  0s
Solving MIP model with:
   1788 rows
   2360 cols (47 binary, 0 integer, 0 implied int., 2313 continuous, 0 domain fixed)
   6501 nonzeros
Src: B => Branching; C => Central rounding; F => Feasibility pump; J => Feasibility jump;
     H => Heuristic; L => Sub-MIP; P => Empty MIP; R => Randomized rounding; Z => ZI Round;
     I => Shifting; S => Solve LP; T => Evaluate node; U => Unbounded; X => User solution;
     z => Trivial zero; l => Trivial lower; u => Trivial upper; p => Trivial point
        Nodes      |    B&B Tree     |            Objective Bounds              |  Dynamic Constraints |       Work
Src  Proc. InQueue |  Leaves   Expl. | BestBound       BestSol              Gap |   Cuts   InLp Confl. | LpIters     Time
         0       0         0   0.00%   -2258984.293646 inf                  inf        0      0      0         0     0.1s
 T       0       0         0   0.00%   -2258984.293646 -33149.103156   6714.62%        0      0      0      1123     0.1s
         1       0         1 100.00%   -33149.103156   -33149.103156      0.00%        0      0      0      1123     0.1s
Solving report
  Status            Optimal
  Primal bound      -33149.1031556
  Dual bound        -33149.1031556
  Gap               0% (tolerance: 0%)
  P-D integral      0.00236931624422
  Solution status   feasible
                    -33149.1031556 (objective)
                    0 (bound viol.)
                    0 (int. viol.)
                    0 (row viol.)
  Timing            0.12 (total)
                    0.00 (presolve)
                    0.00 (solve)
                    0.00 (postsolve)
  Max sub-MIP depth 0
  Nodes             1
  Repair LPs        0 (0 feasible; 0 iterations)
  LP iterations     1123 (total)
                    0 (strong br.)
                    0 (separation)
                    0 (heuristics)
  0.490105 seconds (502.22 k allocations: 93.295 MiB, 55.91% gc time)
Optimal solution found, objective function value: -33149.10315555555
Saving model results...  3.618757 seconds (1.90 M allocations: 88.360 MiB, 96.31% gc time)
Postprocessing model results...  0.000039 seconds (51 allocations: 4.297 KiB)
Saving model outputs...  4.093249 seconds (4.13 M allocations: 343.458 MiB, 93.07% gc time)
Rolling model temporal structure...  0.000092 seconds (46 allocations: 2.438 KiB)
Rolling complete
Solve complete. Started at 2026-01-20T15:55:20.979, ended at 2026-01-20T15:55:29.205, elapsed time: 8 seconds, 226 milliseconds
Time summary:
Action                              │ min      │ max      │ avg
────────────────────────────────────┼──────────┼──────────┼─────────
Postprocessing model results...     │ 3.9e-5   │ 3.9e-5   │ 3.9e-5
Rolling model temporal structure... │ 9.2e-5   │ 9.2e-5   │ 9.2e-5
Saving model results...             │ 3.618757 │ 3.618757 │ 3.618757
Optimizing model...                 │ 0.490105 │ 0.490105 │ 0.490105
Saving model outputs...             │ 4.093249 │ 4.093249 │ 4.093249
Writing report to sqlite:///C:\Users\jfg.eco\Documents\Nord_H2ub\Spine_Projects\02_basic_energy_model\.spinetoolbox\items\outputtest\OutputTest.sqlite?spinedbfilter=cfg%3Aexecution%3A%7B%22execution_item%22%3A+%22Run+SpineOpt%22%2C+%22scenarios%22%3A+%5B%5D%2C+%22timestamp%22%3A+%222026-01-20T15%3A47%3A59%22%7D...  0.385554 seconds (81.53 k allocations: 6.676 MiB)
Execution complete. Started at 2026-01-20T15:48:02.312, ended at 2026-01-20T15:55:33.464, elapsed time: 7 minutes, 31 seconds, 152 milliseconds
A JuMP Model
├ solver: HiGHS
├ objective_sense: MIN_SENSE
│ └ objective_function_type: JuMP.AffExpr
├ num_variables: 240262
├ num_constraints: 245236
│ ├ JuMP.AffExpr in MOI.EqualTo{Float64}: 1571
│ ├ JuMP.AffExpr in MOI.GreaterThan{Float64}: 1285
│ ├ JuMP.AffExpr in MOI.LessThan{Float64}: 2555
│ ├ JuMP.VariableRef in MOI.EqualTo{Float64}: 21
│ ├ JuMP.VariableRef in MOI.GreaterThan{Float64}: 239423
│ ├ JuMP.VariableRef in MOI.LessThan{Float64}: 143
│ └ JuMP.VariableRef in MOI.Integer: 238
└ Names registered in the model: none
