### Spine execution log file
### Item name: Run SpineOpt
### Filter id: 
### Part: 1

# Running julia run_spineopt.jl http://127.0.0.1:62630 http://127.0.0.1:62633
2-element Vector{String}:
 "http://127.0.0.1:62630"
 "http://127.0.0.1:62633"
Running SpineOpt...
[SpineOpt version 0.10.2 (git hash: N/A)]
[SpineInterface version 0.15.2 (git hash: N/A)]
Execution started at 2026-01-09T17:52:27.040
Reading input data from sqlite:///C:\Users\jfg.eco\Documents\Nord_H2ub\Spine_Projects\02_basic_energy_model\.spinetoolbox\items\input\Input.sqlite...
Initializing  data structure from db...  0.389678 seconds (324.68 k allocations: 45.623 MiB)
Preprocessing  data structure...  0.075476 seconds (39.50 k allocations: 2.936 MiB, 58.19% compilation time)
Checking  data structure...  0.010268 seconds (5.96 k allocations: 501.141 KiB, 93.05% compilation time)
Build started at 2026-01-09T17:52:27.557
Creating model temporal structure...[ Info: the last time slice of temporal block Default_Investment_period has been cut to fit within the block
[ Info: the last time slice of temporal block daily has been cut to fit within the block
146.159783 seconds (433.57 M allocations: 20.831 GiB, 88.20% gc time, 0.01% compilation time)
Creating model stochastic structure...  6.459399 seconds (2.80 M allocations: 600.266 MiB, 95.37% gc time, 0.09% compilation time)
Adding model independent variables...
- [variable_binary_gas_connection_flow]  0.039155 seconds (2.33 M allocations: 35.610 MiB)
- [variable_connection_flow]  0.128708 seconds (2.89 M allocations: 102.532 MiB, 49.20% compilation time)
- [variable_connection_intact_flow]  0.063460 seconds (2.79 M allocations: 90.137 MiB)
- [variable_connections_decommissioned]  0.056136 seconds (2.34 M allocations: 36.097 MiB)
- [variable_connections_invested]  1.080413 seconds (15.84 M allocations: 1.282 GiB, 21.53% gc time)
- [variable_connections_invested_available]  1.329856 seconds (16.51 M allocations: 1.319 GiB, 32.12% gc time, 0.55% compilation time)
- [variable_min_capacity_margin_slack]  0.034910 seconds (2.33 M allocations: 35.578 MiB)
- [variable_node_injection]  0.049690 seconds (2.60 M allocations: 63.744 MiB)
- [variable_node_pressure]  0.044720 seconds (2.33 M allocations: 35.581 MiB)
- [variable_node_slack_neg]  0.052415 seconds (2.55 M allocations: 56.436 MiB)
- [variable_node_slack_pos]  0.060600 seconds (2.55 M allocations: 56.439 MiB)
- [variable_node_state]  0.063577 seconds (2.40 M allocations: 41.596 MiB, 11.84% compilation time)
- [variable_node_voltage_angle]  0.047905 seconds (2.33 M allocations: 35.580 MiB)
- [variable_nonspin_units_shut_down]  0.050581 seconds (2.33 M allocations: 35.590 MiB)
- [variable_nonspin_units_started_up]  0.048680 seconds (2.33 M allocations: 35.584 MiB)
- [variable_storages_decommissioned]  0.047137 seconds (2.33 M allocations: 35.756 MiB)
- [variable_storages_invested]  0.187472 seconds (4.37 M allocations: 254.482 MiB, 3.86% compilation time)
- [variable_storages_invested_available]  0.181248 seconds (4.37 M allocations: 254.490 MiB)
- [variable_unit_flow]  0.356402 seconds (3.07 M allocations: 164.062 MiB, 55.43% gc time, 12.01% compilation time)
- [variable_unit_flow_op]  0.045558 seconds (2.40 M allocations: 44.948 MiB)
- [variable_unit_flow_op_active]  0.040710 seconds (2.42 M allocations: 46.418 MiB)
- [variable_units_invested]  1.140478 seconds (16.83 M allocations: 1.325 GiB, 19.32% gc time)
- [variable_units_invested_available]  1.224951 seconds (17.54 M allocations: 1.360 GiB, 19.95% gc time, 0.57% compilation time)
- [variable_units_mothballed]  0.036593 seconds (2.34 M allocations: 36.375 MiB)
- [variable_units_on]  0.051183 seconds (2.56 M allocations: 57.218 MiB)
- [variable_units_out_of_service]  0.047836 seconds (2.33 M allocations: 35.575 MiB)
- [variable_units_returned_to_service]  0.060941 seconds (2.33 M allocations: 35.574 MiB)
- [variable_units_shut_down]  0.071938 seconds (2.36 M allocations: 38.048 MiB)
- [variable_units_started_up]  0.059993 seconds (2.35 M allocations: 37.365 MiB)
- [variable_units_taken_out_of_service]  0.327663 seconds (2.33 M allocations: 35.574 MiB, 82.40% gc time)
- [variable_user_constraint_slack_neg]  0.041614 seconds (2.33 M allocations: 35.569 MiB)
- [variable_user_constraint_slack_pos]  0.037259 seconds (2.33 M allocations: 35.569 MiB)
  7.132030 seconds (139.04 M allocations: 7.051 GiB, 22.32% gc time, 1.90% compilation time)
Adding model dependent variables...
- [variable_connection_flow]ERROR: LoadError: KeyError: key (connection = pl_solar_PPA, node = power, direction = from_node, stochastic_scenario = realisation, t = 2019-01-01T00:00~(1 hour)~>2019-01-01T01:00) not found
Stacktrace:
  [1] (::SpineOpt.var"#1279#1280"{JuMP.Model, Symbol, @NamedTuple{connection::SpineInterface.Object, node::SpineInterface.Object, direction::SpineInterface.Object, stochastic_scenario::SpineInterface.Object, t::SpineInterface.TimeSlice}})()
    @ SpineOpt C:\Users\jfg.eco\.julia\packages\SpineOpt\HEhN7\src\variables\variable_common.jl:196
  [2] get(default::SpineOpt.var"#1279#1280"{JuMP.Model, Symbol, @NamedTuple{connection::SpineInterface.Object, node::SpineInterface.Object, direction::SpineInterface.Object, stochastic_scenario::SpineInterface.Object, t::SpineInterface.TimeSlice}}, h::Dict{@NamedTuple{connection::SpineInterface.Object, node::SpineInterface.Object, direction::SpineInterface.Object, stochastic_scenario::SpineInterface.Object, t::SpineInterface.TimeSlice}, Union{JuMP.GenericAffExpr{T, JuMP.VariableRef} where T<:Union{Number, SpineInterface.Call}, JuMP.VariableRef}}, key::@NamedTuple{connection::SpineInterface.Object, node::SpineInterface.Object, direction::SpineInterface.Object, stochastic_scenario::SpineInterface.Object, t::SpineInterface.TimeSlice})
    @ Base .\dict.jl:547
  [3] _get_var_with_replacement(m::JuMP.Model, var_name::Symbol, ind::@NamedTuple{connection::SpineInterface.Object, node::SpineInterface.Object, direction::SpineInterface.Object, stochastic_scenario::SpineInterface.Object, t::SpineInterface.TimeSlice})
    @ SpineOpt C:\Users\jfg.eco\.julia\packages\SpineOpt\HEhN7\src\variables\variable_common.jl:189
  [4] (::SpineOpt.var"#1275#1278"{Dict{@NamedTuple{connection::SpineInterface.Object, node::SpineInterface.Object, direction::SpineInterface.Object, stochastic_scenario::SpineInterface.Object, t::SpineInterface.TimeSlice}, Int64}, Symbol, JuMP.Model})(::Pair{@NamedTuple{connection::SpineInterface.Object, node::SpineInterface.Object, direction::SpineInterface.Object, stochastic_scenario::SpineInterface.Object, t::SpineInterface.TimeSlice}, Int64})
    @ SpineOpt .\none:0
  [5] MappingRF
    @ .\reduce.jl:100 [inlined]
  [6] _foldl_impl(op::Base.MappingRF{SpineOpt.var"#1275#1278"{Dict{@NamedTuple{connection::SpineInterface.Object, node::SpineInterface.Object, direction::SpineInterface.Object, stochastic_scenario::SpineInterface.Object, t::SpineInterface.TimeSlice}, Int64}, Symbol, JuMP.Model}, Base.BottomRF{typeof(Base.add_sum)}}, init::Base._InitialValue, itr::Dict{@NamedTuple{connection::SpineInterface.Object, node::SpineInterface.Object, direction::SpineInterface.Object, stochastic_scenario::SpineInterface.Object, t::SpineInterface.TimeSlice}, Int64})
    @ Base .\reduce.jl:58
  [7] FlatteningRF
    @ .\reduce.jl:126 [inlined]
  [8] (::Base.MappingRF{SpineOpt.var"#1276#1277"{JuMP.Model}, Base.FlatteningRF{Base.BottomRF{typeof(Base.add_sum)}}})(acc::Base._InitialValue, x::Pair{Symbol, Dict{@NamedTuple{connection::SpineInterface.Object, node::SpineInterface.Object, direction::SpineInterface.Object, stochastic_scenario::SpineInterface.Object, t::SpineInterface.TimeSlice}, Int64}})
    @ Base .\reduce.jl:100
  [9] _foldl_impl(op::Base.MappingRF{SpineOpt.var"#1276#1277"{JuMP.Model}, Base.FlatteningRF{Base.BottomRF{typeof(Base.add_sum)}}}, init::Base._InitialValue, itr::Dict{Symbol, Dict{@NamedTuple{connection::SpineInterface.Object, node::SpineInterface.Object, direction::SpineInterface.Object, stochastic_scenario::SpineInterface.Object, t::SpineInterface.TimeSlice}, Int64}})
    @ Base .\reduce.jl:58
 [10] foldl_impl
    @ .\reduce.jl:48 [inlined]
 [11] mapfoldl_impl
    @ .\reduce.jl:44 [inlined]
 [12] mapfoldl
    @ .\reduce.jl:175 [inlined]
 [13] mapreduce
    @ .\reduce.jl:307 [inlined]
 [14] sum
    @ .\reduce.jl:535 [inlined]
 [15] sum
    @ .\reduce.jl:564 [inlined]
 [16] _resolve_formula(m::JuMP.Model, formula::Dict{Symbol, Dict{@NamedTuple{connection::SpineInterface.Object, node::SpineInterface.Object, direction::SpineInterface.Object, stochastic_scenario::SpineInterface.Object, t::SpineInterface.TimeSlice}, Int64}})
    @ SpineOpt C:\Users\jfg.eco\.julia\packages\SpineOpt\HEhN7\src\variables\variable_common.jl:181
 [17] macro expansion
    @ C:\Users\jfg.eco\.julia\packages\SpineOpt\HEhN7\src\variables\variable_common.jl:167 [inlined]
 [18] macro expansion
    @ .\timing.jl:279 [inlined]
 [19] (::SpineOpt.var"#1268#1272"{JuMP.Model, Symbol, typeof(connection_flow_indices), Vector{Any}, OrderedCollections.OrderedDict{@NamedTuple{connection::SpineInterface.Object, node::SpineInterface.Object, direction::SpineInterface.Object, stochastic_scenario::SpineInterface.Object, t::SpineInterface.TimeSlice}, Dict{Symbol}}, Dict{Symbol, Any}})()
    @ SpineOpt C:\Users\jfg.eco\.julia\packages\SpineOpt\HEhN7\src\util\misc.jl:60
 [20] (::Base.RedirectStdStream)(thunk::SpineOpt.var"#1268#1272"{JuMP.Model, Symbol, typeof(connection_flow_indices), Vector{Any}, OrderedCollections.OrderedDict{@NamedTuple{connection::SpineInterface.Object, node::SpineInterface.Object, direction::SpineInterface.Object, stochastic_scenario::SpineInterface.Object, t::SpineInterface.TimeSlice}, Dict{Symbol}}, Dict{Symbol, Any}}, stream::Pipe)
    @ Base .\stream.jl:1429
 [21] macro expansion
    @ C:\Users\jfg.eco\.julia\packages\SpineOpt\HEhN7\src\util\misc.jl:59 [inlined]
 [22] _add_dependent_variables!(m::JuMP.Model; log_level::Int64)
    @ SpineOpt C:\Users\jfg.eco\.julia\packages\SpineOpt\HEhN7\src\variables\variable_common.jl:163
 [23] _add_dependent_variables!
    @ C:\Users\jfg.eco\.julia\packages\SpineOpt\HEhN7\src\variables\variable_common.jl:158 [inlined]
 [24] macro expansion
    @ .\timing.jl:279 [inlined]
 [25] (::SpineOpt.var"#157#173"{Int64, JuMP.Model})()
    @ SpineOpt C:\Users\jfg.eco\.julia\packages\SpineOpt\HEhN7\src\util\misc.jl:60
 [26] (::Base.RedirectStdStream)(thunk::SpineOpt.var"#157#173"{Int64, JuMP.Model}, stream::Pipe)
    @ Base .\stream.jl:1429
 [27] macro expansion
    @ C:\Users\jfg.eco\.julia\packages\SpineOpt\HEhN7\src\util\misc.jl:59 [inlined]
 [28] build_model!(m::JuMP.Model; log_level::Int64)
    @ SpineOpt C:\Users\jfg.eco\.julia\packages\SpineOpt\HEhN7\src\run_spineopt_basic.jl:85
 [29] build_model!
    @ C:\Users\jfg.eco\.julia\packages\SpineOpt\HEhN7\src\run_spineopt_basic.jl:73 [inlined]
 [30] do_run_spineopt!(m::JuMP.Model, url_out::String, ::Val{:basic_algorithm}; log_level::Int64, optimize::Bool, update_names::Bool, alternative::String, write_as_roll::Int64, resume_file_path::Nothing)
    @ SpineOpt C:\Users\jfg.eco\.julia\packages\SpineOpt\HEhN7\src\run_spineopt_basic.jl:32
 [31] #invokelatest#2
    @ .\essentials.jl:894 [inlined]
 [32] invokelatest
    @ .\essentials.jl:889 [inlined]
 [33] run_spineopt!(m::JuMP.Model, url_out::String; log_level::Int64, optimize::Bool, update_names::Bool, alternative::String, write_as_roll::Int64, resume_file_path::Nothing)
    @ SpineOpt C:\Users\jfg.eco\.julia\packages\SpineOpt\HEhN7\src\run_spineopt.jl:369
 [34] run_spineopt!
    @ C:\Users\jfg.eco\.julia\packages\SpineOpt\HEhN7\src\run_spineopt.jl:358 [inlined]
 [35] _run_spineopt(f::SpineOpt.var"#64#65", url_in::String, url_out::String; upgrade::Bool, filters::Dict{String, String}, templates::Tuple{}, mip_solver::Nothing, lp_solver::Nothing, use_direct_model::Bool, use_model_names::Bool, add_bridges::Bool, log_level::Int64, alternative::String, kwargs::@Kwargs{optimize::Bool, update_names::Bool, write_as_roll::Int64, resume_file_path::Nothing})
    @ SpineOpt C:\Users\jfg.eco\.julia\packages\SpineOpt\HEhN7\src\run_spineopt.jl:162
 [36] _run_spineopt
    @ C:\Users\jfg.eco\.julia\packages\SpineOpt\HEhN7\src\run_spineopt.jl:126 [inlined]
 [37] #67
    @ C:\Users\jfg.eco\.julia\packages\SpineOpt\HEhN7\src\run_spineopt.jl:104 [inlined]
 [38] _log_to_file
    @ C:\Users\jfg.eco\.julia\packages\SpineOpt\HEhN7\src\util\misc.jl:246 [inlined]
 [39] #run_spineopt#66
    @ C:\Users\jfg.eco\.julia\packages\SpineOpt\HEhN7\src\run_spineopt.jl:103 [inlined]
 [40] run_spineopt
    @ C:\Users\jfg.eco\.julia\packages\SpineOpt\HEhN7\src\run_spineopt.jl:83 [inlined]
 [41] #run_spineopt#63
    @ C:\Users\jfg.eco\.julia\packages\SpineOpt\HEhN7\src\run_spineopt.jl:67 [inlined]
 [42] run_spineopt(url_in::String, url_out::String)
    @ SpineOpt C:\Users\jfg.eco\.julia\packages\SpineOpt\HEhN7\src\run_spineopt.jl:66
 [43] top-level scope
    @ C:\Users\jfg.eco\.spinetoolbox\work\run_spineopt__1a91d10482f248dc9a25f7f7daefee97__toolbox\run_spineopt.jl:3
 [44] include(fname::String)
    @ Base.MainInclude .\client.jl:494
 [45] top-level scope
    @ none:1
in expression starting at C:\Users\jfg.eco\.spinetoolbox\work\run_spineopt__1a91d10482f248dc9a25f7f7daefee97__toolbox\run_spineopt.jl:3
