### Spine execution log file
### Item name: Run SpineOpt
### Filter id: 
### Part: 1

# Running julia run_spineopt.jl http://127.0.0.1:62993 http://127.0.0.1:62996
2-element Vector{String}:
 "http://127.0.0.1:62993"
 "http://127.0.0.1:62996"
Running SpineOpt...
[SpineOpt version 0.10.2 (git hash: N/A)]
[SpineInterface version 0.15.2 (git hash: N/A)]
Execution started at 2026-01-29T13:36:10.649
Reading input data from sqlite:///C:\Users\jfg.eco\Documents\Nord_H2ub\Spine_Projects\02_basic_energy_model\.spinetoolbox\items\input\Input.sqlite...
Initializing  data structure from db...  0.571676 seconds (428.61 k allocations: 57.853 MiB, 13.18% gc time, 28.52% compilation time)
Preprocessing  data structure...  0.896483 seconds (74.54 k allocations: 4.433 MiB, 96.66% compilation time)
Checking  data structure...  0.009922 seconds (5.67 k allocations: 472.375 KiB, 92.26% compilation time)
Build started at 2026-01-29T13:36:12.162
Creating model temporal structure...[ Info: the last time slice of temporal block Default_Investment_period has been cut to fit within the block
[ Info: the last time slice of temporal block daily has been cut to fit within the block
165.973989 seconds (411.47 M allocations: 20.323 GiB, 88.79% gc time, 0.00% compilation time)
Creating model stochastic structure...  7.113844 seconds (2.76 M allocations: 595.972 MiB, 94.45% gc time, 0.10% compilation time)
Adding model independent variables...
- [variable_binary_gas_connection_flow]  0.067433 seconds (2.29 M allocations: 34.941 MiB)
- [variable_connection_flow]  0.932168 seconds (10.00 M allocations: 945.192 MiB, 21.80% gc time, 9.02% compilation time)
- [variable_connection_intact_flow]  0.517394 seconds (8.51 M allocations: 783.319 MiB)
- [variable_connections_decommissioned]  0.070361 seconds (2.31 M allocations: 36.411 MiB)
- [variable_connections_invested]  0.524308 seconds (7.48 M allocations: 525.011 MiB, 31.43% gc time)
- [variable_connections_invested_available]  0.581980 seconds (7.52 M allocations: 528.946 MiB, 31.27% gc time, 1.40% compilation time)
- [variable_min_capacity_margin_slack]  0.057398 seconds (2.29 M allocations: 34.909 MiB)
- [variable_node_injection]  0.299595 seconds (5.88 M allocations: 412.557 MiB)
- [variable_node_pressure]  0.068279 seconds (2.29 M allocations: 34.912 MiB)
- [variable_node_slack_neg]  0.278296 seconds (5.64 M allocations: 352.974 MiB)
- [variable_node_slack_pos]  0.428512 seconds (5.64 M allocations: 348.727 MiB, 40.15% gc time)
- [variable_node_state]  0.149534 seconds (3.52 M allocations: 139.204 MiB, 5.41% compilation time)
- [variable_node_voltage_angle]  0.069448 seconds (2.29 M allocations: 34.911 MiB)
- [variable_nonspin_units_shut_down]  0.070883 seconds (2.29 M allocations: 34.921 MiB)
- [variable_nonspin_units_started_up]  0.068980 seconds (2.29 M allocations: 34.915 MiB)
- [variable_storages_decommissioned]  0.068864 seconds (2.29 M allocations: 35.414 MiB)
- [variable_storages_invested]  0.115127 seconds (2.86 M allocations: 123.996 MiB, 6.35% compilation time)
- [variable_storages_invested_available]  0.114080 seconds (2.86 M allocations: 123.902 MiB)
- [variable_unit_flow]  1.593175 seconds (12.77 M allocations: 1.850 GiB, 25.19% gc time, 2.90% compilation time)
- [variable_unit_flow_op]  0.197361 seconds (4.10 M allocations: 264.136 MiB)
- [variable_unit_flow_op_active]  0.257350 seconds (4.46 M allocations: 302.000 MiB)
- [variable_units_invested]  0.507333 seconds (7.35 M allocations: 499.255 MiB, 35.76% gc time)
- [variable_units_invested_available]  0.379008 seconds (7.39 M allocations: 501.938 MiB, 1.94% compilation time)
- [variable_units_mothballed]  0.070655 seconds (2.31 M allocations: 36.915 MiB)
- [variable_units_on]  0.379299 seconds (4.46 M allocations: 239.681 MiB, 48.75% gc time)
- [variable_units_out_of_service]  0.056521 seconds (2.29 M allocations: 34.907 MiB)
- [variable_units_returned_to_service]  0.060776 seconds (2.29 M allocations: 34.905 MiB)
- [variable_units_shut_down]  0.084408 seconds (2.56 M allocations: 62.894 MiB)
- [variable_units_started_up]  0.086425 seconds (2.56 M allocations: 61.765 MiB)
- [variable_units_taken_out_of_service]  0.067456 seconds (2.29 M allocations: 34.905 MiB)
- [variable_user_constraint_slack_neg]  0.065775 seconds (2.29 M allocations: 34.900 MiB)
- [variable_user_constraint_slack_pos]  0.067402 seconds (2.29 M allocations: 34.901 MiB)
  8.372444 seconds (137.64 M allocations: 8.401 GiB, 17.79% gc time, 1.92% compilation time)
Adding model dependent variables...
- [variable_connection_flow]  0.147826 seconds (2.12 M allocations: 150.072 MiB)
- [variable_unit_flow]  0.304972 seconds (4.00 M allocations: 296.291 MiB)
  0.454459 seconds (6.13 M allocations: 446.382 MiB)
Adding model expressions...
- [expression_capacity_margin]  0.000038 seconds (30 allocations: 2.609 KiB)
  0.000468 seconds (115 allocations: 7.672 KiB)
Adding model constraints...
- [constraint_candidate_connection_flow_lb]  0.000149 seconds (70 allocations: 4.188 KiB)
- [constraint_candidate_connection_flow_ub]  0.000116 seconds (71 allocations: 4.047 KiB)
- [constraint_compression_ratio]  0.000055 seconds (41 allocations: 3.938 KiB)
- [constraint_connection_flow_capacity]  1.224831 seconds (12.34 M allocations: 1.005 GiB, 17.41% gc time, 0.02% compilation time)
- [constraint_connection_flow_gas_capacity]  0.000079 seconds (43 allocations: 4.891 KiB)
- [constraint_connection_flow_intact_flow]  0.000079 seconds (38 allocations: 2.781 KiB)
- [constraint_connection_flow_lodf]  0.000090 seconds (58 allocations: 3.891 KiB)
- [constraint_connection_intact_flow_capacity]  0.000104 seconds (81 allocations: 5.234 KiB)
- [constraint_connection_intact_flow_ptdf]  0.000035 seconds (24 allocations: 1.938 KiB)
- [constraint_connection_lifetime] 64.485260 seconds (97.49 M allocations: 9.670 GiB, 91.71% gc time, 0.01% compilation time)
- [constraint_connection_unitary_gas_flow]  0.000063 seconds (40 allocations: 3.641 KiB)
- [constraint_connections_invested_available]  0.000632 seconds (1.39 k allocations: 114.719 KiB)
- [constraint_connections_invested_transition]  0.000811 seconds (5.37 k allocations: 446.156 KiB)
- [constraint_cyclic_node_state]  0.005866 seconds (1.69 k allocations: 122.594 KiB, 97.29% compilation time)
- [constraint_fix_node_pressure_point]  0.000060 seconds (40 allocations: 3.641 KiB)
- [constraint_fix_ratio_in_in_unit_flow]  0.157460 seconds (1.07 M allocations: 106.505 MiB, 23.19% gc time)
- [constraint_fix_ratio_in_out_unit_flow]  0.000339 seconds (2.05 k allocations: 189.453 KiB)
- [constraint_fix_ratio_out_in_connection_flow]  0.133497 seconds (840.19 k allocations: 68.403 MiB, 33.76% gc time, 7.08% compilation time)
- [constraint_fix_ratio_out_in_unit_flow]  0.000110 seconds (94 allocations: 19.219 KiB)
- [constraint_fix_ratio_out_out_unit_flow]  0.000303 seconds (748 allocations: 75.859 KiB)
- [constraint_investment_group_equal_investments]  0.000056 seconds (23 allocations: 1.844 KiB)
- [constraint_investment_group_maximum_capacity_invested_available]  0.000037 seconds (21 allocations: 1.812 KiB)
- [constraint_investment_group_maximum_entities_invested_available]  0.000035 seconds (21 allocations: 1.812 KiB)
- [constraint_investment_group_minimum_capacity_invested_available]  0.000036 seconds (20 allocations: 1.766 KiB)
- [constraint_investment_group_minimum_entities_invested_available]  0.000035 seconds (20 allocations: 1.766 KiB)
- [constraint_max_node_pressure]  0.000073 seconds (84 allocations: 6.508 KiB)
- [constraint_max_node_voltage_angle]  0.000075 seconds (102 allocations: 7.602 KiB)
- [constraint_max_ratio_in_in_unit_flow]  0.000073 seconds (94 allocations: 19.219 KiB)
- [constraint_max_ratio_in_out_unit_flow]  0.000058 seconds (94 allocations: 19.219 KiB)
- [constraint_max_ratio_out_in_connection_flow]  0.000052 seconds (58 allocations: 4.672 KiB)
- [constraint_max_ratio_out_in_unit_flow]  0.000078 seconds (94 allocations: 19.219 KiB)
- [constraint_max_ratio_out_out_unit_flow]  0.000075 seconds (94 allocations: 19.219 KiB)
- [constraint_max_total_cumulated_unit_flow_from_node]  0.000048 seconds (46 allocations: 4.125 KiB)
- [constraint_max_total_cumulated_unit_flow_to_node]  0.000039 seconds (42 allocations: 3.750 KiB)
- [constraint_min_capacity_margin]  0.000037 seconds (37 allocations: 2.828 KiB)
- [constraint_min_down_time]  0.714395 seconds (6.14 M allocations: 555.254 MiB, 26.64% gc time, 2.81% compilation time)
- [constraint_min_node_pressure]  0.000094 seconds (87 allocations: 11.086 KiB)
- [constraint_min_node_voltage_angle]  0.000095 seconds (102 allocations: 7.602 KiB)
- [constraint_min_ratio_in_in_unit_flow]  0.000104 seconds (94 allocations: 19.219 KiB)
- [constraint_min_ratio_in_out_unit_flow]  0.000063 seconds (94 allocations: 19.219 KiB)
- [constraint_min_ratio_out_in_connection_flow]  0.000063 seconds (58 allocations: 4.672 KiB)
- [constraint_min_ratio_out_in_unit_flow]  0.000055 seconds (94 allocations: 19.219 KiB)
- [constraint_min_ratio_out_out_unit_flow]  0.000057 seconds (94 allocations: 19.219 KiB)
- [constraint_min_scheduled_outage_duration]  0.000039 seconds (29 allocations: 2.312 KiB)
- [constraint_min_total_cumulated_unit_flow_from_node]  0.000048 seconds (46 allocations: 4.125 KiB)
- [constraint_min_total_cumulated_unit_flow_to_node]  0.000048 seconds (42 allocations: 3.750 KiB)
- [constraint_min_up_time]  0.069152 seconds (730.84 k allocations: 52.735 MiB, 22.75% gc time)
- [constraint_minimum_operating_point]  0.123926 seconds (939.27 k allocations: 85.382 MiB, 27.52% gc time)
- [constraint_nodal_balance]  0.385952 seconds (3.26 M allocations: 277.453 MiB, 32.31% gc time)
- [constraint_node_injection]  4.243038 seconds (15.74 M allocations: 1.106 GiB, 71.23% gc time, 1.15% compilation time)
- [constraint_node_state_capacity]  0.164347 seconds (1.87 M allocations: 144.158 MiB)
- [constraint_node_voltage_angle]  0.000088 seconds (28 allocations: 2.250 KiB)
- [constraint_non_spinning_reserves_lower_bound]  0.000208 seconds (255 allocations: 23.812 KiB)
- [constraint_non_spinning_reserves_shut_down_upper_bound]  0.000105 seconds (264 allocations: 24.703 KiB)
- [constraint_non_spinning_reserves_start_up_upper_bound]  0.000064 seconds (264 allocations: 24.703 KiB)
- [constraint_operating_point_bounds] 19.642322 seconds (185.01 M allocations: 29.612 GiB, 45.88% gc time)
- [constraint_operating_point_rank]  0.040175 seconds (409.23 k allocations: 56.669 MiB, 29.68% gc time)
- [constraint_ramp_down]  0.353373 seconds (2.47 M allocations: 224.594 MiB, 27.80% gc time, 9.39% compilation time)
- [constraint_ramp_up]  0.340110 seconds (2.49 M allocations: 225.259 MiB, 31.58% gc time)
- [constraint_ratio_out_in_connection_intact_flow]  0.000102 seconds (38 allocations: 2.781 KiB)
- [constraint_storage_lifetime] 13.357898 seconds (17.92 M allocations: 1.828 GiB, 93.22% gc time, 0.06% compilation time)
- [constraint_storage_line_pack]  0.000087 seconds (41 allocations: 3.688 KiB)
- [constraint_storages_invested_available]  0.000573 seconds (532 allocations: 46.203 KiB)
- [constraint_storages_invested_transition]  0.000550 seconds (1.48 k allocations: 141.156 KiB)
- [constraint_unit_flow_capacity]ERROR: LoadError: the expression below resulted in a non-finite value - this is probably due to missing time-series data:
    -(
        _prod_or_nothing(
            unit_capacity(
                unit=solar_plant,
                node=solar_plant_node,
                direction=to_node,
                analysis_time=Base.RefValue{Dates.DateTime}(Dates.DateTime("2020-12-31T00:00:00")),
                stochastic_scenario=realisation,
                t=2020-12-31T00:00~(1 hour)~>2020-12-31T01:00,
            ) = 304,
            unit_availability_factor(
                unit=solar_plant,
                analysis_time=Base.RefValue{Dates.DateTime}(Dates.DateTime("2020-12-31T00:00:00")),
                stochastic_scenario=realisation,
                t=2020-12-31T00:00~(1 hour)~>2020-12-31T01:00,
            ) = NaN,
            unit_conv_cap_to_flow(
                unit=solar_plant,
                node=solar_plant_node,
                direction=to_node,
                analysis_time=Base.RefValue{Dates.DateTime}(Dates.DateTime("2020-12-31T00:00:00")),
                stochastic_scenario=realisation,
                t=2020-12-31T00:00~(1 hour)~>2020-12-31T01:00,
            ) = 1
        )
    )
Stacktrace:
  [1] error(s::String)
    @ Base .\error.jl:35
  [2] _realize_finite(x::SpineInterface.Call, upd::SpineInterface._ConstraintCoefficientUpdate)
    @ SpineInterface C:\Users\jfg.eco\.julia\packages\SpineInterface\Hd2BB\src\update_model.jl:430
  [3] (::SpineInterface.var"#404#405"{Base.RefValue{JuMP.ConstraintRef}})(::Pair{JuMP.VariableRef, SpineInterface.Call})
    @ SpineInterface .\none:0
  [4] iterate
    @ .\generator.jl:47 [inlined]
  [5] OrderedCollections.OrderedDict{JuMP.VariableRef, Float64}(kv::Base.Generator{OrderedCollections.OrderedDict{JuMP.VariableRef, SpineInterface.Call}, SpineInterface.var"#404#405"{Base.RefValue{JuMP.ConstraintRef}}})
    @ OrderedCollections C:\Users\jfg.eco\.julia\packages\OrderedCollections\Xihhq\src\ordered_dict.jl:28
  [6] realize(e::JuMP.GenericAffExpr{SpineInterface.Call, JuMP.VariableRef}, model_or_con_ref::Base.RefValue{JuMP.ConstraintRef})
    @ SpineInterface C:\Users\jfg.eco\.julia\packages\SpineInterface\Hd2BB\src\update_model.jl:421
  [7] add_constraint(model::JuMP.Model, con::JuMP.ScalarConstraint{JuMP.GenericAffExpr{SpineInterface.Call, JuMP.VariableRef}, SpineInterface._LessThanCall}, name::String)
    @ SpineInterface C:\Users\jfg.eco\.julia\packages\SpineInterface\Hd2BB\src\update_model.jl:388
  [8] add_constraint(model::JuMP.Model, con::JuMP.ScalarConstraint{JuMP.GenericAffExpr{SpineInterface.Call, JuMP.VariableRef}, SpineInterface._LessThanCall})
    @ SpineInterface C:\Users\jfg.eco\.julia\packages\SpineInterface\Hd2BB\src\update_model.jl:387
  [9] _broadcast_getindex_evalf
    @ .\broadcast.jl:709 [inlined]
 [10] _broadcast_getindex
    @ .\broadcast.jl:682 [inlined]
 [11] getindex
    @ .\broadcast.jl:636 [inlined]
 [12] copyto_nonleaf!(dest::Vector{JuMP.ConstraintRef{JuMP.Model, MathOptInterface.ConstraintIndex{MathOptInterface.ScalarAffineFunction{Float64}, MathOptInterface.LessThan{Float64}}, JuMP.ScalarShape}}, bc::Base.Broadcast.Broadcasted{Base.Broadcast.DefaultArrayStyle{1}, Tuple{Base.OneTo{Int64}}, typeof(JuMP.add_constraint), Tuple{Base.RefValue{JuMP.Model}, Base.Broadcast.Extruded{Vector{Any}, Tuple{Bool}, Tuple{Int64}}}}, iter::Base.OneTo{Int64}, state::Int64, count::Int64)
    @ Base.Broadcast .\broadcast.jl:1098
 [13] copy
    @ .\broadcast.jl:950 [inlined]
 [14] materialize
    @ .\broadcast.jl:903 [inlined]
 [15] _add_constraint!(m::JuMP.Model, name::Symbol, indices::typeof(SpineOpt.constraint_unit_flow_capacity_indices), build_constraint::Function)
    @ SpineOpt C:\Users\jfg.eco\.julia\packages\SpineOpt\HEhN7\src\constraints\constraint_common.jl:28
 [16] _add_constraint_unit_flow_capacity_simple!
    @ C:\Users\jfg.eco\.julia\packages\SpineOpt\HEhN7\src\constraints\constraint_unit_flow_capacity.jl:151 [inlined]
 [17] add_constraint_unit_flow_capacity!(m::JuMP.Model)
    @ SpineOpt C:\Users\jfg.eco\.julia\packages\SpineOpt\HEhN7\src\constraints\constraint_unit_flow_capacity.jl:95
 [18] macro expansion
    @ .\timing.jl:279 [inlined]
 [19] (::SpineOpt.var"#192#194"{JuMP.Model, typeof(SpineOpt.add_constraint_unit_flow_capacity!)})()
    @ SpineOpt C:\Users\jfg.eco\.julia\packages\SpineOpt\HEhN7\src\util\misc.jl:60
 [20] (::Base.RedirectStdStream)(thunk::SpineOpt.var"#192#194"{JuMP.Model, typeof(SpineOpt.add_constraint_unit_flow_capacity!)}, stream::Pipe)
    @ Base .\stream.jl:1429
 [21] macro expansion
    @ C:\Users\jfg.eco\.julia\packages\SpineOpt\HEhN7\src\util\misc.jl:59 [inlined]
 [22] _add_constraints!(m::JuMP.Model; log_level::Int64)
    @ SpineOpt C:\Users\jfg.eco\.julia\packages\SpineOpt\HEhN7\src\run_spineopt_basic.jl:238
 [23] _add_constraints!
    @ C:\Users\jfg.eco\.julia\packages\SpineOpt\HEhN7\src\run_spineopt_basic.jl:158 [inlined]
 [24] macro expansion
    @ .\timing.jl:279 [inlined]
 [25] (::SpineOpt.var"#161#177"{Int64, JuMP.Model})()
    @ SpineOpt C:\Users\jfg.eco\.julia\packages\SpineOpt\HEhN7\src\util\misc.jl:60
 [26] (::Base.RedirectStdStream)(thunk::SpineOpt.var"#161#177"{Int64, JuMP.Model}, stream::Pipe)
    @ Base .\stream.jl:1429
 [27] macro expansion
    @ C:\Users\jfg.eco\.julia\packages\SpineOpt\HEhN7\src\util\misc.jl:59 [inlined]
 [28] build_model!(m::JuMP.Model; log_level::Int64)
    @ SpineOpt C:\Users\jfg.eco\.julia\packages\SpineOpt\HEhN7\src\run_spineopt_basic.jl:87
 [29] build_model!
    @ C:\Users\jfg.eco\.julia\packages\SpineOpt\HEhN7\src\run_spineopt_basic.jl:73 [inlined]
 [30] do_run_spineopt!(m::JuMP.Model, url_out::String, ::Val{:basic_algorithm}; log_level::Int64, optimize::Bool, update_names::Bool, alternative::String, write_as_roll::Int64, resume_file_path::Nothing)
    @ SpineOpt C:\Users\jfg.eco\.julia\packages\SpineOpt\HEhN7\src\run_spineopt_basic.jl:32
 [31] #invokelatest#2
    @ .\essentials.jl:894 [inlined]
 [32] invokelatest
    @ .\essentials.jl:889 [inlined]
 [33] run_spineopt!(m::JuMP.Model, url_out::String; log_level::Int64, optimize::Bool, update_names::Bool, alternative::String, write_as_roll::Int64, resume_file_path::Nothing)
    @ SpineOpt C:\Users\jfg.eco\.julia\packages\SpineOpt\HEhN7\src\run_spineopt.jl:369
 [34] run_spineopt!
    @ C:\Users\jfg.eco\.julia\packages\SpineOpt\HEhN7\src\run_spineopt.jl:358 [inlined]
 [35] _run_spineopt(f::SpineOpt.var"#64#65", url_in::String, url_out::String; upgrade::Bool, filters::Dict{String, String}, templates::Tuple{}, mip_solver::Nothing, lp_solver::Nothing, use_direct_model::Bool, use_model_names::Bool, add_bridges::Bool, log_level::Int64, alternative::String, kwargs::@Kwargs{optimize::Bool, update_names::Bool, write_as_roll::Int64, resume_file_path::Nothing})
    @ SpineOpt C:\Users\jfg.eco\.julia\packages\SpineOpt\HEhN7\src\run_spineopt.jl:162
 [36] _run_spineopt
    @ C:\Users\jfg.eco\.julia\packages\SpineOpt\HEhN7\src\run_spineopt.jl:126 [inlined]
 [37] #67
    @ C:\Users\jfg.eco\.julia\packages\SpineOpt\HEhN7\src\run_spineopt.jl:104 [inlined]
 [38] _log_to_file
    @ C:\Users\jfg.eco\.julia\packages\SpineOpt\HEhN7\src\util\misc.jl:246 [inlined]
 [39] #run_spineopt#66
    @ C:\Users\jfg.eco\.julia\packages\SpineOpt\HEhN7\src\run_spineopt.jl:103 [inlined]
 [40] run_spineopt
    @ C:\Users\jfg.eco\.julia\packages\SpineOpt\HEhN7\src\run_spineopt.jl:83 [inlined]
 [41] #run_spineopt#63
    @ C:\Users\jfg.eco\.julia\packages\SpineOpt\HEhN7\src\run_spineopt.jl:67 [inlined]
 [42] run_spineopt(url_in::String, url_out::String)
    @ SpineOpt C:\Users\jfg.eco\.julia\packages\SpineOpt\HEhN7\src\run_spineopt.jl:66
 [43] top-level scope
    @ C:\Users\jfg.eco\.spinetoolbox\work\run_spineopt__457c818d65fe477a8135c4dc4926da5a__toolbox\run_spineopt.jl:3
 [44] include(fname::String)
    @ Base.MainInclude .\client.jl:494
 [45] top-level scope
    @ none:1
in expression starting at C:\Users\jfg.eco\.spinetoolbox\work\run_spineopt__457c818d65fe477a8135c4dc4926da5a__toolbox\run_spineopt.jl:3
