### Spine execution log file
### Item name: Run SpineOpt
### Filter id: 
### Part: 1

               _
   _       _ _(_)_     |  Documentation: https://docs.julialang.org
  (_)     | (_) (_)    |
   _ _   _| |_  __ _   |  Type "?" for help, "]?" for Pkg help.
  | | | | | | |/ _` |  |
  | | |_| | | | (_| |  |  Version 1.10.10 (2025-06-27)
 _/ |\__'_|_|_|\__'_|  |  Official https://julialang.org/ release
|__/                   |
# Running julia run_spineopt.jl http://127.0.0.1:59743 http://127.0.0.1:59746
2-element Vector{String}:
 "http://127.0.0.1:59743"
 "http://127.0.0.1:59746"
WARNING: using JuMP.parameter_value in module SpineInterface conflicts with an existing identifier.
Running SpineOpt...
WARNING: using JuMP.Parameter in module SpineInterface conflicts with an existing identifier.
[SpineOpt version 0.10.2 (git hash: N/A)]
[SpineInterface version 0.15.2 (git hash: N/A)]
Execution started at 2026-02-02T13:12:30.173
Reading input data from sqlite:///C:\Users\jfg.eco\Documents\Nord_H2ub\Spine_Projects\02_basic_energy_model\.spinetoolbox\items\input\Input.sqlite...
Initializing  data structure from db... 20.525269 seconds (19.40 M allocations: 1.310 GiB, 3.20% gc time, 96.25% compilation time)
Preprocessing  data structure... 15.060960 seconds (8.29 M allocations: 570.641 MiB, 1.07% gc time, 99.49% compilation time)
Checking  data structure...  1.208503 seconds (569.16 k allocations: 38.918 MiB, 99.73% compilation time)
Build started at 2026-02-02T13:13:34.980
Creating model temporal structure...[ Info: the last time slice of temporal block Default_Investment_period has been cut to fit within the block
[ Info: the last time slice of temporal block daily has been cut to fit within the block
104.732638 seconds (438.48 M allocations: 21.267 GiB, 18.40% gc time, 6.73% compilation time)
Creating model stochastic structure...  8.681043 seconds (7.14 M allocations: 896.078 MiB, 35.44% gc time, 94.55% compilation time)
Adding model independent variables...
- [variable_binary_gas_connection_flow]  4.461141 seconds (5.28 M allocations: 232.838 MiB, 22.32% gc time, 97.98% compilation time)
- [variable_connection_flow] 10.714496 seconds (11.60 M allocations: 702.832 MiB, 98.01% compilation time: <1% of which was recompilation)
- [variable_connection_intact_flow]  2.065775 seconds (3.94 M allocations: 174.254 MiB, 18.11% gc time, 94.07% compilation time)
- [variable_connections_decommissioned]  3.684231 seconds (5.26 M allocations: 234.736 MiB, 96.87% compilation time)
- [variable_connections_invested]  2.421305 seconds (20.80 M allocations: 1.689 GiB, 18.71% gc time, 7.80% compilation time)
- [variable_connections_invested_available]  3.780297 seconds (22.36 M allocations: 1.779 GiB, 13.44% gc time, 34.96% compilation time)
- [variable_min_capacity_margin_slack]  1.478408 seconds (3.68 M allocations: 126.463 MiB, 91.68% compilation time)
- [variable_node_injection]  2.424642 seconds (3.89 M allocations: 151.273 MiB, 94.08% compilation time)
- [variable_node_pressure]  0.925277 seconds (2.86 M allocations: 71.754 MiB, 89.79% compilation time)
- [variable_node_slack_neg]  0.961369 seconds (3.04 M allocations: 90.604 MiB, 85.49% compilation time)
- [variable_node_slack_pos]  0.112903 seconds (2.57 M allocations: 58.165 MiB)
- [variable_node_state]  2.683288 seconds (4.26 M allocations: 169.719 MiB, 8.27% gc time, 95.77% compilation time)
- [variable_node_voltage_angle]  0.898883 seconds (2.87 M allocations: 72.182 MiB, 92.43% compilation time)
- [variable_nonspin_units_shut_down]  1.632066 seconds (3.83 M allocations: 134.363 MiB, 92.01% compilation time)
- [variable_nonspin_units_started_up]  0.870016 seconds (3.10 M allocations: 84.993 MiB, 88.98% compilation time)
- [variable_storages_decommissioned]  2.393126 seconds (3.75 M allocations: 131.048 MiB, 95.87% compilation time)
- [variable_storages_invested]  0.650212 seconds (4.63 M allocations: 272.146 MiB, 48.51% compilation time)
- [variable_storages_invested_available]  0.638168 seconds (4.45 M allocations: 259.621 MiB, 40.25% gc time, 19.81% compilation time)
- [variable_unit_flow]  9.752017 seconds (10.61 M allocations: 671.205 MiB, 97.43% compilation time)
- [variable_unit_flow_op]  5.394085 seconds (5.62 M allocations: 264.379 MiB, 98.25% compilation time)
- [variable_unit_flow_op_active]  2.541351 seconds (3.42 M allocations: 117.387 MiB, 94.46% compilation time)
- [variable_units_invested]  5.295623 seconds (19.09 M allocations: 1.473 GiB, 5.16% gc time, 64.82% compilation time)
- [variable_units_invested_available]  2.563664 seconds (17.70 M allocations: 1.372 GiB, 23.34% gc time, 12.63% compilation time)
- [variable_units_mothballed]  0.130053 seconds (2.34 M allocations: 36.375 MiB)
- [variable_units_on]  3.363332 seconds (4.48 M allocations: 186.149 MiB, 95.90% compilation time)
- [variable_units_out_of_service]  0.829080 seconds (2.87 M allocations: 72.345 MiB, 89.72% compilation time)
- [variable_units_returned_to_service]  0.214596 seconds (2.38 M allocations: 39.228 MiB, 58.17% compilation time)
- [variable_units_shut_down]  1.851103 seconds (3.03 M allocations: 85.090 MiB, 94.12% compilation time)
- [variable_units_started_up]  0.719959 seconds (2.71 M allocations: 62.100 MiB, 85.64% compilation time)
- [variable_units_taken_out_of_service]  0.103994 seconds (2.35 M allocations: 36.589 MiB, 15.51% compilation time)
- [variable_user_constraint_slack_neg]  1.339080 seconds (3.47 M allocations: 110.827 MiB, 91.33% compilation time)
- [variable_user_constraint_slack_pos]  0.112498 seconds (2.33 M allocations: 35.569 MiB)
 82.120297 seconds (206.01 M allocations: 11.646 GiB, 4.81% gc time, 84.41% compilation time: <1% of which was recompilation)
Adding model dependent variables...
- [variable_connection_flow]  1.845084 seconds (2.15 M allocations: 146.991 MiB, 99.42% compilation time)
- [variable_unit_flow]  0.993895 seconds (711.21 k allocations: 52.010 MiB, 98.03% compilation time)
  3.614005 seconds (3.79 M allocations: 262.030 MiB, 8.85% gc time, 98.90% compilation time)
Adding model expressions...
- [expression_capacity_margin]  0.582588 seconds (2.17 M allocations: 130.509 MiB, 99.95% compilation time)
  0.596639 seconds (2.17 M allocations: 130.571 MiB, 99.67% compilation time)
Adding model constraints...
- [constraint_candidate_connection_flow_lb]  0.570039 seconds (588.12 k allocations: 39.603 MiB, 99.86% compilation time)
- [constraint_candidate_connection_flow_ub]  0.131999 seconds (213.05 k allocations: 14.439 MiB, 99.70% compilation time)
- [constraint_compression_ratio]  0.070190 seconds (81.01 k allocations: 5.500 MiB, 99.65% compilation time)
- [constraint_connection_flow_capacity]  3.945619 seconds (3.66 M allocations: 268.440 MiB, 97.58% compilation time)
- [constraint_connection_flow_gas_capacity]  0.078193 seconds (74.28 k allocations: 4.928 MiB, 99.76% compilation time)
- [constraint_connection_flow_intact_flow]  0.360429 seconds (436.23 k allocations: 29.497 MiB, 99.88% compilation time)
- [constraint_connection_flow_lodf]  0.268014 seconds (528.44 k allocations: 34.567 MiB, 99.84% compilation time)
- [constraint_connection_intact_flow_capacity]  0.358694 seconds (369.64 k allocations: 25.454 MiB, 99.82% compilation time)
- [constraint_connection_intact_flow_ptdf]  0.288402 seconds (223.61 k allocations: 15.193 MiB, 99.88% compilation time)
- [constraint_connection_lifetime] 38.775220 seconds (136.64 M allocations: 30.710 GiB, 42.24% gc time, 5.87% compilation time)
- [constraint_connection_unitary_gas_flow]  0.113838 seconds (183.10 k allocations: 12.217 MiB, 99.85% compilation time)
- [constraint_connections_invested_available]  0.877706 seconds (709.01 k allocations: 48.440 MiB, 99.79% compilation time)
- [constraint_connections_invested_transition]  2.132277 seconds (1.57 M allocations: 107.076 MiB, 99.77% compilation time)
- [constraint_cyclic_node_state]  0.357470 seconds (173.12 k allocations: 11.816 MiB, 99.88% compilation time)
- [constraint_fix_node_pressure_point]  0.080358 seconds (50.69 k allocations: 3.305 MiB, 99.67% compilation time)
- [constraint_fix_ratio_in_in_unit_flow]  3.842187 seconds (3.26 M allocations: 224.158 MiB, 5.25% gc time, 99.46% compilation time)
- [constraint_fix_ratio_in_out_unit_flow]  0.137920 seconds (283.79 k allocations: 19.075 MiB, 99.11% compilation time)
- [constraint_fix_ratio_out_in_connection_flow]  2.798084 seconds (2.39 M allocations: 163.495 MiB, 99.47% compilation time)
- [constraint_fix_ratio_out_in_unit_flow]  0.000291 seconds (95 allocations: 19.516 KiB)
- [constraint_fix_ratio_out_out_unit_flow]  0.000533 seconds (748 allocations: 75.859 KiB)
- [constraint_investment_group_equal_investments]  0.306502 seconds (136.85 k allocations: 9.301 MiB, 99.86% compilation time)
- [constraint_investment_group_maximum_capacity_invested_available]  0.208298 seconds (117.09 k allocations: 8.014 MiB, 99.86% compilation time)
- [constraint_investment_group_maximum_entities_invested_available]  0.218433 seconds (172.31 k allocations: 11.670 MiB, 99.87% compilation time)
- [constraint_investment_group_minimum_capacity_invested_available]  0.065801 seconds (24.86 k allocations: 1.687 MiB, 99.74% compilation time)
- [constraint_investment_group_minimum_entities_invested_available]  0.058408 seconds (24.86 k allocations: 1.686 MiB, 99.68% compilation time)
- [constraint_max_node_pressure]  0.248807 seconds (236.55 k allocations: 16.039 MiB, 99.83% compilation time)
- [constraint_max_node_voltage_angle]  0.118133 seconds (71.69 k allocations: 4.778 MiB, 99.57% compilation time)
- [constraint_max_ratio_in_in_unit_flow]  0.000400 seconds (94 allocations: 19.219 KiB)
- [constraint_max_ratio_in_out_unit_flow]  0.000158 seconds (94 allocations: 19.219 KiB)
- [constraint_max_ratio_out_in_connection_flow]  0.115439 seconds (122.47 k allocations: 8.240 MiB, 99.75% compilation time)
- [constraint_max_ratio_out_in_unit_flow]  0.000212 seconds (94 allocations: 19.219 KiB)
- [constraint_max_ratio_out_out_unit_flow]  0.000214 seconds (94 allocations: 19.219 KiB)
- [constraint_max_total_cumulated_unit_flow_from_node]  0.247029 seconds (105.86 k allocations: 7.087 MiB, 99.89% compilation time)
- [constraint_max_total_cumulated_unit_flow_to_node]  0.000158 seconds (42 allocations: 3.750 KiB)
- [constraint_min_capacity_margin]  0.090417 seconds (42.16 k allocations: 2.835 MiB, 99.68% compilation time)
- [constraint_min_down_time]  2.618607 seconds (2.22 M allocations: 160.363 MiB, 98.08% compilation time)
- [constraint_min_node_pressure]  0.096146 seconds (46.73 k allocations: 3.081 MiB, 99.63% compilation time)
- [constraint_min_node_voltage_angle]  0.086321 seconds (46.74 k allocations: 3.077 MiB, 99.49% compilation time)
- [constraint_min_ratio_in_in_unit_flow]  0.000188 seconds (94 allocations: 19.219 KiB)
- [constraint_min_ratio_in_out_unit_flow]  0.000160 seconds (94 allocations: 19.219 KiB)
- [constraint_min_ratio_out_in_connection_flow]  0.068611 seconds (22.54 k allocations: 1.557 MiB, 99.54% compilation time)
- [constraint_min_ratio_out_in_unit_flow]  0.000202 seconds (94 allocations: 19.219 KiB)
- [constraint_min_ratio_out_out_unit_flow]  0.000173 seconds (94 allocations: 19.219 KiB)
- [constraint_min_scheduled_outage_duration]  0.207171 seconds (113.98 k allocations: 7.809 MiB, 99.89% compilation time)
- [constraint_min_total_cumulated_unit_flow_from_node]  0.058303 seconds (22.52 k allocations: 1.564 MiB, 99.65% compilation time)
- [constraint_min_total_cumulated_unit_flow_to_node]  0.000102 seconds (42 allocations: 3.750 KiB)
- [constraint_min_up_time]  0.860877 seconds (464.31 k allocations: 32.474 MiB, 99.25% compilation time)
- [constraint_minimum_operating_point]  1.857211 seconds (1.35 M allocations: 94.251 MiB, 99.38% compilation time)
- [constraint_nodal_balance]  2.341901 seconds (1.85 M allocations: 130.963 MiB, 98.46% compilation time)
- [constraint_node_injection]  3.040096 seconds (2.89 M allocations: 206.096 MiB, 8.34% gc time, 89.40% compilation time)
- [constraint_node_state_capacity]  1.490069 seconds (1.42 M allocations: 97.434 MiB, 98.78% compilation time)
- [constraint_node_voltage_angle]  0.167284 seconds (62.70 k allocations: 4.329 MiB, 99.83% compilation time)
- [constraint_non_spinning_reserves_lower_bound]  0.125167 seconds (90.40 k allocations: 6.103 MiB, 99.65% compilation time)
- [constraint_non_spinning_reserves_shut_down_upper_bound]  0.236833 seconds (177.76 k allocations: 11.771 MiB, 99.74% compilation time)
- [constraint_non_spinning_reserves_start_up_upper_bound]  0.000320 seconds (264 allocations: 24.703 KiB)
- [constraint_operating_point_bounds]  2.699233 seconds (2.56 M allocations: 257.726 MiB, 94.98% compilation time)
- [constraint_operating_point_rank]  0.782973 seconds (677.38 k allocations: 47.991 MiB, 99.02% compilation time)
- [constraint_ramp_down]  3.059411 seconds (2.27 M allocations: 154.648 MiB, 99.30% compilation time)
- [constraint_ramp_up]  1.141180 seconds (534.17 k allocations: 37.630 MiB, 98.24% compilation time)
- [constraint_ratio_out_in_connection_intact_flow]  0.140688 seconds (81.70 k allocations: 5.559 MiB, 99.68% compilation time)
- [constraint_storage_lifetime]  8.741174 seconds (20.10 M allocations: 3.595 GiB, 56.85% gc time, 17.13% compilation time)
- [constraint_storage_line_pack]  0.182183 seconds (64.44 k allocations: 4.594 MiB, 99.88% compilation time)
- [constraint_storages_invested_available]  0.521351 seconds (286.15 k allocations: 19.595 MiB, 99.81% compilation time)
- [constraint_storages_invested_transition]  0.564679 seconds (258.17 k allocations: 18.170 MiB, 99.53% compilation time)
- [constraint_unit_flow_capacity]  1.688176 seconds (1.43 M allocations: 101.766 MiB, 98.19% compilation time)
- [constraint_unit_flow_op_bounds]  1.064683 seconds (471.59 k allocations: 36.473 MiB, 20.35% gc time, 98.99% compilation time)
- [constraint_unit_flow_op_rank]  0.880255 seconds (431.62 k allocations: 32.979 MiB, 99.12% compilation time)
- [constraint_unit_flow_op_sum]  0.964519 seconds (575.43 k allocations: 39.020 MiB, 99.80% compilation time)
- [constraint_unit_lifetime] 25.798280 seconds (96.20 M allocations: 19.217 GiB, 51.18% gc time, 4.19% compilation time)
- [constraint_unit_state_transition]  0.999284 seconds (881.64 k allocations: 60.374 MiB, 99.70% compilation time)
- [constraint_units_available]  1.366713 seconds (1.67 M allocations: 117.054 MiB, 96.90% compilation time)
- [constraint_units_invested_available]  0.217846 seconds (100.53 k allocations: 6.973 MiB, 99.66% compilation time)
- [constraint_units_invested_transition]  0.738536 seconds (341.86 k allocations: 23.702 MiB, 99.42% compilation time)
- [constraint_units_out_of_service_contiguity]  0.194475 seconds (54.28 k allocations: 3.833 MiB, 99.86% compilation time)
- [constraint_units_out_of_service_transition]  0.137239 seconds (81.74 k allocations: 5.720 MiB, 99.75% compilation time)
- [constraint_user_constraint]  9.082836 seconds (6.95 M allocations: 477.743 MiB, 2.65% gc time, 99.41% compilation time)
143.478678 seconds (312.53 M allocations: 57.646 GiB, 24.72% gc time, 51.51% compilation time)
Setting model objective... 10.104230 seconds (8.80 M allocations: 604.342 MiB, 99.31% compilation time)
Build complete. Started at 2026-02-02T13:13:34.980, ended at 2026-02-02T13:19:28.893, elapsed time: 5 minutes, 53 seconds, 913 milliseconds
Solve started at 2026-02-02T13:19:29.209
model - window 1 of 1: 2019-01-01T00:00~(1 day, 23 hours)~>2019-01-02T23:00
Optimizing model...Running HiGHS 1.11.0 (git hash: 364c83a51e): Copyright (c) 2025 HiGHS under MIT licence terms
MIP  has 6030 rows; 291318 cols; 135829 nonzeros; 238 integer variables (0 binary)
Coefficient ranges:
  Matrix [6e-03, 1e+05]
  Cost   [1e-03, 2e+09]
  Bound  [1e+00, 1e+03]
  RHS    [1e+00, 1e+02]
Presolving model
2964 rows, 3591 cols, 9662 nonzeros  0s
2175 rows, 2793 cols, 8384 nonzeros  0s
1837 rows, 2516 cols, 6708 nonzeros  0s
Solving MIP model with:
   1837 rows
   2516 cols (45 binary, 0 integer, 0 implied int., 2471 continuous, 0 domain fixed)
   6708 nonzeros
Src: B => Branching; C => Central rounding; F => Feasibility pump; J => Feasibility jump;
     H => Heuristic; L => Sub-MIP; P => Empty MIP; R => Randomized rounding; Z => ZI Round;
     I => Shifting; S => Solve LP; T => Evaluate node; U => Unbounded; X => User solution;
     z => Trivial zero; l => Trivial lower; u => Trivial upper; p => Trivial point
        Nodes      |    B&B Tree     |            Objective Bounds              |  Dynamic Constraints |       Work
Src  Proc. InQueue |  Leaves   Expl. | BestBound       BestSol              Gap |   Cuts   InLp Confl. | LpIters     Time
         0       0         0   0.00%   -3371546.603646 inf                  inf        0      0      0         0     0.2s
 R       0       0         0   0.00%   127561.390279   216494.418196     41.08%        0      0      0      1453     0.3s
 L       0       0         0   0.00%   127971.507776   127971.507776      0.00%     1265      5      0      1525     0.8s
         1       0         1 100.00%   127971.507776   127971.507776      0.00%     1265      5      0      1593     0.8s
Solving report
  Status            Optimal
  Primal bound      127971.507776
  Dual bound        127971.507776
  Gap               0% (tolerance: 0%)
  P-D integral      0.178927719045
  Solution status   feasible
                    127971.507776 (objective)
                    0 (bound viol.)
                    0 (int. viol.)
                    0 (row viol.)
  Timing            0.78 (total)
                    0.00 (presolve)
                    0.00 (solve)
                    0.00 (postsolve)
  Max sub-MIP depth 1
  Nodes             1
  Repair LPs        0 (0 feasible; 0 iterations)
  LP iterations     1593 (total)
                    0 (strong br.)
                    72 (separation)
                    68 (heuristics)
  2.380650 seconds (1.53 M allocations: 180.046 MiB, 59.76% compilation time)
Optimal solution found, objective function value: 127971.50777634498
Saving model results...  5.243209 seconds (5.03 M allocations: 285.625 MiB, 5.77% gc time, 89.14% compilation time)
Postprocessing model results...  0.005727 seconds (86 allocations: 6.000 KiB, 98.27% compilation time)
Saving model outputs...  3.636512 seconds (7.96 M allocations: 595.786 MiB, 85.12% compilation time)
Rolling model temporal structure...  0.213731 seconds (260.31 k allocations: 17.990 MiB, 99.91% compilation time)
Rolling complete
Solve complete. Started at 2026-02-02T13:19:29.209, ended at 2026-02-02T13:19:40.976, elapsed time: 11 seconds, 767 milliseconds
Time summary:
Action                              │ min      │ max      │ avg
────────────────────────────────────┼──────────┼──────────┼─────────
Postprocessing model results...     │ 0.005727 │ 0.005727 │ 0.005727
Rolling model temporal structure... │ 0.213731 │ 0.213731 │ 0.213731
Saving model results...             │ 5.243209 │ 5.243209 │ 5.243209
Optimizing model...                 │ 2.38065  │ 2.38065  │ 2.38065
Saving model outputs...             │ 3.636512 │ 3.636512 │ 3.636512
Writing report to sqlite:///C:\Users\jfg.eco\Documents\Nord_H2ub\Spine_Projects\02_basic_energy_model\.spinetoolbox\items\outputtest\OutputTest.sqlite?spinedbfilter=cfg%3Aexecution%3A%7B%22execution_item%22%3A+%22Run+SpineOpt%22%2C+%22scenarios%22%3A+%5B%5D%2C+%22timestamp%22%3A+%222026-02-02T13%3A12%3A07%22%7D...  4.003874 seconds (1.63 M allocations: 113.408 MiB, 2.52% gc time, 76.01% compilation time)
Execution complete. Started at 2026-02-02T13:12:30.173, ended at 2026-02-02T13:19:56.708, elapsed time: 7 minutes, 26 seconds, 535 milliseconds
A JuMP Model
├ solver: HiGHS
├ objective_sense: MIN_SENSE
│ └ objective_function_type: JuMP.AffExpr
├ num_variables: 291318
├ num_constraints: 296910
│ ├ JuMP.AffExpr in MOI.EqualTo{Float64}: 1668
│ ├ JuMP.AffExpr in MOI.GreaterThan{Float64}: 1476
│ ├ JuMP.AffExpr in MOI.LessThan{Float64}: 2886
│ ├ JuMP.VariableRef in MOI.EqualTo{Float64}: 24
│ ├ JuMP.VariableRef in MOI.GreaterThan{Float64}: 290475
│ ├ JuMP.VariableRef in MOI.LessThan{Float64}: 143
│ └ JuMP.VariableRef in MOI.Integer: 238
└ Names registered in the model: none
