### Spine execution log file
### Item name: Run SpineOpt
### Filter id: 
### Part: 1

               _
   _       _ _(_)_     |  Documentation: https://docs.julialang.org
  (_)     | (_) (_)    |
   _ _   _| |_  __ _   |  Type "?" for help, "]?" for Pkg help.
  | | | | | | |/ _` |  |
  | | |_| | | | (_| |  |  Version 1.10.10 (2025-06-27)
 _/ |\__'_|_|_|\__'_|  |  Official https://julialang.org/ release
|__/                   |
# Running julia run_spineopt.jl http://127.0.0.1:62151 http://127.0.0.1:62154
2-element Vector{String}:
 "http://127.0.0.1:62151"
 "http://127.0.0.1:62154"
WARNING: using JuMP.parameter_value in module SpineInterface conflicts with an existing identifier.
WARNING: using JuMP.Parameter in module SpineInterface conflicts with an existing identifier.
Running SpineOpt...
[SpineOpt version 0.10.2 (git hash: N/A)]
[SpineInterface version 0.15.2 (git hash: N/A)]
Execution started at 2026-01-14T13:39:28.885
Reading input data from sqlite:///C:\Users\jfg.eco\Documents\Nord_H2ub\Spine_Projects\02_basic_energy_model\.spinetoolbox\items\input\Input.sqlite...
Initializing  data structure from db... 12.219898 seconds (19.73 M allocations: 1.327 GiB, 2.94% gc time, 96.45% compilation time)
Preprocessing  data structure...  9.327519 seconds (8.29 M allocations: 570.486 MiB, 1.64% gc time, 99.37% compilation time)
Checking  data structure...  0.784204 seconds (569.05 k allocations: 38.907 MiB, 99.70% compilation time)
Build started at 2026-01-14T13:40:08.770
Creating model temporal structure...[ Info: the last time slice of temporal block Default_Investment_period has been cut to fit within the block
[ Info: the last time slice of temporal block daily has been cut to fit within the block
 61.721053 seconds (438.48 M allocations: 21.267 GiB, 28.19% gc time, 6.29% compilation time)
Creating model stochastic structure...  4.319972 seconds (7.14 M allocations: 896.079 MiB, 19.17% gc time, 72.41% compilation time)
Adding model independent variables...
- [variable_binary_gas_connection_flow]  2.197661 seconds (5.28 M allocations: 232.799 MiB, 96.44% compilation time)
- [variable_connection_flow] 11.324016 seconds (11.21 M allocations: 666.470 MiB, 40.15% gc time, 80.05% compilation time: <1% of which was recompilation)
- [variable_connection_intact_flow]  1.069770 seconds (3.79 M allocations: 156.772 MiB, 91.14% compilation time)
- [variable_connections_decommissioned]  2.227111 seconds (5.26 M allocations: 234.549 MiB, 97.10% compilation time)
- [variable_connections_invested]  1.333617 seconds (16.02 M allocations: 1.294 GiB, 24.34% gc time, 8.43% compilation time)
- [variable_connections_invested_available]  1.831964 seconds (17.36 M allocations: 1.375 GiB, 9.03% gc time, 42.79% compilation time)
- [variable_min_capacity_margin_slack]  1.003089 seconds (3.68 M allocations: 126.500 MiB, 89.44% compilation time)
- [variable_node_injection]  1.694171 seconds (3.87 M allocations: 149.738 MiB, 9.95% gc time, 95.15% compilation time)
- [variable_node_pressure]  0.525241 seconds (2.86 M allocations: 71.635 MiB, 90.49% compilation time)
- [variable_node_slack_neg]  0.562182 seconds (3.02 M allocations: 88.824 MiB, 86.87% compilation time)
- [variable_node_slack_pos]  0.073861 seconds (2.55 M allocations: 56.385 MiB)
- [variable_node_state]  1.628224 seconds (4.27 M allocations: 170.367 MiB, 95.11% compilation time)
- [variable_node_voltage_angle]  0.546892 seconds (2.87 M allocations: 72.182 MiB, 88.20% compilation time)
- [variable_nonspin_units_shut_down]  0.990909 seconds (3.83 M allocations: 134.348 MiB, 93.72% compilation time)
- [variable_nonspin_units_started_up]  0.553892 seconds (3.10 M allocations: 84.993 MiB, 89.05% compilation time)
- [variable_storages_decommissioned]  1.649068 seconds (3.75 M allocations: 131.024 MiB, 9.75% gc time, 96.11% compilation time)
- [variable_storages_invested]  0.353138 seconds (4.63 M allocations: 272.143 MiB, 52.34% compilation time)
- [variable_storages_invested_available]  0.277586 seconds (4.45 M allocations: 259.612 MiB, 27.81% compilation time)
- [variable_unit_flow]  6.117569 seconds (10.83 M allocations: 686.004 MiB, 97.55% compilation time)
- [variable_unit_flow_op]  3.408008 seconds (5.62 M allocations: 264.382 MiB, 97.56% compilation time)
- [variable_unit_flow_op_active]  1.492755 seconds (3.42 M allocations: 117.374 MiB, 94.22% compilation time)
- [variable_units_invested]  3.203842 seconds (17.42 M allocations: 1.340 GiB, 15.62% gc time, 68.91% compilation time)
- [variable_units_invested_available]  1.141137 seconds (15.95 M allocations: 1.232 GiB, 15.00% gc time, 14.90% compilation time)
- [variable_units_mothballed]  0.062054 seconds (2.34 M allocations: 36.273 MiB)
- [variable_units_on]  1.836159 seconds (4.46 M allocations: 184.134 MiB, 95.91% compilation time)
- [variable_units_out_of_service]  0.506333 seconds (2.87 M allocations: 72.344 MiB, 87.21% compilation time)
- [variable_units_returned_to_service]  0.120192 seconds (2.38 M allocations: 39.228 MiB, 50.55% compilation time)
- [variable_units_shut_down]  1.058588 seconds (3.03 M allocations: 85.071 MiB, 93.92% compilation time)
- [variable_units_started_up]  0.642023 seconds (2.71 M allocations: 62.112 MiB, 29.48% gc time, 89.11% compilation time)
- [variable_units_taken_out_of_service]  0.056345 seconds (2.35 M allocations: 36.588 MiB, 13.77% compilation time)
- [variable_user_constraint_slack_neg]  0.793106 seconds (3.47 M allocations: 110.827 MiB, 92.70% compilation time)
- [variable_user_constraint_slack_pos]  0.063484 seconds (2.33 M allocations: 35.569 MiB)
 53.327522 seconds (192.42 M allocations: 10.529 GiB, 11.68% gc time, 83.61% compilation time: <1% of which was recompilation)
Adding model dependent variables...
- [variable_connection_flow]  1.082521 seconds (2.11 M allocations: 145.248 MiB, 99.48% compilation time)
- [variable_unit_flow]  0.583490 seconds (714.90 k allocations: 52.313 MiB, 97.95% compilation time)
  1.916788 seconds (3.76 M allocations: 260.530 MiB, 98.65% compilation time)
Adding model expressions...
- [expression_capacity_margin]  0.355154 seconds (2.17 M allocations: 130.509 MiB, 99.95% compilation time)
  0.363688 seconds (2.17 M allocations: 130.570 MiB, 99.73% compilation time)
Adding model constraints...
- [constraint_candidate_connection_flow_lb]  0.347259 seconds (588.12 k allocations: 39.603 MiB, 99.83% compilation time)
- [constraint_candidate_connection_flow_ub]  0.094082 seconds (213.05 k allocations: 14.439 MiB, 99.69% compilation time)
- [constraint_compression_ratio]  0.044210 seconds (81.00 k allocations: 5.499 MiB, 99.65% compilation time)
- [constraint_connection_flow_capacity]  2.410007 seconds (3.51 M allocations: 253.439 MiB, 98.11% compilation time)
- [constraint_connection_flow_gas_capacity]  0.049069 seconds (74.27 k allocations: 4.928 MiB, 99.67% compilation time)
- [constraint_connection_flow_intact_flow]  0.202618 seconds (436.23 k allocations: 29.497 MiB, 99.84% compilation time)
- [constraint_connection_flow_lodf]  0.362875 seconds (528.44 k allocations: 34.576 MiB, 50.70% gc time, 99.91% compilation time)
- [constraint_connection_intact_flow_capacity]  0.227066 seconds (369.64 k allocations: 25.453 MiB, 99.80% compilation time)
- [constraint_connection_intact_flow_ptdf]  0.185938 seconds (223.61 k allocations: 15.194 MiB, 99.85% compilation time)
- [constraint_connection_lifetime] 17.221635 seconds (104.71 M allocations: 23.774 GiB, 37.99% gc time, 7.76% compilation time)
- [constraint_connection_unitary_gas_flow]  0.059539 seconds (183.09 k allocations: 12.216 MiB, 99.77% compilation time)
- [constraint_connections_invested_available]  0.484024 seconds (708.75 k allocations: 48.411 MiB, 99.77% compilation time)
- [constraint_connections_invested_transition]  1.291781 seconds (1.57 M allocations: 106.901 MiB, 99.70% compilation time)
- [constraint_cyclic_node_state]  0.198079 seconds (173.10 k allocations: 11.814 MiB, 99.84% compilation time)
- [constraint_fix_node_pressure_point]  0.044643 seconds (50.68 k allocations: 3.304 MiB, 99.47% compilation time)
- [constraint_fix_ratio_in_in_unit_flow]  2.050902 seconds (3.26 M allocations: 224.142 MiB, 99.46% compilation time)
- [constraint_fix_ratio_in_out_unit_flow]  0.082458 seconds (283.79 k allocations: 19.075 MiB, 99.38% compilation time)
- [constraint_fix_ratio_out_in_connection_flow]  1.746416 seconds (2.39 M allocations: 163.456 MiB, 99.49% compilation time)
- [constraint_fix_ratio_out_in_unit_flow]  0.000167 seconds (94 allocations: 19.219 KiB)
- [constraint_fix_ratio_out_out_unit_flow]  0.000312 seconds (748 allocations: 75.859 KiB)
- [constraint_investment_group_equal_investments]  0.171300 seconds (136.85 k allocations: 9.301 MiB, 99.83% compilation time)
- [constraint_investment_group_maximum_capacity_invested_available]  0.124244 seconds (117.09 k allocations: 8.014 MiB, 99.87% compilation time)
- [constraint_investment_group_maximum_entities_invested_available]  0.134678 seconds (172.31 k allocations: 11.670 MiB, 99.88% compilation time)
- [constraint_investment_group_minimum_capacity_invested_available]  0.037623 seconds (24.87 k allocations: 1.807 MiB, 99.11% compilation time)
- [constraint_investment_group_minimum_entities_invested_available]  0.038248 seconds (24.86 k allocations: 1.686 MiB, 99.51% compilation time)
- [constraint_max_node_pressure]  0.161977 seconds (236.55 k allocations: 15.919 MiB, 99.80% compilation time)
- [constraint_max_node_voltage_angle]  0.064540 seconds (71.69 k allocations: 4.778 MiB, 99.62% compilation time)
- [constraint_max_ratio_in_in_unit_flow]  0.000259 seconds (94 allocations: 19.219 KiB)
- [constraint_max_ratio_in_out_unit_flow]  0.000166 seconds (94 allocations: 19.219 KiB)
- [constraint_max_ratio_out_in_connection_flow]  0.058160 seconds (122.46 k allocations: 8.239 MiB, 99.68% compilation time)
- [constraint_max_ratio_out_in_unit_flow]  0.000144 seconds (94 allocations: 19.219 KiB)
- [constraint_max_ratio_out_out_unit_flow]  0.000154 seconds (94 allocations: 19.219 KiB)
- [constraint_max_total_cumulated_unit_flow_from_node]  0.149386 seconds (105.86 k allocations: 7.087 MiB, 99.87% compilation time)
- [constraint_max_total_cumulated_unit_flow_to_node]  0.000102 seconds (42 allocations: 3.750 KiB)
- [constraint_min_capacity_margin]  0.045198 seconds (42.16 k allocations: 2.835 MiB, 99.67% compilation time)
- [constraint_min_down_time]  1.788270 seconds (2.21 M allocations: 159.909 MiB, 9.92% gc time, 88.25% compilation time)
- [constraint_min_node_pressure]  0.053516 seconds (46.73 k allocations: 3.081 MiB, 99.38% compilation time)
- [constraint_min_node_voltage_angle]  0.054028 seconds (46.74 k allocations: 3.077 MiB, 99.25% compilation time)
- [constraint_min_ratio_in_in_unit_flow]  0.000147 seconds (94 allocations: 19.219 KiB)
- [constraint_min_ratio_in_out_unit_flow]  0.000143 seconds (94 allocations: 19.219 KiB)
- [constraint_min_ratio_out_in_connection_flow]  0.036833 seconds (22.53 k allocations: 1.556 MiB, 99.50% compilation time)
- [constraint_min_ratio_out_in_unit_flow]  0.000149 seconds (94 allocations: 19.219 KiB)
- [constraint_min_ratio_out_out_unit_flow]  0.000145 seconds (94 allocations: 19.219 KiB)
- [constraint_min_scheduled_outage_duration]  0.119068 seconds (113.98 k allocations: 7.809 MiB, 99.86% compilation time)
- [constraint_min_total_cumulated_unit_flow_from_node]  0.036182 seconds (22.52 k allocations: 1.564 MiB, 99.58% compilation time)
- [constraint_min_total_cumulated_unit_flow_to_node]  0.000090 seconds (42 allocations: 3.750 KiB)
- [constraint_min_up_time]  0.509571 seconds (464.03 k allocations: 32.459 MiB, 98.86% compilation time)
- [constraint_minimum_operating_point]  1.033368 seconds (1.35 M allocations: 94.244 MiB, 99.29% compilation time)
- [constraint_nodal_balance]  1.231663 seconds (1.83 M allocations: 128.515 MiB, 99.02% compilation time)
- [constraint_node_injection]  1.681356 seconds (2.86 M allocations: 203.557 MiB, 97.31% compilation time)
- [constraint_node_state_capacity]  0.889270 seconds (1.42 M allocations: 97.398 MiB, 98.90% compilation time)
- [constraint_node_voltage_angle]  0.107540 seconds (62.70 k allocations: 4.328 MiB, 99.80% compilation time)
- [constraint_non_spinning_reserves_lower_bound]  0.072372 seconds (90.40 k allocations: 6.103 MiB, 99.48% compilation time)
- [constraint_non_spinning_reserves_shut_down_upper_bound]  0.140590 seconds (177.76 k allocations: 11.771 MiB, 99.66% compilation time)
- [constraint_non_spinning_reserves_start_up_upper_bound]  0.000164 seconds (264 allocations: 24.703 KiB)
- [constraint_operating_point_bounds]  1.655920 seconds (2.56 M allocations: 257.595 MiB, 94.09% compilation time)
- [constraint_operating_point_rank]  0.491117 seconds (677.38 k allocations: 48.005 MiB, 99.25% compilation time)
- [constraint_ramp_down]  1.780300 seconds (2.27 M allocations: 154.624 MiB, 99.25% compilation time)
- [constraint_ramp_up]  0.642684 seconds (533.61 k allocations: 37.600 MiB, 98.24% compilation time)
- [constraint_ratio_out_in_connection_intact_flow]  0.080937 seconds (81.70 k allocations: 5.559 MiB, 99.62% compilation time)
- [constraint_storage_lifetime]  5.762759 seconds (20.10 M allocations: 3.596 GiB, 58.06% gc time, 16.06% compilation time)
- [constraint_storage_line_pack]  0.111087 seconds (64.43 k allocations: 4.593 MiB, 99.84% compilation time)
- [constraint_storages_invested_available]  0.277721 seconds (286.15 k allocations: 19.595 MiB, 99.72% compilation time)
- [constraint_storages_invested_transition]  0.343918 seconds (258.16 k allocations: 18.169 MiB, 99.50% compilation time)
- [constraint_unit_flow_capacity]  1.004025 seconds (1.43 M allocations: 101.710 MiB, 98.19% compilation time)
- [constraint_unit_flow_op_bounds]  0.468948 seconds (471.59 k allocations: 36.472 MiB, 98.99% compilation time)
- [constraint_unit_flow_op_rank]  0.526790 seconds (431.61 k allocations: 32.978 MiB, 99.03% compilation time)
- [constraint_unit_flow_op_sum]  0.540488 seconds (575.43 k allocations: 39.020 MiB, 99.69% compilation time)
- [constraint_unit_lifetime] 12.381600 seconds (83.33 M allocations: 16.372 GiB, 44.56% gc time, 6.69% compilation time)
- [constraint_unit_state_transition]  0.640482 seconds (881.35 k allocations: 60.359 MiB, 99.63% compilation time)
- [constraint_units_available]  0.910429 seconds (1.60 M allocations: 113.701 MiB, 97.37% compilation time)
- [constraint_units_invested_available]  0.152012 seconds (100.40 k allocations: 6.953 MiB, 99.58% compilation time)
- [constraint_units_invested_transition]  0.476341 seconds (340.32 k allocations: 23.593 MiB, 99.53% compilation time)
- [constraint_units_out_of_service_contiguity]  0.112302 seconds (54.28 k allocations: 3.833 MiB, 99.86% compilation time)
- [constraint_units_out_of_service_transition]  0.077891 seconds (81.74 k allocations: 5.720 MiB, 99.62% compilation time)
- [constraint_user_constraint]ERROR: LoadError: TaskFailedException
    nested task error: MethodError: no method matching *(::JuMP.VariableRef, ::String)
    Closest candidates are:
      *(::Any, ::Any, ::Any, ::Any...)
       @ Base operators.jl:587
      *(::JuMP.VariableRef, ::SpineInterface.Call)
       @ SpineInterface C:\Users\jfg.eco\.julia\packages\SpineInterface\Hd2BB\src\update_model.jl:516
      *(::SpineInterface.Call, ::Any)
       @ SpineInterface C:\Users\jfg.eco\.julia\packages\SpineInterface\Hd2BB\src\base.jl:305
      ...
    Stacktrace:
      [1] _broadcast_getindex_evalf
        @ .\broadcast.jl:709 [inlined]
      [2] _broadcast_getindex
        @ .\broadcast.jl:682 [inlined]
      [3] getindex
        @ .\broadcast.jl:636 [inlined]
      [4] copy
        @ .\broadcast.jl:942 [inlined]
      [5] materialize
        @ .\broadcast.jl:903 [inlined]
      [6] *
        @ C:\Users\jfg.eco\.julia\packages\MutableArithmetics\tNSBd\src\dispatch.jl:488 [inlined]
      [7] *(::JuMP.VariableRef, ::Vector{String}, ::Float64)
        @ Base .\operators.jl:587
      [8] (::SpineOpt.var"#2036#2060"{JuMP.Model, SpineInterface.Object, Dict{@NamedTuple{connection::SpineInterface.Object, node::SpineInterface.Object, direction::SpineInterface.Object, stochastic_scenario::SpineInterface.Object, t::SpineInterface.TimeSlice}, Union{JuMP.GenericAffExpr{T, JuMP.VariableRef} where T<:Union{Number, SpineInterface.Call}, JuMP.VariableRef}}})(::@NamedTuple{connection::SpineInterface.Object, node::SpineInterface.Object, direction::SpineInterface.Object, stochastic_scenario::SpineInterface.Object, t::SpineInterface.TimeSlice})
        @ SpineOpt .\none:0
      [9] MappingRF (repeats 3 times)
        @ .\reduce.jl:100 [inlined]
     [10] afoldl(op::Base.MappingRF{SpineOpt.var"#911#914"{SpineInterface.TimeSlice}, Base.MappingRF{SpineOpt.var"#1301#1304"{SpineInterface.Object, SpineInterface.Object}, Base.MappingRF{SpineOpt.var"#2036#2060"{JuMP.Model, SpineInterface.Object, Dict{@NamedTuple{connection::SpineInterface.Object, node::SpineInterface.Object, direction::SpineInterface.Object, stochastic_scenario::SpineInterface.Object, t::SpineInterface.TimeSlice}, Union{JuMP.GenericAffExpr{T, JuMP.VariableRef} where T<:Union{Number, SpineInterface.Call}, JuMP.VariableRef}}}, Base.BottomRF{typeof(Base.add_sum)}}}}, a::Int64, bs::@NamedTuple{node::SpineInterface.Object, stochastic_scenario::SpineInterface.Object})
        @ Base .\operators.jl:544
     [11] _foldl_impl(op::Base.MappingRF{SpineOpt.var"#911#914"{SpineInterface.TimeSlice}, Base.MappingRF{SpineOpt.var"#1301#1304"{SpineInterface.Object, SpineInterface.Object}, Base.MappingRF{SpineOpt.var"#2036#2060"{JuMP.Model, SpineInterface.Object, Dict{@NamedTuple{connection::SpineInterface.Object, node::SpineInterface.Object, direction::SpineInterface.Object, stochastic_scenario::SpineInterface.Object, t::SpineInterface.TimeSlice}, Union{JuMP.GenericAffExpr{T, JuMP.VariableRef} where T<:Union{Number, SpineInterface.Call}, JuMP.VariableRef}}}, Base.BottomRF{typeof(Base.add_sum)}}}}, init::Int64, itr::Tuple{@NamedTuple{node::SpineInterface.Object, stochastic_scenario::SpineInterface.Object}})
        @ Base .\reduce.jl:68
     [12] FlatteningRF
        @ .\reduce.jl:126 [inlined]
     [13] MappingRF (repeats 2 times)
        @ .\reduce.jl:100 [inlined]
     [14] _foldl_impl(op::Base.MappingRF{SpineOpt.var"#764#768"{SpineInterface.Object}, Base.MappingRF{SpineOpt.var"#912#913"{Vector{SpineInterface.Object}, JuMP.Model}, Base.FlatteningRF{Base.MappingRF{SpineOpt.var"#1301#1304"{SpineInterface.Object, SpineInterface.Object}, Base.MappingRF{SpineOpt.var"#2036#2060"{JuMP.Model, SpineInterface.Object, Dict{@NamedTuple{connection::SpineInterface.Object, node::SpineInterface.Object, direction::SpineInterface.Object, stochastic_scenario::SpineInterface.Object, t::SpineInterface.TimeSlice}, Union{JuMP.GenericAffExpr{T, JuMP.VariableRef} where T<:Union{Number, SpineInterface.Call}, JuMP.VariableRef}}}, Base.BottomRF{typeof(Base.add_sum)}}}}}}, init::Int64, itr::Vector{SpineInterface.TimeSlice})
        @ Base .\reduce.jl:58
     [15] FlatteningRF
        @ .\reduce.jl:126 [inlined]
     [16] (::Base.MappingRF{SpineOpt.var"#766#767"{Vector{Union{Int64, SpineInterface.Object, SpineInterface.TimeSlice}}, Vector{SpineInterface.TimeSlice}, JuMP.Model}, Base.FlatteningRF{Base.MappingRF{SpineOpt.var"#912#913"{Vector{SpineInterface.Object}, JuMP.Model}, Base.FlatteningRF{Base.MappingRF{SpineOpt.var"#1301#1304"{SpineInterface.Object, SpineInterface.Object}, Base.MappingRF{SpineOpt.var"#2036#2060"{JuMP.Model, SpineInterface.Object, Dict{@NamedTuple{connection::SpineInterface.Object, node::SpineInterface.Object, direction::SpineInterface.Object, stochastic_scenario::SpineInterface.Object, t::SpineInterface.TimeSlice}, Union{JuMP.GenericAffExpr{T, JuMP.VariableRef} where T<:Union{Number, SpineInterface.Call}, JuMP.VariableRef}}}, Base.BottomRF{typeof(Base.add_sum)}}}}}}})(acc::Int64, x::SpineInterface.Object)
        @ Base .\reduce.jl:100
     [17] _foldl_impl(op::Base.MappingRF{SpineOpt.var"#766#767"{Vector{Union{Int64, SpineInterface.Object, SpineInterface.TimeSlice}}, Vector{SpineInterface.TimeSlice}, JuMP.Model}, Base.FlatteningRF{Base.MappingRF{SpineOpt.var"#912#913"{Vector{SpineInterface.Object}, JuMP.Model}, Base.FlatteningRF{Base.MappingRF{SpineOpt.var"#1301#1304"{SpineInterface.Object, SpineInterface.Object}, Base.MappingRF{SpineOpt.var"#2036#2060"{JuMP.Model, SpineInterface.Object, Dict{@NamedTuple{connection::SpineInterface.Object, node::SpineInterface.Object, direction::SpineInterface.Object, stochastic_scenario::SpineInterface.Object, t::SpineInterface.TimeSlice}, Union{JuMP.GenericAffExpr{T, JuMP.VariableRef} where T<:Union{Number, SpineInterface.Call}, JuMP.VariableRef}}}, Base.BottomRF{typeof(Base.add_sum)}}}}}}}, init::Int64, itr::Vector{Any})
        @ Base .\reduce.jl:58
     [18] (::Base.FlatteningRF{Base.MappingRF{SpineOpt.var"#2036#2060"{JuMP.Model, SpineInterface.Object, Dict{@NamedTuple{connection::SpineInterface.Object, node::SpineInterface.Object, direction::SpineInterface.Object, stochastic_scenario::SpineInterface.Object, t::SpineInterface.TimeSlice}, Union{JuMP.GenericAffExpr{T, JuMP.VariableRef} where T<:Union{Number, SpineInterface.Call}, JuMP.VariableRef}}}, Base.BottomRF{typeof(Base.add_sum)}}})(acc::Int64, x::Base.Generator{Base.Iterators.Flatten{Base.Generator{Base.Iterators.Flatten{Base.Generator{Vector{Any}, SpineOpt.var"#766#767"{Vector{Union{Int64, SpineInterface.Object, SpineInterface.TimeSlice}}, Vector{SpineInterface.TimeSlice}, JuMP.Model}}}, SpineOpt.var"#912#913"{Vector{SpineInterface.Object}, JuMP.Model}}}, SpineOpt.var"#1301#1304"{SpineInterface.Object, SpineInterface.Object}})
        @ Base .\reduce.jl:126
     [19] (::Base.MappingRF{SpineOpt.var"#1302#1303"{Vector{SpineInterface.Object}, Vector{SpineInterface.TimeSlice}, Vector{Union{Int64, SpineInterface.Object, SpineInterface.TimeSlice}}, JuMP.Model}, Base.FlatteningRF{Base.MappingRF{SpineOpt.var"#2036#2060"{JuMP.Model, SpineInterface.Object, Dict{@NamedTuple{connection::SpineInterface.Object, node::SpineInterface.Object, direction::SpineInterface.Object, stochastic_scenario::SpineInterface.Object, t::SpineInterface.TimeSlice}, Union{JuMP.GenericAffExpr{T, JuMP.VariableRef} where T<:Union{Number, SpineInterface.Call}, JuMP.VariableRef}}}, Base.BottomRF{typeof(Base.add_sum)}}}})(acc::Int64, x::@NamedTuple{connection::SpineInterface.Object, node::SpineInterface.Object, direction::SpineInterface.Object})
        @ Base .\reduce.jl:100
     [20] MappingRF
        @ .\reduce.jl:100 [inlined]
     [21] _foldl_impl(op::Base.MappingRF{SpineInterface.var"#241#242"{SpineInterface.RelationshipClass}, Base.MappingRF{SpineOpt.var"#1302#1303"{Vector{SpineInterface.Object}, Vector{SpineInterface.TimeSlice}, Vector{Union{Int64, SpineInterface.Object, SpineInterface.TimeSlice}}, JuMP.Model}, Base.FlatteningRF{Base.MappingRF{SpineOpt.var"#2036#2060"{JuMP.Model, SpineInterface.Object, Dict{@NamedTuple{connection::SpineInterface.Object, node::SpineInterface.Object, direction::SpineInterface.Object, stochastic_scenario::SpineInterface.Object, t::SpineInterface.TimeSlice}, Union{JuMP.GenericAffExpr{T, JuMP.VariableRef} where T<:Union{Number, SpineInterface.Call}, JuMP.VariableRef}}}, Base.BottomRF{typeof(Base.add_sum)}}}}}, init::Int64, itr::Vector{Int64})
        @ Base .\reduce.jl:58
     [22] FlatteningRF
        @ .\reduce.jl:126 [inlined]
     [23] MappingRF
        @ .\reduce.jl:100 [inlined]
     [24] _foldl_impl(op::Base.MappingRF{SpineOpt.var"#2037#2059"{JuMP.Model, SpineInterface.Object, Vector{SpineInterface.Object}, SpineInterface.TimeSlice, Dict{@NamedTuple{connection::SpineInterface.Object, node::SpineInterface.Object, direction::SpineInterface.Object, stochastic_scenario::SpineInterface.Object, t::SpineInterface.TimeSlice}, Union{JuMP.GenericAffExpr{T, JuMP.VariableRef} where T<:Union{Number, SpineInterface.Call}, JuMP.VariableRef}}}, Base.FlatteningRF{Base.BottomRF{typeof(Base.add_sum)}}}, init::Int64, itr::Vector{@NamedTuple{connection::SpineInterface.Object, node::SpineInterface.Object}})
        @ Base .\reduce.jl:58
     [25] foldl_impl
        @ .\reduce.jl:48 [inlined]
     [26] mapfoldl_impl
        @ .\reduce.jl:44 [inlined]
     [27] mapfoldl
        @ .\reduce.jl:175 [inlined]
     [28] mapreduce
        @ .\reduce.jl:307 [inlined]
     [29] sum
        @ .\reduce.jl:535 [inlined]
     [30] #sum#308
        @ .\reduce.jl:564 [inlined]
     [31] _operations_term(m::JuMP.Model, uc::SpineInterface.Object, path::Vector{SpineInterface.Object}, t::SpineInterface.TimeSlice)
        @ SpineOpt C:\Users\jfg.eco\.julia\packages\SpineOpt\HEhN7\src\constraints\constraint_user_constraint.jl:87
     [32] _build_constraint_user_constraint(m::JuMP.Model, uc::SpineInterface.Object, path::Vector{SpineInterface.Object}, t::SpineInterface.TimeSlice)
        @ SpineOpt C:\Users\jfg.eco\.julia\packages\SpineOpt\HEhN7\src\constraints\constraint_user_constraint.jl:66
     [33] macro expansion
        @ C:\Users\jfg.eco\.julia\packages\SpineOpt\HEhN7\src\constraints\constraint_common.jl:26 [inlined]
     [34] (::SpineOpt.var"#2708#threadsfor_fun#1446"{SpineOpt.var"#2708#threadsfor_fun#1445#1447"{JuMP.Model, typeof(SpineOpt._build_constraint_user_constraint), Vector{Any}, Vector{@NamedTuple{user_constraint::SpineInterface.Object, stochastic_path::Vector{SpineInterface.Object}, t::SpineInterface.TimeSlice}}, Base.OneTo{Int64}}})(tid::Int64; onethread::Bool)
        @ SpineOpt .\threadingconstructs.jl:215
     [35] #2708#threadsfor_fun
        @ .\threadingconstructs.jl:182 [inlined]
     [36] (::Base.Threads.var"#1#2"{SpineOpt.var"#2708#threadsfor_fun#1446"{SpineOpt.var"#2708#threadsfor_fun#1445#1447"{JuMP.Model, typeof(SpineOpt._build_constraint_user_constraint), Vector{Any}, Vector{@NamedTuple{user_constraint::SpineInterface.Object, stochastic_path::Vector{SpineInterface.Object}, t::SpineInterface.TimeSlice}}, Base.OneTo{Int64}}}, Int64})()
        @ Base.Threads .\threadingconstructs.jl:154
Stacktrace:
  [1] threading_run(fun::SpineOpt.var"#2708#threadsfor_fun#1446"{SpineOpt.var"#2708#threadsfor_fun#1445#1447"{JuMP.Model, typeof(SpineOpt._build_constraint_user_constraint), Vector{Any}, Vector{@NamedTuple{user_constraint::SpineInterface.Object, stochastic_path::Vector{SpineInterface.Object}, t::SpineInterface.TimeSlice}}, Base.OneTo{Int64}}}, static::Bool)
    @ Base.Threads .\threadingconstructs.jl:172
  [2] macro expansion
    @ .\threadingconstructs.jl:220 [inlined]
  [3] _add_constraint!(m::JuMP.Model, name::Symbol, indices::typeof(SpineOpt.constraint_user_constraint_indices), build_constraint::Function)
    @ SpineOpt C:\Users\jfg.eco\.julia\packages\SpineOpt\HEhN7\src\constraints\constraint_common.jl:24
  [4] add_constraint_user_constraint!
    @ C:\Users\jfg.eco\.julia\packages\SpineOpt\HEhN7\src\constraints\constraint_user_constraint.jl:62 [inlined]
  [5] macro expansion
    @ .\timing.jl:279 [inlined]
  [6] (::SpineOpt.var"#192#194"{JuMP.Model, typeof(SpineOpt.add_constraint_user_constraint!)})()
    @ SpineOpt C:\Users\jfg.eco\.julia\packages\SpineOpt\HEhN7\src\util\misc.jl:60
  [7] (::Base.RedirectStdStream)(thunk::SpineOpt.var"#192#194"{JuMP.Model, typeof(SpineOpt.add_constraint_user_constraint!)}, stream::Pipe)
    @ Base .\stream.jl:1429
  [8] macro expansion
    @ C:\Users\jfg.eco\.julia\packages\SpineOpt\HEhN7\src\util\misc.jl:59 [inlined]
  [9] _add_constraints!(m::JuMP.Model; log_level::Int64)
    @ SpineOpt C:\Users\jfg.eco\.julia\packages\SpineOpt\HEhN7\src\run_spineopt_basic.jl:238
 [10] _add_constraints!
    @ C:\Users\jfg.eco\.julia\packages\SpineOpt\HEhN7\src\run_spineopt_basic.jl:158 [inlined]
 [11] macro expansion
    @ .\timing.jl:279 [inlined]
 [12] (::SpineOpt.var"#161#177"{Int64, JuMP.Model})()
    @ SpineOpt C:\Users\jfg.eco\.julia\packages\SpineOpt\HEhN7\src\util\misc.jl:60
 [13] (::Base.RedirectStdStream)(thunk::SpineOpt.var"#161#177"{Int64, JuMP.Model}, stream::Pipe)
    @ Base .\stream.jl:1429
 [14] macro expansion
    @ C:\Users\jfg.eco\.julia\packages\SpineOpt\HEhN7\src\util\misc.jl:59 [inlined]
 [15] build_model!(m::JuMP.Model; log_level::Int64)
    @ SpineOpt C:\Users\jfg.eco\.julia\packages\SpineOpt\HEhN7\src\run_spineopt_basic.jl:87
 [16] build_model!
    @ C:\Users\jfg.eco\.julia\packages\SpineOpt\HEhN7\src\run_spineopt_basic.jl:73 [inlined]
 [17] do_run_spineopt!(m::JuMP.Model, url_out::String, ::Val{:basic_algorithm}; log_level::Int64, optimize::Bool, update_names::Bool, alternative::String, write_as_roll::Int64, resume_file_path::Nothing)
    @ SpineOpt C:\Users\jfg.eco\.julia\packages\SpineOpt\HEhN7\src\run_spineopt_basic.jl:32
 [18] #invokelatest#2
    @ .\essentials.jl:894 [inlined]
 [19] invokelatest
    @ .\essentials.jl:889 [inlined]
 [20] run_spineopt!(m::JuMP.Model, url_out::String; log_level::Int64, optimize::Bool, update_names::Bool, alternative::String, write_as_roll::Int64, resume_file_path::Nothing)
    @ SpineOpt C:\Users\jfg.eco\.julia\packages\SpineOpt\HEhN7\src\run_spineopt.jl:369
 [21] run_spineopt!
    @ C:\Users\jfg.eco\.julia\packages\SpineOpt\HEhN7\src\run_spineopt.jl:358 [inlined]
 [22] _run_spineopt(f::SpineOpt.var"#64#65", url_in::String, url_out::String; upgrade::Bool, filters::Dict{String, String}, templates::Tuple{}, mip_solver::Nothing, lp_solver::Nothing, use_direct_model::Bool, use_model_names::Bool, add_bridges::Bool, log_level::Int64, alternative::String, kwargs::@Kwargs{optimize::Bool, update_names::Bool, write_as_roll::Int64, resume_file_path::Nothing})
    @ SpineOpt C:\Users\jfg.eco\.julia\packages\SpineOpt\HEhN7\src\run_spineopt.jl:162
 [23] _run_spineopt
    @ C:\Users\jfg.eco\.julia\packages\SpineOpt\HEhN7\src\run_spineopt.jl:126 [inlined]
 [24] #67
    @ C:\Users\jfg.eco\.julia\packages\SpineOpt\HEhN7\src\run_spineopt.jl:104 [inlined]
 [25] _log_to_file
    @ C:\Users\jfg.eco\.julia\packages\SpineOpt\HEhN7\src\util\misc.jl:246 [inlined]
 [26] #run_spineopt#66
    @ C:\Users\jfg.eco\.julia\packages\SpineOpt\HEhN7\src\run_spineopt.jl:103 [inlined]
 [27] run_spineopt
    @ C:\Users\jfg.eco\.julia\packages\SpineOpt\HEhN7\src\run_spineopt.jl:83 [inlined]
 [28] #run_spineopt#63
    @ C:\Users\jfg.eco\.julia\packages\SpineOpt\HEhN7\src\run_spineopt.jl:67 [inlined]
 [29] run_spineopt(url_in::String, url_out::String)
    @ SpineOpt C:\Users\jfg.eco\.julia\packages\SpineOpt\HEhN7\src\run_spineopt.jl:66
 [30] top-level scope
    @ C:\Users\jfg.eco\.spinetoolbox\work\run_spineopt__0ec38e5c21f4446192d1a4e01755c92e__toolbox\run_spineopt.jl:3
 [31] include(fname::String)
    @ Base.MainInclude .\client.jl:494
 [32] top-level scope
    @ none:1
in expression starting at C:\Users\jfg.eco\.spinetoolbox\work\run_spineopt__0ec38e5c21f4446192d1a4e01755c92e__toolbox\run_spineopt.jl:3
