### Spine execution log file
### Item name: Run SpineOpt
### Filter id: 
### Part: 1

               _
   _       _ _(_)_     |  Documentation: https://docs.julialang.org
  (_)     | (_) (_)    |
   _ _   _| |_  __ _   |  Type "?" for help, "]?" for Pkg help.
  | | | | | | |/ _` |  |
  | | |_| | | | (_| |  |  Version 1.10.10 (2025-06-27)
 _/ |\__'_|_|_|\__'_|  |  Official https://julialang.org/ release
|__/                   |
# Running julia run_spineopt.jl http://127.0.0.1:59033 http://127.0.0.1:59035
2-element Vector{String}:
 "http://127.0.0.1:59033"
 "http://127.0.0.1:59035"
WARNING: using JuMP.parameter_value in module SpineInterface conflicts with an existing identifier.
WARNING: using JuMP.Parameter in module SpineInterface conflicts with an existing identifier.
Running SpineOpt...
[SpineOpt version 0.8.3 (git hash: N/A)]
[SpineInterface version 0.14.8 (git hash: N/A)]
Execution started at 2026-01-23T09:12:59.310
Reading input data from sqlite:///C:\Users\jfg.eco\Documents\GitHub\Nord_H2ub\Spine_Projects\02_basic_energy_model\.spinetoolbox\items\input\Input.sqlite...
Initializing base data structure from db... 14.015736 seconds (18.38 M allocations: 1.231 GiB, 2.67% gc time, 96.53% compilation time)
Preprocessing base data structure... 13.424806 seconds (9.66 M allocations: 663.923 MiB, 1.50% gc time, 99.60% compilation time)
Checking base data structure...  0.918692 seconds (618.90 k allocations: 42.471 MiB, 99.72% compilation time)
[ Info: the last time slice of temporal block Default_Investment_period has been cut to fit within the block
[ Info: the last time slice of temporal block daily has been cut to fit within the block
Creating model temporal structure... 54.435219 seconds (437.54 M allocations: 22.260 GiB, 41.04% gc time, 9.43% compilation time)
Creating model stochastic structure...  4.988361 seconds (7.10 M allocations: 928.973 MiB, 19.66% gc time, 92.15% compilation time)
Adding model variables...
- [variable_binary_gas_connection_flow]  1.761034 seconds (3.94 M allocations: 143.352 MiB, 95.53% compilation time)
- [variable_connection_flow]  5.038706 seconds (7.83 M allocations: 432.520 MiB, 97.35% compilation time: <1% of which was recompilation)
- [variable_connection_intact_flow]  0.701014 seconds (3.45 M allocations: 119.149 MiB, 87.11% compilation time)
- [variable_connections_decommissioned]  1.242237 seconds (3.58 M allocations: 120.811 MiB, 93.15% compilation time)
- [variable_connections_invested]  6.721575 seconds (12.18 M allocations: 1.015 GiB, 86.21% gc time, 1.69% compilation time)
- [variable_connections_invested_available]  3.154651 seconds (20.62 M allocations: 1.618 GiB, 13.86% gc time, 42.73% compilation time)
- [variable_min_capacity_margin_slack]  0.675185 seconds (3.32 M allocations: 103.088 MiB, 88.99% compilation time)
- [variable_node_injection]  0.976504 seconds (3.32 M allocations: 106.532 MiB, 91.11% compilation time)
- [variable_node_pressure]  0.537734 seconds (3.06 M allocations: 85.469 MiB, 85.10% compilation time)
- [variable_node_slack_neg]  0.488736 seconds (2.97 M allocations: 81.481 MiB, 82.28% compilation time)
- [variable_node_slack_pos]  0.081810 seconds (2.40 M allocations: 42.300 MiB, 4.96% compilation time)
- [variable_node_state]  1.016945 seconds (3.53 M allocations: 118.409 MiB, 91.55% compilation time)
- [variable_node_voltage_angle]  0.576922 seconds (3.02 M allocations: 82.714 MiB, 86.77% compilation time)
- [variable_nonspin_units_shut_down]  0.827798 seconds (3.42 M allocations: 109.881 MiB, 90.52% compilation time)
- [variable_nonspin_units_started_up]  0.639738 seconds (2.93 M allocations: 76.547 MiB, 30.14% gc time, 58.50% compilation time)
- [variable_storages_decommissioned]  0.924802 seconds (3.23 M allocations: 97.338 MiB, 91.96% compilation time)
- [variable_storages_invested]  0.441495 seconds (4.15 M allocations: 249.763 MiB, 51.80% compilation time)
- [variable_storages_invested_available]  0.458446 seconds (4.93 M allocations: 311.752 MiB, 35.27% compilation time)
- [variable_unit_flow]  4.552566 seconds (8.45 M allocations: 468.990 MiB, 4.66% gc time, 97.08% compilation time)
- [variable_unit_flow_op]  1.333421 seconds (4.02 M allocations: 153.676 MiB, 94.64% compilation time)
- [variable_unit_flow_op_active]  0.707744 seconds (3.07 M allocations: 88.635 MiB, 88.69% compilation time)
- [variable_units_invested]  1.998050 seconds (12.28 M allocations: 998.307 MiB, 11.61% gc time, 48.78% compilation time)
- [variable_units_invested_available]  2.272277 seconds (17.78 M allocations: 1.380 GiB, 11.60% gc time, 14.90% compilation time)
- [variable_units_mothballed]  0.174578 seconds (2.35 M allocations: 37.221 MiB, 50.96% compilation time)
- [variable_units_on]  1.448765 seconds (3.63 M allocations: 126.848 MiB, 91.67% compilation time)
- [variable_units_out_of_service]  0.765563 seconds (3.14 M allocations: 90.937 MiB, 86.64% compilation time)
- [variable_units_returned_to_service]  0.201574 seconds (2.43 M allocations: 42.599 MiB, 59.92% compilation time)
- [variable_units_shut_down]  0.707912 seconds (2.96 M allocations: 78.928 MiB, 85.89% compilation time)
- [variable_units_started_up]  0.161361 seconds (2.37 M allocations: 38.324 MiB, 45.57% compilation time)
- [variable_units_taken_out_of_service]  0.100468 seconds (2.35 M allocations: 36.903 MiB, 11.26% compilation time)
- [variable_user_constraint_slack_neg]  0.738853 seconds (3.23 M allocations: 97.208 MiB, 88.63% compilation time)
- [variable_user_constraint_slack_pos]  0.088479 seconds (2.33 M allocations: 35.823 MiB, 7.07% compilation time)
 43.580875 seconds (163.51 M allocations: 8.565 GiB, 17.07% gc time, 66.93% compilation time: <1% of which was recompilation)
Adding model expressions...
- [expression_capacity_margin]  0.284290 seconds (675.32 k allocations: 43.999 MiB, 99.88% compilation time)
  0.284581 seconds (675.38 k allocations: 44.004 MiB, 99.78% compilation time)
Adding model constraints...
- [constraint_candidate_connection_flow_lb]  0.553808 seconds (473.06 k allocations: 31.675 MiB, 99.85% compilation time)
- [constraint_candidate_connection_flow_ub]  0.122363 seconds (70.07 k allocations: 4.667 MiB, 99.74% compilation time)
- [constraint_compression_ratio]  0.252008 seconds (360.02 k allocations: 25.414 MiB, 99.94% compilation time)
- [constraint_connection_flow_capacity]  5.306658 seconds (3.91 M allocations: 282.144 MiB, 97.68% compilation time)
- [constraint_connection_flow_gas_capacity]  0.331173 seconds (267.77 k allocations: 18.821 MiB, 99.94% compilation time)
- [constraint_connection_flow_intact_flow]  0.377125 seconds (451.65 k allocations: 29.954 MiB, 99.86% compilation time)
- [constraint_connection_flow_lodf]  0.487432 seconds (747.88 k allocations: 48.904 MiB, 99.89% compilation time)
- [constraint_connection_intact_flow_capacity]  0.388181 seconds (383.88 k allocations: 26.458 MiB, 99.86% compilation time)
- [constraint_connection_intact_flow_ptdf]  0.416559 seconds (405.84 k allocations: 27.427 MiB, 99.91% compilation time)
- [constraint_connection_lifetime] 59.514823 seconds (106.14 M allocations: 11.279 GiB, 68.72% gc time, 5.71% compilation time)
- [constraint_connection_unitary_gas_flow]  0.140482 seconds (205.48 k allocations: 13.760 MiB, 99.86% compilation time)
- [constraint_connections_invested_available]  0.877689 seconds (463.49 k allocations: 31.929 MiB, 99.83% compilation time)
- [constraint_connections_invested_transition]  2.065300 seconds (1.44 M allocations: 98.049 MiB, 99.67% compilation time)
- [constraint_cyclic_node_state]  0.500371 seconds (296.46 k allocations: 20.511 MiB, 99.84% compilation time)
- [constraint_fix_node_pressure_point]  0.377842 seconds (308.42 k allocations: 21.599 MiB, 99.94% compilation time)
- [constraint_fix_ratio_in_in_unit_flow]  5.475081 seconds (3.99 M allocations: 282.942 MiB, 7.95% gc time, 98.62% compilation time)
- [constraint_fix_ratio_in_out_unit_flow]  0.114624 seconds (217.72 k allocations: 14.733 MiB, 99.67% compilation time)
- [constraint_fix_ratio_out_in_connection_flow]  2.561365 seconds (2.01 M allocations: 137.436 MiB, 99.73% compilation time)
- [constraint_fix_ratio_out_in_unit_flow]  0.005926 seconds (538 allocations: 57.352 KiB, 95.77% compilation time)
- [constraint_fix_ratio_out_out_unit_flow]  0.058463 seconds (104.72 k allocations: 11.638 MiB, 71.37% compilation time)
- [constraint_investment_group_equal_investments]  0.392274 seconds (286.00 k allocations: 19.116 MiB, 99.86% compilation time)
- [constraint_investment_group_maximum_capacity_invested_available]  0.305700 seconds (377.08 k allocations: 26.122 MiB, 99.93% compilation time)
- [constraint_investment_group_maximum_entities_invested_available]  0.302942 seconds (339.38 k allocations: 23.215 MiB, 99.94% compilation time)
- [constraint_investment_group_minimum_capacity_invested_available]  0.268700 seconds (202.14 k allocations: 14.290 MiB, 99.94% compilation time)
- [constraint_investment_group_minimum_entities_invested_available]  0.281216 seconds (202.14 k allocations: 14.298 MiB, 99.94% compilation time)
- [constraint_max_node_pressure]  0.586697 seconds (498.86 k allocations: 34.675 MiB, 99.83% compilation time)
- [constraint_max_node_voltage_angle]  0.229307 seconds (154.31 k allocations: 10.492 MiB, 99.78% compilation time)
- [constraint_max_ratio_in_in_unit_flow]  0.017648 seconds (1.70 k allocations: 137.906 KiB, 98.69% compilation time)
- [constraint_max_ratio_in_out_unit_flow]  0.004756 seconds (538 allocations: 57.352 KiB, 95.48% compilation time)
- [constraint_max_ratio_out_in_connection_flow]  0.096372 seconds (146.65 k allocations: 9.890 MiB, 99.84% compilation time)
- [constraint_max_ratio_out_in_unit_flow]  0.004176 seconds (538 allocations: 57.352 KiB, 94.73% compilation time)
- [constraint_max_ratio_out_out_unit_flow]  0.005477 seconds (538 allocations: 57.352 KiB, 96.99% compilation time)
- [constraint_max_total_cumulated_unit_flow_from_node]  0.274786 seconds (383.30 k allocations: 27.040 MiB, 99.93% compilation time)
- [constraint_max_total_cumulated_unit_flow_to_node]  0.007119 seconds (444 allocations: 31.938 KiB, 98.37% compilation time)
- [constraint_min_capacity_margin]  0.109999 seconds (124.15 k allocations: 8.536 MiB, 99.85% compilation time)
- [constraint_min_down_time]  3.295840 seconds (2.43 M allocations: 178.397 MiB, 97.24% compilation time)
- [constraint_min_node_pressure]  0.202173 seconds (103.69 k allocations: 7.090 MiB, 99.79% compilation time)
- [constraint_min_node_voltage_angle]  0.218425 seconds (103.71 k allocations: 7.098 MiB, 99.76% compilation time)
- [constraint_min_ratio_in_in_unit_flow]  0.027377 seconds (1.70 k allocations: 138.234 KiB, 98.50% compilation time)
- [constraint_min_ratio_in_out_unit_flow]  0.007859 seconds (538 allocations: 57.352 KiB, 96.80% compilation time)
- [constraint_min_ratio_out_in_connection_flow]  0.097903 seconds (46.74 k allocations: 3.214 MiB, 99.77% compilation time)
- [constraint_min_ratio_out_in_unit_flow]  0.006803 seconds (538 allocations: 57.352 KiB, 96.92% compilation time)
- [constraint_min_ratio_out_out_unit_flow]  0.007363 seconds (541 allocations: 61.930 KiB, 94.36% compilation time)
- [constraint_min_scheduled_outage_duration]  0.355525 seconds (274.35 k allocations: 19.266 MiB, 99.94% compilation time)
- [constraint_min_total_cumulated_unit_flow_from_node]  0.080657 seconds (46.74 k allocations: 3.215 MiB, 99.74% compilation time)
- [constraint_min_total_cumulated_unit_flow_to_node]  0.006775 seconds (444 allocations: 31.938 KiB, 98.64% compilation time)
- [constraint_min_up_time]  0.314273 seconds (201.10 k allocations: 14.078 MiB, 99.92% compilation time)
- [constraint_minimum_operating_point]  2.297026 seconds (1.38 M allocations: 97.869 MiB, 99.38% compilation time)
- [constraint_nodal_balance]  2.116074 seconds (1.68 M allocations: 119.723 MiB, 98.60% compilation time)
- [constraint_node_injection]  2.426068 seconds (2.33 M allocations: 169.633 MiB, 96.91% compilation time)
- [constraint_node_state_capacity]  1.291830 seconds (1.05 M allocations: 74.072 MiB, 98.68% compilation time)
- [constraint_node_voltage_angle]  0.272242 seconds (225.16 k allocations: 15.534 MiB, 99.94% compilation time)
- [constraint_non_spinning_reserves_lower_bound]  0.380936 seconds (346.35 k allocations: 24.115 MiB, 99.90% compilation time)
- [constraint_non_spinning_reserves_shut_down_upper_bound]  0.240765 seconds (249.18 k allocations: 16.528 MiB, 99.77% compilation time)
- [constraint_non_spinning_reserves_start_up_upper_bound]  0.005413 seconds (791 allocations: 63.234 KiB, 97.24% compilation time)
- [constraint_operating_point_bounds]  8.215404 seconds (7.29 M allocations: 787.020 MiB, 54.38% gc time, 39.87% compilation time)
- [constraint_operating_point_rank]  0.515156 seconds (458.67 k allocations: 33.308 MiB, 99.01% compilation time)
- [constraint_ramp_down]  3.245334 seconds (2.48 M allocations: 170.102 MiB, 98.84% compilation time)
- [constraint_ramp_up]  1.735366 seconds (894.64 k allocations: 63.958 MiB, 98.13% compilation time)
- [constraint_ratio_out_in_connection_intact_flow]  0.266187 seconds (218.17 k allocations: 14.361 MiB, 99.87% compilation time)
- [constraint_storage_lifetime] 13.242090 seconds (20.36 M allocations: 2.196 GiB, 71.72% gc time, 13.89% compilation time)
- [constraint_storage_line_pack]  0.336948 seconds (228.16 k allocations: 15.891 MiB, 99.94% compilation time)
- [constraint_storages_invested_available]  0.744601 seconds (358.14 k allocations: 24.495 MiB, 4.55% gc time, 99.86% compilation time)
- [constraint_storages_invested_transition]  0.630625 seconds (311.61 k allocations: 21.558 MiB, 3.71% gc time, 99.53% compilation time)
- [constraint_unit_flow_capacity]  2.472306 seconds (1.73 M allocations: 124.425 MiB, 2.30% gc time, 98.69% compilation time)
- [constraint_unit_flow_op_bounds]  1.289273 seconds (688.27 k allocations: 51.948 MiB, 4.69% gc time, 96.81% compilation time)
- [constraint_unit_flow_op_rank]  1.375446 seconds (618.63 k allocations: 46.304 MiB, 2.15% gc time, 99.03% compilation time)
- [constraint_unit_flow_op_sum]  1.198492 seconds (690.61 k allocations: 47.828 MiB, 1.97% gc time, 99.85% compilation time)
- [constraint_unit_lifetime] 41.069874 seconds (84.27 M allocations: 9.320 GiB, 78.94% gc time, 3.04% compilation time)
- [constraint_unit_pw_heat_rate]  0.271388 seconds (326.39 k allocations: 23.069 MiB, 99.91% compilation time)
- [constraint_unit_state_transition]  0.902790 seconds (789.46 k allocations: 54.901 MiB, 99.63% compilation time)
- [constraint_units_available]  1.081672 seconds (1.38 M allocations: 98.928 MiB, 96.77% compilation time)
- [constraint_units_invested_available]  0.283127 seconds (177.06 k allocations: 12.347 MiB, 99.70% compilation time)
- [constraint_units_invested_transition]  0.469324 seconds (315.76 k allocations: 21.884 MiB, 99.45% compilation time)
- [constraint_units_out_of_service_contiguity]  0.244937 seconds (173.72 k allocations: 12.210 MiB, 99.93% compilation time)
- [constraint_units_out_of_service_transition]  0.155368 seconds (160.81 k allocations: 11.033 MiB, 99.81% compilation time)
- [constraint_user_constraint]  7.704662 seconds (7.04 M allocations: 482.771 MiB, 6.99% gc time, 99.32% compilation time)
186.331546 seconds (267.76 M allocations: 26.977 GiB, 47.51% gc time, 39.28% compilation time)
Setting model objective...  7.179141 seconds (7.49 M allocations: 514.113 MiB, 4.18% gc time, 98.76% compilation time)
Bringing model to the first window...  0.865364 seconds (3.37 M allocations: 128.284 MiB, 28.82% gc time, 21.94% compilation time)
model - Window 1 of 1: 2019-01-01T00:00~(1 day, 23 hours)~>2019-01-02T23:00
Optimizing model...Running HiGHS 1.8.0 (git hash: fcfb53414): Copyright (c) 2024 HiGHS under MIT licence terms
Coefficient ranges:
  Matrix [7e-04, 1e+05]
  Cost   [1e-03, 2e+09]
  Bound  [4e-01, 1e+05]
  RHS    [1e+00, 1e+02]
Presolving model
13728 rows, 3307 cols, 31093 nonzeros  0s
1948 rows, 2533 cols, 7805 nonzeros  0s
1847 rows, 2466 cols, 7034 nonzeros  0s
Solving MIP model with:
   1847 rows
   2466 cols (83 binary, 9 integer, 0 implied int., 2374 continuous)
   7034 nonzeros
        Nodes      |    B&B Tree     |            Objective Bounds              |  Dynamic Constraints |       Work
     Proc. InQueue |  Leaves   Expl. | BestBound       BestSol              Gap |   Cuts   InLp Confl. | LpIters     Time
         0       0         0   0.00%   -2259050.493646 inf                  inf        0      0      0         0     0.1s
 R       0       0         0   0.00%   337824.835514   355596.855718      5.00%        0      0      0      1420     0.2s
 L       0       0         0   0.00%   337984.219579   338234.953011      0.07%      890      6      0      1444     1.2s
 L       0       0         0   0.00%   337984.219579   338234.953011      0.07%      890      6      0      1800     1.5s
42.4% inactive integer columns, restarting
Model after restart has 1809 rows, 2414 cols (40 bin., 0 int., 0 impl., 2374 cont.), and 6355 nonzeros
         0       0         0   0.00%   337984.219579   338234.953011      0.07%        6      0      0      2095     1.6s
         0       0         0   0.00%   337984.219579   338234.953011      0.07%        6      5      0      2131     1.6s
         1       0         1 100.00%   338234.953011   338234.953011      0.00%        7      5      7      3152     3.6s
Solving report
  Status            Optimal
  Primal bound      338234.953011
  Dual bound        338234.953011
  Gap               0% (tolerance: 0%)
  Solution status   feasible
                    338234.953011 (objective)
                    0 (bound viol.)
                    0 (int. viol.)
                    0 (row viol.)
  Timing            3.57 (total)
                    0.12 (presolve)
                    0.00 (postsolve)
  Nodes             1
  LP iterations     3152 (total)
                    57 (strong br.)
                    24 (separation)
                    1608 (heuristics)
  4.813978 seconds (1.62 M allocations: 154.717 MiB, 0.52% gc time, 2.17% compilation time)
Optimal solution found, objective function value: 338234.95301084785
Saving model results...  7.267123 seconds (7.25 M allocations: 536.735 MiB, 90.49% compilation time)
Postprocessing model results...  0.006198 seconds (86 allocations: 5.984 KiB, 98.39% compilation time)
Saving model outputs...  3.472130 seconds (4.46 M allocations: 333.221 MiB, 96.08% compilation time)
model - Rolling temporal structure...
  0.166262 seconds (124.73 k allocations: 8.368 MiB, 99.86% compilation time)
model ... Rolling complete
Writing report to sqlite:///C:\Users\jfg.eco\Documents\GitHub\Nord_H2ub\Spine_Projects\02_basic_energy_model\.spinetoolbox\items\outputtest\OutputTest.sqlite?spinedbfilter=cfg%3Aexecution%3A%7B%22execution_item%22%3A+%22Run+SpineOpt%22%2C+%22scenarios%22%3A+%5B%5D%2C+%22timestamp%22%3A+%222026-01-23T09%3A12%3A36%22%7D...  2.645474 seconds (1.64 M allocations: 113.045 MiB, 3.01% gc time, 84.20% compilation time)
Execution complete. Started at 2026-01-23T09:12:59.310, ended at 2026-01-23T09:19:13.421, elapsed time: 6 minutes, 14 seconds, 111 milliseconds
A JuMP Model
├ solver: HiGHS
├ objective_sense: MIN_SENSE
│ └ objective_function_type: JuMP.AffExpr
├ num_variables: 240497
├ num_constraints: 256430
│ ├ JuMP.AffExpr in MOI.EqualTo{Float64}: 1808
│ ├ JuMP.AffExpr in MOI.GreaterThan{Float64}: 298
│ ├ JuMP.AffExpr in MOI.LessThan{Float64}: 13411
│ ├ JuMP.VariableRef in MOI.EqualTo{Float64}: 21
│ ├ JuMP.VariableRef in MOI.GreaterThan{Float64}: 239705
│ ├ JuMP.VariableRef in MOI.LessThan{Float64}: 949
│ └ JuMP.VariableRef in MOI.Integer: 238
└ Names registered in the model: none
