### Spine execution log file
### Item name: Run SpineOpt
### Filter id: 
### Part: 1

# Running julia run_spineopt.jl http://127.0.0.1:60167 http://127.0.0.1:60170
2-element Vector{String}:
 "http://127.0.0.1:60167"
 "http://127.0.0.1:60170"
Running SpineOpt...
[SpineOpt version 0.10.2 (git hash: N/A)]
[SpineInterface version 0.15.2 (git hash: N/A)]
Execution started at 2026-01-16T14:12:16.155
Reading input data from sqlite:///C:\Users\jfg.eco\Documents\Nord_H2ub\Spine_Projects\02_basic_energy_model\.spinetoolbox\items\input\Input.sqlite...
Initializing  data structure from db...  4.207963 seconds (5.43 M allocations: 395.708 MiB, 1.66% gc time, 91.37% compilation time)
Preprocessing  data structure...  8.813064 seconds (8.29 M allocations: 570.475 MiB, 1.18% gc time, 99.32% compilation time)
Checking  data structure...  0.699629 seconds (569.05 k allocations: 38.905 MiB, 1.23% gc time, 99.69% compilation time)
Build started at 2026-01-16T14:12:42.867
Creating model temporal structure...[ Info: the last time slice of temporal block Default_Investment_period has been cut to fit within the block
[ Info: the last time slice of temporal block daily has been cut to fit within the block
 60.683717 seconds (438.48 M allocations: 21.267 GiB, 21.81% gc time, 5.71% compilation time)
Creating model stochastic structure...  5.257021 seconds (7.14 M allocations: 896.056 MiB, 39.75% gc time, 94.42% compilation time)
Adding model independent variables...
- [variable_binary_gas_connection_flow]  1.936292 seconds (5.28 M allocations: 232.835 MiB, 96.83% compilation time)
- [variable_connection_flow]  6.644611 seconds (11.21 M allocations: 666.473 MiB, 9.69% gc time, 98.25% compilation time: <1% of which was recompilation)
- [variable_connection_intact_flow]  1.219725 seconds (3.79 M allocations: 156.772 MiB, 19.46% gc time, 92.56% compilation time)
- [variable_connections_decommissioned]  1.933334 seconds (5.26 M allocations: 234.568 MiB, 97.35% compilation time)
- [variable_connections_invested]  1.117955 seconds (16.02 M allocations: 1.294 GiB, 13.61% gc time, 9.50% compilation time)
- [variable_connections_invested_available]  2.015345 seconds (17.36 M allocations: 1.375 GiB, 17.45% gc time, 37.82% compilation time)
- [variable_min_capacity_margin_slack]  0.830737 seconds (3.68 M allocations: 126.460 MiB, 92.84% compilation time)
- [variable_node_injection]  1.363708 seconds (3.87 M allocations: 149.730 MiB, 94.32% compilation time)
- [variable_node_pressure]  0.487102 seconds (2.86 M allocations: 71.631 MiB, 87.73% compilation time)
- [variable_node_slack_neg]  0.538060 seconds (3.02 M allocations: 89.457 MiB, 85.94% compilation time)
- [variable_node_slack_pos]  0.071956 seconds (2.55 M allocations: 57.011 MiB)
- [variable_node_state]  1.598115 seconds (4.27 M allocations: 170.426 MiB, 9.59% gc time, 95.77% compilation time)
- [variable_node_voltage_angle]  0.490138 seconds (2.87 M allocations: 72.184 MiB, 90.07% compilation time)
- [variable_nonspin_units_shut_down]  0.880693 seconds (3.83 M allocations: 134.345 MiB, 93.08% compilation time)
- [variable_nonspin_units_started_up]  0.506537 seconds (3.10 M allocations: 84.994 MiB, 88.47% compilation time)
- [variable_storages_decommissioned]  1.371379 seconds (3.75 M allocations: 131.054 MiB, 95.58% compilation time)
- [variable_storages_invested]  0.370566 seconds (4.63 M allocations: 272.150 MiB, 47.10% compilation time)
- [variable_storages_invested_available]  0.414044 seconds (4.45 M allocations: 259.616 MiB, 41.07% gc time, 17.20% compilation time)
- [variable_unit_flow]  5.807813 seconds (10.83 M allocations: 686.028 MiB, 97.50% compilation time)
- [variable_unit_flow_op]  3.078370 seconds (5.62 M allocations: 264.385 MiB, 97.99% compilation time)
- [variable_unit_flow_op_active]  1.367830 seconds (3.42 M allocations: 117.374 MiB, 94.47% compilation time)
- [variable_units_invested]  2.837484 seconds (17.42 M allocations: 1.340 GiB, 6.01% gc time, 64.73% compilation time)
- [variable_units_invested_available]  1.235416 seconds (15.95 M allocations: 1.232 GiB, 15.28% gc time, 14.27% compilation time)
- [variable_units_mothballed]  0.061849 seconds (2.34 M allocations: 36.273 MiB)
- [variable_units_on]  1.790823 seconds (4.46 M allocations: 184.082 MiB, 96.42% compilation time)
- [variable_units_out_of_service]  0.488782 seconds (2.87 M allocations: 72.351 MiB, 87.58% compilation time)
- [variable_units_returned_to_service]  0.116664 seconds (2.38 M allocations: 39.228 MiB, 48.92% compilation time)
- [variable_units_shut_down]  0.999868 seconds (3.03 M allocations: 85.071 MiB, 93.50% compilation time)
- [variable_units_started_up]  0.426722 seconds (2.71 M allocations: 62.113 MiB, 85.39% compilation time)
- [variable_units_taken_out_of_service]  0.066616 seconds (2.35 M allocations: 36.588 MiB, 12.06% compilation time)
- [variable_user_constraint_slack_neg]  0.715670 seconds (3.47 M allocations: 110.886 MiB, 91.37% compilation time)
- [variable_user_constraint_slack_pos]  0.057978 seconds (2.33 M allocations: 35.569 MiB)
 45.990629 seconds (192.42 M allocations: 10.530 GiB, 5.28% gc time, 85.46% compilation time: <1% of which was recompilation)
Adding model dependent variables...
- [variable_connection_flow]  1.032603 seconds (2.11 M allocations: 145.252 MiB, 99.26% compilation time)
- [variable_unit_flow]  0.530486 seconds (711.21 k allocations: 51.993 MiB, 97.46% compilation time)
  1.807101 seconds (3.76 M allocations: 260.229 MiB, 98.45% compilation time)
Adding model expressions...
- [expression_capacity_margin]  0.500880 seconds (2.17 M allocations: 130.509 MiB, 36.38% gc time, 99.97% compilation time)
  0.506458 seconds (2.17 M allocations: 130.571 MiB, 35.98% gc time, 99.86% compilation time)
Adding model constraints...
- [constraint_candidate_connection_flow_lb]  0.320968 seconds (588.12 k allocations: 39.603 MiB, 99.81% compilation time)
- [constraint_candidate_connection_flow_ub]  0.081901 seconds (213.05 k allocations: 14.439 MiB, 99.65% compilation time)
- [constraint_compression_ratio]  0.044003 seconds (81.00 k allocations: 5.499 MiB, 99.67% compilation time)
- [constraint_connection_flow_capacity]  2.215018 seconds (3.52 M allocations: 253.795 MiB, 98.47% compilation time)
- [constraint_connection_flow_gas_capacity]  0.043930 seconds (74.27 k allocations: 4.928 MiB, 99.54% compilation time)
- [constraint_connection_flow_intact_flow]  0.188493 seconds (436.23 k allocations: 29.497 MiB, 99.83% compilation time)
- [constraint_connection_flow_lodf]  0.171408 seconds (528.44 k allocations: 34.592 MiB, 99.80% compilation time)
- [constraint_connection_intact_flow_capacity]  0.216823 seconds (369.64 k allocations: 25.453 MiB, 99.80% compilation time)
- [constraint_connection_intact_flow_ptdf]  0.175163 seconds (223.61 k allocations: 15.193 MiB, 99.83% compilation time)
- [constraint_connection_lifetime] 17.283372 seconds (104.71 M allocations: 23.774 GiB, 37.89% gc time, 7.56% compilation time)
- [constraint_connection_unitary_gas_flow]  0.059858 seconds (183.09 k allocations: 12.216 MiB, 99.76% compilation time)
- [constraint_connections_invested_available]  0.463422 seconds (708.75 k allocations: 48.415 MiB, 99.72% compilation time)
- [constraint_connections_invested_transition]  1.298917 seconds (1.57 M allocations: 106.916 MiB, 99.71% compilation time)
- [constraint_cyclic_node_state]  0.206552 seconds (173.10 k allocations: 11.814 MiB, 99.80% compilation time)
- [constraint_fix_node_pressure_point]  0.045500 seconds (50.68 k allocations: 3.304 MiB, 99.58% compilation time)
- [constraint_fix_ratio_in_in_unit_flow]  2.036244 seconds (3.26 M allocations: 224.128 MiB, 99.47% compilation time)
- [constraint_fix_ratio_in_out_unit_flow]  0.083027 seconds (283.79 k allocations: 19.075 MiB, 99.38% compilation time)
- [constraint_fix_ratio_out_in_connection_flow]  1.812685 seconds (2.39 M allocations: 163.453 MiB, 7.97% gc time, 99.56% compilation time)
- [constraint_fix_ratio_out_in_unit_flow]  0.000160 seconds (94 allocations: 19.219 KiB)
- [constraint_fix_ratio_out_out_unit_flow]  0.000304 seconds (748 allocations: 75.859 KiB)
- [constraint_investment_group_equal_investments]  0.158082 seconds (136.85 k allocations: 9.301 MiB, 99.82% compilation time)
- [constraint_investment_group_maximum_capacity_invested_available]  0.120929 seconds (117.09 k allocations: 8.014 MiB, 99.86% compilation time)
- [constraint_investment_group_maximum_entities_invested_available]  0.126563 seconds (172.31 k allocations: 11.670 MiB, 99.88% compilation time)
- [constraint_investment_group_minimum_capacity_invested_available]  0.038605 seconds (24.86 k allocations: 1.687 MiB, 99.63% compilation time)
- [constraint_investment_group_minimum_entities_invested_available]  0.036202 seconds (24.86 k allocations: 1.686 MiB, 99.59% compilation time)
- [constraint_max_node_pressure]  0.155812 seconds (236.55 k allocations: 15.915 MiB, 99.80% compilation time)
- [constraint_max_node_voltage_angle]  0.059877 seconds (71.69 k allocations: 4.785 MiB, 99.61% compilation time)
- [constraint_max_ratio_in_in_unit_flow]  0.000143 seconds (94 allocations: 19.219 KiB)
- [constraint_max_ratio_in_out_unit_flow]  0.000118 seconds (95 allocations: 19.516 KiB)
- [constraint_max_ratio_out_in_connection_flow]  0.052926 seconds (122.46 k allocations: 8.239 MiB, 99.66% compilation time)
- [constraint_max_ratio_out_in_unit_flow]  0.000135 seconds (94 allocations: 19.219 KiB)
- [constraint_max_ratio_out_out_unit_flow]  0.000148 seconds (95 allocations: 19.516 KiB)
- [constraint_max_total_cumulated_unit_flow_from_node]  0.146076 seconds (105.86 k allocations: 7.087 MiB, 99.87% compilation time)
- [constraint_max_total_cumulated_unit_flow_to_node]  0.000134 seconds (42 allocations: 3.750 KiB)
- [constraint_min_capacity_margin]  0.038811 seconds (42.16 k allocations: 2.835 MiB, 99.65% compilation time)
- [constraint_min_down_time]  1.540865 seconds (2.21 M allocations: 159.974 MiB, 98.15% compilation time)
- [constraint_min_node_pressure]  0.050561 seconds (46.73 k allocations: 3.081 MiB, 99.42% compilation time)
- [constraint_min_node_voltage_angle]  0.047380 seconds (46.74 k allocations: 3.077 MiB, 99.45% compilation time)
- [constraint_min_ratio_in_in_unit_flow]  0.000152 seconds (94 allocations: 19.219 KiB)
- [constraint_min_ratio_in_out_unit_flow]  0.000152 seconds (94 allocations: 19.219 KiB)
- [constraint_min_ratio_out_in_connection_flow]  0.037316 seconds (22.53 k allocations: 1.556 MiB, 99.50% compilation time)
- [constraint_min_ratio_out_in_unit_flow]  0.000149 seconds (94 allocations: 19.219 KiB)
- [constraint_min_ratio_out_out_unit_flow]  0.000158 seconds (94 allocations: 19.219 KiB)
- [constraint_min_scheduled_outage_duration]  0.111213 seconds (113.98 k allocations: 7.809 MiB, 99.86% compilation time)
- [constraint_min_total_cumulated_unit_flow_from_node]  0.034604 seconds (22.52 k allocations: 1.564 MiB, 99.56% compilation time)
- [constraint_min_total_cumulated_unit_flow_to_node]  0.000085 seconds (42 allocations: 3.750 KiB)
- [constraint_min_up_time]  0.480372 seconds (464.03 k allocations: 32.459 MiB, 98.91% compilation time)
- [constraint_minimum_operating_point]  0.971088 seconds (1.35 M allocations: 94.244 MiB, 99.26% compilation time)
- [constraint_nodal_balance]  1.188828 seconds (1.83 M allocations: 129.650 MiB, 98.56% compilation time)
- [constraint_node_injection]  1.607522 seconds (2.86 M allocations: 203.560 MiB, 97.28% compilation time)
- [constraint_node_state_capacity]  1.005450 seconds (1.42 M allocations: 97.398 MiB, 17.95% gc time, 99.12% compilation time)
- [constraint_node_voltage_angle]  0.103327 seconds (62.70 k allocations: 4.328 MiB, 99.81% compilation time)
- [constraint_non_spinning_reserves_lower_bound]  0.072365 seconds (90.40 k allocations: 6.103 MiB, 99.66% compilation time)
- [constraint_non_spinning_reserves_shut_down_upper_bound]  0.132347 seconds (177.76 k allocations: 11.771 MiB, 99.68% compilation time)
- [constraint_non_spinning_reserves_start_up_upper_bound]  0.000158 seconds (264 allocations: 24.703 KiB)
- [constraint_operating_point_bounds]  1.465559 seconds (2.56 M allocations: 257.628 MiB, 95.89% compilation time)
- [constraint_operating_point_rank]  0.462962 seconds (677.38 k allocations: 47.991 MiB, 99.39% compilation time)
- [constraint_ramp_down]  1.713211 seconds (2.27 M allocations: 154.654 MiB, 99.20% compilation time)
- [constraint_ramp_up]  0.620606 seconds (533.61 k allocations: 37.600 MiB, 98.10% compilation time)
- [constraint_ratio_out_in_connection_intact_flow]  0.077527 seconds (81.70 k allocations: 5.559 MiB, 99.61% compilation time)
- [constraint_storage_lifetime]  5.376557 seconds (20.10 M allocations: 3.596 GiB, 58.66% gc time, 15.97% compilation time)
- [constraint_storage_line_pack]  0.103901 seconds (64.43 k allocations: 4.593 MiB, 99.84% compilation time)
- [constraint_storages_invested_available]  0.261052 seconds (286.15 k allocations: 19.595 MiB, 99.74% compilation time)
- [constraint_storages_invested_transition]  0.313025 seconds (258.16 k allocations: 18.169 MiB, 99.51% compilation time)
- [constraint_unit_flow_capacity]  0.922768 seconds (1.43 M allocations: 101.703 MiB, 98.27% compilation time)
- [constraint_unit_flow_op_bounds]  0.449224 seconds (471.59 k allocations: 36.473 MiB, 98.99% compilation time)
- [constraint_unit_flow_op_rank]  0.510472 seconds (431.61 k allocations: 32.979 MiB, 99.18% compilation time)
- [constraint_unit_flow_op_sum]  0.512433 seconds (575.43 k allocations: 39.020 MiB, 99.73% compilation time)
- [constraint_unit_lifetime]  9.252636 seconds (83.34 M allocations: 16.372 GiB, 26.54% gc time, 8.07% compilation time)
- [constraint_unit_state_transition]  0.587281 seconds (881.35 k allocations: 60.359 MiB, 99.59% compilation time)
- [constraint_units_available]  0.762183 seconds (1.60 M allocations: 112.699 MiB, 96.49% compilation time)
- [constraint_units_invested_available]  0.144659 seconds (100.40 k allocations: 6.953 MiB, 99.54% compilation time)
- [constraint_units_invested_transition]  0.434027 seconds (340.32 k allocations: 23.593 MiB, 99.52% compilation time)
- [constraint_units_out_of_service_contiguity]  0.101577 seconds (54.28 k allocations: 3.833 MiB, 99.84% compilation time)
- [constraint_units_out_of_service_transition]  0.074721 seconds (81.74 k allocations: 5.720 MiB, 99.63% compilation time)
- [constraint_user_constraint]ERROR: LoadError: TaskFailedException
    nested task error: MethodError: no method matching +(::Int64, ::Vector{JuMP.AffExpr})
    Closest candidates are:
      +(::Any, ::Any, ::Any, ::Any...)
       @ Base operators.jl:587
      +(::SpineInterface.Call, ::Any)
       @ SpineInterface C:\Users\jfg.eco\.julia\packages\SpineInterface\Hd2BB\src\base.jl:211
      +(::Any, ::MutableArithmetics.Zero)
       @ MutableArithmetics C:\Users\jfg.eco\.julia\packages\MutableArithmetics\tNSBd\src\rewrite.jl:65
      ...
    Stacktrace:
      [1] add_sum(x::Int64, y::Vector{JuMP.AffExpr})
        @ Base .\reduce.jl:24
      [2] BottomRF
        @ .\reduce.jl:86 [inlined]
      [3] MappingRF (repeats 3 times)
        @ .\reduce.jl:100 [inlined]
      [4] afoldl(op::Base.MappingRF{SpineOpt.var"#911#914"{SpineInterface.TimeSlice}, Base.MappingRF{SpineOpt.var"#1301#1304"{SpineInterface.Object, SpineInterface.Object}, Base.MappingRF{SpineOpt.var"#2036#2060"{JuMP.Model, SpineInterface.Object, Dict{@NamedTuple{connection::SpineInterface.Object, node::SpineInterface.Object, direction::SpineInterface.Object, stochastic_scenario::SpineInterface.Object, t::SpineInterface.TimeSlice}, Union{JuMP.GenericAffExpr{T, JuMP.VariableRef} where T<:Union{Number, SpineInterface.Call}, JuMP.VariableRef}}}, Base.BottomRF{typeof(Base.add_sum)}}}}, a::Int64, bs::@NamedTuple{node::SpineInterface.Object, stochastic_scenario::SpineInterface.Object})
        @ Base .\operators.jl:544
      [5] _foldl_impl(op::Base.MappingRF{SpineOpt.var"#911#914"{SpineInterface.TimeSlice}, Base.MappingRF{SpineOpt.var"#1301#1304"{SpineInterface.Object, SpineInterface.Object}, Base.MappingRF{SpineOpt.var"#2036#2060"{JuMP.Model, SpineInterface.Object, Dict{@NamedTuple{connection::SpineInterface.Object, node::SpineInterface.Object, direction::SpineInterface.Object, stochastic_scenario::SpineInterface.Object, t::SpineInterface.TimeSlice}, Union{JuMP.GenericAffExpr{T, JuMP.VariableRef} where T<:Union{Number, SpineInterface.Call}, JuMP.VariableRef}}}, Base.BottomRF{typeof(Base.add_sum)}}}}, init::Int64, itr::Tuple{@NamedTuple{node::SpineInterface.Object, stochastic_scenario::SpineInterface.Object}})
        @ Base .\reduce.jl:68
      [6] FlatteningRF
        @ .\reduce.jl:126 [inlined]
      [7] MappingRF (repeats 2 times)
        @ .\reduce.jl:100 [inlined]
      [8] _foldl_impl(op::Base.MappingRF{SpineOpt.var"#764#768"{SpineInterface.Object}, Base.MappingRF{SpineOpt.var"#912#913"{Vector{SpineInterface.Object}, JuMP.Model}, Base.FlatteningRF{Base.MappingRF{SpineOpt.var"#1301#1304"{SpineInterface.Object, SpineInterface.Object}, Base.MappingRF{SpineOpt.var"#2036#2060"{JuMP.Model, SpineInterface.Object, Dict{@NamedTuple{connection::SpineInterface.Object, node::SpineInterface.Object, direction::SpineInterface.Object, stochastic_scenario::SpineInterface.Object, t::SpineInterface.TimeSlice}, Union{JuMP.GenericAffExpr{T, JuMP.VariableRef} where T<:Union{Number, SpineInterface.Call}, JuMP.VariableRef}}}, Base.BottomRF{typeof(Base.add_sum)}}}}}}, init::Int64, itr::Vector{SpineInterface.TimeSlice})
        @ Base .\reduce.jl:58
      [9] FlatteningRF
        @ .\reduce.jl:126 [inlined]
     [10] (::Base.MappingRF{SpineOpt.var"#766#767"{Vector{Union{Int64, SpineInterface.Object, SpineInterface.TimeSlice}}, Vector{SpineInterface.TimeSlice}, JuMP.Model}, Base.FlatteningRF{Base.MappingRF{SpineOpt.var"#912#913"{Vector{SpineInterface.Object}, JuMP.Model}, Base.FlatteningRF{Base.MappingRF{SpineOpt.var"#1301#1304"{SpineInterface.Object, SpineInterface.Object}, Base.MappingRF{SpineOpt.var"#2036#2060"{JuMP.Model, SpineInterface.Object, Dict{@NamedTuple{connection::SpineInterface.Object, node::SpineInterface.Object, direction::SpineInterface.Object, stochastic_scenario::SpineInterface.Object, t::SpineInterface.TimeSlice}, Union{JuMP.GenericAffExpr{T, JuMP.VariableRef} where T<:Union{Number, SpineInterface.Call}, JuMP.VariableRef}}}, Base.BottomRF{typeof(Base.add_sum)}}}}}}})(acc::Int64, x::SpineInterface.Object)
        @ Base .\reduce.jl:100
     [11] _foldl_impl(op::Base.MappingRF{SpineOpt.var"#766#767"{Vector{Union{Int64, SpineInterface.Object, SpineInterface.TimeSlice}}, Vector{SpineInterface.TimeSlice}, JuMP.Model}, Base.FlatteningRF{Base.MappingRF{SpineOpt.var"#912#913"{Vector{SpineInterface.Object}, JuMP.Model}, Base.FlatteningRF{Base.MappingRF{SpineOpt.var"#1301#1304"{SpineInterface.Object, SpineInterface.Object}, Base.MappingRF{SpineOpt.var"#2036#2060"{JuMP.Model, SpineInterface.Object, Dict{@NamedTuple{connection::SpineInterface.Object, node::SpineInterface.Object, direction::SpineInterface.Object, stochastic_scenario::SpineInterface.Object, t::SpineInterface.TimeSlice}, Union{JuMP.GenericAffExpr{T, JuMP.VariableRef} where T<:Union{Number, SpineInterface.Call}, JuMP.VariableRef}}}, Base.BottomRF{typeof(Base.add_sum)}}}}}}}, init::Int64, itr::Vector{Any})
        @ Base .\reduce.jl:58
     [12] (::Base.FlatteningRF{Base.MappingRF{SpineOpt.var"#2036#2060"{JuMP.Model, SpineInterface.Object, Dict{@NamedTuple{connection::SpineInterface.Object, node::SpineInterface.Object, direction::SpineInterface.Object, stochastic_scenario::SpineInterface.Object, t::SpineInterface.TimeSlice}, Union{JuMP.GenericAffExpr{T, JuMP.VariableRef} where T<:Union{Number, SpineInterface.Call}, JuMP.VariableRef}}}, Base.BottomRF{typeof(Base.add_sum)}}})(acc::Int64, x::Base.Generator{Base.Iterators.Flatten{Base.Generator{Base.Iterators.Flatten{Base.Generator{Vector{Any}, SpineOpt.var"#766#767"{Vector{Union{Int64, SpineInterface.Object, SpineInterface.TimeSlice}}, Vector{SpineInterface.TimeSlice}, JuMP.Model}}}, SpineOpt.var"#912#913"{Vector{SpineInterface.Object}, JuMP.Model}}}, SpineOpt.var"#1301#1304"{SpineInterface.Object, SpineInterface.Object}})
        @ Base .\reduce.jl:126
     [13] (::Base.MappingRF{SpineOpt.var"#1302#1303"{Vector{SpineInterface.Object}, Vector{SpineInterface.TimeSlice}, Vector{Union{Int64, SpineInterface.Object, SpineInterface.TimeSlice}}, JuMP.Model}, Base.FlatteningRF{Base.MappingRF{SpineOpt.var"#2036#2060"{JuMP.Model, SpineInterface.Object, Dict{@NamedTuple{connection::SpineInterface.Object, node::SpineInterface.Object, direction::SpineInterface.Object, stochastic_scenario::SpineInterface.Object, t::SpineInterface.TimeSlice}, Union{JuMP.GenericAffExpr{T, JuMP.VariableRef} where T<:Union{Number, SpineInterface.Call}, JuMP.VariableRef}}}, Base.BottomRF{typeof(Base.add_sum)}}}})(acc::Int64, x::@NamedTuple{connection::SpineInterface.Object, node::SpineInterface.Object, direction::SpineInterface.Object})
        @ Base .\reduce.jl:100
     [14] MappingRF
        @ .\reduce.jl:100 [inlined]
     [15] _foldl_impl(op::Base.MappingRF{SpineInterface.var"#241#242"{SpineInterface.RelationshipClass}, Base.MappingRF{SpineOpt.var"#1302#1303"{Vector{SpineInterface.Object}, Vector{SpineInterface.TimeSlice}, Vector{Union{Int64, SpineInterface.Object, SpineInterface.TimeSlice}}, JuMP.Model}, Base.FlatteningRF{Base.MappingRF{SpineOpt.var"#2036#2060"{JuMP.Model, SpineInterface.Object, Dict{@NamedTuple{connection::SpineInterface.Object, node::SpineInterface.Object, direction::SpineInterface.Object, stochastic_scenario::SpineInterface.Object, t::SpineInterface.TimeSlice}, Union{JuMP.GenericAffExpr{T, JuMP.VariableRef} where T<:Union{Number, SpineInterface.Call}, JuMP.VariableRef}}}, Base.BottomRF{typeof(Base.add_sum)}}}}}, init::Int64, itr::Vector{Int64})
        @ Base .\reduce.jl:58
     [16] FlatteningRF
        @ .\reduce.jl:126 [inlined]
     [17] MappingRF
        @ .\reduce.jl:100 [inlined]
     [18] _foldl_impl(op::Base.MappingRF{SpineOpt.var"#2037#2059"{JuMP.Model, SpineInterface.Object, Vector{SpineInterface.Object}, SpineInterface.TimeSlice, Dict{@NamedTuple{connection::SpineInterface.Object, node::SpineInterface.Object, direction::SpineInterface.Object, stochastic_scenario::SpineInterface.Object, t::SpineInterface.TimeSlice}, Union{JuMP.GenericAffExpr{T, JuMP.VariableRef} where T<:Union{Number, SpineInterface.Call}, JuMP.VariableRef}}}, Base.FlatteningRF{Base.BottomRF{typeof(Base.add_sum)}}}, init::Int64, itr::Vector{@NamedTuple{connection::SpineInterface.Object, node::SpineInterface.Object}})
        @ Base .\reduce.jl:58
     [19] foldl_impl
        @ .\reduce.jl:48 [inlined]
     [20] mapfoldl_impl
        @ .\reduce.jl:44 [inlined]
     [21] mapfoldl
        @ .\reduce.jl:175 [inlined]
     [22] mapreduce
        @ .\reduce.jl:307 [inlined]
     [23] sum
        @ .\reduce.jl:535 [inlined]
     [24] #sum#308
        @ .\reduce.jl:564 [inlined]
     [25] _operations_term(m::JuMP.Model, uc::SpineInterface.Object, path::Vector{SpineInterface.Object}, t::SpineInterface.TimeSlice)
        @ SpineOpt C:\Users\jfg.eco\.julia\packages\SpineOpt\HEhN7\src\constraints\constraint_user_constraint.jl:87
     [26] _build_constraint_user_constraint(m::JuMP.Model, uc::SpineInterface.Object, path::Vector{SpineInterface.Object}, t::SpineInterface.TimeSlice)
        @ SpineOpt C:\Users\jfg.eco\.julia\packages\SpineOpt\HEhN7\src\constraints\constraint_user_constraint.jl:66
     [27] macro expansion
        @ C:\Users\jfg.eco\.julia\packages\SpineOpt\HEhN7\src\constraints\constraint_common.jl:26 [inlined]
     [28] (::SpineOpt.var"#2708#threadsfor_fun#1446"{SpineOpt.var"#2708#threadsfor_fun#1445#1447"{JuMP.Model, typeof(SpineOpt._build_constraint_user_constraint), Vector{Any}, Vector{@NamedTuple{user_constraint::SpineInterface.Object, stochastic_path::Vector{SpineInterface.Object}, t::SpineInterface.TimeSlice}}, Base.OneTo{Int64}}})(tid::Int64; onethread::Bool)
        @ SpineOpt .\threadingconstructs.jl:215
     [29] #2708#threadsfor_fun
        @ .\threadingconstructs.jl:182 [inlined]
     [30] (::Base.Threads.var"#1#2"{SpineOpt.var"#2708#threadsfor_fun#1446"{SpineOpt.var"#2708#threadsfor_fun#1445#1447"{JuMP.Model, typeof(SpineOpt._build_constraint_user_constraint), Vector{Any}, Vector{@NamedTuple{user_constraint::SpineInterface.Object, stochastic_path::Vector{SpineInterface.Object}, t::SpineInterface.TimeSlice}}, Base.OneTo{Int64}}}, Int64})()
        @ Base.Threads .\threadingconstructs.jl:154
Stacktrace:
  [1] threading_run(fun::SpineOpt.var"#2708#threadsfor_fun#1446"{SpineOpt.var"#2708#threadsfor_fun#1445#1447"{JuMP.Model, typeof(SpineOpt._build_constraint_user_constraint), Vector{Any}, Vector{@NamedTuple{user_constraint::SpineInterface.Object, stochastic_path::Vector{SpineInterface.Object}, t::SpineInterface.TimeSlice}}, Base.OneTo{Int64}}}, static::Bool)
    @ Base.Threads .\threadingconstructs.jl:172
  [2] macro expansion
    @ .\threadingconstructs.jl:220 [inlined]
  [3] _add_constraint!(m::JuMP.Model, name::Symbol, indices::typeof(SpineOpt.constraint_user_constraint_indices), build_constraint::Function)
    @ SpineOpt C:\Users\jfg.eco\.julia\packages\SpineOpt\HEhN7\src\constraints\constraint_common.jl:24
  [4] add_constraint_user_constraint!
    @ C:\Users\jfg.eco\.julia\packages\SpineOpt\HEhN7\src\constraints\constraint_user_constraint.jl:62 [inlined]
  [5] macro expansion
    @ .\timing.jl:279 [inlined]
  [6] (::SpineOpt.var"#192#194"{JuMP.Model, typeof(SpineOpt.add_constraint_user_constraint!)})()
    @ SpineOpt C:\Users\jfg.eco\.julia\packages\SpineOpt\HEhN7\src\util\misc.jl:60
  [7] (::Base.RedirectStdStream)(thunk::SpineOpt.var"#192#194"{JuMP.Model, typeof(SpineOpt.add_constraint_user_constraint!)}, stream::Pipe)
    @ Base .\stream.jl:1429
  [8] macro expansion
    @ C:\Users\jfg.eco\.julia\packages\SpineOpt\HEhN7\src\util\misc.jl:59 [inlined]
  [9] _add_constraints!(m::JuMP.Model; log_level::Int64)
    @ SpineOpt C:\Users\jfg.eco\.julia\packages\SpineOpt\HEhN7\src\run_spineopt_basic.jl:238
 [10] _add_constraints!
    @ C:\Users\jfg.eco\.julia\packages\SpineOpt\HEhN7\src\run_spineopt_basic.jl:158 [inlined]
 [11] macro expansion
    @ .\timing.jl:279 [inlined]
 [12] (::SpineOpt.var"#161#177"{Int64, JuMP.Model})()
    @ SpineOpt C:\Users\jfg.eco\.julia\packages\SpineOpt\HEhN7\src\util\misc.jl:60
 [13] (::Base.RedirectStdStream)(thunk::SpineOpt.var"#161#177"{Int64, JuMP.Model}, stream::Pipe)
    @ Base .\stream.jl:1429
 [14] macro expansion
    @ C:\Users\jfg.eco\.julia\packages\SpineOpt\HEhN7\src\util\misc.jl:59 [inlined]
 [15] build_model!(m::JuMP.Model; log_level::Int64)
    @ SpineOpt C:\Users\jfg.eco\.julia\packages\SpineOpt\HEhN7\src\run_spineopt_basic.jl:87
 [16] build_model!
    @ C:\Users\jfg.eco\.julia\packages\SpineOpt\HEhN7\src\run_spineopt_basic.jl:73 [inlined]
 [17] do_run_spineopt!(m::JuMP.Model, url_out::String, ::Val{:basic_algorithm}; log_level::Int64, optimize::Bool, update_names::Bool, alternative::String, write_as_roll::Int64, resume_file_path::Nothing)
    @ SpineOpt C:\Users\jfg.eco\.julia\packages\SpineOpt\HEhN7\src\run_spineopt_basic.jl:32
 [18] #invokelatest#2
    @ .\essentials.jl:894 [inlined]
 [19] invokelatest
    @ .\essentials.jl:889 [inlined]
 [20] run_spineopt!(m::JuMP.Model, url_out::String; log_level::Int64, optimize::Bool, update_names::Bool, alternative::String, write_as_roll::Int64, resume_file_path::Nothing)
    @ SpineOpt C:\Users\jfg.eco\.julia\packages\SpineOpt\HEhN7\src\run_spineopt.jl:369
 [21] run_spineopt!
    @ C:\Users\jfg.eco\.julia\packages\SpineOpt\HEhN7\src\run_spineopt.jl:358 [inlined]
 [22] _run_spineopt(f::SpineOpt.var"#64#65", url_in::String, url_out::String; upgrade::Bool, filters::Dict{String, String}, templates::Tuple{}, mip_solver::Nothing, lp_solver::Nothing, use_direct_model::Bool, use_model_names::Bool, add_bridges::Bool, log_level::Int64, alternative::String, kwargs::@Kwargs{optimize::Bool, update_names::Bool, write_as_roll::Int64, resume_file_path::Nothing})
    @ SpineOpt C:\Users\jfg.eco\.julia\packages\SpineOpt\HEhN7\src\run_spineopt.jl:162
 [23] _run_spineopt
    @ C:\Users\jfg.eco\.julia\packages\SpineOpt\HEhN7\src\run_spineopt.jl:126 [inlined]
 [24] #67
    @ C:\Users\jfg.eco\.julia\packages\SpineOpt\HEhN7\src\run_spineopt.jl:104 [inlined]
 [25] _log_to_file
    @ C:\Users\jfg.eco\.julia\packages\SpineOpt\HEhN7\src\util\misc.jl:246 [inlined]
 [26] #run_spineopt#66
    @ C:\Users\jfg.eco\.julia\packages\SpineOpt\HEhN7\src\run_spineopt.jl:103 [inlined]
 [27] run_spineopt
    @ C:\Users\jfg.eco\.julia\packages\SpineOpt\HEhN7\src\run_spineopt.jl:83 [inlined]
 [28] #run_spineopt#63
    @ C:\Users\jfg.eco\.julia\packages\SpineOpt\HEhN7\src\run_spineopt.jl:67 [inlined]
 [29] run_spineopt(url_in::String, url_out::String)
    @ SpineOpt C:\Users\jfg.eco\.julia\packages\SpineOpt\HEhN7\src\run_spineopt.jl:66
 [30] top-level scope
    @ C:\Users\jfg.eco\.spinetoolbox\work\run_spineopt__3615f43ce5cc424185badda7d3a293d8__toolbox\run_spineopt.jl:3
 [31] include(fname::String)
    @ Base.MainInclude .\client.jl:494
 [32] top-level scope
    @ none:1
in expression starting at C:\Users\jfg.eco\.spinetoolbox\work\run_spineopt__3615f43ce5cc424185badda7d3a293d8__toolbox\run_spineopt.jl:3
