### Spine execution log file
### Item name: Run SpineOpt
### Filter id: 
### Part: 1

               _
   _       _ _(_)_     |  Documentation: https://docs.julialang.org
  (_)     | (_) (_)    |
   _ _   _| |_  __ _   |  Type "?" for help, "]?" for Pkg help.
  | | | | | | |/ _` |  |
  | | |_| | | | (_| |  |  Version 1.10.10 (2025-06-27)
 _/ |\__'_|_|_|\__'_|  |  Official https://julialang.org/ release
|__/                   |
# Running julia run_spineopt.jl http://127.0.0.1:63478 http://127.0.0.1:63481
2-element Vector{String}:
 "http://127.0.0.1:63478"
 "http://127.0.0.1:63481"
WARNING: using JuMP.parameter_value in module SpineInterface conflicts with an existing identifier.
WARNING: using JuMP.Parameter in module SpineInterface conflicts with an existing identifier.
Running SpineOpt...
[SpineOpt version 0.10.2 (git hash: N/A)]
[SpineInterface version 0.15.2 (git hash: N/A)]
Execution started at 2026-02-04T10:33:06.911
Reading input data from sqlite:///C:\Users\jfg.eco\Documents\Nord_H2ub\Spine_Projects\02_basic_energy_model\.spinetoolbox\items\input\Input.sqlite...
Initializing  data structure from db... 11.483908 seconds (19.84 M allocations: 1.353 GiB, 3.36% gc time, 96.21% compilation time)
Preprocessing  data structure...  8.434830 seconds (8.21 M allocations: 565.097 MiB, 1.45% gc time, 99.46% compilation time)
Checking  data structure...  0.708343 seconds (569.66 k allocations: 38.965 MiB, 1.13% gc time, 99.69% compilation time)
Build started at 2026-02-04T10:33:42.751
Creating model temporal structure...[ Info: the last time slice of temporal block Default_Investment_period has been cut to fit within the block
[ Info: the last time slice of temporal block daily has been cut to fit within the block
 54.091435 seconds (416.31 M allocations: 20.746 GiB, 22.92% gc time, 6.46% compilation time)
Creating model stochastic structure...  5.280082 seconds (7.10 M allocations: 891.860 MiB, 38.79% gc time, 55.43% compilation time)
Adding model independent variables...
- [variable_binary_gas_connection_flow]  1.987398 seconds (5.24 M allocations: 232.167 MiB, 97.28% compilation time)
- [variable_connection_flow]  8.784347 seconds (26.39 M allocations: 2.340 GiB, 11.24% gc time, 87.92% compilation time: <1% of which was recompilation)
- [variable_connection_intact_flow]  1.903142 seconds (15.18 M allocations: 1.492 GiB, 7.84% gc time, 46.24% compilation time)
- [variable_connections_decommissioned]  2.051898 seconds (5.22 M allocations: 234.261 MiB, 97.06% compilation time)
- [variable_connections_invested]  0.944856 seconds (11.72 M allocations: 854.382 MiB, 30.05% gc time, 10.34% compilation time)
- [variable_connections_invested_available]  1.173894 seconds (12.29 M allocations: 888.908 MiB, 14.94% gc time, 38.96% compilation time)
- [variable_min_capacity_margin_slack]  0.802321 seconds (3.64 M allocations: 125.812 MiB, 94.51% compilation time)
- [variable_node_injection]  1.704569 seconds (8.13 M allocations: 595.330 MiB, 78.94% compilation time)
- [variable_node_pressure]  0.672776 seconds (2.81 M allocations: 70.974 MiB, 25.62% gc time, 91.73% compilation time)
- [variable_node_slack_neg]  0.735428 seconds (7.14 M allocations: 473.256 MiB, 61.12% compilation time)
- [variable_node_slack_pos]  0.328493 seconds (6.67 M allocations: 440.859 MiB)
- [variable_node_state]  1.697629 seconds (5.49 M allocations: 274.379 MiB, 9.40% gc time, 83.57% compilation time)
- [variable_node_voltage_angle]  0.516821 seconds (2.82 M allocations: 71.497 MiB, 89.27% compilation time)
- [variable_nonspin_units_shut_down]  0.932491 seconds (3.79 M allocations: 133.683 MiB, 93.88% compilation time)
- [variable_nonspin_units_started_up]  0.509012 seconds (3.06 M allocations: 84.329 MiB, 89.27% compilation time)
- [variable_storages_decommissioned]  1.396702 seconds (3.71 M allocations: 130.694 MiB, 95.90% compilation time)
- [variable_storages_invested]  0.281504 seconds (3.12 M allocations: 141.034 MiB, 63.20% compilation time)
- [variable_storages_invested_available]  0.344300 seconds (2.93 M allocations: 128.400 MiB, 52.46% gc time, 20.52% compilation time)
- [variable_unit_flow]  7.752295 seconds (23.81 M allocations: 3.305 GiB, 9.17% gc time, 69.50% compilation time)
- [variable_unit_flow_op]  3.243668 seconds (7.28 M allocations: 478.442 MiB, 94.01% compilation time)
- [variable_unit_flow_op_active]  3.799120 seconds (5.42 M allocations: 366.862 MiB, 60.20% gc time, 34.51% compilation time)
- [variable_units_invested]  2.299229 seconds (12.46 M allocations: 871.076 MiB, 80.24% compilation time)
- [variable_units_invested_available]  0.600394 seconds (10.43 M allocations: 734.148 MiB, 28.71% compilation time)
- [variable_units_mothballed]  0.054334 seconds (2.33 M allocations: 38.002 MiB)
- [variable_units_on]  2.366243 seconds (7.82 M allocations: 499.909 MiB, 7.39% gc time, 83.01% compilation time)
- [variable_units_out_of_service]  0.475760 seconds (2.82 M allocations: 71.688 MiB, 89.95% compilation time)
- [variable_units_returned_to_service]  0.115836 seconds (2.34 M allocations: 38.559 MiB, 52.26% compilation time)
- [variable_units_shut_down]  0.988244 seconds (3.26 M allocations: 111.376 MiB, 93.11% compilation time)
- [variable_units_started_up]  0.101924 seconds (2.59 M allocations: 64.153 MiB, 33.18% compilation time)
- [variable_units_taken_out_of_service]  0.059450 seconds (2.30 M allocations: 35.924 MiB, 13.78% compilation time)
- [variable_user_constraint_slack_neg]  0.733163 seconds (3.42 M allocations: 110.160 MiB, 92.44% compilation time)
- [variable_user_constraint_slack_pos]  0.056008 seconds (2.29 M allocations: 34.901 MiB)
 52.384570 seconds (229.36 M allocations: 16.035 GiB, 10.38% gc time, 76.06% compilation time: <1% of which was recompilation)
Adding model dependent variables...
- [variable_connection_flow]  4.577190 seconds (7.44 M allocations: 491.673 MiB, 57.16% gc time, 85.26% compilation time)
- [variable_unit_flow]  1.720101 seconds (5.91 M allocations: 430.930 MiB, 21.19% gc time, 61.58% compilation time)
  6.602023 seconds (14.37 M allocations: 991.283 MiB, 45.49% gc time, 79.74% compilation time)
Adding model expressions...
- [expression_capacity_margin]  2.604482 seconds (2.17 M allocations: 130.506 MiB, 87.77% gc time, 99.99% compilation time)
  2.611417 seconds (2.17 M allocations: 130.568 MiB, 87.54% gc time, 99.96% compilation time)
Adding model constraints...
- [constraint_candidate_connection_flow_lb]  0.364633 seconds (588.13 k allocations: 39.601 MiB, 6.78% gc time, 99.83% compilation time)
- [constraint_candidate_connection_flow_ub]  0.111203 seconds (213.05 k allocations: 14.455 MiB, 23.09% gc time, 99.73% compilation time)
- [constraint_compression_ratio]  0.067946 seconds (81.02 k allocations: 5.500 MiB, 29.01% gc time, 99.75% compilation time)
- [constraint_connection_flow_capacity] 12.634597 seconds (26.09 M allocations: 2.054 GiB, 67.66% gc time, 21.20% compilation time)
- [constraint_connection_flow_gas_capacity]  0.045111 seconds (74.28 k allocations: 4.928 MiB, 99.42% compilation time)
- [constraint_connection_flow_intact_flow]  0.182850 seconds (436.23 k allocations: 29.496 MiB, 99.82% compilation time)
- [constraint_connection_flow_lodf]  0.161323 seconds (528.44 k allocations: 34.540 MiB, 99.81% compilation time)
- [constraint_connection_intact_flow_capacity]  0.212290 seconds (369.64 k allocations: 25.456 MiB, 99.81% compilation time)
- [constraint_connection_intact_flow_ptdf]  0.175017 seconds (223.62 k allocations: 15.194 MiB, 99.84% compilation time)
- [constraint_connection_lifetime]100.289492 seconds (160.36 M allocations: 15.790 GiB, 91.08% gc time, 1.42% compilation time)
- [constraint_connection_unitary_gas_flow]  0.060951 seconds (183.11 k allocations: 12.203 MiB, 99.71% compilation time)
- [constraint_connections_invested_available]  0.517797 seconds (725.25 k allocations: 49.644 MiB, 8.76% gc time, 99.75% compilation time)
- [constraint_connections_invested_transition]  1.253039 seconds (1.60 M allocations: 109.503 MiB, 3.54% gc time, 99.71% compilation time)
- [constraint_cyclic_node_state]  0.189954 seconds (173.19 k allocations: 11.815 MiB, 99.81% compilation time)
- [constraint_fix_node_pressure_point]  0.045153 seconds (50.70 k allocations: 3.320 MiB, 99.57% compilation time)
- [constraint_fix_ratio_in_in_unit_flow]  2.314879 seconds (4.34 M allocations: 329.695 MiB, 7.90% gc time, 93.79% compilation time)
- [constraint_fix_ratio_in_out_unit_flow]  0.085723 seconds (284.78 k allocations: 19.160 MiB, 99.41% compilation time)
- [constraint_fix_ratio_out_in_connection_flow]  1.834767 seconds (3.19 M allocations: 228.788 MiB, 5.98% gc time, 94.10% compilation time)
- [constraint_fix_ratio_out_in_unit_flow]  0.000139 seconds (100 allocations: 19.781 KiB)
- [constraint_fix_ratio_out_out_unit_flow]  0.000370 seconds (754 allocations: 76.422 KiB)
- [constraint_investment_group_equal_investments]  0.258062 seconds (214.64 k allocations: 14.423 MiB, 99.78% compilation time)
- [constraint_investment_group_maximum_capacity_invested_available]  0.125752 seconds (117.09 k allocations: 8.014 MiB, 99.87% compilation time)
- [constraint_investment_group_maximum_entities_invested_available]  0.130574 seconds (172.31 k allocations: 11.676 MiB, 99.88% compilation time)
- [constraint_investment_group_minimum_capacity_invested_available]  0.037326 seconds (24.87 k allocations: 1.687 MiB, 99.65% compilation time)
- [constraint_investment_group_minimum_entities_invested_available]  0.060009 seconds (24.86 k allocations: 1.686 MiB, 37.16% gc time, 99.77% compilation time)
- [constraint_max_node_pressure]  0.162199 seconds (236.56 k allocations: 15.893 MiB, 99.79% compilation time)
- [constraint_max_node_voltage_angle]  0.082003 seconds (71.71 k allocations: 4.779 MiB, 25.71% gc time, 99.70% compilation time)
- [constraint_max_ratio_in_in_unit_flow]  0.000140 seconds (100 allocations: 19.781 KiB)
- [constraint_max_ratio_in_out_unit_flow]  0.000144 seconds (100 allocations: 19.781 KiB)
- [constraint_max_ratio_out_in_connection_flow]  0.055699 seconds (122.48 k allocations: 8.242 MiB, 99.64% compilation time)
- [constraint_max_ratio_out_in_unit_flow]  0.000140 seconds (100 allocations: 19.781 KiB)
- [constraint_max_ratio_out_out_unit_flow]  0.000144 seconds (100 allocations: 19.781 KiB)
- [constraint_max_total_cumulated_unit_flow_from_node]  0.156121 seconds (105.87 k allocations: 7.087 MiB, 99.86% compilation time)
- [constraint_max_total_cumulated_unit_flow_to_node]  0.000096 seconds (50 allocations: 4.500 KiB)
- [constraint_min_capacity_margin]  0.038779 seconds (42.17 k allocations: 2.836 MiB, 99.41% compilation time)
- [constraint_min_down_time]  2.222599 seconds (8.31 M allocations: 704.550 MiB, 10.18% gc time, 72.77% compilation time)
- [constraint_min_node_pressure]  0.080196 seconds (46.74 k allocations: 3.088 MiB, 27.70% gc time, 99.56% compilation time)
- [constraint_min_node_voltage_angle]  0.054340 seconds (46.75 k allocations: 3.077 MiB, 99.48% compilation time)
- [constraint_min_ratio_in_in_unit_flow]  0.000145 seconds (100 allocations: 19.781 KiB)
- [constraint_min_ratio_in_out_unit_flow]  0.000116 seconds (100 allocations: 19.781 KiB)
- [constraint_min_ratio_out_in_connection_flow]  0.036346 seconds (22.55 k allocations: 1.558 MiB, 99.47% compilation time)
- [constraint_min_ratio_out_in_unit_flow]  0.000142 seconds (100 allocations: 19.781 KiB)
- [constraint_min_ratio_out_out_unit_flow]  0.000144 seconds (100 allocations: 19.781 KiB)
- [constraint_min_scheduled_outage_duration]  0.112825 seconds (113.64 k allocations: 7.784 MiB, 99.85% compilation time)
- [constraint_min_total_cumulated_unit_flow_from_node]  0.037899 seconds (22.53 k allocations: 1.564 MiB, 99.58% compilation time)
- [constraint_min_total_cumulated_unit_flow_to_node]  0.000091 seconds (50 allocations: 4.500 KiB)
- [constraint_min_up_time]  0.631496 seconds (1.18 M allocations: 85.961 MiB, 6.40% gc time, 89.78% compilation time)
- [constraint_minimum_operating_point]  1.266844 seconds (2.34 M allocations: 181.723 MiB, 7.98% gc time, 89.52% compilation time)
- [constraint_nodal_balance]  4.824264 seconds (6.26 M allocations: 512.227 MiB, 66.08% gc time, 86.28% compilation time)
- [constraint_node_injection]  6.283692 seconds (22.21 M allocations: 1.548 GiB, 50.65% gc time, 31.13% compilation time)
- [constraint_node_state_capacity]  3.619031 seconds (3.23 M allocations: 236.092 MiB, 72.98% gc time, 95.25% compilation time)
- [constraint_node_voltage_angle]  0.108416 seconds (62.71 k allocations: 4.329 MiB, 99.83% compilation time)
- [constraint_non_spinning_reserves_lower_bound]  0.071691 seconds (90.47 k allocations: 6.111 MiB, 99.62% compilation time)
- [constraint_non_spinning_reserves_shut_down_upper_bound]  0.140366 seconds (177.82 k allocations: 11.777 MiB, 99.65% compilation time)
- [constraint_non_spinning_reserves_start_up_upper_bound]  0.000161 seconds (326 allocations: 30.609 KiB)
- [constraint_operating_point_bounds] 78.938933 seconds (186.69 M allocations: 29.730 GiB, 6.92% gc time, 1.91% compilation time)
- [constraint_operating_point_rank]  0.567326 seconds (1.06 M allocations: 100.851 MiB, 10.71% gc time, 88.11% compilation time)
- [constraint_ramp_down]  2.328591 seconds (4.76 M allocations: 379.469 MiB, 7.36% gc time, 87.31% compilation time)
- [constraint_ramp_up]  0.951232 seconds (2.96 M allocations: 257.514 MiB, 13.17% gc time, 69.62% compilation time)
- [constraint_ratio_out_in_connection_intact_flow]  0.079235 seconds (81.71 k allocations: 5.560 MiB, 99.61% compilation time)
- [constraint_storage_lifetime] 13.612417 seconds (19.13 M allocations: 1.909 GiB, 86.87% gc time, 8.48% compilation time)
- [constraint_storage_line_pack]  2.638445 seconds (64.45 k allocations: 4.595 MiB, 95.56% gc time, 99.99% compilation time)
- [constraint_storages_invested_available]  0.281095 seconds (286.33 k allocations: 19.579 MiB, 99.70% compilation time)
- [constraint_storages_invested_transition]  0.358153 seconds (258.21 k allocations: 18.173 MiB, 6.27% gc time, 99.54% compilation time)
- [constraint_unit_flow_capacity]  1.994420 seconds (8.86 M allocations: 674.601 MiB, 17.61% gc time, 65.81% compilation time)
- [constraint_unit_flow_op_bounds]  3.608079 seconds (2.75 M allocations: 225.551 MiB, 79.05% gc time, 22.83% compilation time)
- [constraint_unit_flow_op_rank]  0.857232 seconds (2.20 M allocations: 190.531 MiB, 19.06% gc time, 69.59% compilation time)
- [constraint_unit_flow_op_sum]  3.291623 seconds (724.54 k allocations: 54.085 MiB, 82.23% gc time, 99.65% compilation time)
- [constraint_unit_lifetime]115.380605 seconds (122.91 M allocations: 12.619 GiB, 92.14% gc time, 0.70% compilation time)
- [constraint_unit_state_transition]  2.448685 seconds (1.19 M allocations: 92.302 MiB, 6.05% gc time, 96.48% compilation time)
- [constraint_units_available] 14.462628 seconds (14.67 M allocations: 1.008 GiB, 58.76% gc time, 20.49% compilation time)
- [constraint_units_invested_available]  0.282941 seconds (102.00 k allocations: 7.088 MiB, 99.55% compilation time)
- [constraint_units_invested_transition]  0.887974 seconds (347.43 k allocations: 24.117 MiB, 99.49% compilation time)
- [constraint_units_out_of_service_contiguity]  0.192240 seconds (54.28 k allocations: 3.833 MiB, 99.88% compilation time)
- [constraint_units_out_of_service_transition]  0.125528 seconds (81.75 k allocations: 5.719 MiB, 99.72% compilation time)
- [constraint_user_constraint]  6.674987 seconds (11.33 M allocations: 851.787 MiB, 7.31% gc time, 91.46% compilation time)
403.664882 seconds (652.21 M allocations: 72.054 GiB, 63.27% gc time, 15.77% compilation time)
Setting model objective...  8.810675 seconds (16.11 M allocations: 1.136 GiB, 36.29% gc time, 88.33% compilation time)
Build complete. Started at 2026-02-04T10:33:42.751, ended at 2026-02-04T10:42:36.878, elapsed time: 8 minutes, 54 seconds, 127 milliseconds
Solve started at 2026-02-04T10:42:37.035
Bringing model to the first window... 22.004480 seconds (54.69 M allocations: 4.034 GiB, 67.45% gc time, 9.70% compilation time)
model - window 1 of 12: 2019-01-01T00:00~(4 weeks, 2 days, 10 hours)~>2019-01-31T10:00
Optimizing model...Running HiGHS 1.11.0 (git hash: 364c83a51e): Copyright (c) 2025 HiGHS under MIT licence terms
MIP  has 112554 rows; 130137 cols; 291351 nonzeros; 2287 integer variables (0 binary)
Coefficient ranges:
  Matrix [6e-03, 1e+05]
  Cost   [1e-03, 2e+09]
  Bound  [1e+00, 1e+03]
  RHS    [1e+00, 1e+02]
Presolving model
50141 rows, 64973 cols, 182060 nonzeros  0s
36141 rows, 51924 cols, 158961 nonzeros  0s
32358 rows, 46839 cols, 151702 nonzeros  0s
Solving MIP model with:
   32358 rows
   46839 cols (1777 binary, 0 integer, 0 implied int., 45062 continuous, 0 domain fixed)
   151702 nonzeros
Src: B => Branching; C => Central rounding; F => Feasibility pump; J => Feasibility jump;
     H => Heuristic; L => Sub-MIP; P => Empty MIP; R => Randomized rounding; Z => ZI Round;
     I => Shifting; S => Solve LP; T => Evaluate node; U => Unbounded; X => User solution;
     z => Trivial zero; l => Trivial lower; u => Trivial upper; p => Trivial point
        Nodes      |    B&B Tree     |            Objective Bounds              |  Dynamic Constraints |       Work
Src  Proc. InQueue |  Leaves   Expl. | BestBound       BestSol              Gap |   Cuts   InLp Confl. | LpIters     Time
         0       0         0   0.00%   -inf            inf                  inf        0      0      0         0     1.8s
         0       0         0   0.00%   -4944479.924746 inf                  inf        0      0      2     30558    21.8s
         0       0         0   0.00%   -4944279.322438 inf                  inf    12431    251      5     30879    27.8s
         0       0         0   0.00%   -4937563.052498 inf                  inf    21872    501      8     32560    33.8s
         0       0         0   0.00%   -4935242.000596 inf                  inf    16849    676     11     33250    43.5s
         0       0         0   0.00%   -4934456.24907  inf                  inf    10962    745     14     33683    54.1s
 C       0       0         0   0.00%   -4934020.858495 1.31705485e+11   100.00%     7577    931     16     34073    66.3s
         0       0         0   0.00%   -4933779.955723 1.31705485e+11   100.00%     7978   1059     16     34355    74.2s
         0       0         0   0.00%   -4933752.213909 1.31705485e+11   100.00%     8130   1081     16     34400    82.4s
         0       0         0   0.00%   -4933712.115653 1.31705485e+11   100.00%     8312   1111     16     34447    90.7s
         0       0         0   0.00%   -4933697.780078 1.31705485e+11   100.00%     8408   1120     16     34469    99.5s
         0       0         0   0.00%   -4933695.913815 1.31705485e+11   100.00%     8476   1127     16     34486   108.2s
         0       0         0   0.00%   -4933692.784654 1.31705485e+11   100.00%     8555   1134     16     34504   115.8s
         0       0         0   0.00%   -4933686.720788 1.31705485e+11   100.00%     8629   1143     16     34519   124.4s
 L       0       0         0   0.00%   -4933686.720788 -4929246.009764    0.09%     8629   1143     16     34519   180.2s
         0       0         0   0.00%   -4933678.848674 -4929246.009764    0.09%     8677   1148     16     39971   189.5s
 L       0       0         0   0.00%   -4933678.848674 -4929302.329764    0.09%     8677   1148     16     39971   848.5s
5.2% inactive integer columns, restarting
Model after restart has 32258 rows, 46745 cols (1683 bin., 0 int., 0 impl., 45062 cont., 0 dom.fix.), and 149052 nonzeros
         0       0         0   0.00%   -4933678.848674 -4929302.329764    0.09%      937      0      0     99837   849.0s
         0       0         0   0.00%   -4933671.636277 -4929302.329764    0.09%      937    900      2    104082   855.7s
         0       0         0   0.00%   -4933559.801069 -4929302.329764    0.09%     1443    991      2    104229   861.7s
        Nodes      |    B&B Tree     |            Objective Bounds              |  Dynamic Constraints |       Work
Src  Proc. InQueue |  Leaves   Expl. | BestBound       BestSol              Gap |   Cuts   InLp Confl. | LpIters     Time
         0       0         0   0.00%   -4933520.102922 -4929302.329764    0.09%     1855   1021      2    104307   869.0s
         0       0         0   0.00%   -4933514.654391 -4929302.329764    0.09%     1960   1024      2    104327   877.2s
         0       0         0   0.00%   -4933479.01043  -4929302.329764    0.08%     2069   1083      2    104442   887.7s
         0       0         0   0.00%   -4933458.752793 -4929302.329764    0.08%     2327   1107      2    104540   896.0s
         0       0         0   0.00%   -4933454.696553 -4929302.329764    0.08%     2356   1147      2    104594   903.8s
         0       0         0   0.00%   -4933453.628055 -4929302.329764    0.08%     2388   1162      2    104624   911.9s
         0       0         0   0.00%   -4933453.147198 -4929302.329764    0.08%     2400   1166      2    104642   919.5s
         1       0         1 100.00%   -4929302.329764 -4929302.329764    0.00%     2425    938     84    121418   977.8s
         1       0         1 100.00%   -4929302.329764 -4929302.329764    0.00%     2425    938     84    121418   977.8s
Solving report
  Status            Optimal
  Primal bound      -4929302.32976
  Dual bound        -4929302.32976
  Gap               0% (tolerance: 0%)
  P-D integral      114.647472066
  Solution status   feasible
                    -4929302.32976 (objective)
                    0 (bound viol.)
                    1.73521197411e-11 (int. viol.)
                    0 (row viol.)
  Timing            977.76 (total)
                    0.00 (presolve)
                    0.00 (solve)
                    0.00 (postsolve)
  Max sub-MIP depth 4
  Nodes             1
  Repair LPs        0 (0 feasible; 0 iterations)
  LP iterations     121418 (total)
                    15094 (strong br.)
                    4538 (separation)
                    65301 (heuristics)
980.164914 seconds (1.62 M allocations: 171.948 MiB, 0.05% gc time, 0.17% compilation time)
Optimal solution found, objective function value: -4.929302329764146e6
Saving model results... 17.397824 seconds (6.87 M allocations: 361.840 MiB, 63.75% gc time, 63.72% compilation time)
Postprocessing model results...  0.008031 seconds (86 allocations: 6.000 KiB, 97.92% compilation time)
Saving model outputs...  9.429855 seconds (6.41 M allocations: 514.769 MiB, 53.80% gc time, 92.01% compilation time)
Rolling model temporal structure...  6.871313 seconds (4.93 M allocations: 124.073 MiB, 74.33% gc time, 10.28% compilation time)
Fixing model history...  1.335422 seconds (1.02 M allocations: 76.077 MiB, 8.32% gc time, 88.16% compilation time)
Applying model non-anticipativity constraints...  0.244462 seconds (45.38 k allocations: 3.208 MiB, 99.83% compilation time)
model - window 2 of 12: 2019-01-31T10:00~(4 weeks, 2 days, 10 hours)~>2019-03-02T20:00
Optimizing model...MIP  has 112554 rows; 130137 cols; 291408 nonzeros; 2287 integer variables (0 binary)
Coefficient ranges:
  Matrix [6e-03, 1e+05]
  Cost   [1e-03, 2e+09]
  Bound  [2e-05, 1e+03]
  RHS    [1e+00, 1e+02]
Presolving model
51430 rows, 65098 cols, 182797 nonzeros  0s
32850 rows, 51718 cols, 148969 nonzeros  0s
31281 rows, 46536 cols, 146624 nonzeros  0s
Solving MIP model with:
   31281 rows
   46536 cols (1667 binary, 0 integer, 0 implied int., 44869 continuous, 0 domain fixed)
   146624 nonzeros
Src: B => Branching; C => Central rounding; F => Feasibility pump; J => Feasibility jump;
     H => Heuristic; L => Sub-MIP; P => Empty MIP; R => Randomized rounding; Z => ZI Round;
     I => Shifting; S => Solve LP; T => Evaluate node; U => Unbounded; X => User solution;
     z => Trivial zero; l => Trivial lower; u => Trivial upper; p => Trivial point
        Nodes      |    B&B Tree     |            Objective Bounds              |  Dynamic Constraints |       Work
Src  Proc. InQueue |  Leaves   Expl. | BestBound       BestSol              Gap |   Cuts   InLp Confl. | LpIters     Time
         0       0         0   0.00%   -141297804.3256 inf                  inf        0      0      0         0     1.8s
         0       0         0   0.00%   12097983.9598   inf                  inf        0      0      3     27281    14.3s
 R       0       0         0   0.00%   12098234.74738  5.40092432e+11   100.00%    12312    284      3     27626    17.3s
 C       0       0         0   0.00%   12106355.50648  12109501.02207     0.03%    11293    967     21     29810    23.9s
         0       0         0   0.00%   12106821.60296  12109501.02207     0.02%     8107   1136     21     30283    29.6s
         0       0         0   0.00%   12107051.02509  12109501.02207     0.02%     8667   1177     21     30439    35.1s
         0       0         0   0.00%   12107307.35695  12109501.02207     0.02%     9262   1104     21     30598    41.3s
         0       0         0   0.00%   12107534.79415  12109501.02207     0.02%     9716   1011     21     30733    47.3s
         0       0         0   0.00%   12107862.09738  12109501.02207     0.01%    10138    998     21     30904    53.0s
         0       0         0   0.00%   12108096.35288  12109501.02207     0.01%    10432    983     21     31041    58.0s
         0       0         0   0.00%   12108305.18552  12109501.02207     0.01%     9553    966     21     31188    64.1s
         0       0         0   0.00%   12108534.33444  12109501.02207     0.01%     8996    943     21     31286    69.9s
         0       0         0   0.00%   12108716.82867  12109501.02207     0.01%     8414    928     21     31438    75.9s
         0       0         0   0.00%   12108875.44554  12109501.02207     0.01%     7993    906     21     31529    81.7s
 L       0       0         0   0.00%   12108875.44554  12109457.80207     0.00%     7993    906     21     31529   257.6s
14.2% inactive integer columns, restarting
Model after restart has 28167 rows, 36657 cols (1426 bin., 0 int., 0 impl., 35231 cont., 0 dom.fix.), and 123628 nonzeros
         0       0         0   0.00%   12108930.38898  12109457.80207     0.00%      805      0      0     61336  5776.1s
         0       0         0   0.00%   12108930.38898  12109457.80207     0.00%      805      0      2     61336  5777.3s
         0       0         0   0.00%   12108930.38898  12109457.80207     0.00%      805      0      2     61336  5777.3s
Solving report
  Status            Time limit reached
  Primal bound      12109457.8021
  Dual bound        12108930.389
  Gap               0.00436% (tolerance: 0%)
  P-D integral      6.85474836105
  Solution status   feasible
                    12109457.8021 (objective)
                    0 (bound viol.)
                    2.732856676e-16 (int. viol.)
                    0 (row viol.)
  Timing            5777.33 (total)
                    0.00 (presolve)
                    0.00 (solve)
                    0.00 (postsolve)
  Max sub-MIP depth 8
  Nodes             0
  Repair LPs        0 (0 feasible; 0 iterations)
Feasible solution found, objective function value: 1.2109457802071359e7
  LP iterations     61336 (total)
                    0 (strong br.)
                    4254 (separation)
                    29801 (heuristics)
5777.543072 seconds (432 allocations: 18.312 KiB)
Saving model results...  2.730893 seconds (4.12 M allocations: 173.683 MiB, 24.78% gc time)
Postprocessing model results...  0.000102 seconds (51 allocations: 4.297 KiB)
Saving model outputs...  9.522520 seconds (3.45 M allocations: 319.072 MiB, 93.88% gc time)
Rolling model temporal structure...  1.588051 seconds (4.69 M allocations: 108.214 MiB, 31.56% gc time)
Fixing model history...  5.716582 seconds (390.86 k allocations: 34.010 MiB, 97.70% gc time)
Applying model non-anticipativity constraints...  0.000249 seconds (438 allocations: 42.938 KiB)
model - window 3 of 12: 2019-03-02T20:00~(4 weeks, 2 days, 10 hours)~>2019-04-02T06:00
Optimizing model...MIP  has 112554 rows; 130137 cols; 291471 nonzeros; 2287 integer variables (0 binary)
Coefficient ranges:
  Matrix [6e-03, 1e+05]
  Cost   [1e-03, 2e+09]
  Bound  [7e-03, 1e+03]
  RHS    [1e+00, 1e+02]
Presolving model
51493 rows, 65125 cols, 182950 nonzeros  0s
32850 rows, 51682 cols, 148933 nonzeros  0s
31285 rows, 46470 cols, 146562 nonzeros  0s
Solving MIP model with:
   31285 rows
   46470 cols (1667 binary, 0 integer, 0 implied int., 44803 continuous, 0 domain fixed)
   146562 nonzeros
Src: B => Branching; C => Central rounding; F => Feasibility pump; J => Feasibility jump;
     H => Heuristic; L => Sub-MIP; P => Empty MIP; R => Randomized rounding; Z => ZI Round;
     I => Shifting; S => Solve LP; T => Evaluate node; U => Unbounded; X => User solution;
     z => Trivial zero; l => Trivial lower; u => Trivial upper; p => Trivial point
        Nodes      |    B&B Tree     |            Objective Bounds              |  Dynamic Constraints |       Work
Src  Proc. InQueue |  Leaves   Expl. | BestBound       BestSol              Gap |   Cuts   InLp Confl. | LpIters     Time
         0       0         0   0.00%   -inf            inf                  inf        0      0      0         0     1.7s
         0       0         0   0.00%   7165314.524993  inf                  inf        0      0      3     32433    23.1s
 R       0       0         0   0.00%   7170411.740059  52763719248.74    99.99%    20173    527      6     33865    28.9s
 C       0       0         0   0.00%   7172184.721633  7174710.690121     0.04%    10961    933     27     34820    34.5s
         0       0         0   0.00%   7172792.090493  7174710.690121     0.03%     7667   1061     27     35173    40.1s
         0       0         0   0.00%   7173190.009314  7174710.690121     0.02%     8257   1098     27     35434    46.3s
         0       0         0   0.00%   7173586.46265   7174710.690121     0.02%     8921    992     27     35686    52.0s
         0       0         0   0.00%   7173891.623421  7174710.690121     0.01%     9369    908     27     35860    57.4s
 L       0       0         0   0.00%   7174057.332273  7174670.400119     0.01%     9553    916     27     35967   259.9s
12.7% inactive integer columns, restarting
Model after restart has 31120 rows, 46234 cols (1431 bin., 0 int., 0 impl., 44803 cont., 0 dom.fix.), and 138677 nonzeros
         0       0         0   0.00%   7174092.918948  7174670.400119     0.01%      685      0      0    189271   262.2s
         0       0         0   0.00%   7174092.918948  7174670.400119     0.01%      685    643      2    191522   264.1s
10.7% inactive integer columns, restarting
Model after restart has 30826 rows, 46008 cols (1205 bin., 0 int., 0 impl., 44803 cont., 0 dom.fix.), and 133085 nonzeros
         0       0         0   0.00%   7174143.877993  7174670.400119     0.01%      631      0      0    191581   266.4s
         0       0         0   0.00%   7174143.877993  7174670.400119     0.01%      631    609      2    193919   268.3s
10.8% inactive integer columns, restarting
Model after restart has 30669 rows, 45857 cols (1054 bin., 0 int., 0 impl., 44803 cont., 0 dom.fix.), and 128119 nonzeros
         0       0         0   0.00%   7174247.091731  7174670.400119     0.01%      610      0      0    193977   273.7s
         0       0         0   0.00%   7174247.091731  7174670.400119     0.01%      610    601      0    195983   276.7s
         0       0         0   0.00%   7174325.733845  7174670.400119     0.00%     1287    627      0    196034   281.9s
10.1% inactive integer columns, restarting
Model after restart has 30575 rows, 45736 cols (933 bin., 0 int., 0 impl., 44803 cont., 0 dom.fix.), and 124053 nonzeros
         0       0         0   0.00%   7174364.089006  7174670.400119     0.00%      613      0      0    196067   285.5s
         0       0         0   0.00%   7174364.089006  7174670.400119     0.00%      613    608      0    198001   289.6s
         0       0         0   0.00%   7174399.214806  7174670.400119     0.00%     1519    623      0    198096   295.9s
11.6% inactive integer columns, restarting
Model after restart has 30487 rows, 45618 cols (815 bin., 0 int., 0 impl., 44803 cont., 0 dom.fix.), and 119886 nonzeros
         0       0         0   0.00%   7174421.402906  7174670.400119     0.00%      605      0      0    198117   297.8s
        Nodes      |    B&B Tree     |            Objective Bounds              |  Dynamic Constraints |       Work
Src  Proc. InQueue |  Leaves   Expl. | BestBound       BestSol              Gap |   Cuts   InLp Confl. | LpIters     Time
         0       0         0   0.00%   7174421.402908  7174670.400119     0.00%      605    597      2    200582   299.7s
21.1% inactive integer columns, restarting
Model after restart has 30270 rows, 45412 cols (609 bin., 0 int., 0 impl., 44803 cont., 0 dom.fix.), and 114586 nonzeros
         0       0         0   0.00%   7174486.515503  7174670.400119     0.00%      586      0      0    200646   302.9s
         0       0         0   0.00%   7174486.515503  7174670.400119     0.00%      586    584      0    203061   306.1s
10.5% inactive integer columns, restarting
Model after restart has 30181 rows, 45326 cols (523 bin., 0 int., 0 impl., 44803 cont., 0 dom.fix.), and 113227 nonzeros
         0       0         0   0.00%   7174508.872554  7174670.400119     0.00%      592      0      0    203100   310.4s
         0       0         0   0.00%   7174508.872554  7174670.400119     0.00%      592    588      0    204946   314.6s
10.5% inactive integer columns, restarting
Model after restart has 30112 rows, 45262 cols (459 bin., 0 int., 0 impl., 44803 cont., 0 dom.fix.), and 112031 nonzeros
         0       0         0   0.00%   7174528.927767  7174670.400119     0.00%      588      0      0    204995   317.7s
         0       0         0   0.00%   7174528.927767  7174670.400119     0.00%      588    584      0    206787   320.4s
         0       0         0   0.00%   7174544.297945  7174670.400119     0.00%      899    593      0    206813   326.1s
11.5% inactive integer columns, restarting
Model after restart has 30038 rows, 45196 cols (393 bin., 0 int., 0 impl., 44803 cont., 0 dom.fix.), and 110954 nonzeros
         0       0         0   0.00%   7174549.453257  7174670.400119     0.00%      581      0      0    206862   329.2s
         0       0         0   0.00%   7174549.453257  7174670.400119     0.00%      581    575      0    209216   332.7s
12.5% inactive integer columns, restarting
Model after restart has 29930 rows, 45131 cols (328 bin., 0 int., 0 impl., 44803 cont., 0 dom.fix.), and 110047 nonzeros
         0       0         0   0.00%   7174558.570472  7174670.400119     0.00%      570      0      0    209255   336.0s
         0       0         0   0.00%   7174558.570472  7174670.400119     0.00%      570    561      0    210866   338.8s
         0       0         0   0.00%   7174571.242618  7174670.400119     0.00%      926    582      0    210945   344.6s
10.1% inactive integer columns, restarting
Model after restart has 29871 rows, 45088 cols (285 bin., 0 int., 0 impl., 44803 cont., 0 dom.fix.), and 109504 nonzeros
         0       0         0   0.00%   7174574.547278  7174670.400119     0.00%      570      0      0    210952   346.5s
         0       0         0   0.00%   7174574.547281  7174670.400119     0.00%      570    567      0    212826   349.9s
14.4% inactive integer columns, restarting
Model after restart has 29805 rows, 45034 cols (231 bin., 0 int., 0 impl., 44803 cont., 0 dom.fix.), and 108844 nonzeros
         0       0         0   0.00%   7174591.045947  7174670.400119     0.00%      568      0      0    212859   353.0s
         0       0         0   0.00%   7174591.045947  7174670.400119     0.00%      568    564      0    214556   355.6s
11.7% inactive integer columns, restarting
Model after restart has 29754 rows, 44994 cols (191 bin., 0 int., 0 impl., 44803 cont., 0 dom.fix.), and 108403 nonzeros
         0       0         0   0.00%   7174606.386445  7174670.400119     0.00%      561      0      0    214614   359.0s
         0       0         0   0.00%   7174606.386445  7174670.400119     0.00%      561    556      0    216279   361.5s
20.9% inactive integer columns, restarting
Model after restart has 29345 rows, 44951 cols (148 bin., 0 int., 0 impl., 44803 cont., 0 dom.fix.), and 107034 nonzeros
         0       0         0   0.00%   7174611.36583   7174670.400119     0.00%      464      0      0    216306   363.3s
        Nodes      |    B&B Tree     |            Objective Bounds              |  Dynamic Constraints |       Work
Src  Proc. InQueue |  Leaves   Expl. | BestBound       BestSol              Gap |   Cuts   InLp Confl. | LpIters     Time
         0       0         0   0.00%   7174611.36583   7174670.400119     0.00%      464    444      0    218217   366.7s
14.2% inactive integer columns, restarting
Model after restart has 29307 rows, 44924 cols (121 bin., 0 int., 0 impl., 44803 cont., 0 dom.fix.), and 106725 nonzeros
         0       0         0   0.00%   7174621.778311  7174670.400119     0.00%      443      0      0    218237   368.4s
         0       0         0   0.00%   7174621.778311  7174670.400119     0.00%      443    439      0    219650   371.3s
11.6% inactive integer columns, restarting
Model after restart has 29274 rows, 44905 cols (102 bin., 0 int., 0 impl., 44803 cont., 0 dom.fix.), and 106570 nonzeros
         0       0         0   0.00%   7174631.239385  7174670.400119     0.00%      437      0      0    219714   376.1s
         0       0         0   0.00%   7174631.239385  7174670.400119     0.00%      437    433      0    221008   378.2s
27.5% inactive integer columns, restarting
Model after restart has 29200 rows, 44863 cols (60 bin., 0 int., 0 impl., 44803 cont., 0 dom.fix.), and 106244 nonzeros
         0       0         0   0.00%   7174642.466881  7174670.400119     0.00%      415      0      0    221069   383.2s
         0       0         0   0.00%   7174642.466884  7174670.400119     0.00%      415    405      0    224189   386.4s
33.3% inactive integer columns, restarting
Model after restart has 29147 rows, 44831 cols (33 bin., 0 int., 0 impl., 44798 cont., 0 dom.fix.), and 106050 nonzeros
         0       0         0   0.00%   7174651.8782    7174670.400119     0.00%      401      0      0    224207   389.7s
         0       0         0   0.00%   7174651.8782    7174670.400119     0.00%      401    393      0    225537   391.0s
24.2% inactive integer columns, restarting
Model after restart has 29102 rows, 44818 cols (20 bin., 0 int., 0 impl., 44798 cont., 0 dom.fix.), and 105899 nonzeros
         0       0         0   0.00%   7174660.181921  7174670.400119     0.00%      382      0      0    225553   393.0s
         0       0         0   0.00%   7174660.181921  7174670.400119     0.00%      382    378      0    226676   394.8s
         0       0         0   0.00%   7174662.976385  7174670.400119     0.00%     1074    394      0    226749   400.6s
20.0% inactive integer columns, restarting
Model after restart has 29024 rows, 44811 cols (13 bin., 0 int., 0 impl., 44798 cont., 0 dom.fix.), and 105662 nonzeros
         0       0         0   0.00%   7174664.630915  7174670.400119     0.00%      368      0      0    226805   405.0s
         0       0         0   0.00%   7174664.630915  7174670.400119     0.00%      368    358      0    228019   407.1s
         0       0         0   0.00%   7174666.186048  7174670.400119     0.00%     2804    367      0    228069   412.6s
38.5% inactive integer columns, restarting
Model after restart has 28876 rows, 44806 cols (8 bin., 0 int., 0 impl., 44798 cont., 0 dom.fix.), and 105220 nonzeros
         0       0         0   0.00%   7174666.186048  7174670.400119     0.00%      327      0      0    228069   412.8s
         0       0         0   0.00%   7174666.186051  7174670.400119     0.00%      327    293      0    228968   413.7s
         0       0         0   0.00%   7174666.612737  7174670.400119     0.00%     3087    297      0    229028   420.0s
         0       0         0   0.00%   7174667.039812  7174670.400119     0.00%     4313    301      0    229078   426.1s
         0       0         0   0.00%   7174667.46611   7174670.400119     0.00%     5199    305      0    229130   432.1s
        Nodes      |    B&B Tree     |            Objective Bounds              |  Dynamic Constraints |       Work
Src  Proc. InQueue |  Leaves   Expl. | BestBound       BestSol              Gap |   Cuts   InLp Confl. | LpIters     Time
         1       0         1 100.00%   7174670.400119  7174670.400119     0.00%     5199    305      0    233839   436.0s
Solving report
  Status            Optimal
  Primal bound      7174670.40012
  Dual bound        7174670.40012
  Gap               0% (tolerance: 0%)
  P-D integral      5.7084404168
  Solution status   feasible
                    7174670.40012 (objective)
                    0 (bound viol.)
                    0 (int. viol.)
                    0 (row viol.)
  Timing            435.99 (total)
                    0.00 (presolve)
                    0.00 (solve)
                    0.00 (postsolve)
  Max sub-MIP depth 3
  Nodes             1
  Repair LPs        0 (0 feasible; 0 iterations)
  LP iterations     233839 (total)
                    4657 (strong br.)
                    4913 (separation)
                    153232 (heuristics)
436.031527 seconds (1.21 k allocations: 51.266 KiB)
Optimal solution found, objective function value: 7.17467040011901e6
Saving model results...  1.053168 seconds (4.12 M allocations: 173.683 MiB, 50.91% gc time)
Postprocessing model results...  0.000061 seconds (51 allocations: 4.297 KiB)
Saving model outputs...  4.953671 seconds (3.45 M allocations: 319.072 MiB, 90.50% gc time)
Rolling model temporal structure...  5.358352 seconds (4.69 M allocations: 108.214 MiB, 84.76% gc time)
Fixing model history...  0.124520 seconds (390.86 k allocations: 34.010 MiB, 33.46% gc time)
Applying model non-anticipativity constraints...  0.000123 seconds (438 allocations: 42.938 KiB)
model - window 4 of 12: 2019-04-02T06:00~(4 weeks, 2 days, 10 hours)~>2019-05-02T16:00
Optimizing model...MIP  has 112554 rows; 130137 cols; 291554 nonzeros; 2287 integer variables (0 binary)
Coefficient ranges:
  Matrix [6e-03, 1e+05]
  Cost   [1e-03, 2e+09]
  Bound  [3e-03, 1e+03]
  RHS    [1e+00, 1e+02]
Presolving model
51576 rows, 65322 cols, 183313 nonzeros  0s
32850 rows, 51796 cols, 149047 nonzeros  0s
31285 rows, 46503 cols, 146569 nonzeros  0s
Solving MIP model with:
   31285 rows
   46503 cols (1666 binary, 0 integer, 0 implied int., 44837 continuous, 0 domain fixed)
   146569 nonzeros
Src: B => Branching; C => Central rounding; F => Feasibility pump; J => Feasibility jump;
     H => Heuristic; L => Sub-MIP; P => Empty MIP; R => Randomized rounding; Z => ZI Round;
     I => Shifting; S => Solve LP; T => Evaluate node; U => Unbounded; X => User solution;
     z => Trivial zero; l => Trivial lower; u => Trivial upper; p => Trivial point
        Nodes      |    B&B Tree     |            Objective Bounds              |  Dynamic Constraints |       Work
Src  Proc. InQueue |  Leaves   Expl. | BestBound       BestSol              Gap |   Cuts   InLp Confl. | LpIters     Time
         0       0         0   0.00%   -inf            inf                  inf        0      0      0         0     1.6s
         0       0         0   0.00%   9339328.079313  inf                  inf        0      0      2     31197    16.4s
         0       0         0   0.00%   9345773.765416  inf                  inf    12688    679     11     33094    21.9s
 R       0       0         0   0.00%   9346339.443127  10803080.91748    13.48%     9884    749     11     33361    24.9s
 C       0       0         0   0.00%   9346800.665491  9349503.825452     0.03%    10655    902     11     33646    27.0s
         0       0         0   0.00%   9347254.196506  9349503.825452     0.02%     6927   1042     11     34112    33.1s
         0       0         0   0.00%   9347585.829448  9349503.825452     0.02%     7429   1081     11     34367    38.8s
         0       0         0   0.00%   9348038.720911  9349503.825452     0.02%     7973   1012     11     34564    44.4s
         0       0         0   0.00%   9348427.212655  9349503.825452     0.01%     8457    928     11     34778    49.9s
         0       0         0   0.00%   9348719.85052   9349503.825452     0.01%     8746    889     11     35018    55.4s
         0       0         0   0.00%   9348885.509648  9349503.825452     0.01%     9300    908     11     35187    61.0s
         0       0         0   0.00%   9349059.713744  9349503.825452     0.00%     9545    855     11     35316    66.4s
 L       0       0         0   0.00%   9349059.713744  9349466.345449     0.00%     9545    855     11     35316   247.7s
15.9% inactive integer columns, restarting
Model after restart has 31107 rows, 46223 cols (1386 bin., 0 int., 0 impl., 44837 cont., 0 dom.fix.), and 137310 nonzeros
         0       0         0   0.00%   9349098.354741  9349466.345449     0.00%      691      0      0    169919   250.1s
         0       0         0   0.00%   9349098.354741  9349466.345449     0.00%      691    653      2    172735   252.4s
         0       0         0   0.00%   9349175.404425  9349466.345449     0.00%     1637    668      2    172801   258.7s
11.8% inactive integer columns, restarting
Model after restart has 30968 rows, 46051 cols (1214 bin., 0 int., 0 impl., 44837 cont., 0 dom.fix.), and 131702 nonzeros
         0       0         0   0.00%   9349175.404425  9349466.345449     0.00%      642      0      0    172801   259.3s
         0       0         0   0.00%   9349175.404425  9349466.345449     0.00%      642    632      3    175161   261.2s
21.1% inactive integer columns, restarting
Model after restart has 30525 rows, 45680 cols (843 bin., 0 int., 0 impl., 44837 cont., 0 dom.fix.), and 121459 nonzeros
         0       0         0   0.00%   9349235.981679  9349466.345449     0.00%      623      0      0    175243   266.4s
         0       0         0   0.00%   9349235.981682  9349466.345449     0.00%      623    615      3    177871   268.4s
24.4% inactive integer columns, restarting
Model after restart has 30219 rows, 45430 cols (593 bin., 0 int., 0 impl., 44837 cont., 0 dom.fix.), and 116073 nonzeros
        Nodes      |    B&B Tree     |            Objective Bounds              |  Dynamic Constraints |       Work
Src  Proc. InQueue |  Leaves   Expl. | BestBound       BestSol              Gap |   Cuts   InLp Confl. | LpIters     Time
         0       0         0   0.00%   9349285.956974  9349466.345449     0.00%      594      0      0    177889   270.3s
         0       0         0   0.00%   9349285.956974  9349466.345449     0.00%      594    575      0    180110   274.1s
13.2% inactive integer columns, restarting
Model after restart has 30103 rows, 45332 cols (495 bin., 0 int., 0 impl., 44837 cont., 0 dom.fix.), and 113893 nonzeros
         0       0         0   0.00%   9349309.8833    9349466.345449     0.00%      573      0      0    180126   276.2s
         0       0         0   0.00%   9349309.8833    9349466.345449     0.00%      573    568      0    182158   279.3s
12.3% inactive integer columns, restarting
Model after restart has 30015 rows, 45257 cols (420 bin., 0 int., 0 impl., 44837 cont., 0 dom.fix.), and 112114 nonzeros
         0       0         0   0.00%   9349336.526367  9349466.345449     0.00%      575      0      0    182196   282.6s
         0       0         0   0.00%   9349336.526367  9349466.345449     0.00%      575    572      0    184056   286.2s
11.9% inactive integer columns, restarting
Model after restart has 29819 rows, 45187 cols (350 bin., 0 int., 0 impl., 44837 cont., 0 dom.fix.), and 110490 nonzeros
         0       0         0   0.00%   9349358.980224  9349466.345449     0.00%      556      0      0    184108   289.7s
         0       0         0   0.00%   9349358.980224  9349466.345449     0.00%      556    548      0    185829   292.5s
         0       0         0   0.00%   9349374.348825  9349466.345449     0.00%     1008    563      0    185875   298.3s
10.9% inactive integer columns, restarting
Model after restart has 29754 rows, 45142 cols (305 bin., 0 int., 0 impl., 44837 cont., 0 dom.fix.), and 109599 nonzeros
         0       0         0   0.00%   9349375.525369  9349466.345449     0.00%      543      0      0    185889   300.0s
         0       0         0   0.00%   9349375.525369  9349466.345449     0.00%      543    535      0    187514   303.1s
12.1% inactive integer columns, restarting
Model after restart has 29661 rows, 45096 cols (259 bin., 0 int., 0 impl., 44837 cont., 0 dom.fix.), and 108873 nonzeros
         0       0         0   0.00%   9349388.309163  9349466.345449     0.00%      530      0      0    187571   307.8s
         0       0         0   0.00%   9349388.309163  9349466.345449     0.00%      530    522      0    189580   313.4s
         0       0         0   0.00%   9349398.57908   9349466.345449     0.00%      822    541      0    189623   319.6s
11.2% inactive integer columns, restarting
Model after restart has 29611 rows, 45055 cols (218 bin., 0 int., 0 impl., 44837 cont., 0 dom.fix.), and 108343 nonzeros
         0       0         0   0.00%   9349402.651952  9349466.345449     0.00%      528      0      0    189632   322.9s
         0       0         0   0.00%   9349402.651955  9349466.345449     0.00%      528    524      0    191186   327.5s
14.7% inactive integer columns, restarting
Model after restart has 29437 rows, 45015 cols (178 bin., 0 int., 0 impl., 44837 cont., 0 dom.fix.), and 107516 nonzeros
         0       0         0   0.00%   9349409.051982  9349466.345449     0.00%      493      0      0    191209   330.9s
 R       0       0         0   0.00%   9349409.051982  9349466.345449     0.00%      493    466      0    193035   332.7s
10.7% inactive integer columns, restarting
Model after restart has 29392 rows, 44987 cols (150 bin., 0 int., 0 impl., 44837 cont., 0 dom.fix.), and 107070 nonzeros
         0       0         0   0.00%   9349409.051982  9349466.345449     0.00%      463      0      0    193035   332.9s
         0       0         0   0.00%   9349409.051982  9349466.345449     0.00%      463    458      0    195276   335.7s
12.7% inactive integer columns, restarting
Model after restart has 29357 rows, 44963 cols (126 bin., 0 int., 0 impl., 44837 cont., 0 dom.fix.), and 106906 nonzeros
        Nodes      |    B&B Tree     |            Objective Bounds              |  Dynamic Constraints |       Work
Src  Proc. InQueue |  Leaves   Expl. | BestBound       BestSol              Gap |   Cuts   InLp Confl. | LpIters     Time
         0       0         0   0.00%   9349417.577981  9349466.345449     0.00%      456      0      0    195338   339.0s
10.3% inactive integer columns, restarting
Model after restart has 29321 rows, 44945 cols (108 bin., 0 int., 0 impl., 44837 cont., 0 dom.fix.), and 106749 nonzeros
         0       0         0   0.00%   9349417.577981  9349466.345449     0.00%      443      0      0    196921   341.4s
         0       0         0   0.00%   9349417.577981  9349466.345449     0.00%      443    440      0    198073   344.2s
         0       0         0   0.00%   9349421.244982  9349466.345449     0.00%     1229    452      0    198107   350.1s
15.7% inactive integer columns, restarting
Model after restart has 29162 rows, 44926 cols (89 bin., 0 int., 0 impl., 44837 cont., 0 dom.fix.), and 106234 nonzeros
         0       0         0   0.00%   9349421.244982  9349466.345449     0.00%      395      0      0    198107   350.4s
         0       0         0   0.00%   9349421.244985  9349466.345449     0.00%      395    378      0    199424   353.4s
11.2% inactive integer columns, restarting
Model after restart has 29153 rows, 44913 cols (76 bin., 0 int., 0 impl., 44837 cont., 0 dom.fix.), and 106171 nonzeros
         0       0         0   0.00%   9349424.964868  9349466.345449     0.00%      381      0      0    199437   356.8s
         0       0         0   0.00%   9349424.964868  9349466.345449     0.00%      381    378      0    200639   358.6s
15.8% inactive integer columns, restarting
Model after restart has 29106 rows, 44897 cols (60 bin., 0 int., 0 impl., 44837 cont., 0 dom.fix.), and 106005 nonzeros
         0       0         0   0.00%   9349428.40072   9349466.345449     0.00%      370      0      0    200651   361.7s
         0       0         0   0.00%   9349428.40072   9349466.345449     0.00%      370    363      0    201791   364.4s
13.3% inactive integer columns, restarting
Model after restart has 29092 rows, 44882 cols (50 bin., 0 int., 0 impl., 44832 cont., 0 dom.fix.), and 105945 nonzeros
         0       0         0   0.00%   9349430.106609  9349466.345449     0.00%      368      0      0    201802   369.3s
         0       0         0   0.00%   9349430.106609  9349466.345449     0.00%      368    363      0    206354   376.2s
         0       0         0   0.00%   9349436.203859  9349466.345449     0.00%      460    375      0    206377   382.3s
20.0% inactive integer columns, restarting
Model after restart has 29048 rows, 44869 cols (37 bin., 0 int., 0 impl., 44832 cont., 0 dom.fix.), and 105781 nonzeros
         0       0         0   0.00%   9349439.381242  9349466.345449     0.00%      363      0      0    206385   384.1s
         0       0         0   0.00%   9349439.381242  9349466.345449     0.00%      363    354      0    210580   387.2s
13.5% inactive integer columns, restarting
Model after restart has 28895 rows, 44862 cols (30 bin., 0 int., 0 impl., 44832 cont., 0 dom.fix.), and 105320 nonzeros
         0       0         0   0.00%   9349443.859345  9349466.345449     0.00%      304      0      0    210597   389.0s
         0       0         0   0.00%   9349443.859345  9349466.345449     0.00%      304    265      0    214477   392.8s
         0       0         0   0.00%   9349453.696862  9349466.345449     0.00%      368    274      0    214516   398.9s
43.3% inactive integer columns, restarting
Model after restart has 28760 rows, 44844 cols (12 bin., 0 int., 0 impl., 44832 cont., 0 dom.fix.), and 104910 nonzeros
         0       0         0   0.00%   9349454.164431  9349466.345449     0.00%      227      0      0    214526   402.2s
         0       0         0   0.00%   9349454.164433  9349466.345449     0.00%      227    205      0    215351   403.7s
        Nodes      |    B&B Tree     |            Objective Bounds              |  Dynamic Constraints |       Work
Src  Proc. InQueue |  Leaves   Expl. | BestBound       BestSol              Gap |   Cuts   InLp Confl. | LpIters     Time
         0       0         0   0.00%   9349456.907156  9349466.345449     0.00%      268    211      0    215377   409.9s
16.7% inactive integer columns, restarting
Model after restart has 28667 rows, 44840 cols (8 bin., 0 int., 0 impl., 44832 cont., 0 dom.fix.), and 104632 nonzeros
         0       0         0   0.00%   9349456.907156  9349466.345449     0.00%      177      0      0    215377   410.2s
         0       0         0   0.00%   9349456.907156  9349466.345449     0.00%      177    164      0    216077   411.6s
25.0% inactive integer columns, restarting
Model after restart has 28565 rows, 44837 cols (5 bin., 0 int., 0 impl., 44832 cont., 0 dom.fix.), and 104321 nonzeros
         0       0         0   0.00%   9349460.961698  9349466.345449     0.00%      140      0      0    216087   414.7s
         0       0         0   0.00%   9349460.961698  9349466.345449     0.00%      140    131      0    216951   415.8s
20.0% inactive integer columns, restarting
Model after restart has 28562 rows, 44835 cols (3 bin., 0 int., 0 impl., 44832 cont., 0 dom.fix.), and 104312 nonzeros
         0       0         0   0.00%   9349461.020994  9349466.345449     0.00%      131      0      0    216961   419.0s
         0       0         0   0.00%   9349461.020994  9349466.345449     0.00%      131    130      0    217196   419.6s
33.3% inactive integer columns, restarting
Model after restart has 28457 rows, 44834 cols (2 bin., 0 int., 0 impl., 44832 cont., 0 dom.fix.), and 103998 nonzeros
         0       0         0   0.00%   9349461.04859   9349466.345449     0.00%       98      0      0    217202   422.4s
         0       0         0   0.00%   9349461.04859   9349466.345449     0.00%       98     93      0    217763   423.2s
50.0% inactive integer columns, restarting
Model after restart has 28358 rows, 44833 cols (1 bin., 0 int., 0 impl., 44832 cont., 0 dom.fix.), and 103702 nonzeros
         0       0         0   0.00%   9349461.27586   9349466.345449     0.00%       66      0      0    217773   427.5s
         0       0         0   0.00%   9349461.27586   9349466.345449     0.00%       66     54      0    220401   429.6s
         1       0         1 100.00%   9349466.345449  9349466.345449     0.00%       70     55      0    221340   435.0s
         1       0         1 100.00%   9349466.345449  9349466.345449     0.00%       70     55      0    221340   435.0s
Solving report
  Status            Optimal
  Primal bound      9349466.34545
  Dual bound        9349466.34545
  Gap               0% (tolerance: 0%)
  P-D integral      0.302765069672
  Solution status   feasible
                    9349466.34545 (objective)
                    0 (bound viol.)
                    7.9936057773e-15 (int. viol.)
                    0 (row viol.)
  Timing            435.04 (total)
                    0.00 (presolve)
                    0.00 (solve)
                    0.00 (postsolve)
  Max sub-MIP depth 3
  Nodes             1
  Repair LPs        0 (0 feasible; 0 iterations)
  LP iterations     221340 (total)
                    912 (strong br.)
                    4914 (separation)
                    134565 (heuristics)
435.079436 seconds (1.31 k allocations: 55.719 KiB)
Optimal solution found, objective function value: 9.34946634544933e6
Saving model results...  1.157686 seconds (4.12 M allocations: 173.683 MiB, 48.09% gc time)
Postprocessing model results...  0.000063 seconds (51 allocations: 4.297 KiB)
Saving model outputs...  5.235072 seconds (3.45 M allocations: 319.072 MiB, 91.24% gc time)
Rolling model temporal structure...  5.794867 seconds (4.69 M allocations: 108.214 MiB, 85.50% gc time)
Fixing model history...  0.123128 seconds (390.86 k allocations: 34.010 MiB, 24.92% gc time)
Applying model non-anticipativity constraints...  0.000154 seconds (438 allocations: 42.938 KiB)
model - window 5 of 12: 2019-05-02T16:00~(4 weeks, 2 days, 10 hours)~>2019-06-02T02:00
Optimizing model...MIP  has 112554 rows; 130137 cols; 291606 nonzeros; 2287 integer variables (0 binary)
Coefficient ranges:
  Matrix [6e-03, 1e+05]
  Cost   [1e-03, 2e+09]
  Bound  [7e-03, 1e+03]
  RHS    [1e+00, 1e+02]
Presolving model
51628 rows, 65404 cols, 183499 nonzeros  0s
32850 rows, 51826 cols, 149077 nonzeros  0s
31285 rows, 46190 cols, 146282 nonzeros  0s
Solving MIP model with:
   31285 rows
   46190 cols (1667 binary, 0 integer, 0 implied int., 44523 continuous, 0 domain fixed)
   146282 nonzeros
Src: B => Branching; C => Central rounding; F => Feasibility pump; J => Feasibility jump;
     H => Heuristic; L => Sub-MIP; P => Empty MIP; R => Randomized rounding; Z => ZI Round;
     I => Shifting; S => Solve LP; T => Evaluate node; U => Unbounded; X => User solution;
     z => Trivial zero; l => Trivial lower; u => Trivial upper; p => Trivial point
        Nodes      |    B&B Tree     |            Objective Bounds              |  Dynamic Constraints |       Work
Src  Proc. InQueue |  Leaves   Expl. | BestBound       BestSol              Gap |   Cuts   InLp Confl. | LpIters     Time
         0       0         0   0.00%   -inf            inf                  inf        0      0      0         0     1.6s
         0       0         0   0.00%   13156353.52145  inf                  inf        0      0      2     30555    16.0s
 R       0       0         0   0.00%   13161613.28974  69520046264.33    99.98%    15114    502      5     32010    20.8s
 C       0       0         0   0.00%   13163817.29964  40878882569.09    99.97%     9776    867      5     33008    27.1s
         0       0         0   0.00%   13164186.57686  40878882569.09    99.97%    10664    980      5     33403    33.1s
         0       0         0   0.00%   13164571.26724  40878882569.09    99.97%    11046   1018      5     33624    38.7s
         0       0         0   0.00%   13164876.594    40878882569.09    99.97%     7786    941      5     33824    44.8s
         0       0         0   0.00%   13165200.87278  40878882569.09    99.97%     8229    901      5     34016    50.0s
         0       0         0   0.00%   13165616.20261  40878882569.09    99.97%     8468    845      5     34188    55.3s
         0       0         0   0.00%   13165898.7738   40878882569.09    99.97%     8877    866      5     34332    60.5s
         0       0         0   0.00%   13166081.52519  40878882569.09    99.97%     8986    828      5     34483    65.6s
         0       0         0   0.00%   13166286.33332  40878882569.09    99.97%     8910    792      5     34633    70.8s
         0       0         0   0.00%   13166371.86311  40878882569.09    99.97%     8335    729      5     34753    76.1s
         0       0         0   0.00%   13166417.74471  40878882569.09    99.97%     7817    702      5     34828    81.5s
 L       0       0         0   0.00%   13166417.74471  13166446.85471     0.00%     7817    702      5     34828   115.8s
 T       0       0         0   0.00%   13166417.74471  13166417.74471     0.00%     7817    702      5     40365   115.8s
         1       0         1 100.00%   13166417.74471  13166417.74471     0.00%     7237    702      5     40365   115.8s
Solving report
  Status            Optimal
  Primal bound      13166417.7447
  Dual bound        13166417.7447
  Gap               0% (tolerance: 0%)
  P-D integral      94.9557437521
  Solution status   feasible
                    13166417.7447 (objective)
                    0 (bound viol.)
                    1.21525012275e-12 (int. viol.)
                    0 (row viol.)
  Timing            115.85 (total)
                    0.00 (presolve)
                    0.00 (solve)
                    0.00 (postsolve)
  Max sub-MIP depth 2
  Nodes             1
  Repair LPs        0 (0 feasible; 0 iterations)
  LP iterations     40365 (total)
                    0 (strong br.)
                    4273 (separation)
                    5537 (heuristics)
115.886663 seconds (362 allocations: 15.344 KiB)
Optimal solution found, objective function value: 1.3166417744706633e7
Saving model results...  0.962057 seconds (4.12 M allocations: 173.683 MiB, 45.41% gc time)
Postprocessing model results...  0.000063 seconds (51 allocations: 4.297 KiB)
Saving model outputs...  4.449933 seconds (3.45 M allocations: 318.662 MiB, 91.06% gc time)
Rolling model temporal structure...  1.069840 seconds (4.69 M allocations: 108.214 MiB, 32.31% gc time)
Fixing model history...  5.363280 seconds (390.86 k allocations: 34.010 MiB, 98.62% gc time)
Applying model non-anticipativity constraints...  0.000190 seconds (438 allocations: 42.938 KiB)
model - window 6 of 12: 2019-06-02T02:00~(4 weeks, 2 days, 10 hours)~>2019-07-02T12:00
Optimizing model...MIP  has 112554 rows; 130137 cols; 291618 nonzeros; 2287 integer variables (0 binary)
Optimal solution found, objective function value: 8.912749285788361e6
Coefficient ranges:
  Matrix [6e-03, 1e+05]
  Cost   [1e-03, 2e+09]
  Bound  [7e-03, 1e+03]
  RHS    [1e+00, 1e+02]
Presolving model
51640 rows, 65569 cols, 183688 nonzeros  0s
32850 rows, 51979 cols, 149230 nonzeros  0s
31285 rows, 46516 cols, 146562 nonzeros  0s
Solving MIP model with:
   31285 rows
   46516 cols (1666 binary, 0 integer, 0 implied int., 44850 continuous, 0 domain fixed)
   146562 nonzeros
Src: B => Branching; C => Central rounding; F => Feasibility pump; J => Feasibility jump;
     H => Heuristic; L => Sub-MIP; P => Empty MIP; R => Randomized rounding; Z => ZI Round;
     I => Shifting; S => Solve LP; T => Evaluate node; U => Unbounded; X => User solution;
     z => Trivial zero; l => Trivial lower; u => Trivial upper; p => Trivial point
        Nodes      |    B&B Tree     |            Objective Bounds              |  Dynamic Constraints |       Work
Src  Proc. InQueue |  Leaves   Expl. | BestBound       BestSol              Gap |   Cuts   InLp Confl. | LpIters     Time
         0       0         0   0.00%   -inf            inf                  inf        0      0      0         0     1.5s
         0       0         0   0.00%   8904956.979437  inf                  inf        0      0      3     30589    20.3s
 R       0       0         0   0.00%   8910430.017598  10426466.21858    14.54%    10412    514      8     32094    27.5s
         0       0         0   0.00%   8911117.819291  10426466.21858    14.53%     7517    715     23     32549    32.8s
         0       0         0   0.00%   8911645.975601  10426466.21858    14.53%     8199    791     23     32841    39.1s
         0       0         0   0.00%   8912110.055909  10426466.21858    14.52%     8568    822     23     33037    44.5s
         0       0         0   0.00%   8912463.673694  10426466.21858    14.52%     8979    737     23     33225    49.8s
         0       0         0   0.00%   8912618.665277  10426466.21858    14.52%     9272    651     23     33325    55.3s
         0       0         0   0.00%   8912749.285052  10426466.21858    14.52%     9444    604     23     33425    61.0s
 L       0       0         0   0.00%   8912749.285788  8912749.285788     0.00%     9444    610     23     33426   287.0s
         1       0         1 100.00%   8912749.285788  8912749.285788     0.00%     9444    610     23    159204   287.1s
Solving report
  Status            Optimal
  Primal bound      8912749.28579
  Dual bound        8912749.28579
  Gap               0% (tolerance: 0%)
  P-D integral      37.6807479287
  Solution status   feasible
                    8912749.28579 (objective)
                    0 (bound viol.)
                    0 (int. viol.)
                    0 (row viol.)
  Timing            287.07 (total)
                    0.00 (presolve)
                    0.00 (solve)
                    0.00 (postsolve)
  Max sub-MIP depth 4
  Nodes             1
  Repair LPs        0 (0 feasible; 0 iterations)
  LP iterations     159204 (total)
                    0 (strong br.)
                    2837 (separation)
                    125778 (heuristics)
287.106916 seconds (236 allocations: 10.000 KiB)
Saving model results...  1.284319 seconds (4.12 M allocations: 173.683 MiB, 50.48% gc time)
Postprocessing model results...  0.000073 seconds (51 allocations: 4.297 KiB)
Saving model outputs...  5.801471 seconds (3.45 M allocations: 319.072 MiB, 91.52% gc time)
Rolling model temporal structure...  6.397246 seconds (4.69 M allocations: 108.214 MiB, 86.18% gc time)
Fixing model history...  0.142864 seconds (390.86 k allocations: 34.010 MiB, 33.33% gc time)
Applying model non-anticipativity constraints...  0.000192 seconds (438 allocations: 42.938 KiB)
model - window 7 of 12: 2019-07-02T12:00~(4 weeks, 2 days, 10 hours)~>2019-08-01T22:00
Optimizing model...MIP  has 112554 rows; 130137 cols; 291615 nonzeros; 2287 integer variables (0 binary)
Coefficient ranges:
  Matrix [6e-03, 1e+05]
  Cost   [1e-03, 2e+09]
  Bound  [1e-02, 1e+03]
  RHS    [1e+00, 1e+02]
Presolving model
51637 rows, 65493 cols, 183606 nonzeros  0s
32850 rows, 51906 cols, 149157 nonzeros  0s
31285 rows, 46370 cols, 146462 nonzeros  0s
Solving MIP model with:
   31285 rows
   46370 cols (1667 binary, 0 integer, 0 implied int., 44703 continuous, 0 domain fixed)
   146462 nonzeros
Src: B => Branching; C => Central rounding; F => Feasibility pump; J => Feasibility jump;
     H => Heuristic; L => Sub-MIP; P => Empty MIP; R => Randomized rounding; Z => ZI Round;
     I => Shifting; S => Solve LP; T => Evaluate node; U => Unbounded; X => User solution;
     z => Trivial zero; l => Trivial lower; u => Trivial upper; p => Trivial point
        Nodes      |    B&B Tree     |            Objective Bounds              |  Dynamic Constraints |       Work
Src  Proc. InQueue |  Leaves   Expl. | BestBound       BestSol              Gap |   Cuts   InLp Confl. | LpIters     Time
         0       0         0   0.00%   -130254886.0931 inf                  inf        0      0      0         0     1.8s
 R       0       0         0   0.00%   12920577.51153  5.69806373e+11   100.00%        0      0      0     25843    18.7s
         0       0         0   0.00%   12926459.63219  5.69806373e+11   100.00%    17197    493      0     27425    24.3s
 C       0       0         0   0.00%   12928336.1842   12957596.49216     0.23%     8647    886      0     28342    32.5s
         0       0         0   0.00%   12928634.97517  12957596.49216     0.22%     9362    975      0     28591    38.3s
         0       0         0   0.00%   12928854.38138  12957596.49216     0.22%     9802   1014      0     28809    44.3s
         0       0         0   0.00%   12929037.15799  12957596.49216     0.22%    10081   1035      0     28918    49.5s
         0       0         0   0.00%   12929296.64578  12957596.49216     0.22%    10407    949      0     29024    54.9s
         0       0         0   0.00%   12929629.53118  12957596.49216     0.22%    10670    857      0     29126    60.0s
         0       0         0   0.00%   12929982.44906  12957596.49216     0.21%     8406    881      0     29298    66.7s
         0       0         0   0.00%   12930178.16136  12957596.49216     0.21%     8603    841      0     29390    71.9s
         0       0         0   0.00%   12930362.49361  12957596.49216     0.21%     8763    815      0     29507    77.0s
         0       0         0   0.00%   12930517.18687  12957596.49216     0.21%     8842    827      0     29596    82.1s
         0       0         0   0.00%   12930666.77769  12957596.49216     0.21%     8918    780      0     29718    87.1s
         0       0         0   0.00%   12930807.39682  12957596.49216     0.21%     8610    794      0     29815    92.4s
         0       0         0   0.00%   12930939.68551  12957596.49216     0.21%     8226    752      0     29939    97.5s
         0       0         0   0.00%   12930989.64223  12957596.49216     0.21%     7778    704      0     30029   102.6s
         0       0         0   0.00%   12930998.11188  12957596.49216     0.21%     7574    725      0     30080   107.7s
 L       0       0         0   0.00%   12930998.11188  12930998.67708     0.00%     7574    725      0     30080   237.5s
         1       0         1 100.00%   12930998.67708  12930998.67708     0.00%     7042    725      0     51591   237.6s
Solving report
  Status            Optimal
  Primal bound      12930998.6771
  Dual bound        12930998.6771
  Gap               0% (tolerance: 0%)
  P-D integral      14.1509873874
  Solution status   feasible
                    12930998.6771 (objective)
                    0 (bound viol.)
                    0 (int. viol.)
                    0 (row viol.)
  Timing            237.65 (total)
                    0.00 (presolve)
                    0.00 (solve)
                    0.00 (postsolve)
  Max sub-MIP depth 5
  Nodes             1
  Repair LPs        0 (0 feasible; 0 iterations)
  LP iterations     51591 (total)
                    0 (strong br.)
                    4237 (separation)
                    21499 (heuristics)
237.698748 seconds (383 allocations: 16.234 KiB)
Optimal solution found, objective function value: 1.2930998677083854e7
Saving model results...  1.142235 seconds (4.12 M allocations: 173.683 MiB, 53.78% gc time)
Postprocessing model results...  0.000047 seconds (51 allocations: 4.297 KiB)
Saving model outputs...  4.891523 seconds (3.45 M allocations: 319.072 MiB, 91.04% gc time)
Rolling model temporal structure...  5.526918 seconds (4.69 M allocations: 108.214 MiB, 87.85% gc time)
Fixing model history...  0.136273 seconds (390.86 k allocations: 34.010 MiB, 31.44% gc time)
Applying model non-anticipativity constraints...  0.000171 seconds (438 allocations: 42.938 KiB)
model - window 8 of 12: 2019-08-01T22:00~(4 weeks, 2 days, 10 hours)~>2019-09-01T08:00
Optimizing model...MIP  has 112554 rows; 130137 cols; 291568 nonzeros; 2287 integer variables (0 binary)
Coefficient ranges:
  Matrix [6e-03, 1e+05]
  Cost   [1e-03, 2e+09]
  Bound  [4e-04, 1e+03]
  RHS    [1e+00, 1e+02]
Presolving model
51590 rows, 65267 cols, 183286 nonzeros  0s
32850 rows, 51727 cols, 148978 nonzeros  0s
31285 rows, 46371 cols, 146463 nonzeros  0s
Solving MIP model with:
   31285 rows
   46371 cols (1667 binary, 0 integer, 0 implied int., 44704 continuous, 0 domain fixed)
   146463 nonzeros
Src: B => Branching; C => Central rounding; F => Feasibility pump; J => Feasibility jump;
     H => Heuristic; L => Sub-MIP; P => Empty MIP; R => Randomized rounding; Z => ZI Round;
     I => Shifting; S => Solve LP; T => Evaluate node; U => Unbounded; X => User solution;
     z => Trivial zero; l => Trivial lower; u => Trivial upper; p => Trivial point
        Nodes      |    B&B Tree     |            Objective Bounds              |  Dynamic Constraints |       Work
Src  Proc. InQueue |  Leaves   Expl. | BestBound       BestSol              Gap |   Cuts   InLp Confl. | LpIters     Time
         0       0         0   0.00%   -inf            inf                  inf        0      0      0         0     1.5s
         0       0         0   0.00%   11135389.82322  inf                  inf        0      0      2     29856    15.5s
 R       0       0         0   0.00%   11140150.0188   81532830229.89    99.99%    19060    472      5     31177    22.2s
 C       0       0         0   0.00%   11142294.47237  11191366.87381     0.44%    10516    834      5     32267    29.2s
         0       0         0   0.00%   11142630.76374  11191366.87381     0.44%     5714    958      5     32561    34.3s
         0       0         0   0.00%   11142827.5141   11191366.87381     0.43%     6135    998      5     32750    39.5s
         0       0         0   0.00%   11143115.1711   11191366.87381     0.43%     6592    927      5     33025    46.1s
         0       0         0   0.00%   11143385.07242  11191366.87381     0.43%     7010    956      5     33175    52.5s
         0       0         0   0.00%   11143745.34623  11191366.87381     0.43%     7426    888      5     33367    58.6s
         0       0         0   0.00%   11143980.73629  11191366.87381     0.42%     7757    848      5     33519    64.6s
         0       0         0   0.00%   11144145.04645  11191366.87381     0.42%     8189    827      5     33659    70.5s
         0       0         0   0.00%   11144335.3051   11191366.87381     0.42%     8258    800      5     33831    76.9s
         0       0         0   0.00%   11144531.80823  11191366.87381     0.42%     7958    817      5     34017    83.3s
         0       0         0   0.00%   11144613.30442  11191366.87381     0.42%     7841    764      5     34123    88.5s
         0       0         0   0.00%   11144720.48768  11191366.87381     0.42%     7478    732      5     34210    93.7s
         0       0         0   0.00%   11144796.15808  11191366.87381     0.42%     7154    757      5     34391    99.7s
 L       0       0         0   0.00%   11144796.15808  11144796.15808     0.00%     7154    757      5     34391   310.1s
         1       0         1 100.00%   11144796.15808  11144796.15808     0.00%     6612    757      5    204767   310.2s
Solving report
  Status            Optimal
  Primal bound      11144796.1581
  Dual bound        11144796.1581
  Gap               0% (tolerance: 0%)
  P-D integral      8.19801593907
  Solution status   feasible
                    11144796.1581 (objective)
                    0 (bound viol.)
                    0 (int. viol.)
                    0 (row viol.)
  Timing            310.20 (total)
                    0.00 (presolve)
                    0.00 (solve)
                    0.00 (postsolve)
  Max sub-MIP depth 4
  Nodes             1
  Repair LPs        0 (0 feasible; 0 iterations)
  LP iterations     204767 (total)
                    0 (strong br.)
                    4535 (separation)
                    170376 (heuristics)
310.250384 seconds (390 allocations: 16.531 KiB)
Optimal solution found, objective function value: 1.1144796158076279e7
Saving model results...  1.125496 seconds (4.12 M allocations: 173.683 MiB, 53.22% gc time)
Postprocessing model results...  0.000046 seconds (51 allocations: 4.297 KiB)
Saving model outputs...  4.596758 seconds (3.45 M allocations: 319.072 MiB, 90.80% gc time)
Rolling model temporal structure...  5.111125 seconds (4.69 M allocations: 108.214 MiB, 85.93% gc time)
Fixing model history...  0.120753 seconds (390.86 k allocations: 34.010 MiB, 23.63% gc time)
Applying model non-anticipativity constraints...  0.000119 seconds (438 allocations: 42.938 KiB)
model - window 9 of 12: 2019-09-01T08:00~(4 weeks, 2 days, 10 hours)~>2019-10-01T18:00
Optimal solution found, objective function value: 1.0480631063134622e7
Optimizing model...MIP  has 112554 rows; 130137 cols; 291510 nonzeros; 2287 integer variables (0 binary)
Coefficient ranges:
  Matrix [6e-03, 1e+05]
  Cost   [1e-03, 2e+09]
  Bound  [7e-03, 1e+03]
  RHS    [1e+00, 1e+02]
Presolving model
51532 rows, 65225 cols, 183128 nonzeros  0s
32850 rows, 51743 cols, 148994 nonzeros  0s
31285 rows, 46377 cols, 146469 nonzeros  0s
Solving MIP model with:
   31285 rows
   46377 cols (1667 binary, 0 integer, 0 implied int., 44710 continuous, 0 domain fixed)
   146469 nonzeros
Src: B => Branching; C => Central rounding; F => Feasibility pump; J => Feasibility jump;
     H => Heuristic; L => Sub-MIP; P => Empty MIP; R => Randomized rounding; Z => ZI Round;
     I => Shifting; S => Solve LP; T => Evaluate node; U => Unbounded; X => User solution;
     z => Trivial zero; l => Trivial lower; u => Trivial upper; p => Trivial point
        Nodes      |    B&B Tree     |            Objective Bounds              |  Dynamic Constraints |       Work
Src  Proc. InQueue |  Leaves   Expl. | BestBound       BestSol              Gap |   Cuts   InLp Confl. | LpIters     Time
         0       0         0   0.00%   -inf            inf                  inf        0      0      0         0     1.5s
         0       0         0   0.00%   10471481.26931  inf                  inf        0      0      3     29163    16.1s
         0       0         0   0.00%   10477693.03725  inf                  inf    10704    619     11     30981    22.1s
 R       0       0         0   0.00%   10478272.0161   10502222.58579     0.23%     8288    799     11     31297    24.8s
         0       0         0   0.00%   10478700.87821  10502222.58579     0.22%     9353    909     38     31550    29.9s
         0       0         0   0.00%   10479123.71707  10502222.58579     0.22%     9881    946     38     31823    36.2s
         0       0         0   0.00%   10479546.28896  10502222.58579     0.22%    10287    868     38     32028    42.7s
         0       0         0   0.00%   10479936.7481   10502222.58579     0.21%    10801    891     38     32272    49.0s
         0       0         0   0.00%   10480271.00036  10502222.58579     0.21%     7315    823     38     32418    55.4s
         0       0         0   0.00%   10480551.34496  10502222.58579     0.21%     7643    767     38     32554    61.3s
         0       0         0   0.00%   10480629.08798  10502222.58579     0.21%     7851    695     38     32639    67.1s
 L       0       0         0   0.00%   10480630.99201  10480631.06313     0.00%     7861    709     38     32658   232.6s
         1       0         1 100.00%   10480631.06313  10480631.06313     0.00%     7785    709     38    118515   232.7s
Solving report
  Status            Optimal
  Primal bound      10480631.0631
  Dual bound        10480631.0631
  Gap               0% (tolerance: 0%)
  P-D integral      0.431157212819
  Solution status   feasible
                    10480631.0631 (objective)
                    0 (bound viol.)
                    0 (int. viol.)
                    0 (row viol.)
  Timing            232.68 (total)
                    0.00 (presolve)
                    0.00 (solve)
                    0.00 (postsolve)
  Max sub-MIP depth 5
  Nodes             1
  Repair LPs        0 (0 feasible; 0 iterations)
  LP iterations     118515 (total)
                    0 (strong br.)
                    3495 (separation)
                    85855 (heuristics)
232.753525 seconds (278 allocations: 11.781 KiB)
Saving model results...  1.112914 seconds (4.12 M allocations: 173.683 MiB, 48.44% gc time)
Postprocessing model results...  0.000048 seconds (51 allocations: 4.297 KiB)
Saving model outputs...  4.918895 seconds (3.45 M allocations: 319.072 MiB, 91.76% gc time)
Rolling model temporal structure...  5.218021 seconds (4.69 M allocations: 108.214 MiB, 86.07% gc time)
Fixing model history...  0.107654 seconds (390.86 k allocations: 34.010 MiB, 30.52% gc time)
model - window 10 of 12: 2019-10-01T18:00~(4 weeks, 2 days, 10 hours)~>2019-11-01T04:00
Applying model non-anticipativity constraints...  0.000161 seconds (438 allocations: 42.938 KiB)
Optimizing model...MIP  has 112554 rows; 130137 cols; 291442 nonzeros; 2287 integer variables (0 binary)
Coefficient ranges:
  Matrix [6e-03, 1e+05]
  Cost   [1e-03, 2e+09]
  Bound  [7e-03, 1e+03]
  RHS    [1e+00, 1e+02]
Presolving model
51464 rows, 65021 cols, 182788 nonzeros  0s
32850 rows, 51607 cols, 148858 nonzeros  0s
31285 rows, 46375 cols, 146467 nonzeros  0s
Solving MIP model with:
   31285 rows
   46375 cols (1667 binary, 0 integer, 0 implied int., 44708 continuous, 0 domain fixed)
   146467 nonzeros
Src: B => Branching; C => Central rounding; F => Feasibility pump; J => Feasibility jump;
     H => Heuristic; L => Sub-MIP; P => Empty MIP; R => Randomized rounding; Z => ZI Round;
     I => Shifting; S => Solve LP; T => Evaluate node; U => Unbounded; X => User solution;
     z => Trivial zero; l => Trivial lower; u => Trivial upper; p => Trivial point
        Nodes      |    B&B Tree     |            Objective Bounds              |  Dynamic Constraints |       Work
Src  Proc. InQueue |  Leaves   Expl. | BestBound       BestSol              Gap |   Cuts   InLp Confl. | LpIters     Time
         0       0         0   0.00%   -inf            inf                  inf        0      0      0         0     1.5s
         0       0         0   0.00%   8915492.466978  inf                  inf        0      0      3     30159    18.8s
 R       0       0         0   0.00%   8921323.606845  1.83452878e+11   100.00%    21078    520      6     31605    25.0s
 C       0       0         0   0.00%   8923054.881938  4118510144.279    99.78%    10987    868     27     32397    31.3s
         0       0         0   0.00%   8923523.306368  4118510144.279    99.78%     7474   1013     27     32763    36.9s
         0       0         0   0.00%   8923967.122329  4118510144.279    99.78%     7976   1057     27     33008    42.4s
         0       0         0   0.00%   8924373.408301  4118510144.279    99.78%     8372   1086     27     33179    47.7s
         0       0         0   0.00%   8924659.88363   4118510144.279    99.78%     8794    987     27     33293    52.9s
         0       0         0   0.00%   8925044.418538  4118510144.279    99.78%     8997    888     27     33487    58.3s
         0       0         0   0.00%   8925242.700258  4118510144.279    99.78%     9324    904     27     33604    63.5s
         0       0         0   0.00%   8925378.556857  4118510144.279    99.78%     9531    838     27     33717    68.5s
         0       0         0   0.00%   8925489.893392  4118510144.279    99.78%     9866    745     27     33858    74.9s
 L       0       0         0   0.00%   8925493.274942  8925497.249641     0.00%     9929    752     27     33884   182.3s
 T       0       0         0   0.00%   8925493.279027  8925497.249639     0.00%    10012    756     27    131550   184.5s
         1       0         1 100.00%   8925497.249639  8925497.249639     0.00%     8800    756     27    131550   184.5s
Solving report
  Status            Optimal
  Primal bound      8925497.24964
  Dual bound        8925497.24964
  Gap               0% (tolerance: 0%)
  P-D integral      156.927204075
  Solution status   feasible
                    8925497.24964 (objective)
                    0 (bound viol.)
                    2.6691981958e-12 (int. viol.)
                    0 (row viol.)
  Timing            184.50 (total)
                    0.00 (presolve)
                    0.00 (solve)
                    0.00 (postsolve)
  Max sub-MIP depth 3
  Nodes             1
  Repair LPs        0 (0 feasible; 0 iterations)
  LP iterations     131550 (total)
                    0 (strong br.)
                    3735 (separation)
                    97655 (heuristics)
184.573986 seconds (271 allocations: 11.484 KiB)
Optimal solution found, objective function value: 8.925497249639252e6
Saving model results...  1.137341 seconds (4.12 M allocations: 173.683 MiB, 46.12% gc time)
Postprocessing model results...  0.000081 seconds (51 allocations: 4.297 KiB)
Saving model outputs...  5.152568 seconds (3.45 M allocations: 319.072 MiB, 91.37% gc time)
Rolling model temporal structure...  5.835094 seconds (4.69 M allocations: 108.214 MiB, 85.55% gc time)
Fixing model history...  0.142100 seconds (390.86 k allocations: 34.010 MiB, 27.72% gc time)
Applying model non-anticipativity constraints...  0.000338 seconds (438 allocations: 42.938 KiB)
model - window 11 of 12: 2019-11-01T04:00~(4 weeks, 2 days, 10 hours)~>2019-12-01T14:00
Optimizing model...MIP  has 112554 rows; 130137 cols; 291376 nonzeros; 2287 integer variables (0 binary)
Coefficient ranges:
  Matrix [6e-03, 1e+05]
  Cost   [1e-03, 2e+09]
  Bound  [7e-03, 1e+03]
  RHS    [1e+00, 1e+02]
Presolving model
51398 rows, 64964 cols, 182599 nonzeros  0s
32850 rows, 51616 cols, 148867 nonzeros  0s
31285 rows, 46330 cols, 146422 nonzeros  0s
Solving MIP model with:
   31285 rows
   46330 cols (1667 binary, 0 integer, 0 implied int., 44663 continuous, 0 domain fixed)
   146422 nonzeros
Src: B => Branching; C => Central rounding; F => Feasibility pump; J => Feasibility jump;
     H => Heuristic; L => Sub-MIP; P => Empty MIP; R => Randomized rounding; Z => ZI Round;
     I => Shifting; S => Solve LP; T => Evaluate node; U => Unbounded; X => User solution;
     z => Trivial zero; l => Trivial lower; u => Trivial upper; p => Trivial point
        Nodes      |    B&B Tree     |            Objective Bounds              |  Dynamic Constraints |       Work
Src  Proc. InQueue |  Leaves   Expl. | BestBound       BestSol              Gap |   Cuts   InLp Confl. | LpIters     Time
         0       0         0   0.00%   -135629069.8831 inf                  inf        0      0      0         0     1.6s
         0       0         0   0.00%   12541110.12271  inf                  inf        0      0      2     25884    16.0s
         0       0         0   0.00%   12547434.80432  inf                  inf    21917    530      8     27478    21.9s
 R       0       0         0   0.00%   12548697.5406   19542724219.89    99.94%    13656    631      8     27767    27.8s
 C       0       0         0   0.00%   12550045.39632  4122142297.494    99.70%    10042    890     29     28366    33.0s
         0       0         0   0.00%   12550588.75263  4122142297.494    99.70%    11336   1065     29     28825    39.5s
         0       0         0   0.00%   12550962.55435  4122142297.494    99.70%     7109   1114     29     29033    45.7s
         0       0         0   0.00%   12551318.03549  4122142297.494    99.70%     7617   1143     29     29218    52.0s
         0       0         0   0.00%   12551637.68881  4122142297.494    99.70%     7844   1048     29     29392    57.6s
         0       0         0   0.00%   12551967.62588  4122142297.494    99.70%     8170    920     29     29511    63.3s
Optimal solution found, objective function value: 1.2552892591451116e7
         0       0         0   0.00%   12552188.85706  4122142297.494    99.70%     8573    937     29     29689    69.5s
         0       0         0   0.00%   12552428.08385  4122142297.494    99.70%     8836    880     29     29820    76.2s
         0       0         0   0.00%   12552621.51226  4122142297.494    99.70%     9110    897     29     29991    82.6s
         0       0         0   0.00%   12552728.68346  4122142297.494    99.70%     9432    847     29     30115    88.9s
         0       0         0   0.00%   12552785.93168  4122142297.494    99.70%     9476    774     29     30305    95.4s
         0       0         0   0.00%   12552886.93696  4122142297.494    99.70%     9360    786     29     30393   101.7s
         0       0         0   0.00%   12552891.55807  4122142297.494    99.70%     8813    734     29     30476   108.1s
 L       0       0         0   0.00%   12552891.55807  12552892.59145     0.00%     8813    734     29     30476   208.5s
         1       0         1 100.00%   12552892.59145  12552892.59145     0.00%     8061    734     29     40899   208.6s
Solving report
  Status            Optimal
  Primal bound      12552892.5915
  Dual bound        12552892.5915
  Gap               0% (tolerance: 0%)
  P-D integral      180.128393405
  Solution status   feasible
                    12552892.5915 (objective)
                    0 (bound viol.)
                    0 (int. viol.)
                    0 (row viol.)
  Timing            208.60 (total)
                    0.00 (presolve)
                    0.00 (solve)
                    0.00 (postsolve)
  Max sub-MIP depth 4
  Nodes             1
  Repair LPs        0 (0 feasible; 0 iterations)
  LP iterations     40899 (total)
                    0 (strong br.)
                    4592 (separation)
                    10415 (heuristics)
208.694901 seconds (334 allocations: 14.156 KiB)
Saving model results...  1.297923 seconds (4.12 M allocations: 173.683 MiB, 47.00% gc time)
Postprocessing model results...  0.000074 seconds (51 allocations: 4.297 KiB)
Saving model outputs...  6.028769 seconds (3.45 M allocations: 319.093 MiB, 89.60% gc time)
Rolling model temporal structure...  6.824115 seconds (4.69 M allocations: 108.169 MiB, 83.51% gc time)
Fixing model history...  0.143957 seconds (390.86 k allocations: 34.010 MiB, 26.20% gc time)
Applying model non-anticipativity constraints...  0.000282 seconds (438 allocations: 42.938 KiB)
model - window 12 of 12: 2019-12-01T14:00~(4 weeks, 2 days, 10 hours)~>2020-01-01T00:00
Optimal solution found, objective function value: 9.43213018903126e6
Optimizing model...MIP  has 112554 rows; 130137 cols; 291324 nonzeros; 2287 integer variables (0 binary)
Coefficient ranges:
  Matrix [6e-03, 1e+05]
  Cost   [1e-03, 2e+09]
  Bound  [7e-15, 1e+03]
  RHS    [1e+00, 1e+02]
Presolving model
51346 rows, 64899 cols, 182430 nonzeros  0s
32850 rows, 51603 cols, 148854 nonzeros  0s
31285 rows, 46433 cols, 146525 nonzeros  0s
Solving MIP model with:
   31285 rows
   46433 cols (1667 binary, 0 integer, 0 implied int., 44766 continuous, 0 domain fixed)
   146525 nonzeros
Src: B => Branching; C => Central rounding; F => Feasibility pump; J => Feasibility jump;
     H => Heuristic; L => Sub-MIP; P => Empty MIP; R => Randomized rounding; Z => ZI Round;
     I => Shifting; S => Solve LP; T => Evaluate node; U => Unbounded; X => User solution;
     z => Trivial zero; l => Trivial lower; u => Trivial upper; p => Trivial point
        Nodes      |    B&B Tree     |            Objective Bounds              |  Dynamic Constraints |       Work
Src  Proc. InQueue |  Leaves   Expl. | BestBound       BestSol              Gap |   Cuts   InLp Confl. | LpIters     Time
         0       0         0   0.00%   -inf            inf                  inf        0      0      0         0     1.9s
 R       0       0         0   0.00%   9422911.998039  5.54238027e+11   100.00%        0      0      0     30709    23.1s
         0       0         0   0.00%   9429028.248707  5.54238027e+11   100.00%    17061    678      0     32582    28.3s
 C       0       0         0   0.00%   9429934.883516  9462050.233917     0.34%     8959    923      0     33132    33.6s
         0       0         0   0.00%   9430342.400684  9462050.233917     0.34%    10285   1105      0     33521    39.5s
         0       0         0   0.00%   9430587.868511  9462050.233917     0.33%    10838   1154      0     33692    45.6s
         0       0         0   0.00%   9430822.651475  9462050.233917     0.33%    11222   1183      0     33828    51.6s
         0       0         0   0.00%   9431054.126761  9462050.233917     0.33%     7389   1091      0     34038    57.5s
         0       0         0   0.00%   9431269.789576  9462050.233917     0.33%     7710    983      0     34163    63.4s
         0       0         0   0.00%   9431411.557023  9462050.233917     0.32%     8079    995      0     34272    68.8s
         0       0         0   0.00%   9431609.622562  9462050.233917     0.32%     8364    959      0     34394    74.6s
         0       0         0   0.00%   9431744.589176  9462050.233917     0.32%     8541    973      0     34519    80.3s
         0       0         0   0.00%   9431886.581179  9462050.233917     0.32%     8811    895      0     34632    85.4s
         0       0         0   0.00%   9432028.044643  9462050.233917     0.32%     8890    846      0     34778    91.1s
         0       0         0   0.00%   9432117.617657  9462050.233917     0.32%     8788    863      0     34970    96.7s
 T       0       0         0   0.00%   9432129.395597  9432130.189031     0.00%     8545    807      0     35080   102.0s
         1       0         1 100.00%   9432130.189031  9432130.189031     0.00%     7860    807      0     35080   102.0s
Solving report
  Status            Optimal
  Primal bound      9432130.18903
  Dual bound        9432130.18903
  Gap               0% (tolerance: 0%)
  P-D integral      10.7090949444
  Solution status   feasible
                    9432130.18903 (objective)
                    0 (bound viol.)
                    2.88258306114e-12 (int. viol.)
                    0 (row viol.)
  Timing            102.01 (total)
                    0.00 (presolve)
                    0.00 (solve)
                    0.00 (postsolve)
  Max sub-MIP depth 0
  Nodes             1
  Repair LPs        0 (0 feasible; 0 iterations)
  LP iterations     35080 (total)
                    0 (strong br.)
                    4371 (separation)
                    0 (heuristics)
102.086608 seconds (320 allocations: 13.562 KiB)
Saving model results...  1.194790 seconds (4.12 M allocations: 173.683 MiB, 42.98% gc time)
Postprocessing model results...  0.000068 seconds (51 allocations: 4.297 KiB)
Saving model outputs...  5.858919 seconds (3.45 M allocations: 318.662 MiB, 90.50% gc time)
Rolling model temporal structure...  0.000088 seconds (46 allocations: 2.438 KiB)
Rolling complete
Solve complete. Started at 2026-02-04T10:42:37.035, ended at 2026-02-04T13:20:59.321, elapsed time: 2 hours, 38 minutes, 22 seconds, 286 milliseconds
Time summary:
Action                                           │ min        │ max         │ avg
─────────────────────────────────────────────────┼────────────┼─────────────┼──────────────────────
Postprocessing model results...                  │ 4.6e-5     │ 0.008031    │ 0.0007297499999999999
Fixing model history...                          │ 0.107654   │ 5.716582    │ 1.223321181818182
Applying model non-anticipativity constraints... │ 0.000119   │ 0.244462    │ 0.022403727272727273
Rolling model temporal structure...              │ 8.8e-5     │ 6.871313    │ 4.6329191666666665
Saving model results...                          │ 0.962057   │ 17.397824   │ 2.6330538333333338
Optimizing model...                              │ 102.086608 │ 5777.543072 │ 775.6558900000001
Saving model outputs...                          │ 4.449933   │ 9.52252     │ 5.903329500000001
Writing report to sqlite:///C:\Users\jfg.eco\Documents\Nord_H2ub\Spine_Projects\02_basic_energy_model\.spinetoolbox\items\outputtest\OutputTest.sqlite?spinedbfilter=cfg%3Aexecution%3A%7B%22execution_item%22%3A+%22Run+SpineOpt%22%2C+%22scenarios%22%3A+%5B%5D%2C+%22timestamp%22%3A+%222026-02-04T10%3A32%3A56%22%7D... 16.564121 seconds (20.38 M allocations: 1.471 GiB, 38.14% gc time, 21.75% compilation time)
Execution complete. Started at 2026-02-04T10:33:06.911, ended at 2026-02-04T13:21:57.014, elapsed time: 2 hours, 48 minutes, 50 seconds, 103 milliseconds
A JuMP Model
├ solver: HiGHS
├ objective_sense: MIN_SENSE
│ └ objective_function_type: JuMP.AffExpr
├ num_variables: 130137
├ num_constraints: 232568
│ ├ JuMP.AffExpr in MOI.EqualTo{Float64}: 28556
│ ├ JuMP.AffExpr in MOI.GreaterThan{Float64}: 29224
│ ├ JuMP.AffExpr in MOI.LessThan{Float64}: 54774
│ ├ JuMP.VariableRef in MOI.EqualTo{Float64}: 828
│ ├ JuMP.VariableRef in MOI.GreaterThan{Float64}: 114678
│ ├ JuMP.VariableRef in MOI.LessThan{Float64}: 2221
│ └ JuMP.VariableRef in MOI.Integer: 2287
└ Names registered in the model: none
