### Spine execution log file
### Item name: Run SpineOpt
### Filter id: 
### Part: 1

# Running julia run_spineopt.jl http://127.0.0.1:63810 http://127.0.0.1:63812
2-element Vector{String}:
 "http://127.0.0.1:63810"
 "http://127.0.0.1:63812"
Running SpineOpt...
[SpineOpt version 0.10.2 (git hash: N/A)]
[SpineInterface version 0.15.2 (git hash: N/A)]
Execution started at 2026-07-31T21:23:34.078
Reading input data from sqlite:///C:\Users\jfg.eco\Documents\GitHub\Nord_H2ub\Spine_Projects\02_basic_energy_model\.spinetoolbox\items\input\Input.sqlite...
Initializing  data structure from db...  1.031099 seconds (1.93 M allocations: 131.390 MiB)
Preprocessing  data structure...  0.165576 seconds (48.48 k allocations: 2.446 MiB, 57.62% compilation time)
Checking  data structure...  0.025216 seconds (9.05 k allocations: 476.406 KiB, 81.32% compilation time)
Build started at 2026-07-31T21:23:35.382
Creating model temporal structure...[ Info: the last time slice of temporal block Default_Investment_period has been cut to fit within the block
[ Info: the last time slice of temporal block daily has been cut to fit within the block
 58.575570 seconds (431.05 M allocations: 22.181 GiB, 51.60% gc time, 0.05% compilation time)
Creating model stochastic structure...  1.305922 seconds (3.22 M allocations: 453.173 MiB, 79.55% gc time, 3.23% compilation time)
Adding model independent variables...
- [variable_binary_gas_connection_flow]  0.064081 seconds (2.29 M allocations: 34.946 MiB)
- [variable_connection_flow]  2.875744 seconds (13.99 M allocations: 1.458 GiB, 29.72% gc time, 6.73% compilation time)
- [variable_connection_intact_flow]  1.484275 seconds (11.02 M allocations: 725.251 MiB, 29.58% gc time)
- [variable_connections_decommissioned]  0.086476 seconds (2.30 M allocations: 35.579 MiB)
- [variable_connections_invested]  0.375190 seconds (2.54 M allocations: 146.447 MiB)
- [variable_connections_invested_available]  2.840212 seconds (2.63 M allocations: 146.064 MiB, 88.30% gc time, 0.52% compilation time)
- [variable_min_capacity_margin_slack]  0.067729 seconds (2.29 M allocations: 34.901 MiB)
- [variable_node_injection]  0.335556 seconds (6.86 M allocations: 370.944 MiB)
- [variable_node_pressure]  0.061764 seconds (2.29 M allocations: 34.920 MiB)
- [variable_node_slack_neg]  0.359268 seconds (6.73 M allocations: 321.242 MiB)
- [variable_node_slack_pos]  0.578998 seconds (6.73 M allocations: 321.244 MiB, 36.54% gc time)
- [variable_node_state]  0.199230 seconds (4.26 M allocations: 143.003 MiB, 7.94% compilation time)
- [variable_node_voltage_angle]  0.065280 seconds (2.29 M allocations: 34.920 MiB)
- [variable_nonspin_units_shut_down]  0.063273 seconds (2.29 M allocations: 34.936 MiB)
- [variable_nonspin_units_started_up]  0.064949 seconds (2.29 M allocations: 34.933 MiB)
- [variable_storages_decommissioned]  0.064929 seconds (2.29 M allocations: 35.092 MiB)
- [variable_storages_invested]  0.118725 seconds (1.99 M allocations: 64.957 MiB, 12.24% compilation time)
- [variable_storages_invested_available]  0.104874 seconds (1.99 M allocations: 64.869 MiB)
- [variable_unit_flow]  2.753362 seconds (16.39 M allocations: 2.228 GiB, 32.57% gc time, 2.88% compilation time)
- [variable_unit_flow_op]  0.311247 seconds (3.78 M allocations: 156.510 MiB)
- [variable_unit_flow_op_active]  0.571782 seconds (4.25 M allocations: 184.329 MiB)
- [variable_units_invested]  0.907054 seconds (2.53 M allocations: 132.870 MiB, 39.37% gc time)
- [variable_units_invested_available]  0.515160 seconds (2.60 M allocations: 135.805 MiB, 3.39% compilation time)
- [variable_units_mothballed]  0.108419 seconds (2.30 M allocations: 35.614 MiB)
- [variable_units_on]  0.372896 seconds (5.73 M allocations: 259.015 MiB)
- [variable_units_out_of_service]  0.113890 seconds (2.29 M allocations: 34.912 MiB)
- [variable_units_returned_to_service]  0.090310 seconds (2.29 M allocations: 34.907 MiB)
- [variable_units_shut_down]  0.114766 seconds (2.57 M allocations: 53.712 MiB)
- [variable_units_started_up]  0.120052 seconds (2.56 M allocations: 53.020 MiB)
- [variable_units_taken_out_of_service]  0.263663 seconds (2.29 M allocations: 34.908 MiB, 69.91% gc time)
- [variable_user_constraint_slack_neg]  0.074977 seconds (2.29 M allocations: 34.899 MiB)
- [variable_user_constraint_slack_pos]  0.097623 seconds (2.29 M allocations: 34.899 MiB)
 16.319755 seconds (131.18 M allocations: 7.367 GiB, 33.40% gc time, 2.06% compilation time)
Adding model dependent variables...
- [variable_connection_flow]  0.400170 seconds (4.68 M allocations: 203.040 MiB)
- [variable_unit_flow]  0.420960 seconds (6.40 M allocations: 302.911 MiB)
  0.824358 seconds (11.08 M allocations: 505.963 MiB)
Adding model expressions...
- [expression_capacity_margin]  0.000098 seconds (86 allocations: 3.875 KiB)
  0.001089 seconds (200 allocations: 9.664 KiB)
Adding model constraints...
- [constraint_candidate_connection_flow_lb]  0.000627 seconds (146 allocations: 6.461 KiB)
- [constraint_candidate_connection_flow_ub]  0.000134 seconds (144 allocations: 6.180 KiB)
- [constraint_compression_ratio]  0.000107 seconds (94 allocations: 5.930 KiB)
- [constraint_connection_flow_capacity]  2.541191 seconds (22.42 M allocations: 1.265 GiB, 25.95% gc time, 0.02% compilation time)
- [constraint_connection_flow_gas_capacity]  0.000079 seconds (97 allocations: 7.086 KiB)
- [constraint_connection_flow_intact_flow]  0.000124 seconds (87 allocations: 4.008 KiB)
- [constraint_connection_flow_lodf]  0.000592 seconds (66 allocations: 3.438 KiB)
- [constraint_connection_intact_flow_capacity]  0.000157 seconds (118 allocations: 5.648 KiB)
- [constraint_connection_intact_flow_ptdf]  0.000072 seconds (72 allocations: 3.602 KiB)
- [constraint_connection_lifetime] 36.828309 seconds (219.78 M allocations: 22.942 GiB, 49.76% gc time, 0.05% compilation time)
- [constraint_connection_unitary_gas_flow]  0.000398 seconds (94 allocations: 5.930 KiB)
- [constraint_connections_invested_available]  0.001479 seconds (2.82 k allocations: 164.169 KiB)
- [constraint_connections_invested_transition]  0.005990 seconds (16.29 k allocations: 859.598 KiB)
- [constraint_cyclic_node_state]  0.009739 seconds (2.56 k allocations: 123.836 KiB, 95.27% compilation time)
- [constraint_fix_node_pressure_point]  0.000085 seconds (94 allocations: 5.930 KiB)
- [constraint_fix_ratio_in_in_unit_flow]  0.123104 seconds (1.09 M allocations: 69.084 MiB)
- [constraint_fix_ratio_in_out_unit_flow]  0.000624 seconds (3.20 k allocations: 167.633 KiB)
- [constraint_fix_ratio_out_in_connection_flow]  0.096397 seconds (822.41 k allocations: 48.701 MiB, 15.53% compilation time)
- [constraint_fix_ratio_out_in_unit_flow]  0.000150 seconds (193 allocations: 12.008 KiB)
- [constraint_fix_ratio_out_out_unit_flow]  0.000318 seconds (1.10 k allocations: 58.758 KiB)
- [constraint_investment_group_equal_investments]  0.007514 seconds (37.15 k allocations: 8.371 MiB)
- [constraint_investment_group_maximum_capacity_invested_available]  0.000067 seconds (34 allocations: 1.992 KiB)
- [constraint_investment_group_maximum_entities_invested_available]  0.000065 seconds (32 allocations: 1.898 KiB)
- [constraint_investment_group_minimum_capacity_invested_available]  0.000064 seconds (32 allocations: 1.898 KiB)
- [constraint_investment_group_minimum_entities_invested_available]  0.000089 seconds (32 allocations: 1.898 KiB)
- [constraint_max_node_pressure]  0.000121 seconds (219 allocations: 10.758 KiB)
- [constraint_max_node_voltage_angle]  0.000129 seconds (293 allocations: 13.742 KiB)
- [constraint_max_ratio_in_in_unit_flow]  0.000125 seconds (193 allocations: 12.008 KiB)
- [constraint_max_ratio_in_out_unit_flow]  0.000105 seconds (193 allocations: 12.008 KiB)
- [constraint_max_ratio_out_in_connection_flow]  0.000094 seconds (114 allocations: 6.570 KiB)
- [constraint_max_ratio_out_in_unit_flow]  0.000063 seconds (193 allocations: 12.008 KiB)
- [constraint_max_ratio_out_out_unit_flow]  0.000079 seconds (193 allocations: 12.008 KiB)
- [constraint_max_total_cumulated_unit_flow_from_node]  0.000097 seconds (96 allocations: 6.039 KiB)
- [constraint_max_total_cumulated_unit_flow_to_node]  0.000058 seconds (92 allocations: 5.789 KiB)
- [constraint_min_capacity_margin]  0.000055 seconds (101 allocations: 4.773 KiB)
- [constraint_min_down_time]  0.737262 seconds (6.69 M allocations: 499.621 MiB, 5.64% compilation time)
- [constraint_min_node_pressure]  0.000178 seconds (224 allocations: 15.146 KiB)
- [constraint_min_node_voltage_angle]  0.000281 seconds (293 allocations: 13.742 KiB)
- [constraint_min_ratio_in_in_unit_flow]  0.000135 seconds (193 allocations: 12.008 KiB)
- [constraint_min_ratio_in_out_unit_flow]  0.000121 seconds (193 allocations: 12.008 KiB)
- [constraint_min_ratio_out_in_connection_flow]  0.000116 seconds (114 allocations: 6.570 KiB)
- [constraint_min_ratio_out_in_unit_flow]  0.000082 seconds (193 allocations: 12.008 KiB)
- [constraint_min_ratio_out_out_unit_flow]  0.000066 seconds (193 allocations: 12.008 KiB)
- [constraint_min_scheduled_outage_duration]  0.000262 seconds (66 allocations: 3.320 KiB)
- [constraint_min_total_cumulated_unit_flow_from_node]  0.000076 seconds (96 allocations: 6.039 KiB)
- [constraint_min_total_cumulated_unit_flow_to_node]  0.000057 seconds (92 allocations: 5.789 KiB)
- [constraint_min_up_time]  0.066490 seconds (819.95 k allocations: 49.034 MiB)
- [constraint_minimum_operating_point]  0.097165 seconds (944.48 k allocations: 56.702 MiB)
- [constraint_nodal_balance]  0.367668 seconds (4.68 M allocations: 264.892 MiB)
- [constraint_node_injection]  2.283138 seconds (26.96 M allocations: 1.351 GiB, 13.93% gc time)
- [constraint_node_state_capacity]  0.418751 seconds (4.07 M allocations: 208.694 MiB)
- [constraint_node_voltage_angle]  0.000106 seconds (69 allocations: 3.445 KiB)
- [constraint_non_spinning_reserves_lower_bound]  0.000230 seconds (471 allocations: 22.898 KiB)
- [constraint_non_spinning_reserves_shut_down_upper_bound]  0.000151 seconds (480 allocations: 23.695 KiB)
- [constraint_non_spinning_reserves_start_up_upper_bound]  0.000092 seconds (480 allocations: 23.695 KiB)
- [constraint_operating_point_bounds] 18.302470 seconds (163.32 M allocations: 18.732 GiB, 24.69% gc time)
- [constraint_operating_point_rank]  0.027658 seconds (334.78 k allocations: 29.588 MiB)
- [constraint_ramp_down]  0.266546 seconds (2.56 M allocations: 156.985 MiB, 16.00% compilation time)
- [constraint_ramp_up]  0.238811 seconds (2.57 M allocations: 157.848 MiB)
- [constraint_ratio_out_in_connection_intact_flow]  0.000123 seconds (87 allocations: 4.008 KiB)
- [constraint_storage_lifetime]  2.985540 seconds (31.00 M allocations: 3.319 GiB, 34.62% gc time, 0.39% compilation time)
- [constraint_storage_line_pack]  0.000313 seconds (96 allocations: 6.023 KiB)
- [constraint_storages_invested_available]  0.000557 seconds (904 allocations: 49.602 KiB)
- [constraint_storages_invested_transition]  0.001052 seconds (4.04 k allocations: 208.912 KiB)
- [constraint_unit_flow_capacity]  0.585599 seconds (8.50 M allocations: 470.435 MiB)
- [constraint_unit_flow_op_bounds]  0.195623 seconds (2.47 M allocations: 134.016 MiB, 8.37% compilation time)
- [constraint_unit_flow_op_rank]  0.141691 seconds (1.93 M allocations: 109.220 MiB)
- [constraint_unit_flow_op_sum]  0.009170 seconds (88.62 k allocations: 7.014 MiB)
- [constraint_unit_lifetime] 15.647639 seconds (153.15 M allocations: 16.534 GiB, 33.14% gc time)
- [constraint_unit_state_transition]  0.022316 seconds (310.07 k allocations: 22.204 MiB)
- [constraint_units_available]  1.241821 seconds (15.33 M allocations: 778.448 MiB)
- [constraint_units_invested_available]  0.001013 seconds (3.03 k allocations: 175.622 KiB)
- [constraint_units_invested_transition]  0.002900 seconds (17.63 k allocations: 923.754 KiB)
- [constraint_units_out_of_service_contiguity]  0.000122 seconds (66 allocations: 3.320 KiB)
- [constraint_units_out_of_service_transition]  0.000149 seconds (95 allocations: 4.883 KiB)
- [constraint_user_constraint]  0.610762 seconds (4.30 M allocations: 255.667 MiB, 15.77% compilation time)
 85.086313 seconds (690.22 M allocations: 68.131 GiB, 35.78% gc time, 0.29% compilation time)
Setting model objective...  0.791460 seconds (11.78 M allocations: 624.834 MiB, 9.46% compilation time)
Build complete. Started at 2026-07-31T21:23:35.382, ended at 2026-07-31T21:26:18.525, elapsed time: 2 minutes, 43 seconds, 143 milliseconds
Solve started at 2026-07-31T21:26:18.529
Bringing model to the first window...  3.072262 seconds (36.56 M allocations: 1.790 GiB, 12.11% gc time)
model - window 1 of 12: 2019-01-01T00:00~(4 weeks, 2 days, 10 hours)~>2019-01-31T10:00
Optimizing model...Running HiGHS 1.14.0 (git hash: 7df0786de3): Copyright (c) 2026 under Apache 2.0 license terms
Using BLAS: blastrampoline-5
MIP has 119868 rows; 139893 cols; 309909 nonzeros; 2287 integer variables (0 binary)
Coefficient ranges:
  Matrix  [6e-03, 1e+05]
  Cost    [1e-03, 2e+09]
  Bound   [3e-01, 2e+04]
  RHS     [1e+00, 2e+03]
WARNING: Problem has some excessively large costs
WARNING:    Consider scaling the objective by 1e-4, or setting the user_objective_scale option to -12
Presolving model
57447 rows, 70648 cols, 200884 nonzeros 0s
38750 rows, 53424 cols, 189101 nonzeros 0s
36708 rows, 48585 cols, 180396 nonzeros 0s
Presolve reductions: rows 36708(-83160); columns 48585(-91308); nonzeros 180396(-129513)
Solving MIP model with:
   36708 rows
   48585 cols (1777 binary, 0 integer, 0 implied int., 46808 continuous, 0 domain fixed)
   180396 nonzeros
Src: B => Branching; C => Central rounding; F => Feasibility pump; H => Heuristic;
     I => Shifting; J => Feasibility jump; L => Sub-MIP; P => Empty MIP; R => Randomized rounding;
     S => Solve LP; T => Evaluate node; U => Unbounded; X => User solution; Y => HiGHS solution;
     Z => ZI Round; l => Trivial lower; p => Trivial point; u => Trivial upper; z => Trivial zero
        Nodes      |    B&B Tree     |            Objective Bounds              |  Dynamic Constraints |       Work
Src  Proc. InQueue |  Leaves   Expl. | BestBound       BestSol              Gap |   Cuts   InLp Confl. | LpIters     Time
         0       0         0   0.00%   -427997081.8136 inf                  inf        0      0      0         0     1.7s
         0       0         0   0.00%   -107471025.169  inf                  inf        0      0      3     30256    10.1s
         0       0         0   0.00%   -107470391.5201 inf                  inf     5429    233      5     31338    15.2s
 R       0       0         0   0.00%   -107464639.772  -107464306.4652    0.00%     8716    465      5     32073    22.9s
         0       0         0   0.00%   -107464532.2286 -107464306.4652    0.00%    11449    501      5     32177    30.8s
         0       0         0   0.00%   -107464532.2286 -107464306.4652    0.00%    11449    358      5     36595   129.5s
95.4% inactive integer columns, restarting
Model after restart has 31906 rows, 40091 cols (42 bin., 0 int., 0 impl., 40049 cont., 0 dom.fix.), and 125857 nonzeros
         0       0         0   0.00%   -107464532.2286 -107464306.4652    0.00%       22      0      0     36595   129.8s
         0       0         0   0.00%   -107464532.2286 -107464306.4652    0.00%       22     22      0     37108   134.3s
         0       0         0   0.00%   -107464519.2673 -107464306.4652    0.00%      305     25      0     37112   141.1s
         0       0         0   0.00%   -107464509.3166 -107464306.4652    0.00%      682     33      0     37122   147.9s
         0       0         0   0.00%   -107464453.4588 -107464306.4652    0.00%      852     33      0     70147   259.2s
42.9% inactive integer columns, restarting
Model after restart has 31801 rows, 40067 cols (21 bin., 0 int., 0 impl., 40046 cont., 0 dom.fix.), and 125457 nonzeros
         0       0         0   0.00%   -107464453.4588 -107464306.4652    0.00%       10      0      0     70147   259.5s
38.1% inactive integer columns, restarting
Model after restart has 31775 rows, 40055 cols (10 bin., 0 int., 0 impl., 40045 cont., 0 dom.fix.), and 125379 nonzeros
         0       0         0   0.00%   -107464453.4588 -107464306.4652    0.00%       10      0      0     71167   264.4s
         0       0         0   0.00%   -107464453.4588 -107464306.4652    0.00%       10     10      0     71177   268.6s
         0       0         0   0.00%   -107464450.3586 -107464306.4652    0.00%      286     12      0     71179   275.6s
         0       0         0   0.00%   -107464447.2583 -107464306.4652    0.00%      444     14      0     71187   282.6s
         0       0         0   0.00%   -107464445.0575 -107464306.4652    0.00%      611     16      0     71195   289.6s
         0       0         0   0.00%   -107464441.9572 -107464306.4652    0.00%      727     18      0     71197   296.7s
         0       0         0   0.00%   -107464438.8568 -107464306.4652    0.00%      831     20      0     71206   304.1s
         0       0         0   0.00%   -107464435.7564 -107464306.4652    0.00%      903     22      0     71208   311.2s
        Nodes      |    B&B Tree     |            Objective Bounds              |  Dynamic Constraints |       Work
Src  Proc. InQueue |  Leaves   Expl. | BestBound       BestSol              Gap |   Cuts   InLp Confl. | LpIters     Time
         0       0         0   0.00%   -107464432.656  -107464306.4652    0.00%      979     24      0     71210   318.2s
         0       0         0   0.00%   -107464429.5556 -107464306.4652    0.00%     1026     26      0     71214   325.1s
         0       0         0   0.00%   -107464426.7363 -107464306.4652    0.00%     1090     28      0     71216   331.8s
70.0% inactive integer columns, restarting
Model after restart has 31764 rows, 40041 cols (1 bin., 0 int., 0 impl., 40040 cont., 0 dom.fix.), and 125323 nonzeros
         0       0         0   0.00%   -107464310.9425 -107464306.4652    0.00%       26      0      0     71223   335.5s
         0       0         0   0.00%   -107464310.9425 -107464306.4652    0.00%       26     26      0     71280   342.3s
         1       0         1 100.00%   -107464306.4652 -107464306.4652    0.00%       26     26      1     71397   343.9s
Solving report
  Status            Optimal
  Primal bound      -107464306.465
  Dual bound        -107464306.465
  Gap               0% (tolerance: 0%)
  P-D integral      0.000519591465369
  Solution status   feasible
                    -107464306.465 (objective)
                    0 (bound viol.)
                    3.14370751653e-12 (int. viol.)
                    0 (row viol.)
  Timing            343.89
  Max sub-MIP depth 2
  Nodes             1
  Repair LPs        0
  LP iterations     71397
                    112 (strong br.)
                    1984 (separation)
                    37440 (heuristics)
344.082219 seconds (868.59 k allocations: 121.461 MiB)
Optimal solution found, objective function value: -1.0746430646516089e8
Saving model results...  0.839465 seconds (4.27 M allocations: 149.144 MiB, 50.82% gc time)
Postprocessing model results...  0.000111 seconds (48 allocations: 3.312 KiB)
Saving model outputs...  0.287717 seconds (2.76 M allocations: 170.360 MiB)
Rolling model temporal structure...  0.522186 seconds (4.74 M allocations: 101.910 MiB)
Fixing model history...  0.052564 seconds (418.32 k allocations: 20.434 MiB)
Applying model non-anticipativity constraints...  0.000166 seconds (603 allocations: 32.203 KiB)
model - window 2 of 12: 2019-01-31T10:00~(4 weeks, 2 days, 10 hours)~>2019-03-02T20:00
Optimizing model...MIP has 119868 rows; 139893 cols; 309966 nonzeros; 2287 integer variables (0 binary)
Coefficient ranges:
  Matrix  [6e-03, 1e+05]
  Cost    [1e-03, 2e+09]
  Bound   [7e-03, 2e+04]
  RHS     [1e+00, 2e+03]
WARNING: Problem has some excessively large costs
WARNING:    Consider scaling the objective by 1e-4, or setting the user_objective_scale option to -12
Presolving model
78750 rows, 70758 cols, 220587 nonzeros 0s
37623 rows, 53398 cols, 181104 nonzeros 0s
35999 rows, 48404 cols, 175908 nonzeros 0s
Presolve reductions: rows 35999(-83869); columns 48404(-91489); nonzeros 175908(-134058)
Solving MIP model with:
   35999 rows
   48404 cols (1668 binary, 0 integer, 0 implied int., 46736 continuous, 0 domain fixed)
   175908 nonzeros
Src: B => Branching; C => Central rounding; F => Feasibility pump; H => Heuristic;
     I => Shifting; J => Feasibility jump; L => Sub-MIP; P => Empty MIP; R => Randomized rounding;
     S => Solve LP; T => Evaluate node; U => Unbounded; X => User solution; Y => HiGHS solution;
     Z => ZI Round; l => Trivial lower; p => Trivial point; u => Trivial upper; z => Trivial zero
        Nodes      |    B&B Tree     |            Objective Bounds              |  Dynamic Constraints |       Work
Src  Proc. InQueue |  Leaves   Expl. | BestBound       BestSol              Gap |   Cuts   InLp Confl. | LpIters     Time
         0       0         0   0.00%   -419953912.3467 inf                  inf        0      0      0         0     1.5s
         0       0         0   0.00%   -93819817.09924 inf                  inf        0      0      2     29200     6.4s
 R       0       0         0   0.00%   -93815691.66795 -93815690.34279    0.00%     3103    416      7     30961    12.0s
 H       0       0         0   0.00%   -93815691.66795 -93815690.34279    0.00%     3103    416      7     30961    12.4s
         1       0         1 100.00%   -93815690.34279 -93815690.34279    0.00%     3103    416      8     30972    12.6s
Solving report
  Status            Optimal
  Primal bound      -93815690.3428
  Dual bound        -93815690.3428
  Gap               0% (tolerance: 0%)
  P-D integral      8.89439207637e-09
  Solution status   feasible
                    -93815690.3428 (objective)
                    0 (bound viol.)
                    2.10942374679e-15 (int. viol.)
                    0 (row viol.)
  Timing            12.60
  Max sub-MIP depth 0
  Nodes             1
  Repair LPs        0
  LP iterations     30972
                    0 (strong br.)
                    1761 (separation)
                    11 (heuristics)
 12.633381 seconds (93 allocations: 3.828 KiB)
Optimal solution found, objective function value: -9.381569034278737e7
Saving model results...  0.397576 seconds (4.27 M allocations: 149.139 MiB)
Postprocessing model results...  0.000037 seconds (48 allocations: 3.312 KiB)
Saving model outputs...  0.285082 seconds (2.76 M allocations: 170.350 MiB)
Rolling model temporal structure...  0.528202 seconds (4.74 M allocations: 102.044 MiB)
Fixing model history...  0.039309 seconds (413.88 k allocations: 20.191 MiB)
Applying model non-anticipativity constraints...  0.000143 seconds (603 allocations: 32.203 KiB)
model - window 3 of 12: 2019-03-02T20:00~(4 weeks, 2 days, 10 hours)~>2019-04-02T06:00
Optimizing model...MIP has 119868 rows; 139893 cols; 310029 nonzeros; 2287 integer variables (0 binary)
Coefficient ranges:
  Matrix  [6e-03, 1e+05]
  Cost    [1e-03, 2e+09]
  Bound   [3e-18, 2e+04]
  RHS     [1e+00, 2e+03]
WARNING: Problem has some excessively large costs
WARNING: Problem has some excessively small column bounds
WARNING:    Consider scaling the objective by 1e-4, or setting the user_objective_scale option to -12
Presolving model
78876 rows, 70884 cols, 220839 nonzeros 0s
37631 rows, 53467 cols, 181241 nonzeros 0s
36028 rows, 48604 cols, 176204 nonzeros 1s
Presolve reductions: rows 36028(-83840); columns 48604(-91289); nonzeros 176204(-133825)
Solving MIP model with:
   36028 rows
   48604 cols (1670 binary, 0 integer, 0 implied int., 46934 continuous, 0 domain fixed)
   176204 nonzeros
Src: B => Branching; C => Central rounding; F => Feasibility pump; H => Heuristic;
     I => Shifting; J => Feasibility jump; L => Sub-MIP; P => Empty MIP; R => Randomized rounding;
     S => Solve LP; T => Evaluate node; U => Unbounded; X => User solution; Y => HiGHS solution;
     Z => ZI Round; l => Trivial lower; p => Trivial point; u => Trivial upper; z => Trivial zero
Optimal solution found, objective function value: -1.025997959635907e8
        Nodes      |    B&B Tree     |            Objective Bounds              |  Dynamic Constraints |       Work
Src  Proc. InQueue |  Leaves   Expl. | BestBound       BestSol              Gap |   Cuts   InLp Confl. | LpIters     Time
         0       0         0   0.00%   -383169972.7575 inf                  inf        0      0      0         0     2.1s
         0       0         0   0.00%   -102603979.4956 inf                  inf        0      0      3     29729     8.8s
 R       0       0         0   0.00%   -102599820.0836 -102599795.9636    0.00%    11078    405      6     31503    12.5s
         1       0         1 100.00%   -102599795.9636 -102599795.9636    0.00%     9451    405      7     33349    14.2s
Solving report
  Status            Optimal
  Primal bound      -102599795.964
  Dual bound        -102599795.964
  Gap               0% (tolerance: 0%)
  P-D integral      4.12394702168e-07
  Solution status   feasible
                    -102599795.964 (objective)
                    0 (bound viol.)
                    2.88657986403e-15 (int. viol.)
                    0 (row viol.)
  Timing            14.22
  Max sub-MIP depth 0
  Nodes             1
  Repair LPs        0
  LP iterations     33349
                    0 (strong br.)
                    1774 (separation)
                    1846 (heuristics)
 14.247061 seconds (86 allocations: 3.531 KiB)
Saving model results...  0.358132 seconds (4.27 M allocations: 149.139 MiB)
Postprocessing model results...  0.000039 seconds (48 allocations: 3.312 KiB)
Saving model outputs...  0.552131 seconds (2.76 M allocations: 170.351 MiB, 45.94% gc time)
Rolling model temporal structure...  0.512244 seconds (4.74 M allocations: 102.044 MiB)
Fixing model history...  0.040776 seconds (413.88 k allocations: 20.191 MiB)
Applying model non-anticipativity constraints...  0.000142 seconds (603 allocations: 32.203 KiB)
model - window 4 of 12: 2019-04-02T06:00~(4 weeks, 2 days, 10 hours)~>2019-05-02T16:00
Optimizing model...MIP has 119868 rows; 139893 cols; 310112 nonzeros; 2287 integer variables (0 binary)
Coefficient ranges:
  Matrix  [6e-03, 1e+05]
  Cost    [1e-03, 2e+09]
  Bound   [3e-16, 2e+04]
  RHS     [1e+00, 2e+03]
WARNING: Problem has some excessively large costs
WARNING: Problem has some excessively small column bounds
WARNING:    Consider scaling the objective by 1e-4, or setting the user_objective_scale option to -12
Presolving model
79042 rows, 71050 cols, 221171 nonzeros 0s
37623 rows, 53544 cols, 181250 nonzeros 0s
36170 rows, 49167 cols, 176813 nonzeros 0s
Presolve reductions: rows 36170(-83698); columns 49167(-90726); nonzeros 176813(-133299)
Solving MIP model with:
   36170 rows
   49167 cols (1667 binary, 0 integer, 0 implied int., 47500 continuous, 0 domain fixed)
   176813 nonzeros
Src: B => Branching; C => Central rounding; F => Feasibility pump; H => Heuristic;
     I => Shifting; J => Feasibility jump; L => Sub-MIP; P => Empty MIP; R => Randomized rounding;
     S => Solve LP; T => Evaluate node; U => Unbounded; X => User solution; Y => HiGHS solution;
     Z => ZI Round; l => Trivial lower; p => Trivial point; u => Trivial upper; z => Trivial zero
        Nodes      |    B&B Tree     |            Objective Bounds              |  Dynamic Constraints |       Work
Src  Proc. InQueue |  Leaves   Expl. | BestBound       BestSol              Gap |   Cuts   InLp Confl. | LpIters     Time
         0       0         0   0.00%   -382599365.1952 inf                  inf        0      0      0         0     1.4s
         0       0         0   0.00%   -45959366.90897 inf                  inf        0      0      3     30563     8.3s
 R       0       0         0   0.00%   -45954746.50618 -45954743.26094    0.00%    10422    466      6     32779    12.7s
         1       0         1 100.00%   -45954743.26094 -45954743.26094    0.00%    10422    466      7     40516    18.0s
Solving report
  Status            Optimal
  Primal bound      -45954743.2609
  Dual bound        -45954743.2609
  Gap               0% (tolerance: 0%)
  P-D integral      3.78855502479e-07
  Solution status   feasible
                    -45954743.2609 (objective)
                    0 (bound viol.)
                    2.33146835171e-15 (int. viol.)
                    0 (row viol.)
  Timing            18.05
  Max sub-MIP depth 0
  Nodes             1
  Repair LPs        0
  LP iterations     40516
                    0 (strong br.)
                    2216 (separation)
                    7737 (heuristics)
 18.077103 seconds (86 allocations: 3.531 KiB)
Optimal solution found, objective function value: -4.5954743260935366e7
Saving model results...  0.384582 seconds (4.27 M allocations: 149.139 MiB)
Postprocessing model results...  0.000043 seconds (48 allocations: 3.312 KiB)
Saving model outputs...  0.290913 seconds (2.76 M allocations: 170.350 MiB)
Rolling model temporal structure...  0.618630 seconds (4.74 M allocations: 102.044 MiB)
Fixing model history...  0.049079 seconds (413.88 k allocations: 20.191 MiB)
Applying model non-anticipativity constraints...  0.000148 seconds (603 allocations: 32.203 KiB)
model - window 5 of 12: 2019-05-02T16:00~(4 weeks, 2 days, 10 hours)~>2019-06-02T02:00
Optimizing model...MIP has 119868 rows; 139893 cols; 310164 nonzeros; 2287 integer variables (0 binary)
Coefficient ranges:
  Matrix  [6e-03, 1e+05]
  Cost    [1e-03, 2e+09]
  Bound   [2e-17, 2e+04]
  RHS     [1e+00, 2e+03]
WARNING: Problem has some excessively large costs
WARNING: Problem has some excessively small column bounds
WARNING:    Consider scaling the objective by 1e-4, or setting the user_objective_scale option to -12
Presolving model
79146 rows, 71154 cols, 221379 nonzeros 0s
37623 rows, 53596 cols, 181302 nonzeros 0s
36214 rows, 49347 cols, 177066 nonzeros 0s
Presolve reductions: rows 36214(-83654); columns 49347(-90546); nonzeros 177066(-133098)
Solving MIP model with:
   36214 rows
   49347 cols (1668 binary, 0 integer, 0 implied int., 47679 continuous, 0 domain fixed)
   177066 nonzeros
Src: B => Branching; C => Central rounding; F => Feasibility pump; H => Heuristic;
     I => Shifting; J => Feasibility jump; L => Sub-MIP; P => Empty MIP; R => Randomized rounding;
     S => Solve LP; T => Evaluate node; U => Unbounded; X => User solution; Y => HiGHS solution;
     Z => ZI Round; l => Trivial lower; p => Trivial point; u => Trivial upper; z => Trivial zero
        Nodes      |    B&B Tree     |            Objective Bounds              |  Dynamic Constraints |       Work
Src  Proc. InQueue |  Leaves   Expl. | BestBound       BestSol              Gap |   Cuts   InLp Confl. | LpIters     Time
         0       0         0   0.00%   -375277740.9414 inf                  inf        0      0      0         0     1.5s
         0       0         0   0.00%   -50856059.62118 inf                  inf        0      0      3     30175     8.1s
 R       0       0         0   0.00%   -50851520.01488 -50851143.0101     0.00%    10709    447      5     32244    12.2s
 L       0       0         0   0.00%   -50851520.01488 -50851143.0101     0.00%    10709    447      5     32244    24.4s
31.5% inactive integer columns, restarting
Model after restart has 33590 rows, 39944 cols (968 bin., 0 int., 0 impl., 38976 cont., 0 dom.fix.), and 142726 nonzeros
         0       0         0   0.00%   -50851520.01488 -50851143.0101     0.00%      360      0      0     34183    29.9s
12.9% inactive integer columns, restarting
Model after restart has 33317 rows, 39797 cols (821 bin., 0 int., 0 impl., 38976 cont., 0 dom.fix.), and 139323 nonzeros
         0       0         0   0.00%   -50851520.01488 -50851143.0101     0.00%      218      0      0     49973    38.1s
         0       0         0   0.00%   -50851520.01488 -50851143.0101     0.00%      218    205      0     52551    41.1s
100.0% inactive integer columns, restarting
Model after restart has 31260 rows, 38970 cols (0 bin., 0 int., 0 impl., 38970 cont., 0 dom.fix.), and 123261 nonzeros
         0       0         0   0.00%   -50851143.01631 -50851143.0101     0.00%        2      0      0     52752    43.0s
 T       0       0         0   0.00%   -50851143.01631 -50851143.0101     0.00%        2      2      0     80516    50.7s
         1       0         1 100.00%   -50851143.0101  -50851143.0101     0.00%        2      0      0     80516    50.7s
Solving report
  Status            Optimal
  Primal bound      -50851143.0101
  Dual bound        -50851143.0101
  Gap               0% (tolerance: 0%)
  P-D integral      0.000225781821014
  Solution status   feasible
                    -50851143.0101 (objective)
                    0 (bound viol.)
                    0 (int. viol.)
                    0 (row viol.)
  Timing            50.75
  Max sub-MIP depth 1
  Nodes             1
  Repair LPs        0
  LP iterations     80516
                    0 (strong br.)
                    2270 (separation)
                    1939 (heuristics)
 50.769804 seconds (142 allocations: 5.906 KiB)
Optimal solution found, objective function value: -5.085114301009596e7
Saving model results...  0.361912 seconds (4.27 M allocations: 149.139 MiB)
Postprocessing model results...  0.000094 seconds (48 allocations: 3.312 KiB)
Saving model outputs...  0.281295 seconds (2.76 M allocations: 170.350 MiB)
Rolling model temporal structure...  0.825825 seconds (4.74 M allocations: 102.044 MiB, 31.22% gc time)
Fixing model history...  0.055595 seconds (413.88 k allocations: 20.191 MiB)
Applying model non-anticipativity constraints...  0.000166 seconds (603 allocations: 32.203 KiB)
model - window 6 of 12: 2019-06-02T02:00~(4 weeks, 2 days, 10 hours)~>2019-07-02T12:00
Optimizing model...MIP has 119868 rows; 139893 cols; 310176 nonzeros; 2287 integer variables (0 binary)
Coefficient ranges:
  Matrix  [6e-03, 1e+05]
  Cost    [1e-03, 2e+09]
  Bound   [2e-17, 2e+04]
  RHS     [1e+00, 2e+03]
WARNING: Problem has some excessively large costs
WARNING: Problem has some excessively small column bounds
WARNING:    Consider scaling the objective by 1e-4, or setting the user_objective_scale option to -12
Presolving model
79170 rows, 71178 cols, 221427 nonzeros 0s
37623 rows, 53608 cols, 181314 nonzeros 0s
36222 rows, 49422 cols, 177103 nonzeros 0s
Presolve reductions: rows 36222(-83646); columns 49422(-90471); nonzeros 177103(-133073)
Solving MIP model with:
   36222 rows
   49422 cols (1667 binary, 0 integer, 0 implied int., 47755 continuous, 0 domain fixed)
   177103 nonzeros
Src: B => Branching; C => Central rounding; F => Feasibility pump; H => Heuristic;
     I => Shifting; J => Feasibility jump; L => Sub-MIP; P => Empty MIP; R => Randomized rounding;
     S => Solve LP; T => Evaluate node; U => Unbounded; X => User solution; Y => HiGHS solution;
     Z => ZI Round; l => Trivial lower; p => Trivial point; u => Trivial upper; z => Trivial zero
        Nodes      |    B&B Tree     |            Objective Bounds              |  Dynamic Constraints |       Work
Src  Proc. InQueue |  Leaves   Expl. | BestBound       BestSol              Gap |   Cuts   InLp Confl. | LpIters     Time
         0       0         0   0.00%   -391759410.6671 inf                  inf        0      0      0         0     1.5s
         0       0         0   0.00%   -46216880.64741 inf                  inf        0      0      3     29373     8.9s
 R       0       0         0   0.00%   -46212432.02895 -46212385.31237    0.00%     4724    502      8     31958    15.0s
         0       0         0   0.00%   -46212432.02895 -46212385.31237    0.00%     4724    397      8     66580    83.8s
82.4% inactive integer columns, restarting
Model after restart has 32234 rows, 39043 cols (125 bin., 0 int., 0 impl., 38918 cont., 0 dom.fix.), and 126496 nonzeros
         0       0         0   0.00%   -46212432.02895 -46212385.31237    0.00%      250      0      0     66580    84.2s
13.6% inactive integer columns, restarting
Model after restart has 32193 rows, 39015 cols (99 bin., 0 int., 0 impl., 38916 cont., 0 dom.fix.), and 126253 nonzeros
         0       0         0   0.00%   -46212431.99811 -46212385.31237    0.00%      237      0      0     69388    86.6s
         0       0         0   0.00%   -46212431.99811 -46212385.31237    0.00%      237    237      0     70005    87.3s
44.4% inactive integer columns, restarting
Model after restart has 32005 rows, 38954 cols (43 bin., 0 int., 0 impl., 38911 cont., 0 dom.fix.), and 125503 nonzeros
         0       0         0   0.00%   -46212412.85432 -46212385.31237    0.00%      204      0      0     70008    89.2s
         0       0         0   0.00%   -46212412.85432 -46212385.31237    0.00%      204    202      0     71139    90.4s
55.8% inactive integer columns, restarting
Model after restart has 31764 rows, 38922 cols (11 bin., 0 int., 0 impl., 38911 cont., 0 dom.fix.), and 124746 nonzeros
         0       0         0   0.00%   -46212394.83906 -46212385.31237    0.00%      165      0      0     71148    92.3s
         0       0         0   0.00%   -46212394.83906 -46212385.31237    0.00%      165    162      0     71395    92.8s
18.2% inactive integer columns, restarting
Model after restart has 31666 rows, 38918 cols (7 bin., 0 int., 0 impl., 38911 cont., 0 dom.fix.), and 124454 nonzeros
         0       0         0   0.00%   -46212391.40761 -46212385.31237    0.00%      132      0      0     71397    95.9s
         0       0         0   0.00%   -46212391.40761 -46212385.31237    0.00%      132    131      0     72172   101.1s
         1       0         1 100.00%   -46212385.31237 -46212385.31237    0.00%      132    131      7     72573   102.9s
Solving report
  Status            Optimal
  Primal bound      -46212385.3124
  Dual bound        -46212385.3124
  Gap               0% (tolerance: 0%)
  P-D integral      7.82011289714e-05
  Solution status   feasible
                    -46212385.3124 (objective)
                    0 (bound viol.)
                    7.77156117238e-16 (int. viol.)
                    0 (row viol.)
  Timing            102.89
  Max sub-MIP depth 4
  Nodes             1
  Repair LPs        0
  LP iterations     72573
                    396 (strong br.)
                    2599 (separation)
                    34622 (heuristics)
102.923841 seconds (247 allocations: 10.359 KiB)
Optimal solution found, objective function value: -4.62123853123746e7
Saving model results...  0.388049 seconds (4.27 M allocations: 149.139 MiB)
Postprocessing model results...  0.000067 seconds (48 allocations: 3.312 KiB)
Saving model outputs...  0.302698 seconds (2.76 M allocations: 170.351 MiB)
Rolling model temporal structure...  0.539330 seconds (4.74 M allocations: 102.044 MiB)
model - window 7 of 12: 2019-07-02T12:00~(4 weeks, 2 days, 10 hours)~>2019-08-01T22:00
Fixing model history...  0.040583 seconds (413.88 k allocations: 20.191 MiB)
Applying model non-anticipativity constraints...  0.000152 seconds (603 allocations: 32.203 KiB)
Optimizing model...MIP has 119868 rows; 139893 cols; 310173 nonzeros; 2287 integer variables (0 binary)
Coefficient ranges:
  Matrix  [6e-03, 1e+05]
  Cost    [1e-03, 2e+09]
  Bound   [2e-16, 2e+04]
  RHS     [1e+00, 2e+03]
WARNING: Problem has some excessively large costs
WARNING: Problem has some excessively small column bounds
WARNING:    Consider scaling the objective by 1e-4, or setting the user_objective_scale option to -12
Presolving model
79164 rows, 71172 cols, 221415 nonzeros 0s
37623 rows, 53605 cols, 181311 nonzeros 0s
36236 rows, 49445 cols, 177186 nonzeros 0s
Presolve reductions: rows 36236(-83632); columns 49445(-90448); nonzeros 177186(-132987)
Solving MIP model with:
   36236 rows
   49445 cols (1668 binary, 0 integer, 0 implied int., 47777 continuous, 0 domain fixed)
   177186 nonzeros
Src: B => Branching; C => Central rounding; F => Feasibility pump; H => Heuristic;
     I => Shifting; J => Feasibility jump; L => Sub-MIP; P => Empty MIP; R => Randomized rounding;
     S => Solve LP; T => Evaluate node; U => Unbounded; X => User solution; Y => HiGHS solution;
     Z => ZI Round; l => Trivial lower; p => Trivial point; u => Trivial upper; z => Trivial zero
        Nodes      |    B&B Tree     |            Objective Bounds              |  Dynamic Constraints |       Work
Src  Proc. InQueue |  Leaves   Expl. | BestBound       BestSol              Gap |   Cuts   InLp Confl. | LpIters     Time
         0       0         0   0.00%   -411090581.1669 inf                  inf        0      0      0         0     1.5s
         0       0         0   0.00%   -41925429.82351 inf                  inf        0      0      3     40928    20.6s
 R       0       0         0   0.00%   -41920039.26858 -41919928.73201    0.00%    11122    524      6     41871    24.0s
 L       0       0         0   0.00%   -41920039.26858 -41919928.73201    0.00%    11122    524      6     41871    70.0s
74.0% inactive integer columns, restarting
Model after restart has 32479 rows, 39126 cols (272 bin., 0 int., 0 impl., 38854 cont., 0 dom.fix.), and 128619 nonzeros
         0       0         0   0.00%   -41920039.26858 -41919928.73201    0.00%      290      0      0     70883    70.6s
10.3% inactive integer columns, restarting
Model after restart has 32423 rows, 39083 cols (231 bin., 0 int., 0 impl., 38852 cont., 0 dom.fix.), and 128005 nonzeros
         0       0         0   0.00%   -41920039.24049 -41919928.73201    0.00%      286      0      0     72638    72.0s
         0       0         0   0.00%   -41920039.24049 -41919928.73201    0.00%      286    285      0     73240    73.3s
18.6% inactive integer columns, restarting
Model after restart has 32321 rows, 39033 cols (182 bin., 0 int., 0 impl., 38851 cont., 0 dom.fix.), and 127199 nonzeros
         0       0         0   0.00%   -41920032.63298 -41919928.73201    0.00%      279      0      0     73247    76.4s
         0       0         0   0.00%   -41920032.63298 -41919928.73201    0.00%      279    278      0     73851    80.7s
         0       0         0   0.00%   -41920019.64188 -41919928.73201    0.00%     2819    296      0     73873    85.9s
14.8% inactive integer columns, restarting
Model after restart has 32210 rows, 38997 cols (146 bin., 0 int., 0 impl., 38851 cont., 0 dom.fix.), and 126605 nonzeros
         0       0         0   0.00%   -41920019.64188 -41919928.73201    0.00%      272      0      0     73873    86.2s
         0       0         0   0.00%   -41920019.64188 -41919928.73201    0.00%      272    272      0     74872    87.2s
11.0% inactive integer columns, restarting
Model after restart has 32143 rows, 38977 cols (126 bin., 0 int., 0 impl., 38851 cont., 0 dom.fix.), and 126322 nonzeros
         0       0         0   0.00%   -41920010.78456 -41919928.73201    0.00%      262      0      0     74884    91.4s
         0       0         0   0.00%   -41920010.78456 -41919928.73201    0.00%      262    262      0     75290    95.4s
20.6% inactive integer columns, restarting
Model after restart has 32070 rows, 38947 cols (96 bin., 0 int., 0 impl., 38851 cont., 0 dom.fix.), and 125969 nonzeros
         0       0         0   0.00%   -41920006.69152 -41919928.73201    0.00%      238      0      0     75301    98.3s
         0       0         0   0.00%   -41920006.69152 -41919928.73201    0.00%      238    238      0     75664    98.7s
39.6% inactive integer columns, restarting
Model after restart has 31856 rows, 38901 cols (50 bin., 0 int., 0 impl., 38851 cont., 0 dom.fix.), and 125059 nonzeros
         0       0         0   0.00%   -41919972.99596 -41919928.73201    0.00%      182      0      0     75673   102.8s
16.0% inactive integer columns, restarting
Model after restart has 31814 rows, 38888 cols (37 bin., 0 int., 0 impl., 38851 cont., 0 dom.fix.), and 124912 nonzeros
         0       0         0   0.00%   -41919972.99596 -41919928.73201    0.00%      175      0      0     76646   103.7s
         0       0         0   0.00%   -41919972.99596 -41919928.73201    0.00%      175    175      0     77070   104.4s
40.5% inactive integer columns, restarting
Model after restart has 31695 rows, 38869 cols (18 bin., 0 int., 0 impl., 38851 cont., 0 dom.fix.), and 124506 nonzeros
         0       0         0   0.00%   -41919938.80149 -41919928.73201    0.00%      146      0      0     77077   108.4s
        Nodes      |    B&B Tree     |            Objective Bounds              |  Dynamic Constraints |       Work
Src  Proc. InQueue |  Leaves   Expl. | BestBound       BestSol              Gap |   Cuts   InLp Confl. | LpIters     Time
         0       0         0   0.00%   -41919938.80149 -41919928.73201    0.00%      146    145      0     77314   108.8s
22.2% inactive integer columns, restarting
Model after restart has 31595 rows, 38863 cols (12 bin., 0 int., 0 impl., 38851 cont., 0 dom.fix.), and 124203 nonzeros
         0       0         0   0.00%   -41919933.20952 -41919928.73201    0.00%      111      0      0     77315   110.3s
33.3% inactive integer columns, restarting
Model after restart has 31470 rows, 38855 cols (4 bin., 0 int., 0 impl., 38851 cont., 0 dom.fix.), and 123830 nonzeros
         0       0         0   0.00%   -41919933.20952 -41919928.73201    0.00%       82      0      0     77605   111.1s
         0       0         0   0.00%   -41919933.20952 -41919928.73201    0.00%       82     81      0     77727   111.5s
25.0% inactive integer columns, restarting
Model after restart has 31357 rows, 38854 cols (3 bin., 0 int., 0 impl., 38851 cont., 0 dom.fix.), and 123492 nonzeros
         0       0         0   0.00%   -41919929.4143  -41919928.73201    0.00%       35      0      0     77729   114.2s
         0       0         0   0.00%   -41919929.4143  -41919928.73201    0.00%       35     34      0     77775   114.7s
         1       0         1 100.00%   -41919928.73201 -41919928.73201    0.00%       35     34      3     77876   116.0s
Solving report
  Status            Optimal
  Primal bound      -41919928.732
  Dual bound        -41919928.732
  Gap               0% (tolerance: 0%)
  P-D integral      0.000200430899941
  Solution status   feasible
                    -41919928.732 (objective)
                    0 (bound viol.)
                    4.4408920985e-16 (int. viol.)
                    0 (row viol.)
  Timing            115.99
  Max sub-MIP depth 3
  Nodes             1
  Repair LPs        0
  LP iterations     77876
                    99 (strong br.)
                    1014 (separation)
                    29012 (heuristics)
116.028999 seconds (457 allocations: 19.266 KiB)
Optimal solution found, objective function value: -4.1919928732014716e7
Saving model results...  0.385600 seconds (4.27 M allocations: 149.139 MiB)
Postprocessing model results...  0.000062 seconds (48 allocations: 3.312 KiB)
Saving model outputs...  0.285276 seconds (2.76 M allocations: 170.350 MiB)
Rolling model temporal structure...  0.529553 seconds (4.74 M allocations: 102.044 MiB)
Fixing model history...  0.047900 seconds (413.88 k allocations: 20.191 MiB)
Applying model non-anticipativity constraints...  0.000149 seconds (603 allocations: 32.203 KiB)
model - window 8 of 12: 2019-08-01T22:00~(4 weeks, 2 days, 10 hours)~>2019-09-01T08:00
Optimizing model...MIP has 119868 rows; 139893 cols; 310126 nonzeros; 2287 integer variables (0 binary)
Coefficient ranges:
  Matrix  [6e-03, 1e+05]
  Cost    [1e-03, 2e+09]
  Bound   [7e-16, 2e+04]
  RHS     [1e+00, 2e+03]
WARNING: Problem has some excessively large costs
WARNING: Problem has some excessively small column bounds
WARNING:    Consider scaling the objective by 1e-4, or setting the user_objective_scale option to -12
Presolving model
79070 rows, 71078 cols, 221227 nonzeros 0s
37639 rows, 53570 cols, 181412 nonzeros 0s
36205 rows, 49256 cols, 177096 nonzeros 0s
Presolve reductions: rows 36205(-83663); columns 49256(-90637); nonzeros 177096(-133030)
Solving MIP model with:
   36205 rows
   49256 cols (1672 binary, 0 integer, 0 implied int., 47584 continuous, 0 domain fixed)
   177096 nonzeros
Src: B => Branching; C => Central rounding; F => Feasibility pump; H => Heuristic;
     I => Shifting; J => Feasibility jump; L => Sub-MIP; P => Empty MIP; R => Randomized rounding;
     S => Solve LP; T => Evaluate node; U => Unbounded; X => User solution; Y => HiGHS solution;
     Z => ZI Round; l => Trivial lower; p => Trivial point; u => Trivial upper; z => Trivial zero
        Nodes      |    B&B Tree     |            Objective Bounds              |  Dynamic Constraints |       Work
Src  Proc. InQueue |  Leaves   Expl. | BestBound       BestSol              Gap |   Cuts   InLp Confl. | LpIters     Time
         0       0         0   0.00%   -399659476.3329 inf                  inf        0      0      0         0     1.5s
         0       0         0   0.00%   -36450938.1224  inf                  inf        0      0      2     30455     7.1s
 R       0       0         0   0.00%   -36446614.84516 -36446448.28122    0.00%    11755    448      5     32044    10.2s
 L       0       0         0   0.00%   -36446614.84516 -36446448.28122    0.00%    11755    448      5     32044    27.0s
         0       0         0   0.00%   -36446614.84516 -36446448.28122    0.00%    11755    364      5     33849    34.3s
87.9% inactive integer columns, restarting
Model after restart has 31703 rows, 38833 cols (78 bin., 0 int., 0 impl., 38755 cont., 0 dom.fix.), and 124740 nonzeros
         0       0         0   0.00%   -36446614.84516 -36446448.28122    0.00%      119      0      0     33849    34.6s
         0       0         0   0.00%   -36446614.83616 -36446448.28122    0.00%      119    109      0     34973    35.4s
         0       0         0   0.00%   -36446530.04721 -36446448.28122    0.00%     3062    113      0     62861    64.5s
59.0% inactive integer columns, restarting
Model after restart has 31618 rows, 38780 cols (26 bin., 0 int., 0 impl., 38754 cont., 0 dom.fix.), and 124234 nonzeros
         0       0         0   0.00%   -36446530.04721 -36446448.28122    0.00%      101      0      0     62861    64.7s
         0       0         0   0.00%   -36446530.04721 -36446448.28122    0.00%      101    101      0     63158    65.1s
11.5% inactive integer columns, restarting
Model after restart has 31613 rows, 38777 cols (23 bin., 0 int., 0 impl., 38754 cont., 0 dom.fix.), and 124210 nonzeros
         0       0         0   0.00%   -36446520.68917 -36446448.28122    0.00%      102      0      0     63162    66.7s
         0       0         0   0.00%   -36446520.68917 -36446448.28122    0.00%      102    102      0     63418    67.1s
         0       0         0   0.00%   -36446510.69283 -36446448.28122    0.00%     1997    109      0     63426    72.4s
         0       0         0   0.00%   -36446508.23026 -36446448.28122    0.00%     3481    116      0     63431    77.7s
         0       0         0   0.00%   -36446504.48296 -36446448.28122    0.00%     4839    122      0     63443    83.0s
         0       0         0   0.00%   -36446501.47115 -36446448.28122    0.00%     5748    127      0     63452    88.3s
30.4% inactive integer columns, restarting
Model after restart has 31486 rows, 38769 cols (15 bin., 0 int., 0 impl., 38754 cont., 0 dom.fix.), and 123827 nonzeros
         0       0         0   0.00%   -36446498.86202 -36446448.28122    0.00%       95      0      0     63456    91.2s
         0       0         0   0.00%   -36446498.86202 -36446448.28122    0.00%       95     95      0     63977    91.7s
         0       0         0   0.00%   -36446495.31032 -36446448.28122    0.00%     1737    102      0     63983    96.9s
86.7% inactive integer columns, restarting
Model after restart has 31227 rows, 38750 cols (1 bin., 0 int., 0 impl., 38749 cont., 0 dom.fix.), and 123048 nonzeros
         0       0         0   0.00%   -36446448.32783 -36446448.28122    0.00%        7      0      0     63986    98.4s
        Nodes      |    B&B Tree     |            Objective Bounds              |  Dynamic Constraints |       Work
Src  Proc. InQueue |  Leaves   Expl. | BestBound       BestSol              Gap |   Cuts   InLp Confl. | LpIters     Time
         0       0         0   0.00%   -36446448.32783 -36446448.28122    0.00%        7      7      0     64345    99.0s
         1       0         1 100.00%   -36446448.28122 -36446448.28122    0.00%        7      7      2     64426   100.2s
Solving report
  Status            Optimal
  Primal bound      -36446448.2812
  Dual bound        -36446448.2812
  Gap               0% (tolerance: 0%)
  P-D integral      0.00023829802923
  Solution status   feasible
                    -36446448.2812 (objective)
                    0 (bound viol.)
                    0 (int. viol.)
                    0 (row viol.)
  Timing            100.23
  Max sub-MIP depth 3
  Nodes             1
  Repair LPs        0
  LP iterations     64426
                    80 (strong br.)
                    1650 (separation)
                    29683 (heuristics)
100.254500 seconds (401 allocations: 16.891 KiB)
Optimal solution found, objective function value: -3.644644828121816e7
Saving model results...  0.652337 seconds (4.27 M allocations: 149.139 MiB, 43.42% gc time)
Postprocessing model results...  0.000062 seconds (48 allocations: 3.312 KiB)
Saving model outputs...  0.279583 seconds (2.76 M allocations: 170.351 MiB)
Rolling model temporal structure...  0.520680 seconds (4.74 M allocations: 102.044 MiB)
Fixing model history...  0.039509 seconds (413.88 k allocations: 20.191 MiB)
Applying model non-anticipativity constraints...  0.000111 seconds (603 allocations: 32.203 KiB)
model - window 9 of 12: 2019-09-01T08:00~(4 weeks, 2 days, 10 hours)~>2019-10-01T18:00
Optimizing model...MIP has 119868 rows; 139893 cols; 310068 nonzeros; 2287 integer variables (0 binary)
Coefficient ranges:
  Matrix  [6e-03, 1e+05]
  Cost    [1e-03, 2e+09]
  Bound   [2e-02, 2e+04]
  RHS     [1e+00, 2e+03]
WARNING: Problem has some excessively large costs
WARNING:    Consider scaling the objective by 1e-4, or setting the user_objective_scale option to -12
Presolving model
78954 rows, 70962 cols, 220995 nonzeros 0s
37623 rows, 53500 cols, 181206 nonzeros 0s
36097 rows, 48833 cols, 176435 nonzeros 0s
Presolve reductions: rows 36097(-83771); columns 48833(-91060); nonzeros 176435(-133633)
Solving MIP model with:
   36097 rows
   48833 cols (1668 binary, 0 integer, 0 implied int., 47165 continuous, 0 domain fixed)
   176435 nonzeros
Src: B => Branching; C => Central rounding; F => Feasibility pump; H => Heuristic;
     I => Shifting; J => Feasibility jump; L => Sub-MIP; P => Empty MIP; R => Randomized rounding;
     S => Solve LP; T => Evaluate node; U => Unbounded; X => User solution; Y => HiGHS solution;
     Z => ZI Round; l => Trivial lower; p => Trivial point; u => Trivial upper; z => Trivial zero
        Nodes      |    B&B Tree     |            Objective Bounds              |  Dynamic Constraints |       Work
Src  Proc. InQueue |  Leaves   Expl. | BestBound       BestSol              Gap |   Cuts   InLp Confl. | LpIters     Time
         0       0         0   0.00%   -371351514.597  inf                  inf        0      0      0         0     1.4s
         0       0         0   0.00%   -75524163.75612 inf                  inf        0      0      3     29907     6.4s
 R       0       0         0   0.00%   -75522896.31457 -71912478.17965    5.02%     6772    213      3     30967    11.5s
 C       0       0         0   0.00%   -75519968.85944 -75519918.69944    0.00%     7581    469      3     31775    16.1s
 T       0       0         0   0.00%   -75519968.85944 -75519968.85944    0.00%     7581    469      3     31775    16.1s
         1       0         1 100.00%   -75519968.85944 -75519968.85944    0.00%     7581    469      3     31775    16.1s
Solving report
  Status            Optimal
  Primal bound      -75519968.8594
  Dual bound        -75519968.8594
  Gap               0% (tolerance: 0%)
  P-D integral      0.234836614164
  Solution status   feasible
                    -75519968.8594 (objective)
                    0 (bound viol.)
                    8.68194405257e-14 (int. viol.)
                    0 (row viol.)
  Timing            16.14
  Max sub-MIP depth 0
  Nodes             1
  Repair LPs        0
  LP iterations     31775
                    0 (strong br.)
                    1868 (separation)
                    0 (heuristics)
 16.169780 seconds (65 allocations: 2.641 KiB)
Optimal solution found, objective function value: -7.551996885944355e7
Saving model results...  0.335995 seconds (4.27 M allocations: 149.138 MiB)
Postprocessing model results...  0.000038 seconds (48 allocations: 3.312 KiB)
Saving model outputs...  0.276073 seconds (2.76 M allocations: 170.350 MiB)
Rolling model temporal structure...  0.519477 seconds (4.74 M allocations: 102.044 MiB)
Fixing model history...  0.042084 seconds (413.88 k allocations: 20.191 MiB)
Applying model non-anticipativity constraints...  0.000165 seconds (603 allocations: 32.203 KiB)
model - window 10 of 12: 2019-10-01T18:00~(4 weeks, 2 days, 10 hours)~>2019-11-01T04:00
Optimizing model...MIP has 119868 rows; 139893 cols; 310000 nonzeros; 2287 integer variables (0 binary)
Coefficient ranges:
  Matrix  [6e-03, 1e+05]
  Cost    [1e-03, 2e+09]
  Bound   [1e-03, 2e+04]
  RHS     [1e+00, 2e+03]
WARNING: Problem has some excessively large costs
WARNING:    Consider scaling the objective by 1e-4, or setting the user_objective_scale option to -12
Presolving model
78818 rows, 70826 cols, 220723 nonzeros 0s
37623 rows, 53432 cols, 181138 nonzeros 0s
36054 rows, 48584 cols, 176143 nonzeros 0s
Presolve reductions: rows 36054(-83814); columns 48584(-91309); nonzeros 176143(-133857)
Solving MIP model with:
   36054 rows
   48584 cols (1668 binary, 0 integer, 0 implied int., 46916 continuous, 0 domain fixed)
   176143 nonzeros
Src: B => Branching; C => Central rounding; F => Feasibility pump; H => Heuristic;
     I => Shifting; J => Feasibility jump; L => Sub-MIP; P => Empty MIP; R => Randomized rounding;
     S => Solve LP; T => Evaluate node; U => Unbounded; X => User solution; Y => HiGHS solution;
     Z => ZI Round; l => Trivial lower; p => Trivial point; u => Trivial upper; z => Trivial zero
        Nodes      |    B&B Tree     |            Objective Bounds              |  Dynamic Constraints |       Work
Src  Proc. InQueue |  Leaves   Expl. | BestBound       BestSol              Gap |   Cuts   InLp Confl. | LpIters     Time
         0       0         0   0.00%   -381108819.4478 inf                  inf        0      0      0         0     1.4s
         0       0         0   0.00%   -63441297.52912 inf                  inf        0      0      2     30188     7.2s
 R       0       0         0   0.00%   -63436881.60381 -63436280.77218    0.00%    12228    400      5     32065    10.3s
         0       0         0   0.00%   -63436881.60381 -63436280.77218    0.00%    12228    300      5     62412    41.6s
51.7% inactive integer columns, restarting
Model after restart has 32799 rows, 39673 cols (534 bin., 0 int., 0 impl., 39139 cont., 0 dom.fix.), and 134899 nonzeros
         0       0         0   0.00%   -63436881.60381 -63436280.77218    0.00%      233      0      0     62412    42.2s
24.7% inactive integer columns, restarting
Model after restart has 32535 rows, 39491 cols (354 bin., 0 int., 0 impl., 39137 cont., 0 dom.fix.), and 130848 nonzeros
         0       0         0   0.00%   -63436881.59419 -63436280.77218    0.00%      197      0      0     65039    43.7s
         0       0         0   0.00%   -63436881.59419 -63436280.77218    0.00%      197    190      0     65768    44.2s
96.6% inactive integer columns, restarting
Model after restart has 31484 rows, 39134 cols (2 bin., 0 int., 0 impl., 39132 cont., 0 dom.fix.), and 124044 nonzeros
         0       0         0   0.00%   -63436296.22141 -63436280.77218    0.00%       45      0      0     65834    45.7s
         0       0         0   0.00%   -63436296.22141 -63436280.77218    0.00%       45     43      0     66095    46.1s
         0       0         0   0.00%   -63436291.08816 -63436280.77218    0.00%     1068     48      0     66100    52.2s
         0       0         0   0.00%   -63436286.49664 -63436280.77218    0.00%     1505     53      0     66105    58.4s
         1       0         1 100.00%   -63436280.77218 -63436280.77218    0.00%     1759     57      0     66109    63.2s
Solving report
  Status            Optimal
  Primal bound      -63436280.7722
  Dual bound        -63436280.7722
  Gap               0% (tolerance: 0%)
  P-D integral      0.000335379722124
  Solution status   feasible
                    -63436280.7722 (objective)
                    0 (bound viol.)
                    1.33226762955e-15 (int. viol.)
                    0 (row viol.)
  Timing            63.22
  Max sub-MIP depth 3
  Nodes             1
  Repair LPs        0
  LP iterations     66109
                    0 (strong br.)
                    1957 (separation)
                    30347 (heuristics)
 63.252538 seconds (212 allocations: 8.875 KiB)
Optimal solution found, objective function value: -6.3436280772184946e7
Saving model results...  0.340707 seconds (4.27 M allocations: 149.139 MiB)
Postprocessing model results...  0.000054 seconds (48 allocations: 3.312 KiB)
Saving model outputs...  0.530268 seconds (2.76 M allocations: 170.350 MiB, 44.52% gc time)
Rolling model temporal structure...  0.501228 seconds (4.74 M allocations: 102.044 MiB)
Fixing model history...  0.038760 seconds (413.88 k allocations: 20.191 MiB)
Applying model non-anticipativity constraints...  0.000109 seconds (603 allocations: 32.203 KiB)
model - window 11 of 12: 2019-11-01T04:00~(4 weeks, 2 days, 10 hours)~>2019-12-01T14:00
Optimizing model...MIP has 119868 rows; 139893 cols; 309934 nonzeros; 2287 integer variables (0 binary)
Coefficient ranges:
  Matrix  [6e-03, 1e+05]
Optimal solution found, objective function value: -7.623290393686762e7
  Cost    [1e-03, 2e+09]
  Bound   [7e-16, 2e+04]
  RHS     [1e+00, 2e+03]
WARNING: Problem has some excessively large costs
WARNING: Problem has some excessively small column bounds
WARNING:    Consider scaling the objective by 1e-4, or setting the user_objective_scale option to -12
Presolving model
78686 rows, 70694 cols, 220459 nonzeros 0s
37623 rows, 53366 cols, 181072 nonzeros 0s
35990 rows, 48265 cols, 175760 nonzeros 0s
Presolve reductions: rows 35990(-83878); columns 48265(-91628); nonzeros 175760(-134174)
Solving MIP model with:
   35990 rows
   48265 cols (1668 binary, 0 integer, 0 implied int., 46597 continuous, 0 domain fixed)
   175760 nonzeros
Src: B => Branching; C => Central rounding; F => Feasibility pump; H => Heuristic;
     I => Shifting; J => Feasibility jump; L => Sub-MIP; P => Empty MIP; R => Randomized rounding;
     S => Solve LP; T => Evaluate node; U => Unbounded; X => User solution; Y => HiGHS solution;
     Z => ZI Round; l => Trivial lower; p => Trivial point; u => Trivial upper; z => Trivial zero
        Nodes      |    B&B Tree     |            Objective Bounds              |  Dynamic Constraints |       Work
Src  Proc. InQueue |  Leaves   Expl. | BestBound       BestSol              Gap |   Cuts   InLp Confl. | LpIters     Time
         0       0         0   0.00%   -420569260.5208 inf                  inf        0      0      0         0     1.4s
         0       0         0   0.00%   -76238617.14118 inf                  inf        0      0      3     30261    11.1s
 R       0       0         0   0.00%   -76232903.93687 -76232903.93687    0.00%    13028    444      5     31058    14.3s
 T       0       0         0   0.00%   -76232903.93687 -76232903.93687    0.00%    13028    444      5     31058    14.3s
         1       0         1 100.00%   -76232903.93687 -76232903.93687    0.00%    11195    444      5     31058    14.3s
Solving report
  Status            Optimal
  Primal bound      -76232903.9369
  Dual bound        -76232903.9369
  Gap               0% (tolerance: 0%)
  P-D integral      1.43172216163e-17
  Solution status   feasible
                    -76232903.9369 (objective)
                    0 (bound viol.)
                    1.11022302463e-15 (int. viol.)
                    0 (row viol.)
  Timing            14.28
  Max sub-MIP depth 0
  Nodes             1
  Repair LPs        0
  LP iterations     31058
                    0 (strong br.)
                    797 (separation)
                    0 (heuristics)
 14.307026 seconds (37 allocations: 1.453 KiB)
Saving model results...  0.333886 seconds (4.27 M allocations: 149.139 MiB)
Postprocessing model results...  0.000033 seconds (48 allocations: 3.312 KiB)
Saving model outputs...  0.285456 seconds (2.76 M allocations: 170.369 MiB)
Rolling model temporal structure...  0.504445 seconds (4.74 M allocations: 101.999 MiB)
Fixing model history...  0.039002 seconds (413.88 k allocations: 20.191 MiB)
Applying model non-anticipativity constraints...  0.000118 seconds (603 allocations: 32.203 KiB)
model - window 12 of 12: 2019-12-01T14:00~(4 weeks, 2 days, 10 hours)~>2020-01-01T00:00
Optimizing model...MIP has 119868 rows; 139893 cols; 309882 nonzeros; 2287 integer variables (0 binary)
Coefficient ranges:
  Matrix  [6e-03, 1e+05]
  Cost    [1e-03, 2e+09]
  Bound   [1e-16, 2e+04]
  RHS     [1e+00, 2e+03]
WARNING: Problem has some excessively large costs
WARNING: Problem has some excessively small column bounds
WARNING:    Consider scaling the objective by 1e-4, or setting the user_objective_scale option to -12
Presolving model
78582 rows, 70590 cols, 220251 nonzeros 0s
37623 rows, 53314 cols, 181020 nonzeros 0s
35900 rows, 47959 cols, 175364 nonzeros 0s
Presolve reductions: rows 35900(-83968); columns 47959(-91934); nonzeros 175364(-134518)
Solving MIP model with:
   35900 rows
   47959 cols (1668 binary, 0 integer, 0 implied int., 46291 continuous, 0 domain fixed)
   175364 nonzeros
Src: B => Branching; C => Central rounding; F => Feasibility pump; H => Heuristic;
     I => Shifting; J => Feasibility jump; L => Sub-MIP; P => Empty MIP; R => Randomized rounding;
     S => Solve LP; T => Evaluate node; U => Unbounded; X => User solution; Y => HiGHS solution;
     Z => ZI Round; l => Trivial lower; p => Trivial point; u => Trivial upper; z => Trivial zero
        Nodes      |    B&B Tree     |            Objective Bounds              |  Dynamic Constraints |       Work
Src  Proc. InQueue |  Leaves   Expl. | BestBound       BestSol              Gap |   Cuts   InLp Confl. | LpIters     Time
         0       0         0   0.00%   -395826684.2786 inf                  inf        0      0      0         0     1.4s
         0       0         0   0.00%   -115095193.662  inf                  inf        0      0      2     30025     6.8s
 R       0       0         0   0.00%   -115091764.4382 -115091764.4382    0.00%    11000    386      5     31444     9.9s
         1       0         1 100.00%   -115091764.4382 -115091764.4382    0.00%     8423    386      5     31444    10.0s
Solving report
  Status            Optimal
  Primal bound      -115091764.438
  Dual bound        -115091764.438
  Gap               0% (tolerance: 0%)
  P-D integral      0
  Solution status   feasible
                    -115091764.438 (objective)
                    0 (bound viol.)
                    2.6645352591e-15 (int. viol.)
                    0 (row viol.)
  Timing            9.96
  Max sub-MIP depth 0
  Nodes             1
  Repair LPs        0
  LP iterations     31444
                    0 (strong br.)
                    1419 (separation)
                    0 (heuristics)
  9.988021 seconds (37 allocations: 1.453 KiB)
Optimal solution found, objective function value: -1.150917644381648e8
Saving model results...  0.335099 seconds (4.27 M allocations: 149.139 MiB)
Postprocessing model results...  0.000033 seconds (48 allocations: 3.312 KiB)
Saving model outputs...  0.278141 seconds (2.76 M allocations: 170.350 MiB)
Rolling model temporal structure...  0.000058 seconds (47 allocations: 1.312 KiB)
Rolling complete
Solve complete. Started at 2026-07-31T21:26:18.529, ended at 2026-07-31T21:41:00.108, elapsed time: 14 minutes, 41 seconds, 579 milliseconds
Time summary:
Action                                           │ min      │ max        │ avg
─────────────────────────────────────────────────┼──────────┼────────────┼───────────────────────
Postprocessing model results...                  │ 3.3e-5   │ 0.000111   │ 5.608333333333335e-5
Fixing model history...                          │ 0.03876  │ 0.055595   │ 0.04410554545454545
Applying model non-anticipativity constraints... │ 0.000109 │ 0.000166   │ 0.00014263636363636364
Rolling model temporal structure...              │ 5.8e-5   │ 0.825825   │ 0.5101548333333333
Saving model results...                          │ 0.333886 │ 0.839465   │ 0.4261116666666666
Optimizing model...                              │ 9.988021 │ 344.082219 │ 71.89452275
Saving model outputs...                          │ 0.276073 │ 0.552131   │ 0.3278860833333334
Writing report to sqlite:///C:\Users\jfg.eco\Documents\GitHub\Nord_H2ub\Spine_Projects\02_basic_energy_model\.spinetoolbox\items\outputtest\OutputTest.sqlite?spinedbfilter=cfg%3Aexecution%3A%7B%22execution_item%22%3A+%22Run+SpineOpt%22%2C+%22scenarios%22%3A+%5B%5D%2C+%22timestamp%22%3A+%222026-07-31T21%3A23%3A32%22%7D...  3.447143 seconds (22.22 M allocations: 1.329 GiB, 9.75% gc time)
Execution complete. Started at 2026-07-31T21:23:34.078, ended at 2026-07-31T21:41:17.435, elapsed time: 17 minutes, 43 seconds, 357 milliseconds
A JuMP Model
├ solver: HiGHS
├ objective_sense: MIN_SENSE
│ └ objective_function_type: JuMP.AffExpr
├ num_variables: 139893
├ num_constraints: 248178
│ ├ JuMP.AffExpr in MOI.EqualTo{Float64}: 33672
│ ├ JuMP.AffExpr in MOI.GreaterThan{Float64}: 30688
│ ├ JuMP.AffExpr in MOI.LessThan{Float64}: 55508
│ ├ JuMP.VariableRef in MOI.EqualTo{Float64}: 900
│ ├ JuMP.VariableRef in MOI.GreaterThan{Float64}: 121442
│ ├ JuMP.VariableRef in MOI.LessThan{Float64}: 3681
│ └ JuMP.VariableRef in MOI.Integer: 2287
└ Names registered in the model: none
