### Spine execution log file
### Item name: Run SpineOpt
### Filter id: 
### Part: 1

# Running julia run_spineopt.jl http://127.0.0.1:52196 http://127.0.0.1:52198
2-element Vector{String}:
 "http://127.0.0.1:52196"
 "http://127.0.0.1:52198"
Running SpineOpt...
[SpineOpt version 0.10.2 (git hash: N/A)]
[SpineInterface version 0.15.2 (git hash: N/A)]
Execution started at 2026-07-11T13:11:40.571
Reading input data from sqlite:///C:\Users\jfg.eco\Documents\GitHub\Nord_H2ub\Spine_Projects\02_basic_energy_model\.spinetoolbox\items\input\Input.sqlite...
Initializing  data structure from db...  0.814002 seconds (1.74 M allocations: 108.847 MiB, 13.73% gc time)
Preprocessing  data structure...  0.127014 seconds (46.51 k allocations: 2.329 MiB, 61.01% compilation time)
Checking  data structure...  0.023010 seconds (8.99 k allocations: 473.922 KiB, 93.62% compilation time)
Build started at 2026-07-11T13:11:41.592
Creating model temporal structure...[ Info: the last time slice of temporal block Default_Investment_period has been cut to fit within the block
[ Info: the last time slice of temporal block daily has been cut to fit within the block
 51.117412 seconds (431.05 M allocations: 22.181 GiB, 42.86% gc time, 0.04% compilation time)
Creating model stochastic structure...  1.919290 seconds (3.22 M allocations: 453.158 MiB, 82.35% gc time, 0.75% compilation time)
Adding model independent variables...
- [variable_binary_gas_connection_flow]  0.116936 seconds (2.29 M allocations: 34.939 MiB)
- [variable_connection_flow]  1.709361 seconds (11.68 M allocations: 734.354 MiB, 14.38% compilation time)
- [variable_connection_intact_flow]  2.689665 seconds (9.43 M allocations: 592.668 MiB, 60.40% gc time)
- [variable_connections_decommissioned]  0.082820 seconds (2.29 M allocations: 35.307 MiB)
- [variable_connections_invested]  0.303648 seconds (2.15 M allocations: 125.047 MiB)
- [variable_connections_invested_available]  0.342465 seconds (2.21 M allocations: 127.645 MiB, 6.26% compilation time)
- [variable_min_capacity_margin_slack]  0.091104 seconds (2.29 M allocations: 34.901 MiB)
- [variable_node_injection]  1.344505 seconds (6.67 M allocations: 359.495 MiB, 59.76% gc time)
- [variable_node_pressure]  0.076672 seconds (2.29 M allocations: 34.920 MiB)
- [variable_node_slack_neg]  0.526451 seconds (6.45 M allocations: 307.615 MiB)
- [variable_node_slack_pos]  3.871476 seconds (6.45 M allocations: 305.291 MiB, 87.83% gc time)
- [variable_node_state]  0.252625 seconds (4.25 M allocations: 142.738 MiB, 7.36% compilation time)
- [variable_node_voltage_angle]  0.073647 seconds (2.29 M allocations: 34.919 MiB)
- [variable_nonspin_units_shut_down]  0.073216 seconds (2.29 M allocations: 34.935 MiB)
- [variable_nonspin_units_started_up]  0.074056 seconds (2.29 M allocations: 34.933 MiB)
- [variable_storages_decommissioned]  0.080505 seconds (2.29 M allocations: 35.090 MiB)
- [variable_storages_invested]  0.164278 seconds (1.99 M allocations: 64.951 MiB, 8.05% compilation time)
- [variable_storages_invested_available]  0.148083 seconds (1.99 M allocations: 64.861 MiB)
- [variable_unit_flow]  2.643727 seconds (16.86 M allocations: 1.701 GiB, 25.34% gc time, 3.13% compilation time)
- [variable_unit_flow_op]  0.232205 seconds (3.78 M allocations: 156.505 MiB)
- [variable_unit_flow_op_active]  0.273334 seconds (4.25 M allocations: 184.324 MiB)
- [variable_units_invested]  0.311876 seconds (2.53 M allocations: 138.825 MiB)
- [variable_units_invested_available]  0.457829 seconds (2.60 M allocations: 141.755 MiB, 29.25% gc time, 5.96% compilation time)
- [variable_units_mothballed]  0.083088 seconds (2.30 M allocations: 35.615 MiB)
- [variable_units_on]  0.326468 seconds (5.72 M allocations: 254.147 MiB)
- [variable_units_out_of_service]  0.079403 seconds (2.29 M allocations: 34.912 MiB)
- [variable_units_returned_to_service]  0.076894 seconds (2.29 M allocations: 34.907 MiB)
- [variable_units_shut_down]  0.096073 seconds (2.57 M allocations: 53.706 MiB)
- [variable_units_started_up]  0.094575 seconds (2.56 M allocations: 53.014 MiB)
- [variable_units_taken_out_of_service]  0.086749 seconds (2.29 M allocations: 34.908 MiB)
- [variable_user_constraint_slack_neg]  0.086483 seconds (2.29 M allocations: 34.898 MiB)
- [variable_user_constraint_slack_pos]  0.265681 seconds (2.29 M allocations: 34.898 MiB, 69.67% gc time)
 17.159827 seconds (126.18 M allocations: 5.897 GiB, 39.73% gc time, 2.38% compilation time)
Adding model dependent variables...
- [variable_connection_flow]  0.694484 seconds (3.57 M allocations: 741.673 MiB, 32.08% gc time)
- [variable_unit_flow]  0.584125 seconds (7.07 M allocations: 334.153 MiB)
  1.291193 seconds (10.65 M allocations: 1.051 GiB, 17.26% gc time)
Adding model expressions...
- [expression_capacity_margin]  0.000098 seconds (83 allocations: 3.750 KiB)
  0.000483 seconds (197 allocations: 9.539 KiB)
Adding model constraints...
- [constraint_candidate_connection_flow_lb]  0.001068 seconds (127 allocations: 5.539 KiB)
- [constraint_candidate_connection_flow_ub]  0.000194 seconds (125 allocations: 5.258 KiB)
- [constraint_compression_ratio]  0.000076 seconds (82 allocations: 5.180 KiB)
- [constraint_connection_flow_capacity]  2.303343 seconds (19.47 M allocations: 1.096 GiB, 10.26% gc time, 0.03% compilation time)
- [constraint_connection_flow_gas_capacity]  0.000109 seconds (85 allocations: 6.336 KiB)
- [constraint_connection_flow_intact_flow]  0.000134 seconds (72 allocations: 3.336 KiB)
- [constraint_connection_flow_lodf]  0.000142 seconds (66 allocations: 3.438 KiB)
- [constraint_connection_intact_flow_capacity]  0.000191 seconds (108 allocations: 5.133 KiB)
- [constraint_connection_intact_flow_ptdf]  0.000130 seconds (57 allocations: 2.930 KiB)
- [constraint_connection_lifetime] 22.064333 seconds (146.52 M allocations: 15.299 GiB, 45.60% gc time, 0.06% compilation time)
- [constraint_connection_unitary_gas_flow]  0.000069 seconds (82 allocations: 5.180 KiB)
- [constraint_connections_invested_available]  0.001055 seconds (1.90 k allocations: 105.008 KiB)
- [constraint_connections_invested_transition]  0.002561 seconds (8.46 k allocations: 447.662 KiB)
- [constraint_cyclic_node_state]  0.008361 seconds (2.54 k allocations: 122.602 KiB, 94.44% compilation time)
- [constraint_fix_node_pressure_point]  0.000112 seconds (82 allocations: 5.180 KiB)
- [constraint_fix_ratio_in_in_unit_flow]  0.183166 seconds (1.09 M allocations: 69.100 MiB)
- [constraint_fix_ratio_in_out_unit_flow]  0.000739 seconds (3.81 k allocations: 199.133 KiB)
- [constraint_fix_ratio_out_in_connection_flow]  0.180699 seconds (819.02 k allocations: 48.542 MiB, 9.68% compilation time)
- [constraint_fix_ratio_out_in_unit_flow]  0.000170 seconds (205 allocations: 12.758 KiB)
- [constraint_fix_ratio_out_out_unit_flow]  0.000346 seconds (1.11 k allocations: 59.508 KiB)
- [constraint_investment_group_equal_investments]  0.006333 seconds (22.10 k allocations: 4.328 MiB)
- [constraint_investment_group_maximum_capacity_invested_available]  0.000084 seconds (31 allocations: 1.867 KiB)
- [constraint_investment_group_maximum_entities_invested_available]  0.000081 seconds (29 allocations: 1.773 KiB)
- [constraint_investment_group_minimum_capacity_invested_available]  0.000070 seconds (29 allocations: 1.773 KiB)
- [constraint_investment_group_minimum_entities_invested_available]  0.000065 seconds (29 allocations: 1.773 KiB)
- [constraint_max_node_pressure]  0.000154 seconds (213 allocations: 10.508 KiB)
- [constraint_max_node_voltage_angle]  0.000105 seconds (284 allocations: 13.367 KiB)
- [constraint_max_ratio_in_in_unit_flow]  0.000159 seconds (205 allocations: 12.758 KiB)
- [constraint_max_ratio_in_out_unit_flow]  0.000126 seconds (205 allocations: 12.758 KiB)
- [constraint_max_ratio_out_in_connection_flow]  0.000097 seconds (102 allocations: 5.820 KiB)
- [constraint_max_ratio_out_in_unit_flow]  0.000159 seconds (205 allocations: 12.758 KiB)
- [constraint_max_ratio_out_out_unit_flow]  0.000136 seconds (205 allocations: 12.758 KiB)
- [constraint_max_total_cumulated_unit_flow_from_node]  0.000134 seconds (100 allocations: 6.289 KiB)
- [constraint_max_total_cumulated_unit_flow_to_node]  0.000062 seconds (92 allocations: 5.789 KiB)
- [constraint_min_capacity_margin]  0.000090 seconds (98 allocations: 4.648 KiB)
- [constraint_min_down_time]  1.013334 seconds (6.68 M allocations: 499.450 MiB, 4.41% compilation time)
- [constraint_min_node_pressure]  0.000176 seconds (218 allocations: 14.865 KiB)
- [constraint_min_node_voltage_angle]  0.000134 seconds (284 allocations: 13.367 KiB)
- [constraint_min_ratio_in_in_unit_flow]  0.000144 seconds (205 allocations: 12.758 KiB)
- [constraint_min_ratio_in_out_unit_flow]  0.000133 seconds (205 allocations: 12.758 KiB)
- [constraint_min_ratio_out_in_connection_flow]  0.000101 seconds (102 allocations: 5.820 KiB)
- [constraint_min_ratio_out_in_unit_flow]  0.000131 seconds (205 allocations: 12.758 KiB)
- [constraint_min_ratio_out_out_unit_flow]  0.000104 seconds (205 allocations: 12.758 KiB)
- [constraint_min_scheduled_outage_duration]  0.000100 seconds (66 allocations: 3.320 KiB)
- [constraint_min_total_cumulated_unit_flow_from_node]  0.000077 seconds (100 allocations: 6.289 KiB)
- [constraint_min_total_cumulated_unit_flow_to_node]  0.000067 seconds (92 allocations: 5.789 KiB)
- [constraint_min_up_time]  0.105736 seconds (817.75 k allocations: 47.995 MiB)
- [constraint_minimum_operating_point]  0.474519 seconds (942.30 k allocations: 57.562 MiB, 71.80% gc time)
- [constraint_nodal_balance]  0.412336 seconds (4.60 M allocations: 258.845 MiB)
- [constraint_node_injection]  2.850279 seconds (26.19 M allocations: 1.320 GiB, 10.51% gc time)
- [constraint_node_state_capacity]  0.349150 seconds (4.01 M allocations: 206.288 MiB)
- [constraint_node_voltage_angle]  0.000113 seconds (54 allocations: 2.820 KiB)
- [constraint_non_spinning_reserves_lower_bound]  0.000198 seconds (479 allocations: 23.211 KiB)
- [constraint_non_spinning_reserves_shut_down_upper_bound]  0.000152 seconds (488 allocations: 24.008 KiB)
- [constraint_non_spinning_reserves_start_up_upper_bound]  0.000098 seconds (488 allocations: 24.008 KiB)
- [constraint_operating_point_bounds] 19.508009 seconds (163.32 M allocations: 18.731 GiB, 22.99% gc time)
- [constraint_operating_point_rank]  0.133780 seconds (334.79 k allocations: 30.537 MiB, 73.97% gc time)
- [constraint_ramp_down]  0.336602 seconds (2.57 M allocations: 157.215 MiB, 16.47% compilation time)
- [constraint_ramp_up]  0.258913 seconds (2.59 M allocations: 158.082 MiB)
- [constraint_ratio_out_in_connection_intact_flow]  0.000116 seconds (72 allocations: 3.336 KiB)
- [constraint_storage_lifetime]  3.662732 seconds (31.01 M allocations: 3.319 GiB, 29.36% gc time, 0.62% compilation time)
- [constraint_storage_line_pack]  0.000115 seconds (84 allocations: 5.273 KiB)
- [constraint_storages_invested_available]  0.000483 seconds (898 allocations: 49.352 KiB)
- [constraint_storages_invested_transition]  0.000983 seconds (3.95 k allocations: 205.381 KiB)
- [constraint_unit_flow_capacity]  1.001430 seconds (8.67 M allocations: 477.039 MiB, 18.11% gc time)
- [constraint_unit_flow_op_bounds]  0.255123 seconds (2.47 M allocations: 134.011 MiB, 8.86% compilation time)
- [constraint_unit_flow_op_rank]  0.181877 seconds (1.93 M allocations: 109.221 MiB)
- [constraint_unit_flow_op_sum]  0.013193 seconds (88.63 k allocations: 7.014 MiB)
- [constraint_unit_lifetime] 19.268266 seconds (151.27 M allocations: 16.313 GiB, 33.04% gc time)
- [constraint_unit_state_transition]  0.029548 seconds (310.07 k allocations: 22.204 MiB)
- [constraint_units_available]  4.490082 seconds (15.33 M allocations: 778.447 MiB, 68.81% gc time)
- [constraint_units_invested_available]  0.000669 seconds (3.03 k allocations: 175.653 KiB)
- [constraint_units_invested_transition]  0.002387 seconds (17.63 k allocations: 923.707 KiB)
- [constraint_units_out_of_service_contiguity]  0.000081 seconds (66 allocations: 3.320 KiB)
- [constraint_units_out_of_service_transition]  0.000126 seconds (95 allocations: 4.883 KiB)
- [constraint_user_constraint]  0.491454 seconds (3.39 M allocations: 202.967 MiB, 15.53% compilation time)
 80.588851 seconds (609.78 M allocations: 59.976 GiB, 32.55% gc time, 0.32% compilation time)
Setting model objective...  0.988490 seconds (10.25 M allocations: 531.715 MiB, 7.19% compilation time)
Build complete. Started at 2026-07-11T13:11:41.592, ended at 2026-07-11T13:14:14.984, elapsed time: 2 minutes, 33 seconds, 392 milliseconds
Solve started at 2026-07-11T13:14:14.984
Bringing model to the first window...  4.649923 seconds (34.89 M allocations: 1.705 GiB, 11.93% gc time, 20.91% compilation time)
model - window 1 of 12: 2019-01-01T00:00~(4 weeks, 2 days, 10 hours)~>2019-01-31T10:00
Optimizing model...Running HiGHS 1.14.0 (git hash: 7df0786de3): Copyright (c) 2026 under Apache 2.0 license terms
Using BLAS: blastrampoline-5
MIP has 114015 rows; 126309 cols; 294084 nonzeros; 2287 integer variables (0 binary)
Coefficient ranges:
  Matrix  [6e-03, 5e+05]
  Cost    [4e-03, 2e+11]
  Bound   [1e+00, 1e+05]
  RHS     [1e+00, 2e+04]
WARNING: Problem has some excessively large costs
WARNING:    Consider scaling the objective by 1e-6, or setting the user_objective_scale option to -18
Presolving model
51949 rows, 60771 cols, 182029 nonzeros 0s
35059 rows, 46082 cols, 152342 nonzeros 0s
30485 rows, 38777 cols, 152662 nonzeros 1s
Presolve reductions: rows 30485(-83530); columns 38777(-87532); nonzeros 152662(-141422)
Solving MIP model with:
   30485 rows
   38777 cols (1772 binary, 0 integer, 0 implied int., 37005 continuous, 0 domain fixed)
   152662 nonzeros
Src: B => Branching; C => Central rounding; F => Feasibility pump; H => Heuristic;
     I => Shifting; J => Feasibility jump; L => Sub-MIP; P => Empty MIP; R => Randomized rounding;
     S => Solve LP; T => Evaluate node; U => Unbounded; X => User solution; Y => HiGHS solution;
     Z => ZI Round; l => Trivial lower; p => Trivial point; u => Trivial upper; z => Trivial zero
        Nodes      |    B&B Tree     |            Objective Bounds              |  Dynamic Constraints |       Work
Src  Proc. InQueue |  Leaves   Expl. | BestBound       BestSol              Gap |   Cuts   InLp Confl. | LpIters     Time
         0       0         0   0.00%   -142619240.6155 inf                  inf        0      0      0         0     2.0s
 R       0       0         0   0.00%   19833718277.41  2.03813243e+13    99.90%        0      0      0     22318    18.0s
         0       0         0   0.00%   19833743909.04  2.03813243e+13    99.90%     1070    308      0     23058    24.0s
 T       0       0         0   0.00%   19833743974.44  19833743974.44     0.00%     1078    309      0     23059    36.2s
         1       0         1 100.00%   19833743974.44  19833743974.44     0.00%     1078    309      0     23059    36.2s
Solving report
  Status            Optimal
  Primal bound      19833743974.4
  Dual bound        19833743974.4
  Gap               0% (tolerance: 0%)
  P-D integral      18.0974567411
  Solution status   feasible
                    19833743974.4 (objective)
                    0 (bound viol.)
                    0 (int. viol.)
                    0 (row viol.)
  Timing            36.16
  Max sub-MIP depth 0
  Nodes             1
  Repair LPs        0
  LP iterations     23059
                    0 (strong br.)
                    741 (separation)
                    0 (heuristics)
 36.366737 seconds (810.37 k allocations: 109.581 MiB)
Optimal solution found, objective function value: 1.983374397443583e10
Saving model results...  0.435811 seconds (3.99 M allocations: 133.860 MiB)
Postprocessing model results...  0.000078 seconds (48 allocations: 3.312 KiB)
Saving model outputs...  0.382709 seconds (2.56 M allocations: 159.869 MiB)
Rolling model temporal structure...  0.690400 seconds (4.65 M allocations: 98.182 MiB, 8.18% compilation time)
Fixing model history...  0.059971 seconds (387.45 k allocations: 18.903 MiB)
Applying model non-anticipativity constraints...  0.000200 seconds (557 allocations: 29.391 KiB)
model - window 2 of 12: 2019-01-31T10:00~(4 weeks, 2 days, 10 hours)~>2019-03-02T20:00
Optimizing model...MIP has 114015 rows; 126309 cols; 294081 nonzeros; 2287 integer variables (0 binary)
Coefficient ranges:
  Matrix  [6e-03, 5e+05]
  Cost    [4e-03, 2e+11]
  Bound   [5e-13, 1e+05]
  RHS     [1e+00, 2e+04]
WARNING: Problem has some excessively large costs
WARNING: Problem has some excessively small column bounds
WARNING:    Consider scaling the objective by 1e-6, or setting the user_objective_scale option to -18
Presolving model
72734 rows, 60762 cols, 198401 nonzeros 0s
32214 rows, 43967 cols, 165557 nonzeros 0s
30275 rows, 39269 cols, 156725 nonzeros 0s
Presolve reductions: rows 30275(-83740); columns 39269(-87040); nonzeros 156725(-137356)
Solving MIP model with:
   30275 rows
   39269 cols (1775 binary, 0 integer, 0 implied int., 37494 continuous, 0 domain fixed)
   156725 nonzeros
Src: B => Branching; C => Central rounding; F => Feasibility pump; H => Heuristic;
     I => Shifting; J => Feasibility jump; L => Sub-MIP; P => Empty MIP; R => Randomized rounding;
     S => Solve LP; T => Evaluate node; U => Unbounded; X => User solution; Y => HiGHS solution;
     Z => ZI Round; l => Trivial lower; p => Trivial point; u => Trivial upper; z => Trivial zero
        Nodes      |    B&B Tree     |            Objective Bounds              |  Dynamic Constraints |       Work
Src  Proc. InQueue |  Leaves   Expl. | BestBound       BestSol              Gap |   Cuts   InLp Confl. | LpIters     Time
         0       0         0   0.00%   19595289849.98  inf                  inf        0      0      0         0     1.8s
 R       0       0         0   0.00%   19768554276.35  1.88856316e+13    99.90%        0      0      0     22845     5.8s
         0       0         0   0.00%   19768566010.04  1.88856316e+13    99.90%     4210    523      0     24197    11.6s
         0       0         0   0.00%   19768570910.77  1.88856316e+13    99.90%     6074    596      0     24556    18.4s
         0       0         0   0.00%   19768578663.25  1.88856316e+13    99.90%     7288    637      0     24729    23.9s
         0       0         0   0.00%   19768583199.7   1.88856316e+13    99.90%     8091    666      0     24813    29.4s
         0       0         0   0.00%   19768601470.09  1.88856316e+13    99.90%     8263    667      0     24884    35.2s
         0       0         0   0.00%   19768601849.03  1.88856316e+13    99.90%     8350    678      0     24915    41.0s
         0       0         0   0.00%   19768602128.23  1.88856316e+13    99.90%     8360    671      0     24941    47.1s
 L       0       0         0   0.00%   19768602128.23  19768602128.23     0.00%     8360    671      0     24941   118.1s
         1       0         1 100.00%   19768602128.23  19768602128.23     0.00%     8360    671      0     26315   118.1s
Solving report
  Status            Optimal
  Primal bound      19768602128.2
  Dual bound        19768602128.2
  Gap               0% (tolerance: 0%)
  P-D integral      112.102501474
  Solution status   feasible
                    19768602128.2 (objective)
                    0 (bound viol.)
                    0 (int. viol.)
                    0 (row viol.)
  Timing            118.13
  Max sub-MIP depth 3
  Nodes             1
  Repair LPs        0
  LP iterations     26315
                    0 (strong br.)
                    2096 (separation)
                    1374 (heuristics)
118.158931 seconds (198 allocations: 8.281 KiB)
Optimal solution found, objective function value: 1.9768602128231953e10
Saving model results...  0.433546 seconds (3.99 M allocations: 133.853 MiB)
Postprocessing model results...  0.000042 seconds (48 allocations: 3.312 KiB)
Saving model outputs...  0.398336 seconds (2.56 M allocations: 159.860 MiB)
Rolling model temporal structure...  0.621932 seconds (4.64 M allocations: 97.708 MiB)
Fixing model history...  0.050900 seconds (383.10 k allocations: 18.661 MiB)
Applying model non-anticipativity constraints...  0.000135 seconds (557 allocations: 29.391 KiB)
model - window 3 of 12: 2019-03-02T20:00~(4 weeks, 2 days, 10 hours)~>2019-04-02T06:00
Optimizing model...MIP has 114015 rows; 126309 cols; 294050 nonzeros; 2287 integer variables (0 binary)
Coefficient ranges:
  Matrix  [6e-03, 5e+05]
  Cost    [4e-03, 2e+11]
  Bound   [6e-30, 1e+05]
  RHS     [1e+00, 2e+04]
WARNING: Problem has some excessively large costs
WARNING: Problem has some excessively small column bounds
WARNING:    Consider scaling the objective by 1e-6, or setting the user_objective_scale option to -18
Presolving model
72331 rows, 60698 cols, 197543 nonzeros 0s
31497 rows, 43702 cols, 160901 nonzeros 0s
29941 rows, 38773 cols, 152686 nonzeros 0s
Presolve reductions: rows 29941(-84074); columns 38773(-87536); nonzeros 152686(-141364)
Solving MIP model with:
   29941 rows
   38773 cols (1659 binary, 0 integer, 0 implied int., 37114 continuous, 0 domain fixed)
   152686 nonzeros
Src: B => Branching; C => Central rounding; F => Feasibility pump; H => Heuristic;
     I => Shifting; J => Feasibility jump; L => Sub-MIP; P => Empty MIP; R => Randomized rounding;
     S => Solve LP; T => Evaluate node; U => Unbounded; X => User solution; Y => HiGHS solution;
     Z => ZI Round; l => Trivial lower; p => Trivial point; u => Trivial upper; z => Trivial zero
        Nodes      |    B&B Tree     |            Objective Bounds              |  Dynamic Constraints |       Work
Src  Proc. InQueue |  Leaves   Expl. | BestBound       BestSol              Gap |   Cuts   InLp Confl. | LpIters     Time
         0       0         0   0.00%   -162164117.057  inf                  inf        0      0      0         0     1.9s
Optimal solution found, objective function value: 1.9881693389534973e10
 R       0       0         0   0.00%   19881659519.98  1.91936584e+13    99.90%        0      0      0     22191    15.9s
         0       0         0   0.00%   19881693389.53  1.91936584e+13    99.90%     2595    303      0     22977    27.0s
 L       0       0         0   0.00%   19881693389.53  19881693389.54     0.00%     2595    303      0     22977    87.5s
 T       0       0         0   0.00%   19881693389.53  19881693389.53     0.00%     2595    303      0     43426    87.6s
         1       0         1 100.00%   19881693389.53  19881693389.53     0.00%     2595    303      0     43426    87.6s
Solving report
  Status            Optimal
  Primal bound      19881693389.5
  Dual bound        19881693389.5
  Gap               0% (tolerance: 0%)
  P-D integral      71.5694282001
  Solution status   feasible
                    19881693389.5 (objective)
                    0 (bound viol.)
                    9.38223365665e-13 (int. viol.)
                    0 (row viol.)
  Timing            87.58
  Max sub-MIP depth 1
  Nodes             1
  Repair LPs        0
  LP iterations     43426
                    0 (strong br.)
                    786 (separation)
                    20449 (heuristics)
 87.610463 seconds (58 allocations: 2.344 KiB)
Saving model results...  0.443960 seconds (3.99 M allocations: 133.853 MiB)
Postprocessing model results...  0.000073 seconds (48 allocations: 3.312 KiB)
Saving model outputs...  0.382170 seconds (2.56 M allocations: 159.860 MiB)
Rolling model temporal structure...  0.629370 seconds (4.64 M allocations: 97.708 MiB)
Fixing model history...  0.055910 seconds (383.10 k allocations: 18.661 MiB)
Applying model non-anticipativity constraints...  0.000176 seconds (557 allocations: 29.391 KiB)
model - window 4 of 12: 2019-04-02T06:00~(4 weeks, 2 days, 10 hours)~>2019-05-02T16:00
Optimizing model...MIP has 114015 rows; 126309 cols; 294031 nonzeros; 2287 integer variables (0 binary)
Coefficient ranges:
  Matrix  [6e-03, 5e+05]
  Cost    [4e-03, 2e+11]
  Bound   [6e-07, 1e+05]
  RHS     [1e+00, 2e+04]
WARNING: Problem has some excessively large costs
WARNING: Problem has some excessively small column bounds
WARNING:    Consider scaling the objective by 1e-6, or setting the user_objective_scale option to -18
Presolving model
72293 rows, 60660 cols, 197467 nonzeros 0s
31497 rows, 43683 cols, 160882 nonzeros 0s
29942 rows, 38778 cols, 152924 nonzeros 0s
Presolve reductions: rows 29942(-84073); columns 38778(-87531); nonzeros 152924(-141107)
Solving MIP model with:
   29942 rows
   38778 cols (1664 binary, 0 integer, 0 implied int., 37114 continuous, 0 domain fixed)
   152924 nonzeros
Src: B => Branching; C => Central rounding; F => Feasibility pump; H => Heuristic;
     I => Shifting; J => Feasibility jump; L => Sub-MIP; P => Empty MIP; R => Randomized rounding;
     S => Solve LP; T => Evaluate node; U => Unbounded; X => User solution; Y => HiGHS solution;
     Z => ZI Round; l => Trivial lower; p => Trivial point; u => Trivial upper; z => Trivial zero
        Nodes      |    B&B Tree     |            Objective Bounds              |  Dynamic Constraints |       Work
Src  Proc. InQueue |  Leaves   Expl. | BestBound       BestSol              Gap |   Cuts   InLp Confl. | LpIters     Time
         0       0         0   0.00%   -242134521.2652 inf                  inf        0      0      0         0     1.7s
 R       0       0         0   0.00%   19830064078.59  1.89929578e+13    99.90%        0      0      0     23097    16.6s
         0       0         0   0.00%   19830110698.3   1.89929578e+13    99.90%     2845    302      0     23972    26.1s
 L       0       0         0   0.00%   19830110698.3   19830110698.3      0.00%     2845    302      0     23972   104.6s
         1       0         1 100.00%   19830110698.3   19830110698.3      0.00%     2845    302      0     34357   104.7s
Solving report
  Status            Optimal
  Primal bound      19830110698.3
  Dual bound        19830110698.3
  Gap               0% (tolerance: 0%)
  P-D integral      87.9559745181
  Solution status   feasible
                    19830110698.3 (objective)
                    0 (bound viol.)
                    0 (int. viol.)
                    0 (row viol.)
  Timing            104.66
  Max sub-MIP depth 2
  Nodes             1
  Repair LPs        0
  LP iterations     34357
                    0 (strong br.)
                    875 (separation)
                    10385 (heuristics)
104.692671 seconds (58 allocations: 2.344 KiB)
Optimal solution found, objective function value: 1.983011069829563e10
Saving model results...  1.039874 seconds (3.99 M allocations: 133.854 MiB, 59.39% gc time)
Postprocessing model results...  0.000040 seconds (48 allocations: 3.312 KiB)
Saving model outputs...  0.355018 seconds (2.56 M allocations: 159.860 MiB)
Rolling model temporal structure...  0.566053 seconds (4.64 M allocations: 97.708 MiB)
Fixing model history...  0.045722 seconds (383.10 k allocations: 18.661 MiB)
Applying model non-anticipativity constraints...  0.000118 seconds (557 allocations: 29.391 KiB)
model - window 5 of 12: 2019-05-02T16:00~(4 weeks, 2 days, 10 hours)~>2019-06-02T02:00
Optimizing model...MIP has 114015 rows; 126309 cols; 294024 nonzeros; 2287 integer variables (0 binary)
Coefficient ranges:
  Matrix  [6e-03, 5e+05]
  Cost    [4e-03, 2e+11]
  Bound   [2e-15, 1e+05]
  RHS     [1e+00, 2e+04]
WARNING: Problem has some excessively large costs
WARNING: Problem has some excessively small column bounds
WARNING:    Consider scaling the objective by 1e-6, or setting the user_objective_scale option to -18
Presolving model
72279 rows, 60646 cols, 197439 nonzeros 0s
31824 rows, 43909 cols, 164720 nonzeros 0s
30279 rows, 39113 cols, 156412 nonzeros 0s
Presolve reductions: rows 30279(-83736); columns 39113(-87196); nonzeros 156412(-137612)
Solving MIP model with:
   30279 rows
   39113 cols (1770 binary, 0 integer, 0 implied int., 37343 continuous, 0 domain fixed)
   156412 nonzeros
Src: B => Branching; C => Central rounding; F => Feasibility pump; H => Heuristic;
     I => Shifting; J => Feasibility jump; L => Sub-MIP; P => Empty MIP; R => Randomized rounding;
     S => Solve LP; T => Evaluate node; U => Unbounded; X => User solution; Y => HiGHS solution;
     Z => ZI Round; l => Trivial lower; p => Trivial point; u => Trivial upper; z => Trivial zero
        Nodes      |    B&B Tree     |            Objective Bounds              |  Dynamic Constraints |       Work
Src  Proc. InQueue |  Leaves   Expl. | BestBound       BestSol              Gap |   Cuts   InLp Confl. | LpIters     Time
         0       0         0   0.00%   -231099605.9039 inf                  inf        0      0      0         0     2.0s
 R       0       0         0   0.00%   18545265571.64  1.88667034e+13    99.90%        0      0      0     21938    18.1s
 T       0       0         0   0.00%   18545301757.26  18545301757.26     0.00%     2840    306      0     22860    29.8s
         1       0         1 100.00%   18545301757.26  18545301757.26     0.00%     2840    306      0     22860    29.8s
Solving report
  Status            Optimal
  Primal bound      18545301757.3
  Dual bound        18545301757.3
  Gap               0% (tolerance: 0%)
  P-D integral      11.6942708137
  Solution status   feasible
                    18545301757.3 (objective)
                    0 (bound viol.)
                    3.01980662698e-14 (int. viol.)
                    0 (row viol.)
  Timing            29.80
  Max sub-MIP depth 0
  Nodes             1
  Repair LPs        0
  LP iterations     22860
                    0 (strong br.)
                    922 (separation)
                    0 (heuristics)
 29.836085 seconds (44 allocations: 1.750 KiB)
Optimal solution found, objective function value: 1.8545301757260777e10
Saving model results...  0.404639 seconds (3.99 M allocations: 133.853 MiB)
Postprocessing model results...  0.000039 seconds (48 allocations: 3.312 KiB)
Saving model outputs...  0.362611 seconds (2.56 M allocations: 159.860 MiB)
Rolling model temporal structure...  0.605783 seconds (4.64 M allocations: 97.708 MiB)
Fixing model history...  0.049231 seconds (383.10 k allocations: 18.661 MiB)
Applying model non-anticipativity constraints...  0.000117 seconds (557 allocations: 29.391 KiB)
model - window 6 of 12: 2019-06-02T02:00~(4 weeks, 2 days, 10 hours)~>2019-07-02T12:00
Optimizing model...MIP has 114015 rows; 126309 cols; 294025 nonzeros; 2287 integer variables (0 binary)
Coefficient ranges:
  Matrix  [6e-03, 5e+05]
  Cost    [4e-03, 2e+11]
  Bound   [1e-05, 1e+05]
  RHS     [1e+00, 2e+04]
WARNING: Problem has some excessively large costs
WARNING: Problem has some excessively small column bounds
WARNING:    Consider scaling the objective by 1e-6, or setting the user_objective_scale option to -18
Presolving model
72281 rows, 60648 cols, 197443 nonzeros 0s
31497 rows, 43677 cols, 160876 nonzeros 0s
29942 rows, 38777 cols, 152820 nonzeros 0s
Presolve reductions: rows 29942(-84073); columns 38777(-87532); nonzeros 152820(-141205)
Solving MIP model with:
   29942 rows
   38777 cols (1663 binary, 0 integer, 0 implied int., 37114 continuous, 0 domain fixed)
   152820 nonzeros
Src: B => Branching; C => Central rounding; F => Feasibility pump; H => Heuristic;
     I => Shifting; J => Feasibility jump; L => Sub-MIP; P => Empty MIP; R => Randomized rounding;
     S => Solve LP; T => Evaluate node; U => Unbounded; X => User solution; Y => HiGHS solution;
     Z => ZI Round; l => Trivial lower; p => Trivial point; u => Trivial upper; z => Trivial zero
        Nodes      |    B&B Tree     |            Objective Bounds              |  Dynamic Constraints |       Work
Src  Proc. InQueue |  Leaves   Expl. | BestBound       BestSol              Gap |   Cuts   InLp Confl. | LpIters     Time
         0       0         0   0.00%   -245020446.2903 inf                  inf        0      0      0         0     1.8s
 R       0       0         0   0.00%   19822434538.92  1.91935936e+13    99.90%        0      0      0     22568    17.6s
 C       0       0         0   0.00%   19822477448.13  1.89929519e+13    99.90%     2674    303      0     23404    27.5s
 L       0       0         0   0.00%   19822477448.13  19822477448.13     0.00%     2674    303      0     23404    65.5s
         1       0         1 100.00%   19822477448.13  19822477448.13     0.00%     2674    303      0     39773    65.6s
Solving report
  Status            Optimal
  Primal bound      19822477448.1
  Dual bound        19822477448.1
  Gap               0% (tolerance: 0%)
  P-D integral      47.8427239352
  Solution status   feasible
                    19822477448.1 (objective)
                    0 (bound viol.)
                    9.09494701773e-16 (int. viol.)
                    0 (row viol.)
  Timing            65.57
  Max sub-MIP depth 1
  Nodes             1
  Repair LPs        0
  LP iterations     39773
                    0 (strong br.)
                    836 (separation)
                    16369 (heuristics)
 65.589791 seconds (58 allocations: 2.344 KiB)
Optimal solution found, objective function value: 1.9822477448133312e10
Saving model results...  0.473685 seconds (3.99 M allocations: 133.854 MiB)
Postprocessing model results...  0.000079 seconds (48 allocations: 3.312 KiB)
Saving model outputs...  0.693906 seconds (2.56 M allocations: 159.860 MiB, 46.22% gc time)
Rolling model temporal structure...  0.607177 seconds (4.64 M allocations: 97.708 MiB)
Fixing model history...  0.043161 seconds (383.10 k allocations: 18.661 MiB)
Applying model non-anticipativity constraints...  0.000106 seconds (557 allocations: 29.391 KiB)
model - window 7 of 12: 2019-07-02T12:00~(4 weeks, 2 days, 10 hours)~>2019-08-01T22:00
Optimizing model...MIP has 114015 rows; 126309 cols; 294028 nonzeros; 2287 integer variables (0 binary)
Coefficient ranges:
  Matrix  [6e-03, 5e+05]
  Cost    [4e-03, 2e+11]
  Bound   [1e-05, 1e+05]
  RHS     [1e+00, 2e+04]
WARNING: Problem has some excessively large costs
WARNING: Problem has some excessively small column bounds
WARNING:    Consider scaling the objective by 1e-6, or setting the user_objective_scale option to -18
Presolving model
72287 rows, 60654 cols, 197455 nonzeros 0s
31497 rows, 43680 cols, 160879 nonzeros 0s
29941 rows, 38777 cols, 152900 nonzeros 0s
Presolve reductions: rows 29941(-84074); columns 38777(-87532); nonzeros 152900(-141128)
Solving MIP model with:
   29941 rows
   38777 cols (1663 binary, 0 integer, 0 implied int., 37114 continuous, 0 domain fixed)
   152900 nonzeros
Src: B => Branching; C => Central rounding; F => Feasibility pump; H => Heuristic;
     I => Shifting; J => Feasibility jump; L => Sub-MIP; P => Empty MIP; R => Randomized rounding;
     S => Solve LP; T => Evaluate node; U => Unbounded; X => User solution; Y => HiGHS solution;
     Z => ZI Round; l => Trivial lower; p => Trivial point; u => Trivial upper; z => Trivial zero
        Nodes      |    B&B Tree     |            Objective Bounds              |  Dynamic Constraints |       Work
Src  Proc. InQueue |  Leaves   Expl. | BestBound       BestSol              Gap |   Cuts   InLp Confl. | LpIters     Time
         0       0         0   0.00%   1056314086.775  inf                  inf        0      0      0         0     1.8s
 R       0       0         0   0.00%   19856704885.26  1.8740471e+13     99.89%        0      0      0     23685    17.2s
 C       0       0         0   0.00%   19856736528.28  1.8740471e+13     99.89%     2816    301      0     24530    27.0s
 L       0       0         0   0.00%   19856736528.28  19856736528.28     0.00%     2816    301      0     24530    63.0s
         1       0         1 100.00%   19856736528.28  19856736528.28     0.00%     2816    301      0     44851    63.0s
Solving report
  Status            Optimal
  Primal bound      19856736528.3
  Dual bound        19856736528.3
  Gap               0% (tolerance: 0%)
  P-D integral      45.7369661733
  Solution status   feasible
                    19856736528.3 (objective)
                    0 (bound viol.)
                    2.22044604925e-16 (int. viol.)
                    0 (row viol.)
  Timing            63.02
  Max sub-MIP depth 1
  Nodes             1
  Repair LPs        0
  LP iterations     44851
                    0 (strong br.)
                    845 (separation)
                    20321 (heuristics)
 63.039121 seconds (58 allocations: 2.344 KiB)
Optimal solution found, objective function value: 1.9856736528276047e10
Saving model results...  0.448336 seconds (3.99 M allocations: 133.853 MiB)
Postprocessing model results...  0.000049 seconds (48 allocations: 3.312 KiB)
Saving model outputs...  0.368215 seconds (2.56 M allocations: 159.860 MiB)
Rolling model temporal structure...  0.621295 seconds (4.64 M allocations: 97.708 MiB)
Fixing model history...  0.050631 seconds (383.10 k allocations: 18.661 MiB)
Applying model non-anticipativity constraints...  0.000125 seconds (557 allocations: 29.391 KiB)
model - window 8 of 12: 2019-08-01T22:00~(4 weeks, 2 days, 10 hours)~>2019-09-01T08:00
Optimizing model...MIP has 114015 rows; 126309 cols; 294021 nonzeros; 2287 integer variables (0 binary)
Coefficient ranges:
  Matrix  [6e-03, 5e+05]
  Cost    [4e-03, 2e+11]
  Bound   [2e-04, 1e+05]
  RHS     [1e+00, 2e+04]
WARNING: Problem has some excessively large costs
WARNING:    Consider scaling the objective by 1e-6, or setting the user_objective_scale option to -18
Presolving model
72273 rows, 60640 cols, 197427 nonzeros 0s
31497 rows, 43673 cols, 160872 nonzeros 0s
29941 rows, 38771 cols, 152611 nonzeros 0s
Presolve reductions: rows 29941(-84074); columns 38771(-87538); nonzeros 152611(-141410)
Solving MIP model with:
   29941 rows
   38771 cols (1657 binary, 0 integer, 0 implied int., 37114 continuous, 0 domain fixed)
   152611 nonzeros
Src: B => Branching; C => Central rounding; F => Feasibility pump; H => Heuristic;
     I => Shifting; J => Feasibility jump; L => Sub-MIP; P => Empty MIP; R => Randomized rounding;
     S => Solve LP; T => Evaluate node; U => Unbounded; X => User solution; Y => HiGHS solution;
     Z => ZI Round; l => Trivial lower; p => Trivial point; u => Trivial upper; z => Trivial zero
        Nodes      |    B&B Tree     |            Objective Bounds              |  Dynamic Constraints |       Work
Src  Proc. InQueue |  Leaves   Expl. | BestBound       BestSol              Gap |   Cuts   InLp Confl. | LpIters     Time
         0       0         0   0.00%   -150884615.9243 inf                  inf        0      0      0         0     1.9s
 R       0       0         0   0.00%   -150884615.9243 1.91936607e+13   100.00%        0      0      0         0    10.5s
         0       0         0   0.00%   19875920836.77  1.91936607e+13    99.90%        0      0      0     10000    30.0s
         0       0         0   0.00%   19875941680.53  1.91936607e+13    99.90%     2873    303      0     10799    42.0s
 L       0       0         0   0.00%   19875941680.53  19875941680.53     0.00%     2873    303      0     10799   104.7s
 T       0       0         0   0.00%   19875941680.53  19875941680.53     0.00%     2873    303      0     31120   104.8s
         1       0         1 100.00%   19875941680.53  19875941680.53     0.00%     2873    303      0     31120   104.8s
Solving report
  Status            Optimal
  Primal bound      19875941680.5
  Dual bound        19875941680.5
  Gap               0% (tolerance: 0%)
  P-D integral      94.1366595879
  Solution status   feasible
                    19875941680.5 (objective)
                    0 (bound viol.)
                    2.52526888289e-15 (int. viol.)
                    0 (row viol.)
  Timing            104.77
  Max sub-MIP depth 1
  Nodes             1
  Repair LPs        0
  LP iterations     31120
                    0 (strong br.)
                    799 (separation)
                    20321 (heuristics)
104.794127 seconds (58 allocations: 2.344 KiB)
Optimal solution found, objective function value: 1.987594168053411e10
Saving model results...  0.417615 seconds (3.99 M allocations: 133.853 MiB)
Postprocessing model results...  0.000041 seconds (48 allocations: 3.312 KiB)
Saving model outputs...  0.598823 seconds (2.56 M allocations: 159.860 MiB, 41.15% gc time)
Rolling model temporal structure...  0.700663 seconds (4.64 M allocations: 97.708 MiB)
Fixing model history...  0.046084 seconds (383.10 k allocations: 18.661 MiB)
Applying model non-anticipativity constraints...  0.000131 seconds (557 allocations: 29.391 KiB)
model - window 9 of 12: 2019-09-01T08:00~(4 weeks, 2 days, 10 hours)~>2019-10-01T18:00
Optimizing model...MIP has 114015 rows; 126309 cols; 294052 nonzeros; 2287 integer variables (0 binary)
Coefficient ranges:
  Matrix  [6e-03, 5e+05]
  Cost    [4e-03, 2e+11]
  Bound   [2e-04, 1e+05]
  RHS     [1e+00, 2e+04]
WARNING: Problem has some excessively large costs
WARNING:    Consider scaling the objective by 1e-6, or setting the user_objective_scale option to -18
Presolving model
72335 rows, 60702 cols, 197551 nonzeros 0s
31497 rows, 43704 cols, 160903 nonzeros 0s
29940 rows, 38769 cols, 152720 nonzeros 0s
Presolve reductions: rows 29940(-84075); columns 38769(-87540); nonzeros 152720(-141332)
Solving MIP model with:
   29940 rows
   38769 cols (1655 binary, 0 integer, 0 implied int., 37114 continuous, 0 domain fixed)
   152720 nonzeros
Src: B => Branching; C => Central rounding; F => Feasibility pump; H => Heuristic;
     I => Shifting; J => Feasibility jump; L => Sub-MIP; P => Empty MIP; R => Randomized rounding;
     S => Solve LP; T => Evaluate node; U => Unbounded; X => User solution; Y => HiGHS solution;
     Z => ZI Round; l => Trivial lower; p => Trivial point; u => Trivial upper; z => Trivial zero
        Nodes      |    B&B Tree     |            Objective Bounds              |  Dynamic Constraints |       Work
Src  Proc. InQueue |  Leaves   Expl. | BestBound       BestSol              Gap |   Cuts   InLp Confl. | LpIters     Time
         0       0         0   0.00%   -146006763.0646 inf                  inf        0      0      0         0     1.9s
 R       0       0         0   0.00%   19880533193.2   1.89930206e+13    99.90%        0      0      0     22315    16.5s
         0       0         0   0.00%   19880554360.55  1.89930206e+13    99.90%     2878    303      0     23083    26.7s
 L       0       0         0   0.00%   19880554360.55  19880554360.55     0.00%     2878    303      0     23083    70.2s
         1       0         1 100.00%   19880554360.55  19880554360.55     0.00%     2878    303      0     34458    70.3s
Solving report
  Status            Optimal
  Primal bound      19880554360.6
  Dual bound        19880554360.6
  Gap               0% (tolerance: 0%)
  P-D integral      53.5969425966
  Solution status   feasible
                    19880554360.6 (objective)
                    0 (bound viol.)
                    7.82165443525e-15 (int. viol.)
                    0 (row viol.)
  Timing            70.25
  Max sub-MIP depth 1
  Nodes             1
  Repair LPs        0
  LP iterations     34458
                    0 (strong br.)
                    768 (separation)
                    11375 (heuristics)
 70.278826 seconds (58 allocations: 2.344 KiB)
Optimal solution found, objective function value: 1.9880554360554344e10
Saving model results...  0.425193 seconds (3.99 M allocations: 133.854 MiB)
Postprocessing model results...  0.000070 seconds (48 allocations: 3.312 KiB)
Saving model outputs...  0.337066 seconds (2.56 M allocations: 159.860 MiB)
Rolling model temporal structure...  0.616325 seconds (4.64 M allocations: 97.708 MiB)
Fixing model history...  0.048988 seconds (383.10 k allocations: 18.661 MiB)
Applying model non-anticipativity constraints...  0.000111 seconds (557 allocations: 29.391 KiB)
model - window 10 of 12: 2019-10-01T18:00~(4 weeks, 2 days, 10 hours)~>2019-11-01T04:00
Optimizing model...MIP has 114015 rows; 126309 cols; 294054 nonzeros; 2287 integer variables (0 binary)
Coefficient ranges:
  Matrix  [6e-03, 5e+05]
  Cost    [4e-03, 2e+11]
  Bound   [2e-04, 1e+05]
  RHS     [1e+00, 2e+04]
WARNING: Problem has some excessively large costs
WARNING:    Consider scaling the objective by 1e-6, or setting the user_objective_scale option to -18
Presolving model
72339 rows, 60706 cols, 197559 nonzeros 0s
31824 rows, 43939 cols, 164750 nonzeros 0s
30278 rows, 39107 cols, 156213 nonzeros 0s
Presolve reductions: rows 30278(-83737); columns 39107(-87202); nonzeros 156213(-137841)
Solving MIP model with:
   30278 rows
   39107 cols (1764 binary, 0 integer, 0 implied int., 37343 continuous, 0 domain fixed)
   156213 nonzeros
Src: B => Branching; C => Central rounding; F => Feasibility pump; H => Heuristic;
     I => Shifting; J => Feasibility jump; L => Sub-MIP; P => Empty MIP; R => Randomized rounding;
     S => Solve LP; T => Evaluate node; U => Unbounded; X => User solution; Y => HiGHS solution;
     Z => ZI Round; l => Trivial lower; p => Trivial point; u => Trivial upper; z => Trivial zero
        Nodes      |    B&B Tree     |            Objective Bounds              |  Dynamic Constraints |       Work
Src  Proc. InQueue |  Leaves   Expl. | BestBound       BestSol              Gap |   Cuts   InLp Confl. | LpIters     Time
         0       0         0   0.00%   -143565696.4189 inf                  inf        0      0      0         0     1.9s
 R       0       0         0   0.00%   18599031946.86  1.91936656e+13    99.90%        0      0      0     21524    16.1s
 T       0       0         0   0.00%   18599054996.21  18599054996.21     0.00%     2836    308      0     22314    27.1s
         1       0         1 100.00%   18599054996.21  18599054996.21     0.00%     2836    308      0     22314    27.1s
Solving report
  Status            Optimal
  Primal bound      18599054996.2
  Dual bound        18599054996.2
  Gap               0% (tolerance: 0%)
  P-D integral      10.9610891175
  Solution status   feasible
                    18599054996.2 (objective)
                    0 (bound viol.)
                    7.61612994893e-14 (int. viol.)
                    0 (row viol.)
  Timing            27.08
  Max sub-MIP depth 0
  Nodes             1
  Repair LPs        0
  LP iterations     22314
                    0 (strong br.)
                    790 (separation)
                    0 (heuristics)
 27.113001 seconds (44 allocations: 1.750 KiB)
Optimal solution found, objective function value: 1.859905499621116e10
Saving model results...  0.397729 seconds (3.99 M allocations: 133.854 MiB)
Postprocessing model results...  0.000043 seconds (48 allocations: 3.312 KiB)
Saving model outputs...  0.366229 seconds (2.56 M allocations: 159.860 MiB)
Rolling model temporal structure...  0.839180 seconds (4.64 M allocations: 97.708 MiB, 27.68% gc time)
Fixing model history...  0.043517 seconds (383.10 k allocations: 18.661 MiB)
Applying model non-anticipativity constraints...  0.000106 seconds (557 allocations: 29.391 KiB)
model - window 11 of 12: 2019-11-01T04:00~(4 weeks, 2 days, 10 hours)~>2019-12-01T14:00
Optimizing model...MIP has 114015 rows; 126309 cols; 294088 nonzeros; 2287 integer variables (0 binary)
Coefficient ranges:
  Matrix  [6e-03, 5e+05]
  Cost    [4e-03, 2e+11]
  Bound   [1e-05, 1e+05]
  RHS     [1e+00, 2e+04]
WARNING: Problem has some excessively large costs
WARNING: Problem has some excessively small column bounds
WARNING:    Consider scaling the objective by 1e-6, or setting the user_objective_scale option to -18
Presolving model
72407 rows, 60774 cols, 197695 nonzeros 0s
31497 rows, 43740 cols, 160939 nonzeros 0s
29940 rows, 38768 cols, 152635 nonzeros 0s
Presolve reductions: rows 29940(-84075); columns 38768(-87541); nonzeros 152635(-141453)
Solving MIP model with:
   29940 rows
   38768 cols (1654 binary, 0 integer, 0 implied int., 37114 continuous, 0 domain fixed)
   152635 nonzeros
Src: B => Branching; C => Central rounding; F => Feasibility pump; H => Heuristic;
     I => Shifting; J => Feasibility jump; L => Sub-MIP; P => Empty MIP; R => Randomized rounding;
     S => Solve LP; T => Evaluate node; U => Unbounded; X => User solution; Y => HiGHS solution;
     Z => ZI Round; l => Trivial lower; p => Trivial point; u => Trivial upper; z => Trivial zero
        Nodes      |    B&B Tree     |            Objective Bounds              |  Dynamic Constraints |       Work
Src  Proc. InQueue |  Leaves   Expl. | BestBound       BestSol              Gap |   Cuts   InLp Confl. | LpIters     Time
         0       0         0   0.00%   -143041845.9196 inf                  inf        0      0      0         0     1.8s
 R       0       0         0   0.00%   19882243176.7   1.91936647e+13    99.90%        0      0      0     23177    16.2s
         0       0         0   0.00%   19882267770.74  1.91936647e+13    99.90%     2675    304      0     23910    26.2s
 L       0       0         0   0.00%   19882267770.74  19882267770.74     0.00%     2675    304      0     23910    74.2s
         1       0         1 100.00%   19882267770.74  19882267770.74     0.00%     2675    304      0     44504    74.2s
Solving report
  Status            Optimal
  Primal bound      19882267770.7
  Dual bound        19882267770.7
  Gap               0% (tolerance: 0%)
  P-D integral      57.9214020366
  Solution status   feasible
                    19882267770.7 (objective)
                    0 (bound viol.)
                    0 (int. viol.)
                    0 (row viol.)
  Timing            74.23
  Max sub-MIP depth 1
  Nodes             1
  Repair LPs        0
  LP iterations     44504
                    0 (strong br.)
                    733 (separation)
                    20594 (heuristics)
 74.255807 seconds (58 allocations: 2.344 KiB)
Optimal solution found, objective function value: 1.9882267770739067e10
Saving model results...  0.400287 seconds (3.99 M allocations: 133.854 MiB)
Postprocessing model results...  0.000046 seconds (48 allocations: 3.312 KiB)
Saving model outputs...  0.336930 seconds (2.56 M allocations: 159.879 MiB)
Rolling model temporal structure...  0.601590 seconds (4.64 M allocations: 97.664 MiB)
Fixing model history...  0.051518 seconds (383.10 k allocations: 18.661 MiB)
Applying model non-anticipativity constraints...  0.000167 seconds (557 allocations: 29.391 KiB)
model - window 12 of 12: 2019-12-01T14:00~(4 weeks, 2 days, 10 hours)~>2020-01-01T00:00
Optimizing model...MIP has 114015 rows; 126309 cols; 294087 nonzeros; 2287 integer variables (0 binary)
Coefficient ranges:
  Matrix  [6e-03, 5e+05]
  Cost    [4e-03, 2e+11]
  Bound   [1e-05, 1e+05]
  RHS     [1e+00, 2e+04]
WARNING: Problem has some excessively large costs
WARNING: Problem has some excessively small column bounds
WARNING:    Consider scaling the objective by 1e-6, or setting the user_objective_scale option to -18
Presolving model
72405 rows, 60772 cols, 197691 nonzeros 0s
31824 rows, 43972 cols, 164783 nonzeros 0s
30279 rows, 39107 cols, 156299 nonzeros 0s
Presolve reductions: rows 30279(-83736); columns 39107(-87202); nonzeros 156299(-137788)
Solving MIP model with:
   30279 rows
   39107 cols (1764 binary, 0 integer, 0 implied int., 37343 continuous, 0 domain fixed)
   156299 nonzeros
Src: B => Branching; C => Central rounding; F => Feasibility pump; H => Heuristic;
     I => Shifting; J => Feasibility jump; L => Sub-MIP; P => Empty MIP; R => Randomized rounding;
     S => Solve LP; T => Evaluate node; U => Unbounded; X => User solution; Y => HiGHS solution;
     Z => ZI Round; l => Trivial lower; p => Trivial point; u => Trivial upper; z => Trivial zero
        Nodes      |    B&B Tree     |            Objective Bounds              |  Dynamic Constraints |       Work
Src  Proc. InQueue |  Leaves   Expl. | BestBound       BestSol              Gap |   Cuts   InLp Confl. | LpIters     Time
         0       0         0   0.00%   1110209939.922  inf                  inf        0      0      0         0     1.9s
 R       0       0         0   0.00%   18599007055.53  1.89004018e+13    99.90%        0      0      0     21585    18.4s
         0       0         0   0.00%   18599026590     1.89004018e+13    99.90%     4532    303      0     22347    23.4s
 T       0       0         0   0.00%   18599027641.13  18599027641.13     0.00%     4854    309      0     22377    32.2s
         1       0         1 100.00%   18599027641.13  18599027641.13     0.00%     4854    309      0     22377    32.2s
Solving report
  Status            Optimal
  Primal bound      18599027641.1
  Dual bound        18599027641.1
  Gap               0% (tolerance: 0%)
  P-D integral      13.864774906
  Solution status   feasible
                    18599027641.1 (objective)
                    0 (bound viol.)
                    3.33066907388e-16 (int. viol.)
                    0 (row viol.)
  Timing            32.25
  Max sub-MIP depth 0
  Nodes             1
  Repair LPs        0
  LP iterations     22377
                    0 (strong br.)
                    792 (separation)
                    0 (heuristics)
 32.278739 seconds (51 allocations: 2.047 KiB)
Optimal solution found, objective function value: 1.859902764112897e10
Saving model results...  0.435549 seconds (3.99 M allocations: 133.853 MiB)
Postprocessing model results...  0.000059 seconds (48 allocations: 3.312 KiB)
Saving model outputs...  0.341877 seconds (2.56 M allocations: 159.860 MiB)
Rolling model temporal structure...  0.000051 seconds (47 allocations: 1.312 KiB)
Rolling complete
Solve complete. Started at 2026-07-11T13:14:14.984, ended at 2026-07-11T13:28:12.075, elapsed time: 13 minutes, 57 seconds, 91 milliseconds
Time summary:
Action                                           │ min       │ max        │ avg
─────────────────────────────────────────────────┼───────────┼────────────┼───────────────────────
Postprocessing model results...                  │ 3.9e-5    │ 7.9e-5     │ 5.491666666666666e-5
Fixing model history...                          │ 0.043161  │ 0.059971   │ 0.049602999999999994
Applying model non-anticipativity constraints... │ 0.000106  │ 0.0002     │ 0.00013563636363636363
Rolling model temporal structure...              │ 5.1e-5    │ 0.83918    │ 0.5916515833333333
Saving model results...                          │ 0.397729  │ 1.039874   │ 0.4796853333333333
Optimizing model...                              │ 27.113001 │ 118.158931 │ 67.83452491666667
Saving model outputs...                          │ 0.33693   │ 0.693906   │ 0.41032416666666666
Writing report to sqlite:///C:\Users\jfg.eco\Documents\GitHub\Nord_H2ub\Spine_Projects\02_basic_energy_model\.spinetoolbox\items\outputtest\OutputTest.sqlite?spinedbfilter=cfg%3Aexecution%3A%7B%22execution_item%22%3A+%22Run+SpineOpt%22%2C+%22scenarios%22%3A+%5B%5D%2C+%22timestamp%22%3A+%222026-07-11T13%3A11%3A38%22%7D...  3.796511 seconds (21.01 M allocations: 1.265 GiB, 7.13% gc time)
Execution complete. Started at 2026-07-11T13:11:40.571, ended at 2026-07-11T13:28:26.110, elapsed time: 16 minutes, 45 seconds, 539 milliseconds
A JuMP Model
├ solver: HiGHS
├ objective_sense: MIN_SENSE
│ └ objective_function_type: JuMP.AffExpr
├ num_variables: 126309
├ num_constraints: 228741
│ ├ JuMP.AffExpr in MOI.EqualTo{Float64}: 32207
│ ├ JuMP.AffExpr in MOI.GreaterThan{Float64}: 30684
│ ├ JuMP.AffExpr in MOI.LessThan{Float64}: 51124
│ ├ JuMP.VariableRef in MOI.EqualTo{Float64}: 880
│ ├ JuMP.VariableRef in MOI.GreaterThan{Float64}: 108608
│ ├ JuMP.VariableRef in MOI.LessThan{Float64}: 2951
│ └ JuMP.VariableRef in MOI.Integer: 2287
└ Names registered in the model: none
