### Spine execution log file
### Item name: Run SpineOpt
### Filter id: 
### Part: 1

# Running julia run_spineopt.jl http://127.0.0.1:53104 http://127.0.0.1:53107
2-element Vector{String}:
 "http://127.0.0.1:53104"
 "http://127.0.0.1:53107"
Running SpineOpt...
[SpineOpt version 0.10.2 (git hash: N/A)]
[SpineInterface version 0.15.2 (git hash: N/A)]
Execution started at 2026-01-13T15:34:30.513
Reading input data from sqlite:///C:\Users\jfg.eco\Documents\Nord_H2ub\Spine_Projects\02_basic_energy_model\.spinetoolbox\items\input\Input.sqlite...
Initializing  data structure from db...  0.396977 seconds (322.32 k allocations: 45.496 MiB, 3.26% gc time)
Preprocessing  data structure...  0.063345 seconds (35.30 k allocations: 2.593 MiB, 55.76% compilation time)
Checking  data structure...  0.010580 seconds (5.67 k allocations: 472.375 KiB, 92.30% compilation time)
Build started at 2026-01-13T15:34:31.055
Creating model temporal structure...[ Info: the last time slice of temporal block Default_Investment_period has been cut to fit within the block
[ Info: the last time slice of temporal block daily has been cut to fit within the block
206.853478 seconds (433.57 M allocations: 20.769 GiB, 90.70% gc time, 0.00% compilation time)
Creating model stochastic structure... 11.840013 seconds (2.80 M allocations: 600.251 MiB, 97.42% gc time, 0.06% compilation time)
Adding model independent variables...
- [variable_binary_gas_connection_flow]  0.386299 seconds (2.33 M allocations: 35.609 MiB, 81.03% gc time)
- [variable_connection_flow]  3.711277 seconds (2.83 M allocations: 94.752 MiB, 95.44% gc time, 1.77% compilation time)
- [variable_connection_intact_flow]  0.143024 seconds (2.74 M allocations: 85.067 MiB, 34.77% gc time)
- [variable_connections_decommissioned]  0.096016 seconds (2.34 M allocations: 36.097 MiB, 22.28% gc time)
- [variable_connections_invested]  5.543882 seconds (15.84 M allocations: 1.282 GiB, 84.27% gc time)
- [variable_connections_invested_available] 12.901796 seconds (16.51 M allocations: 1.319 GiB, 92.71% gc time, 0.06% compilation time)
- [variable_min_capacity_margin_slack]  0.104230 seconds (2.33 M allocations: 35.577 MiB, 27.96% gc time)
- [variable_node_injection]  0.112845 seconds (2.57 M allocations: 60.690 MiB, 22.02% gc time)
- [variable_node_pressure]  0.099434 seconds (2.33 M allocations: 35.580 MiB, 21.52% gc time)
- [variable_node_slack_neg]  0.104756 seconds (2.55 M allocations: 57.010 MiB, 19.93% gc time)
- [variable_node_slack_pos]  0.105943 seconds (2.55 M allocations: 57.013 MiB, 19.78% gc time)
- [variable_node_state]  0.113123 seconds (2.40 M allocations: 41.585 MiB, 20.56% gc time, 7.16% compilation time)
- [variable_node_voltage_angle]  0.102434 seconds (2.33 M allocations: 35.579 MiB, 29.14% gc time)
- [variable_nonspin_units_shut_down]  0.097400 seconds (2.33 M allocations: 35.589 MiB, 28.04% gc time)
- [variable_nonspin_units_started_up]  0.094106 seconds (2.33 M allocations: 35.583 MiB, 22.01% gc time)
- [variable_storages_decommissioned]  0.094553 seconds (2.33 M allocations: 35.755 MiB, 22.61% gc time)
- [variable_storages_invested]  0.340984 seconds (4.37 M allocations: 254.475 MiB, 36.16% gc time, 2.34% compilation time)
- [variable_storages_invested_available]  0.373776 seconds (4.37 M allocations: 254.483 MiB, 43.67% gc time)
- [variable_unit_flow]  4.129030 seconds (2.99 M allocations: 154.396 MiB, 95.80% gc time, 1.04% compilation time)
- [variable_unit_flow_op]  0.110245 seconds (2.45 M allocations: 50.733 MiB, 26.85% gc time)
- [variable_unit_flow_op_active]  0.114392 seconds (2.47 M allocations: 53.189 MiB, 23.62% gc time)
- [variable_units_invested]  5.405240 seconds (15.16 M allocations: 1.191 GiB, 84.11% gc time)
- [variable_units_invested_available]  9.575627 seconds (15.79 M allocations: 1.221 GiB, 90.51% gc time, 0.10% compilation time)
- [variable_units_mothballed]  3.844676 seconds (2.34 M allocations: 36.273 MiB, 98.06% gc time)
- [variable_units_on]  0.109060 seconds (2.54 M allocations: 54.890 MiB, 22.10% gc time)
- [variable_units_out_of_service]  0.098080 seconds (2.33 M allocations: 35.575 MiB, 25.82% gc time)
- [variable_units_returned_to_service]  0.095283 seconds (2.33 M allocations: 35.573 MiB, 25.26% gc time)
- [variable_units_shut_down]  0.096463 seconds (2.36 M allocations: 38.044 MiB, 20.95% gc time)
- [variable_units_started_up]  0.096036 seconds (2.35 M allocations: 37.362 MiB, 26.71% gc time)
- [variable_units_taken_out_of_service]  0.070480 seconds (2.33 M allocations: 35.574 MiB)
- [variable_user_constraint_slack_neg]  0.097623 seconds (2.33 M allocations: 35.569 MiB, 26.43% gc time)
- [variable_user_constraint_slack_pos]  0.093428 seconds (2.33 M allocations: 35.569 MiB, 25.21% gc time)
 48.493090 seconds (135.47 M allocations: 6.764 GiB, 87.13% gc time, 0.29% compilation time)
Adding model dependent variables...
- [variable_connection_flow]  0.005808 seconds (64.89 k allocations: 6.028 MiB)
- [variable_unit_flow]  0.033520 seconds (129.58 k allocations: 12.379 MiB, 68.28% gc time)
  0.040840 seconds (194.77 k allocations: 18.428 MiB, 56.04% gc time)
Adding model expressions...
- [expression_capacity_margin]  0.000042 seconds (30 allocations: 2.609 KiB)
  0.000904 seconds (119 allocations: 7.766 KiB)
Adding model constraints...
- [constraint_candidate_connection_flow_lb]  0.000320 seconds (70 allocations: 4.188 KiB)
- [constraint_candidate_connection_flow_ub]  0.000094 seconds (71 allocations: 4.047 KiB)
- [constraint_compression_ratio]  0.000047 seconds (39 allocations: 3.750 KiB)
- [constraint_connection_flow_capacity]  0.069711 seconds (453.81 k allocations: 48.199 MiB, 31.09% gc time, 20.47% compilation time)
- [constraint_connection_flow_gas_capacity]  0.000098 seconds (41 allocations: 4.703 KiB)
- [constraint_connection_flow_intact_flow]  0.000105 seconds (39 allocations: 3.078 KiB)
- [constraint_connection_flow_lodf]  0.000083 seconds (58 allocations: 3.891 KiB)
- [constraint_connection_intact_flow_capacity]  0.000101 seconds (81 allocations: 5.234 KiB)
- [constraint_connection_intact_flow_ptdf]  0.000062 seconds (25 allocations: 2.234 KiB)
- [constraint_connection_lifetime]3220.478501 seconds (102.59 M allocations: 23.632 GiB, 3.34% gc time, 0.00% compilation time)
- [constraint_connection_unitary_gas_flow]  0.000085 seconds (38 allocations: 3.453 KiB)
- [constraint_connections_invested_available]  0.000472 seconds (861 allocations: 86.422 KiB)
- [constraint_connections_invested_transition]  0.001239 seconds (5.37 k allocations: 446.156 KiB)
- [constraint_cyclic_node_state]  0.007107 seconds (1.69 k allocations: 122.594 KiB, 96.80% compilation time)
- [constraint_fix_node_pressure_point]  0.000067 seconds (39 allocations: 3.750 KiB)
- [constraint_fix_ratio_in_in_unit_flow]  0.008898 seconds (54.54 k allocations: 6.133 MiB)
- [constraint_fix_ratio_in_out_unit_flow]  0.000332 seconds (2.05 k allocations: 189.453 KiB)
- [constraint_fix_ratio_out_in_connection_flow]  0.015845 seconds (46.48 k allocations: 4.125 MiB, 65.67% compilation time)
- [constraint_fix_ratio_out_in_unit_flow]  0.000131 seconds (94 allocations: 19.219 KiB)
- [constraint_fix_ratio_out_out_unit_flow]  0.000251 seconds (748 allocations: 75.859 KiB)
- [constraint_investment_group_equal_investments]  0.000051 seconds (24 allocations: 2.141 KiB)
- [constraint_investment_group_maximum_capacity_invested_available]  0.000043 seconds (21 allocations: 1.812 KiB)
- [constraint_investment_group_maximum_entities_invested_available]  0.000037 seconds (21 allocations: 1.812 KiB)
- [constraint_investment_group_minimum_capacity_invested_available]  0.000042 seconds (20 allocations: 1.766 KiB)
- [constraint_investment_group_minimum_entities_invested_available]  0.000043 seconds (20 allocations: 1.766 KiB)
- [constraint_max_node_pressure]  0.000099 seconds (84 allocations: 6.508 KiB)
- [constraint_max_node_voltage_angle]  0.000068 seconds (102 allocations: 7.602 KiB)
- [constraint_max_ratio_in_in_unit_flow]  0.000088 seconds (94 allocations: 19.219 KiB)
- [constraint_max_ratio_in_out_unit_flow]  0.000068 seconds (94 allocations: 19.219 KiB)
- [constraint_max_ratio_out_in_connection_flow]  0.000067 seconds (56 allocations: 4.484 KiB)
- [constraint_max_ratio_out_in_unit_flow]  0.000062 seconds (94 allocations: 19.219 KiB)
- [constraint_max_ratio_out_out_unit_flow]  0.000060 seconds (94 allocations: 19.219 KiB)
- [constraint_max_total_cumulated_unit_flow_from_node]  0.000052 seconds (46 allocations: 4.125 KiB)
- [constraint_max_total_cumulated_unit_flow_to_node]  0.000032 seconds (42 allocations: 3.750 KiB)
- [constraint_min_capacity_margin]  0.000045 seconds (37 allocations: 2.828 KiB)
- [constraint_min_down_time]  0.087954 seconds (342.53 k allocations: 32.481 MiB, 32.59% gc time, 23.46% compilation time)
- [constraint_min_node_pressure]  0.000092 seconds (87 allocations: 11.086 KiB)
- [constraint_min_node_voltage_angle]  0.000072 seconds (102 allocations: 7.602 KiB)
- [constraint_min_ratio_in_in_unit_flow]  0.000112 seconds (94 allocations: 19.219 KiB)
- [constraint_min_ratio_in_out_unit_flow]  0.000059 seconds (94 allocations: 19.219 KiB)
- [constraint_min_ratio_out_in_connection_flow]  0.000076 seconds (56 allocations: 4.484 KiB)
- [constraint_min_ratio_out_in_unit_flow]  0.000066 seconds (94 allocations: 19.219 KiB)
- [constraint_min_ratio_out_out_unit_flow]  0.000043 seconds (94 allocations: 19.219 KiB)
- [constraint_min_scheduled_outage_duration]  0.000039 seconds (29 allocations: 2.312 KiB)
- [constraint_min_total_cumulated_unit_flow_from_node]  0.000047 seconds (46 allocations: 4.125 KiB)
- [constraint_min_total_cumulated_unit_flow_to_node]  0.000029 seconds (42 allocations: 3.750 KiB)
- [constraint_min_up_time]  0.005805 seconds (44.41 k allocations: 3.370 MiB)
- [constraint_minimum_operating_point]  0.005110 seconds (48.01 k allocations: 4.825 MiB)
- [constraint_nodal_balance]  0.010675 seconds (153.27 k allocations: 16.113 MiB)
- [constraint_node_injection]  0.106957 seconds (529.73 k allocations: 49.087 MiB, 56.59% gc time)
- [constraint_node_state_capacity]  0.014692 seconds (95.46 k allocations: 7.915 MiB)
- [constraint_node_voltage_angle]  0.000076 seconds (28 allocations: 2.250 KiB)
- [constraint_non_spinning_reserves_lower_bound]  0.000115 seconds (255 allocations: 23.812 KiB)
- [constraint_non_spinning_reserves_shut_down_upper_bound]  0.000097 seconds (264 allocations: 24.703 KiB)
- [constraint_non_spinning_reserves_start_up_upper_bound]  0.000087 seconds (264 allocations: 24.703 KiB)
- [constraint_operating_point_bounds]  0.157865 seconds (999.48 k allocations: 150.356 MiB, 41.13% gc time)
- [constraint_operating_point_rank]  0.003016 seconds (26.80 k allocations: 3.803 MiB)
- [constraint_ramp_down]  0.072492 seconds (121.97 k allocations: 12.318 MiB, 42.00% gc time, 42.49% compilation time)
- [constraint_ramp_up]  0.017197 seconds (118.32 k allocations: 12.062 MiB)
- [constraint_ratio_out_in_connection_intact_flow]  0.000112 seconds (38 allocations: 2.781 KiB)
- [constraint_storage_lifetime] 24.154409 seconds (18.90 M allocations: 3.515 GiB, 94.56% gc time, 0.03% compilation time)
- [constraint_storage_line_pack]  0.000100 seconds (39 allocations: 3.500 KiB)
- [constraint_storages_invested_available]  0.000374 seconds (354 allocations: 36.672 KiB)
- [constraint_storages_invested_transition]  0.000862 seconds (1.48 k allocations: 141.156 KiB)
- [constraint_unit_flow_capacity]  0.024437 seconds (268.97 k allocations: 22.972 MiB)
- [constraint_unit_flow_op_bounds]  0.050220 seconds (68.35 k allocations: 8.356 MiB, 62.10% gc time, 21.24% compilation time)
- [constraint_unit_flow_op_rank]  0.005981 seconds (61.21 k allocations: 7.770 MiB)
- [constraint_unit_flow_op_sum]  0.000962 seconds (8.35 k allocations: 946.461 KiB)
- [constraint_unit_lifetime] 97.815225 seconds (82.41 M allocations: 16.311 GiB, 94.08% gc time)
- [constraint_unit_state_transition]  0.003702 seconds (19.50 k allocations: 1.936 MiB)
- [constraint_units_available]  0.051166 seconds (363.47 k allocations: 28.007 MiB, 32.50% gc time)
- [constraint_units_invested_available]  0.000394 seconds (1.12 k allocations: 111.266 KiB)
- [constraint_units_invested_transition]  0.000903 seconds (8.01 k allocations: 633.859 KiB)
- [constraint_units_out_of_service_contiguity]  0.000046 seconds (29 allocations: 2.312 KiB)
- [constraint_units_out_of_service_transition]  0.000070 seconds (46 allocations: 3.312 KiB)
- [constraint_user_constraint]  0.085792 seconds (226.10 k allocations: 21.334 MiB, 68.08% compilation time)
3343.410471 seconds (208.66 M allocations: 43.939 GiB, 6.66% gc time, 0.00% compilation time)
Setting model objective...  0.079241 seconds (335.00 k allocations: 26.270 MiB, 58.28% compilation time)
Build complete. Started at 2026-01-13T15:34:31.055, ended at 2026-01-13T16:34:41.786, elapsed time: 1 hour, 10 seconds, 731 milliseconds
Solve started at 2026-01-13T16:34:41.786
model - window 1 of 1: 2019-01-01T00:00~(1 day, 23 hours)~>2019-01-02T23:00
Optimizing model...Running HiGHS 1.11.0 (git hash: 364c83a51e): Copyright (c) 2025 HiGHS under MIT licence terms
MIP  has 5410 rows; 240262 cols; 113106 nonzeros; 238 integer variables (0 binary)
Coefficient ranges:
  Matrix [6e-03, 1e+05]
  Cost   [1e-03, 2e+09]
  Bound  [1e+00, 1e+03]
  RHS    [1e+00, 1e+02]
Presolving model
2869 rows, 3213 cols, 9143 nonzeros  0s
2142 rows, 2498 cols, 7901 nonzeros  0s
1787 rows, 2261 cols, 6391 nonzeros  0s
Solving MIP model with:
   1787 rows
   2261 cols (43 binary, 0 integer, 0 implied int., 2218 continuous, 0 domain fixed)
   6391 nonzeros
Src: B => Branching; C => Central rounding; F => Feasibility pump; J => Feasibility jump;
     H => Heuristic; L => Sub-MIP; P => Empty MIP; R => Randomized rounding; Z => ZI Round;
     I => Shifting; S => Solve LP; T => Evaluate node; U => Unbounded; X => User solution;
     z => Trivial zero; l => Trivial lower; u => Trivial upper; p => Trivial point
        Nodes      |    B&B Tree     |            Objective Bounds              |  Dynamic Constraints |       Work
Src  Proc. InQueue |  Leaves   Expl. | BestBound       BestSol              Gap |   Cuts   InLp Confl. | LpIters     Time
         0       0         0   0.00%   -2211988.073646 inf                  inf        0      0      0         0     0.1s
         0       0         0   0.00%   2.15492664e+11  inf                  inf        0      0      0       996     0.1s
 R       0       0         0   0.00%   2.15492664e+11  2.15492664e+11     0.00%      415      5      0      1005     0.2s
         1       0         1 100.00%   2.15492664e+11  2.15492664e+11     0.00%      415      5      0      1005     0.2s
Solving report
  Status            Optimal
  Primal bound      215492664488
  Dual bound        215492664488
  Gap               0% (tolerance: 0%)
  P-D integral      0
  Solution status   feasible
                    215492664488 (objective)
                    0 (bound viol.)
                    0 (int. viol.)
                    0 (row viol.)
  Timing            0.16 (total)
                    0.00 (presolve)
                    0.00 (solve)
                    0.00 (postsolve)
  Max sub-MIP depth 0
  Nodes             1
  Repair LPs        0 (0 feasible; 0 iterations)
  LP iterations     1005 (total)
                    0 (strong br.)
                    9 (separation)
                    0 (heuristics)
  0.635236 seconds (502.22 k allocations: 93.293 MiB, 56.76% gc time)
Optimal solution found, objective function value: 2.1549266448772214e11
Saving model results...  4.835344 seconds (1.90 M allocations: 88.360 MiB, 96.55% gc time)
Postprocessing model results...  0.000049 seconds (51 allocations: 4.297 KiB)
Rolling complete
Saving model outputs...  4.862817 seconds (4.13 M allocations: 343.458 MiB, 93.25% gc time)
Rolling model temporal structure...  0.000063 seconds (46 allocations: 2.438 KiB)
Solve complete. Started at 2026-01-13T16:34:41.786, ended at 2026-01-13T16:34:52.129, elapsed time: 10 seconds, 343 milliseconds
Time summary:
Action                              │ min      │ max      │ avg
────────────────────────────────────┼──────────┼──────────┼─────────
Postprocessing model results...     │ 4.9e-5   │ 4.9e-5   │ 4.9e-5
Rolling model temporal structure... │ 6.3e-5   │ 6.3e-5   │ 6.3e-5
Saving model results...             │ 4.835344 │ 4.835344 │ 4.835344
Optimizing model...                 │ 0.635236 │ 0.635236 │ 0.635236
Saving model outputs...             │ 4.862817 │ 4.862817 │ 4.862817
Writing report to sqlite:///C:\Users\jfg.eco\Documents\Nord_H2ub\Spine_Projects\02_basic_energy_model\.spinetoolbox\items\outputtest\OutputTest.sqlite?spinedbfilter=cfg%3Aexecution%3A%7B%22execution_item%22%3A+%22Run+SpineOpt%22%2C+%22scenarios%22%3A+%5B%5D%2C+%22timestamp%22%3A+%222026-01-13T15%3A34%3A28%22%7D...  0.334413 seconds (81.59 k allocations: 6.916 MiB)
Execution complete. Started at 2026-01-13T15:34:30.513, ended at 2026-01-13T16:34:57.176, elapsed time: 1 hour, 26 seconds, 663 milliseconds
A JuMP Model
├ solver: HiGHS
├ objective_sense: MIN_SENSE
│ └ objective_function_type: JuMP.AffExpr
├ num_variables: 240262
├ num_constraints: 245235
│ ├ JuMP.AffExpr in MOI.EqualTo{Float64}: 1665
│ ├ JuMP.AffExpr in MOI.GreaterThan{Float64}: 1285
│ ├ JuMP.AffExpr in MOI.LessThan{Float64}: 2460
│ ├ JuMP.VariableRef in MOI.EqualTo{Float64}: 21
│ ├ JuMP.VariableRef in MOI.GreaterThan{Float64}: 239423
│ ├ JuMP.VariableRef in MOI.LessThan{Float64}: 143
│ └ JuMP.VariableRef in MOI.Integer: 238
└ Names registered in the model: none
