### Spine execution log file
### Item name: Run SpineOpt
### Filter id: 
### Part: 1

# Running julia run_spineopt.jl http://127.0.0.1:53997 http://127.0.0.1:54000
2-element Vector{String}:
 "http://127.0.0.1:53997"
 "http://127.0.0.1:54000"
Running SpineOpt...
[SpineOpt version 0.10.2 (git hash: N/A)]
[SpineInterface version 0.15.2 (git hash: N/A)]
Execution started at 2026-02-02T14:04:48.774
Reading input data from sqlite:///C:\Users\jfg.eco\Documents\Nord_H2ub\Spine_Projects\02_basic_energy_model\.spinetoolbox\items\input\Input.sqlite...
Initializing  data structure from db...  0.421966 seconds (383.66 k allocations: 54.170 MiB, 7.35% gc time)
Preprocessing  data structure...  0.059452 seconds (38.75 k allocations: 2.950 MiB, 53.30% compilation time)
Checking  data structure...  0.009712 seconds (6.15 k allocations: 521.531 KiB, 92.16% compilation time)
Build started at 2026-02-02T14:04:49.305
Creating model temporal structure...[ Info: the last time slice of temporal block Default_Investment_period has been cut to fit within the block
[ Info: the last time slice of temporal block daily has been cut to fit within the block
195.545264 seconds (433.57 M allocations: 20.769 GiB, 90.32% gc time, 0.00% compilation time)
Creating model stochastic structure... 11.371962 seconds (2.80 M allocations: 600.308 MiB, 97.45% gc time, 0.06% compilation time)
Adding model independent variables...
- [variable_binary_gas_connection_flow]  0.355555 seconds (2.33 M allocations: 35.611 MiB, 82.44% gc time)
- [variable_connection_flow]  3.547249 seconds (2.97 M allocations: 112.783 MiB, 95.04% gc time, 1.87% compilation time)
- [variable_connection_intact_flow]  0.138909 seconds (2.88 M allocations: 100.126 MiB, 31.10% gc time)
- [variable_connections_decommissioned]  0.073439 seconds (2.34 M allocations: 36.350 MiB, 14.66% gc time)
- [variable_connections_invested]  9.538500 seconds (20.61 M allocations: 1.676 GiB, 87.77% gc time)
- [variable_connections_invested_available] 12.763530 seconds (21.51 M allocations: 1.723 GiB, 91.35% gc time, 0.05% compilation time)
- [variable_min_capacity_margin_slack]  0.065652 seconds (2.33 M allocations: 35.578 MiB)
- [variable_node_injection]  0.103543 seconds (2.62 M allocations: 65.266 MiB, 21.58% gc time)
- [variable_node_pressure]  0.073687 seconds (2.33 M allocations: 35.581 MiB, 18.53% gc time)
- [variable_node_slack_neg]  0.085833 seconds (2.62 M allocations: 62.402 MiB, 9.06% gc time)
- [variable_node_slack_pos]  0.108616 seconds (2.62 M allocations: 62.404 MiB, 28.34% gc time)
- [variable_node_state]  0.090663 seconds (2.40 M allocations: 41.604 MiB, 18.12% gc time, 7.91% compilation time)
- [variable_node_voltage_angle]  0.061711 seconds (2.33 M allocations: 35.580 MiB)
- [variable_nonspin_units_shut_down]  0.078902 seconds (2.33 M allocations: 35.591 MiB, 19.58% gc time)
- [variable_nonspin_units_started_up]  0.071405 seconds (2.33 M allocations: 35.585 MiB, 10.92% gc time)
- [variable_storages_decommissioned]  0.069618 seconds (2.33 M allocations: 35.756 MiB, 11.36% gc time)
- [variable_storages_invested]  0.292242 seconds (4.37 M allocations: 254.479 MiB, 32.68% gc time, 2.83% compilation time)
- [variable_storages_invested_available]  0.520952 seconds (4.37 M allocations: 254.491 MiB, 63.75% gc time)
- [variable_unit_flow]  3.724051 seconds (3.17 M allocations: 176.793 MiB, 95.29% gc time, 1.10% compilation time)
- [variable_unit_flow_op]  0.087667 seconds (2.45 M allocations: 50.778 MiB, 20.80% gc time)
- [variable_unit_flow_op_active]  0.099647 seconds (2.47 M allocations: 53.231 MiB, 26.77% gc time)
- [variable_units_invested]  9.601134 seconds (21.85 M allocations: 1.731 GiB, 87.64% gc time)
- [variable_units_invested_available] 13.579647 seconds (22.79 M allocations: 1.782 GiB, 90.64% gc time, 0.05% compilation time)
- [variable_units_mothballed]  0.087856 seconds (2.34 M allocations: 36.705 MiB, 20.03% gc time)
- [variable_units_on]  0.109776 seconds (2.65 M allocations: 65.698 MiB, 13.26% gc time)
- [variable_units_out_of_service]  0.085435 seconds (2.33 M allocations: 35.580 MiB, 24.71% gc time)
- [variable_units_returned_to_service]  0.075016 seconds (2.33 M allocations: 35.577 MiB, 17.71% gc time)
- [variable_units_shut_down]  0.071499 seconds (2.36 M allocations: 38.094 MiB, 12.54% gc time)
- [variable_units_started_up]  0.078832 seconds (2.35 M allocations: 37.411 MiB, 18.62% gc time)
- [variable_units_taken_out_of_service]  0.078969 seconds (2.33 M allocations: 35.578 MiB, 17.62% gc time)
- [variable_user_constraint_slack_neg]  0.065891 seconds (2.33 M allocations: 35.569 MiB)
- [variable_user_constraint_slack_pos]  0.080023 seconds (2.33 M allocations: 35.569 MiB, 15.82% gc time)
 55.892891 seconds (159.69 M allocations: 8.743 GiB, 87.19% gc time, 0.24% compilation time)
Adding model dependent variables...
- [variable_connection_flow]  0.009265 seconds (96.75 k allocations: 8.552 MiB)
- [variable_unit_flow]  0.028039 seconds (160.63 k allocations: 14.250 MiB, 55.85% gc time)
  0.038482 seconds (257.67 k allocations: 22.822 MiB, 40.70% gc time)
Adding model expressions...
- [expression_capacity_margin]  0.000048 seconds (33 allocations: 2.797 KiB)
  0.000556 seconds (122 allocations: 7.953 KiB)
Adding model constraints...
- [constraint_candidate_connection_flow_lb]  0.000148 seconds (70 allocations: 4.203 KiB)
- [constraint_candidate_connection_flow_ub]  0.000053 seconds (71 allocations: 4.062 KiB)
- [constraint_compression_ratio]  0.000040 seconds (46 allocations: 4.203 KiB)
- [constraint_connection_flow_capacity]  0.059080 seconds (601.00 k allocations: 63.387 MiB, 30.03% gc time, 0.37% compilation time)
- [constraint_connection_flow_gas_capacity]  0.000082 seconds (49 allocations: 5.453 KiB)
- [constraint_connection_flow_intact_flow]  0.000071 seconds (38 allocations: 2.797 KiB)
- [constraint_connection_flow_lodf]  0.000110 seconds (58 allocations: 3.891 KiB)
- [constraint_connection_intact_flow_capacity]  0.000078 seconds (81 allocations: 5.250 KiB)
- [constraint_connection_intact_flow_ptdf]  0.000065 seconds (24 allocations: 1.953 KiB)
- [constraint_connection_lifetime]118.591650 seconds (134.51 M allocations: 30.561 GiB, 92.60% gc time, 0.01% compilation time)
- [constraint_connection_unitary_gas_flow]  0.000053 seconds (46 allocations: 4.203 KiB)
- [constraint_connections_invested_available]  0.000429 seconds (1.12 k allocations: 111.344 KiB)
- [constraint_connections_invested_transition]  0.001229 seconds (8.09 k allocations: 638.484 KiB)
- [constraint_cyclic_node_state]  0.006804 seconds (1.75 k allocations: 127.469 KiB, 97.26% compilation time)
- [constraint_fix_node_pressure_point]  0.000085 seconds (46 allocations: 4.203 KiB)
- [constraint_fix_ratio_in_in_unit_flow]  0.008106 seconds (55.05 k allocations: 6.186 MiB)
- [constraint_fix_ratio_in_out_unit_flow]  0.000441 seconds (3.03 k allocations: 274.969 KiB)
- [constraint_fix_ratio_out_in_connection_flow]  0.014105 seconds (47.42 k allocations: 4.200 MiB, 67.47% compilation time)
- [constraint_fix_ratio_out_in_unit_flow]  0.000110 seconds (100 allocations: 19.781 KiB)
- [constraint_fix_ratio_out_out_unit_flow]  0.000214 seconds (754 allocations: 76.422 KiB)
- [constraint_investment_group_equal_investments]  0.000086 seconds (99 allocations: 6.922 KiB)
- [constraint_investment_group_maximum_capacity_invested_available]  0.000043 seconds (22 allocations: 1.875 KiB)
- [constraint_investment_group_maximum_entities_invested_available]  0.000033 seconds (22 allocations: 1.875 KiB)
- [constraint_investment_group_minimum_capacity_invested_available]  0.000115 seconds (21 allocations: 1.828 KiB)
- [constraint_investment_group_minimum_entities_invested_available]  0.000028 seconds (21 allocations: 1.828 KiB)
- [constraint_max_node_pressure]  0.000070 seconds (90 allocations: 6.852 KiB)
- [constraint_max_node_voltage_angle]  0.000054 seconds (111 allocations: 8.133 KiB)
- [constraint_max_ratio_in_in_unit_flow]  0.000084 seconds (100 allocations: 19.781 KiB)
- [constraint_max_ratio_in_out_unit_flow]  0.000046 seconds (100 allocations: 19.781 KiB)
- [constraint_max_ratio_out_in_connection_flow]  0.000057 seconds (64 allocations: 5.234 KiB)
- [constraint_max_ratio_out_in_unit_flow]  0.000053 seconds (100 allocations: 19.781 KiB)
- [constraint_max_ratio_out_out_unit_flow]  0.000050 seconds (100 allocations: 19.781 KiB)
- [constraint_max_total_cumulated_unit_flow_from_node]  0.000090 seconds (52 allocations: 4.688 KiB)
- [constraint_max_total_cumulated_unit_flow_to_node]  0.000047 seconds (48 allocations: 4.312 KiB)
- [constraint_min_capacity_margin]  0.000047 seconds (40 allocations: 3.016 KiB)
- [constraint_min_down_time]  0.071313 seconds (349.19 k allocations: 33.019 MiB, 31.64% gc time, 26.05% compilation time)
- [constraint_min_node_pressure]  0.000076 seconds (93 allocations: 11.430 KiB)
- [constraint_min_node_voltage_angle]  0.000071 seconds (111 allocations: 8.133 KiB)
- [constraint_min_ratio_in_in_unit_flow]  0.000089 seconds (100 allocations: 19.781 KiB)
- [constraint_min_ratio_in_out_unit_flow]  0.000046 seconds (100 allocations: 19.781 KiB)
- [constraint_min_ratio_out_in_connection_flow]  0.000061 seconds (64 allocations: 5.234 KiB)
- [constraint_min_ratio_out_in_unit_flow]  0.000060 seconds (100 allocations: 19.781 KiB)
- [constraint_min_ratio_out_out_unit_flow]  0.000046 seconds (100 allocations: 19.781 KiB)
- [constraint_min_scheduled_outage_duration]  0.000032 seconds (33 allocations: 2.562 KiB)
- [constraint_min_total_cumulated_unit_flow_from_node]  0.000039 seconds (52 allocations: 4.688 KiB)
- [constraint_min_total_cumulated_unit_flow_to_node]  0.000033 seconds (48 allocations: 4.312 KiB)
- [constraint_min_up_time]  0.003290 seconds (46.39 k allocations: 3.636 MiB)
- [constraint_minimum_operating_point]  0.004060 seconds (48.65 k allocations: 4.885 MiB)
- [constraint_nodal_balance]  0.011911 seconds (193.91 k allocations: 19.441 MiB)
- [constraint_node_injection]  0.091611 seconds (641.84 k allocations: 58.822 MiB, 46.02% gc time)
- [constraint_node_state_capacity]  0.007043 seconds (97.44 k allocations: 8.030 MiB)
- [constraint_node_voltage_angle]  0.000077 seconds (30 allocations: 2.375 KiB)
- [constraint_non_spinning_reserves_lower_bound]  0.000095 seconds (291 allocations: 27.234 KiB)
- [constraint_non_spinning_reserves_shut_down_upper_bound]  0.000150 seconds (300 allocations: 28.125 KiB)
- [constraint_non_spinning_reserves_start_up_upper_bound]  0.000052 seconds (300 allocations: 28.125 KiB)
- [constraint_operating_point_bounds]  0.119623 seconds (1.01 M allocations: 151.111 MiB, 37.81% gc time)
- [constraint_operating_point_rank]  0.019627 seconds (26.82 k allocations: 3.805 MiB, 87.54% gc time)
- [constraint_ramp_down]  0.036734 seconds (125.25 k allocations: 12.735 MiB, 72.72% compilation time)
- [constraint_ramp_up]  0.010025 seconds (121.60 k allocations: 12.479 MiB)
- [constraint_ratio_out_in_connection_intact_flow]  0.000059 seconds (38 allocations: 2.797 KiB)
- [constraint_storage_lifetime] 18.065750 seconds (18.90 M allocations: 3.516 GiB, 93.87% gc time, 0.03% compilation time)
- [constraint_storage_line_pack]  0.000086 seconds (47 allocations: 4.250 KiB)
- [constraint_storages_invested_available]  0.000270 seconds (357 allocations: 36.875 KiB)
- [constraint_storages_invested_transition]  0.000471 seconds (1.52 k allocations: 143.516 KiB)
- [constraint_unit_flow_capacity]  0.034359 seconds (311.91 k allocations: 26.994 MiB, 28.58% gc time)
- [constraint_unit_flow_op_bounds]  0.013093 seconds (68.27 k allocations: 8.360 MiB, 59.27% compilation time)
- [constraint_unit_flow_op_rank]  0.004634 seconds (61.15 k allocations: 7.774 MiB)
- [constraint_unit_flow_op_sum]  0.000990 seconds (8.36 k allocations: 947.727 KiB)
- [constraint_unit_lifetime]110.368318 seconds (128.73 M allocations: 26.016 GiB, 93.11% gc time)
- [constraint_unit_state_transition]  0.002130 seconds (21.48 k allocations: 2.202 MiB)
- [constraint_units_available]  0.078756 seconds (670.40 k allocations: 51.429 MiB, 39.93% gc time)
- [constraint_units_invested_available]  0.000604 seconds (1.65 k allocations: 192.094 KiB)
- [constraint_units_invested_transition]  0.002100 seconds (15.41 k allocations: 1.155 MiB)
- [constraint_units_out_of_service_contiguity]  0.000061 seconds (33 allocations: 2.562 KiB)
- [constraint_units_out_of_service_transition]  0.000056 seconds (53 allocations: 4.289 KiB)
- [constraint_user_constraint]  0.061440 seconds (225.81 k allocations: 21.428 MiB, 67.31% compilation time)
247.800670 seconds (287.74 M allocations: 60.643 GiB, 92.71% gc time, 0.05% compilation time)
Setting model objective...  0.096602 seconds (413.01 k allocations: 32.197 MiB, 23.66% gc time, 39.85% compilation time)
Build complete. Started at 2026-02-02T14:04:49.305, ended at 2026-02-02T14:13:20.056, elapsed time: 8 minutes, 30 seconds, 751 milliseconds
Solve started at 2026-02-02T14:13:20.056
model - window 1 of 1: 2019-01-01T00:00~(1 day, 23 hours)~>2019-01-02T23:00
Optimizing model...Running HiGHS 1.11.0 (git hash: 364c83a51e): Copyright (c) 2025 HiGHS under MIT licence terms
MIP  has 6509 rows; 331146 cols; 153704 nonzeros; 238 integer variables (0 binary)
Coefficient ranges:
  Matrix [7e-04, 1e+05]
  Cost   [1e-03, 2e+09]
  Bound  [1e+00, 1e+03]
  RHS    [1e+00, 1e+02]
Presolving model
3158 rows, 3976 cols, 10288 nonzeros  0s
2229 rows, 3013 cols, 9116 nonzeros  0s
1929 rows, 2775 cols, 7447 nonzeros  0s
Solving MIP model with:
   1929 rows
   2775 cols (53 binary, 0 integer, 0 implied int., 2722 continuous, 0 domain fixed)
Optimal solution found, objective function value: 318661.6958870347
   7447 nonzeros
Src: B => Branching; C => Central rounding; F => Feasibility pump; J => Feasibility jump;
     H => Heuristic; L => Sub-MIP; P => Empty MIP; R => Randomized rounding; Z => ZI Round;
     I => Shifting; S => Solve LP; T => Evaluate node; U => Unbounded; X => User solution;
     z => Trivial zero; l => Trivial lower; u => Trivial upper; p => Trivial point
        Nodes      |    B&B Tree     |            Objective Bounds              |  Dynamic Constraints |       Work
Src  Proc. InQueue |  Leaves   Expl. | BestBound       BestSol              Gap |   Cuts   InLp Confl. | LpIters     Time
         0       0         0   0.00%   -3481502.643646 inf                  inf        0      0      0         0     0.1s
 R       0       0         0   0.00%   318251.57839    356046.50148      10.62%        0      0      0      1497     0.2s
 L       0       0         0   0.00%   318661.695887   318661.695887      0.00%     2060     16      0      1578     0.6s
         1       0         1 100.00%   318661.695887   318661.695887      0.00%     2060     16      0      1949     0.6s
Solving report
  Status            Optimal
  Primal bound      318661.695887
  Dual bound        318661.695887
  Gap               0% (tolerance: 0%)
  P-D integral      0.0351059251662
  Solution status   feasible
                    318661.695887 (objective)
                    0 (bound viol.)
                    0 (int. viol.)
                    0 (row viol.)
  Timing            0.56 (total)
                    0.00 (presolve)
                    0.00 (solve)
                    0.00 (postsolve)
  Max sub-MIP depth 1
  Nodes             1
  Repair LPs        0 (0 feasible; 0 iterations)
  LP iterations     1949 (total)
                    0 (strong br.)
                    81 (separation)
                    371 (heuristics)
  4.630129 seconds (688.36 k allocations: 122.795 MiB, 85.05% gc time)
Saving model results...  0.208940 seconds (2.60 M allocations: 106.670 MiB, 19.19% gc time)
Postprocessing model results...  0.000042 seconds (51 allocations: 4.297 KiB)
Saving model outputs...  7.958855 seconds (5.69 M allocations: 445.424 MiB, 95.19% gc time)
Rolling model temporal structure...  0.000073 seconds (46 allocations: 2.438 KiB)
Rolling complete
Solve complete. Started at 2026-02-02T14:13:20.056, ended at 2026-02-02T14:13:32.863, elapsed time: 12 seconds, 807 milliseconds
Time summary:
Action                              │ min      │ max      │ avg
────────────────────────────────────┼──────────┼──────────┼─────────
Postprocessing model results...     │ 4.2e-5   │ 4.2e-5   │ 4.2e-5
Rolling model temporal structure... │ 7.3e-5   │ 7.3e-5   │ 7.3e-5
Saving model results...             │ 0.20894  │ 0.20894  │ 0.20894
Optimizing model...                 │ 4.630129 │ 4.630129 │ 4.630129
Saving model outputs...             │ 7.958855 │ 7.958855 │ 7.958855
Writing report to sqlite:///C:\Users\jfg.eco\Documents\Nord_H2ub\Spine_Projects\02_basic_energy_model\.spinetoolbox\items\outputtest\OutputTest.sqlite?spinedbfilter=cfg%3Aexecution%3A%7B%22execution_item%22%3A+%22Run+SpineOpt%22%2C+%22scenarios%22%3A+%5B%5D%2C+%22timestamp%22%3A+%222026-02-02T14%3A04%3A46%22%7D...  0.560197 seconds (102.81 k allocations: 8.834 MiB)
Execution complete. Started at 2026-02-02T14:04:48.774, ended at 2026-02-02T14:13:33.772, elapsed time: 8 minutes, 44 seconds, 998 milliseconds
A JuMP Model
├ solver: HiGHS
├ objective_sense: MIN_SENSE
│ └ objective_function_type: JuMP.AffExpr
├ num_variables: 331146
├ num_constraints: 337121
│ ├ JuMP.AffExpr in MOI.EqualTo{Float64}: 1812
│ ├ JuMP.AffExpr in MOI.GreaterThan{Float64}: 1620
│ ├ JuMP.AffExpr in MOI.LessThan{Float64}: 3077
│ ├ JuMP.VariableRef in MOI.EqualTo{Float64}: 27
│ ├ JuMP.VariableRef in MOI.GreaterThan{Float64}: 330204
│ ├ JuMP.VariableRef in MOI.LessThan{Float64}: 143
│ └ JuMP.VariableRef in MOI.Integer: 238
└ Names registered in the model: none
