### Spine execution log file
### Item name: Run SpineOpt
### Filter id: 
### Part: 1

# Running julia run_spineopt.jl http://127.0.0.1:53071 http://127.0.0.1:53074
2-element Vector{String}:
 "http://127.0.0.1:53071"
 "http://127.0.0.1:53074"
Running SpineOpt...
[SpineOpt version 0.10.2 (git hash: N/A)]
[SpineInterface version 0.15.2 (git hash: N/A)]
Execution started at 2026-02-03T12:03:51.955
Reading input data from sqlite:///C:\Users\jfg.eco\Documents\Nord_H2ub\Spine_Projects\02_basic_energy_model\.spinetoolbox\items\input\Input.sqlite...
Initializing  data structure from db...  0.462686 seconds (401.53 k allocations: 57.244 MiB, 11.54% gc time)
Preprocessing  data structure...  0.071908 seconds (38.82 k allocations: 2.957 MiB, 50.88% compilation time)
Checking  data structure...  0.012629 seconds (6.17 k allocations: 523.781 KiB, 94.16% compilation time)
Build started at 2026-02-03T12:03:52.560
Creating model temporal structure...[ Info: the last time slice of temporal block Default_Investment_period has been cut to fit within the block
[ Info: the last time slice of temporal block daily has been cut to fit within the block
200.335625 seconds (433.57 M allocations: 20.769 GiB, 89.99% gc time, 0.00% compilation time)
Creating model stochastic structure... 11.169322 seconds (2.80 M allocations: 600.308 MiB, 97.42% gc time, 0.06% compilation time)
Adding model independent variables...
- [variable_binary_gas_connection_flow]  0.360724 seconds (2.33 M allocations: 35.611 MiB, 79.90% gc time)
- [variable_connection_flow]  3.561945 seconds (2.97 M allocations: 113.676 MiB, 95.13% gc time, 1.84% compilation time)
- [variable_connection_intact_flow]  0.136285 seconds (2.88 M allocations: 100.124 MiB, 31.73% gc time)
- [variable_connections_decommissioned]  0.073302 seconds (2.34 M allocations: 36.350 MiB, 14.64% gc time)
- [variable_connections_invested] 12.641106 seconds (20.61 M allocations: 1.676 GiB, 91.67% gc time)
- [variable_connections_invested_available]  9.284648 seconds (21.51 M allocations: 1.723 GiB, 87.91% gc time, 0.08% compilation time)
- [variable_min_capacity_margin_slack]  0.066955 seconds (2.33 M allocations: 35.578 MiB)
- [variable_node_injection]  0.102960 seconds (2.62 M allocations: 65.264 MiB, 22.10% gc time)
- [variable_node_pressure]  0.080119 seconds (2.33 M allocations: 35.581 MiB, 17.16% gc time)
- [variable_node_slack_neg]  0.087187 seconds (2.62 M allocations: 62.397 MiB, 10.50% gc time)
- [variable_node_slack_pos]  0.109265 seconds (2.62 M allocations: 62.399 MiB, 27.72% gc time)
- [variable_node_state]  0.093761 seconds (2.40 M allocations: 41.603 MiB, 19.88% gc time, 8.32% compilation time)
- [variable_node_voltage_angle]  0.062834 seconds (2.33 M allocations: 35.580 MiB)
- [variable_nonspin_units_shut_down]  0.077497 seconds (2.33 M allocations: 35.591 MiB, 20.59% gc time)
- [variable_nonspin_units_started_up]  0.073405 seconds (2.33 M allocations: 35.586 MiB, 12.29% gc time)
- [variable_storages_decommissioned]  0.071771 seconds (2.33 M allocations: 35.756 MiB, 13.20% gc time)
- [variable_storages_invested]  0.283444 seconds (4.37 M allocations: 254.482 MiB, 31.27% gc time, 2.48% compilation time)
- [variable_storages_invested_available]  0.522081 seconds (4.37 M allocations: 254.494 MiB, 63.76% gc time)
- [variable_unit_flow]  3.687448 seconds (3.19 M allocations: 218.080 MiB, 94.83% gc time, 1.24% compilation time)
- [variable_unit_flow_op]  0.088831 seconds (2.45 M allocations: 50.780 MiB, 12.68% gc time)
- [variable_unit_flow_op_active]  0.099992 seconds (2.47 M allocations: 53.234 MiB, 27.38% gc time)
- [variable_units_invested]  9.358710 seconds (21.85 M allocations: 1.731 GiB, 88.02% gc time)
- [variable_units_invested_available] 14.350565 seconds (22.79 M allocations: 1.782 GiB, 90.32% gc time, 0.11% compilation time)
- [variable_units_mothballed]  0.131329 seconds (2.34 M allocations: 36.705 MiB, 16.72% gc time)
- [variable_units_on]  0.186537 seconds (2.65 M allocations: 65.696 MiB, 13.14% gc time)
- [variable_units_out_of_service]  0.161339 seconds (2.33 M allocations: 35.579 MiB, 18.82% gc time)
- [variable_units_returned_to_service]  0.107666 seconds (2.33 M allocations: 35.577 MiB, 17.28% gc time)
- [variable_units_shut_down]  0.150529 seconds (2.36 M allocations: 38.094 MiB, 12.73% gc time)
- [variable_units_started_up]  0.189422 seconds (2.35 M allocations: 37.411 MiB, 18.07% gc time)
- [variable_units_taken_out_of_service]  0.153770 seconds (2.33 M allocations: 35.578 MiB, 16.29% gc time)
- [variable_user_constraint_slack_neg]  0.091321 seconds (2.33 M allocations: 35.569 MiB)
- [variable_user_constraint_slack_pos]  0.112779 seconds (2.33 M allocations: 35.569 MiB, 16.04% gc time)
 56.590590 seconds (159.72 M allocations: 8.785 GiB, 86.51% gc time, 0.26% compilation time)
Adding model dependent variables...
- [variable_connection_flow]  0.015355 seconds (97.86 k allocations: 7.767 MiB)
- [variable_unit_flow]  0.052404 seconds (161.42 k allocations: 14.307 MiB, 45.77% gc time)
  0.070148 seconds (259.56 k allocations: 22.094 MiB, 34.19% gc time)
Adding model expressions...
- [expression_capacity_margin]  0.000066 seconds (33 allocations: 2.797 KiB)
  0.001266 seconds (118 allocations: 7.859 KiB)
Adding model constraints...
- [constraint_candidate_connection_flow_lb]  0.000210 seconds (70 allocations: 4.203 KiB)
- [constraint_candidate_connection_flow_ub]  0.000084 seconds (71 allocations: 4.062 KiB)
- [constraint_compression_ratio]  0.000068 seconds (46 allocations: 4.203 KiB)
- [constraint_connection_flow_capacity]  0.121833 seconds (601.00 k allocations: 63.387 MiB, 27.89% gc time, 0.35% compilation time)
- [constraint_connection_flow_gas_capacity]  0.000141 seconds (49 allocations: 5.453 KiB)
- [constraint_connection_flow_intact_flow]  0.000169 seconds (38 allocations: 2.797 KiB)
- [constraint_connection_flow_lodf]  0.000085 seconds (58 allocations: 3.891 KiB)
- [constraint_connection_intact_flow_capacity]  0.000130 seconds (81 allocations: 5.250 KiB)
- [constraint_connection_intact_flow_ptdf]  0.000042 seconds (24 allocations: 1.953 KiB)
- [constraint_connection_lifetime]200.149370 seconds (134.52 M allocations: 30.561 GiB, 92.43% gc time, 0.00% compilation time)
- [constraint_connection_unitary_gas_flow]  0.000083 seconds (46 allocations: 4.203 KiB)
- [constraint_connections_invested_available]  0.000468 seconds (1.12 k allocations: 111.344 KiB)
- [constraint_connections_invested_transition]  0.001752 seconds (8.09 k allocations: 638.484 KiB)
- [constraint_cyclic_node_state]  0.008002 seconds (1.75 k allocations: 127.469 KiB, 96.85% compilation time)
- [constraint_fix_node_pressure_point]  0.000116 seconds (46 allocations: 4.203 KiB)
- [constraint_fix_ratio_in_in_unit_flow]  0.014573 seconds (55.05 k allocations: 6.186 MiB)
- [constraint_fix_ratio_in_out_unit_flow]  0.000815 seconds (3.04 k allocations: 275.234 KiB)
- [constraint_fix_ratio_out_in_connection_flow]  0.020364 seconds (47.43 k allocations: 4.201 MiB, 68.08% compilation time)
- [constraint_fix_ratio_out_in_unit_flow]  0.000144 seconds (100 allocations: 19.781 KiB)
- [constraint_fix_ratio_out_out_unit_flow]  0.000274 seconds (754 allocations: 76.422 KiB)
- [constraint_investment_group_equal_investments]  0.000136 seconds (99 allocations: 6.922 KiB)
- [constraint_investment_group_maximum_capacity_invested_available]  0.000050 seconds (22 allocations: 1.875 KiB)
- [constraint_investment_group_maximum_entities_invested_available]  0.000031 seconds (22 allocations: 1.875 KiB)
- [constraint_investment_group_minimum_capacity_invested_available]  0.000273 seconds (21 allocations: 1.828 KiB)
- [constraint_investment_group_minimum_entities_invested_available]  0.000059 seconds (21 allocations: 1.828 KiB)
- [constraint_max_node_pressure]  0.000089 seconds (90 allocations: 6.852 KiB)
- [constraint_max_node_voltage_angle]  0.000072 seconds (111 allocations: 8.133 KiB)
- [constraint_max_ratio_in_in_unit_flow]  0.000084 seconds (100 allocations: 19.781 KiB)
- [constraint_max_ratio_in_out_unit_flow]  0.000035 seconds (100 allocations: 19.781 KiB)
- [constraint_max_ratio_out_in_connection_flow]  0.000083 seconds (64 allocations: 5.234 KiB)
- [constraint_max_ratio_out_in_unit_flow]  0.000076 seconds (100 allocations: 19.781 KiB)
- [constraint_max_ratio_out_out_unit_flow]  0.000090 seconds (100 allocations: 19.781 KiB)
- [constraint_max_total_cumulated_unit_flow_from_node]  0.000055 seconds (52 allocations: 4.688 KiB)
- [constraint_max_total_cumulated_unit_flow_to_node]  0.000040 seconds (50 allocations: 4.500 KiB)
- [constraint_min_capacity_margin]  0.000051 seconds (40 allocations: 3.016 KiB)
- [constraint_min_down_time]  0.120730 seconds (349.32 k allocations: 33.024 MiB, 29.49% gc time, 26.17% compilation time)
- [constraint_min_node_pressure]  0.000170 seconds (93 allocations: 11.430 KiB)
- [constraint_min_node_voltage_angle]  0.000083 seconds (111 allocations: 8.133 KiB)
- [constraint_min_ratio_in_in_unit_flow]  0.000105 seconds (100 allocations: 19.781 KiB)
- [constraint_min_ratio_in_out_unit_flow]  0.000086 seconds (100 allocations: 19.781 KiB)
- [constraint_min_ratio_out_in_connection_flow]  0.000059 seconds (64 allocations: 5.234 KiB)
- [constraint_min_ratio_out_in_unit_flow]  0.000096 seconds (100 allocations: 19.781 KiB)
- [constraint_min_ratio_out_out_unit_flow]  0.000082 seconds (100 allocations: 19.781 KiB)
- [constraint_min_scheduled_outage_duration]  0.000055 seconds (33 allocations: 2.562 KiB)
- [constraint_min_total_cumulated_unit_flow_from_node]  0.000049 seconds (52 allocations: 4.688 KiB)
- [constraint_min_total_cumulated_unit_flow_to_node]  0.000063 seconds (50 allocations: 4.500 KiB)
- [constraint_min_up_time]  0.006144 seconds (46.39 k allocations: 3.636 MiB)
- [constraint_minimum_operating_point]  0.007513 seconds (48.65 k allocations: 4.885 MiB)
- [constraint_nodal_balance]  0.022186 seconds (193.91 k allocations: 19.441 MiB)
- [constraint_node_injection]  0.162491 seconds (645.55 k allocations: 59.192 MiB, 44.19% gc time)
- [constraint_node_state_capacity]  0.010589 seconds (97.44 k allocations: 8.030 MiB)
- [constraint_node_voltage_angle]  0.000061 seconds (30 allocations: 2.375 KiB)
- [constraint_non_spinning_reserves_lower_bound]  0.000105 seconds (317 allocations: 29.719 KiB)
- [constraint_non_spinning_reserves_shut_down_upper_bound]  0.000073 seconds (326 allocations: 30.609 KiB)
- [constraint_non_spinning_reserves_start_up_upper_bound]  0.000137 seconds (326 allocations: 30.609 KiB)
- [constraint_operating_point_bounds]  0.217679 seconds (1.01 M allocations: 151.111 MiB, 30.59% gc time)
- [constraint_operating_point_rank]  0.028677 seconds (26.83 k allocations: 3.805 MiB, 82.56% gc time)
- [constraint_ramp_down]  0.069173 seconds (125.25 k allocations: 12.735 MiB, 68.63% compilation time)
- [constraint_ramp_up]  0.013192 seconds (121.60 k allocations: 12.479 MiB)
- [constraint_ratio_out_in_connection_intact_flow]  0.000080 seconds (38 allocations: 2.797 KiB)
- [constraint_storage_lifetime] 25.428167 seconds (18.90 M allocations: 3.516 GiB, 94.04% gc time, 0.03% compilation time)
- [constraint_storage_line_pack]  0.000056 seconds (47 allocations: 4.250 KiB)
- [constraint_storages_invested_available]  0.000300 seconds (357 allocations: 36.875 KiB)
- [constraint_storages_invested_transition]  0.000561 seconds (1.52 k allocations: 143.516 KiB)
- [constraint_unit_flow_capacity]  0.036145 seconds (347.22 k allocations: 29.969 MiB, 24.45% gc time)
- [constraint_unit_flow_op_bounds]  0.014913 seconds (68.45 k allocations: 8.371 MiB, 54.19% compilation time)
- [constraint_unit_flow_op_rank]  0.003836 seconds (61.25 k allocations: 7.782 MiB)
- [constraint_unit_flow_op_sum]  0.000719 seconds (8.36 k allocations: 947.914 KiB)
- [constraint_unit_lifetime]121.609898 seconds (128.74 M allocations: 26.016 GiB, 93.35% gc time)
- [constraint_unit_state_transition]  0.002239 seconds (21.48 k allocations: 2.202 MiB)
- [constraint_units_available]  0.101992 seconds (670.40 k allocations: 51.429 MiB, 37.04% gc time)
- [constraint_units_invested_available]  0.000537 seconds (1.65 k allocations: 192.094 KiB)
- [constraint_units_invested_transition]  0.004546 seconds (15.41 k allocations: 1.155 MiB)
- [constraint_units_out_of_service_contiguity]  0.000036 seconds (33 allocations: 2.562 KiB)
- [constraint_units_out_of_service_transition]  0.000127 seconds (53 allocations: 4.289 KiB)
- [constraint_user_constraint]  0.098764 seconds (225.80 k allocations: 21.214 MiB, 65.19% compilation time)
348.446159 seconds (287.80 M allocations: 60.647 GiB, 92.63% gc time, 0.06% compilation time)
Setting model objective...  0.108854 seconds (428.35 k allocations: 33.364 MiB, 22.35% gc time, 42.10% compilation time)
Build complete. Started at 2026-02-03T12:03:52.560, ended at 2026-02-03T12:14:09.288, elapsed time: 10 minutes, 16 seconds, 728 milliseconds
Solve started at 2026-02-03T12:14:09.288
model - window 1 of 1: 2019-01-01T00:00~(1 day, 23 hours)~>2019-01-02T23:00
Optimizing model...Running HiGHS 1.11.0 (git hash: 364c83a51e): Copyright (c) 2025 HiGHS under MIT licence terms
MIP  has 6603 rows; 331147 cols; 153892 nonzeros; 238 integer variables (0 binary)
Coefficient ranges:
  Matrix [6e-03, 1e+05]
  Cost   [1e-03, 2e+09]
  Bound  [1e+00, 1e+03]
  RHS    [1e+00, 1e+02]
Presolving model
3252 rows, 4023 cols, 10523 nonzeros  0s
2292 rows, 3123 cols, 9135 nonzeros  0s
1989 rows, 2925 cols, 7494 nonzeros  0s
Solving MIP model with:
   1989 rows
   2925 cols (47 binary, 0 integer, 0 implied int., 2878 continuous, 0 domain fixed)
   7494 nonzeros
Src: B => Branching; C => Central rounding; F => Feasibility pump; J => Feasibility jump;
     H => Heuristic; L => Sub-MIP; P => Empty MIP; R => Randomized rounding; Z => ZI Round;
     I => Shifting; S => Solve LP; T => Evaluate node; U => Unbounded; X => User solution;
     z => Trivial zero; l => Trivial lower; u => Trivial upper; p => Trivial point
        Nodes      |    B&B Tree     |            Objective Bounds              |  Dynamic Constraints |       Work
Src  Proc. InQueue |  Leaves   Expl. | BestBound       BestSol              Gap |   Cuts   InLp Confl. | LpIters     Time
         0       0         0   0.00%   -3481465.013646 inf                  inf        0      0      0         0     0.2s
 R       0       0         0   0.00%   303457.566004   202707935.2254    99.85%        0      0      0      1596     0.2s
 S       0       0         0   0.00%   303817.268475   303867.683501      0.02%     2809     25      0      1704     0.6s
         1       0         1 100.00%   303867.683501   303867.683501      0.00%     2809     25      0      1706     0.6s
Solving report
  Status            Optimal
  Primal bound      303867.683501
  Dual bound        303867.683501
  Gap               0% (tolerance: 0%)
  P-D integral      0.387382294885
  Solution status   feasible
                    303867.683501 (objective)
                    0 (bound viol.)
                    0 (int. viol.)
                    0 (row viol.)
  Timing            0.63 (total)
                    0.00 (presolve)
                    0.00 (solve)
                    0.00 (postsolve)
  Max sub-MIP depth 0
  Nodes             1
  Repair LPs        0 (0 feasible; 0 iterations)
  LP iterations     1706 (total)
                    0 (strong br.)
                    109 (separation)
                    0 (heuristics)
  4.760392 seconds (688.75 k allocations: 122.832 MiB, 83.71% gc time)
Optimal solution found, objective function value: 303867.683500848
Saving model results...  0.221750 seconds (2.60 M allocations: 107.273 MiB, 19.64% gc time)
Postprocessing model results...  0.000056 seconds (51 allocations: 4.297 KiB)
Saving model outputs...  8.150759 seconds (5.69 M allocations: 445.428 MiB, 95.18% gc time)
Rolling model temporal structure...  0.000129 seconds (46 allocations: 2.438 KiB)
Rolling complete
Solve complete. Started at 2026-02-03T12:14:09.288, ended at 2026-02-03T12:14:22.423, elapsed time: 13 seconds, 135 milliseconds
Time summary:
Action                              │ min      │ max      │ avg
────────────────────────────────────┼──────────┼──────────┼─────────
Postprocessing model results...     │ 5.6e-5   │ 5.6e-5   │ 5.6e-5
Rolling model temporal structure... │ 0.000129 │ 0.000129 │ 0.000129
Saving model results...             │ 0.22175  │ 0.22175  │ 0.22175
Optimizing model...                 │ 4.760392 │ 4.760392 │ 4.760392
Saving model outputs...             │ 8.150759 │ 8.150759 │ 8.150759
Writing report to sqlite:///C:\Users\jfg.eco\Documents\Nord_H2ub\Spine_Projects\02_basic_energy_model\.spinetoolbox\items\outputtest\OutputTest.sqlite?spinedbfilter=cfg%3Aexecution%3A%7B%22execution_item%22%3A+%22Run+SpineOpt%22%2C+%22scenarios%22%3A+%5B%5D%2C+%22timestamp%22%3A+%222026-02-03T12%3A03%3A50%22%7D...  0.615400 seconds (102.81 k allocations: 8.688 MiB)
Execution complete. Started at 2026-02-03T12:03:51.955, ended at 2026-02-03T12:14:23.407, elapsed time: 10 minutes, 31 seconds, 452 milliseconds
A JuMP Model
├ solver: HiGHS
├ objective_sense: MIN_SENSE
│ └ objective_function_type: JuMP.AffExpr
├ num_variables: 331147
├ num_constraints: 337216
│ ├ JuMP.AffExpr in MOI.EqualTo{Float64}: 1812
│ ├ JuMP.AffExpr in MOI.GreaterThan{Float64}: 1667
│ ├ JuMP.AffExpr in MOI.LessThan{Float64}: 3124
│ ├ JuMP.VariableRef in MOI.EqualTo{Float64}: 27
│ ├ JuMP.VariableRef in MOI.GreaterThan{Float64}: 330205
│ ├ JuMP.VariableRef in MOI.LessThan{Float64}: 143
│ └ JuMP.VariableRef in MOI.Integer: 238
└ Names registered in the model: none
