### Spine execution log file
### Item name: Run SpineOpt
### Filter id: 
### Part: 1

# Running julia run_spineopt.jl http://127.0.0.1:62985 http://127.0.0.1:62987
2-element Vector{String}:
 "http://127.0.0.1:62985"
 "http://127.0.0.1:62987"
Running SpineOpt...
[SpineOpt version 0.10.2 (git hash: N/A)]
[SpineInterface version 0.15.2 (git hash: N/A)]
Execution started at 2026-08-01T10:50:26.336
Reading input data from sqlite:///C:\Users\jfg.eco\Documents\GitHub\Nord_H2ub\Spine_Projects\02_basic_energy_model\.spinetoolbox\items\input\Input.sqlite...
Initializing  data structure from db...  0.963152 seconds (1.93 M allocations: 130.040 MiB)
Preprocessing  data structure...  0.245692 seconds (48.48 k allocations: 2.446 MiB, 54.06% compilation time)
Checking  data structure...  0.040585 seconds (9.05 k allocations: 476.406 KiB, 78.90% compilation time)
Build started at 2026-08-01T10:50:27.697
Creating model temporal structure...[ Info: the last time slice of temporal block Default_Investment_period has been cut to fit within the block
[ Info: the last time slice of temporal block daily has been cut to fit within the block
 56.606241 seconds (431.06 M allocations: 22.181 GiB, 52.58% gc time, 0.06% compilation time)
Creating model stochastic structure...  1.124192 seconds (3.22 M allocations: 453.173 MiB, 71.71% gc time, 4.80% compilation time)
Adding model independent variables...
- [variable_binary_gas_connection_flow]  0.065571 seconds (2.29 M allocations: 34.946 MiB)
- [variable_connection_flow]  5.820097 seconds (13.97 M allocations: 1.457 GiB, 73.40% gc time, 3.45% compilation time)
- [variable_connection_intact_flow]  0.850874 seconds (11.02 M allocations: 725.256 MiB, 17.88% gc time)
- [variable_connections_decommissioned]  0.064380 seconds (2.30 M allocations: 35.579 MiB)
- [variable_connections_invested]  0.329406 seconds (2.54 M allocations: 151.794 MiB)
- [variable_connections_invested_available]  0.354408 seconds (2.63 M allocations: 151.410 MiB, 5.39% compilation time)
- [variable_min_capacity_margin_slack]  0.063518 seconds (2.29 M allocations: 34.901 MiB)
- [variable_node_injection]  0.498534 seconds (6.86 M allocations: 370.943 MiB, 29.01% gc time)
- [variable_node_pressure]  0.059100 seconds (2.29 M allocations: 34.920 MiB)
- [variable_node_slack_neg]  0.492410 seconds (6.73 M allocations: 321.241 MiB, 33.33% gc time)
- [variable_node_slack_pos]  0.323181 seconds (6.73 M allocations: 321.243 MiB)
- [variable_node_state]  0.190658 seconds (4.26 M allocations: 143.008 MiB, 7.70% compilation time)
- [variable_node_voltage_angle]  0.058471 seconds (2.29 M allocations: 34.920 MiB)
- [variable_nonspin_units_shut_down]  0.058575 seconds (2.29 M allocations: 34.936 MiB)
- [variable_nonspin_units_started_up]  0.061698 seconds (2.29 M allocations: 34.933 MiB)
- [variable_storages_decommissioned]  0.077166 seconds (2.29 M allocations: 35.092 MiB)
- [variable_storages_invested]  0.125083 seconds (1.99 M allocations: 64.951 MiB, 10.38% compilation time)
- [variable_storages_invested_available]  0.269247 seconds (1.99 M allocations: 64.863 MiB, 61.84% gc time)
- [variable_unit_flow]  2.347615 seconds (16.39 M allocations: 2.228 GiB, 28.77% gc time, 3.49% compilation time)
- [variable_unit_flow_op]  0.171632 seconds (3.78 M allocations: 156.507 MiB)
- [variable_unit_flow_op_active]  0.209086 seconds (4.25 M allocations: 184.327 MiB)
- [variable_units_invested]  0.278203 seconds (2.53 M allocations: 132.872 MiB)
- [variable_units_invested_available]  0.417202 seconds (2.60 M allocations: 135.806 MiB, 31.86% gc time, 3.62% compilation time)
- [variable_units_mothballed]  0.067419 seconds (2.30 M allocations: 35.614 MiB)
- [variable_units_on]  0.314530 seconds (5.73 M allocations: 259.008 MiB)
- [variable_units_out_of_service]  0.078798 seconds (2.29 M allocations: 34.912 MiB)
- [variable_units_returned_to_service]  0.070242 seconds (2.29 M allocations: 34.907 MiB)
- [variable_units_shut_down]  0.119135 seconds (2.57 M allocations: 53.711 MiB)
- [variable_units_started_up]  0.102184 seconds (2.56 M allocations: 53.020 MiB)
- [variable_units_taken_out_of_service]  0.083647 seconds (2.29 M allocations: 34.908 MiB)
- [variable_user_constraint_slack_neg]  0.094327 seconds (2.29 M allocations: 34.899 MiB)
- [variable_user_constraint_slack_pos]  0.069708 seconds (2.29 M allocations: 34.899 MiB)
 14.212327 seconds (131.17 M allocations: 7.377 GiB, 40.16% gc time, 2.43% compilation time)
Adding model dependent variables...
- [variable_connection_flow]  0.483332 seconds (4.67 M allocations: 202.796 MiB, 36.81% gc time)
- [variable_unit_flow]  0.408805 seconds (6.40 M allocations: 302.899 MiB)
  0.897840 seconds (11.07 M allocations: 505.708 MiB, 19.82% gc time)
Adding model expressions...
- [expression_capacity_margin]  0.000063 seconds (86 allocations: 3.875 KiB)
  0.000900 seconds (200 allocations: 9.664 KiB)
Adding model constraints...
- [constraint_candidate_connection_flow_lb]  0.000215 seconds (146 allocations: 6.461 KiB)
- [constraint_candidate_connection_flow_ub]  0.000104 seconds (144 allocations: 6.180 KiB)
- [constraint_compression_ratio]  0.000079 seconds (95 allocations: 6.211 KiB)
- [constraint_connection_flow_capacity]  2.295434 seconds (22.39 M allocations: 1.265 GiB, 25.16% gc time, 0.02% compilation time)
- [constraint_connection_flow_gas_capacity]  0.000100 seconds (97 allocations: 7.086 KiB)
- [constraint_connection_flow_intact_flow]  0.000181 seconds (88 allocations: 4.289 KiB)
- [constraint_connection_flow_lodf]  0.001912 seconds (66 allocations: 3.438 KiB)
- [constraint_connection_intact_flow_capacity]  0.000161 seconds (118 allocations: 5.648 KiB)
- [constraint_connection_intact_flow_ptdf]  0.000110 seconds (73 allocations: 3.883 KiB)
- [constraint_connection_lifetime] 30.566681 seconds (219.78 M allocations: 22.942 GiB, 52.68% gc time, 0.05% compilation time)
- [constraint_connection_unitary_gas_flow]  0.000313 seconds (94 allocations: 5.930 KiB)
- [constraint_connections_invested_available]  0.000915 seconds (2.82 k allocations: 164.138 KiB)
- [constraint_connections_invested_transition]  0.003833 seconds (16.29 k allocations: 859.566 KiB)
- [constraint_cyclic_node_state]  0.008436 seconds (2.56 k allocations: 123.836 KiB, 94.33% compilation time)
- [constraint_fix_node_pressure_point]  0.000060 seconds (94 allocations: 5.930 KiB)
- [constraint_fix_ratio_in_in_unit_flow]  0.109899 seconds (1.09 M allocations: 69.083 MiB)
- [constraint_fix_ratio_in_out_unit_flow]  0.000627 seconds (3.20 k allocations: 167.633 KiB)
- [constraint_fix_ratio_out_in_connection_flow]  0.097010 seconds (822.33 k allocations: 48.699 MiB, 12.90% compilation time)
- [constraint_fix_ratio_out_in_unit_flow]  0.000090 seconds (193 allocations: 12.008 KiB)
- [constraint_fix_ratio_out_out_unit_flow]  0.000274 seconds (1.10 k allocations: 58.758 KiB)
- [constraint_investment_group_equal_investments]  0.006899 seconds (37.15 k allocations: 8.371 MiB)
- [constraint_investment_group_maximum_capacity_invested_available]  0.000040 seconds (34 allocations: 1.992 KiB)
- [constraint_investment_group_maximum_entities_invested_available]  0.000040 seconds (32 allocations: 1.898 KiB)
- [constraint_investment_group_minimum_capacity_invested_available]  0.000068 seconds (32 allocations: 1.898 KiB)
- [constraint_investment_group_minimum_entities_invested_available]  0.000061 seconds (32 allocations: 1.898 KiB)
- [constraint_max_node_pressure]  0.000126 seconds (219 allocations: 10.758 KiB)
- [constraint_max_node_voltage_angle]  0.000076 seconds (293 allocations: 13.742 KiB)
- [constraint_max_ratio_in_in_unit_flow]  0.000113 seconds (193 allocations: 12.008 KiB)
- [constraint_max_ratio_in_out_unit_flow]  0.000073 seconds (193 allocations: 12.008 KiB)
- [constraint_max_ratio_out_in_connection_flow]  0.000076 seconds (114 allocations: 6.570 KiB)
- [constraint_max_ratio_out_in_unit_flow]  0.000065 seconds (193 allocations: 12.008 KiB)
- [constraint_max_ratio_out_out_unit_flow]  0.000052 seconds (193 allocations: 12.008 KiB)
- [constraint_max_total_cumulated_unit_flow_from_node]  0.000085 seconds (96 allocations: 6.039 KiB)
- [constraint_max_total_cumulated_unit_flow_to_node]  0.000066 seconds (92 allocations: 5.789 KiB)
- [constraint_min_capacity_margin]  0.000042 seconds (101 allocations: 4.773 KiB)
- [constraint_min_down_time]  0.920356 seconds (6.69 M allocations: 499.631 MiB, 29.90% gc time, 3.83% compilation time)
- [constraint_min_node_pressure]  0.000112 seconds (224 allocations: 15.146 KiB)
- [constraint_min_node_voltage_angle]  0.000103 seconds (293 allocations: 13.742 KiB)
- [constraint_min_ratio_in_in_unit_flow]  0.000134 seconds (193 allocations: 12.008 KiB)
- [constraint_min_ratio_in_out_unit_flow]  0.000115 seconds (193 allocations: 12.008 KiB)
- [constraint_min_ratio_out_in_connection_flow]  0.000122 seconds (114 allocations: 6.570 KiB)
- [constraint_min_ratio_out_in_unit_flow]  0.000060 seconds (193 allocations: 12.008 KiB)
- [constraint_min_ratio_out_out_unit_flow]  0.000069 seconds (193 allocations: 12.008 KiB)
- [constraint_min_scheduled_outage_duration]  0.000070 seconds (66 allocations: 3.320 KiB)
- [constraint_min_total_cumulated_unit_flow_from_node]  0.000087 seconds (96 allocations: 6.039 KiB)
- [constraint_min_total_cumulated_unit_flow_to_node]  0.000053 seconds (92 allocations: 5.789 KiB)
- [constraint_min_up_time]  0.055336 seconds (819.95 k allocations: 49.034 MiB)
- [constraint_minimum_operating_point]  0.077603 seconds (944.48 k allocations: 56.702 MiB)
- [constraint_nodal_balance]  0.307728 seconds (4.68 M allocations: 264.892 MiB)
- [constraint_node_injection]  2.147421 seconds (26.96 M allocations: 1.351 GiB, 12.00% gc time)
- [constraint_node_state_capacity]  0.503781 seconds (4.07 M allocations: 208.695 MiB, 41.09% gc time)
- [constraint_node_voltage_angle]  0.000100 seconds (69 allocations: 3.445 KiB)
- [constraint_non_spinning_reserves_lower_bound]  0.000097 seconds (471 allocations: 22.898 KiB)
- [constraint_non_spinning_reserves_shut_down_upper_bound]  0.000184 seconds (480 allocations: 23.695 KiB)
- [constraint_non_spinning_reserves_start_up_upper_bound]  0.000102 seconds (480 allocations: 23.695 KiB)
- [constraint_operating_point_bounds] 14.949840 seconds (163.32 M allocations: 18.732 GiB, 26.56% gc time)
- [constraint_operating_point_rank]  0.039267 seconds (334.78 k allocations: 29.587 MiB)
- [constraint_ramp_down]  0.241803 seconds (2.56 M allocations: 156.980 MiB, 16.70% compilation time)
- [constraint_ramp_up]  0.216730 seconds (2.57 M allocations: 157.848 MiB)
- [constraint_ratio_out_in_connection_intact_flow]  0.000127 seconds (87 allocations: 4.008 KiB)
- [constraint_storage_lifetime]  3.044643 seconds (31.00 M allocations: 3.319 GiB, 33.77% gc time, 0.37% compilation time)
- [constraint_storage_line_pack]  0.000068 seconds (96 allocations: 6.023 KiB)
- [constraint_storages_invested_available]  0.000837 seconds (904 allocations: 49.602 KiB)
- [constraint_storages_invested_transition]  0.000682 seconds (4.04 k allocations: 208.912 KiB)
- [constraint_unit_flow_capacity]  0.776539 seconds (8.50 M allocations: 470.410 MiB, 24.13% gc time)
- [constraint_unit_flow_op_bounds]  0.180451 seconds (2.47 M allocations: 134.016 MiB, 9.15% compilation time)
- [constraint_unit_flow_op_rank]  0.117660 seconds (1.93 M allocations: 109.220 MiB)
- [constraint_unit_flow_op_sum]  0.009921 seconds (88.62 k allocations: 7.014 MiB)
- [constraint_unit_lifetime] 14.895110 seconds (153.15 M allocations: 16.535 GiB, 34.00% gc time)
- [constraint_unit_state_transition]  0.018251 seconds (310.07 k allocations: 22.204 MiB)
- [constraint_units_available]  1.036408 seconds (15.33 M allocations: 778.448 MiB)
- [constraint_units_invested_available]  0.000684 seconds (3.03 k allocations: 175.622 KiB)
- [constraint_units_invested_transition]  0.010918 seconds (17.63 k allocations: 923.754 KiB)
- [constraint_units_out_of_service_contiguity]  0.000076 seconds (66 allocations: 3.320 KiB)
- [constraint_units_out_of_service_transition]  0.000120 seconds (95 allocations: 4.883 KiB)
- [constraint_user_constraint]  0.494167 seconds (4.30 M allocations: 255.665 MiB, 13.09% compilation time)
 74.339451 seconds (690.19 M allocations: 68.131 GiB, 37.69% gc time, 0.27% compilation time)
Setting model objective...  0.749026 seconds (11.78 M allocations: 624.836 MiB, 7.56% compilation time)
Build complete. Started at 2026-08-01T10:50:27.697, ended at 2026-08-01T10:52:55.881, elapsed time: 2 minutes, 28 seconds, 184 milliseconds
Solve started at 2026-08-01T10:52:55.897
Bringing model to the first window...  2.854052 seconds (36.56 M allocations: 1.795 GiB, 11.22% gc time)
model - window 1 of 12: 2019-01-01T00:00~(4 weeks, 2 days, 10 hours)~>2019-01-31T10:00
Optimizing model...Running HiGHS 1.14.0 (git hash: 7df0786de3): Copyright (c) 2026 under Apache 2.0 license terms
Using BLAS: blastrampoline-5
MIP has 119868 rows; 139893 cols; 308449 nonzeros; 2287 integer variables (0 binary)
Coefficient ranges:
  Matrix  [6e-03, 1e+05]
  Cost    [1e-03, 2e+09]
  Bound   [3e-01, 2e+04]
  RHS     [1e+00, 6e+02]
WARNING: Problem has some excessively large costs
WARNING:    Consider scaling the objective by 1e-4, or setting the user_objective_scale option to -12
Presolving model
57447 rows, 69188 cols, 199424 nonzeros 0s
38750 rows, 51964 cols, 187641 nonzeros 0s
36708 rows, 47125 cols, 178936 nonzeros 0s
Presolve reductions: rows 36708(-83160); columns 47125(-92768); nonzeros 178936(-129513)
Solving MIP model with:
   36708 rows
   47125 cols (1777 binary, 0 integer, 0 implied int., 45348 continuous, 0 domain fixed)
   178936 nonzeros
Src: B => Branching; C => Central rounding; F => Feasibility pump; H => Heuristic;
     I => Shifting; J => Feasibility jump; L => Sub-MIP; P => Empty MIP; R => Randomized rounding;
     S => Solve LP; T => Evaluate node; U => Unbounded; X => User solution; Y => HiGHS solution;
     Z => ZI Round; l => Trivial lower; p => Trivial point; u => Trivial upper; z => Trivial zero
        Nodes      |    B&B Tree     |            Objective Bounds              |  Dynamic Constraints |       Work
Src  Proc. InQueue |  Leaves   Expl. | BestBound       BestSol              Gap |   Cuts   InLp Confl. | LpIters     Time
         0       0         0   0.00%   -427997081.8136 inf                  inf        0      0      0         0     1.6s
 R       0       0         0   0.00%   -89991174.75967 4.542955e+11     100.02%        0      0      0     31113    14.7s
         0       0         0   0.00%   -89985767.21137 4.542955e+11     100.02%    11528    468      0     33243    21.1s
 C       0       0         0   0.00%   -89984360.80528 -89984360.80528    0.00%     4062    531      0     33457    24.0s
 T       0       0         0   0.00%   -89984360.80528 -89984360.80528    0.00%     4062    531      0     33457    24.0s
         1       0         1 100.00%   -89984360.80528 -89984360.80528    0.00%     4062    531      0     33457    24.0s
Solving report
  Status            Optimal
  Primal bound      -89984360.8053
  Dual bound        -89984360.8053
  Gap               0% (tolerance: 0%)
  P-D integral      9.28428581134
  Solution status   feasible
                    -89984360.8053 (objective)
                    0 (bound viol.)
                    2.00541916406e-10 (int. viol.)
                    0 (row viol.)
  Timing            23.98
  Max sub-MIP depth 0
  Nodes             1
  Repair LPs        0
  LP iterations     33457
                    0 (strong br.)
                    2344 (separation)
                    0 (heuristics)
 24.524152 seconds (868.28 k allocations: 121.340 MiB, 1.38% gc time)
Optimal solution found, objective function value: -8.998436080527967e7
Saving model results...  0.362001 seconds (4.27 M allocations: 149.144 MiB)
Postprocessing model results...  0.000055 seconds (48 allocations: 3.312 KiB)
Saving model outputs...  0.299555 seconds (2.76 M allocations: 170.359 MiB)
Rolling model temporal structure...  0.532901 seconds (4.74 M allocations: 102.054 MiB)
Fixing model history...  0.044715 seconds (418.32 k allocations: 20.434 MiB)
Applying model non-anticipativity constraints...  0.000159 seconds (603 allocations: 32.203 KiB)
model - window 2 of 12: 2019-01-31T10:00~(4 weeks, 2 days, 10 hours)~>2019-03-02T20:00
Optimizing model...MIP has 119868 rows; 139893 cols; 308506 nonzeros; 2287 integer variables (0 binary)
Coefficient ranges:
  Matrix  [6e-03, 1e+05]
  Cost    [1e-03, 2e+09]
  Bound   [1e-02, 2e+04]
  RHS     [1e+00, 6e+02]
WARNING: Problem has some excessively large costs
WARNING:    Consider scaling the objective by 1e-4, or setting the user_objective_scale option to -12
Presolving model
77290 rows, 69298 cols, 217667 nonzeros 0s
37623 rows, 51938 cols, 179644 nonzeros 0s
35999 rows, 46944 cols, 174448 nonzeros 0s
Presolve reductions: rows 35999(-83869); columns 46944(-92949); nonzeros 174448(-134058)
Solving MIP model with:
   35999 rows
   46944 cols (1668 binary, 0 integer, 0 implied int., 45276 continuous, 0 domain fixed)
   174448 nonzeros
Src: B => Branching; C => Central rounding; F => Feasibility pump; H => Heuristic;
     I => Shifting; J => Feasibility jump; L => Sub-MIP; P => Empty MIP; R => Randomized rounding;
     S => Solve LP; T => Evaluate node; U => Unbounded; X => User solution; Y => HiGHS solution;
     Z => ZI Round; l => Trivial lower; p => Trivial point; u => Trivial upper; z => Trivial zero
        Nodes      |    B&B Tree     |            Objective Bounds              |  Dynamic Constraints |       Work
Src  Proc. InQueue |  Leaves   Expl. | BestBound       BestSol              Gap |   Cuts   InLp Confl. | LpIters     Time
         0       0         0   0.00%   -419855172.2557 inf                  inf        0      0      0         0     1.4s
         0       0         0   0.00%   -77988783.35166 inf                  inf        0      0      3     29168     6.7s
 R       0       0         0   0.00%   -77987356.25193 -68085379.09648   14.54%     9307    166      3     29894    11.9s
         0       0         0   0.00%   -77984187.17347 -68085379.09648   14.54%     1414    345      3     30285    17.6s
 C       0       0         0   0.00%   -77984183.37268 -77964648.24911    0.03%     1415    346      3     30288    19.6s
 L       0       0         0   0.00%   -77984183.37003 -77984161.31378    0.00%     1415    347      3     30289    43.0s
         1       0         1 100.00%   -77984161.31378 -77984161.31378    0.00%     1415    347      4     35244    45.2s
Solving report
  Status            Optimal
  Primal bound      -77984161.3138
  Dual bound        -77984161.3138
  Gap               0% (tolerance: 0%)
  P-D integral      1.1245920306
  Solution status   feasible
                    -77984161.3138 (objective)
                    0 (bound viol.)
                    2.88657986403e-15 (int. viol.)
                    0 (row viol.)
  Timing            45.18
  Max sub-MIP depth 2
  Nodes             1
  Repair LPs        0
  LP iterations     35244
                    0 (strong br.)
                    1121 (separation)
                    4955 (heuristics)
 45.209440 seconds (114 allocations: 4.719 KiB)
Optimal solution found, objective function value: -7.798416131377786e7
Saving model results...  0.346909 seconds (4.27 M allocations: 149.138 MiB)
Postprocessing model results...  0.000058 seconds (48 allocations: 3.312 KiB)
Saving model outputs...  0.359195 seconds (2.76 M allocations: 170.350 MiB)
Rolling model temporal structure...  0.592908 seconds (4.74 M allocations: 102.043 MiB)
Fixing model history...  0.044000 seconds (413.88 k allocations: 20.191 MiB)
model - window 3 of 12: 2019-03-02T20:00~(4 weeks, 2 days, 10 hours)~>2019-04-02T06:00
Applying model non-anticipativity constraints...  0.000135 seconds (603 allocations: 32.203 KiB)
Optimizing model...MIP has 119868 rows; 139893 cols; 308569 nonzeros; 2287 integer variables (0 binary)
Coefficient ranges:
  Matrix  [6e-03, 1e+05]
  Cost    [1e-03, 2e+09]
  Bound   [3e-17, 2e+04]
  RHS     [1e+00, 6e+02]
WARNING: Problem has some excessively large costs
WARNING: Problem has some excessively small column bounds
WARNING:    Consider scaling the objective by 1e-4, or setting the user_objective_scale option to -12
Presolving model
77416 rows, 69426 cols, 217921 nonzeros 0s
37627 rows, 52005 cols, 179717 nonzeros 0s
36021 rows, 47137 cols, 174663 nonzeros 0s
Presolve reductions: rows 36021(-83847); columns 47137(-92756); nonzeros 174663(-133906)
Solving MIP model with:
   36021 rows
   47137 cols (1668 binary, 0 integer, 0 implied int., 45469 continuous, 0 domain fixed)
   174663 nonzeros
Src: B => Branching; C => Central rounding; F => Feasibility pump; H => Heuristic;
     I => Shifting; J => Feasibility jump; L => Sub-MIP; P => Empty MIP; R => Randomized rounding;
     S => Solve LP; T => Evaluate node; U => Unbounded; X => User solution; Y => HiGHS solution;
     Z => ZI Round; l => Trivial lower; p => Trivial point; u => Trivial upper; z => Trivial zero
        Nodes      |    B&B Tree     |            Objective Bounds              |  Dynamic Constraints |       Work
Src  Proc. InQueue |  Leaves   Expl. | BestBound       BestSol              Gap |   Cuts   InLp Confl. | LpIters     Time
         0       0         0   0.00%   -383169978.4075 inf                  inf        0      0      0         0     1.4s
         0       0         0   0.00%   -89217043.73306 inf                  inf        0      0      3     29836     7.8s
 R       0       0         0   0.00%   -89213017.65783 -89212632.46123    0.00%    14614    417      6     31393    11.7s
 L       0       0         0   0.00%   -89213017.65783 -89212632.46123    0.00%    14614    417      6     31393    66.7s
83.9% inactive integer columns, restarting
Model after restart has 32414 rows, 41580 cols (130 bin., 0 int., 0 impl., 41450 cont., 0 dom.fix.), and 129034 nonzeros
         0       0         0   0.00%   -89213017.65783 -89212632.46123    0.00%      122      0      0     56998    67.3s
         0       0         0   0.00%   -89213017.65783 -89212632.46123    0.00%      122    111      0     58231    68.2s
85.4% inactive integer columns, restarting
Model after restart has 32046 rows, 41454 cols (12 bin., 0 int., 0 impl., 41442 cont., 0 dom.fix.), and 126835 nonzeros
         0       0         0   0.00%   -89212696.3042  -89212632.46123    0.00%       48      0      0     58252    70.4s
         0       0         0   0.00%   -89212696.3042  -89212632.46123    0.00%       48     47      0     58337    70.9s
16.7% inactive integer columns, restarting
Model after restart has 32041 rows, 41452 cols (10 bin., 0 int., 0 impl., 41442 cont., 0 dom.fix.), and 126816 nonzeros
         0       0         0   0.00%   -89212685.57634 -89212632.46123    0.00%       47      0      0     58344    75.8s
         0       0         0   0.00%   -89212685.57634 -89212632.46123    0.00%       47     47      0     58395    76.2s
         0       0         0   0.00%   -89212678.40567 -89212632.46123    0.00%     4522     53      0     58400    81.7s
         1       0         1 100.00%   -89212632.46123 -89212632.46123    0.00%     5666     55      0     58401    83.5s
Solving report
  Status            Optimal
  Primal bound      -89212632.4612
  Dual bound        -89212632.4612
  Gap               0% (tolerance: 0%)
  P-D integral      0.000260372054044
  Solution status   feasible
                    -89212632.4612 (objective)
                    0 (bound viol.)
                    1.11022302463e-16 (int. viol.)
                    0 (row viol.)
  Timing            83.51
  Max sub-MIP depth 3
  Nodes             1
  Repair LPs        0
  LP iterations     58401
                    0 (strong br.)
                    1591 (separation)
                    25605 (heuristics)
 83.548176 seconds (177 allocations: 7.391 KiB)
Optimal solution found, objective function value: -8.921263246123002e7
Saving model results...  0.462065 seconds (4.27 M allocations: 149.138 MiB)
Postprocessing model results...  0.000058 seconds (48 allocations: 3.312 KiB)
Saving model outputs...  0.387002 seconds (2.76 M allocations: 170.351 MiB)
Rolling model temporal structure...  0.615275 seconds (4.74 M allocations: 102.043 MiB)
Fixing model history...  0.583223 seconds (413.88 k allocations: 20.191 MiB, 91.14% gc time)
Applying model non-anticipativity constraints...  0.000105 seconds (603 allocations: 32.203 KiB)
model - window 4 of 12: 2019-04-02T06:00~(4 weeks, 2 days, 10 hours)~>2019-05-02T16:00
Optimizing model...MIP has 119868 rows; 139893 cols; 308652 nonzeros; 2287 integer variables (0 binary)
Coefficient ranges:
  Matrix  [6e-03, 1e+05]
  Cost    [1e-03, 2e+09]
  Bound   [3e-03, 2e+04]
  RHS     [1e+00, 6e+02]
WARNING: Problem has some excessively large costs
WARNING:    Consider scaling the objective by 1e-4, or setting the user_objective_scale option to -12
Presolving model
77582 rows, 69592 cols, 218253 nonzeros 0s
37627 rows, 52088 cols, 179800 nonzeros 0s
36170 rows, 47707 cols, 175353 nonzeros 0s
Presolve reductions: rows 36170(-83698); columns 47707(-92186); nonzeros 175353(-133299)
Solving MIP model with:
   36170 rows
   47707 cols (1667 binary, 0 integer, 0 implied int., 46040 continuous, 0 domain fixed)
   175353 nonzeros
Src: B => Branching; C => Central rounding; F => Feasibility pump; H => Heuristic;
     I => Shifting; J => Feasibility jump; L => Sub-MIP; P => Empty MIP; R => Randomized rounding;
     S => Solve LP; T => Evaluate node; U => Unbounded; X => User solution; Y => HiGHS solution;
     Z => ZI Round; l => Trivial lower; p => Trivial point; u => Trivial upper; z => Trivial zero
        Nodes      |    B&B Tree     |            Objective Bounds              |  Dynamic Constraints |       Work
Src  Proc. InQueue |  Leaves   Expl. | BestBound       BestSol              Gap |   Cuts   InLp Confl. | LpIters     Time
         0       0         0   0.00%   -382599365.1952 inf                  inf        0      0      0         0     1.5s
         0       0         0   0.00%   -30038769.89622 inf                  inf        0      0      3     29980     6.9s
 R       0       0         0   0.00%   -30032906.59008 -30031956.75753    0.00%    14527    434      6     31977    11.6s
 L       0       0         0   0.00%   -30032906.59008 -30031956.75753    0.00%    14527    434      6     31977    39.1s
19.6% inactive integer columns, restarting
Model after restart has 34348 rows, 42522 cols (1290 bin., 0 int., 0 impl., 41232 cont., 0 dom.fix.), and 158356 nonzeros
         0       0         0   0.00%   -30032906.59008 -30031956.75753    0.00%      339      0      0     44815    40.3s
         0       0         0   0.00%   -30032906.59008 -30031956.75753    0.00%      339    242      2     47404    41.6s
96.7% inactive integer columns, restarting
Model after restart has 32007 rows, 41251 cols (20 bin., 0 int., 0 impl., 41231 cont., 0 dom.fix.), and 126175 nonzeros
         0       0         0   0.00%   -30032165.12164 -30031956.75753    0.00%       13      0      0     47593    45.4s
         0       0         0   0.00%   -30032165.12164 -30031956.75753    0.00%       13     11      0     47813    46.2s
15.0% inactive integer columns, restarting
Model after restart has 31998 rows, 41246 cols (17 bin., 0 int., 0 impl., 41229 cont., 0 dom.fix.), and 126101 nonzeros
         0       0         0   0.00%   -30032155.00213 -30031956.75753    0.00%       12      0      0     47819    51.3s
         0       0         0   0.00%   -30032155.00213 -30031956.75753    0.00%       12     12      0     47868    51.9s
11.8% inactive integer columns, restarting
Model after restart has 31992 rows, 41243 cols (14 bin., 0 int., 0 impl., 41229 cont., 0 dom.fix.), and 126088 nonzeros
         0       0         0   0.00%   -30032106.41711 -30031956.75753    0.00%       10      0      0     47873    54.8s
         0       0         0   0.00%   -30032106.41711 -30031956.75753    0.00%       10     10      0     47900    55.2s
57.1% inactive integer columns, restarting
Model after restart has 31979 rows, 41233 cols (4 bin., 0 int., 0 impl., 41229 cont., 0 dom.fix.), and 126015 nonzeros
         0       0         0   0.00%   -30031959.50168 -30031956.75753    0.00%        7      0      0     47906    58.1s
         0       0         0   0.00%   -30031959.50168 -30031956.75753    0.00%        7      7      0     47959    58.5s
         1       0         1 100.00%   -30031956.75753 -30031956.75753    0.00%        7      7      2     48149    60.8s
Solving report
  Status            Optimal
  Primal bound      -30031956.7575
  Dual bound        -30031956.7575
  Gap               0% (tolerance: 0%)
  P-D integral      0.00113487739204
  Solution status   feasible
                    -30031956.7575 (objective)
                    0 (bound viol.)
                    2.22044604925e-16 (int. viol.)
                    0 (row viol.)
  Timing            60.82
  Max sub-MIP depth 1
  Nodes             1
  Repair LPs        0
  LP iterations     48149
                    188 (strong br.)
                    2203 (separation)
                    12838 (heuristics)
 60.844443 seconds (247 allocations: 10.359 KiB)
Optimal solution found, objective function value: -3.003195675753046e7
Saving model results...  0.360944 seconds (4.27 M allocations: 149.138 MiB)
Postprocessing model results...  0.000037 seconds (48 allocations: 3.312 KiB)
Saving model outputs...  0.323237 seconds (2.76 M allocations: 170.350 MiB)
Rolling model temporal structure...  0.551958 seconds (4.74 M allocations: 102.043 MiB)
Fixing model history...  0.043235 seconds (413.88 k allocations: 20.191 MiB)
Applying model non-anticipativity constraints...  0.000102 seconds (603 allocations: 32.203 KiB)
model - window 5 of 12: 2019-05-02T16:00~(4 weeks, 2 days, 10 hours)~>2019-06-02T02:00
Optimizing model...MIP has 119868 rows; 139893 cols; 308704 nonzeros; 2287 integer variables (0 binary)
Coefficient ranges:
  Matrix  [6e-03, 1e+05]
  Cost    [1e-03, 2e+09]
  Bound   [7e-18, 2e+04]
  RHS     [1e+00, 6e+02]
WARNING: Problem has some excessively large costs
WARNING: Problem has some excessively small column bounds
WARNING:    Consider scaling the objective by 1e-4, or setting the user_objective_scale option to -12
Presolving model
77685 rows, 69696 cols, 218460 nonzeros 0s
38539 rows, 52229 cols, 187479 nonzeros 0s
36745 rows, 48226 cols, 179852 nonzeros 0s
Presolve reductions: rows 36745(-83123); columns 48226(-91667); nonzeros 179852(-128852)
Solving MIP model with:
   36745 rows
   48226 cols (1777 binary, 0 integer, 0 implied int., 46449 continuous, 0 domain fixed)
   179852 nonzeros
Src: B => Branching; C => Central rounding; F => Feasibility pump; H => Heuristic;
     I => Shifting; J => Feasibility jump; L => Sub-MIP; P => Empty MIP; R => Randomized rounding;
     S => Solve LP; T => Evaluate node; U => Unbounded; X => User solution; Y => HiGHS solution;
     Z => ZI Round; l => Trivial lower; p => Trivial point; u => Trivial upper; z => Trivial zero
        Nodes      |    B&B Tree     |            Objective Bounds              |  Dynamic Constraints |       Work
Src  Proc. InQueue |  Leaves   Expl. | BestBound       BestSol              Gap |   Cuts   InLp Confl. | LpIters     Time
         0       0         0   0.00%   -375277741.0114 inf                  inf        0      0      0         0     1.6s
         0       0         0   0.00%   -36392926.03639 inf                  inf        0      0      2     31506     8.8s
         0       0         0   0.00%   -36388178.33805 inf                  inf    14875    412      8     33469    14.2s
 R       0       0         0   0.00%   -36386872.52892 -36386833.37456    0.00%     6201    500      8     33799    16.8s
 L       0       0         0   0.00%   -36386872.52892 -36386833.37456    0.00%     6201    500      8     33799    27.1s
96.5% inactive integer columns, restarting
Model after restart has 32377 rows, 41656 cols (14 bin., 0 int., 0 impl., 41642 cont., 0 dom.fix.), and 127699 nonzeros
         0       0         0   0.00%   -36386872.52892 -36386833.37456    0.00%       56      0      0     34100    27.5s
         0       0         0   0.00%   -36386872.52892 -36386833.37456    0.00%       56     40      0     35073    29.0s
         0       0         0   0.00%   -36386866.7361  -36386833.37456    0.00%      378     43      0     35721    47.5s
14.3% inactive integer columns, restarting
Model after restart has 32368 rows, 41650 cols (11 bin., 0 int., 0 impl., 41639 cont., 0 dom.fix.), and 127655 nonzeros
         0       0         0   0.00%   -36386866.7361  -36386833.37456    0.00%       43      0      0     35721    47.7s
         0       0         0   0.00%   -36386866.7361  -36386833.37456    0.00%       43     43      0     35842    48.4s
         1       0         1 100.00%   -36386833.37456 -36386833.37456    0.00%      162     46      1     35903    51.0s
Solving report
  Status            Optimal
  Primal bound      -36386833.3746
  Dual bound        -36386833.3746
  Gap               0% (tolerance: 0%)
  P-D integral      3.33076154444e-05
  Solution status   feasible
                    -36386833.3746 (objective)
                    0 (bound viol.)
                    0 (int. viol.)
                    0 (row viol.)
  Timing            50.96
  Max sub-MIP depth 1
  Nodes             1
  Repair LPs        0
  LP iterations     35903
                    0 (strong br.)
                    2311 (separation)
                    992 (heuristics)
 50.989197 seconds (191 allocations: 7.984 KiB)
Optimal solution found, objective function value: -3.638683337456385e7
Saving model results...  0.417370 seconds (4.27 M allocations: 149.138 MiB)
Postprocessing model results...  0.000035 seconds (48 allocations: 3.312 KiB)
Saving model outputs...  0.378298 seconds (2.76 M allocations: 170.350 MiB)
Rolling model temporal structure...  0.617362 seconds (4.74 M allocations: 102.043 MiB)
Fixing model history...  0.049389 seconds (413.88 k allocations: 20.191 MiB)
Applying model non-anticipativity constraints...  0.000159 seconds (603 allocations: 32.203 KiB)
model - window 6 of 12: 2019-06-02T02:00~(4 weeks, 2 days, 10 hours)~>2019-07-02T12:00
Optimizing model...MIP has 119868 rows; 139893 cols; 308716 nonzeros; 2287 integer variables (0 binary)
Coefficient ranges:
  Matrix  [6e-03, 1e+05]
  Cost    [1e-03, 2e+09]
  Bound   [8e-03, 2e+04]
  RHS     [1e+00, 6e+02]
WARNING: Problem has some excessively large costs
WARNING:    Consider scaling the objective by 1e-4, or setting the user_objective_scale option to -12
Presolving model
77710 rows, 69720 cols, 218509 nonzeros 0s
37627 rows, 52152 cols, 179864 nonzeros 0s
36222 rows, 47962 cols, 175643 nonzeros 0s
Presolve reductions: rows 36222(-83646); columns 47962(-91931); nonzeros 175643(-133073)
Solving MIP model with:
   36222 rows
   47962 cols (1667 binary, 0 integer, 0 implied int., 46295 continuous, 0 domain fixed)
   175643 nonzeros
Src: B => Branching; C => Central rounding; F => Feasibility pump; H => Heuristic;
     I => Shifting; J => Feasibility jump; L => Sub-MIP; P => Empty MIP; R => Randomized rounding;
     S => Solve LP; T => Evaluate node; U => Unbounded; X => User solution; Y => HiGHS solution;
     Z => ZI Round; l => Trivial lower; p => Trivial point; u => Trivial upper; z => Trivial zero
        Nodes      |    B&B Tree     |            Objective Bounds              |  Dynamic Constraints |       Work
Src  Proc. InQueue |  Leaves   Expl. | BestBound       BestSol              Gap |   Cuts   InLp Confl. | LpIters     Time
         0       0         0   0.00%   -391759410.6671 inf                  inf        0      0      0         0     1.6s
         0       0         0   0.00%   -30350393.88978 inf                  inf        0      0      3     29661     7.2s
 R       0       0         0   0.00%   -30345596.43273 -30345586.40959    0.00%     2651    493      9     31589    12.9s
         1       0         1 100.00%   -30345586.40959 -30345586.40959    0.00%     2651    493     10     32188    13.9s
Solving report
  Status            Optimal
  Primal bound      -30345586.4096
  Dual bound        -30345586.4096
  Gap               0% (tolerance: 0%)
  P-D integral      3.21865945753e-07
  Solution status   feasible
                    -30345586.4096 (objective)
                    0 (bound viol.)
                    1.2490009027e-15 (int. viol.)
                    0 (row viol.)
  Timing            13.91
  Max sub-MIP depth 0
  Nodes             1
  Repair LPs        0
  LP iterations     32188
                    0 (strong br.)
                    1928 (separation)
                    599 (heuristics)
 13.932824 seconds (93 allocations: 3.828 KiB)
Optimal solution found, objective function value: -3.0345586409586184e7
Saving model results...  0.349260 seconds (4.27 M allocations: 149.139 MiB)
Postprocessing model results...  0.000030 seconds (48 allocations: 3.312 KiB)
Saving model outputs...  3.222235 seconds (2.76 M allocations: 170.350 MiB, 91.27% gc time)
Rolling model temporal structure...  0.534201 seconds (4.74 M allocations: 102.043 MiB)
Fixing model history...  0.042065 seconds (413.88 k allocations: 20.191 MiB)
Applying model non-anticipativity constraints...  0.000100 seconds (603 allocations: 32.203 KiB)
model - window 7 of 12: 2019-07-02T12:00~(4 weeks, 2 days, 10 hours)~>2019-08-01T22:00
Optimizing model...MIP has 119868 rows; 139893 cols; 308713 nonzeros; 2287 integer variables (0 binary)
Coefficient ranges:
  Matrix  [6e-03, 1e+05]
  Cost    [1e-03, 2e+09]
  Bound   [1e-16, 2e+04]
  RHS     [1e+00, 6e+02]
WARNING: Problem has some excessively large costs
WARNING: Problem has some excessively small column bounds
WARNING:    Consider scaling the objective by 1e-4, or setting the user_objective_scale option to -12
Presolving model
77703 rows, 69714 cols, 218496 nonzeros 0s
38539 rows, 52238 cols, 187488 nonzeros 0s
36767 rows, 48324 cols, 179972 nonzeros 0s
Presolve reductions: rows 36767(-83101); columns 48324(-91569); nonzeros 179972(-128741)
Solving MIP model with:
   36767 rows
   48324 cols (1777 binary, 0 integer, 0 implied int., 46547 continuous, 0 domain fixed)
   179972 nonzeros
Src: B => Branching; C => Central rounding; F => Feasibility pump; H => Heuristic;
     I => Shifting; J => Feasibility jump; L => Sub-MIP; P => Empty MIP; R => Randomized rounding;
     S => Solve LP; T => Evaluate node; U => Unbounded; X => User solution; Y => HiGHS solution;
     Z => ZI Round; l => Trivial lower; p => Trivial point; u => Trivial upper; z => Trivial zero
        Nodes      |    B&B Tree     |            Objective Bounds              |  Dynamic Constraints |       Work
Src  Proc. InQueue |  Leaves   Expl. | BestBound       BestSol              Gap |   Cuts   InLp Confl. | LpIters     Time
         0       0         0   0.00%   -411090612.8769 inf                  inf        0      0      0         0     1.5s
         0       0         0   0.00%   -25094335.08908 inf                  inf        0      0      3     29028     9.8s
         0       0         0   0.00%   -25090569.06021 inf                  inf    10144    248      5     29534    14.9s
 R       0       0         0   0.00%   -25085796.76988 -24949679.49008    0.55%     6253    485      8     30276    27.3s
         0       0         0   0.00%   -25085653.91205 -24949679.49008    0.54%     6275    559      8     30350    46.3s
         0       0         0   0.00%   -25085653.1933  -24949679.49008    0.54%     6277    563      8     30354    52.3s
 L       0       0         0   0.00%   -25085653.1933  -25085652.99812    0.00%     6277    563      8     30354   397.6s
99.7% inactive integer columns, restarting
Model after restart has 32231 rows, 41674 cols (2 bin., 0 int., 0 impl., 41672 cont., 0 dom.fix.), and 126673 nonzeros
         0       0         0   0.00%   -25085653.1933  -25085652.99812    0.00%       26      0      0     69994   399.8s
         0       0         0   0.00%   -25085653.1933  -25085652.99812    0.00%       26      3      0     74317   406.9s
         1       0         1 100.00%   -25085652.99812 -25085652.99812    0.00%       26      3      1     74329   412.2s
         1       0         1 100.00%   -25085652.99812 -25085652.99812    0.00%       26      3      1     74329   412.2s
Solving report
  Status            Optimal
  Primal bound      -25085652.9981
  Dual bound        -25085652.9981
  Gap               0% (tolerance: 0%)
  P-D integral      2.0185228959
  Solution status   feasible
                    -25085652.9981 (objective)
                    0 (bound viol.)
                    1.11022302463e-16 (int. viol.)
                    0 (row viol.)
  Timing            412.17
  Max sub-MIP depth 5
  Nodes             1
  Repair LPs        0
  LP iterations     74329
                    11 (strong br.)
                    1326 (separation)
                    39640 (heuristics)
412.199414 seconds (149 allocations: 6.203 KiB)
Optimal solution found, objective function value: -2.5085652998116966e7
Saving model results...  0.371401 seconds (4.27 M allocations: 149.139 MiB)
Postprocessing model results...  0.000071 seconds (48 allocations: 3.312 KiB)
Saving model outputs...  0.287059 seconds (2.76 M allocations: 170.351 MiB)
Rolling model temporal structure...  0.539270 seconds (4.74 M allocations: 102.043 MiB)
Fixing model history...  0.047619 seconds (413.88 k allocations: 20.191 MiB)
Applying model non-anticipativity constraints...  0.000132 seconds (603 allocations: 32.203 KiB)
model - window 8 of 12: 2019-08-01T22:00~(4 weeks, 2 days, 10 hours)~>2019-09-01T08:00
Optimizing model...MIP has 119868 rows; 139893 cols; 308666 nonzeros; 2287 integer variables (0 binary)
Coefficient ranges:
  Matrix  [6e-03, 1e+05]
  Cost    [1e-03, 2e+09]
  Bound   [3e-04, 2e+04]
  RHS     [1e+00, 6e+02]
WARNING: Problem has some excessively large costs
WARNING:    Consider scaling the objective by 1e-4, or setting the user_objective_scale option to -12
Presolving model
77609 rows, 69613 cols, 213915 nonzeros 0s
33243 rows, 52096 cols, 171044 nonzeros 0s
31811 rows, 47779 cols, 166717 nonzeros 0s
Presolve reductions: rows 31811(-88057); columns 47779(-92114); nonzeros 166717(-141949)
Solving MIP model with:
   31811 rows
   47779 cols (1668 binary, 0 integer, 0 implied int., 46111 continuous, 0 domain fixed)
   166717 nonzeros
Src: B => Branching; C => Central rounding; F => Feasibility pump; H => Heuristic;
     I => Shifting; J => Feasibility jump; L => Sub-MIP; P => Empty MIP; R => Randomized rounding;
     S => Solve LP; T => Evaluate node; U => Unbounded; X => User solution; Y => HiGHS solution;
     Z => ZI Round; l => Trivial lower; p => Trivial point; u => Trivial upper; z => Trivial zero
        Nodes      |    B&B Tree     |            Objective Bounds              |  Dynamic Constraints |       Work
Src  Proc. InQueue |  Leaves   Expl. | BestBound       BestSol              Gap |   Cuts   InLp Confl. | LpIters     Time
         0       0         0   0.00%   -399207425.3744 inf                  inf        0      0      0         0     1.3s
         0       0         0   0.00%   -20741952.33863 inf                  inf        0      0      3     33847     9.1s
         0       0         0   0.00%   -20740964.66309 inf                  inf     6562    237      6     37848    15.9s
 R       0       0         0   0.00%   -20736670.54075 4.98830143e+11   100.00%    11080    460      6     40355    26.1s
         0       0         0   0.00%   -20736387.43185 4.98830143e+11   100.00%     1120    481      6     40715    34.4s
 C       0       0         0   0.00%   -20736386.64646 -20736328.58468    0.00%     1124    482      6     40750    41.6s
 H       0       0         0   0.00%   -20736386.64646 -20736356.95468    0.00%     1124    482      6     40750    44.2s
         1       0         1 100.00%   -20736356.95468 -20736356.95468    0.00%     1126    482     11     57047    61.4s
Solving report
  Status            Optimal
  Primal bound      -20736356.9547
  Dual bound        -20736356.9547
  Gap               0% (tolerance: 0%)
  P-D integral      15.4577545576
  Solution status   feasible
                    -20736356.9547 (objective)
                    0 (bound viol.)
                    1.7763568394e-15 (int. viol.)
                    0 (row viol.)
  Timing            61.36
  Max sub-MIP depth 0
  Nodes             1
  Repair LPs        0
  LP iterations     57047
                    0 (strong br.)
                    6903 (separation)
                    16206 (heuristics)
 61.387348 seconds (107 allocations: 4.422 KiB)
Optimal solution found, objective function value: -2.0736356954678595e7
Saving model results...  0.378346 seconds (4.27 M allocations: 149.138 MiB)
Postprocessing model results...  0.000033 seconds (48 allocations: 3.312 KiB)
Saving model outputs...  0.309301 seconds (2.76 M allocations: 170.350 MiB)
Rolling model temporal structure...  0.581038 seconds (4.74 M allocations: 102.043 MiB)
Fixing model history...  0.045151 seconds (413.88 k allocations: 20.191 MiB)
Applying model non-anticipativity constraints...  0.000168 seconds (603 allocations: 32.203 KiB)
model - window 9 of 12: 2019-09-01T08:00~(4 weeks, 2 days, 10 hours)~>2019-10-01T18:00
Optimal solution found, objective function value: -5.985714474539042e7
Optimizing model...MIP has 119868 rows; 139893 cols; 308608 nonzeros; 2287 integer variables (0 binary)
Coefficient ranges:
  Matrix  [6e-03, 1e+05]
  Cost    [1e-03, 2e+09]
  Bound   [6e-05, 2e+04]
  RHS     [1e+00, 6e+02]
WARNING: Problem has some excessively large costs
WARNING: Problem has some excessively small column bounds
WARNING:    Consider scaling the objective by 1e-4, or setting the user_objective_scale option to -12
Presolving model
77493 rows, 69497 cols, 213683 nonzeros 0s
33243 rows, 52038 cols, 170986 nonzeros 0s
31717 rows, 47370 cols, 166214 nonzeros 0s
Presolve reductions: rows 31717(-88151); columns 47370(-92523); nonzeros 166214(-142394)
Solving MIP model with:
   31717 rows
   47370 cols (1668 binary, 0 integer, 0 implied int., 45702 continuous, 0 domain fixed)
   166214 nonzeros
Src: B => Branching; C => Central rounding; F => Feasibility pump; H => Heuristic;
     I => Shifting; J => Feasibility jump; L => Sub-MIP; P => Empty MIP; R => Randomized rounding;
     S => Solve LP; T => Evaluate node; U => Unbounded; X => User solution; Y => HiGHS solution;
     Z => ZI Round; l => Trivial lower; p => Trivial point; u => Trivial upper; z => Trivial zero
        Nodes      |    B&B Tree     |            Objective Bounds              |  Dynamic Constraints |       Work
Src  Proc. InQueue |  Leaves   Expl. | BestBound       BestSol              Gap |   Cuts   InLp Confl. | LpIters     Time
         0       0         0   0.00%   -371351514.597  inf                  inf        0      0      0         0     1.4s
         0       0         0   0.00%   -59863106.58313 inf                  inf        0      0      3     34931     9.6s
 R       0       0         0   0.00%   -59857800.84605 -59857144.74539    0.00%    13470    388      6     38933    15.3s
 L       0       0         0   0.00%   -59857800.84605 -59857144.74539    0.00%    13470    388      6     38933    86.3s
         0       0         0   0.00%   -59857800.84605 -59857144.74539    0.00%    13470    314      6     77244   146.3s
36.8% inactive integer columns, restarting
Model after restart has 29508 rows, 42341 cols (898 bin., 0 int., 0 impl., 41443 cont., 0 dom.fix.), and 138392 nonzeros
         0       0         0   0.00%   -59857800.84605 -59857144.74539    0.00%      293      0      0     77244   147.6s
         0       0         0   0.00%   -59857800.84605 -59857144.74539    0.00%      293    240      0    105735   170.4s
89.3% inactive integer columns, restarting
Model after restart has 27972 rows, 41456 cols (20 bin., 0 int., 0 impl., 41436 cont., 0 dom.fix.), and 118517 nonzeros
         0       0         0   0.00%   -59857234.64019 -59857144.74539    0.00%       83      0      0    107009   173.0s
         0       0         0   0.00%   -59857234.64019 -59857144.74539    0.00%       83     68      0    107760   173.6s
5.0% inactive integer columns, restarting
Model after restart has 27969 rows, 41452 cols (19 bin., 0 int., 0 impl., 41433 cont., 0 dom.fix.), and 118502 nonzeros
         0       0         0   0.00%   -59857233.86818 -59857144.74539    0.00%       68      0      0    107763   177.2s
         0       0         0   0.00%   -59857233.86818 -59857144.74539    0.00%       68     68      0    107841   177.7s
         1       0         1 100.00%   -59857144.74539 -59857144.74539    0.00%       69     68      5    108166   179.0s
Solving report
  Status            Optimal
  Primal bound      -59857144.7454
  Dual bound        -59857144.7454
  Gap               0% (tolerance: 0%)
  P-D integral      0.00173529441583
  Solution status   feasible
                    -59857144.7454 (objective)
                    0 (bound viol.)
                    0 (int. viol.)
                    0 (row viol.)
  Timing            179.04
  Max sub-MIP depth 5
  Nodes             1
  Repair LPs        0
  LP iterations     108166
                    316 (strong br.)
                    5279 (separation)
                    38311 (heuristics)
179.068300 seconds (219 allocations: 9.172 KiB)
Saving model results...  0.924749 seconds (4.27 M allocations: 149.138 MiB, 47.28% gc time)
Postprocessing model results...  0.000069 seconds (48 allocations: 3.312 KiB)
Saving model outputs...  0.358770 seconds (2.76 M allocations: 170.350 MiB)
Rolling model temporal structure...  0.630343 seconds (4.74 M allocations: 102.043 MiB)
Fixing model history...  0.065195 seconds (413.88 k allocations: 20.191 MiB)
Applying model non-anticipativity constraints...  0.000184 seconds (603 allocations: 32.203 KiB)
model - window 10 of 12: 2019-10-01T18:00~(4 weeks, 2 days, 10 hours)~>2019-11-01T04:00
Optimizing model...MIP has 119868 rows; 139893 cols; 308540 nonzeros; 2287 integer variables (0 binary)
Coefficient ranges:
  Matrix  [6e-03, 1e+05]
  Cost    [1e-03, 2e+09]
  Bound   [4e-15, 2e+04]
  RHS     [1e+00, 6e+02]
WARNING: Problem has some excessively large costs
WARNING: Problem has some excessively small column bounds
WARNING:    Consider scaling the objective by 1e-4, or setting the user_objective_scale option to -12
Presolving model
77357 rows, 69361 cols, 213411 nonzeros 0s
33243 rows, 51970 cols, 170918 nonzeros 0s
31674 rows, 47121 cols, 165922 nonzeros 0s
Presolve reductions: rows 31674(-88194); columns 47121(-92772); nonzeros 165922(-142618)
Solving MIP model with:
   31674 rows
   47121 cols (1668 binary, 0 integer, 0 implied int., 45453 continuous, 0 domain fixed)
   165922 nonzeros
Src: B => Branching; C => Central rounding; F => Feasibility pump; H => Heuristic;
     I => Shifting; J => Feasibility jump; L => Sub-MIP; P => Empty MIP; R => Randomized rounding;
     S => Solve LP; T => Evaluate node; U => Unbounded; X => User solution; Y => HiGHS solution;
     Z => ZI Round; l => Trivial lower; p => Trivial point; u => Trivial upper; z => Trivial zero
        Nodes      |    B&B Tree     |            Objective Bounds              |  Dynamic Constraints |       Work
Src  Proc. InQueue |  Leaves   Expl. | BestBound       BestSol              Gap |   Cuts   InLp Confl. | LpIters     Time
         0       0         0   0.00%   -381108819.4478 inf                  inf        0      0      0         0     1.6s
         0       0         0   0.00%   -47137754.3401  inf                  inf        0      0      3     33988    19.7s
 R       0       0         0   0.00%   -47131912.91053 -47131589.72918    0.00%    14153    469      6     40406    28.3s
         0       0         0   0.00%   -47131912.91053 -47131589.72918    0.00%    14153    362      6     48280    54.8s
93.3% inactive integer columns, restarting
Model after restart has 27782 rows, 41231 cols (76 bin., 0 int., 0 impl., 41155 cont., 0 dom.fix.), and 118088 nonzeros
         0       0         0   0.00%   -47131912.91053 -47131589.72918    0.00%       64      0      0     48280    55.1s
         0       0         0   0.00%   -47131876.47225 -47131589.72918    0.00%       64     57      0     49021    55.7s
         1       0         1 100.00%   -47131589.72918 -47131589.72918    0.00%     3213     67      0     49145    57.1s
Solving report
  Status            Optimal
  Primal bound      -47131589.7292
  Dual bound        -47131589.7292
  Gap               0% (tolerance: 0%)
  P-D integral      0.000195792389362
  Solution status   feasible
                    -47131589.7292 (objective)
                    0 (bound viol.)
                    0 (int. viol.)
                    0 (row viol.)
  Timing            57.11
  Max sub-MIP depth 2
  Nodes             1
  Repair LPs        0
  LP iterations     49145
                    0 (strong br.)
                    6433 (separation)
                    7983 (heuristics)
 57.139640 seconds (135 allocations: 5.609 KiB)
Optimal solution found, objective function value: -4.713158972917733e7
Saving model results...  0.359441 seconds (4.27 M allocations: 149.138 MiB)
Postprocessing model results...  0.000040 seconds (48 allocations: 3.312 KiB)
Saving model outputs...  0.335567 seconds (2.76 M allocations: 170.350 MiB)
Rolling model temporal structure...  0.571658 seconds (4.74 M allocations: 102.043 MiB)
Fixing model history...  0.043284 seconds (413.88 k allocations: 20.191 MiB)
Applying model non-anticipativity constraints...  0.000102 seconds (603 allocations: 32.203 KiB)
model - window 11 of 12: 2019-11-01T04:00~(4 weeks, 2 days, 10 hours)~>2019-12-01T14:00
Optimizing model...MIP has 119868 rows; 139893 cols; 308474 nonzeros; 2287 integer variables (0 binary)
Coefficient ranges:
  Matrix  [6e-03, 1e+05]
  Cost    [1e-03, 2e+09]
  Bound   [7e-18, 2e+04]
  RHS     [1e+00, 6e+02]
WARNING: Problem has some excessively large costs
WARNING: Problem has some excessively small column bounds
WARNING:    Consider scaling the objective by 1e-4, or setting the user_objective_scale option to -12
Presolving model
77225 rows, 69229 cols, 213147 nonzeros 0s
33243 rows, 51904 cols, 170852 nonzeros 0s
31610 rows, 46802 cols, 165539 nonzeros 0s
Presolve reductions: rows 31610(-88258); columns 46802(-93091); nonzeros 165539(-142935)
Solving MIP model with:
   31610 rows
   46802 cols (1668 binary, 0 integer, 0 implied int., 45134 continuous, 0 domain fixed)
   165539 nonzeros
Src: B => Branching; C => Central rounding; F => Feasibility pump; H => Heuristic;
     I => Shifting; J => Feasibility jump; L => Sub-MIP; P => Empty MIP; R => Randomized rounding;
     S => Solve LP; T => Evaluate node; U => Unbounded; X => User solution; Y => HiGHS solution;
     Z => ZI Round; l => Trivial lower; p => Trivial point; u => Trivial upper; z => Trivial zero
        Nodes      |    B&B Tree     |            Objective Bounds              |  Dynamic Constraints |       Work
Src  Proc. InQueue |  Leaves   Expl. | BestBound       BestSol              Gap |   Cuts   InLp Confl. | LpIters     Time
         0       0         0   0.00%   -420569260.5208 inf                  inf        0      0      0         0     1.5s
         0       0         0   0.00%   -58169521.44516 inf                  inf        0      0      3     29044     9.2s
 R       0       0         0   0.00%   -58162580.17258 -58162416.3397     0.00%    13864    475      6     29854    12.1s
         0       0         0   0.00%   -58162580.17258 -58162416.3397     0.00%    13864    364      6     31508    38.0s
92.6% inactive integer columns, restarting
Model after restart has 27745 rows, 40827 cols (37 bin., 0 int., 0 impl., 40790 cont., 0 dom.fix.), and 117693 nonzeros
         0       0         0   0.00%   -58162580.17258 -58162416.3397     0.00%       94      0      0     31508    38.3s
         0       0         0   0.00%   -58162580.17258 -58162416.3397     0.00%       94     79      0     32475    38.7s
         0       0         0   0.00%   -58162495.36569 -58162416.3397     0.00%     2473     83      0     33106    55.4s
59.5% inactive integer columns, restarting
Model after restart has 27680 rows, 40796 cols (13 bin., 0 int., 0 impl., 40783 cont., 0 dom.fix.), and 117359 nonzeros
         0       0         0   0.00%   -58162495.36569 -58162416.3397     0.00%       72      0      0     33106    55.7s
         0       0         0   0.00%   -58162495.36569 -58162416.3397     0.00%       72     72      0     33244    55.9s
         0       0         0   0.00%   -58162445.37479 -58162416.3397     0.00%     2229     74      0     33265    61.2s
61.5% inactive integer columns, restarting
Model after restart has 27551 rows, 40762 cols (4 bin., 0 int., 0 impl., 40758 cont., 0 dom.fix.), and 116893 nonzeros
         0       0         0   0.00%   -58162445.37479 -58162416.3397     0.00%       68      0      0     33265    61.4s
         0       0         0   0.00%   -58162445.37479 -58162416.3397     0.00%       68     67      0     33369    61.7s
         1       0         1 100.00%   -58162416.3397  -58162416.3397     0.00%       71     68      2     33573    63.1s
Solving report
  Status            Optimal
  Primal bound      -58162416.3397
  Dual bound        -58162416.3397
  Gap               0% (tolerance: 0%)
  P-D integral      0.000104601332381
  Solution status   feasible
                    -58162416.3397 (objective)
                    0 (bound viol.)
                    3.77475828373e-15 (int. viol.)
                    0 (row viol.)
  Timing            63.09
  Max sub-MIP depth 2
  Nodes             1
  Repair LPs        0
  LP iterations     33573
                    0 (strong br.)
                    821 (separation)
                    2499 (heuristics)
 63.109902 seconds (233 allocations: 9.766 KiB)
Optimal solution found, objective function value: -5.81624163397034e7
Saving model results...  0.363547 seconds (4.27 M allocations: 149.139 MiB)
Postprocessing model results...  0.000031 seconds (48 allocations: 3.312 KiB)
Saving model outputs...  0.565015 seconds (2.76 M allocations: 170.370 MiB, 41.14% gc time)
Rolling model temporal structure...  0.567231 seconds (4.74 M allocations: 101.999 MiB)
Fixing model history...  0.043166 seconds (413.88 k allocations: 20.191 MiB)
Applying model non-anticipativity constraints...  0.000123 seconds (603 allocations: 32.203 KiB)
model - window 12 of 12: 2019-12-01T14:00~(4 weeks, 2 days, 10 hours)~>2020-01-01T00:00
Optimizing model...MIP has 119868 rows; 139893 cols; 308422 nonzeros; 2287 integer variables (0 binary)
Coefficient ranges:
  Matrix  [6e-03, 1e+05]
  Cost    [1e-03, 2e+09]
  Bound   [2e-02, 2e+04]
  RHS     [1e+00, 6e+02]
WARNING: Problem has some excessively large costs
WARNING:    Consider scaling the objective by 1e-4, or setting the user_objective_scale option to -12
Presolving model
77121 rows, 69125 cols, 212939 nonzeros 0s
33243 rows, 51852 cols, 170800 nonzeros 0s
31520 rows, 46496 cols, 165143 nonzeros 0s
Presolve reductions: rows 31520(-88348); columns 46496(-93397); nonzeros 165143(-143279)
Solving MIP model with:
   31520 rows
   46496 cols (1668 binary, 0 integer, 0 implied int., 44828 continuous, 0 domain fixed)
   165143 nonzeros
Src: B => Branching; C => Central rounding; F => Feasibility pump; H => Heuristic;
     I => Shifting; J => Feasibility jump; L => Sub-MIP; P => Empty MIP; R => Randomized rounding;
     S => Solve LP; T => Evaluate node; U => Unbounded; X => User solution; Y => HiGHS solution;
     Z => ZI Round; l => Trivial lower; p => Trivial point; u => Trivial upper; z => Trivial zero
        Nodes      |    B&B Tree     |            Objective Bounds              |  Dynamic Constraints |       Work
Src  Proc. InQueue |  Leaves   Expl. | BestBound       BestSol              Gap |   Cuts   InLp Confl. | LpIters     Time
         0       0         0   0.00%   -395826684.2786 inf                  inf        0      0      0         0     1.4s
         0       0         0   0.00%   -99614214.49832 inf                  inf        0      0      2     37023    11.9s
 R       0       0         0   0.00%   -99609403.7731  -99609175.31253    0.00%    13206    441      5     42711    20.6s
 L       0       0         0   0.00%   -99609403.7731  -99609175.31253    0.00%    13206    441      5     42711    37.0s
95.4% inactive integer columns, restarting
Model after restart has 27518 rows, 41074 cols (31 bin., 0 int., 0 impl., 41043 cont., 0 dom.fix.), and 117494 nonzeros
         0       0         0   0.00%   -99609403.7731  -99609175.31253    0.00%       55      0      0     68957    37.4s
51.6% inactive integer columns, restarting
Model after restart has 27472 rows, 41041 cols (13 bin., 0 int., 0 impl., 41028 cont., 0 dom.fix.), and 117217 nonzeros
         0       0         0   0.00%   -99609403.7731  -99609175.31253    0.00%       38      0      0     70016    38.4s
         0       0         0   0.00%   -99609403.7731  -99609175.31253    0.00%       38     38      0     70055    39.5s
69.2% inactive integer columns, restarting
Model after restart has 27451 rows, 41018 cols (1 bin., 0 int., 0 impl., 41017 cont., 0 dom.fix.), and 117108 nonzeros
         0       0         0   0.00%   -99609175.32305 -99609175.31253    0.00%       38      0      0     70062    41.2s
         0       0         0   0.00%   -99609175.32305 -99609175.31253    0.00%       38     38      0     70158    41.6s
         1       0         1 100.00%   -99609175.31253 -99609175.31253    0.00%       38     38      1     70221    43.2s
Solving report
  Status            Optimal
  Primal bound      -99609175.3125
  Dual bound        -99609175.3125
  Gap               0% (tolerance: 0%)
  P-D integral      4.68101311311e-05
  Solution status   feasible
                    -99609175.3125 (objective)
                    0 (bound viol.)
                    0 (int. viol.)
                    0 (row viol.)
  Timing            43.22
  Max sub-MIP depth 2
  Nodes             1
  Repair LPs        0
  LP iterations     70221
                    62 (strong br.)
                    5695 (separation)
                    26246 (heuristics)
 43.253409 seconds (156 allocations: 6.500 KiB)
Optimal solution found, objective function value: -9.960917531253064e7
Saving model results...  0.409763 seconds (4.27 M allocations: 149.138 MiB)
Postprocessing model results...  0.000032 seconds (48 allocations: 3.312 KiB)
Saving model outputs...  0.329795 seconds (2.76 M allocations: 170.350 MiB)
Rolling model temporal structure...  0.000059 seconds (47 allocations: 1.312 KiB)
Rolling complete
Solve complete. Started at 2026-08-01T10:52:55.897, ended at 2026-08-01T11:11:33.716, elapsed time: 18 minutes, 37 seconds, 819 milliseconds
Time summary:
Action                                           │ min       │ max        │ avg
─────────────────────────────────────────────────┼───────────┼────────────┼───────────────────────
Postprocessing model results...                  │ 3.0e-5    │ 7.1e-5     │ 4.575e-5
Fixing model history...                          │ 0.042065  │ 0.583223   │ 0.09554927272727273
Applying model non-anticipativity constraints... │ 0.0001    │ 0.000184   │ 0.00013354545454545455
Rolling model temporal structure...              │ 5.9e-5    │ 0.630343   │ 0.5278503333333333
Saving model results...                          │ 0.346909  │ 0.924749   │ 0.425483
Optimizing model...                              │ 13.932824 │ 412.199414 │ 91.26718708333333
Saving model outputs...                          │ 0.287059  │ 3.222235   │ 0.5962524166666666
Writing report to sqlite:///C:\Users\jfg.eco\Documents\GitHub\Nord_H2ub\Spine_Projects\02_basic_energy_model\.spinetoolbox\items\outputtest\OutputTest.sqlite?spinedbfilter=cfg%3Aexecution%3A%7B%22execution_item%22%3A+%22Run+SpineOpt%22%2C+%22scenarios%22%3A+%5B%5D%2C+%22timestamp%22%3A+%222026-08-01T10%3A50%3A24%22%7D...  3.633162 seconds (22.22 M allocations: 1.331 GiB, 11.54% gc time)
Execution complete. Started at 2026-08-01T10:50:26.336, ended at 2026-08-01T11:11:46.925, elapsed time: 21 minutes, 20 seconds, 589 milliseconds
A JuMP Model
├ solver: HiGHS
├ objective_sense: MIN_SENSE
│ └ objective_function_type: JuMP.AffExpr
├ num_variables: 139893
├ num_constraints: 248178
│ ├ JuMP.AffExpr in MOI.EqualTo{Float64}: 33672
│ ├ JuMP.AffExpr in MOI.GreaterThan{Float64}: 30688
│ ├ JuMP.AffExpr in MOI.LessThan{Float64}: 55508
│ ├ JuMP.VariableRef in MOI.EqualTo{Float64}: 900
│ ├ JuMP.VariableRef in MOI.GreaterThan{Float64}: 121442
│ ├ JuMP.VariableRef in MOI.LessThan{Float64}: 3681
│ └ JuMP.VariableRef in MOI.Integer: 2287
└ Names registered in the model: none
