### Spine execution log file
### Item name: Run SpineOpt
### Filter id: 
### Part: 1

# Running julia run_spineopt.jl http://127.0.0.1:63306 http://127.0.0.1:63309
2-element Vector{String}:
 "http://127.0.0.1:63306"
 "http://127.0.0.1:63309"
Running SpineOpt...
[SpineOpt version 0.10.2 (git hash: N/A)]
[SpineInterface version 0.15.2 (git hash: N/A)]
Execution started at 2026-01-14T14:39:14.438
Reading input data from sqlite:///C:\Users\jfg.eco\Documents\Nord_H2ub\Spine_Projects\02_basic_energy_model\.spinetoolbox\items\input\Input.sqlite...
Initializing  data structure from db...  0.521066 seconds (322.32 k allocations: 45.629 MiB, 12.57% gc time)
Preprocessing  data structure...  0.074090 seconds (34.22 k allocations: 2.518 MiB, 57.70% compilation time)
Checking  data structure...  0.010280 seconds (5.67 k allocations: 472.375 KiB, 93.89% compilation time)
Build started at 2026-01-14T14:39:15.089
Creating model temporal structure...[ Info: the last time slice of temporal block Default_Investment_period has been cut to fit within the block
[ Info: the last time slice of temporal block daily has been cut to fit within the block
323.300719 seconds (433.57 M allocations: 20.769 GiB, 93.08% gc time, 0.00% compilation time)
Creating model stochastic structure... 22.153100 seconds (2.80 M allocations: 600.251 MiB, 97.85% gc time, 0.06% compilation time)
Adding model independent variables...
- [variable_binary_gas_connection_flow]  0.565739 seconds (2.33 M allocations: 35.609 MiB, 84.96% gc time)
- [variable_connection_flow]  6.756918 seconds (2.83 M allocations: 95.604 MiB, 95.92% gc time, 1.71% compilation time)
- [variable_connection_intact_flow]  0.206585 seconds (2.74 M allocations: 85.058 MiB, 29.66% gc time)
- [variable_connections_decommissioned]  0.104781 seconds (2.34 M allocations: 36.097 MiB, 16.11% gc time)
- [variable_connections_invested]  9.606383 seconds (15.84 M allocations: 1.282 GiB, 85.49% gc time)
- [variable_connections_invested_available] 23.936272 seconds (16.51 M allocations: 1.319 GiB, 93.77% gc time, 0.05% compilation time)
- [variable_min_capacity_margin_slack]  0.111570 seconds (2.33 M allocations: 35.577 MiB, 18.15% gc time)
- [variable_node_injection]  0.135782 seconds (2.57 M allocations: 60.696 MiB, 13.94% gc time)
- [variable_node_pressure]  0.102104 seconds (2.33 M allocations: 35.580 MiB, 17.92% gc time)
- [variable_node_slack_neg]  0.145652 seconds (2.55 M allocations: 56.383 MiB, 10.86% gc time)
- [variable_node_slack_pos]  0.177230 seconds (2.55 M allocations: 56.385 MiB, 19.40% gc time)
- [variable_node_state]  0.137109 seconds (2.40 M allocations: 41.585 MiB, 22.00% gc time, 7.53% compilation time)
- [variable_node_voltage_angle]  0.131030 seconds (2.33 M allocations: 35.579 MiB, 22.89% gc time)
- [variable_nonspin_units_shut_down]  0.100831 seconds (2.33 M allocations: 35.589 MiB, 24.20% gc time)
- [variable_nonspin_units_started_up]  0.110549 seconds (2.33 M allocations: 35.583 MiB, 17.62% gc time)
- [variable_storages_decommissioned]  0.121589 seconds (2.33 M allocations: 35.755 MiB, 15.23% gc time)
- [variable_storages_invested]  0.546434 seconds (4.37 M allocations: 254.476 MiB, 28.99% gc time, 2.64% compilation time)
- [variable_storages_invested_available]  0.522130 seconds (4.37 M allocations: 254.484 MiB, 38.81% gc time)
- [variable_unit_flow]  7.652773 seconds (2.99 M allocations: 154.382 MiB, 96.28% gc time, 1.01% compilation time)
- [variable_unit_flow_op]  0.122935 seconds (2.45 M allocations: 50.735 MiB, 16.72% gc time)
- [variable_unit_flow_op_active]  0.118083 seconds (2.47 M allocations: 53.191 MiB, 15.20% gc time)
- [variable_units_invested]  9.584711 seconds (15.16 M allocations: 1.191 GiB, 85.21% gc time)
- [variable_units_invested_available] 18.586173 seconds (15.79 M allocations: 1.221 GiB, 91.32% gc time, 0.05% compilation time)
- [variable_units_mothballed]  7.463242 seconds (2.34 M allocations: 36.273 MiB, 98.52% gc time)
- [variable_units_on]  0.171515 seconds (2.54 M allocations: 54.891 MiB, 16.87% gc time)
- [variable_units_out_of_service]  0.123749 seconds (2.33 M allocations: 35.575 MiB, 19.05% gc time)
- [variable_units_returned_to_service]  0.116154 seconds (2.33 M allocations: 35.573 MiB, 19.29% gc time)
- [variable_units_shut_down]  0.101535 seconds (2.36 M allocations: 38.044 MiB, 16.09% gc time)
- [variable_units_started_up]  0.140049 seconds (2.35 M allocations: 37.362 MiB, 20.65% gc time)
- [variable_units_taken_out_of_service]  0.109401 seconds (2.33 M allocations: 35.574 MiB)
- [variable_user_constraint_slack_neg]  0.110521 seconds (2.33 M allocations: 35.569 MiB, 19.23% gc time)
- [variable_user_constraint_slack_pos]  0.093069 seconds (2.33 M allocations: 35.569 MiB, 19.22% gc time)
 88.044542 seconds (135.47 M allocations: 6.764 GiB, 88.99% gc time, 0.27% compilation time)
Adding model dependent variables...
- [variable_connection_flow]  0.008334 seconds (64.54 k allocations: 5.139 MiB)
- [variable_unit_flow]  0.013588 seconds (129.50 k allocations: 12.378 MiB)
  0.023564 seconds (194.33 k allocations: 17.537 MiB)
Adding model expressions...
- [expression_capacity_margin]  0.000038 seconds (30 allocations: 2.609 KiB)
  0.001360 seconds (120 allocations: 8.062 KiB)
Adding model constraints...
- [constraint_candidate_connection_flow_lb]  0.000162 seconds (70 allocations: 4.188 KiB)
- [constraint_candidate_connection_flow_ub]  0.000127 seconds (71 allocations: 4.047 KiB)
- [constraint_compression_ratio]  0.000057 seconds (38 allocations: 3.453 KiB)
- [constraint_connection_flow_capacity]  0.130964 seconds (450.66 k allocations: 48.011 MiB, 41.01% gc time, 20.13% compilation time)
- [constraint_connection_flow_gas_capacity]  0.000088 seconds (41 allocations: 4.703 KiB)
- [constraint_connection_flow_intact_flow]  0.000072 seconds (38 allocations: 2.781 KiB)
- [constraint_connection_flow_lodf]  0.000106 seconds (58 allocations: 3.891 KiB)
- [constraint_connection_intact_flow_capacity]  0.000155 seconds (81 allocations: 5.234 KiB)
- [constraint_connection_intact_flow_ptdf]  0.000062 seconds (24 allocations: 1.938 KiB)
- [constraint_connection_lifetime]143.978152 seconds (102.59 M allocations: 23.632 GiB, 94.18% gc time, 0.01% compilation time)
- [constraint_connection_unitary_gas_flow]  0.000056 seconds (38 allocations: 3.453 KiB)
- [constraint_connections_invested_available]  0.000353 seconds (860 allocations: 86.125 KiB)
- [constraint_connections_invested_transition]  0.000935 seconds (5.37 k allocations: 446.156 KiB)
- [constraint_cyclic_node_state]  0.005725 seconds (1.69 k allocations: 122.594 KiB, 97.36% compilation time)
- [constraint_fix_node_pressure_point]  0.000063 seconds (38 allocations: 3.453 KiB)
- [constraint_fix_ratio_in_in_unit_flow]  0.007160 seconds (54.54 k allocations: 6.133 MiB)
- [constraint_fix_ratio_in_out_unit_flow]  0.000280 seconds (2.05 k allocations: 189.453 KiB)
- [constraint_fix_ratio_out_in_connection_flow]  0.012537 seconds (46.48 k allocations: 4.125 MiB, 62.11% compilation time)
- [constraint_fix_ratio_out_in_unit_flow]  0.000084 seconds (94 allocations: 19.219 KiB)
- [constraint_fix_ratio_out_out_unit_flow]  0.000167 seconds (748 allocations: 75.859 KiB)
- [constraint_investment_group_equal_investments]  0.000035 seconds (23 allocations: 1.844 KiB)
- [constraint_investment_group_maximum_capacity_invested_available]  0.000060 seconds (21 allocations: 1.812 KiB)
- [constraint_investment_group_maximum_entities_invested_available]  0.000032 seconds (22 allocations: 2.109 KiB)
- [constraint_investment_group_minimum_capacity_invested_available]  0.000041 seconds (20 allocations: 1.766 KiB)
- [constraint_investment_group_minimum_entities_invested_available]  0.000030 seconds (20 allocations: 1.766 KiB)
- [constraint_max_node_pressure]  0.000107 seconds (85 allocations: 6.805 KiB)
- [constraint_max_node_voltage_angle]  0.000059 seconds (102 allocations: 7.602 KiB)
- [constraint_max_ratio_in_in_unit_flow]  0.000055 seconds (94 allocations: 19.219 KiB)
- [constraint_max_ratio_in_out_unit_flow]  0.000045 seconds (95 allocations: 19.516 KiB)
- [constraint_max_ratio_out_in_connection_flow]  0.000125 seconds (56 allocations: 4.484 KiB)
- [constraint_max_ratio_out_in_unit_flow]  0.000042 seconds (94 allocations: 19.219 KiB)
- [constraint_max_ratio_out_out_unit_flow]  0.000043 seconds (95 allocations: 19.516 KiB)
- [constraint_max_total_cumulated_unit_flow_from_node]  0.000040 seconds (46 allocations: 4.125 KiB)
- [constraint_max_total_cumulated_unit_flow_to_node]  0.000030 seconds (42 allocations: 3.750 KiB)
- [constraint_min_capacity_margin]  0.000032 seconds (38 allocations: 3.125 KiB)
- [constraint_min_down_time]  0.065796 seconds (342.65 k allocations: 32.485 MiB, 29.85% gc time, 26.14% compilation time)
- [constraint_min_node_pressure]  0.000070 seconds (87 allocations: 11.086 KiB)
- [constraint_min_node_voltage_angle]  0.000048 seconds (102 allocations: 7.602 KiB)
- [constraint_min_ratio_in_in_unit_flow]  0.000123 seconds (94 allocations: 19.219 KiB)
- [constraint_min_ratio_in_out_unit_flow]  0.000061 seconds (94 allocations: 19.219 KiB)
- [constraint_min_ratio_out_in_connection_flow]  0.000078 seconds (56 allocations: 4.484 KiB)
- [constraint_min_ratio_out_in_unit_flow]  0.000049 seconds (94 allocations: 19.219 KiB)
- [constraint_min_ratio_out_out_unit_flow]  0.000048 seconds (94 allocations: 19.219 KiB)
- [constraint_min_scheduled_outage_duration]  0.000027 seconds (29 allocations: 2.312 KiB)
- [constraint_min_total_cumulated_unit_flow_from_node]  0.000068 seconds (46 allocations: 4.125 KiB)
- [constraint_min_total_cumulated_unit_flow_to_node]  0.000040 seconds (42 allocations: 3.750 KiB)
- [constraint_min_up_time]  0.003841 seconds (44.41 k allocations: 3.370 MiB)
- [constraint_minimum_operating_point]  0.003992 seconds (48.01 k allocations: 4.825 MiB)
- [constraint_nodal_balance]  0.009827 seconds (153.26 k allocations: 14.979 MiB)
- [constraint_node_injection]  0.059051 seconds (529.73 k allocations: 49.087 MiB, 40.20% gc time)
- [constraint_node_state_capacity]  0.030375 seconds (95.46 k allocations: 7.915 MiB, 59.95% gc time)
- [constraint_node_voltage_angle]  0.000039 seconds (28 allocations: 2.250 KiB)
- [constraint_non_spinning_reserves_lower_bound]  0.000086 seconds (255 allocations: 23.812 KiB)
- [constraint_non_spinning_reserves_shut_down_upper_bound]  0.000088 seconds (264 allocations: 24.703 KiB)
- [constraint_non_spinning_reserves_start_up_upper_bound]  0.000054 seconds (264 allocations: 24.703 KiB)
- [constraint_operating_point_bounds]  0.111626 seconds (999.48 k allocations: 150.356 MiB, 38.48% gc time)
- [constraint_operating_point_rank]  0.002436 seconds (26.80 k allocations: 3.803 MiB)
- [constraint_ramp_down]  0.033366 seconds (121.82 k allocations: 12.314 MiB, 72.85% compilation time)
- [constraint_ramp_up]  0.032248 seconds (118.17 k allocations: 12.058 MiB, 63.84% gc time)
- [constraint_ratio_out_in_connection_intact_flow]  0.000068 seconds (38 allocations: 2.781 KiB)
- [constraint_storage_lifetime] 21.087772 seconds (18.90 M allocations: 3.515 GiB, 94.62% gc time, 0.03% compilation time)
- [constraint_storage_line_pack]  0.000092 seconds (39 allocations: 3.500 KiB)
- [constraint_storages_invested_available]  0.000283 seconds (354 allocations: 36.672 KiB)
- [constraint_storages_invested_transition]  0.000477 seconds (1.48 k allocations: 141.156 KiB)
- [constraint_unit_flow_capacity]  0.019553 seconds (268.66 k allocations: 22.962 MiB)
- [constraint_unit_flow_op_bounds]  0.035477 seconds (68.12 k allocations: 8.349 MiB, 62.15% gc time, 22.71% compilation time)
- [constraint_unit_flow_op_rank]  0.004996 seconds (61.02 k allocations: 7.764 MiB)
- [constraint_unit_flow_op_sum]  0.001155 seconds (8.35 k allocations: 946.461 KiB)
- [constraint_unit_lifetime] 85.104701 seconds (82.41 M allocations: 16.310 GiB, 94.26% gc time)
- [constraint_unit_state_transition]  0.002210 seconds (19.50 k allocations: 1.936 MiB)
- [constraint_units_available]  0.038732 seconds (363.47 k allocations: 28.007 MiB, 31.86% gc time)
- [constraint_units_invested_available]  0.000238 seconds (1.12 k allocations: 111.266 KiB)
- [constraint_units_invested_transition]  0.000708 seconds (8.01 k allocations: 633.859 KiB)
- [constraint_units_out_of_service_contiguity]  0.000033 seconds (29 allocations: 2.312 KiB)
- [constraint_units_out_of_service_transition]  0.000057 seconds (46 allocations: 3.312 KiB)
- [constraint_user_constraint]  0.287053 seconds (522.33 k allocations: 41.526 MiB, 8.10% gc time, 84.04% compilation time)
251.214353 seconds (208.95 M allocations: 43.957 GiB, 93.96% gc time, 0.15% compilation time)
Setting model objective...  0.094375 seconds (335.00 k allocations: 26.270 MiB, 31.32% gc time, 39.97% compilation time)
Build complete. Started at 2026-01-14T14:39:15.089, ended at 2026-01-14T14:50:39.932, elapsed time: 11 minutes, 24 seconds, 843 milliseconds
Solve started at 2026-01-14T14:50:39.932
model - window 1 of 1: 2019-01-01T00:00~(1 day, 23 hours)~>2019-01-02T23:00
Optimizing model...Running HiGHS 1.11.0 (git hash: 364c83a51e): Copyright (c) 2025 HiGHS under MIT licence terms
MIP  has 5410 rows; 240262 cols; 113106 nonzeros; 238 integer variables (0 binary)
Coefficient ranges:
  Matrix [6e-03, 1e+05]
  Cost   [1e-03, 2e+09]
  Bound  [1e+00, 1e+03]
  RHS    [1e+00, 1e+02]
Presolving model
2869 rows, 3307 cols, 9237 nonzeros  0s
2142 rows, 2592 cols, 7991 nonzeros  0s
1789 rows, 2359 cols, 6450 nonzeros  0s
Solving MIP model with:
   1789 rows
   2359 cols (43 binary, 0 integer, 0 implied int., 2316 continuous, 0 domain fixed)
   6450 nonzeros
Src: B => Branching; C => Central rounding; F => Feasibility pump; J => Feasibility jump;
     H => Heuristic; L => Sub-MIP; P => Empty MIP; R => Randomized rounding; Z => ZI Round;
     I => Shifting; S => Solve LP; T => Evaluate node; U => Unbounded; X => User solution;
     z => Trivial zero; l => Trivial lower; u => Trivial upper; p => Trivial point
        Nodes      |    B&B Tree     |            Objective Bounds              |  Dynamic Constraints |       Work
Src  Proc. InQueue |  Leaves   Expl. | BestBound       BestSol              Gap |   Cuts   InLp Confl. | LpIters     Time
         0       0         0   0.00%   -2259016.433646 inf                  inf        0      0      0         0     0.1s
 T       0       0         0   0.00%   -2259016.433646 -33149.103156   6714.71%        0      0      0      1109     0.1s
         1       0         1 100.00%   -33149.103156   -33149.103156      0.00%        0      0      0      1109     0.1s
Solving report
  Status            Optimal
  Primal bound      -33149.1031556
  Dual bound        -33149.1031556
  Gap               0% (tolerance: 0%)
  P-D integral      0.00214522271018
  Solution status   feasible
                    -33149.1031556 (objective)
                    0 (bound viol.)
                    0 (int. viol.)
                    0 (row viol.)
  Timing            0.13 (total)
                    0.00 (presolve)
                    0.00 (solve)
                    0.00 (postsolve)
  Max sub-MIP depth 0
  Nodes             1
  Repair LPs        0 (0 feasible; 0 iterations)
  LP iterations     1109 (total)
                    0 (strong br.)
                    0 (separation)
                    0 (heuristics)
  0.553018 seconds (502.22 k allocations: 93.295 MiB, 58.48% gc time)
Optimal solution found, objective function value: -33149.10315555555
Saving model results...  4.486991 seconds (1.90 M allocations: 88.360 MiB, 97.17% gc time)
Postprocessing model results...  0.000047 seconds (51 allocations: 4.297 KiB)
Saving model outputs...  5.028340 seconds (4.13 M allocations: 343.458 MiB, 94.13% gc time)
Rolling complete
Solve complete. Started at 2026-01-14T14:50:39.932, ended at 2026-01-14T14:50:50.009, elapsed time: 10 seconds, 77 milliseconds
Time summary:
Action                              │ min      │ max      │ avg
────────────────────────────────────┼──────────┼──────────┼─────────
Postprocessing model results...     │ 4.7e-5   │ 4.7e-5   │ 4.7e-5
Rolling model temporal structure... │ 0.000106 │ 0.000106 │ 0.000106
Saving model results...             │ 4.486991 │ 4.486991 │ 4.486991
Optimizing model...                 │ 0.553018 │ 0.553018 │ 0.553018
Saving model outputs...             │ 5.02834  │ 5.02834  │ 5.02834
Rolling model temporal structure...  0.000106 seconds (46 allocations: 2.438 KiB)
Writing report to sqlite:///C:\Users\jfg.eco\Documents\Nord_H2ub\Spine_Projects\02_basic_energy_model\.spinetoolbox\items\outputtest\OutputTest.sqlite?spinedbfilter=cfg%3Aexecution%3A%7B%22execution_item%22%3A+%22Run+SpineOpt%22%2C+%22scenarios%22%3A+%5B%5D%2C+%22timestamp%22%3A+%222026-01-14T14%3A39%3A12%22%7D...  0.334451 seconds (81.53 k allocations: 6.677 MiB)
Execution complete. Started at 2026-01-14T14:39:14.438, ended at 2026-01-14T14:50:55.166, elapsed time: 11 minutes, 40 seconds, 728 milliseconds
A JuMP Model
├ solver: HiGHS
├ objective_sense: MIN_SENSE
│ └ objective_function_type: JuMP.AffExpr
├ num_variables: 240262
├ num_constraints: 245235
│ ├ JuMP.AffExpr in MOI.EqualTo{Float64}: 1571
│ ├ JuMP.AffExpr in MOI.GreaterThan{Float64}: 1285
│ ├ JuMP.AffExpr in MOI.LessThan{Float64}: 2554
│ ├ JuMP.VariableRef in MOI.EqualTo{Float64}: 21
│ ├ JuMP.VariableRef in MOI.GreaterThan{Float64}: 239423
│ ├ JuMP.VariableRef in MOI.LessThan{Float64}: 143
│ └ JuMP.VariableRef in MOI.Integer: 238
└ Names registered in the model: none
