### Spine execution log file
### Item name: Run SpineOpt
### Filter id: 
### Part: 1

               _
   _       _ _(_)_     |  Documentation: https://docs.julialang.org
  (_)     | (_) (_)    |
   _ _   _| |_  __ _   |  Type "?" for help, "]?" for Pkg help.
  | | | | | | |/ _` |  |
  | | |_| | | | (_| |  |  Version 1.10.10 (2025-06-27)
 _/ |\__'_|_|_|\__'_|  |  Official https://julialang.org/ release
|__/                   |
# Running julia run_spineopt.jl http://127.0.0.1:56868 http://127.0.0.1:56870
2-element Vector{String}:
 "http://127.0.0.1:56868"
 "http://127.0.0.1:56870"
WARNING: using JuMP.parameter_value in module SpineInterface conflicts with an existing identifier.
Running SpineOpt...
WARNING: using JuMP.Parameter in module SpineInterface conflicts with an existing identifier.
[SpineOpt version 0.8.3 (git hash: N/A)]
[SpineInterface version 0.14.8 (git hash: N/A)]
Execution started at 2026-02-03T22:06:04.793
Reading input data from sqlite:///C:\Users\jfg.eco\Documents\GitHub\Nord_H2ub\Spine_Projects\02_basic_energy_model\.spinetoolbox\items\input\Input.sqlite...
Initializing base data structure from db... 12.472727 seconds (18.89 M allocations: 1.285 GiB, 2.53% gc time, 96.42% compilation time)
Preprocessing base data structure... 11.094814 seconds (9.58 M allocations: 658.939 MiB, 1.58% gc time, 99.57% compilation time)
Checking base data structure...  0.824270 seconds (619.50 k allocations: 42.531 MiB, 99.70% compilation time)
[ Info: the last time slice of temporal block Default_Investment_period has been cut to fit within the block
[ Info: the last time slice of temporal block daily has been cut to fit within the block
Creating model temporal structure... 41.606689 seconds (415.46 M allocations: 21.733 GiB, 36.01% gc time, 9.96% compilation time)
Creating model stochastic structure...  5.034991 seconds (7.06 M allocations: 924.652 MiB, 19.12% gc time, 73.72% compilation time)
Adding model variables...
- [variable_binary_gas_connection_flow]  1.469722 seconds (3.90 M allocations: 142.734 MiB, 95.26% compilation time)
- [variable_connection_flow] 12.631742 seconds (27.05 M allocations: 2.213 GiB, 37.90% gc time, 65.60% compilation time: <1% of which was recompilation)
- [variable_connection_intact_flow]  1.001932 seconds (6.65 M allocations: 530.929 MiB, 14.50% gc time, 53.55% compilation time)
- [variable_connections_decommissioned]  1.084383 seconds (3.57 M allocations: 122.514 MiB, 93.60% compilation time)
- [variable_connections_invested]  0.405756 seconds (7.42 M allocations: 556.667 MiB, 22.03% compilation time)
- [variable_connections_invested_available]  1.679628 seconds (10.22 M allocations: 739.437 MiB, 10.68% gc time, 66.97% compilation time)
- [variable_min_capacity_margin_slack]  0.631248 seconds (3.28 M allocations: 102.473 MiB, 89.33% compilation time)
- [variable_node_injection]  1.200405 seconds (4.79 M allocations: 266.121 MiB, 15.47% gc time, 68.93% compilation time)
- [variable_node_pressure]  0.452199 seconds (3.02 M allocations: 84.837 MiB, 86.80% compilation time)
- [variable_node_slack_neg]  0.483560 seconds (4.09 M allocations: 204.567 MiB, 69.63% compilation time)
- [variable_node_slack_pos]  0.165722 seconds (3.51 M allocations: 165.161 MiB, 2.61% compilation time)
- [variable_node_state]  1.215972 seconds (4.40 M allocations: 188.589 MiB, 87.63% compilation time)
- [variable_node_voltage_angle]  0.518000 seconds (2.98 M allocations: 82.136 MiB, 86.88% compilation time)
- [variable_nonspin_units_shut_down]  0.734828 seconds (3.38 M allocations: 109.080 MiB, 90.59% compilation time)
- [variable_nonspin_units_started_up]  0.411649 seconds (2.89 M allocations: 75.911 MiB, 81.56% compilation time)
- [variable_storages_decommissioned]  0.824402 seconds (3.19 M allocations: 96.980 MiB, 91.40% compilation time)
- [variable_storages_invested]  0.451511 seconds (2.86 M allocations: 137.551 MiB, 34.27% gc time, 42.68% compilation time)
- [variable_storages_invested_available]  0.265976 seconds (2.84 M allocations: 136.408 MiB, 61.06% compilation time)
- [variable_unit_flow]  6.259671 seconds (20.33 M allocations: 1.655 GiB, 3.82% gc time, 71.78% compilation time)
- [variable_unit_flow_op]  1.470877 seconds (4.43 M allocations: 213.772 MiB, 12.91% gc time, 79.51% compilation time)
- [variable_unit_flow_op_active]  0.734483 seconds (3.64 M allocations: 164.392 MiB, 85.20% compilation time)
- [variable_units_invested]  1.214482 seconds (7.34 M allocations: 515.940 MiB, 77.14% compilation time)
- [variable_units_invested_available]  0.750871 seconds (7.42 M allocations: 523.653 MiB, 23.82% gc time, 26.25% compilation time)
- [variable_units_mothballed]  0.091977 seconds (2.32 M allocations: 37.437 MiB, 36.99% compilation time)
- [variable_units_on]  1.007457 seconds (4.85 M allocations: 235.680 MiB, 83.63% compilation time)
- [variable_units_out_of_service]  0.531808 seconds (3.10 M allocations: 90.314 MiB, 87.47% compilation time)
- [variable_units_returned_to_service]  0.154798 seconds (2.39 M allocations: 41.970 MiB, 57.34% compilation time)
- [variable_units_shut_down]  0.478804 seconds (3.01 M allocations: 87.999 MiB, 84.60% compilation time)
- [variable_units_started_up]  0.113547 seconds (2.42 M allocations: 47.369 MiB, 35.91% compilation time)
- [variable_units_taken_out_of_service]  0.075022 seconds (2.31 M allocations: 36.279 MiB, 11.52% compilation time)
- [variable_user_constraint_slack_neg]  0.548320 seconds (3.19 M allocations: 96.584 MiB, 87.16% compilation time)
- [variable_user_constraint_slack_pos]  0.069017 seconds (2.29 M allocations: 35.199 MiB, 6.03% compilation time)
 41.170935 seconds (171.98 M allocations: 9.858 GiB, 14.72% gc time, 72.60% compilation time: <1% of which was recompilation)
Adding model expressions...
- [expression_capacity_margin]  0.441398 seconds (675.34 k allocations: 43.996 MiB, 44.92% gc time, 99.95% compilation time)
  0.441987 seconds (675.40 k allocations: 44.001 MiB, 44.86% gc time, 99.82% compilation time)
Adding model constraints...
- [constraint_candidate_connection_flow_lb]  0.421832 seconds (473.08 k allocations: 31.667 MiB, 99.83% compilation time)
- [constraint_candidate_connection_flow_ub]  0.094318 seconds (70.07 k allocations: 4.667 MiB, 99.68% compilation time)
- [constraint_compression_ratio]  0.185326 seconds (360.04 k allocations: 25.423 MiB, 99.91% compilation time)
- [constraint_connection_flow_capacity]  6.560772 seconds (28.29 M allocations: 2.248 GiB, 6.32% gc time, 61.28% compilation time)
- [constraint_connection_flow_gas_capacity]  0.449935 seconds (267.80 k allocations: 18.821 MiB, 61.00% gc time, 99.97% compilation time)
- [constraint_connection_flow_intact_flow]  0.241395 seconds (451.68 k allocations: 29.954 MiB, 99.86% compilation time)
- [constraint_connection_flow_lodf]  2.712971 seconds (747.91 k allocations: 48.909 MiB, 87.32% gc time, 99.98% compilation time)
- [constraint_connection_intact_flow_capacity]  0.303941 seconds (383.12 k allocations: 26.414 MiB, 7.28% gc time, 99.86% compilation time)
- [constraint_connection_intact_flow_ptdf]  0.274320 seconds (405.87 k allocations: 27.430 MiB, 99.89% compilation time)
- [constraint_connection_lifetime] 73.937561 seconds (161.49 M allocations: 17.173 GiB, 85.04% gc time, 5.81% compilation time)
- [constraint_connection_unitary_gas_flow]  0.067937 seconds (205.49 k allocations: 13.871 MiB, 99.76% compilation time)
- [constraint_connections_invested_available]  0.442745 seconds (477.96 k allocations: 32.991 MiB, 4.25% gc time, 99.71% compilation time)
- [constraint_connections_invested_transition]  1.254098 seconds (1.48 M allocations: 100.841 MiB, 99.51% compilation time)
- [constraint_cyclic_node_state]  0.269770 seconds (296.55 k allocations: 20.536 MiB, 99.86% compilation time)
- [constraint_fix_node_pressure_point]  0.192584 seconds (308.45 k allocations: 21.609 MiB, 99.91% compilation time)
- [constraint_fix_ratio_in_in_unit_flow]  3.442076 seconds (7.98 M allocations: 702.630 MiB, 83.72% compilation time)
- [constraint_fix_ratio_in_out_unit_flow]  0.083085 seconds (218.15 k allocations: 14.809 MiB, 99.53% compilation time)
- [constraint_fix_ratio_out_in_connection_flow]  1.618014 seconds (2.20 M allocations: 155.491 MiB, 98.44% compilation time)
- [constraint_fix_ratio_out_in_unit_flow]  0.005188 seconds (544 allocations: 57.914 KiB, 96.11% compilation time)
- [constraint_fix_ratio_out_out_unit_flow]  0.534188 seconds (1.94 M allocations: 191.352 MiB, 29.58% gc time, 26.21% compilation time)
- [constraint_investment_group_equal_investments]  0.337713 seconds (363.23 k allocations: 24.232 MiB, 99.79% compilation time)
- [constraint_investment_group_maximum_capacity_invested_available]  0.200417 seconds (377.09 k allocations: 26.137 MiB, 99.93% compilation time)
- [constraint_investment_group_maximum_entities_invested_available]  0.188049 seconds (339.38 k allocations: 23.216 MiB, 99.92% compilation time)
- [constraint_investment_group_minimum_capacity_invested_available]  0.166294 seconds (202.14 k allocations: 14.290 MiB, 99.91% compilation time)
- [constraint_investment_group_minimum_entities_invested_available]  0.163046 seconds (202.14 k allocations: 14.298 MiB, 99.92% compilation time)
- [constraint_max_node_pressure]  0.379264 seconds (498.86 k allocations: 34.667 MiB, 99.81% compilation time)
- [constraint_max_node_voltage_angle]  0.142421 seconds (154.33 k allocations: 10.492 MiB, 99.74% compilation time)
- [constraint_max_ratio_in_in_unit_flow]  0.013130 seconds (1.71 k allocations: 138.469 KiB, 98.26% compilation time)
- [constraint_max_ratio_in_out_unit_flow]  0.004146 seconds (544 allocations: 57.914 KiB, 94.90% compilation time)
- [constraint_max_ratio_out_in_connection_flow]  0.061108 seconds (146.67 k allocations: 9.915 MiB, 99.75% compilation time)
- [constraint_max_ratio_out_in_unit_flow]  0.003948 seconds (544 allocations: 57.914 KiB, 95.27% compilation time)
- [constraint_max_ratio_out_out_unit_flow]  0.003754 seconds (544 allocations: 57.914 KiB, 95.04% compilation time)
- [constraint_max_total_cumulated_unit_flow_from_node]  0.193267 seconds (383.31 k allocations: 26.999 MiB, 99.91% compilation time)
- [constraint_max_total_cumulated_unit_flow_to_node]  0.003630 seconds (452 allocations: 32.688 KiB, 97.70% compilation time)
- [constraint_min_capacity_margin]  0.080637 seconds (124.15 k allocations: 8.530 MiB, 99.82% compilation time)
- [constraint_min_down_time]  3.088607 seconds (14.27 M allocations: 1.068 GiB, 5.79% gc time, 64.00% compilation time)
- [constraint_min_node_pressure]  0.106443 seconds (103.69 k allocations: 7.091 MiB, 99.67% compilation time)
- [constraint_min_node_voltage_angle]  0.107650 seconds (103.72 k allocations: 7.092 MiB, 99.74% compilation time)
- [constraint_min_ratio_in_in_unit_flow]  0.011538 seconds (1.71 k allocations: 138.797 KiB, 98.13% compilation time)
- [constraint_min_ratio_in_out_unit_flow]  0.003657 seconds (544 allocations: 57.914 KiB, 95.53% compilation time)
- [constraint_min_ratio_out_in_connection_flow]  0.045313 seconds (46.76 k allocations: 3.218 MiB, 99.68% compilation time)
- [constraint_min_ratio_out_in_unit_flow]  0.003416 seconds (544 allocations: 57.914 KiB, 95.42% compilation time)
- [constraint_min_ratio_out_out_unit_flow]  0.004162 seconds (547 allocations: 62.492 KiB, 95.83% compilation time)
- [constraint_min_scheduled_outage_duration]  0.179074 seconds (274.36 k allocations: 19.262 MiB, 99.91% compilation time)
- [constraint_min_total_cumulated_unit_flow_from_node]  0.045785 seconds (46.75 k allocations: 3.215 MiB, 99.71% compilation time)
- [constraint_min_total_cumulated_unit_flow_to_node]  0.004003 seconds (452 allocations: 32.688 KiB, 98.27% compilation time)
- [constraint_min_up_time]  0.173352 seconds (201.11 k allocations: 14.081 MiB, 99.90% compilation time)
- [constraint_minimum_operating_point]  1.284252 seconds (2.29 M allocations: 181.129 MiB, 93.41% compilation time)
- [constraint_nodal_balance]  2.071218 seconds (6.14 M allocations: 508.205 MiB, 80.44% compilation time)
- [constraint_node_injection]  6.106069 seconds (20.51 M allocations: 1.431 GiB, 48.48% gc time, 28.93% compilation time)
- [constraint_node_state_capacity]  1.049057 seconds (2.67 M allocations: 202.121 MiB, 7.22% gc time, 82.30% compilation time)
- [constraint_node_voltage_angle]  0.199798 seconds (225.17 k allocations: 15.534 MiB, 11.38% gc time, 99.92% compilation time)
- [constraint_non_spinning_reserves_lower_bound]  0.241322 seconds (346.42 k allocations: 24.120 MiB, 99.91% compilation time)
- [constraint_non_spinning_reserves_shut_down_upper_bound]  0.193542 seconds (249.25 k allocations: 16.534 MiB, 10.11% gc time, 99.73% compilation time)
- [constraint_non_spinning_reserves_start_up_upper_bound]  0.004710 seconds (853 allocations: 69.141 KiB, 96.56% compilation time)
- [constraint_operating_point_bounds]445.272367 seconds (1.33 G allocations: 153.825 GiB, 72.89% gc time, 0.38% compilation time)
- [constraint_operating_point_rank]  0.416251 seconds (837.01 k allocations: 84.720 MiB, 91.58% compilation time)
- [constraint_ramp_down]  5.706299 seconds (7.90 M allocations: 619.936 MiB, 53.08% gc time, 37.18% compilation time)
- [constraint_ramp_up]  1.760518 seconds (6.33 M allocations: 515.174 MiB, 12.28% gc time, 63.21% compilation time)
- [constraint_ratio_out_in_connection_intact_flow]  0.191647 seconds (218.18 k allocations: 14.383 MiB, 17.84% gc time, 99.83% compilation time)
- [constraint_storage_lifetime] 14.444897 seconds (19.19 M allocations: 2.073 GiB, 86.60% gc time, 7.77% compilation time)
- [constraint_storage_line_pack]  0.191200 seconds (228.18 k allocations: 15.872 MiB, 99.92% compilation time)
- [constraint_storages_invested_available]  0.487494 seconds (358.32 k allocations: 24.504 MiB, 9.44% gc time, 99.81% compilation time)
- [constraint_storages_invested_transition]  0.446651 seconds (311.94 k allocations: 21.576 MiB, 99.57% compilation time)
- [constraint_unit_flow_capacity]  5.103833 seconds (9.61 M allocations: 725.654 MiB, 57.93% gc time, 32.08% compilation time)
- [constraint_unit_flow_op_bounds]  1.158330 seconds (3.03 M allocations: 248.186 MiB, 15.22% gc time, 72.19% compilation time)
- [constraint_unit_flow_op_rank]  1.065333 seconds (2.55 M allocations: 217.755 MiB, 8.58% gc time, 77.66% compilation time)
- [constraint_unit_flow_op_sum]  0.991750 seconds (840.40 k allocations: 62.594 MiB, 26.27% gc time, 74.83% compilation time)
- [constraint_unit_lifetime] 86.630667 seconds (123.24 M allocations: 13.736 GiB, 92.92% gc time, 0.92% compilation time)
- [constraint_unit_pw_heat_rate]  0.206760 seconds (326.40 k allocations: 23.020 MiB, 12.92% gc time, 99.93% compilation time)
- [constraint_unit_state_transition]  0.667682 seconds (1.06 M allocations: 82.595 MiB, 6.08% gc time, 97.05% compilation time)
- [constraint_units_available]  4.679884 seconds (13.66 M allocations: 979.152 MiB, 63.35% gc time, 19.23% compilation time)
- [constraint_units_invested_available]  0.243142 seconds (178.69 k allocations: 12.478 MiB, 99.59% compilation time)
- [constraint_units_invested_transition]  0.358662 seconds (322.20 k allocations: 22.342 MiB, 99.42% compilation time)
- [constraint_units_out_of_service_contiguity]  0.162245 seconds (173.73 k allocations: 12.210 MiB, 99.91% compilation time)
- [constraint_units_out_of_service_transition]  0.114866 seconds (160.82 k allocations: 11.034 MiB, 99.77% compilation time)
- [constraint_user_constraint]  5.791447 seconds (10.99 M allocations: 841.286 MiB, 7.10% gc time, 89.81% compilation time)
691.100062 seconds (1.80 G allocations: 199.281 GiB, 72.37% gc time, 7.63% compilation time)
Setting model objective...  5.635858 seconds (14.14 M allocations: 1.030 GiB, 11.64% gc time, 78.97% compilation time)
Bringing model to the first window... 15.546628 seconds (49.93 M allocations: 3.828 GiB, 76.31% gc time, 23.76% compilation time)
model - Window 1 of 12: 2019-01-01T00:00~(4 weeks, 2 days, 10 hours)~>2019-01-31T10:00
Optimizing model...Running HiGHS 1.8.0 (git hash: fcfb53414): Copyright (c) 2024 HiGHS under MIT licence terms
Coefficient ranges:
  Matrix [7e-04, 1e+05]
  Cost   [1e-03, 2e+09]
  Bound  [3e-01, 1e+05]
  RHS    [1e+00, 1e+02]
Presolving model
2711752 rows, 65703 cols, 5507440 nonzeros  1s
33109 rows, 48287 cols, 152839 nonzeros  6s
31647 rows, 47550 cols, 149890 nonzeros  6s
Solving MIP model with:
   31647 rows
   47550 cols (1452 binary, 322 integer, 0 implied int., 45776 continuous)
   149890 nonzeros
        Nodes      |    B&B Tree     |            Objective Bounds              |  Dynamic Constraints |       Work
     Proc. InQueue |  Leaves   Expl. | BestBound       BestSol              Gap |   Cuts   InLp Confl. | LpIters     Time
         0       0         0   0.00%   -inf            inf                  inf        0      0      0         0     6.9s
         0       0         0   0.00%   -4970816.515392 inf                  inf        0      0      2     27193    14.4s
 R       0       0         0   0.00%   -4962623.089033 -4939094.263949    0.48%    16940    222      2     28458    19.1s
         0       0         0   0.00%   -4960173.842424 -4939094.263949    0.43%     6018    507      2     29402    24.6s
         0       0         0   0.00%   -4960083.507395 -4939094.263949    0.42%     6216    620     38     29688    31.5s
         0       0         0   0.00%   -4960020.170586 -4939094.263949    0.42%     6401    736     38     29965    37.2s
 L       0       0         0   0.00%   -4960020.170586 -4955369.990618    0.09%     6401    736     38     29965   300.2s
2.2% inactive integer columns, restarting
Model after restart has 31606 rows, 47505 cols (1426 bin., 303 int., 0 impl., 45776 cont.), and 148872 nonzeros
         0       0         0   0.00%   -4960020.170586 -4955369.990618    0.09%      445      0      0    152562   300.7s
         0       0         0   0.00%   -4960020.170586 -4955369.990618    0.09%      445    422      0    155149   308.0s
         0       0         0   0.00%   -4959977.071164 -4955369.990618    0.09%      666    461      0    155353   313.2s
         0       0         0   0.00%   -4959960.125382 -4955369.990618    0.09%      749    510      0    155497   319.1s
         0       0         0   0.00%   -4959954.227283 -4955369.990618    0.09%      769    532      0    155692   325.9s
         1       0         1 100.00%   -4955369.990618 -4955369.990618    0.00%      799    438    119    189936   366.1s
         1       0         1 100.00%   -4955369.990618 -4955369.990618    0.00%      799    438    119    189936   366.1s
Solving report
  Status            Optimal
  Primal bound      -4955369.99062
  Dual bound        -4955369.99062
  Gap               0% (tolerance: 0%)
  Solution status   feasible
                    -4955369.99062 (objective)
                    0 (bound viol.)
                    5.16253706451e-14 (int. viol.)
                    0 (row viol.)
  Timing            366.10 (total)
                    7.22 (presolve)
                    0.00 (postsolve)
  Nodes             1
  LP iterations     189936 (total)
                    32648 (strong br.)
                    3315 (separation)
                    122597 (heuristics)
387.151685 seconds (28.30 M allocations: 2.006 GiB, 3.90% gc time, 0.02% compilation time)
Optimal solution found, objective function value: -4.955369990617968e6
Saving model results...  8.977351 seconds (8.53 M allocations: 510.420 MiB, 41.77% gc time, 54.93% compilation time)
Postprocessing model results...  0.006528 seconds (86 allocations: 5.984 KiB, 98.42% compilation time)
Saving model outputs...  6.910701 seconds (7.89 M allocations: 779.002 MiB, 53.41% gc time, 46.03% compilation time)
model - Rolling temporal structure...
  1.036937 seconds (5.47 M allocations: 180.211 MiB, 35.93% gc time, 18.83% compilation time)
Fixing history...  8.356926 seconds (28.38 M allocations: 3.167 GiB, 46.43% gc time, 28.65% compilation time)
Applying non-anticipativity constraints...  0.169894 seconds (45.76 k allocations: 3.243 MiB, 99.85% compilation time)
model - Window 2 of 12: 2019-01-31T10:00~(4 weeks, 2 days, 10 hours)~>2019-03-02T20:00
Optimizing model...Coefficient ranges:
  Matrix [7e-04, 1e+05]
  Cost   [1e-03, 2e+09]
  Bound  [2e-05, 1e+05]
  RHS    [1e+00, 1e+02]
Presolving model
2713039 rows, 65827 cols, 5508171 nonzeros  1s
32079 rows, 47985 cols, 147892 nonzeros  7s
30615 rows, 47251 cols, 144964 nonzeros  7s
Solving MIP model with:
   30615 rows
   47251 cols (1365 binary, 303 integer, 0 implied int., 45583 continuous)
   144964 nonzeros
        Nodes      |    B&B Tree     |            Objective Bounds              |  Dynamic Constraints |       Work
     Proc. InQueue |  Leaves   Expl. | BestBound       BestSol              Gap |   Cuts   InLp Confl. | LpIters     Time
         0       0         0   0.00%   -141312082.4368 inf                  inf        0      0      0         0     7.6s
         0       0         0   0.00%   18493026377.54  inf                  inf        0      0      2     28501    12.6s
 R       0       0         0   0.00%   18493034630.97  18493062096.34     0.00%     4958    433      5     36761    19.4s
         0       0         0   0.00%   18493034950.68  18493062096.34     0.00%     6317    550      5     42655    25.7s
         0       0         0   0.00%   18493035197.75  18493062096.34     0.00%     6873    579      5     47496    30.9s
         0       0         0   0.00%   18493035432.95  18493062096.34     0.00%     7634    607      5     52161    36.9s
         0       0         0   0.00%   18493035651.87  18493062096.34     0.00%     8081    471      5     57298    42.1s
         0       0         0   0.00%   18493035914.38  18493062096.34     0.00%     8593    443      5     63854    48.4s
         0       0         0   0.00%   18493036218.21  18493062096.34     0.00%     9342    432      5     67162    53.6s
         0       0         0   0.00%   18493036394.27  18493062096.34     0.00%     9790    416      5     73382    59.4s
         0       0         0   0.00%   18493036601.93  18493062096.34     0.00%     8771    402      5     79478    65.5s
         0       0         0   0.00%   18493036868.17  18493062096.34     0.00%     8772    385      5     84136    71.2s
         0       0         0   0.00%   18493037041.01  18493062096.34     0.00%     8655    394      5     88855    76.5s
         0       0         0   0.00%   18493037263.14  18493062096.34     0.00%     8560    366      5     93468    81.9s
         0       0         0   0.00%   18493037347.82  18493062096.34     0.00%     8507    352      5     99212    87.1s
         0       0         0   0.00%   18493037548.35  18493062096.34     0.00%     8546    331      5    104592    93.0s
         0       0         0   0.00%   18493037727.6   18493062096.34     0.00%     8266    316      5    108488    98.1s
         0       0         0   0.00%   18493037862.77  18493062096.34     0.00%     7833    305      5    112644   103.3s
         0       0         0   0.00%   18493037966.96  18493062096.34     0.00%     7727    278      5    117910   109.5s
         0       0         0   0.00%   18493038017.71  18493062096.34     0.00%     7315    244      5    122981   114.9s
        Nodes      |    B&B Tree     |            Objective Bounds              |  Dynamic Constraints |       Work
     Proc. InQueue |  Leaves   Expl. | BestBound       BestSol              Gap |   Cuts   InLp Confl. | LpIters     Time
         0       0         0   0.00%   18493038074.56  18493062096.34     0.00%     6977    252      5    128487   120.7s
 L       0       0         0   0.00%   18493038078.29  18493038078.29     0.00%     6818    252      5    130036  1214.7s
         1       0         1 100.00%   18493038078.29  18493038078.29     0.00%     6569    252      5    480747  1214.8s
Solving report
  Status            Optimal
  Primal bound      18493038078.3
  Dual bound        18493038078.3
  Gap               0% (tolerance: 0%)
  Solution status   feasible
                    18493038078.3 (objective)
                    0 (bound viol.)
                    0 (int. viol.)
                    0 (row viol.)
  Timing            1214.78 (total)
                    7.45 (presolve)
                    0.00 (postsolve)
  Nodes             1
  LP iterations     480747 (total)
                    0 (strong br.)
                    101535 (separation)
                    350711 (heuristics)
1214.946793 seconds (2 allocations: 32 bytes)
Optimal solution found, objective function value: 1.8493038078291626e10
Saving model results...  5.592373 seconds (5.92 M allocations: 332.267 MiB, 88.76% gc time)
Postprocessing model results...  0.000150 seconds (51 allocations: 4.281 KiB)
Saving model outputs...  4.112693 seconds (5.15 M allocations: 593.917 MiB, 89.32% gc time)
model - Rolling temporal structure...
  0.687358 seconds (5.34 M allocations: 170.759 MiB, 16.65% gc time, 6.00% compilation time)
Fixing history...  2.962654 seconds (27.29 M allocations: 3.093 GiB, 22.01% gc time)
Applying non-anticipativity constraints...  0.000198 seconds (438 allocations: 41.797 KiB)
model - Window 3 of 12: 2019-03-02T20:00~(4 weeks, 2 days, 10 hours)~>2019-04-02T06:00
Optimizing model...Coefficient ranges:
  Matrix [7e-04, 1e+05]
  Cost   [1e-03, 2e+09]
  Bound  [1e-16, 1e+05]
  RHS    [1e+00, 1e+02]
Presolving model
2723482 rows, 65872 cols, 5529090 nonzeros  1s
37268 rows, 47930 cols, 158205 nonzeros  8s
30619 rows, 47185 cols, 144902 nonzeros  8s
Solving MIP model with:
   30619 rows
   47185 cols (1365 binary, 303 integer, 0 implied int., 45517 continuous)
   144902 nonzeros
        Nodes      |    B&B Tree     |            Objective Bounds              |  Dynamic Constraints |       Work
     Proc. InQueue |  Leaves   Expl. | BestBound       BestSol              Gap |   Cuts   InLp Confl. | LpIters     Time
         0       0         0   0.00%   -inf            inf                  inf        0      0      0         0     8.6s
         0       0         0   0.00%   18488097630.3   inf                  inf        0      0      2     29933    13.8s
 R       0       0         0   0.00%   18488104249.52  18488107211.31     0.00%     5030    357      5     37778    20.0s
         0       0         0   0.00%   18488104912.25  18488107211.31     0.00%     6246    429     41     43190    25.9s
         0       0         0   0.00%   18488105257.95  18488107211.31     0.00%     6898    449     41     48901    31.8s
         0       0         0   0.00%   18488105607.13  18488107211.31     0.00%     7588    467     41     55251    38.6s
         0       0         0   0.00%   18488105976.13  18488107211.31     0.00%     8141    365     41     59870    43.7s
         0       0         0   0.00%   18488106152.04  18488107211.31     0.00%     8634    375     41     67406    50.0s
         0       0         0   0.00%   18488106378.11  18488107211.31     0.00%     9115    337     41     76975    58.2s
         0       0         0   0.00%   18488106478.71  18488107211.31     0.00%     9447    345     41     82864    63.5s
 L       0       0         0   0.00%   18488106585.13  18488107171.02     0.00%     9596    349     41     85806   281.7s
19.2% inactive integer columns, restarting
Model after restart has 30442 rows, 46757 cols (1142 bin., 98 int., 0 impl., 45517 cont.), and 132040 nonzeros
         0       0         0   0.00%   18488106612.4   18488107171.02     0.00%      204      0      0    376299   284.0s
         0       0         0   0.00%   18488106612.4   18488107171.02     0.00%      204    190      0    391174   291.7s
11.9% inactive integer columns, restarting
Model after restart has 30302 rows, 46589 cols (1027 bin., 45 int., 0 impl., 45517 cont.), and 127174 nonzeros
         0       0         0   0.00%   18488106732.45  18488107171.02     0.00%      184      0      0    393792   295.5s
         0       0         0   0.00%   18488106732.45  18488107171.02     0.00%      184    178      0    408138   303.5s
10.6% inactive integer columns, restarting
Model after restart has 30191 rows, 46466 cols (925 bin., 24 int., 0 impl., 45517 cont.), and 123464 nonzeros
         0       0         0   0.00%   18488106793.33  18488107171.02     0.00%      179      0      0    408404   304.8s
         0       0         0   0.00%   18488106793.33  18488107171.02     0.00%      179    172      0    423315   313.0s
10.1% inactive integer columns, restarting
Model after restart has 30119 rows, 46337 cols (811 bin., 9 int., 0 impl., 45517 cont.), and 120495 nonzeros
         0       0         0   0.00%   18488106851.56  18488107171.02     0.00%      169      0      0    425274   316.7s
         0       0         0   0.00%   18488106851.56  18488107171.02     0.00%      169    167      0    436829   322.9s
16.8% inactive integer columns, restarting
Model after restart has 29931 rows, 46136 cols (617 bin., 2 int., 0 impl., 45517 cont.), and 114981 nonzeros
         0       0         0   0.00%   18488106878.71  18488107171.02     0.00%      169      0      0    437413   325.4s
        Nodes      |    B&B Tree     |            Objective Bounds              |  Dynamic Constraints |       Work
     Proc. InQueue |  Leaves   Expl. | BestBound       BestSol              Gap |   Cuts   InLp Confl. | LpIters     Time
         0       0         0   0.00%   18488106878.71  18488107171.02     0.00%      169    164      0    447269   330.5s
11.5% inactive integer columns, restarting
Model after restart has 29885 rows, 46044 cols (527 bin., 0 int., 0 impl., 45517 cont.), and 113267 nonzeros
         0       0         0   0.00%   18488106934.9   18488107171.02     0.00%      165      0      0    449405   334.5s
         0       0         0   0.00%   18488106934.9   18488107171.02     0.00%      165    164      0    464034   342.4s
17.1% inactive integer columns, restarting
Model after restart has 29733 rows, 45930 cols (413 bin., 0 int., 0 impl., 45517 cont.), and 110690 nonzeros
         0       0         0   0.00%   18488106962.33  18488107171.02     0.00%      161      0      0    464387   343.7s
         0       0         0   0.00%   18488106962.33  18488107171.02     0.00%      161    155      0    476252   349.5s
11.1% inactive integer columns, restarting
Model after restart has 29684 rows, 45868 cols (351 bin., 0 int., 0 impl., 45517 cont.), and 109642 nonzeros
         0       0         0   0.00%   18488106995.32  18488107171.02     0.00%      157      0      0    477734   352.1s
         0       0         0   0.00%   18488106995.32  18488107171.02     0.00%      157    156      0    489330   358.1s
12.3% inactive integer columns, restarting
Model after restart has 29639 rows, 45813 cols (296 bin., 0 int., 0 impl., 45517 cont.), and 109067 nonzeros
         0       0         0   0.00%   18488107018.68  18488107171.02     0.00%      157      0      0    490493   360.6s
         0       0         0   0.00%   18488107018.68  18488107171.02     0.00%      157    154      0    500187   365.9s
10.1% inactive integer columns, restarting
Model after restart has 29601 rows, 45773 cols (256 bin., 0 int., 0 impl., 45517 cont.), and 108696 nonzeros
         0       0         0   0.00%   18488107040.03  18488107171.02     0.00%      153      0      0    500540   368.0s
         0       0         0   0.00%   18488107040.03  18488107171.02     0.00%      153    151      0    513786   375.0s
19.1% inactive integer columns, restarting
Model after restart has 29526 rows, 45706 cols (189 bin., 0 int., 0 impl., 45517 cont.), and 108022 nonzeros
         0       0         0   0.00%   18488107067.97  18488107171.02     0.00%      154      0      0    516695   378.9s
         0       0         0   0.00%   18488107067.97  18488107171.02     0.00%      154    151      0    525198   383.9s
23.8% inactive integer columns, restarting
Model after restart has 29407 rows, 45643 cols (126 bin., 0 int., 0 impl., 45517 cont.), and 107384 nonzeros
         0       0         0   0.00%   18488107099.63  18488107171.02     0.00%      145      0      0    526288   386.3s
         0       0         0   0.00%   18488107099.63  18488107171.02     0.00%      145    140      0    538171   394.1s
17.5% inactive integer columns, restarting
Model after restart has 29275 rows, 45614 cols (97 bin., 0 int., 0 impl., 45517 cont.), and 106909 nonzeros
         0       0         0   0.00%   18488107110.07  18488107171.02     0.00%      137      0      0    539918   397.8s
         0       0         0   0.00%   18488107110.07  18488107171.02     0.00%      137    129      0    548924   402.7s
34.0% inactive integer columns, restarting
Model after restart has 29212 rows, 45565 cols (53 bin., 0 int., 0 impl., 45512 cont.), and 106602 nonzeros
         0       0         0   0.00%   18488107140.63  18488107171.02     0.00%      127      0      0    551475   407.5s
         0       0         0   0.00%   18488107140.63  18488107171.02     0.00%      127    119      0    563054   413.1s
13.2% inactive integer columns, restarting
Model after restart has 29196 rows, 45554 cols (42 bin., 0 int., 0 impl., 45512 cont.), and 106527 nonzeros
         0       0         0   0.00%   18488107143.36  18488107171.02     0.00%      120      0      0    563191   414.2s
        Nodes      |    B&B Tree     |            Objective Bounds              |  Dynamic Constraints |       Work
     Proc. InQueue |  Leaves   Expl. | BestBound       BestSol              Gap |   Cuts   InLp Confl. | LpIters     Time
         0       0         0   0.00%   18488107143.36  18488107171.02     0.00%      120    115      0    571679   418.1s
         0       0         0   0.00%   18488107147.2   18488107171.02     0.00%      182    123      0    574163   423.5s
7.1% inactive integer columns, restarting
Model after restart has 29192 rows, 45550 cols (38 bin., 0 int., 0 impl., 45512 cont.), and 106501 nonzeros
         0       0         0   0.00%   18488107147.53  18488107171.02     0.00%      121      0      0    574255   427.8s
         0       0         0   0.00%   18488107147.53  18488107171.02     0.00%      121    118      0    577818   431.1s
         0       0         0   0.00%   18488107148.24  18488107171.02     0.00%      134    125      0    577893   436.3s
13.2% inactive integer columns, restarting
Model after restart has 29187 rows, 45543 cols (31 bin., 0 int., 0 impl., 45512 cont.), and 106451 nonzeros
         0       0         0   0.00%   18488107151.1   18488107171.02     0.00%      122      0      0    578042   437.4s
         0       0         0   0.00%   18488107151.1   18488107171.02     0.00%      122    119      0    586351   441.4s
12.9% inactive integer columns, restarting
Model after restart has 29180 rows, 45537 cols (25 bin., 0 int., 0 impl., 45512 cont.), and 106410 nonzeros
         0       0         0   0.00%   18488107157.03  18488107171.02     0.00%      115      0      0    586652   442.5s
         0       0         0   0.00%   18488107157.03  18488107171.02     0.00%      115    114      0    597878   449.0s
         0       0         0   0.00%   18488107159.11  18488107171.02     0.00%      140    121      0    600320   454.6s
16.0% inactive integer columns, restarting
Model after restart has 29176 rows, 45533 cols (21 bin., 0 int., 0 impl., 45512 cont.), and 106388 nonzeros
         0       0         0   0.00%   18488107160.42  18488107171.02     0.00%      114      0      0    600852   456.0s
         0       0         0   0.00%   18488107160.42  18488107171.02     0.00%      114    113      0    604744   459.4s
14.3% inactive integer columns, restarting
Model after restart has 28985 rows, 45526 cols (14 bin., 0 int., 0 impl., 45512 cont.), and 105820 nonzeros
         0       0         0   0.00%   18488107163.23  18488107171.02     0.00%      109      0      0    605560   461.9s
         0       0         0   0.00%   18488107163.23  18488107171.02     0.00%      109     97      0    614448   468.0s
35.7% inactive integer columns, restarting
Model after restart has 28830 rows, 45521 cols (9 bin., 0 int., 0 impl., 45512 cont.), and 105346 nonzeros
         0       0         0   0.00%   18488107166.78  18488107171.02     0.00%       99      0      0    615012   471.0s
         0       0         0   0.00%   18488107166.78  18488107171.02     0.00%       99     89      0    624325   475.9s
11.1% inactive integer columns, restarting
Model after restart has 28733 rows, 45520 cols (8 bin., 0 int., 0 impl., 45512 cont.), and 105056 nonzeros
         0       0         0   0.00%   18488107167.11  18488107171.02     0.00%       90      0      0    624571   478.8s
         0       0         0   0.00%   18488107167.11  18488107171.02     0.00%       90     84      0    626908   481.7s
         1       0         1 100.00%   18488107171.02  18488107171.02     0.00%       96     84      0    642533   492.4s
         1       0         1 100.00%   18488107171.02  18488107171.02     0.00%       96     84      0    642533   492.4s
Solving report
  Status            Optimal
  Primal bound      18488107171
  Dual bound        18488107171
  Gap               0% (tolerance: 0%)
  Solution status   feasible
                    18488107171 (objective)
                    0 (bound viol.)
                    0 (int. viol.)
                    0 (row viol.)
  Timing            492.44 (total)
                    11.90 (presolve)
                    0.00 (postsolve)
  Nodes             1
  LP iterations     642533 (total)
                    12335 (strong br.)
                    84296 (separation)
                    289195 (heuristics)
492.572206 seconds (2 allocations: 32 bytes)
Optimal solution found, objective function value: 1.8488107171019653e10
Saving model results...  4.635224 seconds (5.92 M allocations: 332.267 MiB, 86.02% gc time)
Postprocessing model results...  0.000050 seconds (51 allocations: 4.281 KiB)
Saving model outputs...  3.718605 seconds (5.15 M allocations: 593.917 MiB, 88.92% gc time)
model - Rolling temporal structure...
  0.789703 seconds (5.34 M allocations: 170.703 MiB, 38.52% gc time)
Fixing history...  6.005882 seconds (27.29 M allocations: 3.093 GiB, 63.74% gc time)
Applying non-anticipativity constraints...  0.000189 seconds (438 allocations: 41.797 KiB)
model - Window 4 of 12: 2019-04-02T06:00~(4 weeks, 2 days, 10 hours)~>2019-05-02T16:00
Optimizing model...Coefficient ranges:
  Matrix [7e-04, 1e+05]
  Cost   [1e-03, 2e+09]
  Bound  [7e-16, 1e+05]
  RHS    [1e+00, 1e+02]
Presolving model
2713185 rows, 66051 cols, 5508687 nonzeros  1s
32079 rows, 47949 cols, 147856 nonzeros  7s
30619 rows, 47218 cols, 144908 nonzeros  7s
Solving MIP model with:
   30619 rows
   47218 cols (1364 binary, 303 integer, 0 implied int., 45551 continuous)
   144908 nonzeros
        Nodes      |    B&B Tree     |            Objective Bounds              |  Dynamic Constraints |       Work
     Proc. InQueue |  Leaves   Expl. | BestBound       BestSol              Gap |   Cuts   InLp Confl. | LpIters     Time
         0       0         0   0.00%   -inf            inf                  inf        0      0      0         0     7.6s
         0       0         0   0.00%   18490269275.08  inf                  inf        0      0      2     29841    12.8s
 R       0       0         0   0.00%   18490276208.71  18490299049.8      0.00%     5627    267      5     34574    18.3s
 C       0       0         0   0.00%   18490276904.27  18490279627.87     0.00%     7292    470     14     38292    24.3s
         0       0         0   0.00%   18490277342.87  18490279627.87     0.00%     7944    503     14     41933    29.8s
         0       0         0   0.00%   18490277786.02  18490279627.87     0.00%     8812    530     14     46432    35.8s
         0       0         0   0.00%   18490278129.61  18490279627.87     0.00%     9478    430     14     51321    42.1s
         0       0         0   0.00%   18490278536.96  18490279627.87     0.00%     9966    383     14     54814    47.6s
         0       0         0   0.00%   18490278737.42  18490279627.87     0.00%    10325    351     14     58604    53.6s
         0       0         0   0.00%   18490278989.46  18490279627.87     0.00%     9523    344     14     61867    59.8s
 L       0       0         0   0.00%   18490279221.74  18490279590.39     0.00%     9756    354     14     62875   230.3s
28.7% inactive integer columns, restarting
Model after restart has 30311 rows, 46612 cols (1009 bin., 52 int., 0 impl., 45551 cont.), and 127837 nonzeros
         0       0         0   0.00%   18490279265.19  18490279590.39     0.00%      222      0      0    292282   232.5s
         0       0         0   0.00%   18490279265.19  18490279590.39     0.00%      222    201      0    303468   238.0s
11.5% inactive integer columns, restarting
Model after restart has 30191 rows, 46465 cols (881 bin., 33 int., 0 impl., 45551 cont.), and 124654 nonzeros
         0       0         0   0.00%   18490279287.7   18490279590.39     0.00%      197      0      0    303674   239.2s
         0       0         0   0.00%   18490279287.7   18490279590.39     0.00%      197    193      0    314547   244.9s
18.2% inactive integer columns, restarting
Model after restart has 29965 rows, 46268 cols (701 bin., 16 int., 0 impl., 45551 cont.), and 119596 nonzeros
         0       0         0   0.00%   18490279335.1   18490279590.39     0.00%      184      0      0    314770   246.1s
         0       0         0   0.00%   18490279335.1   18490279590.39     0.00%      184    165      0    324687   250.8s
21.2% inactive integer columns, restarting
Model after restart has 29849 rows, 46068 cols (517 bin., 0 int., 0 impl., 45551 cont.), and 114405 nonzeros
         0       0         0   0.00%   18490279405.71  18490279590.39     0.00%      159      0      0    325081   252.1s
         0       0         0   0.00%   18490279405.71  18490279590.39     0.00%      159    155      0    334401   256.9s
24.6% inactive integer columns, restarting
Model after restart has 29604 rows, 45915 cols (364 bin., 0 int., 0 impl., 45551 cont.), and 110933 nonzeros
         0       0         0   0.00%   18490279440.02  18490279590.39     0.00%      152      0      0    334685   258.5s
        Nodes      |    B&B Tree     |            Objective Bounds              |  Dynamic Constraints |       Work
     Proc. InQueue |  Leaves   Expl. | BestBound       BestSol              Gap |   Cuts   InLp Confl. | LpIters     Time
         0       0         0   0.00%   18490279440.02  18490279590.39     0.00%      152    143      0    343550   263.7s
12.9% inactive integer columns, restarting
Model after restart has 29538 rows, 45855 cols (304 bin., 0 int., 0 impl., 45551 cont.), and 109635 nonzeros
         0       0         0   0.00%   18490279455.23  18490279590.39     0.00%      148      0      0    344955   266.9s
         0       0         0   0.00%   18490279455.23  18490279590.39     0.00%      148    143      0    354381   273.3s
15.1% inactive integer columns, restarting
Model after restart has 29482 rows, 45793 cols (242 bin., 0 int., 0 impl., 45551 cont.), and 108682 nonzeros
         0       0         0   0.00%   18490279487.89  18490279590.39     0.00%      142      0      0    354675   274.5s
         0       0         0   0.00%   18490279487.89  18490279590.39     0.00%      142    141      0    362835   279.1s
24.8% inactive integer columns, restarting
Model after restart has 29391 rows, 45722 cols (171 bin., 0 int., 0 impl., 45551 cont.), and 107693 nonzeros
         0       0         0   0.00%   18490279519.3   18490279590.39     0.00%      145      0      0    363190   281.0s
         0       0         0   0.00%   18490279519.3   18490279590.39     0.00%      145    140      0    371739   285.7s
10.5% inactive integer columns, restarting
Model after restart has 29369 rows, 45700 cols (149 bin., 0 int., 0 impl., 45551 cont.), and 107376 nonzeros
         0       0         0   0.00%   18490279524.49  18490279590.39     0.00%      140      0      0    372198   286.9s
         0       0         0   0.00%   18490279524.49  18490279590.39     0.00%      140    138      0    379896   291.5s
21.5% inactive integer columns, restarting
Model after restart has 29288 rows, 45659 cols (108 bin., 0 int., 0 impl., 45551 cont.), and 106947 nonzeros
         0       0         0   0.00%   18490279529.64  18490279590.39     0.00%      140      0      0    380008   292.7s
         0       0         0   0.00%   18490279529.64  18490279590.39     0.00%      140    132      0    387621   296.9s
13.0% inactive integer columns, restarting
Model after restart has 29274 rows, 45642 cols (91 bin., 0 int., 0 impl., 45551 cont.), and 106827 nonzeros
         0       0         0   0.00%   18490279546.17  18490279590.39     0.00%      133      0      0    388125   299.5s
         0       0         0   0.00%   18490279546.17  18490279590.39     0.00%      133    130      0    395728   304.0s
12.1% inactive integer columns, restarting
Model after restart has 29258 rows, 45626 cols (75 bin., 0 int., 0 impl., 45551 cont.), and 106742 nonzeros
         0       0         0   0.00%   18490279550.22  18490279590.39     0.00%      134      0      0    396460   306.6s
         0       0         0   0.00%   18490279550.22  18490279590.39     0.00%      134    133      0    403969   310.7s
         0       0         0   0.00%   18490279555.87  18490279590.39     0.00%      185    147      0    406715   316.8s
20.0% inactive integer columns, restarting
Model after restart has 29237 rows, 45598 cols (52 bin., 0 int., 0 impl., 45546 cont.), and 106628 nonzeros
         0       0         0   0.00%   18490279559.28  18490279590.39     0.00%      133      0      0    408266   320.0s
         0       0         0   0.00%   18490279559.28  18490279590.39     0.00%      133    130      0    416332   324.9s
19.2% inactive integer columns, restarting
Model after restart has 29149 rows, 45581 cols (35 bin., 0 int., 0 impl., 45546 cont.), and 106352 nonzeros
         0       0         0   0.00%   18490279566.49  18490279590.39     0.00%      128      0      0    416410   325.9s
         0       0         0   0.00%   18490279566.49  18490279590.39     0.00%      128    124      0    423994   329.3s
        Nodes      |    B&B Tree     |            Objective Bounds              |  Dynamic Constraints |       Work
     Proc. InQueue |  Leaves   Expl. | BestBound       BestSol              Gap |   Cuts   InLp Confl. | LpIters     Time
         0       0         0   0.00%   18490279567.53  18490279590.39     0.00%      195    137      0    424692   334.4s
11.4% inactive integer columns, restarting
Model after restart has 29058 rows, 45573 cols (27 bin., 0 int., 0 impl., 45546 cont.), and 106077 nonzeros
         0       0         0   0.00%   18490279567.53  18490279590.39     0.00%      131      0      0    424692   334.5s
         0       0         0   0.00%   18490279567.53  18490279590.39     0.00%      131    106      0    432310   338.1s
14.8% inactive integer columns, restarting
Model after restart has 29038 rows, 45566 cols (20 bin., 0 int., 0 impl., 45546 cont.), and 106007 nonzeros
         0       0         0   0.00%   18490279584.02  18490279590.39     0.00%      107      0      0    434025   342.0s
15.0% inactive integer columns, restarting
Model after restart has 28944 rows, 45561 cols (15 bin., 0 int., 0 impl., 45546 cont.), and 105722 nonzeros
         0       0         0   0.00%   18490279584.02  18490279590.39     0.00%      104      0      0    442025   346.5s
         0       0         0   0.00%   18490279584.02  18490279590.39     0.00%      104     93      0    449182   350.0s
20.0% inactive integer columns, restarting
Model after restart has 28867 rows, 45555 cols (9 bin., 0 int., 0 impl., 45546 cont.), and 105492 nonzeros
         0       0         0   0.00%   18490279584.24  18490279590.39     0.00%       94      0      0    450224   354.7s
         0       0         0   0.00%   18490279584.24  18490279590.39     0.00%       94     84      0    457519   358.5s
         1       0         0 100.00%   18490279588.68  18490279590.39     0.00%       99     86      0    465420   364.1s
         1       0         0 100.00%   18490279588.68  18490279590.39     0.00%       99     86      0    465420   364.1s
Solving report
  Status            Optimal
  Primal bound      18490279590.4
  Dual bound        18490279588.7
  Gap               0% (tolerance: 0%)
  Solution status   feasible
                    18490279590.4 (objective)
                    0 (bound viol.)
                    0 (int. viol.)
                    0 (row viol.)
  Timing            364.09 (total)
                    10.12 (presolve)
                    0.00 (postsolve)
  Nodes             1
  LP iterations     465420 (total)
                    7234 (strong br.)
                    46772 (separation)
                    228483 (heuristics)
364.221289 seconds (2 allocations: 32 bytes)
Optimal solution found, objective function value: 1.849027959039009e10
Saving model results...  4.043261 seconds (5.92 M allocations: 332.267 MiB, 89.28% gc time)
Postprocessing model results...  0.000082 seconds (51 allocations: 4.281 KiB)
Saving model outputs...  3.820911 seconds (5.15 M allocations: 593.917 MiB, 89.68% gc time)
model - Rolling temporal structure...
  0.556754 seconds (5.34 M allocations: 170.812 MiB, 16.66% gc time)
Fixing history...  2.862320 seconds (27.29 M allocations: 3.093 GiB, 22.98% gc time)
Applying non-anticipativity constraints...  0.000203 seconds (438 allocations: 41.797 KiB)
model - Window 5 of 12: 2019-05-02T16:00~(4 weeks, 2 days, 10 hours)~>2019-06-02T02:00
Optimizing model...Coefficient ranges:
  Matrix [7e-04, 1e+05]
  Cost   [1e-03, 2e+09]
  Bound  [9e-16, 1e+05]
  RHS    [1e+00, 1e+02]
Presolving model
2713237 rows, 66133 cols, 5508873 nonzeros  1s
32079 rows, 47635 cols, 147542 nonzeros  7s
30619 rows, 46905 cols, 144622 nonzeros  7s
Solving MIP model with:
   30619 rows
   46905 cols (1365 binary, 303 integer, 0 implied int., 45237 continuous)
   144622 nonzeros
        Nodes      |    B&B Tree     |            Objective Bounds              |  Dynamic Constraints |       Work
     Proc. InQueue |  Leaves   Expl. | BestBound       BestSol              Gap |   Cuts   InLp Confl. | LpIters     Time
         0       0         0   0.00%   -inf            inf                  inf        0      0      0         0     7.9s
         0       0         0   0.00%   18494086270.68  inf                  inf        0      0      3     29865    13.9s
 R       0       0         0   0.00%   18494093547.51  18494096537.05     0.00%     5250    357      6     35860    19.7s
         0       0         0   0.00%   18494093920.56  18494096537.05     0.00%     6222    403     13     39702    25.9s
         0       0         0   0.00%   18494094200.46  18494096537.05     0.00%     6808    421     13     43707    31.0s
         0       0         0   0.00%   18494094581.02  18494096537.05     0.00%     7503    434     13     48954    37.2s
         0       0         0   0.00%   18494094942.44  18494096537.05     0.00%     8131    447     13     52403    42.3s
         0       0         0   0.00%   18494095241.83  18494096537.05     0.00%     8721    328     13     56482    47.4s
         0       0         0   0.00%   18494095625.03  18494096537.05     0.00%     9508    309     13     60896    53.4s
         0       0         0   0.00%   18494095932.46  18494096537.05     0.00%    10162    296     13     64073    58.6s
         0       0         0   0.00%   18494095932.46  18494096537.05     0.00%    10162    191     13    279603   237.9s
10.9% inactive integer columns, restarting
Model after restart has 30574 rows, 46710 cols (1313 bin., 160 int., 0 impl., 45237 cont.), and 138200 nonzeros
         0       0         0   0.00%   18494095932.46  18494096537.05     0.00%      191      0      0    279603   238.2s
         0       0         0   0.00%   18494095932.46  18494096537.05     0.00%      191    182      2    290464   242.8s
13.0% inactive integer columns, restarting
Model after restart has 30472 rows, 46433 cols (1137 bin., 59 int., 0 impl., 45237 cont.), and 131130 nonzeros
         0       0         0   0.00%   18494096121.03  18494096537.05     0.00%      170      0      0    293480   247.6s
         0       0         0   0.00%   18494096121.03  18494096537.05     0.00%      170    160      0    303857   253.1s
10.0% inactive integer columns, restarting
Model after restart has 30420 rows, 46299 cols (1035 bin., 27 int., 0 impl., 45237 cont.), and 126814 nonzeros
         0       0         0   0.00%   18494096184.37  18494096537.05     0.00%      160      0      0    304979   255.0s
         0       0         0   0.00%   18494096184.37  18494096537.05     0.00%      160    158      4    315238   259.3s
11.4% inactive integer columns, restarting
Model after restart has 30332 rows, 46145 cols (897 bin., 11 int., 0 impl., 45237 cont.), and 122247 nonzeros
         0       0         0   0.00%   18494096236.3   18494096537.05     0.00%      155      0      0    315576   260.8s
         0       0         0   0.00%   18494096236.3   18494096537.05     0.00%      155    154      0    326167   266.6s
18.5% inactive integer columns, restarting
Model after restart has 30186 rows, 45935 cols (692 bin., 6 int., 0 impl., 45237 cont.), and 116938 nonzeros
         0       0         0   0.00%   18494096302.49  18494096537.05     0.00%      154      0      0    326836   268.1s
12.8% inactive integer columns, restarting
Model after restart has 30054 rows, 45812 cols (571 bin., 4 int., 0 impl., 45237 cont.), and 114332 nonzeros
        Nodes      |    B&B Tree     |            Objective Bounds              |  Dynamic Constraints |       Work
     Proc. InQueue |  Leaves   Expl. | BestBound       BestSol              Gap |   Cuts   InLp Confl. | LpIters     Time
         0       0         0   0.00%   18494096302.49  18494096537.05     0.00%      150      0      0    336962   274.4s
         0       0         0   0.00%   18494096302.49  18494096537.05     0.00%      150    145      0    346670   279.8s
29.0% inactive integer columns, restarting
Model after restart has 29865 rows, 45578 cols (341 bin., 0 int., 0 impl., 45237 cont.), and 110288 nonzeros
         0       0         0   0.00%   18494096391.98  18494096537.05     0.00%      143      0      0    348452   283.0s
10.3% inactive integer columns, restarting
Model after restart has 29770 rows, 45536 cols (299 bin., 0 int., 0 impl., 45237 cont.), and 109325 nonzeros
         0       0         0   0.00%   18494096391.98  18494096537.05     0.00%      140      0      0    356103   286.6s
         0       0         0   0.00%   18494096391.98  18494096537.05     0.00%      140    138      0    363816   290.3s
19.1% inactive integer columns, restarting
Model after restart has 29688 rows, 45459 cols (222 bin., 0 int., 0 impl., 45237 cont.), and 108430 nonzeros
         0       0         0   0.00%   18494096429.44  18494096537.05     0.00%      136      0      0    364329   291.8s
         0       0         0   0.00%   18494096429.44  18494096537.05     0.00%      136    134      0    371930   296.3s
20.3% inactive integer columns, restarting
Model after restart has 29644 rows, 45406 cols (169 bin., 0 int., 0 impl., 45237 cont.), and 107952 nonzeros
         0       0         0   0.00%   18494096465.72  18494096537.05     0.00%      133      0      0    372551   298.9s
         0       0         0   0.00%   18494096465.72  18494096537.05     0.00%      133    131      0    380782   303.2s
14.8% inactive integer columns, restarting
Model after restart has 29581 rows, 45372 cols (135 bin., 0 int., 0 impl., 45237 cont.), and 107595 nonzeros
         0       0         0   0.00%   18494096476.77  18494096537.05     0.00%      130      0      0    380917   304.4s
         0       0         0   0.00%   18494096476.77  18494096537.05     0.00%      130    126      0    388516   307.8s
11.9% inactive integer columns, restarting
Model after restart has 29566 rows, 45354 cols (117 bin., 0 int., 0 impl., 45237 cont.), and 107446 nonzeros
         0       0         0   0.00%   18494096495.06  18494096537.05     0.00%      124      0      0    388861   309.1s
17.9% inactive integer columns, restarting
Model after restart has 29466 rows, 45320 cols (83 bin., 0 int., 0 impl., 45237 cont.), and 107111 nonzeros
         0       0         0   0.00%   18494096495.06  18494096537.05     0.00%      124      0      0    396640   312.8s
         0       0         0   0.00%   18494096495.06  18494096537.05     0.00%      124    115      0    405186   317.2s
10.8% inactive integer columns, restarting
Model after restart has 29363 rows, 45306 cols (69 bin., 0 int., 0 impl., 45237 cont.), and 106789 nonzeros
         0       0         0   0.00%   18494096502.67  18494096537.05     0.00%      112      0      0    405529   318.5s
         0       0         0   0.00%   18494096502.67  18494096537.05     0.00%      112    104      0    412940   322.4s
14.5% inactive integer columns, restarting
Model after restart has 29233 rows, 45287 cols (55 bin., 0 int., 0 impl., 45232 cont.), and 106378 nonzeros
         0       0         0   0.00%   18494096510.06  18494096537.05     0.00%      105      0      0    413889   325.0s
         0       0         0   0.00%   18494096510.06  18494096537.05     0.00%      105     97      0    420862   328.1s
49.1% inactive integer columns, restarting
Model after restart has 28885 rows, 45255 cols (23 bin., 0 int., 0 impl., 45232 cont.), and 105246 nonzeros
         0       0         0   0.00%   18494096512.06  18494096537.05     0.00%      100      0      0    421530   330.5s
         0       0         0   0.00%   18494096512.06  18494096537.05     0.00%      100     71      0    427820   333.8s
39.1% inactive integer columns, restarting
Model after restart has 28708 rows, 45243 cols (11 bin., 0 int., 0 impl., 45232 cont.), and 104702 nonzeros
        Nodes      |    B&B Tree     |            Objective Bounds              |  Dynamic Constraints |       Work
     Proc. InQueue |  Leaves   Expl. | BestBound       BestSol              Gap |   Cuts   InLp Confl. | LpIters     Time
         0       0         0   0.00%   18494096518.7   18494096537.05     0.00%       65      0      0    428710   337.2s
         0       0         0   0.00%   18494096518.7   18494096537.05     0.00%       65     52      0    434282   339.9s
90.9% inactive integer columns, restarting
Model after restart has 28474 rows, 45234 cols (2 bin., 0 int., 0 impl., 45232 cont.), and 104002 nonzeros
         0       0         0   0.00%   18494096533.26  18494096537.05     0.00%       50      0      0    434671   341.4s
 R       0       0         0   0.00%   18494096533.26  18494096537.05     0.00%       50     33      0    440318   343.4s
         1       0         0 100.00%   18494096536.78  18494096537.05     0.00%       51     33      0    443228   346.5s
Solving report
  Status            Optimal
  Primal bound      18494096537.1
  Dual bound        18494096536.8
  Gap               0% (tolerance: 0%)
  Solution status   feasible
                    18494096537.1 (objective)
                    0 (bound viol.)
                    0 (int. viol.)
                    0 (row viol.)
  Timing            346.48 (total)
                    10.70 (presolve)
                    0.00 (postsolve)
  Nodes             1
  LP iterations     443228 (total)
                    2246 (strong br.)
                    46014 (separation)
                    215530 (heuristics)
346.595444 seconds (2 allocations: 32 bytes)
Optimal solution found, objective function value: 1.8494096537053795e10
Saving model results...  4.208795 seconds (5.92 M allocations: 332.267 MiB, 91.02% gc time)
Postprocessing model results...  0.000072 seconds (51 allocations: 4.281 KiB)
Saving model outputs...  3.723983 seconds (5.15 M allocations: 593.917 MiB, 89.41% gc time)
model - Rolling temporal structure...
  3.998373 seconds (5.34 M allocations: 170.946 MiB, 87.42% gc time)
Fixing history...  2.780899 seconds (27.29 M allocations: 3.093 GiB, 23.76% gc time)
Applying non-anticipativity constraints...  0.000225 seconds (438 allocations: 41.797 KiB)
model - Window 6 of 12: 2019-06-02T02:00~(4 weeks, 2 days, 10 hours)~>2019-07-02T12:00
Optimizing model...Coefficient ranges:
  Matrix [7e-04, 1e+05]
  Cost   [1e-03, 2e+09]
  Bound  [1e-17, 1e+05]
  RHS    [1e+00, 1e+02]
Presolving model
2713249 rows, 66298 cols, 5509062 nonzeros  1s
32079 rows, 47962 cols, 147869 nonzeros  7s
30619 rows, 47231 cols, 144900 nonzeros  7s
Solving MIP model with:
   30619 rows
   47231 cols (1364 binary, 303 integer, 0 implied int., 45564 continuous)
   144900 nonzeros
        Nodes      |    B&B Tree     |            Objective Bounds              |  Dynamic Constraints |       Work
     Proc. InQueue |  Leaves   Expl. | BestBound       BestSol              Gap |   Cuts   InLp Confl. | LpIters     Time
         0       0         0   0.00%   -inf            inf                  inf        0      0      0         0     7.5s
         0       0         0   0.00%   18489837534.64  inf                  inf        0      0      2     28445    12.5s
 R       0       0         0   0.00%   18489842499.81  18489845512.26     0.00%    17518    209      2     32033    16.4s
         0       0         0   0.00%   18489843271.97  18489845512.26     0.00%     7415    317      2     35592    21.5s
         0       0         0   0.00%   18489843638.51  18489845512.26     0.00%     8098    365      2     38449    27.6s
         0       0         0   0.00%   18489844092.03  18489845512.26     0.00%     8756    397      2     41227    33.6s
         0       0         0   0.00%   18489844620.56  18489845512.26     0.00%     9393    416      2     44190    40.1s
         0       0         0   0.00%   18489844883.39  18489845512.26     0.00%     9698    151      2    357445   304.9s
11.2% inactive integer columns, restarting
Model after restart has 30564 rows, 47025 cols (1325 bin., 136 int., 0 impl., 45564 cont.), and 138302 nonzeros
         0       0         0   0.00%   18489844883.39  18489845512.26     0.00%      151      0      0    357445   305.2s
         0       0         0   0.00%   18489844883.39  18489845512.26     0.00%      151    138      0    368037   310.9s
12.5% inactive integer columns, restarting
Model after restart has 30473 rows, 46778 cols (1159 bin., 55 int., 0 impl., 45564 cont.), and 131010 nonzeros
         0       0         0   0.00%   18489845139.55  18489845512.26     0.00%      133      0      0    369677   315.6s
         0       0         0   0.00%   18489845139.55  18489845512.26     0.00%      133    129      0    379327   321.2s
14.3% inactive integer columns, restarting
Model after restart has 30396 rows, 46580 cols (1001 bin., 15 int., 0 impl., 45564 cont.), and 124768 nonzeros
         0       0         0   0.00%   18489845195.31  18489845512.26     0.00%      125      0      0    380467   323.2s
         0       0         0   0.00%   18489845195.31  18489845512.26     0.00%      125    120      0    390382   328.5s
14.1% inactive integer columns, restarting
Model after restart has 30317 rows, 46413 cols (842 bin., 7 int., 0 impl., 45564 cont.), and 120311 nonzeros
         0       0         0   0.00%   18489845252.08  18489845512.26     0.00%      120      0      0    391493   330.6s
         0       0         0   0.00%   18489845252.08  18489845512.26     0.00%      120    119      0    400307   335.9s
23.8% inactive integer columns, restarting
Model after restart has 30129 rows, 46150 cols (584 bin., 2 int., 0 impl., 45564 cont.), and 114653 nonzeros
         0       0         0   0.00%   18489845320.79  18489845512.26     0.00%      120      0      0    400728   337.4s
         0       0         0   0.00%   18489845320.79  18489845512.26     0.00%      120    116      0    409959   343.0s
13.3% inactive integer columns, restarting
Model after restart has 30033 rows, 46049 cols (483 bin., 2 int., 0 impl., 45564 cont.), and 112369 nonzeros
         0       0         0   0.00%   18489845328.62  18489845512.26     0.00%      116      0      0    410337   344.6s
         0       0         0   0.00%   18489845328.62  18489845512.26     0.00%      116    114      0    419075   349.8s
34.6% inactive integer columns, restarting
Model after restart has 29742 rows, 45833 cols (268 bin., 1 int., 0 impl., 45564 cont.), and 109466 nonzeros
        Nodes      |    B&B Tree     |            Objective Bounds              |  Dynamic Constraints |       Work
     Proc. InQueue |  Leaves   Expl. | BestBound       BestSol              Gap |   Cuts   InLp Confl. | LpIters     Time
         0       0         0   0.00%   18489845396.72  18489845512.26     0.00%      114      0      0    419765   351.5s
19.3% inactive integer columns, restarting
Model after restart has 29593 rows, 45759 cols (195 bin., 0 int., 0 impl., 45564 cont.), and 108360 nonzeros
         0       0         0   0.00%   18489845396.72  18489845512.26     0.00%      106      0      0    428508   356.0s
         0       0         0   0.00%   18489845396.72  18489845512.26     0.00%      106    103      0    435940   360.2s
39.0% inactive integer columns, restarting
Model after restart has 29487 rows, 45664 cols (100 bin., 0 int., 0 impl., 45564 cont.), and 107584 nonzeros
         0       0         0   0.00%   18489845457.64  18489845512.26     0.00%       98      0      0    436794   361.9s
12.0% inactive integer columns, restarting
Model after restart has 29353 rows, 45650 cols (86 bin., 0 int., 0 impl., 45564 cont.), and 107143 nonzeros
         0       0         0   0.00%   18489845457.64  18489845512.26     0.00%       92      0      0    445207   366.8s
         0       0         0   0.00%   18489845457.64  18489845512.26     0.00%       92     83      0    454346   371.1s
60.5% inactive integer columns, restarting
Model after restart has 29109 rows, 45577 cols (18 bin., 0 int., 0 impl., 45559 cont.), and 106256 nonzeros
         0       0         0   0.00%   18489845495.78  18489845512.26     0.00%       82      0      0    454847   372.7s
         0       0         0   0.00%   18489845495.78  18489845512.26     0.00%       82     71      0    464075   377.3s
44.4% inactive integer columns, restarting
Model after restart has 28985 rows, 45567 cols (8 bin., 0 int., 0 impl., 45559 cont.), and 105858 nonzeros
         0       0         0   0.00%   18489845506.94  18489845512.26     0.00%       63      0      0    464819   379.0s
         0       0         0   0.00%   18489845506.94  18489845512.26     0.00%       63     59      0    474092   383.7s
12.5% inactive integer columns, restarting
Model after restart has 28882 rows, 45566 cols (7 bin., 0 int., 0 impl., 45559 cont.), and 105550 nonzeros
         0       0         0   0.00%   18489845507.73  18489845512.26     0.00%       58      0      0    474187   385.1s
         0       0         0   0.00%   18489845507.73  18489845512.26     0.00%       58     50      0    484614   390.4s
14.3% inactive integer columns, restarting
Model after restart has 28881 rows, 45564 cols (5 bin., 0 int., 0 impl., 45559 cont.), and 105547 nonzeros
         0       0         0   0.00%   18489845509.08  18489845512.26     0.00%       49      0      0    485351   393.3s
40.0% inactive integer columns, restarting
Model after restart has 28617 rows, 45562 cols (3 bin., 0 int., 0 impl., 45559 cont.), and 104757 nonzeros
         0       0         0   0.00%   18489845509.08  18489845512.26     0.00%       49      0      0    486468   394.9s
         0       0         0   0.00%   18489845509.08  18489845512.26     0.00%       49     34      0    494271   398.6s
         1       0         1 100.00%   18489845510.91  18489845512.26     0.00%       59     35      0    494367   399.8s
Solving report
  Status            Optimal
  Primal bound      18489845512.3
  Dual bound        18489845510.9
  Gap               0% (tolerance: 0%)
  Solution status   feasible
                    18489845512.3 (objective)
                    0 (bound viol.)
                    0 (int. viol.)
                    0 (row viol.)
  Timing            399.79 (total)
                    10.03 (presolve)
                    0.00 (postsolve)
  Nodes             1
  LP iterations     494367 (total)
                    0 (strong br.)
                    27139 (separation)
                    310268 (heuristics)
399.920789 seconds (2 allocations: 32 bytes)
Optimal solution found, objective function value: 1.8489845512255688e10
Saving model results...  4.206978 seconds (5.92 M allocations: 332.267 MiB, 90.29% gc time)
Postprocessing model results...  0.000062 seconds (51 allocations: 4.281 KiB)
Saving model outputs...  4.204762 seconds (5.15 M allocations: 593.917 MiB, 89.05% gc time)
model - Rolling temporal structure...
  0.970776 seconds (5.34 M allocations: 171.030 MiB, 38.95% gc time)
Fixing history...  6.293084 seconds (27.29 M allocations: 3.093 GiB, 63.96% gc time)
Applying non-anticipativity constraints...  0.000217 seconds (438 allocations: 41.797 KiB)
model - Window 7 of 12: 2019-07-02T12:00~(4 weeks, 2 days, 10 hours)~>2019-08-01T22:00
Optimizing model...Coefficient ranges:
  Matrix [7e-04, 1e+05]
  Cost   [1e-03, 2e+09]
  Bound  [7e-18, 1e+05]
  RHS    [1e+00, 1e+02]
Presolving model
2713246 rows, 66222 cols, 5508980 nonzeros  1s
32079 rows, 47815 cols, 147722 nonzeros  8s
30617 rows, 47083 cols, 144822 nonzeros  8s
Solving MIP model with:
   30617 rows
   47083 cols (1365 binary, 303 integer, 0 implied int., 45415 continuous)
   144822 nonzeros
        Nodes      |    B&B Tree     |            Objective Bounds              |  Dynamic Constraints |       Work
     Proc. InQueue |  Leaves   Expl. | BestBound       BestSol              Gap |   Cuts   InLp Confl. | LpIters     Time
         0       0         0   0.00%   -130266783.4631 inf                  inf        0      0      0         0     8.9s
         0       0         0   0.00%   18493847783.91  inf                  inf        0      0      3     33119    18.9s
 R       0       0         0   0.00%   18493855218.2   18493858428.36     0.00%     3885    352      5     42166    27.1s
         0       0         0   0.00%   18493855464.76  18493858428.36     0.00%     4531    412      5     49567    34.2s
         0       0         0   0.00%   18493855827.32  18493858428.36     0.00%     5101    441     13     55521    43.2s
         0       0         0   0.00%   18493856085.91  18493858428.36     0.00%     5761    457     13     59072    49.8s
         0       0         0   0.00%   18493856294.7   18493858428.36     0.00%     6184    467     13     67284    57.8s
         0       0         0   0.00%   18493856486.36  18493858428.36     0.00%     6539    478     13     74900    65.1s
         0       0         0   0.00%   18493856986.31  18493858428.36     0.00%     7264    361     13     82044    74.8s
         0       0         0   0.00%   18493857353.93  18493858428.36     0.00%     7765    330     13     86158    80.5s
         0       0         0   0.00%   18493857543.68  18493858428.36     0.00%     7984    340     13     97398    90.1s
         0       0         0   0.00%   18493857625.22  18493858428.36     0.00%     8357    307     13    104888    97.1s
         0       0         0   0.00%   18493857816.04  18493858428.36     0.00%     8680    318     13    117468   107.5s
         0       0         0   0.00%   18493857904.86  18493858428.36     0.00%     8864    323     13    123261   112.5s
 L       0       0         0   0.00%   18493857947.52  18493858379.76     0.00%     8991    328     13    124225   530.0s
36.0% inactive integer columns, restarting
Model after restart has 30277 rows, 46286 cols (851 bin., 20 int., 0 impl., 45415 cont.), and 121552 nonzeros
         0       0         0   0.00%   18493858075.53  18493858379.76     0.00%      172      0      0    575991   532.8s
         0       0         0   0.00%   18493858075.53  18493858379.76     0.00%      172    156      0    589915   541.2s
30.4% inactive integer columns, restarting
Model after restart has 30032 rows, 45923 cols (508 bin., 0 int., 0 impl., 45415 cont.), and 113650 nonzeros
         0       0         0   0.00%   18493858167.94  18493858379.76     0.00%      149      0      0    592324   543.8s
         0       0         0   0.00%   18493858167.94  18493858379.76     0.00%      149    147      0    607892   553.0s
14.8% inactive integer columns, restarting
Model after restart has 29888 rows, 45831 cols (416 bin., 0 int., 0 impl., 45415 cont.), and 111860 nonzeros
         0       0         0   0.00%   18493858177.03  18493858379.76     0.00%      148      0      0    608454   554.7s
        Nodes      |    B&B Tree     |            Objective Bounds              |  Dynamic Constraints |       Work
     Proc. InQueue |  Leaves   Expl. | BestBound       BestSol              Gap |   Cuts   InLp Confl. | LpIters     Time
         0       0         0   0.00%   18493858177.03  18493858379.76     0.00%      148    145      0    621296   561.9s
         0       0         0   0.00%   18493858235.67  18493858379.76     0.00%      314    151      0    625994   567.2s
33.9% inactive integer columns, restarting
Model after restart has 29571 rows, 45648 cols (233 bin., 0 int., 0 impl., 45415 cont.), and 108527 nonzeros
         0       0         0   0.00%   18493858235.67  18493858379.76     0.00%      143      0      0    625994   567.4s
         0       0         0   0.00%   18493858235.67  18493858379.76     0.00%      143    128      0    637944   573.3s
14.2% inactive integer columns, restarting
Model after restart has 29403 rows, 45608 cols (193 bin., 0 int., 0 impl., 45415 cont.), and 107702 nonzeros
         0       0         0   0.00%   18493858240.95  18493858379.76     0.00%      125      0      0    638991   575.1s
         0       0         0   0.00%   18493858240.95  18493858379.76     0.00%      125    113      0    649259   581.1s
18.7% inactive integer columns, restarting
Model after restart has 29298 rows, 45564 cols (149 bin., 0 int., 0 impl., 45415 cont.), and 107135 nonzeros
         0       0         0   0.00%   18493858263.26  18493858379.76     0.00%      113      0      0    650456   583.1s
         0       0         0   0.00%   18493858263.26  18493858379.76     0.00%      113    105      0    660685   588.7s
38.9% inactive integer columns, restarting
Model after restart has 29215 rows, 45494 cols (79 bin., 0 int., 0 impl., 45415 cont.), and 106564 nonzeros
         0       0         0   0.00%   18493858303.02  18493858379.76     0.00%      104      0      0    662278   593.5s
17.7% inactive integer columns, restarting
Model after restart has 29128 rows, 45477 cols (62 bin., 0 int., 0 impl., 45415 cont.), and 106259 nonzeros
         0       0         0   0.00%   18493858303.02  18493858379.76     0.00%       96      0      0    672568   598.9s
         0       0         0   0.00%   18493858303.02  18493858379.76     0.00%       96     88      0    682870   603.7s
16.1% inactive integer columns, restarting
Model after restart has 29017 rows, 45465 cols (50 bin., 0 int., 0 impl., 45415 cont.), and 105901 nonzeros
         0       0         0   0.00%   18493858317.39  18493858379.76     0.00%       88      0      0    683071   606.1s
         0       0         0   0.00%   18493858317.39  18493858379.76     0.00%       88     82      0    692939   611.0s
14.0% inactive integer columns, restarting
Model after restart has 29011 rows, 45454 cols (39 bin., 0 int., 0 impl., 45415 cont.), and 105863 nonzeros
         0       0         0   0.00%   18493858337.74  18493858379.76     0.00%       82      0      0    693582   614.9s
         0       0         0   0.00%   18493858337.74  18493858379.76     0.00%       82     80      0    703228   620.0s
10.3% inactive integer columns, restarting
Model after restart has 28988 rows, 45428 cols (33 bin., 0 int., 0 impl., 45395 cont.), and 105765 nonzeros
         0       0         0   0.00%   18493858339.59  18493858379.76     0.00%       81      0      0    703503   623.9s
15.2% inactive integer columns, restarting
Model after restart has 28955 rows, 45421 cols (26 bin., 0 int., 0 impl., 45395 cont.), and 105652 nonzeros
         0       0         0   0.00%   18493858339.59  18493858379.76     0.00%       80      0      0    714157   629.2s
         0       0         0   0.00%   18493858339.59  18493858379.76     0.00%       80     75      0    724476   635.4s
19.2% inactive integer columns, restarting
Model after restart has 28952 rows, 45413 cols (18 bin., 0 int., 0 impl., 45395 cont.), and 105630 nonzeros
         0       0         0   0.00%   18493858347.96  18493858379.76     0.00%       74      0      0    724773   636.9s
         0       0         0   0.00%   18493858347.96  18493858379.76     0.00%       74     73      0    734338   642.0s
22.2% inactive integer columns, restarting
Model after restart has 28942 rows, 45406 cols (11 bin., 0 int., 0 impl., 45395 cont.), and 105597 nonzeros
        Nodes      |    B&B Tree     |            Objective Bounds              |  Dynamic Constraints |       Work
     Proc. InQueue |  Leaves   Expl. | BestBound       BestSol              Gap |   Cuts   InLp Confl. | LpIters     Time
         0       0         0   0.00%   18493858356.09  18493858379.76     0.00%       73      0      0    734474   643.4s
         0       0         0   0.00%   18493858356.09  18493858379.76     0.00%       73     73      0    747617   649.6s
36.4% inactive integer columns, restarting
Model after restart has 28787 rows, 45395 cols (5 bin., 0 int., 0 impl., 45390 cont.), and 105132 nonzeros
         0       0         0   0.00%   18493858362.33  18493858379.76     0.00%       70      0      0    747656   650.9s
20.0% inactive integer columns, restarting
Model after restart has 28686 rows, 45394 cols (4 bin., 0 int., 0 impl., 45390 cont.), and 104830 nonzeros
         0       0         0   0.00%   18493858362.33  18493858379.76     0.00%       58      0      0    757025   655.6s
         0       0         0   0.00%   18493858362.33  18493858379.76     0.00%       58     54      0    766678   660.4s
50.0% inactive integer columns, restarting
Model after restart has 28462 rows, 45392 cols (2 bin., 0 int., 0 impl., 45390 cont.), and 104160 nonzeros
         0       0         0   0.00%   18493858376.07  18493858379.76     0.00%       54      0      0    766718   662.9s
         0       0         0   0.00%   18493858376.07  18493858379.76     0.00%       54     35      0    775826   666.6s
50.0% inactive integer columns, restarting
Model after restart has 28363 rows, 45391 cols (1 bin., 0 int., 0 impl., 45390 cont.), and 103864 nonzeros
         0       0         0   0.00%   18493858376.95  18493858379.76     0.00%       35      0      0    775827   668.0s
         0       0         0   0.00%   18493858376.95  18493858379.76     0.00%       35     17      0    783255   670.7s
         1       0         1 100.00%   18493858379.76  18493858379.76     0.00%       35     17      0    785730   673.3s
Solving report
  Status            Optimal
  Primal bound      18493858379.8
  Dual bound        18493858379.8
  Gap               0% (tolerance: 0%)
  Solution status   feasible
                    18493858379.8 (objective)
                    0 (bound viol.)
                    0 (int. viol.)
                    0 (row viol.)
  Timing            673.29 (total)
                    11.39 (presolve)
                    0.00 (postsolve)
  Nodes             1
  LP iterations     785730 (total)
                    2416 (strong br.)
                    104986 (separation)
                    451023 (heuristics)
673.437138 seconds (2 allocations: 32 bytes)
Optimal solution found, objective function value: 1.8493858379756973e10
Saving model results...  4.061765 seconds (5.92 M allocations: 332.267 MiB, 88.72% gc time)
Postprocessing model results...  0.000046 seconds (51 allocations: 4.281 KiB)
Saving model outputs...  4.028456 seconds (5.15 M allocations: 593.917 MiB, 88.34% gc time)
model - Rolling temporal structure...
  0.871536 seconds (5.34 M allocations: 171.138 MiB, 39.64% gc time)
Fixing history...  6.309984 seconds (27.29 M allocations: 3.093 GiB, 63.51% gc time)
Applying non-anticipativity constraints...  0.000096 seconds (438 allocations: 41.797 KiB)
model - Window 8 of 12: 2019-08-01T22:00~(4 weeks, 2 days, 10 hours)~>2019-09-01T08:00
Optimizing model...Coefficient ranges:
  Matrix [7e-04, 1e+05]
  Cost   [1e-03, 2e+09]
  Bound  [1e-17, 1e+05]
  RHS    [1e+00, 1e+02]
Presolving model
2713199 rows, 65996 cols, 5508660 nonzeros  1s
32104 rows, 47845 cols, 148024 nonzeros  7s
30644 rows, 47115 cols, 145104 nonzeros  8s
Solving MIP model with:
   30644 rows
   47115 cols (1373 binary, 304 integer, 0 implied int., 45438 continuous)
   145104 nonzeros
        Nodes      |    B&B Tree     |            Objective Bounds              |  Dynamic Constraints |       Work
     Proc. InQueue |  Leaves   Expl. | BestBound       BestSol              Gap |   Cuts   InLp Confl. | LpIters     Time
         0       0         0   0.00%   -inf            inf                  inf        0      0      0         0     8.2s
         0       0         0   0.00%   1956310124.469  inf                  inf        0      0      3     27543    12.7s
 R       0       0         0   0.00%   1956316953.464  1.24221802e+11    98.43%     6535    198      3     31647    15.9s
 C       0       0         0   0.00%   1956318169.284  1.0265334e+11     98.09%     8932    335      3     35218    22.2s
 L       0       0         0   0.00%   1956318169.284  1956336176.964     0.00%     8932    335      3     35218    33.1s
 T       0       0         0   0.00%   1956318169.284  1956318169.284     0.00%     8932    335      3     51145    33.1s
         1       0         1 100.00%   1956318169.284  1956318169.284     0.00%     8932    335      3     51145    33.1s
Solving report
  Status            Optimal
  Primal bound      1956318169.28
  Dual bound        1956318169.28
  Gap               0% (tolerance: 0%)
  Solution status   feasible
                    1956318169.28 (objective)
                    0 (bound viol.)
                    5.31769617229e-09 (int. viol.)
                    0 (row viol.)
  Timing            33.14 (total)
                    8.10 (presolve)
                    0.00 (postsolve)
  Nodes             1
  LP iterations     51145 (total)
                    0 (strong br.)
                    7675 (separation)
                    15927 (heuristics)
 33.260384 seconds (2 allocations: 32 bytes)
Optimal solution found, objective function value: 1.9563181692839923e9
Saving model results...  4.170161 seconds (5.92 M allocations: 332.267 MiB, 90.75% gc time)
Postprocessing model results...  0.000064 seconds (51 allocations: 4.281 KiB)
Saving model outputs...  4.001795 seconds (5.15 M allocations: 593.917 MiB, 89.38% gc time)
model - Rolling temporal structure...
  0.926576 seconds (5.35 M allocations: 171.247 MiB, 37.26% gc time)
Fixing history...  6.209378 seconds (27.29 M allocations: 3.093 GiB, 63.01% gc time)
Applying non-anticipativity constraints...  0.000106 seconds (438 allocations: 41.797 KiB)
model - Window 9 of 12: 2019-09-01T08:00~(4 weeks, 2 days, 10 hours)~>2019-10-01T18:00
Optimizing model...Coefficient ranges:
  Matrix [7e-04, 1e+05]
  Cost   [1e-03, 2e+09]
  Bound  [3e-03, 1e+05]
  RHS    [1e+00, 1e+02]
Presolving model
2713140 rows, 65953 cols, 5508499 nonzeros  1s
32079 rows, 47821 cols, 147728 nonzeros  7s
30618 rows, 47090 cols, 144806 nonzeros  8s
Solving MIP model with:
   30618 rows
   47090 cols (1365 binary, 303 integer, 0 implied int., 45422 continuous)
   144806 nonzeros
        Nodes      |    B&B Tree     |            Objective Bounds              |  Dynamic Constraints |       Work
     Proc. InQueue |  Leaves   Expl. | BestBound       BestSol              Gap |   Cuts   InLp Confl. | LpIters     Time
         0       0         0   0.00%   -inf            inf                  inf        0      0      0         0     8.1s
         0       0         0   0.00%   18491379548.41  inf                  inf        0      0      3     28142    13.9s
 R       0       0         0   0.00%   18491386375.24  18491386838.13     0.00%     6627    219      3     32491    17.7s
 L       0       0         0   0.00%   18491386538.51  18491386781.14     0.00%     6968    233      9     32847    55.7s
78.1% inactive integer columns, restarting
Model after restart has 29120 rows, 45646 cols (220 bin., 4 int., 0 impl., 45422 cont.), and 107457 nonzeros
         0       0         0   0.00%   18491386637.42  18491386781.14     0.00%      155      0      0     89589    57.0s
         0       0         0   0.00%   18491386637.42  18491386781.14     0.00%      155     98      0     99418    60.5s
58.5% inactive integer columns, restarting
Model after restart has 28855 rows, 45489 cols (67 bin., 0 int., 0 impl., 45422 cont.), and 105457 nonzeros
         0       0         0   0.00%   18491386729.6   18491386781.14     0.00%       95      0      0    100101    61.4s
         0       0         0   0.00%   18491386729.6   18491386781.14     0.00%       95     83      0    112420    65.1s
37.3% inactive integer columns, restarting
Model after restart has 28774 rows, 45449 cols (37 bin., 0 int., 0 impl., 45412 cont.), and 105105 nonzeros
         0       0         0   0.00%   18491386746.32  18491386781.14     0.00%       84      0      0    112584    65.8s
         0       0         0   0.00%   18491386746.32  18491386781.14     0.00%       84     78      0    124753    69.5s
16.2% inactive integer columns, restarting
Model after restart has 28767 rows, 45441 cols (29 bin., 0 int., 0 impl., 45412 cont.), and 105075 nonzeros
         0       0         0   0.00%   18491386749.55  18491386781.14     0.00%       81      0      0    124795    70.1s
         0       0         0   0.00%   18491386749.55  18491386781.14     0.00%       81     77      0    135085    73.1s
13.8% inactive integer columns, restarting
Model after restart has 28748 rows, 45436 cols (24 bin., 0 int., 0 impl., 45412 cont.), and 105019 nonzeros
         0       0         0   0.00%   18491386751.37  18491386781.14     0.00%       78      0      0    135165    73.7s
16.7% inactive integer columns, restarting
Model after restart has 28646 rows, 45430 cols (18 bin., 0 int., 0 impl., 45412 cont.), and 104714 nonzeros
         0       0         0   0.00%   18491386751.37  18491386781.14     0.00%       68      0      0    141942    75.6s
         0       0         0   0.00%   18491386751.37  18491386781.14     0.00%       68     60      0    150930    78.4s
22.2% inactive integer columns, restarting
Model after restart has 28634 rows, 45423 cols (11 bin., 0 int., 0 impl., 45412 cont.), and 104672 nonzeros
         0       0         0   0.00%   18491386767.57  18491386781.14     0.00%       60      0      0    151251    79.6s
         0       0         0   0.00%   18491386767.57  18491386781.14     0.00%       60     58      0    162144    82.5s
18.2% inactive integer columns, restarting
Model after restart has 28614 rows, 45421 cols (9 bin., 0 int., 0 impl., 45412 cont.), and 104611 nonzeros
         0       0         0   0.00%   18491386770.1   18491386781.14     0.00%       52      0      0    162156    83.1s
         0       0         0   0.00%   18491386770.1   18491386781.14     0.00%       52     48      0    172720    85.7s
         1       0         1 100.00%   18491386780.67  18491386781.14     0.00%       98     53      0    173074    87.8s
Solving report
  Status            Optimal
  Primal bound      18491386781.1
  Dual bound        18491386780.7
  Gap               0% (tolerance: 0%)
  Solution status   feasible
                    18491386781.1 (objective)
                    0 (bound viol.)
                    0 (int. viol.)
                    0 (row viol.)
  Timing            87.82 (total)
                    8.90 (presolve)
                    0.00 (postsolve)
  Nodes             1
  LP iterations     173074 (total)
                    0 (strong br.)
                    6561 (separation)
                    56542 (heuristics)
 87.922771 seconds (2 allocations: 32 bytes)
Optimal solution found, objective function value: 1.849138678114182e10
Saving model results...  4.072782 seconds (5.92 M allocations: 332.267 MiB, 90.58% gc time)
Postprocessing model results...  0.000090 seconds (51 allocations: 4.281 KiB)
Saving model outputs...  4.017040 seconds (5.15 M allocations: 593.917 MiB, 89.85% gc time)
model - Rolling temporal structure...
  0.917137 seconds (5.35 M allocations: 171.356 MiB, 38.01% gc time)
Fixing history...  6.438613 seconds (27.29 M allocations: 3.093 GiB, 64.47% gc time)
Applying non-anticipativity constraints...  0.000108 seconds (438 allocations: 41.797 KiB)
model - Window 10 of 12: 2019-10-01T18:00~(4 weeks, 2 days, 10 hours)~>2019-11-01T04:00
Optimizing model...Coefficient ranges:
  Matrix [7e-04, 1e+05]
  Cost   [1e-03, 2e+09]
  Bound  [5e-12, 1e+05]
  RHS    [1e+00, 1e+02]
Presolving model
2713072 rows, 65749 cols, 5508159 nonzeros  1s
32085 rows, 47827 cols, 147802 nonzeros  7s
30624 rows, 47096 cols, 144892 nonzeros  7s
Solving MIP model with:
   30624 rows
   47096 cols (1367 binary, 303 integer, 0 implied int., 45426 continuous)
   144892 nonzeros
        Nodes      |    B&B Tree     |            Objective Bounds              |  Dynamic Constraints |       Work
     Proc. InQueue |  Leaves   Expl. | BestBound       BestSol              Gap |   Cuts   InLp Confl. | LpIters     Time
         0       0         0   0.00%   -inf            inf                  inf        0      0      0         0     8.0s
         0       0         0   0.00%   14355829526.51  inf                  inf        0      0      3     27669    13.0s
 R       0       0         0   0.00%   14355836996.72  20557027647.87    30.17%     9759    210      5     34407    18.6s
 C       0       0         0   0.00%   14355837743.07  14355837770.63     0.00%     2760    281     13     36697    22.7s
 L       0       0         0   0.00%   14355837743.07  14355837743.51     0.00%     2760    281     13     36697    38.9s
         1       0         1 100.00%   14355837743.07  14355837743.51     0.00%     2760    281     13     71910    38.9s
Solving report
  Status            Optimal
  Primal bound      14355837743.5
  Dual bound        14355837743.1
  Gap               0% (tolerance: 0%)
  Solution status   feasible
                    14355837743.5 (objective)
                    0 (bound viol.)
                    0 (int. viol.)
                    0 (row viol.)
  Timing            38.90 (total)
                    7.92 (presolve)
                    0.00 (postsolve)
  Nodes             1
  LP iterations     71910 (total)
                    0 (strong br.)
                    9028 (separation)
                    35213 (heuristics)
 39.030227 seconds (2 allocations: 32 bytes)
Optimal solution found, objective function value: 1.4355837743508411e10
Saving model results...  4.117919 seconds (5.92 M allocations: 332.267 MiB, 90.21% gc time)
Postprocessing model results...  0.000033 seconds (51 allocations: 4.281 KiB)
Saving model outputs...  4.032547 seconds (5.15 M allocations: 593.917 MiB, 89.14% gc time)
model - Rolling temporal structure...
  0.857507 seconds (5.35 M allocations: 171.464 MiB, 38.57% gc time)
Fixing history...  6.477638 seconds (27.29 M allocations: 3.093 GiB, 63.19% gc time)
Applying non-anticipativity constraints...  0.000086 seconds (438 allocations: 41.797 KiB)
model - Window 11 of 12: 2019-11-01T04:00~(4 weeks, 2 days, 10 hours)~>2019-12-01T14:00
Optimizing model...Coefficient ranges:
  Matrix [7e-04, 1e+05]
  Cost   [1e-03, 2e+09]
  Bound  [1e-16, 1e+05]
  RHS    [1e+00, 1e+02]
Presolving model
2713006 rows, 65692 cols, 5507970 nonzeros  1s
32079 rows, 47775 cols, 147682 nonzeros  7s
30618 rows, 47044 cols, 144772 nonzeros  8s
Solving MIP model with:
   30618 rows
   47044 cols (1365 binary, 303 integer, 0 implied int., 45376 continuous)
   144772 nonzeros
        Nodes      |    B&B Tree     |            Objective Bounds              |  Dynamic Constraints |       Work
     Proc. InQueue |  Leaves   Expl. | BestBound       BestSol              Gap |   Cuts   InLp Confl. | LpIters     Time
         0       0         0   0.00%   -135641564.6595 inf                  inf        0      0      0         0     8.2s
         0       0         0   0.00%   18493451097.64  inf                  inf        0      0      3     26528    13.1s
 R       0       0         0   0.00%   18493459302.6   18494739477.51     0.01%     6787    192      3     31084    16.8s
         0       0         0   0.00%   18493460998.7   18494739477.51     0.01%    10415    382      3     36819    23.2s
 C       0       0         0   0.00%   18493461002.08  18494038792        0.00%     1665    409      3     37634    25.3s
 L       0       0         0   0.00%   18493461002.53  18493461002.53     0.00%     1672    410      3     38031   159.7s
         1       0         1 100.00%   18493461002.53  18493461002.53     0.00%     1672    410      3    233045   159.7s
Solving report
  Status            Optimal
  Primal bound      18493461002.5
  Dual bound        18493461002.5
  Gap               0% (tolerance: 0%)
  Solution status   feasible
                    18493461002.5 (objective)
                    0 (bound viol.)
                    2.22044604925e-16 (int. viol.)
                    0 (row viol.)
  Timing            159.71 (total)
                    8.07 (presolve)
                    0.00 (postsolve)
  Nodes             1
  LP iterations     233045 (total)
                    0 (strong br.)
                    11503 (separation)
                    195014 (heuristics)
159.825924 seconds (2 allocations: 32 bytes)
Optimal solution found, objective function value: 1.849346100252825e10
Saving model results...  4.042133 seconds (5.92 M allocations: 332.267 MiB, 89.21% gc time)
Postprocessing model results...  0.000034 seconds (51 allocations: 4.281 KiB)
Saving model outputs...  4.248907 seconds (5.15 M allocations: 594.079 MiB, 89.94% gc time)
model - Rolling temporal structure...
  0.827414 seconds (5.35 M allocations: 171.484 MiB, 42.90% gc time)
Fixing history...  6.372781 seconds (27.29 M allocations: 3.093 GiB, 62.02% gc time)
Applying non-anticipativity constraints...  0.000163 seconds (438 allocations: 41.797 KiB)
model - Window 12 of 12: 2019-12-01T14:00~(4 weeks, 2 days, 10 hours)~>2020-01-01T00:00
Optimizing model...Coefficient ranges:
  Matrix [7e-04, 1e+05]
  Cost   [1e-03, 2e+09]
  Bound  [2e-16, 1e+05]
  RHS    [1e+00, 1e+02]
Presolving model
2712954 rows, 65627 cols, 5507801 nonzeros  1s
32092 rows, 47893 cols, 147931 nonzeros  7s
30632 rows, 47163 cols, 145011 nonzeros  8s
Solving MIP model with:
   30632 rows
   47163 cols (1369 binary, 304 integer, 0 implied int., 45490 continuous)
   145011 nonzeros
        Nodes      |    B&B Tree     |            Objective Bounds              |  Dynamic Constraints |       Work
     Proc. InQueue |  Leaves   Expl. | BestBound       BestSol              Gap |   Cuts   InLp Confl. | LpIters     Time
         0       0         0   0.00%   -inf            inf                  inf        0      0      0         0     8.3s
         0       0         0   0.00%   10222339773.35  inf                  inf        0      0      3     26523    12.9s
 R       0       0         0   0.00%   10222347569.86  10222347996.35     0.00%     8581    324     12     33254    19.7s
 C       0       0         0   0.00%   10222347569.86  10222347750.19     0.00%     8581    324     18     33254    20.3s
 L       0       0         0   0.00%   10222347713.73  10222347717.91     0.00%     8789    345     18     33853    36.0s
         1       0         1 100.00%   10222347717.84  10222347717.91     0.00%     8859    364     18     72448    37.0s
Solving report
  Status            Optimal
  Primal bound      10222347717.9
  Dual bound        10222347717.8
  Gap               0% (tolerance: 0%)
  Solution status   feasible
                    10222347717.9 (objective)
                    0 (bound viol.)
                    1.11022302463e-16 (int. viol.)
                    0 (row viol.)
  Timing            36.96 (total)
                    8.21 (presolve)
                    0.00 (postsolve)
  Nodes             1
  LP iterations     72448 (total)
                    0 (strong br.)
                    7508 (separation)
                    38417 (heuristics)
 37.085230 seconds (2 allocations: 32 bytes)
Optimal solution found, objective function value: 1.0222347717907085e10
Saving model results...  4.072788 seconds (5.92 M allocations: 332.267 MiB, 90.00% gc time)
Postprocessing model results...  0.000039 seconds (51 allocations: 4.281 KiB)
Saving model outputs...  4.136002 seconds (4.93 M allocations: 574.524 MiB, 88.52% gc time)
model - Rolling temporal structure...
  0.000052 seconds (46 allocations: 2.391 KiB)
model ... Rolling complete
Writing report to sqlite:///C:\Users\jfg.eco\Documents\GitHub\Nord_H2ub\Spine_Projects\02_basic_energy_model\.spinetoolbox\items\outputtest\OutputTest.sqlite?spinedbfilter=cfg%3Aexecution%3A%7B%22execution_item%22%3A+%22Run+SpineOpt%22%2C+%22scenarios%22%3A+%5B%5D%2C+%22timestamp%22%3A+%222026-02-03T22%3A05%3A52%22%7D...  9.159399 seconds (20.36 M allocations: 1.465 GiB, 43.56% gc time, 22.13% compilation time)
Execution complete. Started at 2026-02-03T22:06:04.793, ended at 2026-02-03T23:33:59.096, elapsed time: 1 hour, 27 minutes, 54 seconds, 303 milliseconds
A JuMP Model
├ solver: HiGHS
├ objective_sense: MIN_SENSE
│ └ objective_function_type: JuMP.AffExpr
├ num_variables: 134517
├ num_constraints: 2898559
│ ├ JuMP.AffExpr in MOI.EqualTo{Float64}: 32237
│ ├ JuMP.AffExpr in MOI.GreaterThan{Float64}: 5134
│ ├ JuMP.AffExpr in MOI.LessThan{Float64}: 2717084
│ ├ JuMP.VariableRef in MOI.EqualTo{Float64}: 852
│ ├ JuMP.VariableRef in MOI.GreaterThan{Float64}: 119034
│ ├ JuMP.VariableRef in MOI.LessThan{Float64}: 21931
│ └ JuMP.VariableRef in MOI.Integer: 2287
└ Names registered in the model: none
