### Spine execution log file
### Item name: Run SpineOpt
### Filter id: 
### Part: 1

# Running julia run_spineopt.jl http://127.0.0.1:61863 http://127.0.0.1:61865
2-element Vector{String}:
 "http://127.0.0.1:61863"
 "http://127.0.0.1:61865"
Running SpineOpt...
[SpineOpt version 0.10.2 (git hash: N/A)]
[SpineInterface version 0.15.2 (git hash: N/A)]
Execution started at 2026-07-11T10:55:07.617
Reading input data from sqlite:///C:\Users\jfg.eco\Documents\GitHub\Nord_H2ub\Spine_Projects\02_basic_energy_model\.spinetoolbox\items\input\Input.sqlite...
Initializing  data structure from db...  0.814147 seconds (1.74 M allocations: 107.420 MiB)
Preprocessing  data structure...  0.142078 seconds (46.51 k allocations: 2.329 MiB, 62.85% compilation time)
Checking  data structure...  0.024609 seconds (8.99 k allocations: 474.125 KiB, 93.90% compilation time)
Build started at 2026-07-11T10:55:08.681
Creating model temporal structure...[ Info: the last time slice of temporal block Default_Investment_period has been cut to fit within the block
[ Info: the last time slice of temporal block daily has been cut to fit within the block
 56.070165 seconds (431.06 M allocations: 22.181 GiB, 44.48% gc time, 0.05% compilation time)
Creating model stochastic structure...  0.320178 seconds (3.22 M allocations: 453.158 MiB, 5.70% compilation time)
Adding model independent variables...
- [variable_binary_gas_connection_flow]  0.078819 seconds (2.29 M allocations: 34.939 MiB)
- [variable_connection_flow]  1.701770 seconds (11.68 M allocations: 734.360 MiB, 21.57% gc time, 13.76% compilation time)
- [variable_connection_intact_flow]  1.276240 seconds (9.43 M allocations: 592.673 MiB, 36.80% gc time)
- [variable_connections_decommissioned]  0.086377 seconds (2.29 M allocations: 35.307 MiB)
- [variable_connections_invested]  0.286560 seconds (2.15 M allocations: 125.047 MiB)
- [variable_connections_invested_available]  0.338861 seconds (2.21 M allocations: 127.644 MiB, 8.74% compilation time)
- [variable_min_capacity_margin_slack]  0.109058 seconds (2.29 M allocations: 34.901 MiB)
- [variable_node_injection]  3.961189 seconds (6.67 M allocations: 359.492 MiB, 87.00% gc time)
- [variable_node_pressure]  0.086214 seconds (2.29 M allocations: 34.920 MiB)
- [variable_node_slack_neg]  0.422451 seconds (6.45 M allocations: 307.615 MiB)
- [variable_node_slack_pos]  0.617641 seconds (6.45 M allocations: 305.290 MiB, 34.12% gc time)
- [variable_node_state]  0.247167 seconds (4.25 M allocations: 142.736 MiB, 7.25% compilation time)
- [variable_node_voltage_angle]  0.076168 seconds (2.29 M allocations: 34.919 MiB)
- [variable_nonspin_units_shut_down]  0.075412 seconds (2.29 M allocations: 34.935 MiB)
- [variable_nonspin_units_started_up]  0.076840 seconds (2.29 M allocations: 34.933 MiB)
- [variable_storages_decommissioned]  0.083138 seconds (2.29 M allocations: 35.090 MiB)
- [variable_storages_invested]  0.142451 seconds (1.99 M allocations: 64.950 MiB, 12.78% compilation time)
- [variable_storages_invested_available]  0.287210 seconds (1.99 M allocations: 64.861 MiB, 54.84% gc time)
- [variable_unit_flow]  2.383039 seconds (16.86 M allocations: 1.701 GiB, 25.57% gc time, 3.68% compilation time)
- [variable_unit_flow_op]  0.230125 seconds (3.78 M allocations: 156.506 MiB)
- [variable_unit_flow_op_active]  0.262621 seconds (4.25 M allocations: 184.325 MiB)
- [variable_units_invested]  0.305125 seconds (2.53 M allocations: 133.039 MiB)
- [variable_units_invested_available]  0.448419 seconds (2.60 M allocations: 135.970 MiB, 29.07% gc time, 3.88% compilation time)
- [variable_units_mothballed]  0.094506 seconds (2.30 M allocations: 35.615 MiB)
- [variable_units_on]  0.325776 seconds (5.73 M allocations: 254.155 MiB)
- [variable_units_out_of_service]  0.084766 seconds (2.29 M allocations: 34.912 MiB)
- [variable_units_returned_to_service]  0.074554 seconds (2.29 M allocations: 34.907 MiB)
- [variable_units_shut_down]  0.100235 seconds (2.57 M allocations: 53.706 MiB)
- [variable_units_started_up]  0.126083 seconds (2.56 M allocations: 53.014 MiB)
- [variable_units_taken_out_of_service]  0.276485 seconds (2.29 M allocations: 34.908 MiB, 65.58% gc time)
- [variable_user_constraint_slack_neg]  0.072491 seconds (2.29 M allocations: 34.898 MiB)
- [variable_user_constraint_slack_pos]  0.073823 seconds (2.29 M allocations: 34.898 MiB)
 14.832506 seconds (126.18 M allocations: 5.886 GiB, 37.57% gc time, 2.73% compilation time)
Adding model dependent variables...
- [variable_connection_flow]  0.777733 seconds (3.57 M allocations: 741.674 MiB, 31.12% gc time)
- [variable_unit_flow]  0.624213 seconds (7.07 M allocations: 334.153 MiB)
  1.414888 seconds (10.65 M allocations: 1.051 GiB, 17.11% gc time)
Adding model expressions...
- [expression_capacity_margin]  0.000090 seconds (83 allocations: 3.750 KiB)
  0.000596 seconds (195 allocations: 9.273 KiB)
Adding model constraints...
- [constraint_candidate_connection_flow_lb]  0.000272 seconds (127 allocations: 5.539 KiB)
- [constraint_candidate_connection_flow_ub]  0.000167 seconds (125 allocations: 5.258 KiB)
- [constraint_compression_ratio]  0.000098 seconds (82 allocations: 5.180 KiB)
- [constraint_connection_flow_capacity]  2.298360 seconds (19.47 M allocations: 1.096 GiB, 10.23% gc time, 0.03% compilation time)
- [constraint_connection_flow_gas_capacity]  0.000108 seconds (85 allocations: 6.336 KiB)
- [constraint_connection_flow_intact_flow]  0.000151 seconds (72 allocations: 3.336 KiB)
- [constraint_connection_flow_lodf]  0.000306 seconds (66 allocations: 3.438 KiB)
- [constraint_connection_intact_flow_capacity]  0.000199 seconds (108 allocations: 5.133 KiB)
- [constraint_connection_intact_flow_ptdf]  0.000323 seconds (57 allocations: 2.930 KiB)
- [constraint_connection_lifetime] 26.818694 seconds (146.52 M allocations: 15.297 GiB, 54.56% gc time, 0.05% compilation time)
- [constraint_connection_unitary_gas_flow]  0.000093 seconds (82 allocations: 5.180 KiB)
- [constraint_connections_invested_available]  0.001196 seconds (1.90 k allocations: 105.008 KiB)
- [constraint_connections_invested_transition]  0.002905 seconds (8.46 k allocations: 447.662 KiB)
- [constraint_cyclic_node_state]  0.011986 seconds (2.54 k allocations: 122.727 KiB, 96.13% compilation time)
- [constraint_fix_node_pressure_point]  0.000096 seconds (82 allocations: 5.180 KiB)
- [constraint_fix_ratio_in_in_unit_flow]  0.164979 seconds (1.09 M allocations: 69.101 MiB)
- [constraint_fix_ratio_in_out_unit_flow]  0.000731 seconds (3.81 k allocations: 199.133 KiB)
- [constraint_fix_ratio_out_in_connection_flow]  0.125116 seconds (818.88 k allocations: 48.538 MiB, 10.87% compilation time)
- [constraint_fix_ratio_out_in_unit_flow]  0.000132 seconds (205 allocations: 12.758 KiB)
- [constraint_fix_ratio_out_out_unit_flow]  0.000300 seconds (1.11 k allocations: 59.508 KiB)
- [constraint_investment_group_equal_investments]  0.004985 seconds (22.10 k allocations: 4.328 MiB)
- [constraint_investment_group_maximum_capacity_invested_available]  0.000050 seconds (31 allocations: 1.867 KiB)
- [constraint_investment_group_maximum_entities_invested_available]  0.000316 seconds (29 allocations: 1.773 KiB)
- [constraint_investment_group_minimum_capacity_invested_available]  0.000080 seconds (29 allocations: 1.773 KiB)
- [constraint_investment_group_minimum_entities_invested_available]  0.000063 seconds (29 allocations: 1.773 KiB)
- [constraint_max_node_pressure]  0.000333 seconds (213 allocations: 10.508 KiB)
- [constraint_max_node_voltage_angle]  0.000122 seconds (284 allocations: 13.367 KiB)
- [constraint_max_ratio_in_in_unit_flow]  0.000120 seconds (205 allocations: 12.758 KiB)
- [constraint_max_ratio_in_out_unit_flow]  0.000117 seconds (205 allocations: 12.758 KiB)
- [constraint_max_ratio_out_in_connection_flow]  0.000082 seconds (102 allocations: 5.820 KiB)
- [constraint_max_ratio_out_in_unit_flow]  0.000083 seconds (205 allocations: 12.758 KiB)
- [constraint_max_ratio_out_out_unit_flow]  0.000096 seconds (205 allocations: 12.758 KiB)
- [constraint_max_total_cumulated_unit_flow_from_node]  0.000141 seconds (100 allocations: 6.289 KiB)
- [constraint_max_total_cumulated_unit_flow_to_node]  0.000046 seconds (92 allocations: 5.789 KiB)
- [constraint_min_capacity_margin]  0.000111 seconds (98 allocations: 4.648 KiB)
- [constraint_min_down_time]  1.197933 seconds (6.68 M allocations: 499.457 MiB, 32.10% gc time, 3.35% compilation time)
- [constraint_min_node_pressure]  0.000158 seconds (218 allocations: 14.928 KiB)
- [constraint_min_node_voltage_angle]  0.000129 seconds (284 allocations: 13.367 KiB)
- [constraint_min_ratio_in_in_unit_flow]  0.000156 seconds (205 allocations: 12.758 KiB)
- [constraint_min_ratio_in_out_unit_flow]  0.000105 seconds (205 allocations: 12.758 KiB)
- [constraint_min_ratio_out_in_connection_flow]  0.000077 seconds (102 allocations: 5.820 KiB)
- [constraint_min_ratio_out_in_unit_flow]  0.000066 seconds (205 allocations: 12.758 KiB)
- [constraint_min_ratio_out_out_unit_flow]  0.000059 seconds (205 allocations: 12.758 KiB)
- [constraint_min_scheduled_outage_duration]  0.000079 seconds (66 allocations: 3.320 KiB)
- [constraint_min_total_cumulated_unit_flow_from_node]  0.000073 seconds (100 allocations: 6.289 KiB)
- [constraint_min_total_cumulated_unit_flow_to_node]  0.000058 seconds (92 allocations: 5.789 KiB)
- [constraint_min_up_time]  0.078669 seconds (817.75 k allocations: 47.995 MiB)
- [constraint_minimum_operating_point]  0.104935 seconds (942.30 k allocations: 57.563 MiB)
- [constraint_nodal_balance]  0.395861 seconds (4.60 M allocations: 258.845 MiB)
- [constraint_node_injection]  2.783519 seconds (26.19 M allocations: 1.320 GiB, 11.09% gc time)
- [constraint_node_state_capacity]  0.379178 seconds (4.01 M allocations: 206.287 MiB)
- [constraint_node_voltage_angle]  0.000121 seconds (54 allocations: 2.820 KiB)
- [constraint_non_spinning_reserves_lower_bound]  0.000202 seconds (479 allocations: 23.211 KiB)
- [constraint_non_spinning_reserves_shut_down_upper_bound]  0.000195 seconds (488 allocations: 24.008 KiB)
- [constraint_non_spinning_reserves_start_up_upper_bound]  0.000132 seconds (488 allocations: 24.008 KiB)
- [constraint_operating_point_bounds] 19.026516 seconds (163.32 M allocations: 18.731 GiB, 22.86% gc time)
- [constraint_operating_point_rank]  0.031564 seconds (334.79 k allocations: 30.537 MiB)
- [constraint_ramp_down]  0.313804 seconds (2.57 M allocations: 157.215 MiB, 12.64% compilation time)
- [constraint_ramp_up]  0.420917 seconds (2.59 M allocations: 158.082 MiB, 31.36% gc time)
- [constraint_ratio_out_in_connection_intact_flow]  0.000144 seconds (72 allocations: 3.336 KiB)
- [constraint_storage_lifetime]  3.394873 seconds (31.00 M allocations: 3.319 GiB, 28.21% gc time, 0.43% compilation time)
- [constraint_storage_line_pack]  0.000104 seconds (84 allocations: 5.273 KiB)
- [constraint_storages_invested_available]  0.000843 seconds (898 allocations: 49.352 KiB)
- [constraint_storages_invested_transition]  0.001106 seconds (3.95 k allocations: 205.381 KiB)
- [constraint_unit_flow_capacity]  0.940252 seconds (8.66 M allocations: 477.005 MiB, 13.91% gc time)
- [constraint_unit_flow_op_bounds]  0.475149 seconds (2.47 M allocations: 134.012 MiB, 4.50% compilation time)
- [constraint_unit_flow_op_rank]  0.390341 seconds (1.93 M allocations: 109.220 MiB)
- [constraint_unit_flow_op_sum]  0.030180 seconds (88.63 k allocations: 7.014 MiB)
- [constraint_unit_lifetime] 18.975911 seconds (151.27 M allocations: 16.313 GiB, 32.03% gc time)
- [constraint_unit_state_transition]  0.026080 seconds (310.07 k allocations: 22.204 MiB)
- [constraint_units_available]  1.445920 seconds (15.33 M allocations: 778.447 MiB)
- [constraint_units_invested_available]  0.001022 seconds (3.03 k allocations: 175.685 KiB)
- [constraint_units_invested_transition]  0.002346 seconds (17.63 k allocations: 923.816 KiB)
- [constraint_units_out_of_service_contiguity]  0.000097 seconds (66 allocations: 3.320 KiB)
- [constraint_units_out_of_service_transition]  0.000128 seconds (95 allocations: 4.883 KiB)
- [constraint_user_constraint]  0.679908 seconds (3.39 M allocations: 202.967 MiB, 9.80% compilation time)
 82.136579 seconds (609.77 M allocations: 59.975 GiB, 33.56% gc time, 0.27% compilation time)
Setting model objective...  1.098185 seconds (10.25 M allocations: 531.713 MiB, 6.77% compilation time)
Build complete. Started at 2026-07-11T10:55:08.681, ended at 2026-07-11T10:57:45.673, elapsed time: 2 minutes, 36 seconds, 992 milliseconds
Solve started at 2026-07-11T10:57:45.673
Bringing model to the first window...  3.785946 seconds (34.33 M allocations: 1.673 GiB, 18.20% gc time)
model - window 1 of 12: 2019-01-01T00:00~(4 weeks, 2 days, 10 hours)~>2019-01-31T10:00
Optimizing model...Running HiGHS 1.14.0 (git hash: 7df0786de3): Copyright (c) 2026 under Apache 2.0 license terms
Using BLAS: blastrampoline-5
MIP has 114015 rows; 126309 cols; 294084 nonzeros; 2287 integer variables (0 binary)
Coefficient ranges:
  Matrix  [6e-03, 5e+05]
  Cost    [4e-03, 2e+11]
  Bound   [1e+00, 1e+05]
  RHS     [1e+00, 2e+04]
WARNING: Problem has some excessively large costs
WARNING:    Consider scaling the objective by 1e-6, or setting the user_objective_scale option to -18
Presolving model
51949 rows, 60771 cols, 182029 nonzeros 0s
35059 rows, 46082 cols, 152342 nonzeros 0s
30485 rows, 38777 cols, 152662 nonzeros 1s
Presolve reductions: rows 30485(-83530); columns 38777(-87532); nonzeros 152662(-141422)
Solving MIP model with:
   30485 rows
   38777 cols (1772 binary, 0 integer, 0 implied int., 37005 continuous, 0 domain fixed)
   152662 nonzeros
Src: B => Branching; C => Central rounding; F => Feasibility pump; H => Heuristic;
     I => Shifting; J => Feasibility jump; L => Sub-MIP; P => Empty MIP; R => Randomized rounding;
     S => Solve LP; T => Evaluate node; U => Unbounded; X => User solution; Y => HiGHS solution;
     Z => ZI Round; l => Trivial lower; p => Trivial point; u => Trivial upper; z => Trivial zero
        Nodes      |    B&B Tree     |            Objective Bounds              |  Dynamic Constraints |       Work
Src  Proc. InQueue |  Leaves   Expl. | BestBound       BestSol              Gap |   Cuts   InLp Confl. | LpIters     Time
         0       0         0   0.00%   -148094240.6155 inf                  inf        0      0      0         0     1.9s
 R       0       0         0   0.00%   19833235116.14  2.03813239e+13    99.90%        0      0      0     22032    17.8s
         0       0         0   0.00%   19833260747.78  2.03813239e+13    99.90%     1062    308      0     22791    23.5s
 T       0       0         0   0.00%   19833260813.17  19833260813.17     0.00%     1070    309      0     22792    34.6s
         1       0         1 100.00%   19833260813.17  19833260813.17     0.00%     1070    309      0     22792    34.6s
Solving report
  Status            Optimal
  Primal bound      19833260813.2
  Dual bound        19833260813.2
  Gap               0% (tolerance: 0%)
  P-D integral      16.8016831572
  Solution status   feasible
                    19833260813.2 (objective)
                    0 (bound viol.)
                    0 (int. viol.)
                    0 (row viol.)
  Timing            34.60
  Max sub-MIP depth 0
  Nodes             1
  Repair LPs        0
  LP iterations     22792
                    0 (strong br.)
                    760 (separation)
                    0 (heuristics)
 34.801175 seconds (810.37 k allocations: 109.581 MiB)
Optimal solution found, objective function value: 1.983326081317204e10
Saving model results...  0.425756 seconds (3.99 M allocations: 133.860 MiB)
Postprocessing model results...  0.000068 seconds (48 allocations: 3.312 KiB)
Saving model outputs...  0.352259 seconds (2.56 M allocations: 159.869 MiB)
Rolling model temporal structure...  0.614088 seconds (4.64 M allocations: 97.730 MiB)
Fixing model history...  0.050719 seconds (387.45 k allocations: 18.902 MiB)
Applying model non-anticipativity constraints...  0.000178 seconds (557 allocations: 29.391 KiB)
model - window 2 of 12: 2019-01-31T10:00~(4 weeks, 2 days, 10 hours)~>2019-03-02T20:00
Optimizing model...MIP has 114015 rows; 126309 cols; 294081 nonzeros; 2287 integer variables (0 binary)
Coefficient ranges:
  Matrix  [6e-03, 5e+05]
  Cost    [4e-03, 2e+11]
  Bound   [9e-13, 1e+05]
  RHS     [1e+00, 2e+04]
WARNING: Problem has some excessively large costs
WARNING: Problem has some excessively small column bounds
WARNING:    Consider scaling the objective by 1e-6, or setting the user_objective_scale option to -18
Presolving model
72734 rows, 60762 cols, 198401 nonzeros 0s
32214 rows, 43967 cols, 165557 nonzeros 0s
30275 rows, 39269 cols, 156725 nonzeros 0s
Presolve reductions: rows 30275(-83740); columns 39269(-87040); nonzeros 156725(-137356)
Solving MIP model with:
   30275 rows
   39269 cols (1775 binary, 0 integer, 0 implied int., 37494 continuous, 0 domain fixed)
   156725 nonzeros
Src: B => Branching; C => Central rounding; F => Feasibility pump; H => Heuristic;
     I => Shifting; J => Feasibility jump; L => Sub-MIP; P => Empty MIP; R => Randomized rounding;
     S => Solve LP; T => Evaluate node; U => Unbounded; X => User solution; Y => HiGHS solution;
     Z => ZI Round; l => Trivial lower; p => Trivial point; u => Trivial upper; z => Trivial zero
        Nodes      |    B&B Tree     |            Objective Bounds              |  Dynamic Constraints |       Work
Src  Proc. InQueue |  Leaves   Expl. | BestBound       BestSol              Gap |   Cuts   InLp Confl. | LpIters     Time
         0       0         0   0.00%   19589814849.98  inf                  inf        0      0      0         0     1.8s
 R       0       0         0   0.00%   19768101986.9   1.88856311e+13    99.90%        0      0      0     23617     6.3s
         0       0         0   0.00%   19768113573.86  1.88856311e+13    99.90%     5016    506      0     25017    11.7s
         0       0         0   0.00%   19768116534.3   1.88856311e+13    99.90%     7977    625      0     25311    18.1s
         0       0         0   0.00%   19768120594.69  1.88856311e+13    99.90%    10306    685      0     25571    23.3s
         0       0         0   0.00%   19768125091.3   1.88856311e+13    99.90%    10190    732      0     25789    28.6s
         0       0         0   0.00%   19768126703.87  1.88856311e+13    99.90%    10952    738      0     25849    34.2s
         0       0         0   0.00%   19768129559.91  1.88856311e+13    99.90%     9146    748      0     25881    39.7s
         0       0         0   0.00%   19768135910     1.88856311e+13    99.90%     9375    732      0     25918    45.4s
         0       0         0   0.00%   19768149341.21  1.88856311e+13    99.90%     9579    754      0     25952    50.6s
         0       0         0   0.00%   19768149697.84  1.88856311e+13    99.90%     9587    726      0     25976    56.0s
 L       0       0         0   0.00%   19768149838.78  19768149901.27     0.00%     9589    729      0     25980   140.6s
 T       0       0         0   0.00%   19768149838.78  19768149838.78     0.00%     9589    729      0     27474   140.7s
         1       0         1 100.00%   19768149838.78  19768149838.78     0.00%     9589    729      0     27474   140.7s
Solving report
  Status            Optimal
  Primal bound      19768149838.8
  Dual bound        19768149838.8
  Gap               0% (tolerance: 0%)
  P-D integral      134.142961506
  Solution status   feasible
                    19768149838.8 (objective)
                    0 (bound viol.)
                    2.10942374679e-15 (int. viol.)
                    0 (row viol.)
  Timing            140.67
  Max sub-MIP depth 4
  Nodes             1
  Repair LPs        0
  LP iterations     27474
                    0 (strong br.)
                    2363 (separation)
                    1494 (heuristics)
140.695944 seconds (247 allocations: 10.359 KiB)
Optimal solution found, objective function value: 1.9768149838781334e10
Saving model results...  0.458467 seconds (3.99 M allocations: 133.853 MiB)
Postprocessing model results...  0.000098 seconds (48 allocations: 3.312 KiB)
Saving model outputs...  0.806084 seconds (2.56 M allocations: 159.860 MiB, 50.90% gc time)
Rolling model temporal structure...  0.584194 seconds (4.64 M allocations: 97.709 MiB)
Fixing model history...  0.045250 seconds (383.10 k allocations: 18.661 MiB)
Applying model non-anticipativity constraints...  0.000130 seconds (557 allocations: 29.391 KiB)
model - window 3 of 12: 2019-03-02T20:00~(4 weeks, 2 days, 10 hours)~>2019-04-02T06:00
Optimizing model...MIP has 114015 rows; 126309 cols; 294050 nonzeros; 2287 integer variables (0 binary)
Coefficient ranges:
  Matrix  [6e-03, 5e+05]
  Cost    [4e-03, 2e+11]
  Bound   [7e-18, 1e+05]
  RHS     [1e+00, 2e+04]
WARNING: Problem has some excessively large costs
WARNING: Problem has some excessively small column bounds
WARNING:    Consider scaling the objective by 1e-6, or setting the user_objective_scale option to -18
Presolving model
72331 rows, 60698 cols, 197543 nonzeros 0s
31497 rows, 43702 cols, 160901 nonzeros 0s
29941 rows, 38773 cols, 152686 nonzeros 0s
Presolve reductions: rows 29941(-84074); columns 38773(-87536); nonzeros 152686(-141364)
Solving MIP model with:
   29941 rows
   38773 cols (1659 binary, 0 integer, 0 implied int., 37114 continuous, 0 domain fixed)
   152686 nonzeros
Src: B => Branching; C => Central rounding; F => Feasibility pump; H => Heuristic;
     I => Shifting; J => Feasibility jump; L => Sub-MIP; P => Empty MIP; R => Randomized rounding;
     S => Solve LP; T => Evaluate node; U => Unbounded; X => User solution; Y => HiGHS solution;
     Z => ZI Round; l => Trivial lower; p => Trivial point; u => Trivial upper; z => Trivial zero
        Nodes      |    B&B Tree     |            Objective Bounds              |  Dynamic Constraints |       Work
Src  Proc. InQueue |  Leaves   Expl. | BestBound       BestSol              Gap |   Cuts   InLp Confl. | LpIters     Time
         0       0         0   0.00%   -167639117.057  inf                  inf        0      0      0         0     1.9s
 R       0       0         0   0.00%   19881197691.3   1.91936584e+13    99.90%        0      0      0     22655    16.4s
         0       0         0   0.00%   19881231560.85  1.91936584e+13    99.90%     2620    303      0     23442    27.4s
 L       0       0         0   0.00%   19881231560.85  19881231560.85     0.00%     2620    303      0     23442    70.9s
         1       0         1 100.00%   19881231560.85  19881231560.85     0.00%     2620    303      0     29565    70.9s
Solving report
  Status            Optimal
  Primal bound      19881231560.9
  Dual bound        19881231560.9
  Gap               0% (tolerance: 0%)
  P-D integral      54.3988580897
  Solution status   feasible
                    19881231560.9 (objective)
                    0 (bound viol.)
                    9.09494701773e-16 (int. viol.)
                    0 (row viol.)
  Timing            70.92
  Max sub-MIP depth 1
  Nodes             1
  Repair LPs        0
  LP iterations     29565
                    0 (strong br.)
                    787 (separation)
                    6123 (heuristics)
 70.944457 seconds (58 allocations: 2.344 KiB)
Optimal solution found, objective function value: 1.9881231560851494e10
Saving model results...  0.427968 seconds (3.99 M allocations: 133.854 MiB)
Postprocessing model results...  0.000056 seconds (48 allocations: 3.312 KiB)
Saving model outputs...  0.362147 seconds (2.56 M allocations: 159.860 MiB)
Rolling model temporal structure...  0.668185 seconds (4.64 M allocations: 97.709 MiB)
Fixing model history...  0.044840 seconds (383.10 k allocations: 18.661 MiB)
model - window 4 of 12: 2019-04-02T06:00~(4 weeks, 2 days, 10 hours)~>2019-05-02T16:00
Applying model non-anticipativity constraints...  0.000140 seconds (557 allocations: 29.391 KiB)
Optimizing model...MIP has 114015 rows; 126309 cols; 294031 nonzeros; 2287 integer variables (0 binary)
Coefficient ranges:
  Matrix  [6e-03, 5e+05]
  Cost    [4e-03, 2e+11]
  Bound   [6e-07, 1e+05]
  RHS     [1e+00, 2e+04]
WARNING: Problem has some excessively large costs
WARNING: Problem has some excessively small column bounds
WARNING:    Consider scaling the objective by 1e-6, or setting the user_objective_scale option to -18
Presolving model
72293 rows, 60660 cols, 197467 nonzeros 0s
31497 rows, 43683 cols, 160882 nonzeros 0s
29942 rows, 38778 cols, 152924 nonzeros 1s
Presolve reductions: rows 29942(-84073); columns 38778(-87531); nonzeros 152924(-141107)
Solving MIP model with:
   29942 rows
   38778 cols (1664 binary, 0 integer, 0 implied int., 37114 continuous, 0 domain fixed)
   152924 nonzeros
Src: B => Branching; C => Central rounding; F => Feasibility pump; H => Heuristic;
     I => Shifting; J => Feasibility jump; L => Sub-MIP; P => Empty MIP; R => Randomized rounding;
     S => Solve LP; T => Evaluate node; U => Unbounded; X => User solution; Y => HiGHS solution;
     Z => ZI Round; l => Trivial lower; p => Trivial point; u => Trivial upper; z => Trivial zero
        Nodes      |    B&B Tree     |            Objective Bounds              |  Dynamic Constraints |       Work
Src  Proc. InQueue |  Leaves   Expl. | BestBound       BestSol              Gap |   Cuts   InLp Confl. | LpIters     Time
         0       0         0   0.00%   -247609521.2652 inf                  inf        0      0      0         0     1.7s
 R       0       0         0   0.00%   19829596247.83  1.89929575e+13    99.90%        0      0      0     24916    16.9s
         0       0         0   0.00%   19829642867.54  1.89929575e+13    99.90%     2847    302      0     25826    27.5s
 L       0       0         0   0.00%   19829642867.54  19829642867.54     0.00%     2847    302      0     25826    61.6s
 T       0       0         0   0.00%   19829642867.54  19829642867.54     0.00%     2847    302      0     28858    61.6s
         1       0         1 100.00%   19829642867.54  19829642867.54     0.00%     2847    302      0     28858    61.6s
Solving report
  Status            Optimal
  Primal bound      19829642867.5
  Dual bound        19829642867.5
  Gap               0% (tolerance: 0%)
  P-D integral      44.6518206829
  Solution status   feasible
                    19829642867.5 (objective)
                    0 (bound viol.)
                    1.57207580287e-13 (int. viol.)
                    0 (row viol.)
  Timing            61.63
  Max sub-MIP depth 1
  Nodes             1
  Repair LPs        0
  LP iterations     28858
                    0 (strong br.)
                    910 (separation)
                    3032 (heuristics)
 61.665027 seconds (58 allocations: 2.344 KiB)
Optimal solution found, objective function value: 1.982964286753641e10
Saving model results...  0.412757 seconds (3.99 M allocations: 133.853 MiB)
Postprocessing model results...  0.000047 seconds (48 allocations: 3.312 KiB)
Saving model outputs...  0.350990 seconds (2.56 M allocations: 159.860 MiB)
Rolling model temporal structure...  0.879002 seconds (4.64 M allocations: 97.709 MiB, 34.09% gc time)
Fixing model history...  0.043020 seconds (383.10 k allocations: 18.661 MiB)
Applying model non-anticipativity constraints...  0.000118 seconds (557 allocations: 29.391 KiB)
model - window 5 of 12: 2019-05-02T16:00~(4 weeks, 2 days, 10 hours)~>2019-06-02T02:00
Optimizing model...MIP has 114015 rows; 126309 cols; 294024 nonzeros; 2287 integer variables (0 binary)
Coefficient ranges:
  Matrix  [6e-03, 5e+05]
  Cost    [4e-03, 2e+11]
  Bound   [2e-04, 1e+05]
  RHS     [1e+00, 2e+04]
WARNING: Problem has some excessively large costs
WARNING:    Consider scaling the objective by 1e-6, or setting the user_objective_scale option to -18
Presolving model
72279 rows, 60646 cols, 197439 nonzeros 0s
31824 rows, 43909 cols, 164720 nonzeros 0s
30279 rows, 39113 cols, 156412 nonzeros 0s
Presolve reductions: rows 30279(-83736); columns 39113(-87196); nonzeros 156412(-137612)
Solving MIP model with:
   30279 rows
   39113 cols (1770 binary, 0 integer, 0 implied int., 37343 continuous, 0 domain fixed)
   156412 nonzeros
Src: B => Branching; C => Central rounding; F => Feasibility pump; H => Heuristic;
     I => Shifting; J => Feasibility jump; L => Sub-MIP; P => Empty MIP; R => Randomized rounding;
     S => Solve LP; T => Evaluate node; U => Unbounded; X => User solution; Y => HiGHS solution;
     Z => ZI Round; l => Trivial lower; p => Trivial point; u => Trivial upper; z => Trivial zero
        Nodes      |    B&B Tree     |            Objective Bounds              |  Dynamic Constraints |       Work
Src  Proc. InQueue |  Leaves   Expl. | BestBound       BestSol              Gap |   Cuts   InLp Confl. | LpIters     Time
         0       0         0   0.00%   -236574605.9039 inf                  inf        0      0      0         0     1.9s
 R       0       0         0   0.00%   18544814485.18  1.88667032e+13    99.90%        0      0      0     22067    17.4s
 T       0       0         0   0.00%   18544850670.8   18544850670.8      0.00%     2838    306      0     22992    28.3s
         1       0         1 100.00%   18544850670.8   18544850670.8      0.00%     2838    306      0     22992    28.3s
Solving report
  Status            Optimal
  Primal bound      18544850670.8
  Dual bound        18544850670.8
  Gap               0% (tolerance: 0%)
  P-D integral      10.8705026048
  Solution status   feasible
                    18544850670.8 (objective)
                    0 (bound viol.)
                    7.32747196253e-15 (int. viol.)
                    0 (row viol.)
  Timing            28.27
  Max sub-MIP depth 0
  Nodes             1
  Repair LPs        0
  LP iterations     22992
                    0 (strong br.)
                    925 (separation)
                    0 (heuristics)
 28.300236 seconds (44 allocations: 1.750 KiB)
Optimal solution found, objective function value: 1.854485067080125e10
Saving model results...  0.438277 seconds (3.99 M allocations: 133.853 MiB)
Postprocessing model results...  0.000068 seconds (48 allocations: 3.312 KiB)
Saving model outputs...  0.371744 seconds (2.56 M allocations: 159.860 MiB)
Rolling model temporal structure...  0.585727 seconds (4.64 M allocations: 97.709 MiB)
Fixing model history...  0.046917 seconds (383.10 k allocations: 18.661 MiB)
Applying model non-anticipativity constraints...  0.000164 seconds (557 allocations: 29.391 KiB)
model - window 6 of 12: 2019-06-02T02:00~(4 weeks, 2 days, 10 hours)~>2019-07-02T12:00
Optimizing model...MIP has 114015 rows; 126309 cols; 294025 nonzeros; 2287 integer variables (0 binary)
Coefficient ranges:
  Matrix  [6e-03, 5e+05]
  Cost    [4e-03, 2e+11]
  Bound   [1e-05, 1e+05]
  RHS     [1e+00, 2e+04]
WARNING: Problem has some excessively large costs
WARNING: Problem has some excessively small column bounds
WARNING:    Consider scaling the objective by 1e-6, or setting the user_objective_scale option to -18
Presolving model
72281 rows, 60648 cols, 197443 nonzeros 0s
31497 rows, 43677 cols, 160876 nonzeros 0s
29942 rows, 38777 cols, 152820 nonzeros 0s
Presolve reductions: rows 29942(-84073); columns 38777(-87532); nonzeros 152820(-141205)
Solving MIP model with:
   29942 rows
   38777 cols (1663 binary, 0 integer, 0 implied int., 37114 continuous, 0 domain fixed)
   152820 nonzeros
Src: B => Branching; C => Central rounding; F => Feasibility pump; H => Heuristic;
     I => Shifting; J => Feasibility jump; L => Sub-MIP; P => Empty MIP; R => Randomized rounding;
     S => Solve LP; T => Evaluate node; U => Unbounded; X => User solution; Y => HiGHS solution;
     Z => ZI Round; l => Trivial lower; p => Trivial point; u => Trivial upper; z => Trivial zero
        Nodes      |    B&B Tree     |            Objective Bounds              |  Dynamic Constraints |       Work
Src  Proc. InQueue |  Leaves   Expl. | BestBound       BestSol              Gap |   Cuts   InLp Confl. | LpIters     Time
         0       0         0   0.00%   -250495446.2903 inf                  inf        0      0      0         0     1.9s
 R       0       0         0   0.00%   19821976705.73  1.91935936e+13    99.90%        0      0      0     22816    16.4s
 C       0       0         0   0.00%   19822019614.94  1.89929517e+13    99.90%     2664    303      0     23665    26.6s
 L       0       0         0   0.00%   19822019614.94  19822019614.94     0.00%     2664    303      0     23665    64.1s
 T       0       0         0   0.00%   19822019614.94  19822019614.94     0.00%     2664    303      0     43887    64.2s
         1       0         1 100.00%   19822019614.94  19822019614.94     0.00%     2664    303      0     43887    64.2s
Solving report
  Status            Optimal
  Primal bound      19822019614.9
  Dual bound        19822019614.9
  Gap               0% (tolerance: 0%)
  P-D integral      47.6457917024
  Solution status   feasible
                    19822019614.9 (objective)
                    0 (bound viol.)
                    2.975397706e-14 (int. viol.)
                    0 (row viol.)
  Timing            64.17
  Max sub-MIP depth 1
  Nodes             1
  Repair LPs        0
  LP iterations     43887
                    0 (strong br.)
                    849 (separation)
                    20222 (heuristics)
 64.199170 seconds (58 allocations: 2.344 KiB)
Optimal solution found, objective function value: 1.98220196149395e10
Saving model results...  0.511844 seconds (3.99 M allocations: 133.854 MiB)
Postprocessing model results...  0.000043 seconds (48 allocations: 3.312 KiB)
Saving model outputs...  0.348080 seconds (2.56 M allocations: 159.860 MiB)
Rolling model temporal structure...  0.612739 seconds (4.64 M allocations: 97.709 MiB)
Fixing model history...  0.047884 seconds (383.10 k allocations: 18.661 MiB)
Applying model non-anticipativity constraints...  0.000121 seconds (557 allocations: 29.391 KiB)
model - window 7 of 12: 2019-07-02T12:00~(4 weeks, 2 days, 10 hours)~>2019-08-01T22:00
Optimizing model...MIP has 114015 rows; 126309 cols; 294028 nonzeros; 2287 integer variables (0 binary)
Coefficient ranges:
  Matrix  [6e-03, 5e+05]
  Cost    [4e-03, 2e+11]
  Bound   [1e-05, 1e+05]
  RHS     [1e+00, 2e+04]
WARNING: Problem has some excessively large costs
WARNING: Problem has some excessively small column bounds
WARNING:    Consider scaling the objective by 1e-6, or setting the user_objective_scale option to -18
Presolving model
72287 rows, 60654 cols, 197455 nonzeros 0s
31497 rows, 43680 cols, 160879 nonzeros 0s
29941 rows, 38777 cols, 152900 nonzeros 0s
Presolve reductions: rows 29941(-84074); columns 38777(-87532); nonzeros 152900(-141128)
Solving MIP model with:
   29941 rows
   38777 cols (1663 binary, 0 integer, 0 implied int., 37114 continuous, 0 domain fixed)
   152900 nonzeros
Src: B => Branching; C => Central rounding; F => Feasibility pump; H => Heuristic;
     I => Shifting; J => Feasibility jump; L => Sub-MIP; P => Empty MIP; R => Randomized rounding;
     S => Solve LP; T => Evaluate node; U => Unbounded; X => User solution; Y => HiGHS solution;
     Z => ZI Round; l => Trivial lower; p => Trivial point; u => Trivial upper; z => Trivial zero
        Nodes      |    B&B Tree     |            Objective Bounds              |  Dynamic Constraints |       Work
Src  Proc. InQueue |  Leaves   Expl. | BestBound       BestSol              Gap |   Cuts   InLp Confl. | LpIters     Time
         0       0         0   0.00%   1050839086.775  inf                  inf        0      0      0         0     1.8s
 R       0       0         0   0.00%   19856246248.71  1.87404707e+13    99.89%        0      0      0     23550    16.1s
 C       0       0         0   0.00%   19856277891.72  1.87404707e+13    99.89%     2813    301      0     24360    26.4s
 L       0       0         0   0.00%   19856277891.72  19856277891.72     0.00%     2813    301      0     24360    40.4s
         1       0         1 100.00%   19856277891.72  19856277891.72     0.00%     2813    301      0     27734    40.4s
Solving report
  Status            Optimal
  Primal bound      19856277891.7
  Dual bound        19856277891.7
  Gap               0% (tolerance: 0%)
  P-D integral      24.2243702301
  Solution status   feasible
                    19856277891.7 (objective)
                    0 (bound viol.)
                    7.77156117238e-16 (int. viol.)
                    0 (row viol.)
  Timing            40.44
  Max sub-MIP depth 1
  Nodes             1
  Repair LPs        0
  LP iterations     27734
                    0 (strong br.)
                    810 (separation)
                    3374 (heuristics)
 40.473018 seconds (58 allocations: 2.344 KiB)
Optimal solution found, objective function value: 1.9856277891723324e10
Saving model results...  0.728882 seconds (3.99 M allocations: 133.854 MiB, 40.22% gc time)
Postprocessing model results...  0.000038 seconds (48 allocations: 3.312 KiB)
Saving model outputs...  0.392469 seconds (2.56 M allocations: 159.860 MiB)
Rolling model temporal structure...  0.567893 seconds (4.64 M allocations: 97.709 MiB)
Fixing model history...  0.043206 seconds (383.10 k allocations: 18.661 MiB)
Applying model non-anticipativity constraints...  0.000156 seconds (557 allocations: 29.391 KiB)
model - window 8 of 12: 2019-08-01T22:00~(4 weeks, 2 days, 10 hours)~>2019-09-01T08:00
Optimizing model...MIP has 114015 rows; 126309 cols; 294021 nonzeros; 2287 integer variables (0 binary)
Coefficient ranges:
  Matrix  [6e-03, 5e+05]
  Cost    [4e-03, 2e+11]
  Bound   [2e-04, 1e+05]
  RHS     [1e+00, 2e+04]
WARNING: Problem has some excessively large costs
WARNING:    Consider scaling the objective by 1e-6, or setting the user_objective_scale option to -18
Presolving model
72273 rows, 60640 cols, 197427 nonzeros 0s
31497 rows, 43673 cols, 160872 nonzeros 0s
29941 rows, 38771 cols, 152611 nonzeros 0s
Presolve reductions: rows 29941(-84074); columns 38771(-87538); nonzeros 152611(-141410)
Solving MIP model with:
   29941 rows
   38771 cols (1657 binary, 0 integer, 0 implied int., 37114 continuous, 0 domain fixed)
   152611 nonzeros
Src: B => Branching; C => Central rounding; F => Feasibility pump; H => Heuristic;
     I => Shifting; J => Feasibility jump; L => Sub-MIP; P => Empty MIP; R => Randomized rounding;
     S => Solve LP; T => Evaluate node; U => Unbounded; X => User solution; Y => HiGHS solution;
     Z => ZI Round; l => Trivial lower; p => Trivial point; u => Trivial upper; z => Trivial zero
        Nodes      |    B&B Tree     |            Objective Bounds              |  Dynamic Constraints |       Work
Src  Proc. InQueue |  Leaves   Expl. | BestBound       BestSol              Gap |   Cuts   InLp Confl. | LpIters     Time
         0       0         0   0.00%   -156359615.9243 inf                  inf        0      0      0         0     1.9s
 R       0       0         0   0.00%   19875458142.55  1.91936607e+13    99.90%        0      0      0     23947    17.1s
         0       0         0   0.00%   19875478986.31  1.91936607e+13    99.90%     2836    303      0     24718    28.0s
 L       0       0         0   0.00%   19875478986.31  19875478986.31     0.00%     2836    303      0     24718    81.6s
         1       0         1 100.00%   19875478986.31  19875478986.31     0.00%     2836    303      0     28055    81.6s
Solving report
  Status            Optimal
  Primal bound      19875478986.3
  Dual bound        19875478986.3
  Gap               0% (tolerance: 0%)
  P-D integral      64.4032858266
  Solution status   feasible
                    19875478986.3 (objective)
                    0 (bound viol.)
                    2.22044604925e-15 (int. viol.)
                    0 (row viol.)
  Timing            81.63
  Max sub-MIP depth 1
  Nodes             1
  Repair LPs        0
  LP iterations     28055
                    0 (strong br.)
                    771 (separation)
                    3337 (heuristics)
 81.651191 seconds (58 allocations: 2.344 KiB)
Optimal solution found, objective function value: 1.9875478986309692e10
Saving model results...  0.434300 seconds (3.99 M allocations: 133.853 MiB)
Postprocessing model results...  0.000067 seconds (48 allocations: 3.312 KiB)
Saving model outputs...  0.397065 seconds (2.56 M allocations: 159.860 MiB)
Rolling model temporal structure...  0.748680 seconds (4.64 M allocations: 97.709 MiB)
Fixing model history...  0.053437 seconds (383.10 k allocations: 18.661 MiB)
Applying model non-anticipativity constraints...  0.000195 seconds (557 allocations: 29.391 KiB)
model - window 9 of 12: 2019-09-01T08:00~(4 weeks, 2 days, 10 hours)~>2019-10-01T18:00
Optimizing model...MIP has 114015 rows; 126309 cols; 294052 nonzeros; 2287 integer variables (0 binary)
Coefficient ranges:
  Matrix  [6e-03, 5e+05]
  Cost    [4e-03, 2e+11]
  Bound   [2e-04, 1e+05]
  RHS     [1e+00, 2e+04]
WARNING: Problem has some excessively large costs
WARNING:    Consider scaling the objective by 1e-6, or setting the user_objective_scale option to -18
Presolving model
72335 rows, 60702 cols, 197551 nonzeros 0s
31497 rows, 43704 cols, 160903 nonzeros 0s
29940 rows, 38769 cols, 152720 nonzeros 1s
Presolve reductions: rows 29940(-84075); columns 38769(-87540); nonzeros 152720(-141332)
Solving MIP model with:
   29940 rows
   38769 cols (1655 binary, 0 integer, 0 implied int., 37114 continuous, 0 domain fixed)
   152720 nonzeros
Src: B => Branching; C => Central rounding; F => Feasibility pump; H => Heuristic;
     I => Shifting; J => Feasibility jump; L => Sub-MIP; P => Empty MIP; R => Randomized rounding;
     S => Solve LP; T => Evaluate node; U => Unbounded; X => User solution; Y => HiGHS solution;
     Z => ZI Round; l => Trivial lower; p => Trivial point; u => Trivial upper; z => Trivial zero
        Nodes      |    B&B Tree     |            Objective Bounds              |  Dynamic Constraints |       Work
Src  Proc. InQueue |  Leaves   Expl. | BestBound       BestSol              Gap |   Cuts   InLp Confl. | LpIters     Time
         0       0         0   0.00%   -151481763.0646 inf                  inf        0      0      0         0     2.2s
 R       0       0         0   0.00%   19880068520.58  1.89930202e+13    99.90%        0      0      0     24142    17.4s
         0       0         0   0.00%   19880089687.93  1.89930202e+13    99.90%     2852    303      0     24881    26.8s
 L       0       0         0   0.00%   19880089687.93  19880089687.93     0.00%     2852    303      0     24881    57.9s
         1       0         1 100.00%   19880089687.93  19880089687.93     0.00%     2852    303      0     45699    58.0s
Solving report
  Status            Optimal
  Primal bound      19880089687.9
  Dual bound        19880089687.9
  Gap               0% (tolerance: 0%)
  P-D integral      40.440900894
  Solution status   feasible
                    19880089687.9 (objective)
                    0 (bound viol.)
                    7.50333128963e-16 (int. viol.)
                    0 (row viol.)
  Timing            57.97
  Max sub-MIP depth 1
  Nodes             1
  Repair LPs        0
  LP iterations     45699
                    0 (strong br.)
                    739 (separation)
                    20818 (heuristics)
 57.989830 seconds (58 allocations: 2.344 KiB)
Optimal solution found, objective function value: 1.9880089687931e10
Saving model results...  0.426939 seconds (3.99 M allocations: 133.854 MiB)
Postprocessing model results...  0.000052 seconds (48 allocations: 3.312 KiB)
Saving model outputs...  0.677634 seconds (2.56 M allocations: 159.860 MiB, 44.85% gc time)
Rolling model temporal structure...  0.632389 seconds (4.64 M allocations: 97.709 MiB)
Fixing model history...  0.042075 seconds (383.10 k allocations: 18.661 MiB)
Applying model non-anticipativity constraints...  0.000168 seconds (557 allocations: 29.391 KiB)
model - window 10 of 12: 2019-10-01T18:00~(4 weeks, 2 days, 10 hours)~>2019-11-01T04:00
Optimizing model...MIP has 114015 rows; 126309 cols; 294054 nonzeros; 2287 integer variables (0 binary)
Coefficient ranges:
  Matrix  [6e-03, 5e+05]
  Cost    [4e-03, 2e+11]
  Bound   [2e-04, 1e+05]
  RHS     [1e+00, 2e+04]
WARNING: Problem has some excessively large costs
WARNING:    Consider scaling the objective by 1e-6, or setting the user_objective_scale option to -18
Presolving model
72339 rows, 60706 cols, 197559 nonzeros 0s
31824 rows, 43939 cols, 164750 nonzeros 0s
30278 rows, 39107 cols, 156213 nonzeros 1s
Presolve reductions: rows 30278(-83737); columns 39107(-87202); nonzeros 156213(-137841)
Solving MIP model with:
   30278 rows
   39107 cols (1764 binary, 0 integer, 0 implied int., 37343 continuous, 0 domain fixed)
   156213 nonzeros
Src: B => Branching; C => Central rounding; F => Feasibility pump; H => Heuristic;
     I => Shifting; J => Feasibility jump; L => Sub-MIP; P => Empty MIP; R => Randomized rounding;
     S => Solve LP; T => Evaluate node; U => Unbounded; X => User solution; Y => HiGHS solution;
     Z => ZI Round; l => Trivial lower; p => Trivial point; u => Trivial upper; z => Trivial zero
        Nodes      |    B&B Tree     |            Objective Bounds              |  Dynamic Constraints |       Work
Src  Proc. InQueue |  Leaves   Expl. | BestBound       BestSol              Gap |   Cuts   InLp Confl. | LpIters     Time
         0       0         0   0.00%   -149040696.4189 inf                  inf        0      0      0         0     2.0s
 R       0       0         0   0.00%   -149040696.4189 1.90246852e+13   100.00%        0      0      0         0     7.3s
         0       0         0   0.00%   18598582240.88  1.90246852e+13    99.90%        0      0      0     10000    24.7s
 T       0       0         0   0.00%   18598605290.23  18598605290.23     0.00%     2859    308      0     10748    34.0s
         1       0         1 100.00%   18598605290.23  18598605290.23     0.00%     2859    308      0     10748    34.0s
Solving report
  Status            Optimal
  Primal bound      18598605290.2
  Dual bound        18598605290.2
  Gap               0% (tolerance: 0%)
  P-D integral      26.710998212
  Solution status   feasible
                    18598605290.2 (objective)
                    0 (bound viol.)
                    4.4408920985e-15 (int. viol.)
                    0 (row viol.)
  Timing            34.00
  Max sub-MIP depth 0
  Nodes             1
  Repair LPs        0
  LP iterations     10748
                    0 (strong br.)
                    748 (separation)
                    0 (heuristics)
 34.033060 seconds (44 allocations: 1.750 KiB)
Optimal solution found, objective function value: 1.8598605290227375e10
Saving model results...  0.432488 seconds (3.99 M allocations: 133.854 MiB)
Postprocessing model results...  0.000045 seconds (48 allocations: 3.312 KiB)
Saving model outputs...  0.336909 seconds (2.56 M allocations: 159.860 MiB)
Rolling model temporal structure...  0.565282 seconds (4.64 M allocations: 97.709 MiB)
Fixing model history...  0.043057 seconds (383.10 k allocations: 18.661 MiB)
Applying model non-anticipativity constraints...  0.000136 seconds (557 allocations: 29.391 KiB)
model - window 11 of 12: 2019-11-01T04:00~(4 weeks, 2 days, 10 hours)~>2019-12-01T14:00
Optimizing model...MIP has 114015 rows; 126309 cols; 294088 nonzeros; 2287 integer variables (0 binary)
Coefficient ranges:
  Matrix  [6e-03, 5e+05]
  Cost    [4e-03, 2e+11]
  Bound   [1e-05, 1e+05]
  RHS     [1e+00, 2e+04]
WARNING: Problem has some excessively large costs
WARNING: Problem has some excessively small column bounds
WARNING:    Consider scaling the objective by 1e-6, or setting the user_objective_scale option to -18
Presolving model
72407 rows, 60774 cols, 197695 nonzeros 0s
31497 rows, 43740 cols, 160939 nonzeros 0s
29940 rows, 38768 cols, 152635 nonzeros 0s
Presolve reductions: rows 29940(-84075); columns 38768(-87541); nonzeros 152635(-141453)
Solving MIP model with:
   29940 rows
   38768 cols (1654 binary, 0 integer, 0 implied int., 37114 continuous, 0 domain fixed)
   152635 nonzeros
Src: B => Branching; C => Central rounding; F => Feasibility pump; H => Heuristic;
     I => Shifting; J => Feasibility jump; L => Sub-MIP; P => Empty MIP; R => Randomized rounding;
     S => Solve LP; T => Evaluate node; U => Unbounded; X => User solution; Y => HiGHS solution;
     Z => ZI Round; l => Trivial lower; p => Trivial point; u => Trivial upper; z => Trivial zero
        Nodes      |    B&B Tree     |            Objective Bounds              |  Dynamic Constraints |       Work
Src  Proc. InQueue |  Leaves   Expl. | BestBound       BestSol              Gap |   Cuts   InLp Confl. | LpIters     Time
         0       0         0   0.00%   -148516845.9196 inf                  inf        0      0      0         0     1.8s
 R       0       0         0   0.00%   19881776863.84  1.91936647e+13    99.90%        0      0      0     22712    16.3s
         0       0         0   0.00%   19881801457.88  1.91936647e+13    99.90%     2684    304      0     23462    25.8s
 L       0       0         0   0.00%   19881801457.88  19881801457.88     0.00%     2684    304      0     23462    49.4s
 T       0       0         0   0.00%   19881801457.88  19881801457.88     0.00%     2684    304      0     31056    49.4s
         1       0         1 100.00%   19881801457.88  19881801457.88     0.00%     2684    304      0     31056    49.4s
Solving report
  Status            Optimal
  Primal bound      19881801457.9
  Dual bound        19881801457.9
  Gap               0% (tolerance: 0%)
  P-D integral      33.0466637577
  Solution status   feasible
                    19881801457.9 (objective)
                    0 (bound viol.)
                    2.34257058196e-13 (int. viol.)
                    0 (row viol.)
  Timing            49.40
  Max sub-MIP depth 1
  Nodes             1
  Repair LPs        0
  LP iterations     31056
                    0 (strong br.)
                    750 (separation)
                    7594 (heuristics)
 49.418550 seconds (58 allocations: 2.344 KiB)
Optimal solution found, objective function value: 1.9881801457876713e10
Saving model results...  0.423574 seconds (3.99 M allocations: 133.853 MiB)
Postprocessing model results...  0.000037 seconds (48 allocations: 3.312 KiB)
Saving model outputs...  0.671580 seconds (2.56 M allocations: 159.879 MiB, 37.09% gc time)
Rolling model temporal structure...  0.579632 seconds (4.64 M allocations: 97.664 MiB)
Fixing model history...  0.044800 seconds (383.10 k allocations: 18.661 MiB)
Applying model non-anticipativity constraints...  0.000163 seconds (557 allocations: 29.391 KiB)
model - window 12 of 12: 2019-12-01T14:00~(4 weeks, 2 days, 10 hours)~>2020-01-01T00:00
Optimizing model...MIP has 114015 rows; 126309 cols; 294087 nonzeros; 2287 integer variables (0 binary)
Coefficient ranges:
  Matrix  [6e-03, 5e+05]
  Cost    [4e-03, 2e+11]
  Bound   [1e-05, 1e+05]
  RHS     [1e+00, 2e+04]
WARNING: Problem has some excessively large costs
WARNING: Problem has some excessively small column bounds
WARNING:    Consider scaling the objective by 1e-6, or setting the user_objective_scale option to -18
Presolving model
72405 rows, 60772 cols, 197691 nonzeros 0s
31824 rows, 43972 cols, 164783 nonzeros 0s
30279 rows, 39107 cols, 156299 nonzeros 0s
Presolve reductions: rows 30279(-83736); columns 39107(-87202); nonzeros 156299(-137788)
Solving MIP model with:
   30279 rows
   39107 cols (1764 binary, 0 integer, 0 implied int., 37343 continuous, 0 domain fixed)
   156299 nonzeros
Src: B => Branching; C => Central rounding; F => Feasibility pump; H => Heuristic;
     I => Shifting; J => Feasibility jump; L => Sub-MIP; P => Empty MIP; R => Randomized rounding;
     S => Solve LP; T => Evaluate node; U => Unbounded; X => User solution; Y => HiGHS solution;
     Z => ZI Round; l => Trivial lower; p => Trivial point; u => Trivial upper; z => Trivial zero
        Nodes      |    B&B Tree     |            Objective Bounds              |  Dynamic Constraints |       Work
Src  Proc. InQueue |  Leaves   Expl. | BestBound       BestSol              Gap |   Cuts   InLp Confl. | LpIters     Time
         0       0         0   0.00%   1104734939.922  inf                  inf        0      0      0         0     1.8s
 R       0       0         0   0.00%   18598554756.76  1.89004011e+13    99.90%        0      0      0     22122    16.3s
 T       0       0         0   0.00%   18598575342.37  18598575342.37     0.00%     5064    306      0     22862    30.7s
         1       0         1 100.00%   18598575342.37  18598575342.37     0.00%     5064    306      0     22862    30.7s
Solving report
  Status            Optimal
  Primal bound      18598575342.4
  Dual bound        18598575342.4
  Gap               0% (tolerance: 0%)
  P-D integral      14.342295031
  Solution status   feasible
                    18598575342.4 (objective)
                    0 (bound viol.)
                    3.33066907388e-16 (int. viol.)
                    0 (row viol.)
  Timing            30.70
  Max sub-MIP depth 0
  Nodes             1
  Repair LPs        0
  LP iterations     22862
                    0 (strong br.)
                    740 (separation)
                    0 (heuristics)
 30.730626 seconds (51 allocations: 2.047 KiB)
Optimal solution found, objective function value: 1.859857534236572e10
Saving model results...  0.406056 seconds (3.99 M allocations: 133.854 MiB)
Postprocessing model results...  0.000037 seconds (48 allocations: 3.312 KiB)
Saving model outputs...  0.379017 seconds (2.56 M allocations: 159.860 MiB)
Rolling model temporal structure...  0.000053 seconds (47 allocations: 1.312 KiB)
Rolling complete
Solve complete. Started at 2026-07-11T10:57:45.673, ended at 2026-07-11T11:09:42.987, elapsed time: 11 minutes, 57 seconds, 314 milliseconds
Time summary:
Action                                           │ min       │ max        │ avg
─────────────────────────────────────────────────┼───────────┼────────────┼───────────────────────
Postprocessing model results...                  │ 3.7e-5    │ 9.8e-5     │ 5.466666666666667e-5
Fixing model history...                          │ 0.042075  │ 0.053437   │ 0.04592772727272727
Applying model non-anticipativity constraints... │ 0.000118  │ 0.000195   │ 0.00015172727272727275
Rolling model temporal structure...              │ 5.3e-5    │ 0.879002   │ 0.5864886666666667
Saving model results...                          │ 0.406056  │ 0.728882   │ 0.460609
Optimizing model...                              │ 28.300236 │ 140.695944 │ 57.90852366666667
Saving model outputs...                          │ 0.336909  │ 0.806084   │ 0.4538315
Writing report to sqlite:///C:\Users\jfg.eco\Documents\GitHub\Nord_H2ub\Spine_Projects\02_basic_energy_model\.spinetoolbox\items\outputtest\OutputTest.sqlite?spinedbfilter=cfg%3Aexecution%3A%7B%22execution_item%22%3A+%22Run+SpineOpt%22%2C+%22scenarios%22%3A+%5B%5D%2C+%22timestamp%22%3A+%222026-07-11T10%3A55%3A05%22%7D...  3.703988 seconds (21.01 M allocations: 1.265 GiB, 7.92% gc time)
Execution complete. Started at 2026-07-11T10:55:07.617, ended at 2026-07-11T11:10:00.322, elapsed time: 14 minutes, 52 seconds, 705 milliseconds
A JuMP Model
├ solver: HiGHS
├ objective_sense: MIN_SENSE
│ └ objective_function_type: JuMP.AffExpr
├ num_variables: 126309
├ num_constraints: 228741
│ ├ JuMP.AffExpr in MOI.EqualTo{Float64}: 32207
│ ├ JuMP.AffExpr in MOI.GreaterThan{Float64}: 30684
│ ├ JuMP.AffExpr in MOI.LessThan{Float64}: 51124
│ ├ JuMP.VariableRef in MOI.EqualTo{Float64}: 880
│ ├ JuMP.VariableRef in MOI.GreaterThan{Float64}: 108608
│ ├ JuMP.VariableRef in MOI.LessThan{Float64}: 2951
│ └ JuMP.VariableRef in MOI.Integer: 2287
└ Names registered in the model: none
