### Spine execution log file
### Item name: Run SpineOpt
### Filter id: 
### Part: 1

# Running julia run_spineopt.jl http://127.0.0.1:50409 http://127.0.0.1:50411
2-element Vector{String}:
 "http://127.0.0.1:50409"
 "http://127.0.0.1:50411"
Running SpineOpt...
[SpineOpt version 0.10.2 (git hash: N/A)]
[SpineInterface version 0.15.2 (git hash: N/A)]
Execution started at 2026-07-31T19:41:56.267
Reading input data from sqlite:///C:\Users\jfg.eco\Documents\GitHub\Nord_H2ub\Spine_Projects\02_basic_energy_model\.spinetoolbox\items\input\Input.sqlite...
Initializing  data structure from db...  0.569703 seconds (1.93 M allocations: 130.044 MiB)
Preprocessing  data structure...  0.108393 seconds (48.48 k allocations: 2.446 MiB, 65.59% compilation time)
Checking  data structure...  0.021080 seconds (9.05 k allocations: 476.406 KiB, 92.98% compilation time)
Build started at 2026-07-31T19:41:57.042
Creating model temporal structure...[ Info: the last time slice of temporal block Default_Investment_period has been cut to fit within the block
[ Info: the last time slice of temporal block daily has been cut to fit within the block
 50.060816 seconds (431.06 M allocations: 22.181 GiB, 55.49% gc time, 0.05% compilation time)
Creating model stochastic structure...  1.280477 seconds (3.22 M allocations: 453.173 MiB, 78.63% gc time, 3.12% compilation time)
Adding model independent variables...
- [variable_binary_gas_connection_flow]  0.062427 seconds (2.29 M allocations: 34.946 MiB)
- [variable_connection_flow]  6.189237 seconds (13.99 M allocations: 1.458 GiB, 71.37% gc time, 3.20% compilation time)
- [variable_connection_intact_flow]  0.736655 seconds (11.02 M allocations: 725.253 MiB, 16.21% gc time)
- [variable_connections_decommissioned]  0.062734 seconds (2.30 M allocations: 35.579 MiB)
- [variable_connections_invested]  0.303169 seconds (2.54 M allocations: 146.439 MiB)
- [variable_connections_invested_available]  0.334445 seconds (2.63 M allocations: 146.054 MiB, 5.32% compilation time)
- [variable_min_capacity_margin_slack]  0.059688 seconds (2.29 M allocations: 34.901 MiB)
- [variable_node_injection]  0.473820 seconds (6.86 M allocations: 370.939 MiB, 29.74% gc time)
- [variable_node_pressure]  0.059455 seconds (2.29 M allocations: 34.920 MiB)
- [variable_node_slack_neg]  0.309392 seconds (6.73 M allocations: 321.238 MiB)
- [variable_node_slack_pos]  0.473414 seconds (6.73 M allocations: 321.240 MiB, 35.24% gc time)
- [variable_node_state]  0.197964 seconds (4.26 M allocations: 143.003 MiB, 8.74% compilation time)
- [variable_node_voltage_angle]  0.056701 seconds (2.29 M allocations: 34.920 MiB)
- [variable_nonspin_units_shut_down]  0.055823 seconds (2.29 M allocations: 34.936 MiB)
- [variable_nonspin_units_started_up]  0.059295 seconds (2.29 M allocations: 34.933 MiB)
- [variable_storages_decommissioned]  0.062055 seconds (2.29 M allocations: 35.092 MiB)
- [variable_storages_invested]  0.109533 seconds (1.99 M allocations: 64.958 MiB, 14.55% compilation time)
- [variable_storages_invested_available]  0.102900 seconds (1.99 M allocations: 64.870 MiB)
- [variable_unit_flow]  2.334908 seconds (16.39 M allocations: 2.228 GiB, 33.32% gc time, 3.64% compilation time)
- [variable_unit_flow_op]  0.171517 seconds (3.78 M allocations: 156.502 MiB)
- [variable_unit_flow_op_active]  0.187826 seconds (4.25 M allocations: 184.321 MiB)
- [variable_units_invested]  0.376197 seconds (2.53 M allocations: 132.868 MiB, 27.20% gc time)
- [variable_units_invested_available]  0.276770 seconds (2.60 M allocations: 135.801 MiB, 8.73% compilation time)
- [variable_units_mothballed]  0.058164 seconds (2.30 M allocations: 35.614 MiB)
- [variable_units_on]  0.246673 seconds (5.73 M allocations: 259.007 MiB)
- [variable_units_out_of_service]  0.056179 seconds (2.29 M allocations: 34.912 MiB)
- [variable_units_returned_to_service]  0.056528 seconds (2.29 M allocations: 34.907 MiB)
- [variable_units_shut_down]  0.076661 seconds (2.57 M allocations: 53.710 MiB)
- [variable_units_started_up]  0.074380 seconds (2.56 M allocations: 53.018 MiB)
- [variable_units_taken_out_of_service]  0.067926 seconds (2.29 M allocations: 34.908 MiB)
- [variable_user_constraint_slack_neg]  0.223263 seconds (2.29 M allocations: 34.899 MiB, 73.01% gc time)
- [variable_user_constraint_slack_pos]  0.065953 seconds (2.29 M allocations: 34.899 MiB)
 14.010786 seconds (131.18 M allocations: 7.367 GiB, 42.02% gc time, 2.56% compilation time)
Adding model dependent variables...
- [variable_connection_flow]  0.300069 seconds (4.68 M allocations: 203.040 MiB)
- [variable_unit_flow]  0.400525 seconds (6.40 M allocations: 302.914 MiB)
  0.705687 seconds (11.08 M allocations: 505.966 MiB)
Adding model expressions...
- [expression_capacity_margin]  0.001498 seconds (86 allocations: 3.875 KiB)
  0.002532 seconds (198 allocations: 9.398 KiB)
Adding model constraints...
- [constraint_candidate_connection_flow_lb]  0.000234 seconds (146 allocations: 6.461 KiB)
- [constraint_candidate_connection_flow_ub]  0.000117 seconds (144 allocations: 6.180 KiB)
- [constraint_compression_ratio]  0.000077 seconds (94 allocations: 5.930 KiB)
- [constraint_connection_flow_capacity]  1.925520 seconds (22.42 M allocations: 1.265 GiB, 13.10% gc time, 0.04% compilation time)
- [constraint_connection_flow_gas_capacity]  0.000084 seconds (97 allocations: 7.086 KiB)
- [constraint_connection_flow_intact_flow]  0.000094 seconds (87 allocations: 4.008 KiB)
- [constraint_connection_flow_lodf]  0.001890 seconds (66 allocations: 3.438 KiB)
- [constraint_connection_intact_flow_capacity]  0.000255 seconds (118 allocations: 5.648 KiB)
- [constraint_connection_intact_flow_ptdf]  0.000128 seconds (72 allocations: 3.602 KiB)
- [constraint_connection_lifetime] 29.427212 seconds (219.78 M allocations: 22.942 GiB, 53.13% gc time, 0.04% compilation time)
- [constraint_connection_unitary_gas_flow]  0.000098 seconds (94 allocations: 5.930 KiB)
- [constraint_connections_invested_available]  0.000956 seconds (2.82 k allocations: 164.138 KiB)
- [constraint_connections_invested_transition]  0.002896 seconds (16.29 k allocations: 859.582 KiB)
- [constraint_cyclic_node_state]  0.010604 seconds (2.56 k allocations: 123.836 KiB, 97.69% compilation time)
- [constraint_fix_node_pressure_point]  0.000086 seconds (94 allocations: 5.930 KiB)
- [constraint_fix_ratio_in_in_unit_flow]  0.111868 seconds (1.09 M allocations: 69.084 MiB)
- [constraint_fix_ratio_in_out_unit_flow]  0.000457 seconds (3.20 k allocations: 167.914 KiB)
- [constraint_fix_ratio_out_in_connection_flow]  0.096923 seconds (822.53 k allocations: 48.704 MiB, 14.06% compilation time)
- [constraint_fix_ratio_out_in_unit_flow]  0.000152 seconds (193 allocations: 12.008 KiB)
- [constraint_fix_ratio_out_out_unit_flow]  0.000379 seconds (1.10 k allocations: 59.039 KiB)
- [constraint_investment_group_equal_investments]  0.007879 seconds (37.15 k allocations: 8.371 MiB)
- [constraint_investment_group_maximum_capacity_invested_available]  0.000253 seconds (34 allocations: 1.992 KiB)
- [constraint_investment_group_maximum_entities_invested_available]  0.000075 seconds (32 allocations: 1.898 KiB)
- [constraint_investment_group_minimum_capacity_invested_available]  0.000098 seconds (32 allocations: 1.898 KiB)
- [constraint_investment_group_minimum_entities_invested_available]  0.000063 seconds (32 allocations: 1.898 KiB)
- [constraint_max_node_pressure]  0.000171 seconds (219 allocations: 10.758 KiB)
- [constraint_max_node_voltage_angle]  0.000093 seconds (293 allocations: 13.742 KiB)
- [constraint_max_ratio_in_in_unit_flow]  0.000149 seconds (193 allocations: 12.008 KiB)
- [constraint_max_ratio_in_out_unit_flow]  0.000113 seconds (193 allocations: 12.008 KiB)
- [constraint_max_ratio_out_in_connection_flow]  0.000082 seconds (114 allocations: 6.570 KiB)
- [constraint_max_ratio_out_in_unit_flow]  0.000066 seconds (193 allocations: 12.008 KiB)
- [constraint_max_ratio_out_out_unit_flow]  0.000079 seconds (193 allocations: 12.008 KiB)
- [constraint_max_total_cumulated_unit_flow_from_node]  0.000117 seconds (96 allocations: 6.039 KiB)
- [constraint_max_total_cumulated_unit_flow_to_node]  0.000056 seconds (92 allocations: 5.789 KiB)
- [constraint_min_capacity_margin]  0.000056 seconds (101 allocations: 4.773 KiB)
- [constraint_min_down_time]  0.749815 seconds (6.69 M allocations: 499.645 MiB, 19.34% gc time, 4.32% compilation time)
- [constraint_min_node_pressure]  0.000152 seconds (224 allocations: 15.146 KiB)
- [constraint_min_node_voltage_angle]  0.000082 seconds (293 allocations: 13.742 KiB)
- [constraint_min_ratio_in_in_unit_flow]  0.000109 seconds (193 allocations: 12.008 KiB)
- [constraint_min_ratio_in_out_unit_flow]  0.000071 seconds (193 allocations: 12.008 KiB)
- [constraint_min_ratio_out_in_connection_flow]  0.000089 seconds (114 allocations: 6.570 KiB)
- [constraint_min_ratio_out_in_unit_flow]  0.000077 seconds (193 allocations: 12.008 KiB)
- [constraint_min_ratio_out_out_unit_flow]  0.000068 seconds (193 allocations: 12.008 KiB)
- [constraint_min_scheduled_outage_duration]  0.000103 seconds (66 allocations: 3.320 KiB)
- [constraint_min_total_cumulated_unit_flow_from_node]  0.000060 seconds (96 allocations: 6.039 KiB)
- [constraint_min_total_cumulated_unit_flow_to_node]  0.000029 seconds (92 allocations: 5.789 KiB)
- [constraint_min_up_time]  0.060839 seconds (819.94 k allocations: 49.034 MiB)
- [constraint_minimum_operating_point]  0.080975 seconds (944.49 k allocations: 56.703 MiB)
- [constraint_nodal_balance]  0.302222 seconds (4.68 M allocations: 264.892 MiB)
- [constraint_node_injection]  2.205720 seconds (26.96 M allocations: 1.351 GiB, 16.53% gc time)
- [constraint_node_state_capacity]  0.243936 seconds (4.07 M allocations: 208.695 MiB)
- [constraint_node_voltage_angle]  0.001643 seconds (69 allocations: 3.445 KiB)
- [constraint_non_spinning_reserves_lower_bound]  0.000166 seconds (471 allocations: 22.898 KiB)
- [constraint_non_spinning_reserves_shut_down_upper_bound]  0.000112 seconds (480 allocations: 23.695 KiB)
- [constraint_non_spinning_reserves_start_up_upper_bound]  0.000089 seconds (480 allocations: 23.695 KiB)
- [constraint_operating_point_bounds] 14.398001 seconds (163.32 M allocations: 18.732 GiB, 26.18% gc time)
- [constraint_operating_point_rank]  0.023993 seconds (334.78 k allocations: 29.587 MiB)
- [constraint_ramp_down]  0.227400 seconds (2.56 M allocations: 156.981 MiB, 16.41% compilation time)
- [constraint_ramp_up]  0.202161 seconds (2.57 M allocations: 157.848 MiB)
- [constraint_ratio_out_in_connection_intact_flow]  0.000155 seconds (87 allocations: 4.008 KiB)
- [constraint_storage_lifetime]  2.876386 seconds (31.00 M allocations: 3.319 GiB, 33.04% gc time, 0.57% compilation time)
- [constraint_storage_line_pack]  0.000074 seconds (96 allocations: 6.023 KiB)
- [constraint_storages_invested_available]  0.000829 seconds (904 allocations: 49.602 KiB)
- [constraint_storages_invested_transition]  0.000661 seconds (4.04 k allocations: 208.928 KiB)
- [constraint_unit_flow_capacity]  0.630481 seconds (8.50 M allocations: 470.459 MiB)
- [constraint_unit_flow_op_bounds]  0.179667 seconds (2.47 M allocations: 134.015 MiB, 9.73% compilation time)
- [constraint_unit_flow_op_rank]  0.128075 seconds (1.93 M allocations: 109.220 MiB)
- [constraint_unit_flow_op_sum]  0.011122 seconds (88.62 k allocations: 7.014 MiB)
- [constraint_unit_lifetime] 14.829249 seconds (153.15 M allocations: 16.534 GiB, 35.31% gc time)
- [constraint_unit_state_transition]  0.021321 seconds (310.07 k allocations: 22.204 MiB)
- [constraint_units_available]  1.142305 seconds (15.33 M allocations: 778.448 MiB)
- [constraint_units_invested_available]  0.000831 seconds (3.03 k allocations: 175.669 KiB)
- [constraint_units_invested_transition]  0.002022 seconds (17.63 k allocations: 923.770 KiB)
- [constraint_units_out_of_service_contiguity]  0.000078 seconds (66 allocations: 3.320 KiB)
- [constraint_units_out_of_service_transition]  0.000144 seconds (95 allocations: 4.883 KiB)
- [constraint_user_constraint]  0.524203 seconds (4.30 M allocations: 255.667 MiB, 12.87% compilation time)
 71.514490 seconds (690.22 M allocations: 68.131 GiB, 37.22% gc time, 0.29% compilation time)
Setting model objective...  0.800171 seconds (11.78 M allocations: 624.838 MiB, 7.59% compilation time)
Build complete. Started at 2026-07-31T19:41:57.042, ended at 2026-07-31T19:44:15.620, elapsed time: 2 minutes, 18 seconds, 578 milliseconds
Solve started at 2026-07-31T19:44:15.620
Bringing model to the first window...  3.050673 seconds (36.56 M allocations: 1.789 GiB, 18.90% gc time)
model - window 1 of 12: 2019-01-01T00:00~(4 weeks, 2 days, 10 hours)~>2019-01-31T10:00
Optimizing model...Running HiGHS 1.14.0 (git hash: 7df0786de3): Copyright (c) 2026 under Apache 2.0 license terms
Using BLAS: blastrampoline-5
MIP has 119868 rows; 139893 cols; 309909 nonzeros; 2287 integer variables (0 binary)
Coefficient ranges:
  Matrix  [6e-03, 1e+05]
  Cost    [1e-03, 2e+09]
  Bound   [3e-01, 2e+04]
  RHS     [1e+00, 2e+03]
WARNING: Problem has some excessively large costs
WARNING:    Consider scaling the objective by 1e-4, or setting the user_objective_scale option to -12
Presolving model
57447 rows, 70648 cols, 200884 nonzeros 0s
38750 rows, 53424 cols, 189101 nonzeros 0s
36708 rows, 48585 cols, 180396 nonzeros 0s
Presolve reductions: rows 36708(-83160); columns 48585(-91308); nonzeros 180396(-129513)
Solving MIP model with:
   36708 rows
   48585 cols (1777 binary, 0 integer, 0 implied int., 46808 continuous, 0 domain fixed)
   180396 nonzeros
Src: B => Branching; C => Central rounding; F => Feasibility pump; H => Heuristic;
     I => Shifting; J => Feasibility jump; L => Sub-MIP; P => Empty MIP; R => Randomized rounding;
     S => Solve LP; T => Evaluate node; U => Unbounded; X => User solution; Y => HiGHS solution;
     Z => ZI Round; l => Trivial lower; p => Trivial point; u => Trivial upper; z => Trivial zero
        Nodes      |    B&B Tree     |            Objective Bounds              |  Dynamic Constraints |       Work
Src  Proc. InQueue |  Leaves   Expl. | BestBound       BestSol              Gap |   Cuts   InLp Confl. | LpIters     Time
         0       0         0   0.00%   -443943518.0398 inf                  inf        0      0      0         0     1.6s
         0       0         0   0.00%   -113183697.0561 inf                  inf        0      0      3     29882     7.7s
 R       0       0         0   0.00%   -113177405.4969 -113177210.6548    0.00%    14891    402      5     31454    12.7s
         0       0         0   0.00%   -113177269.4029 -113177210.6548    0.00%     5670    349      5     31812    24.6s
97.9% inactive integer columns, restarting
Model after restart has 31789 rows, 40059 cols (11 bin., 0 int., 0 impl., 40048 cont., 0 dom.fix.), and 125398 nonzeros
         0       0         0   0.00%   -113177269.4029 -113177210.6548    0.00%        5      0      0     31812    24.9s
         0       0         0   0.00%   -113177269.3903 -113177210.6548    0.00%        5      5      0     32574    26.1s
         1       0         1 100.00%   -113177210.6548 -113177210.6548    0.00%       11      8      2     32602    28.8s
Solving report
  Status            Optimal
  Primal bound      -113177210.655
  Dual bound        -113177210.655
  Gap               0% (tolerance: 0%)
  P-D integral      1.16050607453e-05
  Solution status   feasible
                    -113177210.655 (objective)
                    0 (bound viol.)
                    9.9142916099e-14 (int. viol.)
                    0 (row viol.)
  Timing            28.80
  Max sub-MIP depth 1
  Nodes             1
  Repair LPs        0
  LP iterations     32602
                    0 (strong br.)
                    1629 (separation)
                    329 (heuristics)
 28.971620 seconds (868.36 k allocations: 121.451 MiB)
Optimal solution found, objective function value: -1.13177210654822e8
Saving model results...  0.363251 seconds (4.27 M allocations: 149.144 MiB)
Postprocessing model results...  0.000050 seconds (48 allocations: 3.312 KiB)
Saving model outputs...  0.304214 seconds (2.76 M allocations: 170.359 MiB)
Rolling model temporal structure...  0.540082 seconds (4.74 M allocations: 102.054 MiB)
Fixing model history...  0.053330 seconds (418.32 k allocations: 20.434 MiB)
Applying model non-anticipativity constraints...  0.001973 seconds (603 allocations: 32.203 KiB)
model - window 2 of 12: 2019-01-31T10:00~(4 weeks, 2 days, 10 hours)~>2019-03-02T20:00
Optimizing model...MIP has 119868 rows; 139893 cols; 309966 nonzeros; 2287 integer variables (0 binary)
Coefficient ranges:
  Matrix  [6e-03, 1e+05]
  Cost    [1e-03, 2e+09]
  Bound   [7e-03, 2e+04]
  RHS     [1e+00, 2e+03]
WARNING: Problem has some excessively large costs
WARNING:    Consider scaling the objective by 1e-4, or setting the user_objective_scale option to -12
Presolving model
78750 rows, 70758 cols, 220587 nonzeros 0s
37623 rows, 53398 cols, 181104 nonzeros 0s
35999 rows, 48404 cols, 175908 nonzeros 0s
Presolve reductions: rows 35999(-83869); columns 48404(-91489); nonzeros 175908(-134058)
Solving MIP model with:
   35999 rows
   48404 cols (1668 binary, 0 integer, 0 implied int., 46736 continuous, 0 domain fixed)
   175908 nonzeros
Src: B => Branching; C => Central rounding; F => Feasibility pump; H => Heuristic;
     I => Shifting; J => Feasibility jump; L => Sub-MIP; P => Empty MIP; R => Randomized rounding;
     S => Solve LP; T => Evaluate node; U => Unbounded; X => User solution; Y => HiGHS solution;
     Z => ZI Round; l => Trivial lower; p => Trivial point; u => Trivial upper; z => Trivial zero
        Nodes      |    B&B Tree     |            Objective Bounds              |  Dynamic Constraints |       Work
Src  Proc. InQueue |  Leaves   Expl. | BestBound       BestSol              Gap |   Cuts   InLp Confl. | LpIters     Time
         0       0         0   0.00%   -435486445.1992 inf                  inf        0      0      0         0     1.6s
         0       0         0   0.00%   -98752629.67446 inf                  inf        0      0      2     28794     5.7s
 R       0       0         0   0.00%   -98748604.0771  -98748166.60832    0.00%     2054    354      8     30602    11.5s
 L       0       0         0   0.00%   -98748604.0771  -98748436.18316    0.00%     2054    354      8     30602    35.7s
         1       0         1 100.00%   -98748436.18316 -98748436.18316    0.00%     2355    356      9     31908    38.0s
Solving report
  Status            Optimal
  Primal bound      -98748436.1832
  Dual bound        -98748436.1832
  Gap               0% (tolerance: 0%)
  P-D integral      0.000111021648407
  Solution status   feasible
                    -98748436.1832 (objective)
                    0 (bound viol.)
                    0 (int. viol.)
                    0 (row viol.)
  Timing            38.05
  Max sub-MIP depth 3
  Nodes             1
  Repair LPs        0
  LP iterations     31908
                    0 (strong br.)
                    2135 (separation)
                    978 (heuristics)
 38.077512 seconds (93 allocations: 3.828 KiB)
Optimal solution found, objective function value: -9.87484361831599e7
Saving model results...  0.342620 seconds (4.27 M allocations: 149.138 MiB)
Postprocessing model results...  0.000058 seconds (48 allocations: 3.312 KiB)
Saving model outputs...  0.289497 seconds (2.76 M allocations: 170.350 MiB)
Rolling model temporal structure...  0.498802 seconds (4.74 M allocations: 102.043 MiB)
Fixing model history...  0.044544 seconds (413.88 k allocations: 20.191 MiB)
Applying model non-anticipativity constraints...  0.000114 seconds (603 allocations: 32.203 KiB)
model - window 3 of 12: 2019-03-02T20:00~(4 weeks, 2 days, 10 hours)~>2019-04-02T06:00
Optimizing model...MIP has 119868 rows; 139893 cols; 310029 nonzeros; 2287 integer variables (0 binary)
Coefficient ranges:
  Matrix  [6e-03, 1e+05]
  Cost    [1e-03, 2e+09]
  Bound   [8e-04, 2e+04]
  RHS     [1e+00, 2e+03]
WARNING: Problem has some excessively large costs
WARNING:    Consider scaling the objective by 1e-4, or setting the user_objective_scale option to -12
Presolving model
78876 rows, 70886 cols, 220841 nonzeros 0s
37627 rows, 53465 cols, 181177 nonzeros 0s
36021 rows, 48597 cols, 176123 nonzeros 0s
Presolve reductions: rows 36021(-83847); columns 48597(-91296); nonzeros 176123(-133906)
Solving MIP model with:
   36021 rows
   48597 cols (1668 binary, 0 integer, 0 implied int., 46929 continuous, 0 domain fixed)
   176123 nonzeros
Src: B => Branching; C => Central rounding; F => Feasibility pump; H => Heuristic;
     I => Shifting; J => Feasibility jump; L => Sub-MIP; P => Empty MIP; R => Randomized rounding;
     S => Solve LP; T => Evaluate node; U => Unbounded; X => User solution; Y => HiGHS solution;
     Z => ZI Round; l => Trivial lower; p => Trivial point; u => Trivial upper; z => Trivial zero
        Nodes      |    B&B Tree     |            Objective Bounds              |  Dynamic Constraints |       Work
Src  Proc. InQueue |  Leaves   Expl. | BestBound       BestSol              Gap |   Cuts   InLp Confl. | LpIters     Time
         0       0         0   0.00%   -396883904.7262 inf                  inf        0      0      0         0     1.4s
         0       0         0   0.00%   -108043898.0645 inf                  inf        0      0      3     30061     7.6s
 R       0       0         0   0.00%   -108040058.9098 -108040022.72      0.00%    17258    333      6     31454    11.0s
 T       0       0         0   0.00%   -108040058.9098 -108040022.72      0.00%    17261    333     16     33899    13.4s
         1       0         1 100.00%   -108040022.72   -108040022.72      0.00%    14168    333     16     33899    13.4s
Solving report
  Status            Optimal
  Primal bound      -108040022.72
  Dual bound        -108040022.72
  Gap               0% (tolerance: 0%)
  P-D integral      8.16314178385e-07
  Solution status   feasible
                    -108040022.72 (objective)
                    0 (bound viol.)
                    1.31620270238e-11 (int. viol.)
                    0 (row viol.)
  Timing            13.43
  Max sub-MIP depth 0
  Nodes             1
  Repair LPs        0
  LP iterations     33899
                    0 (strong br.)
                    1393 (separation)
                    2383 (heuristics)
 13.462304 seconds (86 allocations: 3.531 KiB)
Optimal solution found, objective function value: -1.080400227200477e8
Saving model results...  0.357762 seconds (4.27 M allocations: 149.138 MiB)
Postprocessing model results...  0.000035 seconds (48 allocations: 3.312 KiB)
Saving model outputs...  0.623776 seconds (2.76 M allocations: 170.350 MiB, 52.67% gc time)
Rolling model temporal structure...  0.522636 seconds (4.74 M allocations: 102.043 MiB)
Fixing model history...  0.041725 seconds (413.88 k allocations: 20.191 MiB)
Applying model non-anticipativity constraints...  0.000097 seconds (603 allocations: 32.203 KiB)
model - window 4 of 12: 2019-04-02T06:00~(4 weeks, 2 days, 10 hours)~>2019-05-02T16:00
Optimizing model...MIP has 119868 rows; 139893 cols; 310112 nonzeros; 2287 integer variables (0 binary)
Coefficient ranges:
  Matrix  [6e-03, 1e+05]
  Cost    [1e-03, 2e+09]
  Bound   [2e-15, 2e+04]
  RHS     [1e+00, 2e+03]
WARNING: Problem has some excessively large costs
WARNING: Problem has some excessively small column bounds
WARNING:    Consider scaling the objective by 1e-4, or setting the user_objective_scale option to -12
Presolving model
79042 rows, 71052 cols, 221173 nonzeros 0s
37627 rows, 53548 cols, 181260 nonzeros 0s
36170 rows, 49167 cols, 176813 nonzeros 0s
Presolve reductions: rows 36170(-83698); columns 49167(-90726); nonzeros 176813(-133299)
Solving MIP model with:
   36170 rows
   49167 cols (1667 binary, 0 integer, 0 implied int., 47500 continuous, 0 domain fixed)
   176813 nonzeros
Src: B => Branching; C => Central rounding; F => Feasibility pump; H => Heuristic;
     I => Shifting; J => Feasibility jump; L => Sub-MIP; P => Empty MIP; R => Randomized rounding;
     S => Solve LP; T => Evaluate node; U => Unbounded; X => User solution; Y => HiGHS solution;
     Z => ZI Round; l => Trivial lower; p => Trivial point; u => Trivial upper; z => Trivial zero
        Nodes      |    B&B Tree     |            Objective Bounds              |  Dynamic Constraints |       Work
Src  Proc. InQueue |  Leaves   Expl. | BestBound       BestSol              Gap |   Cuts   InLp Confl. | LpIters     Time
         0       0         0   0.00%   -396295534.5028 inf                  inf        0      0      0         0     2.1s
         0       0         0   0.00%   -49052807.92052 inf                  inf        0      0      3     30642     8.2s
         0       0         0   0.00%   -49048770.96792 inf                  inf    14856    423      9     33157    14.5s
 R       0       0         0   0.00%   -49048425.42686 -49048425.42685    0.00%     3358    463      9     33610    17.0s
 T       0       0         0   0.00%   -49048425.42686 -49048425.42686    0.00%     3358    463      9     33610    17.1s
         1       0         1 100.00%   -49048425.42686 -49048425.42686    0.00%     3358    463      9     33610    17.1s
Solving report
  Status            Optimal
  Primal bound      -49048425.4269
  Dual bound        -49048425.4269
  Gap               0% (tolerance: 0%)
  P-D integral      5.76106727009e-15
  Solution status   feasible
                    -49048425.4269 (objective)
                    0 (bound viol.)
                    6.33165381236e-10 (int. viol.)
                    0 (row viol.)
  Timing            17.06
  Max sub-MIP depth 0
  Nodes             1
  Repair LPs        0
  LP iterations     33610
                    0 (strong br.)
                    2968 (separation)
                    0 (heuristics)
 17.090130 seconds (44 allocations: 1.750 KiB)
Optimal solution found, objective function value: -4.904842542685803e7
Saving model results...  0.324543 seconds (4.27 M allocations: 149.139 MiB)
Postprocessing model results...  0.000030 seconds (48 allocations: 3.312 KiB)
Saving model outputs...  0.285633 seconds (2.76 M allocations: 170.350 MiB)
Rolling model temporal structure...  0.513786 seconds (4.74 M allocations: 102.043 MiB)
Fixing model history...  0.040226 seconds (413.88 k allocations: 20.191 MiB)
Applying model non-anticipativity constraints...  0.000140 seconds (603 allocations: 32.203 KiB)
model - window 5 of 12: 2019-05-02T16:00~(4 weeks, 2 days, 10 hours)~>2019-06-02T02:00
Optimizing model...MIP has 119868 rows; 139893 cols; 310164 nonzeros; 2287 integer variables (0 binary)
Coefficient ranges:
  Matrix  [6e-03, 1e+05]
  Cost    [1e-03, 2e+09]
  Bound   [1e-16, 2e+04]
  RHS     [1e+00, 2e+03]
WARNING: Problem has some excessively large costs
WARNING: Problem has some excessively small column bounds
WARNING:    Consider scaling the objective by 1e-4, or setting the user_objective_scale option to -12
Presolving model
79146 rows, 71156 cols, 221381 nonzeros 0s
37627 rows, 53600 cols, 181312 nonzeros 0s
36214 rows, 49347 cols, 177066 nonzeros 0s
Presolve reductions: rows 36214(-83654); columns 49347(-90546); nonzeros 177066(-133098)
Solving MIP model with:
   36214 rows
   49347 cols (1668 binary, 0 integer, 0 implied int., 47679 continuous, 0 domain fixed)
   177066 nonzeros
Src: B => Branching; C => Central rounding; F => Feasibility pump; H => Heuristic;
     I => Shifting; J => Feasibility jump; L => Sub-MIP; P => Empty MIP; R => Randomized rounding;
     S => Solve LP; T => Evaluate node; U => Unbounded; X => User solution; Y => HiGHS solution;
     Z => ZI Round; l => Trivial lower; p => Trivial point; u => Trivial upper; z => Trivial zero
        Nodes      |    B&B Tree     |            Objective Bounds              |  Dynamic Constraints |       Work
Src  Proc. InQueue |  Leaves   Expl. | BestBound       BestSol              Gap |   Cuts   InLp Confl. | LpIters     Time
         0       0         0   0.00%   -388619438.4136 inf                  inf        0      0      0         0     1.4s
         0       0         0   0.00%   -54247673.22344 inf                  inf        0      0      3     30754     7.2s
 R       0       0         0   0.00%   -54244082.91947 -54243061.51791    0.00%    13484    487      5     33171    11.7s
 L       0       0         0   0.00%   -54244082.91947 -54243061.51791    0.00%    13484    487      5     33171    45.0s
40.0% inactive integer columns, restarting
Model after restart has 33129 rows, 39864 cols (889 bin., 0 int., 0 impl., 38975 cont., 0 dom.fix.), and 143678 nonzeros
         0       0         0   0.00%   -54244082.91947 -54243061.51791    0.00%      303      0      0     49193    45.9s
         0       0         0   0.00%   -54244082.91947 -54243061.51791    0.00%      303    243      3     53595    47.9s
100.0% inactive integer columns, restarting
Model after restart has 31258 rows, 38970 cols (0 bin., 0 int., 0 impl., 38970 cont., 0 dom.fix.), and 123247 nonzeros
         0       0         0   0.00%   -54243061.55522 -54243061.51791    0.00%        1      0      0     53995    50.0s
         0       0         0   0.00%   -54243061.55522 -54243061.51791    0.00%        1      0      0     54558    50.3s
         1       0         1 100.00%   -54243061.51791 -54243061.51791    0.00%        1      0      0     54558    50.3s
Solving report
  Status            Optimal
  Primal bound      -54243061.5179
  Dual bound        -54243061.5179
  Gap               0% (tolerance: 0%)
  P-D integral      0.00071623690718
  Solution status   feasible
                    -54243061.5179 (objective)
                    0 (bound viol.)
                    0 (int. viol.)
                    0 (row viol.)
  Timing            50.28
  Max sub-MIP depth 2
  Nodes             1
  Repair LPs        0
  LP iterations     54558
                    0 (strong br.)
                    2811 (separation)
                    16022 (heuristics)
 50.312633 seconds (128 allocations: 5.312 KiB)
Optimal solution found, objective function value: -5.424306151791038e7
Saving model results...  0.339988 seconds (4.27 M allocations: 149.138 MiB)
Postprocessing model results...  0.000029 seconds (48 allocations: 3.312 KiB)
Saving model outputs...  0.534681 seconds (2.76 M allocations: 170.350 MiB, 45.29% gc time)
Rolling model temporal structure...  0.503292 seconds (4.74 M allocations: 102.043 MiB)
Fixing model history...  0.043775 seconds (413.88 k allocations: 20.191 MiB)
Applying model non-anticipativity constraints...  0.000112 seconds (603 allocations: 32.203 KiB)
model - window 6 of 12: 2019-06-02T02:00~(4 weeks, 2 days, 10 hours)~>2019-07-02T12:00
Optimizing model...MIP has 119868 rows; 139893 cols; 310176 nonzeros; 2287 integer variables (0 binary)
Coefficient ranges:
  Matrix  [6e-03, 1e+05]
  Cost    [1e-03, 2e+09]
  Bound   [1e-16, 2e+04]
  RHS     [1e+00, 2e+03]
WARNING: Problem has some excessively large costs
WARNING: Problem has some excessively small column bounds
WARNING:    Consider scaling the objective by 1e-4, or setting the user_objective_scale option to -12
Presolving model
79170 rows, 71180 cols, 221429 nonzeros 0s
37627 rows, 53612 cols, 181324 nonzeros 0s
36222 rows, 49422 cols, 177103 nonzeros 0s
Presolve reductions: rows 36222(-83646); columns 49422(-90471); nonzeros 177103(-133073)
Solving MIP model with:
   36222 rows
   49422 cols (1667 binary, 0 integer, 0 implied int., 47755 continuous, 0 domain fixed)
   177103 nonzeros
Src: B => Branching; C => Central rounding; F => Feasibility pump; H => Heuristic;
     I => Shifting; J => Feasibility jump; L => Sub-MIP; P => Empty MIP; R => Randomized rounding;
     S => Solve LP; T => Evaluate node; U => Unbounded; X => User solution; Y => HiGHS solution;
     Z => ZI Round; l => Trivial lower; p => Trivial point; u => Trivial upper; z => Trivial zero
        Nodes      |    B&B Tree     |            Objective Bounds              |  Dynamic Constraints |       Work
Src  Proc. InQueue |  Leaves   Expl. | BestBound       BestSol              Gap |   Cuts   InLp Confl. | LpIters     Time
         0       0         0   0.00%   -405931080.978  inf                  inf        0      0      0         0     1.4s
         0       0         0   0.00%   -49307062.12025 inf                  inf        0      0      3     29778     7.8s
 R       0       0         0   0.00%   -49306459.48235 1.28358397e+11   100.04%     9338    227      3     31202    14.7s
         0       0         0   0.00%   -49302765.41138 1.28358397e+11   100.04%     8316    525      3     32519    21.0s
 C       0       0         0   0.00%   -49302758.16798 -49302727.10533    0.00%     8504    528      3     32521    23.2s
 H       0       0         0   0.00%   -49302758.16798 -49302755.21533    0.00%     8504    528      3     32521    23.4s
         1       0         1 100.00%   -49302755.21533 -49302755.21533    0.00%     8505    528      6     34121    24.7s
Solving report
  Status            Optimal
  Primal bound      -49302755.2153
  Dual bound        -49302755.2153
  Gap               0% (tolerance: 0%)
  P-D integral      8.46716524174
  Solution status   feasible
                    -49302755.2153 (objective)
                    0 (bound viol.)
                    1.08801856413e-14 (int. viol.)
                    0 (row viol.)
  Timing            24.70
  Max sub-MIP depth 0
  Nodes             1
  Repair LPs        0
  LP iterations     34121
                    0 (strong br.)
                    2743 (separation)
                    1597 (heuristics)
 24.721858 seconds (107 allocations: 4.422 KiB)
Optimal solution found, objective function value: -4.930275521533067e7
Saving model results...  0.338712 seconds (4.27 M allocations: 149.138 MiB)
Postprocessing model results...  0.000057 seconds (48 allocations: 3.312 KiB)
Saving model outputs...  0.270624 seconds (2.76 M allocations: 170.350 MiB)
Rolling model temporal structure...  0.488701 seconds (4.74 M allocations: 102.043 MiB)
Fixing model history...  0.040263 seconds (413.88 k allocations: 20.191 MiB)
Applying model non-anticipativity constraints...  0.000102 seconds (603 allocations: 32.203 KiB)
model - window 7 of 12: 2019-07-02T12:00~(4 weeks, 2 days, 10 hours)~>2019-08-01T22:00
Optimizing model...MIP has 119868 rows; 139893 cols; 310173 nonzeros; 2287 integer variables (0 binary)
Coefficient ranges:
  Matrix  [6e-03, 1e+05]
  Cost    [1e-03, 2e+09]
  Bound   [1e-15, 2e+04]
  RHS     [1e+00, 2e+03]
WARNING: Problem has some excessively large costs
WARNING: Problem has some excessively small column bounds
WARNING:    Consider scaling the objective by 1e-4, or setting the user_objective_scale option to -12
Presolving model
79164 rows, 71174 cols, 221417 nonzeros 0s
37627 rows, 53609 cols, 181321 nonzeros 0s
36236 rows, 49445 cols, 177186 nonzeros 0s
Presolve reductions: rows 36236(-83632); columns 49445(-90448); nonzeros 177186(-132987)
Solving MIP model with:
   36236 rows
   49445 cols (1668 binary, 0 integer, 0 implied int., 47777 continuous, 0 domain fixed)
   177186 nonzeros
Src: B => Branching; C => Central rounding; F => Feasibility pump; H => Heuristic;
     I => Shifting; J => Feasibility jump; L => Sub-MIP; P => Empty MIP; R => Randomized rounding;
     S => Solve LP; T => Evaluate node; U => Unbounded; X => User solution; Y => HiGHS solution;
     Z => ZI Round; l => Trivial lower; p => Trivial point; u => Trivial upper; z => Trivial zero
        Nodes      |    B&B Tree     |            Objective Bounds              |  Dynamic Constraints |       Work
Src  Proc. InQueue |  Leaves   Expl. | BestBound       BestSol              Gap |   Cuts   InLp Confl. | LpIters     Time
         0       0         0   0.00%   -426227937.407  inf                  inf        0      0      0         0     1.4s
         0       0         0   0.00%   -44779969.54577 inf                  inf        0      0      3     30290    11.6s
 R       0       0         0   0.00%   -44775440.7     3.95903818e+11   100.01%    16325    418      6     30992    16.6s
 C       0       0         0   0.00%   -44774596.32013 -44763968.62672    0.02%     4225    473      6     31104    20.3s
 L       0       0         0   0.00%   -44774596.32013 -44774510.24443    0.00%     4225    473      6     31104    34.8s
         1       0         1 100.00%   -44774510.24443 -44774510.24443    0.00%     4227    474      8     32045    37.0s
Solving report
  Status            Optimal
  Primal bound      -44774510.2444
  Dual bound        -44774510.2444
  Gap               0% (tolerance: 0%)
  P-D integral      3.66386516059
  Solution status   feasible
                    -44774510.2444 (objective)
                    0 (bound viol.)
                    9.54791801178e-15 (int. viol.)
                    0 (row viol.)
  Timing            36.97
  Max sub-MIP depth 1
  Nodes             1
  Repair LPs        0
  LP iterations     32045
                    0 (strong br.)
                    831 (separation)
                    922 (heuristics)
 37.001609 seconds (93 allocations: 3.828 KiB)
Optimal solution found, objective function value: -4.477451024442779e7
Saving model results...  0.343595 seconds (4.27 M allocations: 149.139 MiB)
Postprocessing model results...  0.000032 seconds (48 allocations: 3.312 KiB)
Saving model outputs...  0.284606 seconds (2.76 M allocations: 170.350 MiB)
Rolling model temporal structure...  0.514349 seconds (4.74 M allocations: 102.043 MiB)
Fixing model history...  0.046465 seconds (413.88 k allocations: 20.191 MiB)
Applying model non-anticipativity constraints...  0.000104 seconds (603 allocations: 32.203 KiB)
model - window 8 of 12: 2019-08-01T22:00~(4 weeks, 2 days, 10 hours)~>2019-09-01T08:00
Optimizing model...MIP has 119868 rows; 139893 cols; 310126 nonzeros; 2287 integer variables (0 binary)
Coefficient ranges:
  Matrix  [6e-03, 1e+05]
  Cost    [1e-03, 2e+09]
  Bound   [4e-03, 2e+04]
  RHS     [1e+00, 2e+03]
WARNING: Problem has some excessively large costs
WARNING:    Consider scaling the objective by 1e-4, or setting the user_objective_scale option to -12
Presolving model
79070 rows, 71080 cols, 221229 nonzeros 0s
37627 rows, 53562 cols, 181274 nonzeros 0s
36191 rows, 49242 cols, 176938 nonzeros 0s
Presolve reductions: rows 36191(-83677); columns 49242(-90651); nonzeros 176938(-133188)
Solving MIP model with:
   36191 rows
   49242 cols (1668 binary, 0 integer, 0 implied int., 47574 continuous, 0 domain fixed)
   176938 nonzeros
Src: B => Branching; C => Central rounding; F => Feasibility pump; H => Heuristic;
     I => Shifting; J => Feasibility jump; L => Sub-MIP; P => Empty MIP; R => Randomized rounding;
     S => Solve LP; T => Evaluate node; U => Unbounded; X => User solution; Y => HiGHS solution;
     Z => ZI Round; l => Trivial lower; p => Trivial point; u => Trivial upper; z => Trivial zero
        Nodes      |    B&B Tree     |            Objective Bounds              |  Dynamic Constraints |       Work
Src  Proc. InQueue |  Leaves   Expl. | BestBound       BestSol              Gap |   Cuts   InLp Confl. | LpIters     Time
         0       0         0   0.00%   -414220785.4862 inf                  inf        0      0      0         0     1.4s
         0       0         0   0.00%   -39049362.11878 inf                  inf        0      0      3     30444     7.4s
 R       0       0         0   0.00%   -39045050.79041 -39045017.10414    0.00%    15249    430      6     32357    11.2s
         0       0         0   0.00%   -39045050.79041 -39045017.10414    0.00%    15253    327     24     39064    26.0s
98.3% inactive integer columns, restarting
Model after restart has 31310 rows, 38748 cols (2 bin., 0 int., 0 impl., 38746 cont., 0 dom.fix.), and 123262 nonzeros
         0       0         0   0.00%   -39045050.79041 -39045017.10414    0.00%       11      0      0     39064    26.3s
         0       0         0   0.00%   -39045050.79041 -39045017.10414    0.00%       11     10      0     39978    27.1s
100.0% inactive integer columns, restarting
Model after restart has 31200 rows, 38737 cols (0 bin., 0 int., 0 impl., 38737 cont., 0 dom.fix.), and 122959 nonzeros
         0       0         0   0.00%   -39045017.1287  -39045017.10414    0.00%        0      0      0     39998    30.0s
 T       0       0         0   0.00%   -39045017.1287  -39045017.10414    0.00%        0      0      0     62472    34.3s
         1       0         1 100.00%   -39045017.10414 -39045017.10414    0.00%        0      0      0     62472    34.3s
Solving report
  Status            Optimal
  Primal bound      -39045017.1041
  Dual bound        -39045017.1041
  Gap               0% (tolerance: 0%)
  P-D integral      1.5936158492e-05
  Solution status   feasible
                    -39045017.1041 (objective)
                    0 (bound viol.)
                    0 (int. viol.)
                    0 (row viol.)
  Timing            34.30
  Max sub-MIP depth 2
  Nodes             1
  Repair LPs        0
  LP iterations     62472
                    0 (strong br.)
                    1933 (separation)
                    6707 (heuristics)
 34.331840 seconds (142 allocations: 5.906 KiB)
Optimal solution found, objective function value: -3.904501710414337e7
Saving model results...  0.832485 seconds (4.27 M allocations: 149.139 MiB, 59.20% gc time)
Postprocessing model results...  0.000045 seconds (48 allocations: 3.312 KiB)
Saving model outputs...  0.280424 seconds (2.76 M allocations: 170.350 MiB)
Rolling model temporal structure...  0.506861 seconds (4.74 M allocations: 102.043 MiB)
Fixing model history...  0.041729 seconds (413.88 k allocations: 20.191 MiB)
Applying model non-anticipativity constraints...  0.000107 seconds (603 allocations: 32.203 KiB)
model - window 9 of 12: 2019-09-01T08:00~(4 weeks, 2 days, 10 hours)~>2019-10-01T18:00
Optimizing model...MIP has 119868 rows; 139893 cols; 310068 nonzeros; 2287 integer variables (0 binary)
Coefficient ranges:
  Matrix  [6e-03, 1e+05]
  Cost    [1e-03, 2e+09]
  Bound   [4e-16, 2e+04]
  RHS     [1e+00, 2e+03]
WARNING: Problem has some excessively large costs
WARNING: Problem has some excessively small column bounds
WARNING:    Consider scaling the objective by 1e-4, or setting the user_objective_scale option to -12
Presolving model
78954 rows, 70964 cols, 220997 nonzeros 0s
37627 rows, 53504 cols, 181216 nonzeros 0s
36097 rows, 48833 cols, 176435 nonzeros 0s
Presolve reductions: rows 36097(-83771); columns 48833(-91060); nonzeros 176435(-133633)
Solving MIP model with:
   36097 rows
   48833 cols (1668 binary, 0 integer, 0 implied int., 47165 continuous, 0 domain fixed)
   176435 nonzeros
Src: B => Branching; C => Central rounding; F => Feasibility pump; H => Heuristic;
     I => Shifting; J => Feasibility jump; L => Sub-MIP; P => Empty MIP; R => Randomized rounding;
     S => Solve LP; T => Evaluate node; U => Unbounded; X => User solution; Y => HiGHS solution;
     Z => ZI Round; l => Trivial lower; p => Trivial point; u => Trivial upper; z => Trivial zero
        Nodes      |    B&B Tree     |            Objective Bounds              |  Dynamic Constraints |       Work
Src  Proc. InQueue |  Leaves   Expl. | BestBound       BestSol              Gap |   Cuts   InLp Confl. | LpIters     Time
         0       0         0   0.00%   -384490593.0601 inf                  inf        0      0      0         0     1.4s
         0       0         0   0.00%   -79921848.76234 inf                  inf        0      0      3     30476     7.1s
 R       0       0         0   0.00%   -79921155.11923 5.97792824e+11   100.01%     8750    216      3     31728    11.6s
 C       0       0         0   0.00%   -79917894.02446 -79917843.86446    0.00%     1705    428      3     32481    15.4s
 T       0       0         0   0.00%   -79917894.02446 -79917894.02446    0.00%     1705    428      3     32481    15.4s
         1       0         1 100.00%   -79917894.02446 -79917894.02446    0.00%     1705    428      3     32481    15.4s
Solving report
  Status            Optimal
  Primal bound      -79917894.0245
  Dual bound        -79917894.0245
  Gap               0% (tolerance: 0%)
  P-D integral      3.80471379032
  Solution status   feasible
                    -79917894.0245 (objective)
                    0 (bound viol.)
                    3.91908727693e-14 (int. viol.)
                    0 (row viol.)
  Timing            15.42
  Max sub-MIP depth 0
  Nodes             1
  Repair LPs        0
  LP iterations     32481
                    0 (strong br.)
                    2005 (separation)
                    0 (heuristics)
 15.453568 seconds (58 allocations: 2.344 KiB)
Optimal solution found, objective function value: -7.991789402446203e7
Saving model results...  0.344365 seconds (4.27 M allocations: 149.138 MiB)
Postprocessing model results...  0.000036 seconds (48 allocations: 3.312 KiB)
Saving model outputs...  0.303735 seconds (2.76 M allocations: 170.350 MiB)
Rolling model temporal structure...  0.515189 seconds (4.74 M allocations: 102.043 MiB)
Fixing model history...  0.042558 seconds (413.88 k allocations: 20.191 MiB)
Applying model non-anticipativity constraints...  0.000139 seconds (603 allocations: 32.203 KiB)
model - window 10 of 12: 2019-10-01T18:00~(4 weeks, 2 days, 10 hours)~>2019-11-01T04:00
Optimizing model...MIP has 119868 rows; 139893 cols; 310000 nonzeros; 2287 integer variables (0 binary)
Coefficient ranges:
  Matrix  [6e-03, 1e+05]
  Cost    [1e-03, 2e+09]
  Bound   [4e-16, 2e+04]
  RHS     [1e+00, 2e+03]
WARNING: Problem has some excessively large costs
WARNING: Problem has some excessively small column bounds
WARNING:    Consider scaling the objective by 1e-4, or setting the user_objective_scale option to -12
Presolving model
78818 rows, 70828 cols, 220725 nonzeros 0s
37627 rows, 53436 cols, 181148 nonzeros 0s
36054 rows, 48584 cols, 176143 nonzeros 0s
Presolve reductions: rows 36054(-83814); columns 48584(-91309); nonzeros 176143(-133857)
Solving MIP model with:
   36054 rows
   48584 cols (1668 binary, 0 integer, 0 implied int., 46916 continuous, 0 domain fixed)
   176143 nonzeros
Src: B => Branching; C => Central rounding; F => Feasibility pump; H => Heuristic;
     I => Shifting; J => Feasibility jump; L => Sub-MIP; P => Empty MIP; R => Randomized rounding;
     S => Solve LP; T => Evaluate node; U => Unbounded; X => User solution; Y => HiGHS solution;
     Z => ZI Round; l => Trivial lower; p => Trivial point; u => Trivial upper; z => Trivial zero
        Nodes      |    B&B Tree     |            Objective Bounds              |  Dynamic Constraints |       Work
Src  Proc. InQueue |  Leaves   Expl. | BestBound       BestSol              Gap |   Cuts   InLp Confl. | LpIters     Time
         0       0         0   0.00%   -394726340.9133 inf                  inf        0      0      0         0     1.5s
         0       0         0   0.00%   -67135580.40322 inf                  inf        0      0      2     30442     7.2s
 R       0       0         0   0.00%   -67131409.63958 -66403302.87305    1.10%    14885    346      5     32218    12.1s
 C       0       0         0   0.00%   -67130596.09473 -67130568.97473    0.00%    11681    402      5     32373    15.1s
 T       0       0         0   0.00%   -67130596.09473 -67130596.09473    0.00%    11681    402      5     32373    15.1s
         1       0         1 100.00%   -67130596.09473 -67130596.09473    0.00%     3321    402      5     32373    15.1s
Solving report
  Status            Optimal
  Primal bound      -67130596.0947
  Dual bound        -67130596.0947
  Gap               0% (tolerance: 0%)
  P-D integral      0.0335344674346
  Solution status   feasible
                    -67130596.0947 (objective)
                    0 (bound viol.)
                    8.54871728961e-15 (int. viol.)
                    0 (row viol.)
  Timing            15.15
  Max sub-MIP depth 0
  Nodes             1
  Repair LPs        0
  LP iterations     32373
                    0 (strong br.)
                    1931 (separation)
                    0 (heuristics)
 15.175889 seconds (65 allocations: 2.641 KiB)
Optimal solution found, objective function value: -6.713059609473169e7
Saving model results...  0.339350 seconds (4.27 M allocations: 149.139 MiB)
Postprocessing model results...  0.000035 seconds (48 allocations: 3.312 KiB)
Saving model outputs...  3.270073 seconds (2.76 M allocations: 170.351 MiB, 91.00% gc time)
Rolling model temporal structure...  0.507140 seconds (4.74 M allocations: 102.043 MiB)
Fixing model history...  0.040527 seconds (413.88 k allocations: 20.191 MiB)
Applying model non-anticipativity constraints...  0.000102 seconds (603 allocations: 32.203 KiB)
model - window 11 of 12: 2019-11-01T04:00~(4 weeks, 2 days, 10 hours)~>2019-12-01T14:00
Optimizing model...MIP has 119868 rows; 139893 cols; 309934 nonzeros; 2287 integer variables (0 binary)
Coefficient ranges:
  Matrix  [6e-03, 1e+05]
  Cost    [1e-03, 2e+09]
  Bound   [8e-16, 2e+04]
  RHS     [1e+00, 2e+03]
WARNING: Problem has some excessively large costs
WARNING: Problem has some excessively small column bounds
WARNING:    Consider scaling the objective by 1e-4, or setting the user_objective_scale option to -12
Presolving model
78686 rows, 70696 cols, 220461 nonzeros 0s
37627 rows, 53370 cols, 181082 nonzeros 0s
35990 rows, 48265 cols, 175760 nonzeros 0s
Presolve reductions: rows 35990(-83878); columns 48265(-91628); nonzeros 175760(-134174)
Solving MIP model with:
   35990 rows
   48265 cols (1668 binary, 0 integer, 0 implied int., 46597 continuous, 0 domain fixed)
   175760 nonzeros
Src: B => Branching; C => Central rounding; F => Feasibility pump; H => Heuristic;
     I => Shifting; J => Feasibility jump; L => Sub-MIP; P => Empty MIP; R => Randomized rounding;
     S => Solve LP; T => Evaluate node; U => Unbounded; X => User solution; Y => HiGHS solution;
     Z => ZI Round; l => Trivial lower; p => Trivial point; u => Trivial upper; z => Trivial zero
        Nodes      |    B&B Tree     |            Objective Bounds              |  Dynamic Constraints |       Work
Src  Proc. InQueue |  Leaves   Expl. | BestBound       BestSol              Gap |   Cuts   InLp Confl. | LpIters     Time
         0       0         0   0.00%   -436148055.8216 inf                  inf        0      0      0         0     1.4s
         0       0         0   0.00%   -80487476.18917 inf                  inf        0      0      2     28758    10.9s
 R       0       0         0   0.00%   -80481925.95176 -80481924.31412    0.00%    15754    448      5     29516    14.9s
         1       0         1 100.00%   -80481924.31412 -80481924.31412    0.00%    14611    448      7     29752    15.6s
Solving report
  Status            Optimal
  Primal bound      -80481924.3141
  Dual bound        -80481924.3141
  Gap               0% (tolerance: 0%)
  P-D integral      1.51411618032e-08
  Solution status   feasible
                    -80481924.3141 (objective)
                    0 (bound viol.)
                    6.96331881045e-15 (int. viol.)
                    0 (row viol.)
  Timing            15.62
  Max sub-MIP depth 0
  Nodes             1
  Repair LPs        0
  LP iterations     29752
                    0 (strong br.)
                    758 (separation)
                    235 (heuristics)
 15.647527 seconds (86 allocations: 3.531 KiB)
Optimal solution found, objective function value: -8.048192431412132e7
Saving model results...  0.368913 seconds (4.27 M allocations: 149.139 MiB)
Postprocessing model results...  0.000048 seconds (48 allocations: 3.312 KiB)
Saving model outputs...  0.280603 seconds (2.76 M allocations: 170.369 MiB)
Rolling model temporal structure...  0.515698 seconds (4.74 M allocations: 101.999 MiB)
Fixing model history...  0.041564 seconds (413.88 k allocations: 20.191 MiB)
Applying model non-anticipativity constraints...  0.000121 seconds (603 allocations: 32.203 KiB)
model - window 12 of 12: 2019-12-01T14:00~(4 weeks, 2 days, 10 hours)~>2020-01-01T00:00
Optimizing model...MIP has 119868 rows; 139893 cols; 309882 nonzeros; 2287 integer variables (0 binary)
Coefficient ranges:
  Matrix  [6e-03, 1e+05]
  Cost    [1e-03, 2e+09]
  Bound   [2e-02, 2e+04]
  RHS     [1e+00, 2e+03]
WARNING: Problem has some excessively large costs
WARNING:    Consider scaling the objective by 1e-4, or setting the user_objective_scale option to -12
Presolving model
78582 rows, 70592 cols, 220253 nonzeros 0s
37627 rows, 53318 cols, 181030 nonzeros 0s
35900 rows, 47959 cols, 175364 nonzeros 0s
Presolve reductions: rows 35900(-83968); columns 47959(-91934); nonzeros 175364(-134518)
Solving MIP model with:
   35900 rows
   47959 cols (1668 binary, 0 integer, 0 implied int., 46291 continuous, 0 domain fixed)
   175364 nonzeros
Src: B => Branching; C => Central rounding; F => Feasibility pump; H => Heuristic;
     I => Shifting; J => Feasibility jump; L => Sub-MIP; P => Empty MIP; R => Randomized rounding;
     S => Solve LP; T => Evaluate node; U => Unbounded; X => User solution; Y => HiGHS solution;
     Z => ZI Round; l => Trivial lower; p => Trivial point; u => Trivial upper; z => Trivial zero
        Nodes      |    B&B Tree     |            Objective Bounds              |  Dynamic Constraints |       Work
Src  Proc. InQueue |  Leaves   Expl. | BestBound       BestSol              Gap |   Cuts   InLp Confl. | LpIters     Time
         0       0         0   0.00%   -410160854.6832 inf                  inf        0      0      0         0     1.4s
         0       0         0   0.00%   -121412173.5042 inf                  inf        0      0      2     29548     6.4s
 R       0       0         0   0.00%   -121409180.3929 -121408681.0092    0.00%    13033    398      5     31485    10.5s
 L       0       0         0   0.00%   -121409180.3929 -121408681.0092    0.00%    13033    398      5     31485    36.2s
83.0% inactive integer columns, restarting
Model after restart has 32017 rows, 39912 cols (139 bin., 0 int., 0 impl., 39773 cont., 0 dom.fix.), and 126686 nonzeros
         0       0         0   0.00%   -121409180.3929 -121408681.0092    0.00%      160      0      0     56439    36.6s
         0       0         0   0.00%   -121409180.3929 -121408681.0092    0.00%      160    142      0     57921    37.5s
66.9% inactive integer columns, restarting
Model after restart has 31665 rows, 39802 cols (30 bin., 0 int., 0 impl., 39772 cont., 0 dom.fix.), and 125058 nonzeros
         0       0         0   0.00%   -121408890.8903 -121408681.0092    0.00%       55      0      0     57939    39.5s
         0       0         0   0.00%   -121408890.8903 -121408681.0092    0.00%       55     50      0     58063    42.1s
         0       0         0   0.00%   -121408880.6804 -121408681.0092    0.00%     2422     53      0     58075    47.1s
         0       0         0   0.00%   -121408873.9231 -121408681.0092    0.00%     5369     57      0     58079    53.6s
         0       0         0   0.00%   -121408868.4183 -121408681.0092    0.00%     8666     61      0     58083    60.1s
36.7% inactive integer columns, restarting
Model after restart has 31642 rows, 39790 cols (18 bin., 0 int., 0 impl., 39772 cont., 0 dom.fix.), and 124924 nonzeros
         0       0         0   0.00%   -121408816.6775 -121408681.0092    0.00%       53      0      0     58096    62.0s
         0       0         0   0.00%   -121408816.6775 -121408681.0092    0.00%       53     53      0     58169    62.4s
         1       0         1 100.00%   -121408681.0183 -121408681.0092    0.00%      979     54      0     58178    64.0s
Solving report
  Status            Optimal
  Primal bound      -121408681.009
  Dual bound        -121408681.018
  Gap               0% (tolerance: 0%)
  P-D integral      0.000157372163543
  Solution status   feasible
                    -121408681.009 (objective)
                    0 (bound viol.)
                    0 (int. viol.)
                    0 (row viol.)
  Timing            64.02
  Max sub-MIP depth 2
  Nodes             1
  Repair LPs        0
  LP iterations     58178
                    0 (strong br.)
                    1997 (separation)
                    24954 (heuristics)
 64.044074 seconds (219 allocations: 9.172 KiB)
Optimal solution found, objective function value: -1.2140868100922139e8
Saving model results...  0.342506 seconds (4.27 M allocations: 149.138 MiB)
Postprocessing model results...  0.000035 seconds (48 allocations: 3.312 KiB)
Saving model outputs...  0.277721 seconds (2.76 M allocations: 170.350 MiB)
Rolling model temporal structure...  0.000076 seconds (47 allocations: 1.312 KiB)
Rolling complete
Solve complete. Started at 2026-07-31T19:44:15.620, ended at 2026-07-31T19:50:30.821, elapsed time: 6 minutes, 15 seconds, 201 milliseconds
Time summary:
Action                                           │ min       │ max       │ avg
─────────────────────────────────────────────────┼───────────┼───────────┼───────────────────────
Postprocessing model results...                  │ 2.9e-5    │ 5.8e-5    │ 4.0833333333333334e-5
Fixing model history...                          │ 0.040226  │ 0.05333   │ 0.043336909090909086
Applying model non-anticipativity constraints... │ 9.7e-5    │ 0.001973  │ 0.00028281818181818177
Rolling model temporal structure...              │ 7.6e-5    │ 0.540082  │ 0.4688843333333333
Saving model results...                          │ 0.324543  │ 0.832485  │ 0.3865075
Optimizing model...                              │ 13.462304 │ 64.044074 │ 29.524213666666668
Saving model outputs...                          │ 0.270624  │ 3.270073  │ 0.5837989166666666
Writing report to sqlite:///C:\Users\jfg.eco\Documents\GitHub\Nord_H2ub\Spine_Projects\02_basic_energy_model\.spinetoolbox\items\outputtest\OutputTest.sqlite?spinedbfilter=cfg%3Aexecution%3A%7B%22execution_item%22%3A+%22Run+SpineOpt%22%2C+%22scenarios%22%3A+%5B%5D%2C+%22timestamp%22%3A+%222026-07-31T19%3A41%3A54%22%7D...  3.192995 seconds (22.22 M allocations: 1.332 GiB, 11.76% gc time)
Execution complete. Started at 2026-07-31T19:41:56.267, ended at 2026-07-31T19:50:42.125, elapsed time: 8 minutes, 45 seconds, 858 milliseconds
A JuMP Model
├ solver: HiGHS
├ objective_sense: MIN_SENSE
│ └ objective_function_type: JuMP.AffExpr
├ num_variables: 139893
├ num_constraints: 248178
│ ├ JuMP.AffExpr in MOI.EqualTo{Float64}: 33672
│ ├ JuMP.AffExpr in MOI.GreaterThan{Float64}: 30688
│ ├ JuMP.AffExpr in MOI.LessThan{Float64}: 55508
│ ├ JuMP.VariableRef in MOI.EqualTo{Float64}: 900
│ ├ JuMP.VariableRef in MOI.GreaterThan{Float64}: 121442
│ ├ JuMP.VariableRef in MOI.LessThan{Float64}: 3681
│ └ JuMP.VariableRef in MOI.Integer: 2287
└ Names registered in the model: none
