### Spine execution log file
### Item name: Run SpineOpt
### Filter id: 
### Part: 1

# Running julia run_spineopt.jl http://127.0.0.1:60720 http://127.0.0.1:60723
2-element Vector{String}:
 "http://127.0.0.1:60720"
 "http://127.0.0.1:60723"
Running SpineOpt...
[SpineOpt version 0.10.2 (git hash: N/A)]
[SpineInterface version 0.15.2 (git hash: N/A)]
Execution started at 2026-01-29T15:50:02.496
Reading input data from sqlite:///C:\Users\jfg.eco\Documents\Nord_H2ub\Spine_Projects\02_basic_energy_model\.spinetoolbox\items\input\Input.sqlite...
Initializing  data structure from db...  0.395975 seconds (322.34 k allocations: 45.757 MiB)
Preprocessing  data structure...  0.070232 seconds (34.19 k allocations: 2.515 MiB, 53.47% compilation time)
Checking  data structure...  0.012363 seconds (5.67 k allocations: 472.375 KiB, 88.43% compilation time)
Build started at 2026-01-29T15:50:03.023
Creating model temporal structure...[ Info: the last time slice of temporal block Default_Investment_period has been cut to fit within the block
[ Info: the last time slice of temporal block daily has been cut to fit within the block
193.688606 seconds (411.46 M allocations: 20.323 GiB, 90.66% gc time, 0.00% compilation time)
Creating model stochastic structure... 11.433169 seconds (2.76 M allocations: 595.972 MiB, 97.76% gc time, 0.07% compilation time)
Adding model independent variables...
- [variable_binary_gas_connection_flow]  0.070750 seconds (2.29 M allocations: 34.941 MiB, 12.69% gc time)
- [variable_connection_flow]  4.566560 seconds (10.00 M allocations: 944.912 MiB, 87.55% gc time, 1.40% compilation time)
- [variable_connection_intact_flow]  4.466725 seconds (8.51 M allocations: 783.321 MiB, 90.89% gc time)
- [variable_connections_decommissioned]  0.074687 seconds (2.31 M allocations: 36.411 MiB, 17.23% gc time)
- [variable_connections_invested]  0.604885 seconds (7.48 M allocations: 527.687 MiB, 40.21% gc time)
- [variable_connections_invested_available]  4.367875 seconds (7.52 M allocations: 531.622 MiB, 91.72% gc time, 0.16% compilation time)
- [variable_min_capacity_margin_slack]  0.078530 seconds (2.29 M allocations: 34.909 MiB, 25.83% gc time)
- [variable_node_injection]  0.392739 seconds (5.88 M allocations: 412.551 MiB, 32.00% gc time)
- [variable_node_pressure]  0.074634 seconds (2.29 M allocations: 34.912 MiB, 21.67% gc time)
- [variable_node_slack_neg]  0.343790 seconds (5.64 M allocations: 352.970 MiB, 31.32% gc time)
- [variable_node_slack_pos]  4.098541 seconds (5.64 M allocations: 348.722 MiB, 94.24% gc time)
- [variable_node_state]  0.196885 seconds (3.52 M allocations: 139.201 MiB, 25.58% gc time, 3.80% compilation time)
- [variable_node_voltage_angle]  0.084118 seconds (2.29 M allocations: 34.911 MiB, 30.44% gc time)
- [variable_nonspin_units_shut_down]  0.072629 seconds (2.29 M allocations: 34.921 MiB, 15.65% gc time)
- [variable_nonspin_units_started_up]  0.067725 seconds (2.29 M allocations: 34.915 MiB, 13.99% gc time)
- [variable_storages_decommissioned]  0.068806 seconds (2.29 M allocations: 35.414 MiB, 11.40% gc time)
- [variable_storages_invested]  0.169526 seconds (2.86 M allocations: 123.365 MiB, 30.02% gc time, 4.90% compilation time)
- [variable_storages_invested_available]  0.208672 seconds (2.86 M allocations: 123.270 MiB, 42.95% gc time)
- [variable_unit_flow] 14.602666 seconds (12.77 M allocations: 1.846 GiB, 92.76% gc time, 0.33% compilation time)
- [variable_unit_flow_op]  0.280802 seconds (4.10 M allocations: 264.137 MiB, 30.11% gc time)
- [variable_unit_flow_op_active]  0.327734 seconds (4.46 M allocations: 302.001 MiB, 33.20% gc time)
- [variable_units_invested]  4.575988 seconds (7.35 M allocations: 499.260 MiB, 92.10% gc time)
- [variable_units_invested_available]  0.613421 seconds (7.40 M allocations: 501.942 MiB, 39.61% gc time, 1.38% compilation time)
- [variable_units_mothballed]  0.086754 seconds (2.31 M allocations: 36.915 MiB, 28.40% gc time)
- [variable_units_on]  0.291489 seconds (4.46 M allocations: 239.689 MiB, 29.40% gc time)
- [variable_units_out_of_service]  0.311357 seconds (2.29 M allocations: 34.907 MiB, 79.33% gc time)
- [variable_units_returned_to_service]  3.768901 seconds (2.29 M allocations: 34.905 MiB, 98.23% gc time)
- [variable_units_shut_down]  0.093032 seconds (2.56 M allocations: 62.904 MiB, 9.66% gc time)
- [variable_units_started_up]  0.111539 seconds (2.56 M allocations: 61.776 MiB, 27.06% gc time)
- [variable_units_taken_out_of_service]  0.076276 seconds (2.29 M allocations: 34.905 MiB, 18.54% gc time)
- [variable_user_constraint_slack_neg]  0.059682 seconds (2.29 M allocations: 34.900 MiB)
- [variable_user_constraint_slack_pos]  0.077067 seconds (2.29 M allocations: 34.900 MiB, 16.96% gc time)
 45.312635 seconds (137.63 M allocations: 8.401 GiB, 86.13% gc time, 0.32% compilation time)
Adding model dependent variables...
- [variable_connection_flow]  0.218641 seconds (2.12 M allocations: 150.068 MiB, 28.80% gc time)
- [variable_unit_flow]  4.477209 seconds (4.00 M allocations: 296.298 MiB, 93.13% gc time)
  4.696910 seconds (6.13 M allocations: 446.387 MiB, 90.11% gc time)
Adding model expressions...
- [expression_capacity_margin]  0.000039 seconds (30 allocations: 2.609 KiB)
  0.000377 seconds (116 allocations: 7.891 KiB)
Adding model constraints...
- [constraint_candidate_connection_flow_lb]  0.000118 seconds (70 allocations: 4.188 KiB)
- [constraint_candidate_connection_flow_ub]  0.000122 seconds (71 allocations: 4.047 KiB)
- [constraint_compression_ratio]  0.000038 seconds (40 allocations: 3.641 KiB)
- [constraint_connection_flow_capacity]  5.948023 seconds (12.34 M allocations: 1.005 GiB, 82.35% gc time, 0.00% compilation time)
- [constraint_connection_flow_gas_capacity]  0.000074 seconds (43 allocations: 4.891 KiB)
- [constraint_connection_flow_intact_flow]  0.000096 seconds (38 allocations: 2.781 KiB)
- [constraint_connection_flow_lodf]  0.000100 seconds (58 allocations: 3.891 KiB)
- [constraint_connection_intact_flow_capacity]  0.000154 seconds (81 allocations: 5.234 KiB)
- [constraint_connection_intact_flow_ptdf]  0.000065 seconds (24 allocations: 1.938 KiB)
- [constraint_connection_lifetime] 92.009490 seconds (97.49 M allocations: 9.670 GiB, 94.14% gc time, 0.01% compilation time)
- [constraint_connection_unitary_gas_flow]  0.000057 seconds (40 allocations: 3.641 KiB)
- [constraint_connections_invested_available]  0.000576 seconds (1.39 k allocations: 114.719 KiB)
- [constraint_connections_invested_transition]  0.001679 seconds (5.37 k allocations: 446.156 KiB)
- [constraint_cyclic_node_state]  0.008443 seconds (1.69 k allocations: 122.594 KiB, 97.20% compilation time)
- [constraint_fix_node_pressure_point]  0.000042 seconds (40 allocations: 3.641 KiB)
- [constraint_fix_ratio_in_in_unit_flow]  0.174832 seconds (1.07 M allocations: 106.506 MiB, 32.39% gc time)
- [constraint_fix_ratio_in_out_unit_flow]  0.000277 seconds (2.05 k allocations: 189.750 KiB)
- [constraint_fix_ratio_out_in_connection_flow]  0.155221 seconds (840.16 k allocations: 68.402 MiB, 40.86% gc time, 5.62% compilation time)
- [constraint_fix_ratio_out_in_unit_flow]  0.000162 seconds (94 allocations: 19.219 KiB)
- [constraint_fix_ratio_out_out_unit_flow]  0.000336 seconds (749 allocations: 76.156 KiB)
- [constraint_investment_group_equal_investments]  0.000069 seconds (23 allocations: 1.844 KiB)
- [constraint_investment_group_maximum_capacity_invested_available]  0.000046 seconds (21 allocations: 1.812 KiB)
- [constraint_investment_group_maximum_entities_invested_available]  0.000049 seconds (22 allocations: 2.109 KiB)
- [constraint_investment_group_minimum_capacity_invested_available]  0.000029 seconds (20 allocations: 1.766 KiB)
- [constraint_investment_group_minimum_entities_invested_available]  0.000030 seconds (20 allocations: 1.766 KiB)
- [constraint_max_node_pressure]  0.000081 seconds (85 allocations: 6.805 KiB)
- [constraint_max_node_voltage_angle]  0.000061 seconds (102 allocations: 7.602 KiB)
- [constraint_max_ratio_in_in_unit_flow]  0.000077 seconds (94 allocations: 19.219 KiB)
- [constraint_max_ratio_in_out_unit_flow]  0.000059 seconds (95 allocations: 19.516 KiB)
- [constraint_max_ratio_out_in_connection_flow]  0.000057 seconds (58 allocations: 4.672 KiB)
- [constraint_max_ratio_out_in_unit_flow]  0.000060 seconds (94 allocations: 19.219 KiB)
- [constraint_max_ratio_out_out_unit_flow]  0.000051 seconds (95 allocations: 19.516 KiB)
- [constraint_max_total_cumulated_unit_flow_from_node]  0.000061 seconds (46 allocations: 4.125 KiB)
- [constraint_max_total_cumulated_unit_flow_to_node]  0.000082 seconds (42 allocations: 3.750 KiB)
- [constraint_min_capacity_margin]  0.000032 seconds (38 allocations: 3.125 KiB)
- [constraint_min_down_time]  4.779119 seconds (6.14 M allocations: 555.255 MiB, 88.87% gc time, 0.50% compilation time)
- [constraint_min_node_pressure]  0.000092 seconds (87 allocations: 11.086 KiB)
- [constraint_min_node_voltage_angle]  0.000108 seconds (103 allocations: 7.898 KiB)
- [constraint_min_ratio_in_in_unit_flow]  0.000088 seconds (94 allocations: 19.219 KiB)
- [constraint_min_ratio_in_out_unit_flow]  0.000076 seconds (94 allocations: 19.219 KiB)
- [constraint_min_ratio_out_in_connection_flow]  0.000053 seconds (59 allocations: 4.969 KiB)
- [constraint_min_ratio_out_in_unit_flow]  0.000069 seconds (94 allocations: 19.219 KiB)
- [constraint_min_ratio_out_out_unit_flow]  0.000117 seconds (94 allocations: 19.219 KiB)
- [constraint_min_scheduled_outage_duration]  0.000041 seconds (30 allocations: 2.609 KiB)
- [constraint_min_total_cumulated_unit_flow_from_node]  0.000050 seconds (46 allocations: 4.125 KiB)
- [constraint_min_total_cumulated_unit_flow_to_node]  0.000036 seconds (42 allocations: 3.750 KiB)
- [constraint_min_up_time]  0.068093 seconds (730.84 k allocations: 52.735 MiB, 31.87% gc time)
- [constraint_minimum_operating_point]  0.112920 seconds (939.28 k allocations: 85.382 MiB, 33.21% gc time)
- [constraint_nodal_balance]  0.373309 seconds (3.26 M allocations: 277.453 MiB, 37.21% gc time)
- [constraint_node_injection]  7.101021 seconds (15.72 M allocations: 1.104 GiB, 82.61% gc time, 0.00% compilation time)
- [constraint_node_state_capacity]  4.180493 seconds (1.87 M allocations: 144.157 MiB, 96.01% gc time)
- [constraint_node_voltage_angle]  0.000066 seconds (28 allocations: 2.250 KiB)
- [constraint_non_spinning_reserves_lower_bound]  0.000139 seconds (256 allocations: 24.109 KiB)
- [constraint_non_spinning_reserves_shut_down_upper_bound]  0.000072 seconds (264 allocations: 24.703 KiB)
- [constraint_non_spinning_reserves_start_up_upper_bound]  0.000062 seconds (264 allocations: 24.703 KiB)
- [constraint_operating_point_bounds] 19.475302 seconds (185.01 M allocations: 29.612 GiB, 40.74% gc time)
- [constraint_operating_point_rank]  0.045192 seconds (409.23 k allocations: 56.669 MiB, 38.14% gc time)
- [constraint_ramp_down]  0.373205 seconds (2.47 M allocations: 224.467 MiB, 32.95% gc time, 6.68% compilation time)
- [constraint_ramp_up]  0.614438 seconds (2.49 M allocations: 225.259 MiB, 65.18% gc time)
- [constraint_ratio_out_in_connection_intact_flow]  0.000132 seconds (38 allocations: 2.781 KiB)
- [constraint_storage_lifetime] 19.461087 seconds (17.92 M allocations: 1.828 GiB, 94.34% gc time, 0.04% compilation time)
- [constraint_storage_line_pack]  0.000087 seconds (41 allocations: 3.688 KiB)
- [constraint_storages_invested_available]  0.000884 seconds (532 allocations: 46.203 KiB)
- [constraint_storages_invested_transition]  0.000982 seconds (1.48 k allocations: 141.156 KiB)
- [constraint_unit_flow_capacity]  1.586889 seconds (5.82 M allocations: 447.621 MiB, 46.85% gc time)
- [constraint_unit_flow_op_bounds]  7.437044 seconds (2.40 M allocations: 201.231 MiB, 91.82% gc time, 3.69% compilation time)
- [constraint_unit_flow_op_rank]  0.528502 seconds (1.83 M allocations: 165.339 MiB, 44.12% gc time, 4.54% compilation time)
- [constraint_unit_flow_op_sum]  0.013526 seconds (126.50 k allocations: 13.876 MiB)
- [constraint_unit_lifetime]127.929021 seconds (78.11 M allocations: 8.019 GiB, 94.63% gc time)
- [constraint_unit_state_transition]  0.056629 seconds (301.25 k allocations: 29.755 MiB)
- [constraint_units_available]  1.799371 seconds (7.69 M allocations: 547.350 MiB, 31.30% gc time, 13.68% compilation time)
- [constraint_units_invested_available]  0.001053 seconds (1.83 k allocations: 149.391 KiB)
- [constraint_units_invested_transition]  0.012129 seconds (8.11 k allocations: 637.969 KiB, 77.33% compilation time)
- [constraint_units_out_of_service_contiguity]  0.000096 seconds (29 allocations: 2.312 KiB)
- [constraint_units_out_of_service_transition]  0.000154 seconds (46 allocations: 3.312 KiB)
- [constraint_user_constraint]  8.259153 seconds (3.84 M allocations: 332.298 MiB, 84.75% gc time, 8.04% compilation time)
304.408152 seconds (459.29 M allocations: 55.424 GiB, 88.62% gc time, 0.45% compilation time)
Setting model objective... 10.177696 seconds (7.61 M allocations: 558.647 MiB, 73.41% gc time, 21.58% compilation time)
Build complete. Started at 2026-01-29T15:50:03.023, ended at 2026-01-29T15:59:36.750, elapsed time: 9 minutes, 33 seconds, 727 milliseconds
Solve started at 2026-01-29T15:59:36.750
Bringing model to the first window... 20.093275 seconds (38.89 M allocations: 2.811 GiB, 74.10% gc time, 13.38% compilation time)
model - window 1 of 12: 2019-01-01T00:00~(4 weeks, 2 days, 10 hours)~>2019-01-31T10:00
Optimizing model...Running HiGHS 1.11.0 (git hash: 364c83a51e): Copyright (c) 2025 HiGHS under MIT licence terms
MIP  has 83330 rows; 89599 cols; 227281 nonzeros; 2287 integer variables (0 binary)
Coefficient ranges:
  Matrix [6e-03, 1e+05]
  Cost   [1e-03, 2e+09]
  Bound  [1e+00, 1e+03]
  RHS    [1e+00, 1e+02]
Presolving model
44270 rows, 50183 cols, 159198 nonzeros  0s
32257 rows, 38380 cols, 148875 nonzeros  0s
28928 rows, 37236 cols, 144438 nonzeros  0s
Solving MIP model with:
   28928 rows
   37236 cols (1778 binary, 0 integer, 0 implied int., 35458 continuous, 0 domain fixed)
   144438 nonzeros
Src: B => Branching; C => Central rounding; F => Feasibility pump; J => Feasibility jump;
     H => Heuristic; L => Sub-MIP; P => Empty MIP; R => Randomized rounding; Z => ZI Round;
     I => Shifting; S => Solve LP; T => Evaluate node; U => Unbounded; X => User solution;
     z => Trivial zero; l => Trivial lower; u => Trivial upper; p => Trivial point
        Nodes      |    B&B Tree     |            Objective Bounds              |  Dynamic Constraints |       Work
Src  Proc. InQueue |  Leaves   Expl. | BestBound       BestSol              Gap |   Cuts   InLp Confl. | LpIters     Time
         0       0         0   0.00%   -51034900.94152 inf                  inf        0      0      0         0     0.8s
         0       0         0   0.00%   1845201.122975  inf                  inf        0      0      2     27950    17.7s
 R       0       0         0   0.00%   1845326.667854  5.02400447e+11   100.00%     5016    282      2     28295    27.2s
         0       0         0   0.00%   1853124.726628  5.02400447e+11   100.00%     9816    695      2     30256    36.1s
         0       0         0   0.00%   1853367.302647  5.02400447e+11   100.00%    10237    726      2     30417    41.9s
         0       0         0   0.00%   1853446.912388  5.02400447e+11   100.00%    10529    745     41     30482    47.0s
         0       0         0   0.00%   1854007.670192  5.02400447e+11   100.00%    10798    999     41     31263    56.7s
         0       0         0   0.00%   1854044.885339  5.02400447e+11   100.00%    10828   1028     41     31357    62.3s
         0       0         0   0.00%   1854084.606776  5.02400447e+11   100.00%    10862   1064     41     31462    71.8s
         0       0         0   0.00%   1854092.213219  5.02400447e+11   100.00%    10883   1077     41     31489    77.3s
         0       0         0   0.00%   1854097.554542  5.02400447e+11   100.00%    10886   1083     41     31507    82.8s
         0       0         0   0.00%   1854106.32335   5.02400447e+11   100.00%    10893   1089     41     31520    88.3s
 L       0       0         0   0.00%   1854106.32335   1881362.908483     1.45%    10893   1089     41     31520   118.6s
 L       0       0         0   0.00%   1854106.32335   1861469.49014      0.40%    10893   1089     41     40215   376.3s
2.4% inactive integer columns, restarting
Model after restart has 28855 rows, 37193 cols (1735 bin., 0 int., 0 impl., 35458 cont., 0 dom.fix.), and 143223 nonzeros
         0       0         0   0.00%   1854106.32335   1861469.49014      0.40%      845      0      0     79449   376.6s
         0       0         0   0.00%   1854113.426661  1861469.49014      0.40%      845    840      2     82093   384.2s
         0       0         0   0.00%   1854287.159905  1861469.49014      0.39%     1178    928      2     82306   390.0s
         0       0         0   0.00%   1854290.914435  1861469.49014      0.39%     1343    930      2     82327   395.5s
         0       0         0   0.00%   1854349.281772  1861469.49014      0.38%     1716    985      2     82495   404.9s
         0       0         0   0.00%   1854369.060266  1861469.49014      0.38%     1758   1031      2     82582   410.6s
        Nodes      |    B&B Tree     |            Objective Bounds              |  Dynamic Constraints |       Work
Src  Proc. InQueue |  Leaves   Expl. | BestBound       BestSol              Gap |   Cuts   InLp Confl. | LpIters     Time
         0       0         0   0.00%   1854384.610179  1861469.49014      0.38%     1774   1037      2     82596   416.3s
         0       0         0   0.00%   1854386.061752  1861469.49014      0.38%     1784   1041      2     82609   421.9s
         0       0         0   0.00%   1854386.257592  1861469.49014      0.38%     1798   1045      2     82627   427.5s
         0       0         0   0.00%   1854387.71204   1861469.49014      0.38%     1807   1047      2     82633   433.8s
         0       0         0   0.00%   1854394.086297  1861469.49014      0.38%     1812   1071      2     82704   439.5s
 B       0       0         0   0.00%   1854399.919586  1861469.49014      0.38%     1852    856     74     82771   474.2s
         1       0         1 100.00%   1861469.49014   1861469.49014      0.00%     1854    856     85    101906   474.2s
Solving report
  Status            Optimal
  Primal bound      1861469.49014
  Dual bound        1861469.49014
  Gap               0% (tolerance: 0%)
  P-D integral      95.4902257475
  Solution status   feasible
                    1861469.49014 (objective)
                    0 (bound viol.)
                    8.881784197e-16 (int. viol.)
                    0 (row viol.)
  Timing            474.22 (total)
                    0.00 (presolve)
                    0.00 (solve)
                    0.00 (postsolve)
  Max sub-MIP depth 2
  Nodes             1
  Repair LPs        0 (0 feasible; 0 iterations)
  LP iterations     101906 (total)
                    17733 (strong br.)
                    4248 (separation)
                    47929 (heuristics)
474.400388 seconds (506.57 k allocations: 79.605 MiB, 0.01% gc time)
Optimal solution found, objective function value: 1.8614694901403838e6
Saving model results...  0.777585 seconds (2.94 M allocations: 121.105 MiB, 63.97% gc time, 3.77% compilation time)
Postprocessing model results...  0.000049 seconds (51 allocations: 4.297 KiB)
Saving model outputs...  4.080323 seconds (2.39 M allocations: 224.746 MiB, 95.39% gc time)
Rolling model temporal structure...  0.600944 seconds (4.37 M allocations: 99.575 MiB, 8.92% gc time, 35.16% compilation time)
Fixing model history...  0.655836 seconds (897.73 k allocations: 65.068 MiB, 10.31% gc time, 94.18% compilation time)
Applying model non-anticipativity constraints...  0.123583 seconds (45.55 k allocations: 3.212 MiB, 99.77% compilation time)
model - window 2 of 12: 2019-01-31T10:00~(4 weeks, 2 days, 10 hours)~>2019-03-02T20:00
Optimizing model...MIP  has 83330 rows; 89599 cols; 227350 nonzeros; 2287 integer variables (0 binary)
Coefficient ranges:
  Matrix [6e-03, 1e+05]
  Cost   [1e-03, 2e+09]
  Bound  [5e-05, 1e+03]
  RHS    [1e+00, 1e+02]
Presolving model
44123 rows, 50314 cols, 158517 nonzeros  0s
28962 rows, 38164 cols, 138819 nonzeros  0s
27845 rows, 36954 cols, 139327 nonzeros  0s
Solving MIP model with:
   27845 rows
   36954 cols (1668 binary, 0 integer, 0 implied int., 35286 continuous, 0 domain fixed)
   139327 nonzeros
Src: B => Branching; C => Central rounding; F => Feasibility pump; J => Feasibility jump;
     H => Heuristic; L => Sub-MIP; P => Empty MIP; R => Randomized rounding; Z => ZI Round;
     I => Shifting; S => Solve LP; T => Evaluate node; U => Unbounded; X => User solution;
     z => Trivial zero; l => Trivial lower; u => Trivial upper; p => Trivial point
        Nodes      |    B&B Tree     |            Objective Bounds              |  Dynamic Constraints |       Work
Src  Proc. InQueue |  Leaves   Expl. | BestBound       BestSol              Gap |   Cuts   InLp Confl. | LpIters     Time
         0       0         0   0.00%   -44798374.34007 inf                  inf        0      0      0         0     0.8s
         0       0         0   0.00%   16676312.13896  inf                  inf        0      0      3     24561     7.3s
 R       0       0         0   0.00%   16676466.24078  4.4724704e+11    100.00%     5901    292      3     24910    10.1s
 C       0       0         0   0.00%   16683007.6573   1.10682592e+11    99.98%     6974    729     15     26701    15.9s
         0       0         0   0.00%   16683954.78279  1.10682592e+11    99.98%     8278   1016     15     27545    21.6s
         0       0         0   0.00%   16684366.52626  1.10682592e+11    99.98%     8716   1006     15     27787    27.4s
         0       0         0   0.00%   16684716.91895  1.10682592e+11    99.98%     9133    889     15     27998    32.8s
         0       0         0   0.00%   16685100.69886  1.10682592e+11    99.98%     9487    868     15     28198    38.1s
         0       0         0   0.00%   16685451.61523  1.10682592e+11    99.98%     9686    860     15     28325    43.5s
         0       0         0   0.00%   16685842.56468  1.10682592e+11    99.98%     9540    840     15     28485    48.9s
         0       0         0   0.00%   16686190.57939  1.10682592e+11    99.98%     8114    828     15     28620    54.1s
         0       0         0   0.00%   16686818.38105  1.10682592e+11    99.98%     7636    817     15     28787    59.2s
         0       0         0   0.00%   16687185.43698  1.10682592e+11    99.98%     7358    802     15     28930    64.4s
         0       0         0   0.00%   16687429.08818  1.10682592e+11    99.98%     7145    790     15     29055    69.7s
         0       0         0   0.00%   16687742.68048  1.10682592e+11    99.98%     6997    785     15     29235    74.7s
         0       0         0   0.00%   16687923.80834  1.10682592e+11    99.98%     6773    765     15     29367    79.8s
         0       0         0   0.00%   16688166.24531  1.10682592e+11    99.98%     6552    774     15     29486    86.3s
         0       0         0   0.00%   16688341.68185  1.10682592e+11    99.98%     6442    753     15     29574    91.3s
         0       0         0   0.00%   16688472.80058  1.10682592e+11    99.98%     6359    733     15     29739    97.1s
         0       0         0   0.00%   16688562.82495  1.10682592e+11    99.98%     6063    739     15     29810   102.8s
        Nodes      |    B&B Tree     |            Objective Bounds              |  Dynamic Constraints |       Work
Src  Proc. InQueue |  Leaves   Expl. | BestBound       BestSol              Gap |   Cuts   InLp Confl. | LpIters     Time
 L       0       0         0   0.00%   16688624.22205  16688886.35364     0.00%     6023    696     15     29853   157.3s
 L       0       0         0   0.00%   16688675.62362  16688886.35364     0.00%     5972    700     15     39741   177.6s
52.9% inactive integer columns, restarting
Model after restart has 23707 rows, 25240 cols (645 bin., 0 int., 0 impl., 24595 cont., 0 dom.fix.), and 91385 nonzeros
         0       0         0   0.00%   16688675.62362  16688886.35364     0.00%      555      0      0     40713   178.3s
14.6% inactive integer columns, restarting
Model after restart has 23407 rows, 25124 cols (532 bin., 0 int., 0 impl., 24592 cont., 0 dom.fix.), and 88902 nonzeros
         0       0         0   0.00%   16688675.62362  16688886.35364     0.00%      468      0      0     43918   180.3s
         0       0         0   0.00%   16688675.62362  16688886.35364     0.00%      468    457      0     45166   181.8s
         0       0         0   0.00%   16688772.4246   16688886.35364     0.00%      936    460      0     49975   231.3s
54.9% inactive integer columns, restarting
Model after restart has 22721 rows, 24756 cols (165 bin., 0 int., 0 impl., 24591 cont., 0 dom.fix.), and 82890 nonzeros
         0       0         0   0.00%   16688772.4246   16688886.35364     0.00%      382      0      0     49975   231.6s
         0       0         0   0.00%   16688772.4246   16688886.35364     0.00%      382    349      0     51006   232.5s
18.8% inactive integer columns, restarting
Model after restart has 22673 rows, 24718 cols (127 bin., 0 int., 0 impl., 24591 cont., 0 dom.fix.), and 82430 nonzeros
         0       0         0   0.00%   16688790.21543  16688886.35364     0.00%      357      0      0     51034   234.8s
         0       0         0   0.00%   16688790.21543  16688886.35364     0.00%      357    356      0     51805   236.5s
12.6% inactive integer columns, restarting
Model after restart has 22647 rows, 24696 cols (105 bin., 0 int., 0 impl., 24591 cont., 0 dom.fix.), and 82251 nonzeros
         0       0         0   0.00%   16688810.31803  16688886.35364     0.00%      358      0      0     51829   238.8s
         0       0         0   0.00%   16688810.31803  16688886.35364     0.00%      359    338      0     52529   240.2s
55.2% inactive integer columns, restarting
Model after restart has 22261 rows, 24461 cols (29 bin., 0 int., 0 impl., 24432 cont., 0 dom.fix.), and 82091 nonzeros
         0       0         0   0.00%   16688841.08634  16688886.35364     0.00%      276      0      0     52565   242.4s
         0       0         0   0.00%   16688841.08634  16688886.35364     0.00%      276    249      0     53560   243.5s
44.8% inactive integer columns, restarting
Model after restart has 22012 rows, 24431 cols (14 bin., 0 int., 0 impl., 24417 cont., 0 dom.fix.), and 81330 nonzeros
         0       0         0   0.00%   16688853.67155  16688886.35364     0.00%      195      0      0     53576   245.6s
         0       0         0   0.00%   16688853.67155  16688886.35364     0.00%      195    161      0     54026   247.2s
64.3% inactive integer columns, restarting
Model after restart has 21862 rows, 24420 cols (3 bin., 0 int., 0 impl., 24417 cont., 0 dom.fix.), and 80866 nonzeros
         0       0         0   0.00%   16688861.8      16688886.35364     0.00%      135      0      0     54043   251.0s
         0       0         0   0.00%   16688861.8      16688886.35364     0.00%      135    124      0     54387   252.0s
         0       0         0   0.00%   16688867.73303  16688886.35364     0.00%      150    130      0     54400   258.4s
         1       0         1 100.00%   16688886.35364  16688886.35364     0.00%      150    123      1     54464   260.3s
Solving report
  Status            Optimal
  Primal bound      16688886.3536
  Dual bound        16688886.3536
  Gap               0% (tolerance: 0%)
  P-D integral      147.171446952
  Solution status   feasible
                    16688886.3536 (objective)
                    0 (bound viol.)
                    3.10862446895e-15 (int. viol.)
                    0 (row viol.)
  Timing            260.32 (total)
                    0.00 (presolve)
                    0.00 (solve)
                    0.00 (postsolve)
  Max sub-MIP depth 3
  Nodes             1
  Repair LPs        0 (0 feasible; 0 iterations)
  LP iterations     54464 (total)
                    30 (strong br.)
                    5535 (separation)
                    15560 (heuristics)
260.351840 seconds (901 allocations: 38.203 KiB)
Optimal solution found, objective function value: 1.6688886353636995e7
Saving model results...  1.077833 seconds (2.93 M allocations: 120.491 MiB, 60.18% gc time)
Postprocessing model results...  0.000065 seconds (51 allocations: 4.297 KiB)
Saving model outputs...  7.268153 seconds (2.39 M allocations: 224.746 MiB, 95.05% gc time)
Rolling model temporal structure...  0.791338 seconds (4.29 M allocations: 93.820 MiB, 7.90% gc time, 10.10% compilation time)
Fixing model history...  0.053864 seconds (269.59 k allocations: 23.129 MiB)
Applying model non-anticipativity constraints...  0.000103 seconds (352 allocations: 35.000 KiB)
model - window 3 of 12: 2019-03-02T20:00~(4 weeks, 2 days, 10 hours)~>2019-04-02T06:00
Optimizing model...MIP  has 83330 rows; 89599 cols; 227412 nonzeros; 2287 integer variables (0 binary)
Coefficient ranges:
  Matrix [6e-03, 1e+05]
  Cost   [1e-03, 2e+09]
  Bound  [7e-03, 1e+03]
  RHS    [1e+00, 1e+02]
Presolving model
44185 rows, 50438 cols, 158765 nonzeros  0s
28962 rows, 38226 cols, 138881 nonzeros  0s
27849 rows, 37024 cols, 139401 nonzeros  0s
Solving MIP model with:
   27849 rows
   37024 cols (1668 binary, 0 integer, 0 implied int., 35356 continuous, 0 domain fixed)
   139401 nonzeros
Src: B => Branching; C => Central rounding; F => Feasibility pump; J => Feasibility jump;
     H => Heuristic; L => Sub-MIP; P => Empty MIP; R => Randomized rounding; Z => ZI Round;
     I => Shifting; S => Solve LP; T => Evaluate node; U => Unbounded; X => User solution;
     z => Trivial zero; l => Trivial lower; u => Trivial upper; p => Trivial point
        Nodes      |    B&B Tree     |            Objective Bounds              |  Dynamic Constraints |       Work
Src  Proc. InQueue |  Leaves   Expl. | BestBound       BestSol              Gap |   Cuts   InLp Confl. | LpIters     Time
         0       0         0   0.00%   -37937945.2331  inf                  inf        0      0      0         0     1.3s
 R       0       0         0   0.00%   16295476.89645  6.41735468e+11   100.00%        0      0      0     27054    19.9s
         0       0         0   0.00%   16299262.10753  6.41735468e+11   100.00%     9831    542      0     28568    25.7s
         0       0         0   0.00%   16301099.71147  6.41735468e+11   100.00%     6839    747      0     29290    31.3s
 C       0       0         0   0.00%   16301230.90059  1.12115831e+11    99.99%     7640    763      0     29370    35.9s
         0       0         0   0.00%   16301797.81288  1.12115831e+11    99.99%     8343    915      0     29862    41.0s
         0       0         0   0.00%   16302133.8216   1.12115831e+11    99.99%     8873    978      0     30142    46.1s
         0       0         0   0.00%   16302422.53046  1.12115831e+11    99.99%     9228   1015      0     30329    53.5s
         0       0         0   0.00%   16302638.6075   1.12115831e+11    99.99%     9357   1030      0     30485    58.6s
         0       0         0   0.00%   16303114.07915  1.12115831e+11    99.99%     9700    971      0     30667    65.6s
         0       0         0   0.00%   16303551.95953  1.12115831e+11    99.99%     9923    841      0     30854    73.0s
         0       0         0   0.00%   16303977.99911  1.12115831e+11    99.99%    10358    867      0     31058    79.7s
         0       0         0   0.00%   16304369.12944  1.12115831e+11    99.99%    10655    850      0     31241    86.4s
         0       0         0   0.00%   16304747.51455  1.12115831e+11    99.99%    10799    865      0     31419    93.6s
         0       0         0   0.00%   16305099.60202  1.12115831e+11    99.99%     9744    837      0     31625   100.3s
Optimal solution found, objective function value: 1.63059261305034e7
         0       0         0   0.00%   16305267.39465  1.12115831e+11    99.99%     9814    798      0     31751   106.7s
         0       0         0   0.00%   16305420.17714  1.12115831e+11    99.99%     8950    810      0     31900   112.7s
         0       0         0   0.00%   16305628.20398  1.12115831e+11    99.99%     8565    756      0     32086   119.3s
         0       0         0   0.00%   16305725.26055  1.12115831e+11    99.99%     8408    770      0     32256   126.2s
         0       0         0   0.00%   16305792.88007  1.12115831e+11    99.99%     8216    729      0     32379   133.5s
        Nodes      |    B&B Tree     |            Objective Bounds              |  Dynamic Constraints |       Work
Src  Proc. InQueue |  Leaves   Expl. | BestBound       BestSol              Gap |   Cuts   InLp Confl. | LpIters     Time
         0       0         0   0.00%   16305836.24285  1.12115831e+11    99.99%     7673    690      0     32439   140.2s
         0       0         0   0.00%   16305910.22299  1.12115831e+11    99.99%     7428    697      0     32508   147.1s
         0       0         0   0.00%   16305911.50713  1.12115831e+11    99.99%     6841    643      0     32520   154.4s
 L       0       0         0   0.00%   16305911.50713  16305966.4205      0.00%     6841    643      0     32520   167.5s
 L       0       0         0   0.00%   16305915.39081  16305926.1305      0.00%     6069    645      0     36257   177.3s
94.7% inactive integer columns, restarting
Model after restart has 22914 rows, 26935 cols (8 bin., 0 int., 0 impl., 26927 cont., 0 dom.fix.), and 83741 nonzeros
         0       0         0   0.00%   16305919.06039  16305926.1305      0.00%      254      0      0     37818   180.0s
25.0% inactive integer columns, restarting
Model after restart has 22070 rows, 24641 cols (4 bin., 0 int., 0 impl., 24637 cont., 0 dom.fix.), and 80867 nonzeros
         0       0         0   0.00%   16305919.06039  16305926.1305      0.00%      125      0      0     40054   182.1s
         0       0         0   0.00%   16305919.06039  16305926.1305      0.00%      125    122      0     40543   182.8s
         1       0         1 100.00%   16305926.1305   16305926.1305      0.00%      281    142      2     40668   185.4s
Solving report
  Status            Optimal
  Primal bound      16305926.1305
  Dual bound        16305926.1305
  Gap               0% (tolerance: 0%)
  P-D integral      147.574852492
  Solution status   feasible
                    16305926.1305 (objective)
                    0 (bound viol.)
                    0 (int. viol.)
                    0 (row viol.)
  Timing            185.40 (total)
                    0.00 (presolve)
                    0.00 (solve)
                    0.00 (postsolve)
  Max sub-MIP depth 1
  Nodes             1
  Repair LPs        0 (0 feasible; 0 iterations)
  LP iterations     40668 (total)
                    0 (strong br.)
                    5526 (separation)
                    5352 (heuristics)
185.416474 seconds (509 allocations: 21.578 KiB, 0.03% gc time)
Saving model results...  1.076065 seconds (2.93 M allocations: 120.491 MiB, 56.18% gc time)
Postprocessing model results...  0.000077 seconds (51 allocations: 4.297 KiB)
Saving model outputs...  7.502285 seconds (2.39 M allocations: 224.746 MiB, 95.18% gc time)
Rolling model temporal structure...  0.708295 seconds (4.26 M allocations: 92.270 MiB, 9.69% gc time)
Fixing model history...  0.077483 seconds (269.59 k allocations: 23.129 MiB)
Applying model non-anticipativity constraints...  0.000157 seconds (352 allocations: 35.000 KiB)
model - window 4 of 12: 2019-04-02T06:00~(4 weeks, 2 days, 10 hours)~>2019-05-02T16:00
Optimizing model...MIP  has 83330 rows; 89599 cols; 227501 nonzeros; 2287 integer variables (0 binary)
Coefficient ranges:
  Matrix [6e-03, 1e+05]
  Cost   [1e-03, 2e+09]
  Bound  [7e-03, 1e+03]
  RHS    [1e+00, 1e+02]
Presolving model
44274 rows, 50616 cols, 159121 nonzeros  0s
28962 rows, 38315 cols, 138970 nonzeros  0s
27849 rows, 37112 cols, 139463 nonzeros  0s
Solving MIP model with:
   27849 rows
   37112 cols (1667 binary, 0 integer, 0 implied int., 35445 continuous, 0 domain fixed)
   139463 nonzeros
Src: B => Branching; C => Central rounding; F => Feasibility pump; J => Feasibility jump;
     H => Heuristic; L => Sub-MIP; P => Empty MIP; R => Randomized rounding; Z => ZI Round;
     I => Shifting; S => Solve LP; T => Evaluate node; U => Unbounded; X => User solution;
     z => Trivial zero; l => Trivial lower; u => Trivial upper; p => Trivial point
        Nodes      |    B&B Tree     |            Objective Bounds              |  Dynamic Constraints |       Work
Src  Proc. InQueue |  Leaves   Expl. | BestBound       BestSol              Gap |   Cuts   InLp Confl. | LpIters     Time
         0       0         0   0.00%   -41599731.1231  inf                  inf        0      0      0         0     1.5s
         0       0         0   0.00%   15450443.40052  inf                  inf        0      0      2     26644    16.0s
         0       0         0   0.00%   15455253.8887   inf                  inf     9993    547      8     28259    22.0s
         0       0         0   0.00%   15456507.45467  inf                  inf     6161    712     14     28881    27.4s
 C       0       0         0   0.00%   15456778.51416  15461761.2353      0.03%     6706    733     38     29013    31.0s
         0       0         0   0.00%   15457081.37037  15461761.2353      0.03%     7409    758     38     29249    36.3s
         0       0         0   0.00%   15457313.14201  15461761.2353      0.03%     7938    775     38     29445    41.9s
         0       0         0   0.00%   15457539.81974  15461761.2353      0.03%     8211    784     38     29573    47.9s
         0       0         0   0.00%   15457766.60531  15461761.2353      0.03%     8462    792     38     29719    53.7s
         0       0         0   0.00%   15458110.4821   15461761.2353      0.02%     8843    745     38     29888    61.4s
         0       0         0   0.00%   15458317.74725  15461761.2353      0.02%     9169    752     38     30087    68.9s
         0       0         0   0.00%   15458541.10563  15461761.2353      0.02%     9560    730     38     30222    76.0s
         0       0         0   0.00%   15458746.01768  15461761.2353      0.02%     9721    715     38     30342    83.1s
         0       0         0   0.00%   15458950.45684  15461761.2353      0.02%     9996    721     38     30501    90.7s
         0       0         0   0.00%   15459129.54192  15461761.2353      0.02%    10035    706     38     30583    95.9s
         0       0         0   0.00%   15459411.90638  15461761.2353      0.02%    10102    712     38     30697   103.2s
         0       0         0   0.00%   15459518.4042   15461761.2353      0.01%     9575    698     38     30804   108.4s
         0       0         0   0.00%   15459741.79426  15461761.2353      0.01%     9204    704     38     30902   115.4s
         0       0         0   0.00%   15460020.43974  15461761.2353      0.01%     8979    696     38     31041   122.2s
         0       0         0   0.00%   15460209.39023  15461761.2353      0.01%     8670    703     38     31113   128.7s
        Nodes      |    B&B Tree     |            Objective Bounds              |  Dynamic Constraints |       Work
Src  Proc. InQueue |  Leaves   Expl. | BestBound       BestSol              Gap |   Cuts   InLp Confl. | LpIters     Time
         0       0         0   0.00%   15460422.82174  15461761.2353      0.01%     8142    690     38     31205   135.2s
         0       0         0   0.00%   15460693.19586  15461761.2353      0.01%     7842    677     38     31367   141.7s
         0       0         0   0.00%   15460811.89803  15461761.2353      0.01%     7703    683     38     31445   148.4s
         0       0         0   0.00%   15461019.5223   15461761.2353      0.00%     7620    689     38     31575   155.0s
         0       0         0   0.00%   15461179.64435  15461761.2353      0.00%     7353    704     38     31695   162.0s
         0       0         0   0.00%   15461356.89421  15461761.2353      0.00%     7356    691     38     31862   168.4s
 L       0       0         0   0.00%   15461425.5465   15461723.7553      0.00%     7212    696     38     31890   278.9s
33.6% inactive integer columns, restarting
Model after restart has 24352 rows, 25780 cols (1033 bin., 0 int., 0 impl., 24747 cont., 0 dom.fix.), and 101500 nonzeros
         0       0         0   0.00%   15461474.60364  15461723.7553      0.00%      564      0      0     53164   282.1s
         0       0         0   0.00%   15461474.60364  15461723.7553      0.00%      564    556      2     57720   285.6s
29.7% inactive integer columns, restarting
Model after restart has 23866 rows, 25390 cols (643 bin., 0 int., 0 impl., 24747 cont., 0 dom.fix.), and 91578 nonzeros
         0       0         0   0.00%   15461523.21529  15461723.7553      0.00%      540      0      0     57809   288.2s
         0       0         0   0.00%   15461523.21529  15461723.7553      0.00%      540    530      0     60321   291.6s
11.0% inactive integer columns, restarting
Model after restart has 23738 rows, 25289 cols (542 bin., 0 int., 0 impl., 24747 cont., 0 dom.fix.), and 90004 nonzeros
         0       0         0   0.00%   15461551.27774  15461723.7553      0.00%      527      0      0     60390   294.0s
         0       0         0   0.00%   15461551.27774  15461723.7553      0.00%      527    522      0     62217   296.2s
17.9% inactive integer columns, restarting
Model after restart has 23574 rows, 25159 cols (413 bin., 0 int., 0 impl., 24746 cont., 0 dom.fix.), and 87459 nonzeros
         0       0         0   0.00%   15461579.06548  15461723.7553      0.00%      516      0      0     62246   298.8s
         0       0         0   0.00%   15461579.06548  15461723.7553      0.00%      517    512      0     64017   301.0s
11.1% inactive integer columns, restarting
Model after restart has 23374 rows, 24940 cols (353 bin., 0 int., 0 impl., 24587 cont., 0 dom.fix.), and 87050 nonzeros
         0       0         0   0.00%   15461604.70921  15461723.7553      0.00%      512      0      0     64044   303.5s
35.4% inactive integer columns, restarting
Model after restart has 23058 rows, 24785 cols (198 bin., 0 int., 0 impl., 24587 cont., 0 dom.fix.), and 85231 nonzeros
         0       0         0   0.00%   15461604.70921  15461723.7553      0.00%      304      0      0     76611   319.4s
         0       0         0   0.00%   15461604.70921  15461723.7553      0.00%      304    287      0     79359   322.9s
15.7% inactive integer columns, restarting
Model after restart has 22953 rows, 24743 cols (156 bin., 0 int., 0 impl., 24587 cont., 0 dom.fix.), and 84704 nonzeros
         0       0         0   0.00%   15461615.25299  15461723.7553      0.00%      290      0      0     79399   325.1s
         0       0         0   0.00%   15461615.25299  15461723.7553      0.00%      291    283      0     80207   327.6s
11.5% inactive integer columns, restarting
Model after restart has 22832 rows, 24721 cols (134 bin., 0 int., 0 impl., 24587 cont., 0 dom.fix.), and 84151 nonzeros
        Nodes      |    B&B Tree     |            Objective Bounds              |  Dynamic Constraints |       Work
Src  Proc. InQueue |  Leaves   Expl. | BestBound       BestSol              Gap |   Cuts   InLp Confl. | LpIters     Time
         0       0         0   0.00%   15461642.04616  15461723.7553      0.00%      277      0      0     80231   329.9s
         0       0         0   0.00%   15461642.04616  15461723.7553      0.00%      278    269      0     81076   331.6s
16.4% inactive integer columns, restarting
Model after restart has 22796 rows, 24696 cols (109 bin., 0 int., 0 impl., 24587 cont., 0 dom.fix.), and 83868 nonzeros
         0       0         0   0.00%   15461660.79882  15461723.7553      0.00%      272      0      0     81113   335.8s
         0       0         0   0.00%   15461660.79882  15461723.7553      0.00%      272    267      0     81982   337.5s
12.8% inactive integer columns, restarting
Model after restart has 22651 rows, 24681 cols (94 bin., 0 int., 0 impl., 24587 cont., 0 dom.fix.), and 83387 nonzeros
         0       0         0   0.00%   15461667.92568  15461723.7553      0.00%      263      0      0     82023   341.4s
         0       0         0   0.00%   15461667.92568  15461723.7553      0.00%      263    257      0     83638   343.1s
17.0% inactive integer columns, restarting
Model after restart has 22479 rows, 24662 cols (75 bin., 0 int., 0 impl., 24587 cont., 0 dom.fix.), and 82812 nonzeros
         0       0         0   0.00%   15461676.70421  15461723.7553      0.00%      246      0      0     83659   345.0s
13.3% inactive integer columns, restarting
Model after restart has 22344 rows, 24648 cols (61 bin., 0 int., 0 impl., 24587 cont., 0 dom.fix.), and 82380 nonzeros
         0       0         0   0.00%   15461676.70421  15461723.7553      0.00%      201      0      0     88248   349.5s
         0       0         0   0.00%   15461676.70421  15461723.7553      0.00%      201    187      0     92258   353.4s
21.3% inactive integer columns, restarting
Model after restart has 22274 rows, 24629 cols (42 bin., 0 int., 0 impl., 24587 cont., 0 dom.fix.), and 82111 nonzeros
         0       0         0   0.00%   15461682.23074  15461723.7553      0.00%      178      0      0     92268   355.5s
         0       0         0   0.00%   15461682.23074  15461723.7553      0.00%      179    168      0     96114   359.8s
11.9% inactive integer columns, restarting
Model after restart has 22265 rows, 24616 cols (35 bin., 0 int., 0 impl., 24581 cont., 0 dom.fix.), and 82076 nonzeros
         0       0         0   0.00%   15461690.11219  15461723.7553      0.00%      169      0      0     96136   364.1s
         0       0         0   0.00%   15461690.11219  15461723.7553      0.00%      169    168      0    100288   368.3s
11.4% inactive integer columns, restarting
Model after restart has 22261 rows, 24611 cols (30 bin., 0 int., 0 impl., 24581 cont., 0 dom.fix.), and 82048 nonzeros
         0       0         0   0.00%   15461696.74653  15461723.7553      0.00%      163      0      0    100363   372.8s
         0       0         0   0.00%   15461696.74653  15461723.7553      0.00%      163    163      0    100838   373.9s
30.0% inactive integer columns, restarting
Model after restart has 22232 rows, 24597 cols (16 bin., 0 int., 0 impl., 24581 cont., 0 dom.fix.), and 81954 nonzeros
         0       0         0   0.00%   15461708.75381  15461723.7553      0.00%      154      0      0    100877   375.9s
         0       0         0   0.00%   15461708.75381  15461723.7553      0.00%      154    151      0    101563   378.3s
18.8% inactive integer columns, restarting
Model after restart has 22229 rows, 24594 cols (13 bin., 0 int., 0 impl., 24581 cont., 0 dom.fix.), and 81934 nonzeros
         0       0         0   0.00%   15461710.39654  15461723.7553      0.00%      153      0      0    101575   380.5s
         0       0         0   0.00%   15461710.39654  15461723.7553      0.00%      153    151      0    102023   381.9s
         0       0         0   0.00%   15461710.7933   15461723.7553      0.00%      198    162      0    102039   387.9s
        Nodes      |    B&B Tree     |            Objective Bounds              |  Dynamic Constraints |       Work
Src  Proc. InQueue |  Leaves   Expl. | BestBound       BestSol              Gap |   Cuts   InLp Confl. | LpIters     Time
         0       0         0   0.00%   15461710.80816  15461723.7553      0.00%      204    165      0    102045   393.3s
7.7% inactive integer columns, restarting
Model after restart has 22126 rows, 24593 cols (12 bin., 0 int., 0 impl., 24581 cont., 0 dom.fix.), and 81626 nonzeros
         0       0         0   0.00%   15461710.80816  15461723.7553      0.00%      143      0      0    102045   395.1s
         0       0         0   0.00%   15461710.80816  15461723.7553      0.00%      144    125      0    105010   398.0s
         1       0         1 100.00%   15461723.7553   15461723.7553      0.00%      143    125      5    105510   401.2s
Solving report
  Status            Optimal
  Primal bound      15461723.7553
  Dual bound        15461723.7553
  Gap               0% (tolerance: 0%)
  P-D integral      0.0257787534501
  Solution status   feasible
                    15461723.7553 (objective)
                    0 (bound viol.)
                    0 (int. viol.)
                    0 (row viol.)
  Timing            401.19 (total)
                    0.00 (presolve)
                    0.00 (solve)
                    0.00 (postsolve)
  Max sub-MIP depth 4
  Nodes             1
  Repair LPs        0 (0 feasible; 0 iterations)
  LP iterations     105510 (total)
                    312 (strong br.)
                    5827 (separation)
                    21250 (heuristics)
401.223312 seconds (1.07 k allocations: 45.328 KiB)
Optimal solution found, objective function value: 1.54617237553006e7
Saving model results...  1.110794 seconds (2.93 M allocations: 120.491 MiB, 58.12% gc time)
Postprocessing model results...  0.000066 seconds (51 allocations: 4.297 KiB)
Saving model outputs...  7.080865 seconds (2.39 M allocations: 224.746 MiB, 95.02% gc time)
Rolling model temporal structure...  0.643979 seconds (4.26 M allocations: 92.270 MiB, 8.17% gc time)
Fixing model history...  0.062801 seconds (269.59 k allocations: 23.129 MiB)
Applying model non-anticipativity constraints...  0.000138 seconds (352 allocations: 35.000 KiB)
model - window 5 of 12: 2019-05-02T16:00~(4 weeks, 2 days, 10 hours)~>2019-06-02T02:00
Optimizing model...MIP  has 83330 rows; 89599 cols; 227550 nonzeros; 2287 integer variables (0 binary)
Coefficient ranges:
  Matrix [6e-03, 1e+05]
  Cost   [1e-03, 2e+09]
  Bound  [2e-03, 1e+03]
  RHS    [1e+00, 1e+02]
Presolving model
44323 rows, 50714 cols, 159317 nonzeros  0s
28962 rows, 38364 cols, 139019 nonzeros  0s
27849 rows, 37162 cols, 139539 nonzeros  0s
Solving MIP model with:
   27849 rows
   37162 cols (1668 binary, 0 integer, 0 implied int., 35494 continuous, 0 domain fixed)
   139539 nonzeros
Src: B => Branching; C => Central rounding; F => Feasibility pump; J => Feasibility jump;
     H => Heuristic; L => Sub-MIP; P => Empty MIP; R => Randomized rounding; Z => ZI Round;
     I => Shifting; S => Solve LP; T => Evaluate node; U => Unbounded; X => User solution;
     z => Trivial zero; l => Trivial lower; u => Trivial upper; p => Trivial point
        Nodes      |    B&B Tree     |            Objective Bounds              |  Dynamic Constraints |       Work
Src  Proc. InQueue |  Leaves   Expl. | BestBound       BestSol              Gap |   Cuts   InLp Confl. | LpIters     Time
         0       0         0   0.00%   -41105914.8831  inf                  inf        0      0      0         0     1.4s
 R       0       0         0   0.00%   15535173.52682  6.99304974e+11   100.00%        0      0      0     26786    18.6s
         0       0         0   0.00%   15540019.10351  6.99304974e+11   100.00%    11493    533      0     28349    24.0s
         0       0         0   0.00%   15541584.20155  6.99304974e+11   100.00%     7964    695      0     28945    29.1s
 C       0       0         0   0.00%   15541792.03593  717778160.7653    97.83%     8411    709      0     29035    33.2s
         0       0         0   0.00%   15542172.82637  717778160.7653    97.83%     9075    731      0     29180    39.7s
         0       0         0   0.00%   15542595.61693  717778160.7653    97.83%     9508    750      0     29326    46.4s
         0       0         0   0.00%   15543030.0247   717778160.7653    97.83%     9830    768      0     29485    53.4s
         0       0         0   0.00%   15543244.64185  717778160.7653    97.83%    10159    711      0     29579    60.3s
         0       0         0   0.00%   15543466.50866  717778160.7653    97.83%    10342    696      0     29679    67.1s
         0       0         0   0.00%   15543759.92958  717778160.7653    97.83%    10639    708      0     29784    74.1s
         0       0         0   0.00%   15543993.8895   717778160.7653    97.83%     8934    689      0     29901    80.9s
         0       0         0   0.00%   15544238.46331  717778160.7653    97.83%     9059    700      0     29987    87.4s
         0       0         0   0.00%   15544415.93665  717778160.7653    97.83%     9141    695      0     30062    94.4s
         0       0         0   0.00%   15544711.5872   717778160.7653    97.83%     9184    680      0     30149   100.9s
         0       0         0   0.00%   15545070.67233  717778160.7653    97.83%     8977    702      0     30249   107.7s
         0       0         0   0.00%   15545559.69336  717778160.7653    97.83%     8727    700      0     30416   114.7s
         0       0         0   0.00%   15545833.23214  717778160.7653    97.83%     8316    715      0     30592   121.2s
         0       0         0   0.00%   15545977.74427  717778160.7653    97.83%     8223    712      0     30697   127.6s
         0       0         0   0.00%   15546081.8244   717778160.7653    97.83%     7852    685      0     30788   133.9s
        Nodes      |    B&B Tree     |            Objective Bounds              |  Dynamic Constraints |       Work
Src  Proc. InQueue |  Leaves   Expl. | BestBound       BestSol              Gap |   Cuts   InLp Confl. | LpIters     Time
         0       0         0   0.00%   15546250.36785  717778160.7653    97.83%     7731    697      0     30901   140.3s
         0       0         0   0.00%   15546276.29715  717778160.7653    97.83%     7405    657      0     31008   147.1s
 T       0       0         0   0.00%   15546287.10756  15546287.59258     0.00%     7314    665      0     31059   151.6s
         1       0         1 100.00%   15546287.59258  15546287.59258     0.00%     6839    665      0     31059   151.6s
Solving report
  Status            Optimal
  Primal bound      15546287.5926
  Dual bound        15546287.5926
  Gap               0% (tolerance: 0%)
  P-D integral      130.390476382
  Solution status   feasible
                    15546287.5926 (objective)
                    0 (bound viol.)
                    7.77156117238e-15 (int. viol.)
                    0 (row viol.)
  Timing            151.57 (total)
                    0.00 (presolve)
                    0.00 (solve)
                    0.00 (postsolve)
  Max sub-MIP depth 0
  Nodes             1
  Repair LPs        0 (0 feasible; 0 iterations)
  LP iterations     31059 (total)
                    0 (strong br.)
                    4273 (separation)
                    0 (heuristics)
151.613799 seconds (439 allocations: 18.609 KiB)
Optimal solution found, objective function value: 1.5546287592580354e7
Saving model results...  1.023118 seconds (2.93 M allocations: 120.491 MiB, 55.42% gc time)
Postprocessing model results...  0.000069 seconds (51 allocations: 4.297 KiB)
Saving model outputs...  7.555247 seconds (2.39 M allocations: 224.746 MiB, 95.82% gc time)
Rolling model temporal structure...  0.689146 seconds (4.26 M allocations: 92.270 MiB, 10.11% gc time)
Fixing model history...  0.069220 seconds (269.59 k allocations: 23.129 MiB)
Applying model non-anticipativity constraints...  0.000181 seconds (352 allocations: 35.000 KiB)
model - window 6 of 12: 2019-06-02T02:00~(4 weeks, 2 days, 10 hours)~>2019-07-02T12:00
Optimizing model...MIP  has 83330 rows; 89599 cols; 227589 nonzeros; 2287 integer variables (0 binary)
Coefficient ranges:
  Matrix [6e-03, 1e+05]
  Cost   [1e-03, 2e+09]
  Bound  [1e-02, 1e+03]
  RHS    [1e+00, 1e+02]
Presolving model
44362 rows, 50792 cols, 159473 nonzeros  0s
28962 rows, 38403 cols, 139058 nonzeros  0s
27848 rows, 37199 cols, 139479 nonzeros  0s
Solving MIP model with:
   27848 rows
   37199 cols (1666 binary, 0 integer, 0 implied int., 35533 continuous, 0 domain fixed)
   139479 nonzeros
Src: B => Branching; C => Central rounding; F => Feasibility pump; J => Feasibility jump;
     H => Heuristic; L => Sub-MIP; P => Empty MIP; R => Randomized rounding; Z => ZI Round;
     I => Shifting; S => Solve LP; T => Evaluate node; U => Unbounded; X => User solution;
     z => Trivial zero; l => Trivial lower; u => Trivial upper; p => Trivial point
        Nodes      |    B&B Tree     |            Objective Bounds              |  Dynamic Constraints |       Work
Src  Proc. InQueue |  Leaves   Expl. | BestBound       BestSol              Gap |   Cuts   InLp Confl. | LpIters     Time
         0       0         0   0.00%   -37279581.7431  inf                  inf        0      0      0         0     1.5s
         0       0         0   0.00%   15461789.449    inf                  inf        0      0      2     26418    18.1s
 R       0       0         0   0.00%   15466460.50678  99454524319.24    99.98%    11870    491      4     27872    25.8s
 C       0       0         0   0.00%   15467481.22939  15504045.12621     0.24%     8522    596      4     28293    33.7s
         0       0         0   0.00%   15467772.19113  15504045.12621     0.23%     9768    618      4     28400    40.4s
         0       0         0   0.00%   15468596.41597  15504045.12621     0.23%    10499    767      4     28933    47.8s
         0       0         0   0.00%   15468911.91306  15504045.12621     0.23%    10829    778      4     29022    52.9s
         0       0         0   0.00%   15469360.93501  15504045.12621     0.22%     8989    725      4     29193    58.3s
         0       0         0   0.00%   15470002.8929   15504045.12621     0.22%     9159    740      4     29388    65.2s
         0       0         0   0.00%   15470482.9867   15504045.12621     0.22%     9293    664      4     29519    72.2s
         0       0         0   0.00%   15470731.86298  15504045.12621     0.21%     9682    679      4     29616    79.3s
 T       0       0         0   0.00%   15470816.32513  15470816.60132     0.00%     9776    635      4     29647    86.2s
         1       0         1 100.00%   15470816.60132  15470816.60132     0.00%     9776    635      4     29647    86.2s
Solving report
  Status            Optimal
  Primal bound      15470816.6013
  Dual bound        15470816.6013
  Gap               0% (tolerance: 0%)
  P-D integral      8.01529732216
  Solution status   feasible
                    15470816.6013 (objective)
                    0 (bound viol.)
                    5.99520433298e-15 (int. viol.)
                    0 (row viol.)
  Timing            86.19 (total)
                    0.00 (presolve)
                    0.00 (solve)
                    0.00 (postsolve)
  Max sub-MIP depth 0
  Nodes             1
  Repair LPs        0 (0 feasible; 0 iterations)
  LP iterations     29647 (total)
                    0 (strong br.)
                    3229 (separation)
                    0 (heuristics)
 86.226063 seconds (222 allocations: 9.406 KiB)
Optimal solution found, objective function value: 1.5470816601320885e7
Saving model results...  1.045847 seconds (2.93 M allocations: 120.491 MiB, 54.42% gc time)
Postprocessing model results...  0.000044 seconds (51 allocations: 4.297 KiB)
Saving model outputs...  7.726222 seconds (2.39 M allocations: 224.746 MiB, 95.78% gc time)
Rolling model temporal structure...  0.589363 seconds (4.26 M allocations: 92.270 MiB, 9.61% gc time)
Fixing model history...  0.048381 seconds (269.59 k allocations: 23.129 MiB)
Applying model non-anticipativity constraints...  0.000232 seconds (352 allocations: 35.000 KiB)
model - window 7 of 12: 2019-07-02T12:00~(4 weeks, 2 days, 10 hours)~>2019-08-01T22:00
Optimizing model...MIP  has 83330 rows; 89599 cols; 227573 nonzeros; 2287 integer variables (0 binary)
Coefficient ranges:
  Matrix [6e-03, 1e+05]
  Cost   [1e-03, 2e+09]
  Bound  [1e-02, 1e+03]
  RHS    [1e+00, 1e+02]
Presolving model
44346 rows, 50760 cols, 159409 nonzeros  0s
28962 rows, 38387 cols, 139042 nonzeros  0s
27849 rows, 37185 cols, 139562 nonzeros  0s
Solving MIP model with:
   27849 rows
   37185 cols (1668 binary, 0 integer, 0 implied int., 35517 continuous, 0 domain fixed)
   139562 nonzeros
Src: B => Branching; C => Central rounding; F => Feasibility pump; J => Feasibility jump;
     H => Heuristic; L => Sub-MIP; P => Empty MIP; R => Randomized rounding; Z => ZI Round;
     I => Shifting; S => Solve LP; T => Evaluate node; U => Unbounded; X => User solution;
     z => Trivial zero; l => Trivial lower; u => Trivial upper; p => Trivial point
        Nodes      |    B&B Tree     |            Objective Bounds              |  Dynamic Constraints |       Work
Src  Proc. InQueue |  Leaves   Expl. | BestBound       BestSol              Gap |   Cuts   InLp Confl. | LpIters     Time
         0       0         0   0.00%   -42314503.4531  inf                  inf        0      0      0         0     1.6s
         0       0         0   0.00%   15493538.51961  inf                  inf        0      0      3     23475    16.3s
         0       0         0   0.00%   15498869.93851  inf                  inf    10495    561      8     24967    22.0s
 R       0       0         0   0.00%   15500016.94144  2.47276932e+11    99.99%    11795    675      8     25361    29.1s
 C       0       0         0   0.00%   15500445.25847  15505278.50463     0.03%     6504    711     26     25579    34.7s
         0       0         0   0.00%   15500805.2811   15505278.50463     0.03%     7077    724     26     25684    41.9s
         0       0         0   0.00%   15501035.30131  15505278.50463     0.03%     7482    733     26     25804    48.5s
         0       0         0   0.00%   15501322.90118  15505278.50463     0.03%     7789    744     26     25874    55.0s
         0       0         0   0.00%   15501563.82593  15505278.50463     0.02%     8112    680     26     25948    61.5s
         0       0         0   0.00%   15501787.81571  15505278.50463     0.02%     8352    654     26     26040    68.5s
         0       0         0   0.00%   15502012.73471  15505278.50463     0.02%     8602    660     26     26071    75.1s
         0       0         0   0.00%   15502307.1275   15505278.50463     0.02%     8748    646     26     26120    81.8s
         0       0         0   0.00%   15502534.45886  15505278.50463     0.02%     8786    652     26     26155    88.3s
         0       0         0   0.00%   15502705.51334  15505278.50463     0.02%     8887    634     26     26176    94.6s
         0       0         0   0.00%   15502929.21768  15505278.50463     0.02%     8496    633     26     26201   100.9s
         0       0         0   0.00%   15503197.08002  15505278.50463     0.01%     8363    640     26     26241   107.6s
         0       0         0   0.00%   15503725.92482  15505278.50463     0.01%     8097    731     26     26540   114.5s
         0       0         0   0.00%   15504071.33714  15505278.50463     0.01%     7821    759     26     26646   121.1s
         0       0         0   0.00%   15504426.34387  15505278.50463     0.01%     7614    761     26     26771   128.5s
         0       0         0   0.00%   15504766.81982  15505278.50463     0.00%     7412    761     26     26867   135.6s
        Nodes      |    B&B Tree     |            Objective Bounds              |  Dynamic Constraints |       Work
Src  Proc. InQueue |  Leaves   Expl. | BestBound       BestSol              Gap |   Cuts   InLp Confl. | LpIters     Time
 L       0       0         0   0.00%   15504766.81982  15505226.97463     0.00%     7412    761     26     26867   221.6s
28.4% inactive integer columns, restarting
Model after restart has 24484 rows, 25894 cols (1147 bin., 0 int., 0 impl., 24747 cont., 0 dom.fix.), and 103991 nonzeros
         0       0         0   0.00%   15504838.54282  15505226.97463     0.00%      597      0      0     51995   223.3s
         0       0         0   0.00%   15504838.54282  15505226.97463     0.00%      597    575      0     54878   225.2s
49.8% inactive integer columns, restarting
Model after restart has 23647 rows, 25162 cols (415 bin., 0 int., 0 impl., 24747 cont., 0 dom.fix.), and 87822 nonzeros
         0       0         0   0.00%   15505045.34306  15505226.97463     0.00%      563      0      0     54991   226.5s
12.0% inactive integer columns, restarting
Model after restart has 23410 rows, 24934 cols (337 bin., 0 int., 0 impl., 24597 cont., 0 dom.fix.), and 87416 nonzeros
         0       0         0   0.00%   15505045.34306  15505226.97463     0.00%      541      0      0     58292   228.8s
         0       0         0   0.00%   15505045.34306  15505226.97463     0.00%      541    533      0     61464   231.1s
59.6% inactive integer columns, restarting
Model after restart has 22830 rows, 24685 cols (88 bin., 0 int., 0 impl., 24597 cont., 0 dom.fix.), and 83869 nonzeros
         0       0         0   0.00%   15505160.23436  15505226.97463     0.00%      434      0      0     61545   232.1s
         0       0         0   0.00%   15505160.23436  15505226.97463     0.00%      434    400      0     63289   233.1s
75.0% inactive integer columns, restarting
Model after restart has 22365 rows, 24601 cols (10 bin., 0 int., 0 impl., 24591 cont., 0 dom.fix.), and 82325 nonzeros
         0       0         0   0.00%   15505204.74328  15505226.97463     0.00%      291      0      0     63340   234.2s
         0       0         0   0.00%   15505204.74328  15505226.97463     0.00%      291    250      0     64173   236.6s
80.0% inactive integer columns, restarting
Model after restart has 21916 rows, 24593 cols (2 bin., 0 int., 0 impl., 24591 cont., 0 dom.fix.), and 80983 nonzeros
         0       0         0   0.00%   15505224.827    15505226.97463     0.00%      118      0      0     64198   237.6s
50.0% inactive integer columns, restarting
Model after restart has 21817 rows, 24592 cols (1 bin., 0 int., 0 impl., 24591 cont., 0 dom.fix.), and 80687 nonzeros
         0       0         0   0.00%   15505224.827    15505226.97463     0.00%       48      0      0     66313   238.8s
         0       0         0   0.00%   15505224.827    15505226.97463     0.00%       48     37      0     69776   241.0s
         1       0         1 100.00%   15505226.97463  15505226.97463     0.00%      241     38      0     69784   241.9s
Solving report
  Status            Optimal
  Primal bound      15505226.9746
  Dual bound        15505226.9746
  Gap               0% (tolerance: 0%)
  P-D integral      5.64315089896
  Solution status   feasible
                    15505226.9746 (objective)
                    0 (bound viol.)
                    0 (int. viol.)
                    0 (row viol.)
  Timing            241.86 (total)
                    0.00 (presolve)
                    0.00 (solve)
                    0.00 (postsolve)
  Max sub-MIP depth 6
  Nodes             1
  Repair LPs        0 (0 feasible; 0 iterations)
  LP iterations     69784 (total)
                    0 (strong br.)
                    3696 (separation)
                    25102 (heuristics)
241.882188 seconds (544 allocations: 23.062 KiB)
Optimal solution found, objective function value: 1.550522697462834e7
Saving model results...  0.690466 seconds (2.93 M allocations: 120.491 MiB, 62.55% gc time)
Postprocessing model results...  0.000045 seconds (51 allocations: 4.297 KiB)
Saving model outputs...  4.556141 seconds (2.39 M allocations: 224.746 MiB, 95.96% gc time)
Rolling model temporal structure...  0.368432 seconds (4.26 M allocations: 92.270 MiB, 11.11% gc time)
Fixing model history...  0.036363 seconds (269.59 k allocations: 23.129 MiB)
Applying model non-anticipativity constraints...  0.000143 seconds (352 allocations: 35.000 KiB)
model - window 8 of 12: 2019-08-01T22:00~(4 weeks, 2 days, 10 hours)~>2019-09-01T08:00
Optimizing model...MIP  has 83330 rows; 89599 cols; 227511 nonzeros; 2287 integer variables (0 binary)
Coefficient ranges:
  Matrix [6e-03, 1e+05]
  Cost   [1e-03, 2e+09]
  Bound  [3e-03, 1e+03]
  RHS    [1e+00, 1e+02]
Presolving model
44284 rows, 50636 cols, 159161 nonzeros  0s
28962 rows, 38325 cols, 138980 nonzeros  0s
27849 rows, 37123 cols, 139500 nonzeros  0s
Solving MIP model with:
   27849 rows
   37123 cols (1668 binary, 0 integer, 0 implied int., 35455 continuous, 0 domain fixed)
   139500 nonzeros
Src: B => Branching; C => Central rounding; F => Feasibility pump; J => Feasibility jump;
     H => Heuristic; L => Sub-MIP; P => Empty MIP; R => Randomized rounding; Z => ZI Round;
     I => Shifting; S => Solve LP; T => Evaluate node; U => Unbounded; X => User solution;
     z => Trivial zero; l => Trivial lower; u => Trivial upper; p => Trivial point
        Nodes      |    B&B Tree     |            Objective Bounds              |  Dynamic Constraints |       Work
Src  Proc. InQueue |  Leaves   Expl. | BestBound       BestSol              Gap |   Cuts   InLp Confl. | LpIters     Time
         0       0         0   0.00%   -41252206.6331  inf                  inf        0      0      0         0     0.8s
         0       0         0   0.00%   15764268.6903   inf                  inf        0      0      3     26845    10.3s
 R       0       0         0   0.00%   15764736.13571  3.91862281e+11   100.00%     7722    235      3     27204    13.0s
 C       0       0         0   0.00%   15770396.34622  47127397344.84    99.97%     7369    595      3     28655    19.6s
         0       0         0   0.00%   15771463.09524  47127397344.84    99.97%     8099    759      3     29236    25.6s
         0       0         0   0.00%   15772508.9206   47127397344.84    99.97%     8461    754      3     29470    31.5s
         0       0         0   0.00%   15773608.78851  47127397344.84    99.97%     8904    684      3     29720    37.0s
         0       0         0   0.00%   15774382.74973  47127397344.84    99.97%     9422    669      3     29963    42.6s
         0       0         0   0.00%   15774592.59102  47127397344.84    99.97%     9580    634      3     30149    48.3s
         0       0         0   0.00%   15774609.0602   47127397344.84    99.97%     8373    585      3     30213    53.9s
 L       0       0         0   0.00%   15774609.0602   15774637.4302      0.00%     8373    585      3     30213    74.7s
 T       0       0         0   0.00%   15774609.0602   15774609.0602      0.00%     8373    585      3     35734    74.8s
         1       0         1 100.00%   15774609.0602   15774609.0602      0.00%     7399    585      3     35734    74.8s
Solving report
  Status            Optimal
  Primal bound      15774609.0602
  Dual bound        15774609.0602
  Gap               0% (tolerance: 0%)
  P-D integral      61.7599940566
  Solution status   feasible
                    15774609.0602 (objective)
                    0 (bound viol.)
                    2.0650148258e-14 (int. viol.)
                    0 (row viol.)
  Timing            74.78 (total)
                    0.00 (presolve)
                    0.00 (solve)
                    0.00 (postsolve)
  Max sub-MIP depth 2
  Nodes             1
  Repair LPs        0 (0 feasible; 0 iterations)
  LP iterations     35734 (total)
                    0 (strong br.)
                    3368 (separation)
                    5521 (heuristics)
 74.799725 seconds (292 allocations: 12.375 KiB)
Optimal solution found, objective function value: 1.5774609060199723e7
Saving model results...  0.598884 seconds (2.93 M allocations: 120.491 MiB, 59.49% gc time)
Postprocessing model results...  0.000033 seconds (51 allocations: 4.297 KiB)
Saving model outputs...  4.199531 seconds (2.39 M allocations: 224.746 MiB, 95.78% gc time)
Rolling model temporal structure...  0.358076 seconds (4.26 M allocations: 92.270 MiB, 10.93% gc time)
Fixing model history...  0.032378 seconds (269.59 k allocations: 23.129 MiB)
Applying model non-anticipativity constraints...  0.000089 seconds (352 allocations: 35.000 KiB)
model - window 9 of 12: 2019-09-01T08:00~(4 weeks, 2 days, 10 hours)~>2019-10-01T18:00
Optimizing model...MIP  has 83330 rows; 89599 cols; 227451 nonzeros; 2287 integer variables (0 binary)
Coefficient ranges:
  Matrix [6e-03, 1e+05]
  Cost   [1e-03, 2e+09]
  Bound  [1e-02, 1e+03]
  RHS    [1e+00, 1e+02]
Presolving model
44224 rows, 50516 cols, 158921 nonzeros  0s
28962 rows, 38265 cols, 138920 nonzeros  0s
27849 rows, 37063 cols, 139440 nonzeros  0s
Solving MIP model with:
   27849 rows
   37063 cols (1668 binary, 0 integer, 0 implied int., 35395 continuous, 0 domain fixed)
   139440 nonzeros
Src: B => Branching; C => Central rounding; F => Feasibility pump; J => Feasibility jump;
     H => Heuristic; L => Sub-MIP; P => Empty MIP; R => Randomized rounding; Z => ZI Round;
     I => Shifting; S => Solve LP; T => Evaluate node; U => Unbounded; X => User solution;
     z => Trivial zero; l => Trivial lower; u => Trivial upper; p => Trivial point
        Nodes      |    B&B Tree     |            Objective Bounds              |  Dynamic Constraints |       Work
Src  Proc. InQueue |  Leaves   Expl. | BestBound       BestSol              Gap |   Cuts   InLp Confl. | LpIters     Time
         0       0         0   0.00%   -39433553.7731  inf                  inf        0      0      0         0     0.8s
         0       0         0   0.00%   16089552.6033   inf                  inf        0      0      3     27144    10.8s
 R       0       0         0   0.00%   16095541.92858  2.09607004e+11    99.99%    11481    667      9     28981    16.5s
 C       0       0         0   0.00%   16095986.40613  16100061.17067     0.03%     6394    691     24     29242    19.3s
         0       0         0   0.00%   16096464.76172  16100061.17067     0.02%     7311    710     24     29457    25.4s
         0       0         0   0.00%   16097111.10222  16100061.17067     0.02%     7776    649     24     29607    31.6s
         0       0         0   0.00%   16097607.34977  16100061.17067     0.02%     8128    634     24     29762    37.5s
         0       0         0   0.00%   16098177.87939  16100061.17067     0.01%     8501    621     24     29866    43.4s
         0       0         0   0.00%   16099084.34788  16100061.17067     0.01%     8834    671     24     30181    49.7s
 L       0       0         0   0.00%   16099479.65259  16100011.01067     0.00%     8940    681     24     30252   110.9s
20.5% inactive integer columns, restarting
Model after restart has 25379 rows, 28250 cols (1316 bin., 0 int., 0 impl., 26934 cont., 0 dom.fix.), and 112674 nonzeros
         0       0         0   0.00%   16099495.65797  16100011.01067     0.00%      537      0      0     47422   112.8s
         0       0         0   0.00%   16099495.65797  16100011.01067     0.00%      537    533      2     50606   114.7s
12.2% inactive integer columns, restarting
Model after restart has 24501 rows, 25883 cols (1136 bin., 0 int., 0 impl., 24747 cont., 0 dom.fix.), and 103366 nonzeros
         0       0         0   0.00%   16099621.21628  16100011.01067     0.00%      571      0      0     50745   117.6s
         0       0         0   0.00%   16099621.21628  16100011.01067     0.00%      571    565      2     52847   118.7s
59.2% inactive integer columns, restarting
Model after restart has 23363 rows, 25058 cols (311 bin., 0 int., 0 impl., 24747 cont., 0 dom.fix.), and 85313 nonzeros
         0       0         0   0.00%   16099899.02559  16100011.01067     0.00%      439      0      0     52952   120.1s
38.6% inactive integer columns, restarting
Model after restart has 22928 rows, 24911 cols (164 bin., 0 int., 0 impl., 24747 cont., 0 dom.fix.), and 82937 nonzeros
         0       0         0   0.00%   16099899.02559  16100011.01067     0.00%      336      0      0     55847   121.8s
         0       0         0   0.00%   16099899.02559  16100011.01067     0.00%      336    316      0     57144   122.7s
46.3% inactive integer columns, restarting
Model after restart has 22503 rows, 24660 cols (75 bin., 0 int., 0 impl., 24585 cont., 0 dom.fix.), and 82428 nonzeros
         0       0         0   0.00%   16099924.5252   16100011.01067     0.00%      270      0      0     57190   123.8s
10.7% inactive integer columns, restarting
Model after restart has 22487 rows, 24651 cols (66 bin., 0 int., 0 impl., 24585 cont., 0 dom.fix.), and 82346 nonzeros
         0       0         0   0.00%   16099924.5252   16100011.01067     0.00%      250      0      0     58233   124.8s
         0       0         0   0.00%   16099924.5252   16100011.01067     0.00%      250    249      0     58693   125.5s
22.7% inactive integer columns, restarting
Model after restart has 22448 rows, 24632 cols (47 bin., 0 int., 0 impl., 24585 cont., 0 dom.fix.), and 82183 nonzeros
        Nodes      |    B&B Tree     |            Objective Bounds              |  Dynamic Constraints |       Work
Src  Proc. InQueue |  Leaves   Expl. | BestBound       BestSol              Gap |   Cuts   InLp Confl. | LpIters     Time
Optimal solution found, objective function value: 1.6100011010674661e7
         0       0         0   0.00%   16099957.54368  16100011.01067     0.00%      249      0      0     58709   126.5s
17.0% inactive integer columns, restarting
Model after restart has 22432 rows, 24624 cols (39 bin., 0 int., 0 impl., 24585 cont., 0 dom.fix.), and 82124 nonzeros
         0       0         0   0.00%   16099957.54368  16100011.01067     0.00%      240      0      0     59168   127.1s
43.6% inactive integer columns, restarting
Model after restart has 22237 rows, 24606 cols (21 bin., 0 int., 0 impl., 24585 cont., 0 dom.fix.), and 81518 nonzeros
         0       0         0   0.00%   16099957.54368  16100011.01067     0.00%      191      0      0     59558   128.2s
47.6% inactive integer columns, restarting
Model after restart has 22023 rows, 24596 cols (11 bin., 0 int., 0 impl., 24585 cont., 0 dom.fix.), and 80858 nonzeros
         0       0         0   0.00%   16099957.54368  16100011.01067     0.00%      127      0      0     60587   129.8s
         0       0         0   0.00%   16099957.54368  16100011.01067     0.00%      127    112      0     61025   130.4s
81.8% inactive integer columns, restarting
Model after restart has 21837 rows, 24580 cols (1 bin., 0 int., 0 impl., 24579 cont., 0 dom.fix.), and 80285 nonzeros
         0       0         0   0.00%   16100008.01366  16100011.01067     0.00%       63      0      0     61042   131.4s
         0       0         0   0.00%   16100008.01366  16100011.01067     0.00%       63     49      0     61280   131.8s
         0       0         0   0.00%   16100008.81442  16100011.01067     0.00%     5233     55      0     61286   136.8s
         0       0         0   0.00%   16100009.60776  16100011.01067     0.00%     7712     61      0     61293   141.9s
         1       0         1 100.00%   16100011.01067  16100011.01067     0.00%     7712     61      1     61399   142.0s
Solving report
  Status            Optimal
  Primal bound      16100011.0107
  Dual bound        16100011.0107
  Gap               0% (tolerance: 0%)
  P-D integral      2.83138357035
  Solution status   feasible
                    16100011.0107 (objective)
                    0 (bound viol.)
                    0 (int. viol.)
                    0 (row viol.)
  Timing            142.05 (total)
                    0.00 (presolve)
                    0.00 (solve)
                    0.00 (postsolve)
  Max sub-MIP depth 6
  Nodes             1
  Repair LPs        0 (0 feasible; 0 iterations)
  LP iterations     61399 (total)
                    100 (strong br.)
                    3448 (separation)
                    17166 (heuristics)
142.071404 seconds (586 allocations: 24.844 KiB)
Saving model results...  0.587658 seconds (2.93 M allocations: 120.491 MiB, 57.00% gc time)
Postprocessing model results...  0.000056 seconds (51 allocations: 4.297 KiB)
Saving model outputs...  4.232726 seconds (2.39 M allocations: 224.746 MiB, 95.64% gc time)
Rolling model temporal structure...  0.371456 seconds (4.26 M allocations: 92.270 MiB, 11.54% gc time)
Fixing model history...  0.035910 seconds (269.59 k allocations: 23.129 MiB)
Applying model non-anticipativity constraints...  0.000107 seconds (352 allocations: 35.000 KiB)
model - window 10 of 12: 2019-10-01T18:00~(4 weeks, 2 days, 10 hours)~>2019-11-01T04:00
Optimizing model...MIP  has 83330 rows; 89599 cols; 227368 nonzeros; 2287 integer variables (0 binary)
Coefficient ranges:
  Matrix [6e-03, 1e+05]
  Cost   [1e-03, 2e+09]
  Bound  [7e-03, 1e+03]
  RHS    [1e+00, 1e+02]
Presolving model
44141 rows, 50350 cols, 158589 nonzeros  0s
28962 rows, 38182 cols, 138837 nonzeros  0s
27849 rows, 36980 cols, 139357 nonzeros  0s
Solving MIP model with:
   27849 rows
   36980 cols (1668 binary, 0 integer, 0 implied int., 35312 continuous, 0 domain fixed)
   139357 nonzeros
Src: B => Branching; C => Central rounding; F => Feasibility pump; J => Feasibility jump;
     H => Heuristic; L => Sub-MIP; P => Empty MIP; R => Randomized rounding; Z => ZI Round;
     I => Shifting; S => Solve LP; T => Evaluate node; U => Unbounded; X => User solution;
     z => Trivial zero; l => Trivial lower; u => Trivial upper; p => Trivial point
        Nodes      |    B&B Tree     |            Objective Bounds              |  Dynamic Constraints |       Work
Src  Proc. InQueue |  Leaves   Expl. | BestBound       BestSol              Gap |   Cuts   InLp Confl. | LpIters     Time
         0       0         0   0.00%   -41262213.2131  inf                  inf        0      0      0         0     0.8s
 R       0       0         0   0.00%   16467426.43777  8.41646409e+11   100.00%        0      0      0     27223    13.0s
         0       0         0   0.00%   16473912.61513  8.41646409e+11   100.00%     6925    655      0     29346    19.1s
 C       0       0         0   0.00%   16474019.48276  53591101405.22    99.97%     7221    663     15     29374    21.6s
         0       0         0   0.00%   16474605.17923  53591101405.22    99.97%     7865    686     15     29558    26.8s
         0       0         0   0.00%   16475132.71876  53591101405.22    99.97%     8334    704     15     29719    31.8s
         0       0         0   0.00%   16475620.37606  53591101405.22    99.97%     8768    659     15     29839    36.8s
         0       0         0   0.00%   16476068.27915  53591101405.22    99.97%     9166    654     15     29930    41.8s
         0       0         0   0.00%   16476511.46612  53591101405.22    99.97%     9398    649     15     30041    46.9s
         0       0         0   0.00%   16477423.66026  53591101405.22    99.97%     9774    745     15     30372    52.0s
         0       0         0   0.00%   16477981.11667  53591101405.22    99.97%     9171    744     15     30563    57.3s
         0       0         0   0.00%   16478295.84318  53591101405.22    99.97%     8852    747     15     30704    63.4s
         0       0         0   0.00%   16478427.07453  53591101405.22    99.97%     8328    665     15     30773    69.5s
 L       0       0         0   0.00%   16478427.07453  16500159.76492     0.13%     8328    665     15     30773    81.2s
 T       0       0         0   0.00%   16478427.07453  16478427.07453     0.00%     8328    665     15     34097    81.2s
         1       0         1 100.00%   16478427.07453  16478427.07453     0.00%     7805    665     15     34097    81.2s
Solving report
  Status            Optimal
  Primal bound      16478427.0745
  Dual bound        16478427.0745
  Gap               0% (tolerance: 0%)
  P-D integral      68.1461263206
  Solution status   feasible
                    16478427.0745 (objective)
                    0 (bound viol.)
                    4.04121180964e-14 (int. viol.)
                    0 (row viol.)
  Timing            81.25 (total)
                    0.00 (presolve)
                    0.00 (solve)
                    0.00 (postsolve)
  Max sub-MIP depth 1
  Nodes             1
  Repair LPs        0 (0 feasible; 0 iterations)
  LP iterations     34097 (total)
                    0 (strong br.)
                    3550 (separation)
                    3324 (heuristics)
 81.266923 seconds (348 allocations: 14.750 KiB)
Optimal solution found, objective function value: 1.6478427074526174e7
Saving model results...  0.640071 seconds (2.93 M allocations: 120.491 MiB, 60.13% gc time)
Postprocessing model results...  0.000076 seconds (51 allocations: 4.297 KiB)
Saving model outputs...  4.059589 seconds (2.39 M allocations: 224.746 MiB, 95.37% gc time)
Rolling model temporal structure...  0.356687 seconds (4.26 M allocations: 92.270 MiB, 11.18% gc time)
Fixing model history...  0.031253 seconds (269.59 k allocations: 23.129 MiB)
Applying model non-anticipativity constraints...  0.000135 seconds (352 allocations: 35.000 KiB)
model - window 11 of 12: 2019-11-01T04:00~(4 weeks, 2 days, 10 hours)~>2019-12-01T14:00
Optimizing model...MIP  has 83330 rows; 89599 cols; 227302 nonzeros; 2287 integer variables (0 binary)
Coefficient ranges:
  Matrix [6e-03, 1e+05]
  Cost   [1e-03, 2e+09]
  Bound  [7e-03, 1e+03]
  RHS    [1e+00, 1e+02]
Presolving model
44075 rows, 50218 cols, 158325 nonzeros  0s
28962 rows, 38116 cols, 138771 nonzeros  0s
27849 rows, 36914 cols, 139291 nonzeros  0s
Solving MIP model with:
   27849 rows
   36914 cols (1668 binary, 0 integer, 0 implied int., 35246 continuous, 0 domain fixed)
   139291 nonzeros
Src: B => Branching; C => Central rounding; F => Feasibility pump; J => Feasibility jump;
     H => Heuristic; L => Sub-MIP; P => Empty MIP; R => Randomized rounding; Z => ZI Round;
     I => Shifting; S => Solve LP; T => Evaluate node; U => Unbounded; X => User solution;
     z => Trivial zero; l => Trivial lower; u => Trivial upper; p => Trivial point
        Nodes      |    B&B Tree     |            Objective Bounds              |  Dynamic Constraints |       Work
Src  Proc. InQueue |  Leaves   Expl. | BestBound       BestSol              Gap |   Cuts   InLp Confl. | LpIters     Time
         0       0         0   0.00%   -43885809.6031  inf                  inf        0      0      0         0     0.8s
         0       0         0   0.00%   17089959.64874  inf                  inf        0      0      2     22383     9.0s
         0       0         0   0.00%   17097168.7146   inf                  inf     9171    696     12     24379    14.8s
 C       0       0         0   0.00%   17097302.38799  17102847.76244     0.03%     9700    708     36     24463    16.6s
         0       0         0   0.00%   17098321.69974  17102847.76244     0.03%     9355    750     36     24632    22.8s
         0       0         0   0.00%   17098901.79497  17102847.76244     0.02%     9988    694     36     24823    28.9s
         0       0         0   0.00%   17099242.50661  17102847.76244     0.02%    10504    707     36     24961    33.9s
         0       0         0   0.00%   17099791.6369   17102847.76244     0.02%    10654    701     36     25130    40.0s
         0       0         0   0.00%   17100596.73789  17102847.76244     0.01%     9018    843     36     25677    45.4s
         0       0         0   0.00%   17101313.77216  17102847.76244     0.01%     9195    840     36     25861    51.7s
         0       0         0   0.00%   17102073.25235  17102847.76244     0.00%     9338    770     36     26054    56.8s
 L       0       0         0   0.00%   17102073.25235  17102802.00244     0.00%     9338    770     36     26054   158.8s
20.3% inactive integer columns, restarting
Model after restart has 24545 rows, 25966 cols (1219 bin., 0 int., 0 impl., 24747 cont., 0 dom.fix.), and 107269 nonzeros
         0       0         0   0.00%   17102222.76204  17102802.00244     0.00%      602      0      0     43754   162.7s
         0       0         0   0.00%   17102222.76204  17102802.00244     0.00%      602    585      2     49891   169.0s
         1       0         1 100.00%   17102802.00244  17102802.00244     0.00%      612    585    289     51169   172.4s
Solving report
  Status            Optimal
  Primal bound      17102802.0024
  Dual bound        17102802.0024
  Gap               0% (tolerance: 0%)
  P-D integral      0.0127542627709
  Solution status   feasible
                    17102802.0024 (objective)
                    0 (bound viol.)
                    0 (int. viol.)
                    0 (row viol.)
  Timing            172.44 (total)
                    0.00 (presolve)
                    0.00 (solve)
                    0.00 (postsolve)
  Max sub-MIP depth 5
  Nodes             1
  Repair LPs        0 (0 feasible; 0 iterations)
  LP iterations     51169 (total)
                    1052 (strong br.)
                    3728 (separation)
                    17643 (heuristics)
172.499537 seconds (460 allocations: 19.500 KiB)
Optimal solution found, objective function value: 1.7102802002441324e7
Saving model results...  1.039379 seconds (2.93 M allocations: 120.491 MiB, 57.16% gc time)
Postprocessing model results...  0.000045 seconds (51 allocations: 4.297 KiB)
Saving model outputs...  6.336655 seconds (2.39 M allocations: 224.766 MiB, 96.17% gc time)
Rolling model temporal structure...  0.371404 seconds (4.26 M allocations: 92.225 MiB, 11.34% gc time)
Fixing model history...  0.032719 seconds (269.59 k allocations: 23.129 MiB)
Applying model non-anticipativity constraints...  0.000127 seconds (352 allocations: 35.000 KiB)
model - window 12 of 12: 2019-12-01T14:00~(4 weeks, 2 days, 10 hours)~>2020-01-01T00:00
Optimizing model...MIP  has 83330 rows; 89599 cols; 227261 nonzeros; 2287 integer variables (0 binary)
Coefficient ranges:
  Matrix [6e-03, 1e+05]
  Cost   [1e-03, 2e+09]
  Bound  [1e-02, 1e+03]
  RHS    [1e+00, 1e+02]
Presolving model
44034 rows, 50136 cols, 158161 nonzeros  0s
28962 rows, 38075 cols, 138730 nonzeros  0s
27849 rows, 36873 cols, 139250 nonzeros  0s
Solving MIP model with:
   27849 rows
   36873 cols (1668 binary, 0 integer, 0 implied int., 35205 continuous, 0 domain fixed)
   139250 nonzeros
Src: B => Branching; C => Central rounding; F => Feasibility pump; J => Feasibility jump;
     H => Heuristic; L => Sub-MIP; P => Empty MIP; R => Randomized rounding; Z => ZI Round;
     I => Shifting; S => Solve LP; T => Evaluate node; U => Unbounded; X => User solution;
     z => Trivial zero; l => Trivial lower; u => Trivial upper; p => Trivial point
        Nodes      |    B&B Tree     |            Objective Bounds              |  Dynamic Constraints |       Work
Src  Proc. InQueue |  Leaves   Expl. | BestBound       BestSol              Gap |   Cuts   InLp Confl. | LpIters     Time
         0       0         0   0.00%   -38591583.6531  inf                  inf        0      0      0         0     0.8s
         0       0         0   0.00%   16929957.32742  inf                  inf        0      0      3     26779     8.6s
 R       0       0         0   0.00%   16935577.22461  1.44008016e+11    99.99%     5945    632      8     28681    13.7s
 C       0       0         0   0.00%   16936027.72196  84073231135.03    99.98%     6826    756      8     29106    17.0s
         0       0         0   0.00%   16936709.07248  84073231135.03    99.98%     7598    809      8     29470    22.9s
         0       0         0   0.00%   16937484.94776  84073231135.03    99.98%     7958    721      8     29769    28.8s
         0       0         0   0.00%   16938267.1644   84073231135.03    99.98%     8542    688      8     30087    34.7s
         0       0         0   0.00%   16938916.42718  84073231135.03    99.98%     8974    659      8     30306    40.4s
         0       0         0   0.00%   16939480.80284  84073231135.03    99.98%     9221    641      8     30621    46.4s
         0       0         0   0.00%   16939878.75519  84073231135.03    99.98%     7517    632      8     30806    52.4s
 L       0       0         0   0.00%   16939887.13435  16939942.66832     0.00%     7248    644      8     30842    66.2s
 L       0       0         0   0.00%   16939890.11059  16939910.38832     0.00%     7292    652      8     34434    70.8s
98.2% inactive integer columns, restarting
Model after restart has 22703 rows, 26937 cols (3 bin., 0 int., 0 impl., 26934 cont., 0 dom.fix.), and 83108 nonzeros
         0       0         0   0.00%   16939902.21363  16939910.38832     0.00%      189      0      0     35673    72.3s
 R       0       0         0   0.00%   16939902.21363  16939910.38832     0.00%      189     52      0     36684    72.8s
33.3% inactive integer columns, restarting
Model after restart has 21864 rows, 24639 cols (2 bin., 0 int., 0 impl., 24637 cont., 0 dom.fix.), and 80249 nonzeros
         0       0         0   0.00%   16939902.21363  16939910.38832     0.00%       52      0      0     36684    72.8s
         0       0         0   0.00%   16939902.21363  16939910.38832     0.00%       52     52      0     36972    73.1s
         1       0         1 100.00%   16939910.38832  16939910.38832     0.00%      235     65      2     37001    74.0s
Solving report
  Status            Optimal
  Primal bound      16939910.3883
  Dual bound        16939910.3883
  Gap               0% (tolerance: 0%)
  P-D integral      52.5183982924
  Solution status   feasible
                    16939910.3883 (objective)
                    0 (bound viol.)
                    0 (int. viol.)
                    0 (row viol.)
  Timing            74.05 (total)
                    0.00 (presolve)
                    0.00 (solve)
                    0.00 (postsolve)
  Max sub-MIP depth 1
  Nodes             1
  Repair LPs        0 (0 feasible; 0 iterations)
  LP iterations     37001 (total)
                    0 (strong br.)
                    4108 (separation)
                    4815 (heuristics)
 74.067226 seconds (383 allocations: 16.234 KiB)
Optimal solution found, objective function value: 1.6939910388321072e7
Saving model results...  0.545526 seconds (2.93 M allocations: 120.492 MiB, 56.16% gc time)
Postprocessing model results...  0.000036 seconds (51 allocations: 4.297 KiB)
Saving model outputs...  4.301697 seconds (2.39 M allocations: 224.746 MiB, 95.48% gc time)
Rolling model temporal structure...  0.000057 seconds (46 allocations: 2.438 KiB)
Rolling complete
Solve complete. Started at 2026-01-29T15:59:36.750, ended at 2026-01-29T16:40:29.089, elapsed time: 40 minutes, 52 seconds, 339 milliseconds
Time summary:
Action                                           │ min       │ max        │ avg
─────────────────────────────────────────────────┼───────────┼────────────┼─────────────────────
Postprocessing model results...                  │ 3.3e-5    │ 7.7e-5     │ 5.508333333333333e-5
Fixing model history...                          │ 0.031253  │ 0.655836   │ 0.10329163636363634
Applying model non-anticipativity constraints... │ 8.9e-5    │ 0.123583   │ 0.01136318181818182
Rolling model temporal structure...              │ 5.7e-5    │ 0.791338   │ 0.4874314166666667
Saving model results...                          │ 0.545526  │ 1.110794   │ 0.8511021666666668
Optimizing model...                              │ 74.067226 │ 474.400388 │ 195.48490658333336
Saving model outputs...                          │ 4.059589  │ 7.726222   │ 5.7416195
Writing report to sqlite:///C:\Users\jfg.eco\Documents\Nord_H2ub\Spine_Projects\02_basic_energy_model\.spinetoolbox\items\outputtest\OutputTest.sqlite?spinedbfilter=cfg%3Aexecution%3A%7B%22execution_item%22%3A+%22Run+SpineOpt%22%2C+%22scenarios%22%3A+%5B%5D%2C+%22timestamp%22%3A+%222026-01-29T15%3A50%3A00%22%7D...  6.307490 seconds (13.29 M allocations: 1000.779 MiB, 68.39% gc time)
Execution complete. Started at 2026-01-29T15:50:02.496, ended at 2026-01-29T16:40:49.859, elapsed time: 50 minutes, 47 seconds, 363 milliseconds
A JuMP Model
├ solver: HiGHS
├ objective_sense: MIN_SENSE
│ └ objective_function_type: JuMP.AffExpr
├ num_variables: 89599
├ num_constraints: 165726
│ ├ JuMP.AffExpr in MOI.EqualTo{Float64}: 24168
│ ├ JuMP.AffExpr in MOI.GreaterThan{Float64}: 20456
│ ├ JuMP.AffExpr in MOI.LessThan{Float64}: 38706
│ ├ JuMP.VariableRef in MOI.EqualTo{Float64}: 578
│ ├ JuMP.VariableRef in MOI.GreaterThan{Float64}: 77310
│ ├ JuMP.VariableRef in MOI.LessThan{Float64}: 2221
│ └ JuMP.VariableRef in MOI.Integer: 2287
└ Names registered in the model: none
