### Spine execution log file
### Item name: Run SpineOpt
### Filter id: 
### Part: 1

# Running julia run_spineopt.jl http://127.0.0.1:65164 http://127.0.0.1:65166
2-element Vector{String}:
 "http://127.0.0.1:65164"
 "http://127.0.0.1:65166"
Running SpineOpt...
[SpineOpt version 0.10.2 (git hash: N/A)]
[SpineInterface version 0.15.2 (git hash: N/A)]
Execution started at 2026-07-30T17:13:17.531
Reading input data from sqlite:///C:\Users\jfg.eco\Documents\GitHub\Nord_H2ub\Spine_Projects\02_basic_energy_model\.spinetoolbox\items\input\Input.sqlite...
Initializing  data structure from db...  0.602994 seconds (1.93 M allocations: 130.040 MiB)
Preprocessing  data structure...  0.123998 seconds (48.49 k allocations: 2.446 MiB, 62.09% compilation time)
Checking  data structure...  0.021750 seconds (9.05 k allocations: 476.406 KiB, 90.70% compilation time)
Build started at 2026-07-30T17:13:18.359
Creating model temporal structure...[ Info: the last time slice of temporal block Default_Investment_period has been cut to fit within the block
[ Info: the last time slice of temporal block daily has been cut to fit within the block
 59.754604 seconds (431.05 M allocations: 22.181 GiB, 60.18% gc time, 0.04% compilation time)
Creating model stochastic structure...  1.671007 seconds (3.22 M allocations: 453.173 MiB, 82.51% gc time, 3.17% compilation time)
Adding model independent variables...
- [variable_binary_gas_connection_flow]  0.069470 seconds (2.29 M allocations: 34.946 MiB)
- [variable_connection_flow]  3.696593 seconds (13.99 M allocations: 1.458 GiB, 45.86% gc time, 6.18% compilation time)
- [variable_connection_intact_flow]  4.025675 seconds (11.02 M allocations: 725.255 MiB, 82.78% gc time)
- [variable_connections_decommissioned]  0.064764 seconds (2.30 M allocations: 35.579 MiB)
- [variable_connections_invested]  0.342067 seconds (2.54 M allocations: 146.441 MiB)
- [variable_connections_invested_available]  0.411674 seconds (2.63 M allocations: 146.058 MiB, 4.73% compilation time)
- [variable_min_capacity_margin_slack]  0.062039 seconds (2.29 M allocations: 34.901 MiB)
- [variable_node_injection]  0.559724 seconds (6.86 M allocations: 370.945 MiB, 30.94% gc time)
- [variable_node_pressure]  0.065540 seconds (2.29 M allocations: 34.920 MiB)
- [variable_node_slack_neg]  0.373823 seconds (6.73 M allocations: 321.242 MiB)
- [variable_node_slack_pos]  0.535841 seconds (6.73 M allocations: 321.244 MiB, 33.47% gc time)
- [variable_node_state]  0.226146 seconds (4.26 M allocations: 143.011 MiB, 7.41% compilation time)
- [variable_node_voltage_angle]  0.069777 seconds (2.29 M allocations: 34.920 MiB)
- [variable_nonspin_units_shut_down]  0.063865 seconds (2.29 M allocations: 34.936 MiB)
- [variable_nonspin_units_started_up]  0.066917 seconds (2.29 M allocations: 34.933 MiB)
- [variable_storages_decommissioned]  0.063636 seconds (2.29 M allocations: 35.092 MiB)
- [variable_storages_invested]  0.120911 seconds (1.99 M allocations: 64.956 MiB, 15.78% compilation time)
- [variable_storages_invested_available]  0.135236 seconds (1.99 M allocations: 64.867 MiB)
- [variable_unit_flow]  2.431251 seconds (16.39 M allocations: 2.228 GiB, 29.19% gc time, 3.55% compilation time)
- [variable_unit_flow_op]  0.167324 seconds (3.78 M allocations: 156.508 MiB)
- [variable_unit_flow_op_active]  0.197207 seconds (4.25 M allocations: 184.327 MiB)
- [variable_units_invested]  0.262709 seconds (2.53 M allocations: 132.868 MiB)
- [variable_units_invested_available]  0.379907 seconds (2.60 M allocations: 135.803 MiB, 28.19% gc time, 5.23% compilation time)
- [variable_units_mothballed]  0.061065 seconds (2.30 M allocations: 35.614 MiB)
- [variable_units_on]  0.252311 seconds (5.72 M allocations: 258.949 MiB)
- [variable_units_out_of_service]  0.060890 seconds (2.29 M allocations: 34.912 MiB)
- [variable_units_returned_to_service]  0.069421 seconds (2.29 M allocations: 34.907 MiB)
- [variable_units_shut_down]  0.078656 seconds (2.57 M allocations: 53.708 MiB)
- [variable_units_started_up]  0.079910 seconds (2.56 M allocations: 53.016 MiB)
- [variable_units_taken_out_of_service]  0.214611 seconds (2.29 M allocations: 34.908 MiB, 67.66% gc time)
- [variable_user_constraint_slack_neg]  0.061501 seconds (2.29 M allocations: 34.899 MiB)
- [variable_user_constraint_slack_pos]  0.061132 seconds (2.29 M allocations: 34.899 MiB)
 15.359073 seconds (131.18 M allocations: 7.367 GiB, 41.29% gc time, 2.54% compilation time)
Adding model dependent variables...
- [variable_connection_flow]  0.304613 seconds (4.68 M allocations: 203.040 MiB)
- [variable_unit_flow]  0.408413 seconds (6.40 M allocations: 302.904 MiB)
  0.717468 seconds (11.08 M allocations: 505.956 MiB)
Adding model expressions...
- [expression_capacity_margin]  0.001514 seconds (86 allocations: 3.875 KiB)
  0.002658 seconds (199 allocations: 9.680 KiB)
Adding model constraints...
- [constraint_candidate_connection_flow_lb]  0.000384 seconds (146 allocations: 6.461 KiB)
- [constraint_candidate_connection_flow_ub]  0.000108 seconds (144 allocations: 6.180 KiB)
- [constraint_compression_ratio]  0.000069 seconds (94 allocations: 5.930 KiB)
- [constraint_connection_flow_capacity]  2.278078 seconds (22.42 M allocations: 1.265 GiB, 25.65% gc time, 0.04% compilation time)
- [constraint_connection_flow_gas_capacity]  0.000079 seconds (97 allocations: 7.086 KiB)
- [constraint_connection_flow_intact_flow]  0.000126 seconds (87 allocations: 4.008 KiB)
- [constraint_connection_flow_lodf]  0.000697 seconds (66 allocations: 3.438 KiB)
- [constraint_connection_intact_flow_capacity]  0.000200 seconds (118 allocations: 5.648 KiB)
- [constraint_connection_intact_flow_ptdf]  0.000101 seconds (72 allocations: 3.602 KiB)
- [constraint_connection_lifetime] 30.494620 seconds (219.78 M allocations: 22.942 GiB, 51.46% gc time, 0.05% compilation time)
- [constraint_connection_unitary_gas_flow]  0.000076 seconds (94 allocations: 5.930 KiB)
- [constraint_connections_invested_available]  0.001028 seconds (2.82 k allocations: 164.091 KiB)
- [constraint_connections_invested_transition]  0.003126 seconds (16.29 k allocations: 859.582 KiB)
- [constraint_cyclic_node_state]  0.009714 seconds (2.56 k allocations: 123.836 KiB, 97.59% compilation time)
- [constraint_fix_node_pressure_point]  0.000074 seconds (94 allocations: 5.930 KiB)
- [constraint_fix_ratio_in_in_unit_flow]  0.097629 seconds (1.09 M allocations: 69.084 MiB)
- [constraint_fix_ratio_in_out_unit_flow]  0.000457 seconds (3.20 k allocations: 167.633 KiB)
- [constraint_fix_ratio_out_in_connection_flow]  0.094296 seconds (822.60 k allocations: 48.705 MiB, 16.66% compilation time)
- [constraint_fix_ratio_out_in_unit_flow]  0.000140 seconds (193 allocations: 12.008 KiB)
- [constraint_fix_ratio_out_out_unit_flow]  0.000271 seconds (1.10 k allocations: 58.758 KiB)
- [constraint_investment_group_equal_investments]  0.007999 seconds (37.15 k allocations: 8.371 MiB)
- [constraint_investment_group_maximum_capacity_invested_available]  0.000117 seconds (34 allocations: 1.992 KiB)
- [constraint_investment_group_maximum_entities_invested_available]  0.000081 seconds (32 allocations: 1.898 KiB)
- [constraint_investment_group_minimum_capacity_invested_available]  0.000052 seconds (32 allocations: 1.898 KiB)
- [constraint_investment_group_minimum_entities_invested_available]  0.000087 seconds (32 allocations: 1.898 KiB)
- [constraint_max_node_pressure]  0.000124 seconds (219 allocations: 10.758 KiB)
- [constraint_max_node_voltage_angle]  0.000102 seconds (293 allocations: 13.742 KiB)
- [constraint_max_ratio_in_in_unit_flow]  0.000087 seconds (193 allocations: 12.008 KiB)
- [constraint_max_ratio_in_out_unit_flow]  0.000097 seconds (193 allocations: 12.008 KiB)
- [constraint_max_ratio_out_in_connection_flow]  0.000088 seconds (114 allocations: 6.570 KiB)
- [constraint_max_ratio_out_in_unit_flow]  0.000057 seconds (193 allocations: 12.008 KiB)
- [constraint_max_ratio_out_out_unit_flow]  0.000055 seconds (193 allocations: 12.008 KiB)
- [constraint_max_total_cumulated_unit_flow_from_node]  0.000068 seconds (96 allocations: 6.039 KiB)
- [constraint_max_total_cumulated_unit_flow_to_node]  0.000039 seconds (92 allocations: 5.789 KiB)
- [constraint_min_capacity_margin]  0.000069 seconds (101 allocations: 4.773 KiB)
- [constraint_min_down_time]  0.652256 seconds (6.69 M allocations: 499.617 MiB, 5.88% compilation time)
- [constraint_min_node_pressure]  0.000147 seconds (224 allocations: 15.178 KiB)
- [constraint_min_node_voltage_angle]  0.000110 seconds (293 allocations: 13.742 KiB)
- [constraint_min_ratio_in_in_unit_flow]  0.000108 seconds (193 allocations: 12.008 KiB)
- [constraint_min_ratio_in_out_unit_flow]  0.000104 seconds (193 allocations: 12.008 KiB)
- [constraint_min_ratio_out_in_connection_flow]  0.000092 seconds (114 allocations: 6.570 KiB)
- [constraint_min_ratio_out_in_unit_flow]  0.000116 seconds (193 allocations: 12.008 KiB)
- [constraint_min_ratio_out_out_unit_flow]  0.000058 seconds (193 allocations: 12.008 KiB)
- [constraint_min_scheduled_outage_duration]  0.000074 seconds (66 allocations: 3.320 KiB)
- [constraint_min_total_cumulated_unit_flow_from_node]  0.000081 seconds (96 allocations: 6.039 KiB)
- [constraint_min_total_cumulated_unit_flow_to_node]  0.000040 seconds (92 allocations: 5.789 KiB)
- [constraint_min_up_time]  0.063135 seconds (819.94 k allocations: 49.034 MiB)
- [constraint_minimum_operating_point]  0.084067 seconds (944.48 k allocations: 56.702 MiB)
- [constraint_nodal_balance]  0.649963 seconds (4.68 M allocations: 264.892 MiB, 48.34% gc time)
- [constraint_node_injection]  2.171563 seconds (26.96 M allocations: 1.351 GiB, 13.92% gc time)
- [constraint_node_state_capacity]  0.251500 seconds (4.07 M allocations: 208.694 MiB)
- [constraint_node_voltage_angle]  0.000118 seconds (69 allocations: 3.445 KiB)
- [constraint_non_spinning_reserves_lower_bound]  0.000144 seconds (471 allocations: 22.898 KiB)
- [constraint_non_spinning_reserves_shut_down_upper_bound]  0.000137 seconds (480 allocations: 23.695 KiB)
- [constraint_non_spinning_reserves_start_up_upper_bound]  0.000059 seconds (480 allocations: 23.695 KiB)
- [constraint_operating_point_bounds] 14.226996 seconds (163.32 M allocations: 18.732 GiB, 25.45% gc time)
- [constraint_operating_point_rank]  0.025623 seconds (334.78 k allocations: 29.587 MiB)
- [constraint_ramp_down]  0.241318 seconds (2.56 M allocations: 156.981 MiB, 18.65% compilation time)
- [constraint_ramp_up]  0.203874 seconds (2.57 M allocations: 157.848 MiB)
- [constraint_ratio_out_in_connection_intact_flow]  0.000144 seconds (87 allocations: 4.008 KiB)
- [constraint_storage_lifetime]  3.217912 seconds (31.00 M allocations: 3.319 GiB, 35.73% gc time, 0.36% compilation time)
- [constraint_storage_line_pack]  0.000084 seconds (96 allocations: 6.023 KiB)
- [constraint_storages_invested_available]  0.002045 seconds (904 allocations: 49.602 KiB)
- [constraint_storages_invested_transition]  0.000896 seconds (4.04 k allocations: 208.912 KiB)
- [constraint_unit_flow_capacity]  0.617219 seconds (8.50 M allocations: 470.472 MiB)
- [constraint_unit_flow_op_bounds]  0.230240 seconds (2.47 M allocations: 134.016 MiB, 8.46% compilation time)
- [constraint_unit_flow_op_rank]  0.145947 seconds (1.93 M allocations: 109.220 MiB)
- [constraint_unit_flow_op_sum]  0.010862 seconds (88.62 k allocations: 7.014 MiB)
- [constraint_unit_lifetime] 15.892130 seconds (153.15 M allocations: 16.535 GiB, 33.39% gc time)
- [constraint_unit_state_transition]  0.019221 seconds (310.07 k allocations: 22.204 MiB)
- [constraint_units_available]  1.119699 seconds (15.33 M allocations: 778.448 MiB)
- [constraint_units_invested_available]  0.000954 seconds (3.03 k allocations: 175.700 KiB)
- [constraint_units_invested_transition]  0.011857 seconds (17.63 k allocations: 923.770 KiB)
- [constraint_units_out_of_service_contiguity]  0.000109 seconds (66 allocations: 3.320 KiB)
- [constraint_units_out_of_service_transition]  0.000085 seconds (95 allocations: 4.883 KiB)
- [constraint_user_constraint]  0.755143 seconds (4.30 M allocations: 255.668 MiB, 35.91% gc time, 9.69% compilation time)
 74.391300 seconds (690.23 M allocations: 68.131 GiB, 36.62% gc time, 0.31% compilation time)
Setting model objective...  1.140948 seconds (11.78 M allocations: 624.839 MiB, 28.17% gc time, 6.40% compilation time)
Build complete. Started at 2026-07-30T17:13:18.359, ended at 2026-07-30T17:15:51.645, elapsed time: 2 minutes, 33 seconds, 286 milliseconds
Solve started at 2026-07-30T17:15:51.645
Bringing model to the first window...  2.915397 seconds (36.56 M allocations: 1.789 GiB, 9.81% gc time)
model - window 1 of 12: 2019-01-01T00:00~(4 weeks, 2 days, 10 hours)~>2019-01-31T10:00
Optimizing model...Running HiGHS 1.14.0 (git hash: 7df0786de3): Copyright (c) 2026 under Apache 2.0 license terms
Using BLAS: blastrampoline-5
MIP has 119868 rows; 139893 cols; 309909 nonzeros; 2287 integer variables (0 binary)
Coefficient ranges:
  Matrix  [6e-03, 1e+05]
  Cost    [1e-03, 2e+09]
  Bound   [3e-01, 2e+04]
  RHS     [1e+00, 2e+03]
WARNING: Problem has some excessively large costs
WARNING:    Consider scaling the objective by 1e-4, or setting the user_objective_scale option to -12
Presolving model
57447 rows, 70648 cols, 200884 nonzeros 0s
38750 rows, 53424 cols, 189101 nonzeros 0s
36708 rows, 48585 cols, 180396 nonzeros 0s
Presolve reductions: rows 36708(-83160); columns 48585(-91308); nonzeros 180396(-129513)
Solving MIP model with:
   36708 rows
   48585 cols (1777 binary, 0 integer, 0 implied int., 46808 continuous, 0 domain fixed)
   180396 nonzeros
Src: B => Branching; C => Central rounding; F => Feasibility pump; H => Heuristic;
     I => Shifting; J => Feasibility jump; L => Sub-MIP; P => Empty MIP; R => Randomized rounding;
     S => Solve LP; T => Evaluate node; U => Unbounded; X => User solution; Y => HiGHS solution;
     Z => ZI Round; l => Trivial lower; p => Trivial point; u => Trivial upper; z => Trivial zero
        Nodes      |    B&B Tree     |            Objective Bounds              |  Dynamic Constraints |       Work
Src  Proc. InQueue |  Leaves   Expl. | BestBound       BestSol              Gap |   Cuts   InLp Confl. | LpIters     Time
         0       0         0   0.00%   -427997081.8136 inf                  inf        0      0      0         0     1.5s
         0       0         0   0.00%   -105698299.2451 inf                  inf        0      0      3     30332     8.6s
 R       0       0         0   0.00%   -105691187.6428 5.05494325e+11   100.02%    15664    462      6     32294    13.2s
 C       0       0         0   0.00%   -105690541.3837 -105690541.3837    0.00%     3819    512      6     32522    16.7s
         1       0         1 100.00%   -105690541.3837 -105690541.3837    0.00%     3819    512      6     32522    16.7s
Solving report
  Status            Optimal
  Primal bound      -105690541.384
  Dual bound        -105690541.384
  Gap               0% (tolerance: 0%)
  P-D integral      3.52526995761
  Solution status   feasible
                    -105690541.384 (objective)
                    0 (bound viol.)
                    1.33226762955e-15 (int. viol.)
                    0 (row viol.)
  Timing            16.74
  Max sub-MIP depth 0
  Nodes             1
  Repair LPs        0
  LP iterations     32522
                    0 (strong br.)
                    2190 (separation)
                    0 (heuristics)
 16.929476 seconds (868.29 k allocations: 121.449 MiB)
Optimal solution found, objective function value: -1.0569054138366131e8
Saving model results...  0.425124 seconds (4.27 M allocations: 149.144 MiB)
Postprocessing model results...  0.000096 seconds (48 allocations: 3.312 KiB)
Saving model outputs...  0.663435 seconds (2.76 M allocations: 170.359 MiB, 52.11% gc time)
Rolling model temporal structure...  0.519797 seconds (4.74 M allocations: 102.054 MiB)
Fixing model history...  0.045204 seconds (418.32 k allocations: 20.434 MiB)
Applying model non-anticipativity constraints...  0.000272 seconds (603 allocations: 32.203 KiB)
model - window 2 of 12: 2019-01-31T10:00~(4 weeks, 2 days, 10 hours)~>2019-03-02T20:00
Optimizing model...MIP has 119868 rows; 139893 cols; 309966 nonzeros; 2287 integer variables (0 binary)
Coefficient ranges:
  Matrix  [6e-03, 1e+05]
  Cost    [1e-03, 2e+09]
  Bound   [8e-03, 2e+04]
  RHS     [1e+00, 2e+03]
WARNING: Problem has some excessively large costs
WARNING:    Consider scaling the objective by 1e-4, or setting the user_objective_scale option to -12
Presolving model
78750 rows, 70758 cols, 220587 nonzeros 0s
37623 rows, 53398 cols, 181104 nonzeros 0s
35999 rows, 48404 cols, 175908 nonzeros 0s
Presolve reductions: rows 35999(-83869); columns 48404(-91489); nonzeros 175908(-134058)
Solving MIP model with:
   35999 rows
   48404 cols (1668 binary, 0 integer, 0 implied int., 46736 continuous, 0 domain fixed)
   175908 nonzeros
Src: B => Branching; C => Central rounding; F => Feasibility pump; H => Heuristic;
     I => Shifting; J => Feasibility jump; L => Sub-MIP; P => Empty MIP; R => Randomized rounding;
     S => Solve LP; T => Evaluate node; U => Unbounded; X => User solution; Y => HiGHS solution;
     Z => ZI Round; l => Trivial lower; p => Trivial point; u => Trivial upper; z => Trivial zero
        Nodes      |    B&B Tree     |            Objective Bounds              |  Dynamic Constraints |       Work
Src  Proc. InQueue |  Leaves   Expl. | BestBound       BestSol              Gap |   Cuts   InLp Confl. | LpIters     Time
         0       0         0   0.00%   -419832830.136  inf                  inf        0      0      0         0     1.4s
         0       0         0   0.00%   -92265490.87452 inf                  inf        0      0      2     27891     5.5s
 R       0       0         0   0.00%   -92260251.64013 -92260250.54128    0.00%     8242    357      7     29449    11.8s
98.6% inactive integer columns, restarting
Model after restart has 30644 rows, 39320 cols (1 bin., 0 int., 0 impl., 39319 cont., 0 dom.fix.), and 122377 nonzeros
         0       0         0   0.00%   -92260251.64013 -92260250.54128    0.00%       23      0      0     30910    13.5s
         0       0         0   0.00%   -92260251.64013 -92260250.54128    0.00%       23      2      0     31166    13.9s
         1       0         1 100.00%   -92260250.54471 -92260250.54128    0.00%       23      2      1     31266    15.9s
Solving report
  Status            Optimal
  Primal bound      -92260250.5413
  Dual bound        -92260250.5447
  Gap               0% (tolerance: 0%)
  P-D integral      4.97092900396e-08
  Solution status   feasible
                    -92260250.5413 (objective)
                    0 (bound viol.)
                    2.55351295664e-15 (int. viol.)
                    0 (row viol.)
  Timing            15.92
  Max sub-MIP depth 0
  Nodes             1
  Repair LPs        0
  LP iterations     31266
                    0 (strong br.)
                    1558 (separation)
                    1559 (heuristics)
 15.948879 seconds (135 allocations: 5.609 KiB)
Optimal solution found, objective function value: -9.226025054128444e7
Saving model results...  0.346178 seconds (4.27 M allocations: 149.139 MiB)
Postprocessing model results...  0.000064 seconds (48 allocations: 3.312 KiB)
Saving model outputs...  0.281180 seconds (2.76 M allocations: 170.350 MiB)
Rolling model temporal structure...  0.514621 seconds (4.74 M allocations: 102.043 MiB)
Fixing model history...  0.042410 seconds (413.88 k allocations: 20.191 MiB)
Applying model non-anticipativity constraints...  0.000126 seconds (603 allocations: 32.203 KiB)
model - window 3 of 12: 2019-03-02T20:00~(4 weeks, 2 days, 10 hours)~>2019-04-02T06:00
Optimal solution found, objective function value: -1.0124451825053386e8
Optimizing model...MIP has 119868 rows; 139893 cols; 310029 nonzeros; 2287 integer variables (0 binary)
Coefficient ranges:
  Matrix  [6e-03, 1e+05]
  Cost    [1e-03, 2e+09]
  Bound   [8e-03, 2e+04]
  RHS     [1e+00, 2e+03]
WARNING: Problem has some excessively large costs
WARNING:    Consider scaling the objective by 1e-4, or setting the user_objective_scale option to -12
Presolving model
78876 rows, 70884 cols, 220839 nonzeros 0s
37623 rows, 53461 cols, 181167 nonzeros 0s
36021 rows, 48597 cols, 176123 nonzeros 0s
Presolve reductions: rows 36021(-83847); columns 48597(-91296); nonzeros 176123(-133906)
Solving MIP model with:
   36021 rows
   48597 cols (1668 binary, 0 integer, 0 implied int., 46929 continuous, 0 domain fixed)
   176123 nonzeros
Src: B => Branching; C => Central rounding; F => Feasibility pump; H => Heuristic;
     I => Shifting; J => Feasibility jump; L => Sub-MIP; P => Empty MIP; R => Randomized rounding;
     S => Solve LP; T => Evaluate node; U => Unbounded; X => User solution; Y => HiGHS solution;
     Z => ZI Round; l => Trivial lower; p => Trivial point; u => Trivial upper; z => Trivial zero
        Nodes      |    B&B Tree     |            Objective Bounds              |  Dynamic Constraints |       Work
Src  Proc. InQueue |  Leaves   Expl. | BestBound       BestSol              Gap |   Cuts   InLp Confl. | LpIters     Time
         0       0         0   0.00%   -383169978.4075 inf                  inf        0      0      0         0     1.4s
         0       0         0   0.00%   -101249292.9722 inf                  inf        0      0      3     29747     7.3s
 R       0       0         0   0.00%   -101244518.2505 -101244518.2505    0.00%    14414    387      6     31507    11.5s
         1       0         1 100.00%   -101244518.2505 -101244518.2505    0.00%    14414    387      6     31507    19.0s
Solving report
  Status            Optimal
  Primal bound      -101244518.251
  Dual bound        -101244518.251
  Gap               0% (tolerance: 0%)
  P-D integral      2.7750272868e-13
  Solution status   feasible
                    -101244518.251 (objective)
                    0 (bound viol.)
                    5.55111512313e-16 (int. viol.)
                    0 (row viol.)
  Timing            18.96
  Max sub-MIP depth 0
  Nodes             1
  Repair LPs        1 (1 feasible; 27610 iterations)
  LP iterations     31507
                    0 (strong br.)
                    1760 (separation)
                    0 (heuristics)
 18.991581 seconds (37 allocations: 1.453 KiB)
Saving model results...  0.366111 seconds (4.27 M allocations: 149.139 MiB)
Postprocessing model results...  0.000045 seconds (48 allocations: 3.312 KiB)
Saving model outputs...  0.292005 seconds (2.76 M allocations: 170.350 MiB)
Rolling model temporal structure...  0.532009 seconds (4.74 M allocations: 102.042 MiB)
Fixing model history...  0.049681 seconds (413.88 k allocations: 20.191 MiB)
Applying model non-anticipativity constraints...  0.000141 seconds (603 allocations: 32.203 KiB)
model - window 4 of 12: 2019-04-02T06:00~(4 weeks, 2 days, 10 hours)~>2019-05-02T16:00
Optimizing model...MIP has 119868 rows; 139893 cols; 310112 nonzeros; 2287 integer variables (0 binary)
Coefficient ranges:
  Matrix  [6e-03, 1e+05]
  Cost    [1e-03, 2e+09]
  Bound   [2e-15, 2e+04]
  RHS     [1e+00, 2e+03]
WARNING: Problem has some excessively large costs
WARNING: Problem has some excessively small column bounds
WARNING:    Consider scaling the objective by 1e-4, or setting the user_objective_scale option to -12
Presolving model
79042 rows, 71050 cols, 221171 nonzeros 0s
37623 rows, 53544 cols, 181250 nonzeros 0s
36170 rows, 49167 cols, 176813 nonzeros 0s
Presolve reductions: rows 36170(-83698); columns 49167(-90726); nonzeros 176813(-133299)
Solving MIP model with:
   36170 rows
   49167 cols (1667 binary, 0 integer, 0 implied int., 47500 continuous, 0 domain fixed)
   176813 nonzeros
Src: B => Branching; C => Central rounding; F => Feasibility pump; H => Heuristic;
     I => Shifting; J => Feasibility jump; L => Sub-MIP; P => Empty MIP; R => Randomized rounding;
     S => Solve LP; T => Evaluate node; U => Unbounded; X => User solution; Y => HiGHS solution;
     Z => ZI Round; l => Trivial lower; p => Trivial point; u => Trivial upper; z => Trivial zero
        Nodes      |    B&B Tree     |            Objective Bounds              |  Dynamic Constraints |       Work
Src  Proc. InQueue |  Leaves   Expl. | BestBound       BestSol              Gap |   Cuts   InLp Confl. | LpIters     Time
         0       0         0   0.00%   -382599365.1952 inf                  inf        0      0      0         0     1.5s
         0       0         0   0.00%   -44732691.23067 inf                  inf        0      0      3     30388     7.2s
 R       0       0         0   0.00%   -44727759.61961 -44727250.43771    0.00%    14972    464      6     32518    10.9s
         0       0         0   0.00%   -44727759.61961 -44727250.43771    0.00%    14972    411      6     62127    62.5s
56.7% inactive integer columns, restarting
Model after restart has 32592 rows, 39556 cols (608 bin., 0 int., 0 impl., 38948 cont., 0 dom.fix.), and 137658 nonzeros
         0       0         0   0.00%   -44727759.61961 -44727250.43771    0.00%      211      0      0     62127    63.1s
         0       0         0   0.00%   -44727759.60454 -44727250.43771    0.00%      211    154      3     67334    65.9s
80.1% inactive integer columns, restarting
Model after restart has 31665 rows, 39029 cols (81 bin., 0 int., 0 impl., 38948 cont., 0 dom.fix.), and 125576 nonzeros
         0       0         0   0.00%   -44727436.7978  -44727250.43771    0.00%       67      0      0     67404    67.4s
33.3% inactive integer columns, restarting
Model after restart has 31559 rows, 38992 cols (44 bin., 0 int., 0 impl., 38948 cont., 0 dom.fix.), and 124620 nonzeros
         0       0         0   0.00%   -44727436.7978  -44727250.43771    0.00%       53      0      0     69536    69.2s
70.5% inactive integer columns, restarting
Model after restart has 31466 rows, 38960 cols (12 bin., 0 int., 0 impl., 38948 cont., 0 dom.fix.), and 123915 nonzeros
         0       0         0   0.00%   -44727436.7978  -44727250.43771    0.00%       42      0      0     70722    70.5s
         0       0         0   0.00%   -44727436.7978  -44727250.43771    0.00%       42     42      0     70783    70.8s
16.7% inactive integer columns, restarting
Model after restart has 31461 rows, 38958 cols (10 bin., 0 int., 0 impl., 38948 cont., 0 dom.fix.), and 123899 nonzeros
         0       0         0   0.00%   -44727426.25929 -44727250.43771    0.00%       41      0      0     70786    74.7s
         0       0         0   0.00%   -44727426.25929 -44727250.43771    0.00%       41     41      0     70856    75.0s
20.0% inactive integer columns, restarting
Model after restart has 31460 rows, 38956 cols (8 bin., 0 int., 0 impl., 38948 cont., 0 dom.fix.), and 123887 nonzeros
         0       0         0   0.00%   -44727411.48829 -44727250.43771    0.00%       43      0      0     70862    80.0s
         0       0         0   0.00%   -44727411.48829 -44727250.43771    0.00%       43     43      0     70943    80.5s
37.5% inactive integer columns, restarting
Model after restart has 31450 rows, 38953 cols (5 bin., 0 int., 0 impl., 38948 cont., 0 dom.fix.), and 123842 nonzeros
         0       0         0   0.00%   -44727335.38242 -44727250.43771    0.00%       41      0      0     70947    83.1s
         0       0         0   0.00%   -44727335.38242 -44727250.43771    0.00%       41     41      0     71114    83.4s
         1       0         1 100.00%   -44727250.43771 -44727250.43771    0.00%     2401     45      0     71118    88.1s
Solving report
  Status            Optimal
  Primal bound      -44727250.4377
  Dual bound        -44727250.4377
  Gap               0% (tolerance: 0%)
  P-D integral      0.00071264326734
  Solution status   feasible
                    -44727250.4377 (objective)
                    0 (bound viol.)
                    1.99840144433e-15 (int. viol.)
                    0 (row viol.)
  Timing            88.15
  Max sub-MIP depth 3
  Nodes             1
  Repair LPs        0
  LP iterations     71118
                    0 (strong br.)
                    2217 (separation)
                    29609 (heuristics)
 88.174450 seconds (275 allocations: 11.547 KiB)
Optimal solution found, objective function value: -4.472725043771343e7
Saving model results...  0.705595 seconds (4.27 M allocations: 149.139 MiB, 48.49% gc time)
Postprocessing model results...  0.000049 seconds (48 allocations: 3.312 KiB)
Saving model outputs...  0.297301 seconds (2.76 M allocations: 170.350 MiB)
Rolling model temporal structure...  0.502062 seconds (4.74 M allocations: 102.043 MiB)
Fixing model history...  0.041467 seconds (413.88 k allocations: 20.191 MiB)
Applying model non-anticipativity constraints...  0.000114 seconds (603 allocations: 32.203 KiB)
model - window 5 of 12: 2019-05-02T16:00~(4 weeks, 2 days, 10 hours)~>2019-06-02T02:00
Optimizing model...MIP has 119868 rows; 139893 cols; 310164 nonzeros; 2287 integer variables (0 binary)
Coefficient ranges:
  Matrix  [6e-03, 1e+05]
  Cost    [1e-03, 2e+09]
  Bound   [4e-16, 2e+04]
  RHS     [1e+00, 2e+03]
WARNING: Problem has some excessively large costs
WARNING: Problem has some excessively small column bounds
WARNING:    Consider scaling the objective by 1e-4, or setting the user_objective_scale option to -12
Presolving model
79146 rows, 71154 cols, 221379 nonzeros 0s
37623 rows, 53596 cols, 181302 nonzeros 0s
36214 rows, 49347 cols, 177066 nonzeros 0s
Presolve reductions: rows 36214(-83654); columns 49347(-90546); nonzeros 177066(-133098)
Solving MIP model with:
   36214 rows
   49347 cols (1668 binary, 0 integer, 0 implied int., 47679 continuous, 0 domain fixed)
   177066 nonzeros
Src: B => Branching; C => Central rounding; F => Feasibility pump; H => Heuristic;
     I => Shifting; J => Feasibility jump; L => Sub-MIP; P => Empty MIP; R => Randomized rounding;
     S => Solve LP; T => Evaluate node; U => Unbounded; X => User solution; Y => HiGHS solution;
     Z => ZI Round; l => Trivial lower; p => Trivial point; u => Trivial upper; z => Trivial zero
        Nodes      |    B&B Tree     |            Objective Bounds              |  Dynamic Constraints |       Work
Src  Proc. InQueue |  Leaves   Expl. | BestBound       BestSol              Gap |   Cuts   InLp Confl. | LpIters     Time
         0       0         0   0.00%   -375277740.9414 inf                  inf        0      0      0         0     1.4s
         0       0         0   0.00%   -49712978.42536 inf                  inf        0      0      3     28844     7.5s
 R       0       0         0   0.00%   -49712245.244   2.09521305e+12   100.00%    10152    245      3     30328    11.7s
 C       0       0         0   0.00%   -49707374.1979  -49707345.0879     0.00%     2903    496      3     31169    15.6s
 T       0       0         0   0.00%   -49707374.1979  -49707374.1979     0.00%     2903    496      3     31169    15.7s
         1       0         1 100.00%   -49707374.1979  -49707374.1979     0.00%     2903    496      3     31169    15.7s
Solving report
  Status            Optimal
  Primal bound      -49707374.1979
  Dual bound        -49707374.1979
  Gap               0% (tolerance: 0%)
  P-D integral      3.89625926689
  Solution status   feasible
                    -49707374.1979 (objective)
                    0 (bound viol.)
                    3.08642000846e-14 (int. viol.)
                    0 (row viol.)
  Timing            15.67
  Max sub-MIP depth 0
  Nodes             1
  Repair LPs        0
  LP iterations     31169
                    0 (strong br.)
                    2325 (separation)
                    0 (heuristics)
 15.700601 seconds (58 allocations: 2.344 KiB)
Optimal solution found, objective function value: -4.970737419790074e7
Saving model results...  0.349073 seconds (4.27 M allocations: 149.139 MiB)
Postprocessing model results...  0.000039 seconds (48 allocations: 3.312 KiB)
Saving model outputs...  0.298037 seconds (2.76 M allocations: 170.351 MiB)
Rolling model temporal structure...  0.535822 seconds (4.74 M allocations: 102.043 MiB)
Fixing model history...  0.048967 seconds (413.88 k allocations: 20.191 MiB)
Applying model non-anticipativity constraints...  0.000153 seconds (603 allocations: 32.203 KiB)
model - window 6 of 12: 2019-06-02T02:00~(4 weeks, 2 days, 10 hours)~>2019-07-02T12:00
Optimizing model...MIP has 119868 rows; 139893 cols; 310176 nonzeros; 2287 integer variables (0 binary)
Coefficient ranges:
  Matrix  [6e-03, 1e+05]
  Cost    [1e-03, 2e+09]
  Bound   [1e-16, 2e+04]
  RHS     [1e+00, 2e+03]
WARNING: Problem has some excessively large costs
WARNING: Problem has some excessively small column bounds
WARNING:    Consider scaling the objective by 1e-4, or setting the user_objective_scale option to -12
Presolving model
79170 rows, 71178 cols, 221427 nonzeros 0s
37623 rows, 53608 cols, 181314 nonzeros 0s
36222 rows, 49422 cols, 177103 nonzeros 0s
Presolve reductions: rows 36222(-83646); columns 49422(-90471); nonzeros 177103(-133073)
Solving MIP model with:
   36222 rows
   49422 cols (1667 binary, 0 integer, 0 implied int., 47755 continuous, 0 domain fixed)
   177103 nonzeros
Src: B => Branching; C => Central rounding; F => Feasibility pump; H => Heuristic;
     I => Shifting; J => Feasibility jump; L => Sub-MIP; P => Empty MIP; R => Randomized rounding;
     S => Solve LP; T => Evaluate node; U => Unbounded; X => User solution; Y => HiGHS solution;
     Z => ZI Round; l => Trivial lower; p => Trivial point; u => Trivial upper; z => Trivial zero
        Nodes      |    B&B Tree     |            Objective Bounds              |  Dynamic Constraints |       Work
Src  Proc. InQueue |  Leaves   Expl. | BestBound       BestSol              Gap |   Cuts   InLp Confl. | LpIters     Time
         0       0         0   0.00%   -391759410.6671 inf                  inf        0      0      0         0     1.4s
         0       0         0   0.00%   -45044795.6165  inf                  inf        0      0      3     29916     7.4s
 R       0       0         0   0.00%   -45039792.79261 -45039792.79261    0.00%    17225    461      6     32222    11.3s
         1       0         1 100.00%   -45039792.79261 -45039792.79261    0.00%    17225    461      6     32222    11.3s
Solving report
  Status            Optimal
  Primal bound      -45039792.7926
  Dual bound        -45039792.7926
  Gap               0% (tolerance: 0%)
  P-D integral      0
  Solution status   feasible
                    -45039792.7926 (objective)
                    0 (bound viol.)
                    2.44249065418e-15 (int. viol.)
                    0 (row viol.)
  Timing            11.32
  Max sub-MIP depth 0
  Nodes             1
  Repair LPs        0
  LP iterations     32222
                    0 (strong br.)
                    2306 (separation)
                    0 (heuristics)
 11.344151 seconds (37 allocations: 1.453 KiB)
Optimal solution found, objective function value: -4.503979279260974e7
Saving model results...  0.350330 seconds (4.27 M allocations: 149.138 MiB)
Postprocessing model results...  0.000034 seconds (48 allocations: 3.312 KiB)
Saving model outputs...  0.775948 seconds (2.76 M allocations: 170.350 MiB, 62.79% gc time)
Rolling model temporal structure...  0.514971 seconds (4.74 M allocations: 102.043 MiB)
Fixing model history...  0.039884 seconds (413.88 k allocations: 20.191 MiB)
Applying model non-anticipativity constraints...  0.000127 seconds (603 allocations: 32.203 KiB)
model - window 7 of 12: 2019-07-02T12:00~(4 weeks, 2 days, 10 hours)~>2019-08-01T22:00
Optimizing model...MIP has 119868 rows; 139893 cols; 310173 nonzeros; 2287 integer variables (0 binary)
Coefficient ranges:
  Matrix  [6e-03, 1e+05]
  Cost    [1e-03, 2e+09]
  Bound   [1e-16, 2e+04]
  RHS     [1e+00, 2e+03]
WARNING: Problem has some excessively large costs
WARNING: Problem has some excessively small column bounds
WARNING:    Consider scaling the objective by 1e-4, or setting the user_objective_scale option to -12
Presolving model
79164 rows, 71172 cols, 221415 nonzeros 0s
37623 rows, 53605 cols, 181311 nonzeros 0s
36236 rows, 49445 cols, 177186 nonzeros 0s
Presolve reductions: rows 36236(-83632); columns 49445(-90448); nonzeros 177186(-132987)
Solving MIP model with:
   36236 rows
   49445 cols (1668 binary, 0 integer, 0 implied int., 47777 continuous, 0 domain fixed)
   177186 nonzeros
Src: B => Branching; C => Central rounding; F => Feasibility pump; H => Heuristic;
     I => Shifting; J => Feasibility jump; L => Sub-MIP; P => Empty MIP; R => Randomized rounding;
     S => Solve LP; T => Evaluate node; U => Unbounded; X => User solution; Y => HiGHS solution;
     Z => ZI Round; l => Trivial lower; p => Trivial point; u => Trivial upper; z => Trivial zero
        Nodes      |    B&B Tree     |            Objective Bounds              |  Dynamic Constraints |       Work
Src  Proc. InQueue |  Leaves   Expl. | BestBound       BestSol              Gap |   Cuts   InLp Confl. | LpIters     Time
         0       0         0   0.00%   -411090581.1669 inf                  inf        0      0      0         0     1.4s
         0       0         0   0.00%   -40692364.07478 inf                  inf        0      0      3     32711    12.7s
 R       0       0         0   0.00%   -40686853.94232 -40686344.5703     0.00%    15473    536      6     33617    16.7s
         0       0         0   0.00%   -40686853.94232 -40686344.5703     0.00%    15473    426      6     61230    32.9s
84.1% inactive integer columns, restarting
Model after restart has 31716 rows, 39013 cols (160 bin., 0 int., 0 impl., 38853 cont., 0 dom.fix.), and 126838 nonzeros
         0       0         0   0.00%   -40686853.94232 -40686344.5703     0.00%       97      0      0     61230    33.4s
         0       0         0   0.00%   -40686853.90834 -40686344.5703     0.00%       97     87      0     62269    34.4s
         1       0         1 100.00%   -40686344.5703  -40686344.5703     0.00%     3400    103      0     62309    35.9s
Solving report
  Status            Optimal
  Primal bound      -40686344.5703
  Dual bound        -40686344.5703
  Gap               0% (tolerance: 0%)
  P-D integral      0.000241067774177
  Solution status   feasible
                    -40686344.5703 (objective)
                    0 (bound viol.)
                    3.44169137634e-15 (int. viol.)
                    0 (row viol.)
  Timing            35.90
  Max sub-MIP depth 1
  Nodes             1
  Repair LPs        0
  LP iterations     62309
                    0 (strong br.)
                    946 (separation)
                    27613 (heuristics)
 35.923364 seconds (100 allocations: 4.125 KiB)
Optimal solution found, objective function value: -4.068634457029725e7
Saving model results...  0.349955 seconds (4.27 M allocations: 149.139 MiB)
Postprocessing model results...  0.000069 seconds (48 allocations: 3.312 KiB)
Saving model outputs...  0.293968 seconds (2.76 M allocations: 170.350 MiB)
Rolling model temporal structure...  0.522828 seconds (4.74 M allocations: 102.043 MiB)
Fixing model history...  0.042490 seconds (413.88 k allocations: 20.191 MiB)
Applying model non-anticipativity constraints...  0.000140 seconds (603 allocations: 32.203 KiB)
model - window 8 of 12: 2019-08-01T22:00~(4 weeks, 2 days, 10 hours)~>2019-09-01T08:00
Optimizing model...MIP has 119868 rows; 139893 cols; 310126 nonzeros; 2287 integer variables (0 binary)
Coefficient ranges:
  Matrix  [6e-03, 1e+05]
  Cost    [1e-03, 2e+09]
  Bound   [4e-03, 2e+04]
  RHS     [1e+00, 2e+03]
WARNING: Problem has some excessively large costs
WARNING:    Consider scaling the objective by 1e-4, or setting the user_objective_scale option to -12
Presolving model
79070 rows, 71078 cols, 221227 nonzeros 0s
37639 rows, 53570 cols, 181412 nonzeros 0s
36205 rows, 49256 cols, 177096 nonzeros 0s
Presolve reductions: rows 36205(-83663); columns 49256(-90637); nonzeros 177096(-133030)
Solving MIP model with:
   36205 rows
   49256 cols (1672 binary, 0 integer, 0 implied int., 47584 continuous, 0 domain fixed)
   177096 nonzeros
Src: B => Branching; C => Central rounding; F => Feasibility pump; H => Heuristic;
     I => Shifting; J => Feasibility jump; L => Sub-MIP; P => Empty MIP; R => Randomized rounding;
     S => Solve LP; T => Evaluate node; U => Unbounded; X => User solution; Y => HiGHS solution;
     Z => ZI Round; l => Trivial lower; p => Trivial point; u => Trivial upper; z => Trivial zero
        Nodes      |    B&B Tree     |            Objective Bounds              |  Dynamic Constraints |       Work
Src  Proc. InQueue |  Leaves   Expl. | BestBound       BestSol              Gap |   Cuts   InLp Confl. | LpIters     Time
         0       0         0   0.00%   -399659476.3329 inf                  inf        0      0      0         0     1.4s
         0       0         0   0.00%   -35222905.82357 inf                  inf        0      0      2     28792     7.2s
 R       0       0         0   0.00%   -35217994.0397  -35217818.35155    0.00%    13452    450      5     30454    10.7s
         0       0         0   0.00%   -35217994.0397  -35217818.35155    0.00%    13452    371      5     56778    23.9s
93.1% inactive integer columns, restarting
Model after restart has 31570 rows, 38810 cols (51 bin., 0 int., 0 impl., 38759 cont., 0 dom.fix.), and 124276 nonzeros
         0       0         0   0.00%   -35217994.0397  -35217818.35155    0.00%       44      0      0     56778    24.2s
         0       0         0   0.00%   -35217994.03082 -35217818.35155    0.00%       44     39      0     57336    24.9s
70.6% inactive integer columns, restarting
Model after restart has 31439 rows, 38762 cols (10 bin., 0 int., 0 impl., 38752 cont., 0 dom.fix.), and 123677 nonzeros
         0       0         0   0.00%   -35217869.81419 -35217818.35155    0.00%       31      0      0     57352    27.6s
         0       0         0   0.00%   -35217869.81419 -35217818.35155    0.00%       31     31      0     57666    28.1s
20.0% inactive integer columns, restarting
Model after restart has 31435 rows, 38759 cols (8 bin., 0 int., 0 impl., 38751 cont., 0 dom.fix.), and 123678 nonzeros
         0       0         0   0.00%   -35217854.55615 -35217818.35155    0.00%       35      0      0     57672    32.1s
         0       0         0   0.00%   -35217854.55615 -35217818.35155    0.00%       35     35      0     57716    32.3s
12.5% inactive integer columns, restarting
Model after restart has 31434 rows, 38758 cols (7 bin., 0 int., 0 impl., 38751 cont., 0 dom.fix.), and 123673 nonzeros
         0       0         0   0.00%   -35217852.46322 -35217818.35155    0.00%       36      0      0     57717    33.8s
         0       0         0   0.00%   -35217852.46322 -35217818.35155    0.00%       36     36      0     57765    34.1s
14.3% inactive integer columns, restarting
Model after restart has 31433 rows, 38756 cols (5 bin., 0 int., 0 impl., 38751 cont., 0 dom.fix.), and 123670 nonzeros
         0       0         0   0.00%   -35217848.27735 -35217818.35155    0.00%       38      0      0     57767    37.1s
         0       0         0   0.00%   -35217848.27735 -35217818.35155    0.00%       38     38      0     57818    37.4s
20.0% inactive integer columns, restarting
Model after restart has 31424 rows, 38750 cols (4 bin., 0 int., 0 impl., 38746 cont., 0 dom.fix.), and 123645 nonzeros
         0       0         0   0.00%   -35217846.18441 -35217818.35155    0.00%       39      0      0     57828    38.9s
         0       0         0   0.00%   -35217846.18441 -35217818.35155    0.00%       39     39      0     59735    40.4s
         0       0         0   0.00%   -35217837.81267 -35217818.35155    0.00%     3713     44      0     59740    45.5s
         0       0         0   0.00%   -35217827.34799 -35217818.35155    0.00%     5993     49      0     59745    51.7s
25.0% inactive integer columns, restarting
Model after restart has 31317 rows, 38749 cols (3 bin., 0 int., 0 impl., 38746 cont., 0 dom.fix.), and 123325 nonzeros
         0       0         0   0.00%   -35217827.34799 -35217818.35155    0.00%       33      0      0     59745    51.9s
         0       0         0   0.00%   -35217827.34799 -35217818.35155    0.00%       33     33      0     59915    52.3s
33.3% inactive integer columns, restarting
Model after restart has 31316 rows, 38747 cols (1 bin., 0 int., 0 impl., 38746 cont., 0 dom.fix.), and 123322 nonzeros
        Nodes      |    B&B Tree     |            Objective Bounds              |  Dynamic Constraints |       Work
Src  Proc. InQueue |  Leaves   Expl. | BestBound       BestSol              Gap |   Cuts   InLp Confl. | LpIters     Time
         0       0         0   0.00%   -35217827.3176  -35217818.35155    0.00%       33      0      0     59916    53.8s
         0       0         0   0.00%   -35217827.3176  -35217818.35155    0.00%       33     33      0     59962    54.0s
         1       0         1 100.00%   -35217818.35155 -35217818.35155    0.00%     3644     38      0     59972    60.3s
Solving report
  Status            Optimal
  Primal bound      -35217818.3516
  Dual bound        -35217818.3516
  Gap               0% (tolerance: 0%)
  P-D integral      0.000104706027944
  Solution status   feasible
                    -35217818.3516 (objective)
                    0 (bound viol.)
                    1.66533453694e-15 (int. viol.)
                    0 (row viol.)
  Timing            60.29
  Max sub-MIP depth 1
  Nodes             1
  Repair LPs        0
  LP iterations     59972
                    0 (strong br.)
                    1718 (separation)
                    26324 (heuristics)
 60.325813 seconds (394 allocations: 16.594 KiB)
Optimal solution found, objective function value: -3.521781835155491e7
Saving model results...  0.362980 seconds (4.27 M allocations: 149.139 MiB)
Postprocessing model results...  0.000036 seconds (48 allocations: 3.312 KiB)
Saving model outputs...  3.285748 seconds (2.76 M allocations: 170.350 MiB, 91.46% gc time)
Rolling model temporal structure...  0.518061 seconds (4.74 M allocations: 102.043 MiB)
Fixing model history...  0.041324 seconds (413.88 k allocations: 20.191 MiB)
Applying model non-anticipativity constraints...  0.000102 seconds (603 allocations: 32.203 KiB)
model - window 9 of 12: 2019-09-01T08:00~(4 weeks, 2 days, 10 hours)~>2019-10-01T18:00
Optimizing model...MIP has 119868 rows; 139893 cols; 310068 nonzeros; 2287 integer variables (0 binary)
Coefficient ranges:
  Matrix  [6e-03, 1e+05]
  Cost    [1e-03, 2e+09]
  Bound   [3e-15, 2e+04]
  RHS     [1e+00, 2e+03]
WARNING: Problem has some excessively large costs
WARNING: Problem has some excessively small column bounds
WARNING:    Consider scaling the objective by 1e-4, or setting the user_objective_scale option to -12
Presolving model
78954 rows, 70962 cols, 220995 nonzeros 0s
37623 rows, 53500 cols, 181206 nonzeros 0s
36097 rows, 48833 cols, 176435 nonzeros 0s
Presolve reductions: rows 36097(-83771); columns 48833(-91060); nonzeros 176435(-133633)
Solving MIP model with:
   36097 rows
   48833 cols (1668 binary, 0 integer, 0 implied int., 47165 continuous, 0 domain fixed)
   176435 nonzeros
Src: B => Branching; C => Central rounding; F => Feasibility pump; H => Heuristic;
     I => Shifting; J => Feasibility jump; L => Sub-MIP; P => Empty MIP; R => Randomized rounding;
     S => Solve LP; T => Evaluate node; U => Unbounded; X => User solution; Y => HiGHS solution;
     Z => ZI Round; l => Trivial lower; p => Trivial point; u => Trivial upper; z => Trivial zero
        Nodes      |    B&B Tree     |            Objective Bounds              |  Dynamic Constraints |       Work
Src  Proc. InQueue |  Leaves   Expl. | BestBound       BestSol              Gap |   Cuts   InLp Confl. | LpIters     Time
         0       0         0   0.00%   -371351514.597  inf                  inf        0      0      0         0     1.4s
 R       0       0         0   0.00%   -74355357.81702 1.21499085e+12   100.01%        0      0      0     30162     9.9s
 C       0       0         0   0.00%   -74350329.85835 -74350279.69835    0.00%     4413    483      0     32697    15.7s
 T       0       0         0   0.00%   -74350329.85835 -74350329.85835    0.00%     4413    483      0     32697    15.7s
         1       0         1 100.00%   -74350329.85835 -74350329.85835    0.00%     4413    483      0     32697    15.7s
Solving report
  Status            Optimal
  Primal bound      -74350329.8583
  Dual bound        -74350329.8583
  Gap               0% (tolerance: 0%)
  P-D integral      5.76461974702
  Solution status   feasible
                    -74350329.8583 (objective)
                    0 (bound viol.)
                    5.10539166498e-12 (int. viol.)
                    0 (row viol.)
  Timing            15.69
  Max sub-MIP depth 0
  Nodes             1
  Repair LPs        0
  LP iterations     32697
                    0 (strong br.)
                    2535 (separation)
                    0 (heuristics)
 15.722920 seconds (58 allocations: 2.344 KiB)
Optimal solution found, objective function value: -7.435032985834768e7
Saving model results...  0.336222 seconds (4.27 M allocations: 149.139 MiB)
Postprocessing model results...  0.000041 seconds (48 allocations: 3.312 KiB)
Saving model outputs...  0.286723 seconds (2.76 M allocations: 170.350 MiB)
Rolling model temporal structure...  0.516826 seconds (4.74 M allocations: 102.043 MiB)
Fixing model history...  0.041800 seconds (413.88 k allocations: 20.191 MiB)
Applying model non-anticipativity constraints...  0.000102 seconds (603 allocations: 32.203 KiB)
model - window 10 of 12: 2019-10-01T18:00~(4 weeks, 2 days, 10 hours)~>2019-11-01T04:00
Optimizing model...MIP has 119868 rows; 139893 cols; 310000 nonzeros; 2287 integer variables (0 binary)
Coefficient ranges:
  Matrix  [6e-03, 1e+05]
  Cost    [1e-03, 2e+09]
  Bound   [2e-15, 2e+04]
  RHS     [1e+00, 2e+03]
WARNING: Problem has some excessively large costs
WARNING: Problem has some excessively small column bounds
WARNING:    Consider scaling the objective by 1e-4, or setting the user_objective_scale option to -12
Presolving model
78818 rows, 70826 cols, 220723 nonzeros 0s
37623 rows, 53432 cols, 181138 nonzeros 0s
36054 rows, 48584 cols, 176143 nonzeros 0s
Presolve reductions: rows 36054(-83814); columns 48584(-91309); nonzeros 176143(-133857)
Solving MIP model with:
   36054 rows
   48584 cols (1668 binary, 0 integer, 0 implied int., 46916 continuous, 0 domain fixed)
   176143 nonzeros
Src: B => Branching; C => Central rounding; F => Feasibility pump; H => Heuristic;
     I => Shifting; J => Feasibility jump; L => Sub-MIP; P => Empty MIP; R => Randomized rounding;
     S => Solve LP; T => Evaluate node; U => Unbounded; X => User solution; Y => HiGHS solution;
     Z => ZI Round; l => Trivial lower; p => Trivial point; u => Trivial upper; z => Trivial zero
        Nodes      |    B&B Tree     |            Objective Bounds              |  Dynamic Constraints |       Work
Src  Proc. InQueue |  Leaves   Expl. | BestBound       BestSol              Gap |   Cuts   InLp Confl. | LpIters     Time
         0       0         0   0.00%   -381108819.4478 inf                  inf        0      0      0         0     1.4s
         0       0         0   0.00%   -62179925.83966 inf                  inf        0      0      2     29592     6.8s
 R       0       0         0   0.00%   -62174389.46928 -62174389.46928    0.00%    17336    401      5     31329    10.2s
         1       0         1 100.00%   -62174389.46928 -62174389.46928    0.00%    17336    401      5     31329    10.3s
Solving report
  Status            Optimal
  Primal bound      -62174389.4693
  Dual bound        -62174389.4693
  Gap               0% (tolerance: 0%)
  P-D integral      0
  Solution status   feasible
                    -62174389.4693 (objective)
                    0 (bound viol.)
                    8.881784197e-16 (int. viol.)
                    0 (row viol.)
  Timing            10.27
  Max sub-MIP depth 0
  Nodes             1
  Repair LPs        0
  LP iterations     31329
                    0 (strong br.)
                    1737 (separation)
                    0 (heuristics)
 10.296828 seconds (37 allocations: 1.453 KiB)
Optimal solution found, objective function value: -6.217438946927782e7
Saving model results...  0.331897 seconds (4.27 M allocations: 149.139 MiB)
Postprocessing model results...  0.000035 seconds (48 allocations: 3.312 KiB)
Saving model outputs...  0.295391 seconds (2.76 M allocations: 170.350 MiB)
Rolling model temporal structure...  0.543361 seconds (4.74 M allocations: 102.043 MiB)
Fixing model history...  0.049392 seconds (413.88 k allocations: 20.191 MiB)
Applying model non-anticipativity constraints...  0.000172 seconds (603 allocations: 32.203 KiB)
model - window 11 of 12: 2019-11-01T04:00~(4 weeks, 2 days, 10 hours)~>2019-12-01T14:00
Optimizing model...MIP has 119868 rows; 139893 cols; 309934 nonzeros; 2287 integer variables (0 binary)
Coefficient ranges:
  Matrix  [6e-03, 1e+05]
  Cost    [1e-03, 2e+09]
  Bound   [3e-15, 2e+04]
  RHS     [1e+00, 2e+03]
WARNING: Problem has some excessively large costs
WARNING: Problem has some excessively small column bounds
WARNING:    Consider scaling the objective by 1e-4, or setting the user_objective_scale option to -12
Presolving model
78686 rows, 70694 cols, 220459 nonzeros 0s
37623 rows, 53366 cols, 181072 nonzeros 0s
35990 rows, 48265 cols, 175760 nonzeros 0s
Presolve reductions: rows 35990(-83878); columns 48265(-91628); nonzeros 175760(-134174)
Solving MIP model with:
   35990 rows
   48265 cols (1668 binary, 0 integer, 0 implied int., 46597 continuous, 0 domain fixed)
   175760 nonzeros
Src: B => Branching; C => Central rounding; F => Feasibility pump; H => Heuristic;
     I => Shifting; J => Feasibility jump; L => Sub-MIP; P => Empty MIP; R => Randomized rounding;
     S => Solve LP; T => Evaluate node; U => Unbounded; X => User solution; Y => HiGHS solution;
     Z => ZI Round; l => Trivial lower; p => Trivial point; u => Trivial upper; z => Trivial zero
        Nodes      |    B&B Tree     |            Objective Bounds              |  Dynamic Constraints |       Work
Src  Proc. InQueue |  Leaves   Expl. | BestBound       BestSol              Gap |   Cuts   InLp Confl. | LpIters     Time
         0       0         0   0.00%   -420569260.5208 inf                  inf        0      0      0         0     1.4s
         0       0         0   0.00%   -74817005.13331 inf                  inf        0      0      2     29850    11.1s
 R       0       0         0   0.00%   -74810515.3209  -74810515.3209     0.00%    17421    426      5     30701    14.1s
         1       0         1 100.00%   -74810515.3209  -74810515.3209     0.00%    17421    426      5     30701    14.1s
Solving report
  Status            Optimal
  Primal bound      -74810515.3209
  Dual bound        -74810515.3209
  Gap               0% (tolerance: 0%)
  P-D integral      0
  Solution status   feasible
                    -74810515.3209 (objective)
                    0 (bound viol.)
                    2.6645352591e-15 (int. viol.)
                    0 (row viol.)
  Timing            14.09
  Max sub-MIP depth 0
  Nodes             1
  Repair LPs        0
  LP iterations     30701
                    0 (strong br.)
                    851 (separation)
                    0 (heuristics)
 14.118963 seconds (37 allocations: 1.453 KiB)
Optimal solution found, objective function value: -7.481051532090305e7
Saving model results...  0.342488 seconds (4.27 M allocations: 149.139 MiB)
Postprocessing model results...  0.000033 seconds (48 allocations: 3.312 KiB)
Saving model outputs...  0.573875 seconds (2.76 M allocations: 170.369 MiB, 49.04% gc time)
Rolling model temporal structure...  0.523988 seconds (4.74 M allocations: 101.998 MiB)
Fixing model history...  0.042084 seconds (413.88 k allocations: 20.191 MiB)
Applying model non-anticipativity constraints...  0.000112 seconds (603 allocations: 32.203 KiB)
model - window 12 of 12: 2019-12-01T14:00~(4 weeks, 2 days, 10 hours)~>2020-01-01T00:00
Optimizing model...MIP has 119868 rows; 139893 cols; 309882 nonzeros; 2287 integer variables (0 binary)
Coefficient ranges:
  Matrix  [6e-03, 1e+05]
  Cost    [1e-03, 2e+09]
  Bound   [2e-02, 2e+04]
  RHS     [1e+00, 2e+03]
WARNING: Problem has some excessively large costs
WARNING:    Consider scaling the objective by 1e-4, or setting the user_objective_scale option to -12
Presolving model
78582 rows, 70590 cols, 220251 nonzeros 0s
37623 rows, 53314 cols, 181020 nonzeros 0s
35900 rows, 47959 cols, 175364 nonzeros 0s
Presolve reductions: rows 35900(-83968); columns 47959(-91934); nonzeros 175364(-134518)
Solving MIP model with:
   35900 rows
   47959 cols (1668 binary, 0 integer, 0 implied int., 46291 continuous, 0 domain fixed)
   175364 nonzeros
Src: B => Branching; C => Central rounding; F => Feasibility pump; H => Heuristic;
     I => Shifting; J => Feasibility jump; L => Sub-MIP; P => Empty MIP; R => Randomized rounding;
     S => Solve LP; T => Evaluate node; U => Unbounded; X => User solution; Y => HiGHS solution;
     Z => ZI Round; l => Trivial lower; p => Trivial point; u => Trivial upper; z => Trivial zero
        Nodes      |    B&B Tree     |            Objective Bounds              |  Dynamic Constraints |       Work
Src  Proc. InQueue |  Leaves   Expl. | BestBound       BestSol              Gap |   Cuts   InLp Confl. | LpIters     Time
         0       0         0   0.00%   -395826684.2786 inf                  inf        0      0      0         0     1.4s
         0       0         0   0.00%   -113668883.2774 inf                  inf        0      0      2     28538     6.1s
 R       0       0         0   0.00%   -113664935.9995 -113664673.0924    0.00%    16482    368      5     30178     9.7s
         0       0         0   0.00%   -113664935.9995 -113664673.0924    0.00%    16482    294      5     31411    19.0s
89.2% inactive integer columns, restarting
Model after restart has 31824 rows, 39833 cols (59 bin., 0 int., 0 impl., 39774 cont., 0 dom.fix.), and 125751 nonzeros
         0       0         0   0.00%   -113664935.9995 -113664673.0924    0.00%       23      0      0     31411    19.3s
10.2% inactive integer columns, restarting
Model after restart has 31794 rows, 39823 cols (51 bin., 0 int., 0 impl., 39772 cont., 0 dom.fix.), and 125549 nonzeros
         0       0         0   0.00%   -113664935.9848 -113664673.0924    0.00%       21      0      0     32908    20.6s
         0       0         0   0.00%   -113664935.9848 -113664673.0924    0.00%       21     21      0     33574    21.2s
         1       0         1 100.00%   -113664673.0924 -113664673.0924    0.00%     3097     24      3     39668    26.0s
Solving report
  Status            Optimal
  Primal bound      -113664673.092
  Dual bound        -113664673.092
  Gap               0% (tolerance: 0%)
  P-D integral      3.01320757074e-05
  Solution status   feasible
                    -113664673.092 (objective)
                    0 (bound viol.)
                    3.57158747022e-13 (int. viol.)
                    0 (row viol.)
  Timing            25.99
  Max sub-MIP depth 1
  Nodes             1
  Repair LPs        0
  LP iterations     39668
                    0 (strong br.)
                    1645 (separation)
                    7322 (heuristics)
 26.018488 seconds (142 allocations: 5.906 KiB)
Optimal solution found, objective function value: -1.136646730924006e8
Saving model results...  0.341974 seconds (4.27 M allocations: 149.139 MiB)
Postprocessing model results...  0.000045 seconds (48 allocations: 3.312 KiB)
Saving model outputs...  0.282123 seconds (2.76 M allocations: 170.350 MiB)
Rolling model temporal structure...  0.000060 seconds (47 allocations: 1.312 KiB)
Rolling complete
Solve complete. Started at 2026-07-30T17:15:51.645, ended at 2026-07-30T17:21:42.640, elapsed time: 5 minutes, 50 seconds, 995 milliseconds
Time summary:
Action                                           │ min       │ max      │ avg
─────────────────────────────────────────────────┼───────────┼──────────┼───────────────────────
Postprocessing model results...                  │ 3.3e-5    │ 9.6e-5   │ 4.883333333333334e-5
Fixing model history...                          │ 0.039884  │ 0.049681 │ 0.0440639090909091
Applying model non-anticipativity constraints... │ 0.000102  │ 0.000272 │ 0.00014190909090909092
Rolling model temporal structure...              │ 6.0e-5    │ 0.543361 │ 0.47870050000000003
Saving model results...                          │ 0.331897  │ 0.705595 │ 0.38399391666666666
Optimizing model...                              │ 10.296828 │ 88.17445 │ 27.457959499999998
Saving model outputs...                          │ 0.28118   │ 3.285748 │ 0.6354778333333334
Writing report to sqlite:///C:\Users\jfg.eco\Documents\GitHub\Nord_H2ub\Spine_Projects\02_basic_energy_model\.spinetoolbox\items\outputtest\OutputTest.sqlite?spinedbfilter=cfg%3Aexecution%3A%7B%22execution_item%22%3A+%22Run+SpineOpt%22%2C+%22scenarios%22%3A+%5B%5D%2C+%22timestamp%22%3A+%222026-07-30T17%3A13%3A15%22%7D...  2.954009 seconds (22.22 M allocations: 1.329 GiB, 8.32% gc time)
Execution complete. Started at 2026-07-30T17:13:17.531, ended at 2026-07-30T17:21:53.792, elapsed time: 8 minutes, 36 seconds, 261 milliseconds
A JuMP Model
├ solver: HiGHS
├ objective_sense: MIN_SENSE
│ └ objective_function_type: JuMP.AffExpr
├ num_variables: 139893
├ num_constraints: 248178
│ ├ JuMP.AffExpr in MOI.EqualTo{Float64}: 33672
│ ├ JuMP.AffExpr in MOI.GreaterThan{Float64}: 30688
│ ├ JuMP.AffExpr in MOI.LessThan{Float64}: 55508
│ ├ JuMP.VariableRef in MOI.EqualTo{Float64}: 900
│ ├ JuMP.VariableRef in MOI.GreaterThan{Float64}: 121442
│ ├ JuMP.VariableRef in MOI.LessThan{Float64}: 3681
│ └ JuMP.VariableRef in MOI.Integer: 2287
└ Names registered in the model: none
