### Spine execution log file
### Item name: Run SpineOpt
### Filter id: 
### Part: 1

# Running julia run_spineopt.jl http://127.0.0.1:61984 http://127.0.0.1:61986
2-element Vector{String}:
 "http://127.0.0.1:61984"
 "http://127.0.0.1:61986"
Running SpineOpt...
[SpineOpt version 0.10.2 (git hash: N/A)]
[SpineInterface version 0.15.2 (git hash: N/A)]
Execution started at 2026-07-31T17:56:44.751
Reading input data from sqlite:///C:\Users\jfg.eco\Documents\GitHub\Nord_H2ub\Spine_Projects\02_basic_energy_model\.spinetoolbox\items\input\Input.sqlite...
Initializing  data structure from db...  0.672444 seconds (1.93 M allocations: 129.950 MiB)
Preprocessing  data structure...  0.122821 seconds (48.49 k allocations: 2.462 MiB, 66.12% compilation time)
Checking  data structure...  0.024293 seconds (9.05 k allocations: 476.656 KiB, 93.65% compilation time)
Build started at 2026-07-31T17:56:45.628
Creating model temporal structure...[ Info: the last time slice of temporal block Default_Investment_period has been cut to fit within the block
[ Info: the last time slice of temporal block daily has been cut to fit within the block
 48.791646 seconds (431.05 M allocations: 22.181 GiB, 51.26% gc time, 0.06% compilation time)
Creating model stochastic structure...  1.596378 seconds (3.22 M allocations: 453.173 MiB, 74.60% gc time, 8.92% compilation time)
Adding model independent variables...
- [variable_binary_gas_connection_flow]  0.062240 seconds (2.29 M allocations: 34.946 MiB)
- [variable_connection_flow]  2.410213 seconds (13.99 M allocations: 1.458 GiB, 39.87% gc time, 7.47% compilation time)
- [variable_connection_intact_flow]  1.087748 seconds (11.02 M allocations: 725.255 MiB, 38.89% gc time)
- [variable_connections_decommissioned]  0.061441 seconds (2.30 M allocations: 35.579 MiB)
- [variable_connections_invested]  3.054171 seconds (2.54 M allocations: 151.783 MiB, 89.25% gc time)
- [variable_connections_invested_available]  0.323932 seconds (2.63 M allocations: 151.400 MiB, 5.37% compilation time)
- [variable_min_capacity_margin_slack]  0.059672 seconds (2.29 M allocations: 34.901 MiB)
- [variable_node_injection]  0.462975 seconds (6.86 M allocations: 370.945 MiB, 30.75% gc time)
- [variable_node_pressure]  0.062804 seconds (2.29 M allocations: 34.920 MiB)
- [variable_node_slack_neg]  0.316624 seconds (6.73 M allocations: 321.243 MiB)
- [variable_node_slack_pos]  0.483046 seconds (6.73 M allocations: 321.246 MiB, 35.33% gc time)
- [variable_node_state]  0.196381 seconds (4.26 M allocations: 143.009 MiB, 9.05% compilation time)
- [variable_node_voltage_angle]  0.062404 seconds (2.29 M allocations: 34.920 MiB)
- [variable_nonspin_units_shut_down]  0.062254 seconds (2.29 M allocations: 34.936 MiB)
- [variable_nonspin_units_started_up]  0.059152 seconds (2.29 M allocations: 34.933 MiB)
- [variable_storages_decommissioned]  0.059057 seconds (2.29 M allocations: 35.092 MiB)
- [variable_storages_invested]  0.109141 seconds (1.99 M allocations: 64.958 MiB, 14.27% compilation time)
- [variable_storages_invested_available]  0.092897 seconds (1.99 M allocations: 64.869 MiB)
- [variable_unit_flow]  2.200163 seconds (16.39 M allocations: 2.228 GiB, 32.57% gc time, 3.44% compilation time)
- [variable_unit_flow_op]  0.165425 seconds (3.78 M allocations: 156.505 MiB)
- [variable_unit_flow_op_active]  0.183085 seconds (4.25 M allocations: 184.324 MiB)
- [variable_units_invested]  0.340079 seconds (2.53 M allocations: 132.862 MiB, 27.07% gc time)
- [variable_units_invested_available]  0.272408 seconds (2.60 M allocations: 135.796 MiB, 6.84% compilation time)
- [variable_units_mothballed]  0.059130 seconds (2.30 M allocations: 35.614 MiB)
- [variable_units_on]  0.242584 seconds (5.72 M allocations: 259.006 MiB)
- [variable_units_out_of_service]  0.059886 seconds (2.29 M allocations: 34.912 MiB)
- [variable_units_returned_to_service]  0.058367 seconds (2.29 M allocations: 34.907 MiB)
- [variable_units_shut_down]  0.079078 seconds (2.57 M allocations: 53.704 MiB)
- [variable_units_started_up]  0.079807 seconds (2.56 M allocations: 53.012 MiB)
- [variable_units_taken_out_of_service]  0.225478 seconds (2.29 M allocations: 34.908 MiB, 70.42% gc time)
- [variable_user_constraint_slack_neg]  0.060414 seconds (2.29 M allocations: 34.899 MiB)
- [variable_user_constraint_slack_pos]  0.058731 seconds (2.29 M allocations: 34.899 MiB)
 13.139294 seconds (131.18 M allocations: 7.377 GiB, 41.02% gc time, 2.47% compilation time)
Adding model dependent variables...
- [variable_connection_flow]  0.291765 seconds (4.68 M allocations: 203.042 MiB)
- [variable_unit_flow]  0.379047 seconds (6.40 M allocations: 302.911 MiB)
  0.674775 seconds (11.08 M allocations: 505.965 MiB)
Adding model expressions...
- [expression_capacity_margin]  0.000081 seconds (86 allocations: 3.875 KiB)
  0.001996 seconds (199 allocations: 9.680 KiB)
Adding model constraints...
- [constraint_candidate_connection_flow_lb]  0.000534 seconds (146 allocations: 6.461 KiB)
- [constraint_candidate_connection_flow_ub]  0.000106 seconds (145 allocations: 6.461 KiB)
- [constraint_compression_ratio]  0.000079 seconds (94 allocations: 5.930 KiB)
- [constraint_connection_flow_capacity]  2.239861 seconds (22.42 M allocations: 1.265 GiB, 24.65% gc time, 0.01% compilation time)
- [constraint_connection_flow_gas_capacity]  0.000106 seconds (98 allocations: 7.367 KiB)
- [constraint_connection_flow_intact_flow]  0.009654 seconds (87 allocations: 4.008 KiB)
- [constraint_connection_flow_lodf]  0.000176 seconds (66 allocations: 3.438 KiB)
- [constraint_connection_intact_flow_capacity]  0.000190 seconds (119 allocations: 5.930 KiB)
- [constraint_connection_intact_flow_ptdf]  0.000299 seconds (72 allocations: 3.602 KiB)
- [constraint_connection_lifetime] 29.592794 seconds (219.78 M allocations: 22.943 GiB, 53.95% gc time, 0.04% compilation time)
- [constraint_connection_unitary_gas_flow]  0.000083 seconds (95 allocations: 6.211 KiB)
- [constraint_connections_invested_available]  0.000901 seconds (2.82 k allocations: 164.122 KiB)
- [constraint_connections_invested_transition]  0.002561 seconds (16.29 k allocations: 859.598 KiB)
- [constraint_cyclic_node_state]  0.008320 seconds (2.57 k allocations: 124.367 KiB, 97.15% compilation time)
- [constraint_fix_node_pressure_point]  0.000091 seconds (94 allocations: 5.930 KiB)
- [constraint_fix_ratio_in_in_unit_flow]  0.099369 seconds (1.09 M allocations: 69.084 MiB)
- [constraint_fix_ratio_in_out_unit_flow]  0.000643 seconds (3.20 k allocations: 167.914 KiB)
- [constraint_fix_ratio_out_in_connection_flow]  0.092168 seconds (822.49 k allocations: 48.703 MiB, 13.44% compilation time)
- [constraint_fix_ratio_out_in_unit_flow]  0.000116 seconds (193 allocations: 12.008 KiB)
- [constraint_fix_ratio_out_out_unit_flow]  0.000296 seconds (1.10 k allocations: 59.039 KiB)
- [constraint_investment_group_equal_investments]  0.006606 seconds (37.15 k allocations: 8.371 MiB)
- [constraint_investment_group_maximum_capacity_invested_available]  0.000072 seconds (34 allocations: 1.992 KiB)
- [constraint_investment_group_maximum_entities_invested_available]  0.000325 seconds (33 allocations: 2.180 KiB)
- [constraint_investment_group_minimum_capacity_invested_available]  0.000064 seconds (32 allocations: 1.898 KiB)
- [constraint_investment_group_minimum_entities_invested_available]  0.000035 seconds (32 allocations: 1.898 KiB)
- [constraint_max_node_pressure]  0.000090 seconds (220 allocations: 11.039 KiB)
- [constraint_max_node_voltage_angle]  0.000083 seconds (293 allocations: 13.742 KiB)
- [constraint_max_ratio_in_in_unit_flow]  0.000110 seconds (193 allocations: 12.008 KiB)
- [constraint_max_ratio_in_out_unit_flow]  0.000095 seconds (194 allocations: 12.289 KiB)
- [constraint_max_ratio_out_in_connection_flow]  0.000062 seconds (114 allocations: 6.570 KiB)
- [constraint_max_ratio_out_in_unit_flow]  0.000089 seconds (193 allocations: 12.008 KiB)
- [constraint_max_ratio_out_out_unit_flow]  0.000069 seconds (194 allocations: 12.289 KiB)
- [constraint_max_total_cumulated_unit_flow_from_node]  0.000124 seconds (96 allocations: 6.039 KiB)
- [constraint_max_total_cumulated_unit_flow_to_node]  0.000049 seconds (92 allocations: 5.789 KiB)
- [constraint_min_capacity_margin]  0.000076 seconds (102 allocations: 5.055 KiB)
- [constraint_min_down_time]  0.633232 seconds (6.69 M allocations: 499.629 MiB, 5.55% compilation time)
- [constraint_min_node_pressure]  0.000102 seconds (224 allocations: 15.162 KiB)
- [constraint_min_node_voltage_angle]  0.000125 seconds (294 allocations: 14.023 KiB)
- [constraint_min_ratio_in_in_unit_flow]  0.000134 seconds (193 allocations: 12.008 KiB)
- [constraint_min_ratio_in_out_unit_flow]  0.000153 seconds (193 allocations: 12.008 KiB)
- [constraint_min_ratio_out_in_connection_flow]  0.000125 seconds (115 allocations: 6.852 KiB)
- [constraint_min_ratio_out_in_unit_flow]  0.000091 seconds (193 allocations: 12.008 KiB)
- [constraint_min_ratio_out_out_unit_flow]  0.000092 seconds (193 allocations: 12.008 KiB)
- [constraint_min_scheduled_outage_duration]  0.000084 seconds (67 allocations: 3.602 KiB)
- [constraint_min_total_cumulated_unit_flow_from_node]  0.000321 seconds (96 allocations: 6.039 KiB)
- [constraint_min_total_cumulated_unit_flow_to_node]  0.000037 seconds (92 allocations: 5.789 KiB)
- [constraint_min_up_time]  0.253161 seconds (819.95 k allocations: 49.034 MiB, 74.99% gc time)
- [constraint_minimum_operating_point]  0.075566 seconds (944.48 k allocations: 56.702 MiB)
- [constraint_nodal_balance]  0.280436 seconds (4.68 M allocations: 264.892 MiB)
- [constraint_node_injection]  1.951444 seconds (26.96 M allocations: 1.351 GiB, 10.27% gc time)
- [constraint_node_state_capacity]  0.291628 seconds (4.07 M allocations: 208.695 MiB)
- [constraint_node_voltage_angle]  0.000121 seconds (69 allocations: 3.445 KiB)
- [constraint_non_spinning_reserves_lower_bound]  0.000208 seconds (472 allocations: 23.180 KiB)
- [constraint_non_spinning_reserves_shut_down_upper_bound]  0.000105 seconds (480 allocations: 23.695 KiB)
- [constraint_non_spinning_reserves_start_up_upper_bound]  0.000137 seconds (480 allocations: 23.695 KiB)
- [constraint_operating_point_bounds] 14.235917 seconds (163.32 M allocations: 18.732 GiB, 27.57% gc time)
- [constraint_operating_point_rank]  0.023748 seconds (334.78 k allocations: 29.587 MiB)
- [constraint_ramp_down]  0.243046 seconds (2.56 M allocations: 156.981 MiB, 16.68% compilation time)
- [constraint_ramp_up]  0.292639 seconds (2.57 M allocations: 157.848 MiB, 38.85% gc time)
- [constraint_ratio_out_in_connection_intact_flow]  0.000121 seconds (87 allocations: 4.008 KiB)
- [constraint_storage_lifetime]  2.832738 seconds (31.01 M allocations: 3.319 GiB, 30.96% gc time, 0.49% compilation time)
- [constraint_storage_line_pack]  0.000091 seconds (96 allocations: 6.023 KiB)
- [constraint_storages_invested_available]  0.000587 seconds (904 allocations: 49.602 KiB)
- [constraint_storages_invested_transition]  0.000653 seconds (4.04 k allocations: 208.912 KiB)
- [constraint_unit_flow_capacity]  0.691975 seconds (8.50 M allocations: 470.453 MiB, 20.03% gc time)
- [constraint_unit_flow_op_bounds]  0.178920 seconds (2.47 M allocations: 134.016 MiB, 7.67% compilation time)
- [constraint_unit_flow_op_rank]  0.123684 seconds (1.93 M allocations: 109.220 MiB)
- [constraint_unit_flow_op_sum]  0.010001 seconds (88.62 k allocations: 7.014 MiB)
- [constraint_unit_lifetime] 17.039229 seconds (153.15 M allocations: 16.535 GiB, 43.02% gc time)
- [constraint_unit_state_transition]  0.023240 seconds (310.07 k allocations: 22.204 MiB)
- [constraint_units_available]  1.351601 seconds (15.33 M allocations: 778.448 MiB, 25.76% gc time)
- [constraint_units_invested_available]  0.000538 seconds (3.03 k allocations: 175.606 KiB)
- [constraint_units_invested_transition]  0.011411 seconds (17.63 k allocations: 923.738 KiB)
- [constraint_units_out_of_service_contiguity]  0.000088 seconds (66 allocations: 3.320 KiB)
- [constraint_units_out_of_service_transition]  0.000139 seconds (95 allocations: 4.883 KiB)
- [constraint_user_constraint]  0.418560 seconds (4.30 M allocations: 255.667 MiB, 16.00% compilation time)
 73.804333 seconds (690.23 M allocations: 68.132 GiB, 40.16% gc time, 0.28% compilation time)
Setting model objective...  0.839247 seconds (11.78 M allocations: 624.840 MiB, 7.67% compilation time)
Build complete. Started at 2026-07-31T17:56:45.628, ended at 2026-07-31T17:59:04.697, elapsed time: 2 minutes, 19 seconds, 69 milliseconds
Solve started at 2026-07-31T17:59:04.697
Bringing model to the first window...  2.742918 seconds (36.56 M allocations: 1.795 GiB, 13.06% gc time)
model - window 1 of 12: 2019-01-01T00:00~(4 weeks, 2 days, 10 hours)~>2019-01-31T10:00
Optimizing model...Running HiGHS 1.14.0 (git hash: 7df0786de3): Copyright (c) 2026 under Apache 2.0 license terms
Using BLAS: blastrampoline-5
MIP has 119868 rows; 139893 cols; 309909 nonzeros; 2287 integer variables (0 binary)
Coefficient ranges:
  Matrix  [6e-03, 1e+05]
  Cost    [1e-03, 2e+09]
  Bound   [3e-01, 2e+04]
  RHS     [1e+00, 2e+03]
WARNING: Problem has some excessively large costs
WARNING:    Consider scaling the objective by 1e-4, or setting the user_objective_scale option to -12
Presolving model
57447 rows, 70648 cols, 200884 nonzeros 0s
38750 rows, 53424 cols, 189101 nonzeros 0s
36708 rows, 48585 cols, 180396 nonzeros 0s
Presolve reductions: rows 36708(-83160); columns 48585(-91308); nonzeros 180396(-129513)
Solving MIP model with:
   36708 rows
   48585 cols (1777 binary, 0 integer, 0 implied int., 46808 continuous, 0 domain fixed)
   180396 nonzeros
Src: B => Branching; C => Central rounding; F => Feasibility pump; H => Heuristic;
     I => Shifting; J => Feasibility jump; L => Sub-MIP; P => Empty MIP; R => Randomized rounding;
     S => Solve LP; T => Evaluate node; U => Unbounded; X => User solution; Y => HiGHS solution;
     Z => ZI Round; l => Trivial lower; p => Trivial point; u => Trivial upper; z => Trivial zero
        Nodes      |    B&B Tree     |            Objective Bounds              |  Dynamic Constraints |       Work
Src  Proc. InQueue |  Leaves   Expl. | BestBound       BestSol              Gap |   Cuts   InLp Confl. | LpIters     Time
         0       0         0   0.00%   -396104209.3612 inf                  inf        0      0      0         0     1.5s
         0       0         0   0.00%   -96581700.80772 inf                  inf        0      0      3     30139     7.8s
 R       0       0         0   0.00%   -96575010.62917 -96574614.0413     0.00%    10744    431      5     31984    12.0s
         0       0         0   0.00%   -96574809.18291 -96574614.0413     0.00%     5386    453      5     72989    81.8s
Solving report
  Status            Interrupted by user
  Primal bound      -96574614.0413
  Dual bound        -96574809.1829
  Gap               0.000202% (tolerance: 0%)
  P-D integral      0.000145669608713
  Solution status   feasible
                    -96574614.0413 (objective)
                    0 (bound viol.)
                    8.881784197e-16 (int. viol.)
                    0 (row viol.)
  Timing            81.78
  Max sub-MIP depth 3
  Nodes             0
  Repair LPs        0
  LP iterations     72989
                    0 (strong br.)
                    1951 (separation)
                    40899 (heuristics)
 82.610143 seconds (868.29 k allocations: 121.449 MiB, 0.79% gc time)
Unable to find solution for model (reason: INTERRUPTED)
Writing report to sqlite:///C:\Users\jfg.eco\Documents\GitHub\Nord_H2ub\Spine_Projects\02_basic_energy_model\.spinetoolbox\items\outputtest\OutputTest.sqlite?spinedbfilter=cfg%3Aexecution%3A%7B%22execution_item%22%3A+%22Run+SpineOpt%22%2C+%22scenarios%22%3A+%5B%5D%2C+%22timestamp%22%3A+%222026-07-31T17%3A56%3A41%22%7D...  0.704795 seconds (148.45 k allocations: 7.835 MiB, 62.46% compilation time)
Execution complete. Started at 2026-07-31T17:56:44.751, ended at 2026-07-31T18:00:30.903, elapsed time: 3 minutes, 46 seconds, 152 milliseconds
A JuMP Model
├ solver: HiGHS
├ objective_sense: MIN_SENSE
│ └ objective_function_type: JuMP.AffExpr
├ num_variables: 139893
├ num_constraints: 248153
│ ├ JuMP.AffExpr in MOI.EqualTo{Float64}: 33672
│ ├ JuMP.AffExpr in MOI.GreaterThan{Float64}: 30688
│ ├ JuMP.AffExpr in MOI.LessThan{Float64}: 55508
│ ├ JuMP.VariableRef in MOI.EqualTo{Float64}: 35
│ ├ JuMP.VariableRef in MOI.GreaterThan{Float64}: 122282
│ ├ JuMP.VariableRef in MOI.LessThan{Float64}: 3681
│ └ JuMP.VariableRef in MOI.Integer: 2287
└ Names registered in the model: none
