### Spine execution log file
### Item name: Run SpineOpt
### Filter id: 
### Part: 1

# Running julia run_spineopt.jl http://127.0.0.1:62539 http://127.0.0.1:62542
2-element Vector{String}:
 "http://127.0.0.1:62539"
 "http://127.0.0.1:62542"
Running SpineOpt...
[SpineOpt version 0.10.2 (git hash: N/A)]
[SpineInterface version 0.15.2 (git hash: N/A)]
Execution started at 2026-05-12T14:59:02.844
Reading input data from sqlite:///C:\Users\jfg.eco\Documents\GitHub\Nord_H2ub\Spine_Projects\02_basic_energy_model\.spinetoolbox\items\input\Input.sqlite...
Initializing  data structure from db...  0.414543 seconds (398.89 k allocations: 56.654 MiB)
Preprocessing  data structure...  0.065174 seconds (45.40 k allocations: 2.239 MiB, 51.18% compilation time)
Checking  data structure...  0.006275 seconds (5.97 k allocations: 309.055 KiB, 88.78% compilation time)
Build started at 2026-05-12T14:59:03.367
Creating model temporal structure...[ Info: the last time slice of temporal block Default_Investment_period has been cut to fit within the block
 24.140020 seconds (312.21 M allocations: 15.995 GiB, 43.78% gc time, 0.05% compilation time)
Creating model stochastic structure...  0.255168 seconds (3.10 M allocations: 446.197 MiB, 1.69% compilation time)
Adding model independent variables...
- [variable_binary_gas_connection_flow]  0.046988 seconds (2.21 M allocations: 33.749 MiB)
- [variable_connection_flow]  0.144508 seconds (3.45 M allocations: 125.303 MiB, 15.43% compilation time)
- [variable_connection_intact_flow]  0.123335 seconds (3.25 M allocations: 112.567 MiB)
- [variable_connections_decommissioned]  0.060609 seconds (2.22 M allocations: 34.114 MiB)
- [variable_connections_invested]  0.444726 seconds (5.78 M allocations: 334.950 MiB)
- [variable_connections_invested_available]  3.299164 seconds (6.13 M allocations: 354.266 MiB, 87.87% gc time, 0.17% compilation time)
- [variable_min_capacity_margin_slack]  0.048127 seconds (2.21 M allocations: 33.715 MiB)
- [variable_node_injection]  0.070292 seconds (2.77 M allocations: 70.535 MiB)
- [variable_node_pressure]  0.046246 seconds (2.21 M allocations: 33.729 MiB)
- [variable_node_slack_neg]  0.075338 seconds (2.58 M allocations: 56.741 MiB)
- [variable_node_slack_pos]  0.075765 seconds (2.58 M allocations: 56.743 MiB)
- [variable_node_state]  0.072786 seconds (2.38 M allocations: 42.930 MiB, 10.00% compilation time)
- [variable_node_voltage_angle]  0.056683 seconds (2.21 M allocations: 33.729 MiB)
- [variable_nonspin_units_shut_down]  0.057161 seconds (2.21 M allocations: 33.736 MiB)
- [variable_nonspin_units_started_up]  0.054615 seconds (2.21 M allocations: 33.738 MiB)
- [variable_storages_decommissioned]  0.055206 seconds (2.21 M allocations: 33.842 MiB)
- [variable_storages_invested]  0.107118 seconds (2.38 M allocations: 89.791 MiB, 5.39% compilation time)
- [variable_storages_invested_available]  0.101102 seconds (2.37 M allocations: 89.728 MiB)
- [variable_unit_flow]  0.499800 seconds (3.56 M allocations: 228.349 MiB, 60.35% gc time, 5.62% compilation time)
- [variable_unit_flow_op]  0.055569 seconds (2.36 M allocations: 45.037 MiB)
- [variable_unit_flow_op_active]  0.056440 seconds (2.40 M allocations: 47.757 MiB)
- [variable_units_invested]  0.266492 seconds (4.33 M allocations: 237.178 MiB)
- [variable_units_invested_available]  0.276461 seconds (4.55 M allocations: 246.556 MiB, 1.95% compilation time)
- [variable_units_mothballed]  0.055331 seconds (2.21 M allocations: 34.055 MiB)
- [variable_units_on]  0.083432 seconds (2.52 M allocations: 52.492 MiB, 14.58% compilation time)
- [variable_units_out_of_service]  0.054187 seconds (2.21 M allocations: 33.722 MiB)
- [variable_units_returned_to_service]  0.056392 seconds (2.21 M allocations: 33.719 MiB)
- [variable_units_shut_down]  0.252879 seconds (2.25 M allocations: 36.462 MiB, 77.27% gc time)
- [variable_units_started_up]  0.048304 seconds (2.25 M allocations: 36.268 MiB)
- [variable_units_taken_out_of_service]  0.045641 seconds (2.21 M allocations: 33.720 MiB)
- [variable_user_constraint_slack_neg]  0.043971 seconds (2.21 M allocations: 33.713 MiB)
- [variable_user_constraint_slack_pos]  0.045927 seconds (2.21 M allocations: 33.713 MiB)
  6.813815 seconds (88.82 M allocations: 2.673 GiB, 49.84% gc time, 1.27% compilation time)
Adding model dependent variables...
- [variable_connection_flow]  0.018640 seconds (280.33 k allocations: 13.720 MiB, 23.68% compilation time)
- [variable_unit_flow]  0.019142 seconds (367.93 k allocations: 18.368 MiB)
  0.040102 seconds (648.55 k allocations: 32.100 MiB, 11.01% compilation time)
Adding model expressions...
- [expression_capacity_margin]  0.000035 seconds (65 allocations: 3.000 KiB)
  0.000861 seconds (177 allocations: 8.523 KiB)
Adding model constraints...
- [constraint_candidate_connection_flow_lb]  0.000172 seconds (121 allocations: 5.305 KiB)
- [constraint_candidate_connection_flow_ub]  0.000114 seconds (119 allocations: 5.023 KiB)
- [constraint_compression_ratio]  0.000039 seconds (74 allocations: 4.680 KiB)
- [constraint_connection_flow_capacity]  0.110619 seconds (1.30 M allocations: 85.222 MiB, 35.75% compilation time)
- [constraint_connection_flow_gas_capacity]  0.000054 seconds (77 allocations: 5.836 KiB)
- [constraint_connection_flow_intact_flow]  0.000167 seconds (69 allocations: 3.211 KiB)
- [constraint_connection_flow_lodf]  0.000072 seconds (66 allocations: 3.438 KiB)
- [constraint_connection_intact_flow_capacity]  0.000087 seconds (106 allocations: 5.039 KiB)
- [constraint_connection_intact_flow_ptdf]  0.000042 seconds (54 allocations: 2.805 KiB)
- [constraint_connection_lifetime] 19.206035 seconds (147.59 M allocations: 19.099 GiB, 48.58% gc time, 0.03% compilation time)
- [constraint_connection_unitary_gas_flow]  0.000082 seconds (74 allocations: 4.680 KiB)
- [constraint_connections_invested_available]  0.000496 seconds (1.11 k allocations: 67.883 KiB)
- [constraint_connections_invested_transition]  0.001316 seconds (8.09 k allocations: 428.365 KiB)
- [constraint_cyclic_node_state]  0.004387 seconds (2.37 k allocations: 115.133 KiB, 96.65% compilation time)
- [constraint_fix_node_pressure_point]  0.000039 seconds (74 allocations: 4.680 KiB)
- [constraint_fix_ratio_in_in_unit_flow]  0.011506 seconds (126.21 k allocations: 8.496 MiB)
- [constraint_fix_ratio_in_out_unit_flow]  0.000222 seconds (1.64 k allocations: 87.195 KiB)
- [constraint_fix_ratio_out_in_connection_flow]  0.000297 seconds (1.99 k allocations: 108.227 KiB)
- [constraint_fix_ratio_out_in_unit_flow]  0.000043 seconds (169 allocations: 10.508 KiB)
- [constraint_fix_ratio_out_out_unit_flow]  0.000208 seconds (1.35 k allocations: 71.992 KiB)
- [constraint_investment_group_equal_investments]  0.000041 seconds (28 allocations: 1.680 KiB)
- [constraint_investment_group_maximum_capacity_invested_available]  0.000038 seconds (28 allocations: 1.742 KiB)
- [constraint_investment_group_maximum_entities_invested_available]  0.000028 seconds (27 allocations: 1.695 KiB)
- [constraint_investment_group_minimum_capacity_invested_available]  0.000028 seconds (26 allocations: 1.648 KiB)
- [constraint_investment_group_minimum_entities_invested_available]  0.000025 seconds (26 allocations: 1.648 KiB)
- [constraint_max_node_pressure]  0.000069 seconds (174 allocations: 8.570 KiB)
- [constraint_max_node_voltage_angle]  0.000056 seconds (227 allocations: 10.680 KiB)
- [constraint_max_ratio_in_in_unit_flow]  0.000046 seconds (169 allocations: 10.508 KiB)
- [constraint_max_ratio_in_out_unit_flow]  0.000043 seconds (169 allocations: 10.508 KiB)
- [constraint_max_ratio_out_in_connection_flow]  0.000062 seconds (94 allocations: 5.320 KiB)
- [constraint_max_ratio_out_in_unit_flow]  0.000083 seconds (169 allocations: 10.508 KiB)
- [constraint_max_ratio_out_out_unit_flow]  0.000075 seconds (169 allocations: 10.508 KiB)
- [constraint_max_total_cumulated_unit_flow_from_node]  0.000037 seconds (68 allocations: 4.289 KiB)
- [constraint_max_total_cumulated_unit_flow_to_node]  0.000146 seconds (72 allocations: 4.539 KiB)
- [constraint_min_capacity_margin]  0.000028 seconds (80 allocations: 3.898 KiB)
- [constraint_min_down_time]  0.064971 seconds (506.00 k allocations: 36.811 MiB, 36.56% compilation time)
- [constraint_min_node_pressure]  0.000201 seconds (179 allocations: 12.975 KiB)
- [constraint_min_node_voltage_angle]  0.000065 seconds (227 allocations: 10.680 KiB)
- [constraint_min_ratio_in_in_unit_flow]  0.000127 seconds (169 allocations: 10.508 KiB)
- [constraint_min_ratio_in_out_unit_flow]  0.000091 seconds (169 allocations: 10.508 KiB)
- [constraint_min_ratio_out_in_connection_flow]  0.000050 seconds (94 allocations: 5.320 KiB)
- [constraint_min_ratio_out_in_unit_flow]  0.000090 seconds (169 allocations: 10.508 KiB)
- [constraint_min_ratio_out_out_unit_flow]  0.000079 seconds (169 allocations: 10.508 KiB)
- [constraint_min_scheduled_outage_duration]  0.000033 seconds (48 allocations: 2.570 KiB)
- [constraint_min_total_cumulated_unit_flow_from_node]  0.000041 seconds (68 allocations: 4.289 KiB)
- [constraint_min_total_cumulated_unit_flow_to_node]  0.000061 seconds (72 allocations: 4.539 KiB)
- [constraint_min_up_time]  0.007180 seconds (110.90 k allocations: 6.563 MiB)
- [constraint_minimum_operating_point]  0.027060 seconds (338.63 k allocations: 21.629 MiB)
- [constraint_nodal_balance]  0.022947 seconds (356.29 k allocations: 21.116 MiB)
- [constraint_node_injection]  0.073565 seconds (1.53 M allocations: 90.808 MiB, 0.26% compilation time)
- [constraint_node_state_capacity]  0.015538 seconds (317.93 k allocations: 16.818 MiB)
- [constraint_node_voltage_angle]  0.000059 seconds (51 allocations: 2.695 KiB)
- [constraint_non_spinning_reserves_lower_bound]  0.000128 seconds (277 allocations: 13.945 KiB)
- [constraint_non_spinning_reserves_shut_down_upper_bound]  0.000063 seconds (286 allocations: 14.742 KiB)
- [constraint_non_spinning_reserves_start_up_upper_bound]  0.000046 seconds (286 allocations: 14.742 KiB)
- [constraint_operating_point_bounds]  0.292715 seconds (2.83 M allocations: 266.894 MiB, 47.92% gc time)
- [constraint_operating_point_rank]  0.002885 seconds (31.31 k allocations: 2.600 MiB)
- [constraint_ramp_down]  0.034648 seconds (276.66 k allocations: 18.322 MiB, 51.36% compilation time)
- [constraint_ramp_up]  0.017599 seconds (271.38 k allocations: 18.062 MiB)
- [constraint_ratio_out_in_connection_intact_flow]  0.000104 seconds (69 allocations: 3.211 KiB)
- [constraint_storage_lifetime]  2.017068 seconds (20.29 M allocations: 2.456 GiB, 34.77% gc time, 0.34% compilation time)
- [constraint_storage_line_pack]  0.000060 seconds (76 allocations: 4.773 KiB)
- [constraint_storages_invested_available]  0.000312 seconds (447 allocations: 26.680 KiB)
- [constraint_storages_invested_transition]  0.000549 seconds (2.23 k allocations: 120.959 KiB)
- [constraint_unit_flow_capacity]  0.028082 seconds (450.27 k allocations: 28.386 MiB)
- [constraint_unit_flow_op_bounds]  0.010969 seconds (102.27 k allocations: 6.913 MiB, 46.13% compilation time)
- [constraint_unit_flow_op_rank]  0.005394 seconds (80.93 k allocations: 5.599 MiB)
- [constraint_unit_flow_op_sum]  0.001919 seconds (13.38 k allocations: 966.498 KiB)
- [constraint_unit_lifetime]  9.023100 seconds (83.88 M allocations: 10.519 GiB, 37.03% gc time)
- [constraint_unit_state_transition]  0.003853 seconds (45.80 k allocations: 3.147 MiB)
- [constraint_units_available]  0.045073 seconds (752.51 k allocations: 41.541 MiB)
- [constraint_units_invested_available]  0.000225 seconds (985 allocations: 60.305 KiB)
- [constraint_units_invested_transition]  0.001300 seconds (6.64 k allocations: 357.100 KiB)
- [constraint_units_out_of_service_contiguity]  0.000042 seconds (48 allocations: 2.570 KiB)
- [constraint_units_out_of_service_transition]  0.000099 seconds (74 allocations: 3.836 KiB)
- [constraint_user_constraint]  0.063708 seconds (358.41 k allocations: 22.607 MiB, 39.39% compilation time)
 31.221000 seconds (263.39 M allocations: 32.846 GiB, 43.28% gc time, 0.41% compilation time)
Setting model objective...  0.085149 seconds (902.99 k allocations: 48.121 MiB, 32.20% compilation time)
Build complete. Started at 2026-05-12T14:59:03.367, ended at 2026-05-12T15:00:05.926, elapsed time: 1 minute, 2 seconds, 559 milliseconds
Solve started at 2026-05-12T15:00:05.926
model - window 1 of 1: 2019-01-01T00:00~(4 days, 23 hours)~>2019-01-05T23:00
Optimizing model...Running HiGHS 1.11.0 (git hash: 364c83a51e): Copyright (c) 2025 HiGHS under MIT licence terms
MIP  has 13141 rows; 114590 cols; 75395 nonzeros; 406 integer variables (0 binary)
Coefficient ranges:
  Matrix [6e-03, 1e+03]
  Cost   [1e-03, 5e+08]
  Bound  [1e+00, 1e+03]
  RHS    [1e+00, 2e+01]
Presolving model
4966 rows, 6523 cols, 16480 nonzeros  0s
3385 rows, 4857 cols, 14267 nonzeros  0s
2942 rows, 4410 cols, 15019 nonzeros  0s
Solving MIP model with:
   2942 rows
   4410 cols (284 binary, 1 integer, 1 implied int., 4124 continuous, 0 domain fixed)
   15019 nonzeros
Src: B => Branching; C => Central rounding; F => Feasibility pump; J => Feasibility jump;
     H => Heuristic; L => Sub-MIP; P => Empty MIP; R => Randomized rounding; Z => ZI Round;
     I => Shifting; S => Solve LP; T => Evaluate node; U => Unbounded; X => User solution;
     z => Trivial zero; l => Trivial lower; u => Trivial upper; p => Trivial point
        Nodes      |    B&B Tree     |            Objective Bounds              |  Dynamic Constraints |       Work
Src  Proc. InQueue |  Leaves   Expl. | BestBound       BestSol              Gap |   Cuts   InLp Confl. | LpIters     Time
         0       0         0   0.00%   -29514539.85793 inf                  inf        0      0      0         0     0.2s
 T       0       0         0   0.00%   -29514539.85793 33958971315.53   100.09%        0      0      0      1267     0.2s
         1       0         1 100.00%   33958971315.53  33958971315.53     0.00%        0      0      0      1267     0.2s
Solving report
  Status            Optimal
  Primal bound      33958971315.5
  Dual bound        33958971315.5
  Gap               0% (tolerance: 0%)
  P-D integral      4.51002751209e-05
  Solution status   feasible
                    33958971315.5 (objective)
                    0 (bound viol.)
                    0 (int. viol.)
                    0 (row viol.)
  Timing            0.20 (total)
                    0.00 (presolve)
                    0.00 (solve)
                    0.00 (postsolve)
  Max sub-MIP depth 0
  Nodes             1
  Repair LPs        0 (0 feasible; 0 iterations)
  LP iterations     1267 (total)
                    0 (strong br.)
                    0 (separation)
                    0 (heuristics)
  0.250242 seconds (294.02 k allocations: 52.241 MiB)
Optimal solution found, objective function value: 3.3958971315534195e10
Saving model results...  2.807187 seconds (1.02 M allocations: 36.540 MiB, 97.93% gc time)
Postprocessing model results...  0.000066 seconds (48 allocations: 3.312 KiB)
Saving model outputs...  0.140432 seconds (1.63 M allocations: 95.551 MiB)
Rolling model temporal structure...  0.000085 seconds (47 allocations: 1.312 KiB)
Rolling complete
Solve complete. Started at 2026-05-12T15:00:05.926, ended at 2026-05-12T15:00:09.136, elapsed time: 3 seconds, 210 milliseconds
Time summary:
Action                              │ min      │ max      │ avg
────────────────────────────────────┼──────────┼──────────┼─────────
Postprocessing model results...     │ 6.6e-5   │ 6.6e-5   │ 6.6e-5
Rolling model temporal structure... │ 8.5e-5   │ 8.5e-5   │ 8.5e-5
Saving model results...             │ 2.807187 │ 2.807187 │ 2.807187
Optimizing model...                 │ 0.250242 │ 0.250242 │ 0.250242
Saving model outputs...             │ 0.140432 │ 0.140432 │ 0.140432
Writing report to sqlite:///C:\Users\jfg.eco\Documents\GitHub\Nord_H2ub\Spine_Projects\02_basic_energy_model\.spinetoolbox\items\outputtest\OutputTest.sqlite?spinedbfilter=cfg%3Aexecution%3A%7B%22execution_item%22%3A+%22Run+SpineOpt%22%2C+%22scenarios%22%3A+%5B%5D%2C+%22timestamp%22%3A+%222026-05-12T14%3A59%3A01%22%7D...  0.323754 seconds (202.98 k allocations: 12.037 MiB)
Execution complete. Started at 2026-05-12T14:59:02.844, ended at 2026-05-12T15:00:09.611, elapsed time: 1 minute, 6 seconds, 767 milliseconds
A JuMP Model
├ solver: HiGHS
├ objective_sense: MIN_SENSE
│ └ objective_function_type: JuMP.AffExpr
├ num_variables: 114590
├ num_constraints: 126215
│ ├ JuMP.AffExpr in MOI.EqualTo{Float64}: 3944
│ ├ JuMP.AffExpr in MOI.GreaterThan{Float64}: 3706
│ ├ JuMP.AffExpr in MOI.LessThan{Float64}: 5491
│ ├ JuMP.VariableRef in MOI.EqualTo{Float64}: 21
│ ├ JuMP.VariableRef in MOI.GreaterThan{Float64}: 112409
│ ├ JuMP.VariableRef in MOI.LessThan{Float64}: 238
│ └ JuMP.VariableRef in MOI.Integer: 406
└ Names registered in the model: none
