### Spine execution log file
### Item name: Run SpineOpt
### Filter id: 
### Part: 1

# Running julia run_spineopt.jl http://127.0.0.1:62953 http://127.0.0.1:62955
2-element Vector{String}:
 "http://127.0.0.1:62953"
 "http://127.0.0.1:62955"
Running SpineOpt...
[SpineOpt version 0.10.2 (git hash: N/A)]
[SpineInterface version 0.15.2 (git hash: N/A)]
Execution started at 2026-07-31T15:07:31.545
Reading input data from sqlite:///C:\Users\jfg.eco\Documents\GitHub\Nord_H2ub\Spine_Projects\02_basic_energy_model\.spinetoolbox\items\input\Input.sqlite...
Initializing  data structure from db...  4.066183 seconds (1.93 M allocations: 129.949 MiB)
Preprocessing  data structure...  0.980270 seconds (48.48 k allocations: 2.446 MiB, 34.70% compilation time)
Checking  data structure...  0.129077 seconds (9.05 k allocations: 476.656 KiB, 60.12% compilation time)
Build started at 2026-07-31T15:07:37.061
Creating model temporal structure...[ Info: the last time slice of temporal block Default_Investment_period has been cut to fit within the block
[ Info: the last time slice of temporal block daily has been cut to fit within the block
243.997299 seconds (431.05 M allocations: 22.181 GiB, 50.48% gc time, 0.03% compilation time)
Creating model stochastic structure...  2.453282 seconds (3.22 M allocations: 453.173 MiB, 53.82% gc time, 12.67% compilation time)
Adding model independent variables...
- [variable_binary_gas_connection_flow]  0.072558 seconds (2.29 M allocations: 34.946 MiB)
- [variable_connection_flow]  2.645393 seconds (13.99 M allocations: 1.458 GiB, 33.40% gc time, 7.71% compilation time)
- [variable_connection_intact_flow]  0.839481 seconds (11.02 M allocations: 725.243 MiB, 18.39% gc time)
- [variable_connections_decommissioned]  0.078974 seconds (2.30 M allocations: 35.579 MiB)
- [variable_connections_invested]  0.367387 seconds (2.54 M allocations: 146.447 MiB)
- [variable_connections_invested_available]  0.619185 seconds (2.63 M allocations: 146.064 MiB, 30.37% gc time, 4.68% compilation time)
- [variable_min_capacity_margin_slack]  0.080456 seconds (2.29 M allocations: 34.901 MiB)
- [variable_node_injection]  0.439203 seconds (6.86 M allocations: 370.940 MiB)
- [variable_node_pressure]  0.061603 seconds (2.29 M allocations: 34.920 MiB)
- [variable_node_slack_neg]  0.592423 seconds (6.73 M allocations: 321.236 MiB, 39.91% gc time)
- [variable_node_slack_pos]  0.332405 seconds (6.73 M allocations: 321.239 MiB)
- [variable_node_state]  0.231529 seconds (4.26 M allocations: 143.002 MiB, 6.75% compilation time)
- [variable_node_voltage_angle]  0.066463 seconds (2.29 M allocations: 34.920 MiB)
- [variable_nonspin_units_shut_down]  0.063256 seconds (2.29 M allocations: 34.936 MiB)
- [variable_nonspin_units_started_up]  0.073330 seconds (2.29 M allocations: 34.933 MiB)
- [variable_storages_decommissioned]  0.076312 seconds (2.29 M allocations: 35.092 MiB)
- [variable_storages_invested]  0.126075 seconds (1.99 M allocations: 64.956 MiB, 10.47% compilation time)
- [variable_storages_invested_available]  0.630782 seconds (1.99 M allocations: 64.868 MiB, 80.77% gc time)
- [variable_unit_flow]  9.518043 seconds (16.39 M allocations: 2.228 GiB, 56.95% gc time, 1.53% compilation time)
- [variable_unit_flow_op]  0.530459 seconds (3.78 M allocations: 156.510 MiB)
- [variable_unit_flow_op_active]  0.900804 seconds (4.25 M allocations: 184.329 MiB, 24.47% gc time)
- [variable_units_invested]  0.422328 seconds (2.53 M allocations: 132.867 MiB)
- [variable_units_invested_available]  0.307206 seconds (2.60 M allocations: 135.802 MiB, 5.94% compilation time)
- [variable_units_mothballed]  0.063391 seconds (2.30 M allocations: 35.614 MiB)
- [variable_units_on]  0.403317 seconds (5.72 M allocations: 259.003 MiB, 33.62% gc time)
- [variable_units_out_of_service]  0.065201 seconds (2.29 M allocations: 34.912 MiB)
- [variable_units_returned_to_service]  0.062414 seconds (2.29 M allocations: 34.907 MiB)
- [variable_units_shut_down]  0.083383 seconds (2.57 M allocations: 53.705 MiB)
- [variable_units_started_up]  0.081613 seconds (2.56 M allocations: 53.012 MiB)
- [variable_units_taken_out_of_service]  0.065083 seconds (2.29 M allocations: 34.908 MiB)
- [variable_user_constraint_slack_neg]  0.068448 seconds (2.29 M allocations: 34.899 MiB)
- [variable_user_constraint_slack_pos]  0.067947 seconds (2.29 M allocations: 34.899 MiB)
 20.062712 seconds (131.18 M allocations: 7.367 GiB, 38.62% gc time, 2.12% compilation time)
Adding model dependent variables...
- [variable_connection_flow]  0.308609 seconds (4.68 M allocations: 203.041 MiB)
- [variable_unit_flow]  0.461636 seconds (6.40 M allocations: 302.909 MiB)
  0.773330 seconds (11.08 M allocations: 505.963 MiB)
Adding model expressions...
- [expression_capacity_margin]  0.000095 seconds (86 allocations: 3.875 KiB)
  0.001236 seconds (201 allocations: 9.945 KiB)
Adding model constraints...
- [constraint_candidate_connection_flow_lb]  0.000401 seconds (146 allocations: 6.461 KiB)
- [constraint_candidate_connection_flow_ub]  0.000183 seconds (144 allocations: 6.180 KiB)
- [constraint_compression_ratio]  0.000073 seconds (94 allocations: 5.930 KiB)
- [constraint_connection_flow_capacity]  2.226822 seconds (22.42 M allocations: 1.265 GiB, 26.58% gc time, 0.01% compilation time)
- [constraint_connection_flow_gas_capacity]  0.000212 seconds (97 allocations: 7.086 KiB)
- [constraint_connection_flow_intact_flow]  0.000137 seconds (87 allocations: 4.008 KiB)
- [constraint_connection_flow_lodf]  0.000522 seconds (66 allocations: 3.438 KiB)
- [constraint_connection_intact_flow_capacity]  0.000390 seconds (118 allocations: 5.648 KiB)
- [constraint_connection_intact_flow_ptdf]  0.000067 seconds (72 allocations: 3.602 KiB)
- [constraint_connection_lifetime] 32.427610 seconds (219.78 M allocations: 22.942 GiB, 55.38% gc time, 0.05% compilation time)
- [constraint_connection_unitary_gas_flow]  0.000077 seconds (94 allocations: 5.930 KiB)
- [constraint_connections_invested_available]  0.010929 seconds (2.82 k allocations: 164.138 KiB)
- [constraint_connections_invested_transition]  0.003520 seconds (16.29 k allocations: 859.551 KiB)
- [constraint_cyclic_node_state]  0.008400 seconds (2.56 k allocations: 123.836 KiB, 97.23% compilation time)
- [constraint_fix_node_pressure_point]  0.000084 seconds (94 allocations: 5.930 KiB)
- [constraint_fix_ratio_in_in_unit_flow]  0.102443 seconds (1.09 M allocations: 69.084 MiB)
- [constraint_fix_ratio_in_out_unit_flow]  0.000645 seconds (3.20 k allocations: 167.633 KiB)
- [constraint_fix_ratio_out_in_connection_flow]  0.101399 seconds (822.40 k allocations: 48.701 MiB, 11.01% compilation time)
- [constraint_fix_ratio_out_in_unit_flow]  0.000127 seconds (193 allocations: 12.008 KiB)
- [constraint_fix_ratio_out_out_unit_flow]  0.000352 seconds (1.10 k allocations: 58.758 KiB)
- [constraint_investment_group_equal_investments]  0.007595 seconds (37.15 k allocations: 8.371 MiB)
- [constraint_investment_group_maximum_capacity_invested_available]  0.000056 seconds (34 allocations: 1.992 KiB)
- [constraint_investment_group_maximum_entities_invested_available]  0.000069 seconds (32 allocations: 1.898 KiB)
- [constraint_investment_group_minimum_capacity_invested_available]  0.000071 seconds (32 allocations: 1.898 KiB)
- [constraint_investment_group_minimum_entities_invested_available]  0.000067 seconds (32 allocations: 1.898 KiB)
- [constraint_max_node_pressure]  0.000706 seconds (219 allocations: 10.758 KiB)
- [constraint_max_node_voltage_angle]  0.000072 seconds (293 allocations: 13.742 KiB)
- [constraint_max_ratio_in_in_unit_flow]  0.000090 seconds (193 allocations: 12.008 KiB)
- [constraint_max_ratio_in_out_unit_flow]  0.000067 seconds (193 allocations: 12.008 KiB)
- [constraint_max_ratio_out_in_connection_flow]  0.000101 seconds (114 allocations: 6.570 KiB)
- [constraint_max_ratio_out_in_unit_flow]  0.000058 seconds (193 allocations: 12.008 KiB)
- [constraint_max_ratio_out_out_unit_flow]  0.000059 seconds (193 allocations: 12.008 KiB)
- [constraint_max_total_cumulated_unit_flow_from_node]  0.000096 seconds (96 allocations: 6.039 KiB)
- [constraint_max_total_cumulated_unit_flow_to_node]  0.000047 seconds (92 allocations: 5.789 KiB)
- [constraint_min_capacity_margin]  0.000067 seconds (101 allocations: 4.773 KiB)
- [constraint_min_down_time]  0.991840 seconds (6.69 M allocations: 499.628 MiB, 31.59% gc time, 4.14% compilation time)
- [constraint_min_node_pressure]  0.000148 seconds (224 allocations: 15.146 KiB)
- [constraint_min_node_voltage_angle]  0.000099 seconds (293 allocations: 13.742 KiB)
- [constraint_min_ratio_in_in_unit_flow]  0.000103 seconds (193 allocations: 12.008 KiB)
- [constraint_min_ratio_in_out_unit_flow]  0.000117 seconds (193 allocations: 12.008 KiB)
- [constraint_min_ratio_out_in_connection_flow]  0.000117 seconds (114 allocations: 6.570 KiB)
- [constraint_min_ratio_out_in_unit_flow]  0.000107 seconds (193 allocations: 12.008 KiB)
- [constraint_min_ratio_out_out_unit_flow]  0.000078 seconds (193 allocations: 12.008 KiB)
- [constraint_min_scheduled_outage_duration]  0.000067 seconds (66 allocations: 3.320 KiB)
- [constraint_min_total_cumulated_unit_flow_from_node]  0.000058 seconds (96 allocations: 6.039 KiB)
- [constraint_min_total_cumulated_unit_flow_to_node]  0.000031 seconds (92 allocations: 5.789 KiB)
- [constraint_min_up_time]  0.066066 seconds (819.94 k allocations: 49.034 MiB)
- [constraint_minimum_operating_point]  0.080894 seconds (944.48 k allocations: 56.702 MiB)
- [constraint_nodal_balance]  0.319047 seconds (4.68 M allocations: 264.892 MiB)
- [constraint_node_injection]  2.048718 seconds (26.96 M allocations: 1.351 GiB, 13.57% gc time)
- [constraint_node_state_capacity]  0.264250 seconds (4.07 M allocations: 208.695 MiB)
- [constraint_node_voltage_angle]  0.000424 seconds (69 allocations: 3.445 KiB)
- [constraint_non_spinning_reserves_lower_bound]  0.000178 seconds (471 allocations: 22.898 KiB)
- [constraint_non_spinning_reserves_shut_down_upper_bound]  0.000179 seconds (480 allocations: 23.695 KiB)
- [constraint_non_spinning_reserves_start_up_upper_bound]  0.000102 seconds (480 allocations: 23.695 KiB)
- [constraint_operating_point_bounds] 14.963126 seconds (163.32 M allocations: 18.732 GiB, 27.19% gc time)
- [constraint_operating_point_rank]  0.025976 seconds (334.78 k allocations: 29.587 MiB)
- [constraint_ramp_down]  0.251888 seconds (2.56 M allocations: 156.981 MiB, 16.65% compilation time)
- [constraint_ramp_up]  0.220851 seconds (2.57 M allocations: 157.848 MiB)
- [constraint_ratio_out_in_connection_intact_flow]  0.000129 seconds (87 allocations: 4.008 KiB)
- [constraint_storage_lifetime]  2.931185 seconds (31.00 M allocations: 3.319 GiB, 31.73% gc time, 0.44% compilation time)
- [constraint_storage_line_pack]  0.000076 seconds (96 allocations: 6.023 KiB)
- [constraint_storages_invested_available]  0.000702 seconds (904 allocations: 49.602 KiB)
- [constraint_storages_invested_transition]  0.001201 seconds (4.04 k allocations: 208.912 KiB)
- [constraint_unit_flow_capacity]  0.969651 seconds (8.50 M allocations: 470.431 MiB, 30.37% gc time)
- [constraint_unit_flow_op_bounds]  0.189542 seconds (2.47 M allocations: 134.015 MiB, 10.53% compilation time)
- [constraint_unit_flow_op_rank]  0.124436 seconds (1.93 M allocations: 109.220 MiB)
- [constraint_unit_flow_op_sum]  0.008507 seconds (88.62 k allocations: 7.014 MiB)
- [constraint_unit_lifetime] 15.460611 seconds (153.15 M allocations: 16.535 GiB, 33.86% gc time)
- [constraint_unit_state_transition]  0.019353 seconds (310.07 k allocations: 22.204 MiB)
- [constraint_units_available]  1.038825 seconds (15.33 M allocations: 778.448 MiB)
- [constraint_units_invested_available]  0.000778 seconds (3.03 k allocations: 175.653 KiB)
- [constraint_units_invested_transition]  0.001862 seconds (17.63 k allocations: 923.707 KiB)
- [constraint_units_out_of_service_contiguity]  0.000051 seconds (66 allocations: 3.320 KiB)
- [constraint_units_out_of_service_transition]  0.000875 seconds (95 allocations: 4.883 KiB)
- [constraint_user_constraint]  0.768643 seconds (4.30 M allocations: 255.667 MiB, 33.54% gc time, 8.67% compilation time)
 76.418931 seconds (690.23 M allocations: 68.131 GiB, 39.16% gc time, 0.28% compilation time)
Setting model objective...  1.089026 seconds (11.78 M allocations: 624.838 MiB, 26.43% gc time, 6.56% compilation time)
Build complete. Started at 2026-07-31T15:07:37.061, ended at 2026-07-31T15:13:22.211, elapsed time: 5 minutes, 45 seconds, 150 milliseconds
Solve started at 2026-07-31T15:13:22.226
Bringing model to the first window...  2.952335 seconds (36.56 M allocations: 1.789 GiB, 9.89% gc time)
model - window 1 of 12: 2019-01-01T00:00~(4 weeks, 2 days, 10 hours)~>2019-01-31T10:00
Optimizing model...Running HiGHS 1.14.0 (git hash: 7df0786de3): Copyright (c) 2026 under Apache 2.0 license terms
Using BLAS: blastrampoline-5
MIP has 119868 rows; 139893 cols; 309909 nonzeros; 2287 integer variables (0 binary)
Coefficient ranges:
  Matrix  [6e-03, 1e+05]
  Cost    [1e-03, 2e+09]
  Bound   [3e-01, 2e+04]
  RHS     [1e+00, 2e+03]
WARNING: Problem has some excessively large costs
WARNING:    Consider scaling the objective by 1e-4, or setting the user_objective_scale option to -12
Presolving model
57447 rows, 70648 cols, 200884 nonzeros 0s
38750 rows, 53424 cols, 189101 nonzeros 0s
36708 rows, 48585 cols, 180396 nonzeros 0s
Presolve reductions: rows 36708(-83160); columns 48585(-91308); nonzeros 180396(-129513)
Solving MIP model with:
   36708 rows
   48585 cols (1777 binary, 0 integer, 0 implied int., 46808 continuous, 0 domain fixed)
   180396 nonzeros
Src: B => Branching; C => Central rounding; F => Feasibility pump; H => Heuristic;
     I => Shifting; J => Feasibility jump; L => Sub-MIP; P => Empty MIP; R => Randomized rounding;
     S => Solve LP; T => Evaluate node; U => Unbounded; X => User solution; Y => HiGHS solution;
     Z => ZI Round; l => Trivial lower; p => Trivial point; u => Trivial upper; z => Trivial zero
        Nodes      |    B&B Tree     |            Objective Bounds              |  Dynamic Constraints |       Work
Src  Proc. InQueue |  Leaves   Expl. | BestBound       BestSol              Gap |   Cuts   InLp Confl. | LpIters     Time
         0       0         0   0.00%   -396104209.3612 inf                  inf        0      0      0         0     1.7s
         0       0         0   0.00%   -96581700.80772 inf                  inf        0      0      3     30139     8.5s
 R       0       0         0   0.00%   -96575010.62917 -96574614.0413     0.00%    10744    431      5     31984    13.3s
         0       0         0   0.00%   -96574809.18291 -96574614.0413     0.00%     5386    377      5     72989    70.0s
89.7% inactive integer columns, restarting
Model after restart has 32177 rows, 40132 cols (86 bin., 0 int., 0 impl., 40046 cont., 0 dom.fix.), and 127248 nonzeros
         0       0         0   0.00%   -96574809.18291 -96574614.0413     0.00%       53      0      0     72989    70.4s
         0       0         0   0.00%   -96574809.17894 -96574614.0413     0.00%       53     48      0     78349    73.2s
65.1% inactive integer columns, restarting
Model after restart has 32022 rows, 40067 cols (22 bin., 0 int., 0 impl., 40045 cont., 0 dom.fix.), and 126129 nonzeros
         0       0         0   0.00%   -96574711.39835 -96574614.0413     0.00%       48      0      0     78356    75.4s
         0       0         0   0.00%   -96574711.39835 -96574614.0413     0.00%       48     47      0     78822    76.0s
27.3% inactive integer columns, restarting
Model after restart has 31897 rows, 40061 cols (16 bin., 0 int., 0 impl., 40045 cont., 0 dom.fix.), and 125748 nonzeros
         0       0         0   0.00%   -96574707.54748 -96574614.0413     0.00%       24      0      0     78823    78.1s
         0       0         0   0.00%   -96574707.54748 -96574614.0413     0.00%       24     24      0     78856    78.5s
         1       0         1 100.00%   -96574614.0413  -96574614.0413     0.00%       24     24     10     79326    80.7s
Solving report
  Status            Optimal
  Primal bound      -96574614.0413
  Dual bound        -96574614.0413
  Gap               0% (tolerance: 0%)
  P-D integral      0.000135515630968
  Solution status   feasible
                    -96574614.0413 (objective)
                    0 (bound viol.)
                    8.881784197e-16 (int. viol.)
                    0 (row viol.)
  Timing            80.66
  Max sub-MIP depth 3
  Nodes             1
  Repair LPs        0
  LP iterations     79326
                    441 (strong br.)
                    1959 (separation)
                    40899 (heuristics)
 80.848761 seconds (868.43 k allocations: 121.455 MiB)
Optimal solution found, objective function value: -9.657461404129997e7
Saving model results...  0.366957 seconds (4.27 M allocations: 149.144 MiB)
Postprocessing model results...  0.000137 seconds (48 allocations: 3.312 KiB)
Saving model outputs...  0.665981 seconds (2.76 M allocations: 170.359 MiB, 53.65% gc time)
Rolling model temporal structure...  0.565997 seconds (4.74 M allocations: 102.054 MiB)
Fixing model history...  0.058251 seconds (418.32 k allocations: 20.434 MiB)
Applying model non-anticipativity constraints...  0.000218 seconds (603 allocations: 32.203 KiB)
model - window 2 of 12: 2019-01-31T10:00~(4 weeks, 2 days, 10 hours)~>2019-03-02T20:00
Optimizing model...MIP has 119868 rows; 139893 cols; 309966 nonzeros; 2287 integer variables (0 binary)
Coefficient ranges:
  Matrix  [6e-03, 1e+05]
  Cost    [1e-03, 2e+09]
  Bound   [4e-03, 2e+04]
  RHS     [1e+00, 2e+03]
WARNING: Problem has some excessively large costs
WARNING:    Consider scaling the objective by 1e-4, or setting the user_objective_scale option to -12
Presolving model
78750 rows, 70758 cols, 220587 nonzeros 0s
37623 rows, 53398 cols, 181104 nonzeros 0s
35999 rows, 48404 cols, 175908 nonzeros 0s
Presolve reductions: rows 35999(-83869); columns 48404(-91489); nonzeros 175908(-134058)
Solving MIP model with:
   35999 rows
   48404 cols (1668 binary, 0 integer, 0 implied int., 46736 continuous, 0 domain fixed)
   175908 nonzeros
Src: B => Branching; C => Central rounding; F => Feasibility pump; H => Heuristic;
     I => Shifting; J => Feasibility jump; L => Sub-MIP; P => Empty MIP; R => Randomized rounding;
     S => Solve LP; T => Evaluate node; U => Unbounded; X => User solution; Y => HiGHS solution;
     Z => ZI Round; l => Trivial lower; p => Trivial point; u => Trivial upper; z => Trivial zero
        Nodes      |    B&B Tree     |            Objective Bounds              |  Dynamic Constraints |       Work
Src  Proc. InQueue |  Leaves   Expl. | BestBound       BestSol              Gap |   Cuts   InLp Confl. | LpIters     Time
         0       0         0   0.00%   -388971502.4004 inf                  inf        0      0      0         0     1.5s
         0       0         0   0.00%   -84439993.70632 inf                  inf        0      0      3     29110     6.7s
 R       0       0         0   0.00%   -84435634.79794 -84435602.52868    0.00%    13429    375      5     30726    11.9s
         1       0         1 100.00%   -84435602.52868 -84435602.52868    0.00%    11815    375      6     30924    12.5s
Solving report
  Status            Optimal
  Primal bound      -84435602.5287
  Dual bound        -84435602.5287
  Gap               0% (tolerance: 0%)
  P-D integral      2.30609168598e-07
  Solution status   feasible
                    -84435602.5287 (objective)
                    0 (bound viol.)
                    1.11022302463e-15 (int. viol.)
                    0 (row viol.)
  Timing            12.53
  Max sub-MIP depth 0
  Nodes             1
  Repair LPs        0
  LP iterations     30924
                    0 (strong br.)
                    1616 (separation)
                    198 (heuristics)
 12.569519 seconds (86 allocations: 3.531 KiB)
Optimal solution found, objective function value: -8.443560252868044e7
Saving model results...  0.430762 seconds (4.27 M allocations: 149.139 MiB)
Postprocessing model results...  0.000047 seconds (48 allocations: 3.312 KiB)
Saving model outputs...  0.303963 seconds (2.76 M allocations: 170.350 MiB)
Rolling model temporal structure...  0.516010 seconds (4.74 M allocations: 102.043 MiB)
Fixing model history...  0.046699 seconds (413.88 k allocations: 20.191 MiB)
Applying model non-anticipativity constraints...  0.000162 seconds (603 allocations: 32.203 KiB)
model - window 3 of 12: 2019-03-02T20:00~(4 weeks, 2 days, 10 hours)~>2019-04-02T06:00
Optimizing model...MIP has 119868 rows; 139893 cols; 310029 nonzeros; 2287 integer variables (0 binary)
Coefficient ranges:
  Matrix  [6e-03, 1e+05]
  Cost    [1e-03, 2e+09]
  Bound   [7e-03, 2e+04]
  RHS     [1e+00, 2e+03]
WARNING: Problem has some excessively large costs
WARNING:    Consider scaling the objective by 1e-4, or setting the user_objective_scale option to -12
Presolving model
78876 rows, 70884 cols, 220839 nonzeros 0s
37623 rows, 53461 cols, 181167 nonzeros 0s
36021 rows, 48597 cols, 176123 nonzeros 0s
Presolve reductions: rows 36021(-83847); columns 48597(-91296); nonzeros 176123(-133906)
Solving MIP model with:
   36021 rows
   48597 cols (1668 binary, 0 integer, 0 implied int., 46929 continuous, 0 domain fixed)
   176123 nonzeros
Src: B => Branching; C => Central rounding; F => Feasibility pump; H => Heuristic;
     I => Shifting; J => Feasibility jump; L => Sub-MIP; P => Empty MIP; R => Randomized rounding;
     S => Solve LP; T => Evaluate node; U => Unbounded; X => User solution; Y => HiGHS solution;
     Z => ZI Round; l => Trivial lower; p => Trivial point; u => Trivial upper; z => Trivial zero
        Nodes      |    B&B Tree     |            Objective Bounds              |  Dynamic Constraints |       Work
Src  Proc. InQueue |  Leaves   Expl. | BestBound       BestSol              Gap |   Cuts   InLp Confl. | LpIters     Time
         0       0         0   0.00%   -355742125.7699 inf                  inf        0      0      0         0     1.7s
         0       0         0   0.00%   -92326125.72063 inf                  inf        0      0      3     30577     9.0s
 R       0       0         0   0.00%   -92322202.04985 -92322137.87489    0.00%    12720    352      6     32490    14.8s
 L       0       0         0   0.00%   -92322202.04985 -92322137.87489    0.00%    12720    352      6     32490    25.2s
 L       0       0         0   0.00%   -92322202.04985 -92322137.87489    0.00%    12720    352      6     33166    31.3s
94.1% inactive integer columns, restarting
Model after restart has 31699 rows, 39762 cols (18 bin., 0 int., 0 impl., 39744 cont., 0 dom.fix.), and 125061 nonzeros
         0       0         0   0.00%   -92322202.04985 -92322137.87489    0.00%       22      0      0     33979    31.8s
         0       0         0   0.00%   -92322202.04985 -92322137.87489    0.00%       22     18      0     34794    32.8s
         0       0         0   0.00%   -92322162.15864 -92322137.87489    0.00%     2652     18      0     35260    38.8s
77.8% inactive integer columns, restarting
Model after restart has 31575 rows, 39740 cols (2 bin., 0 int., 0 impl., 39738 cont., 0 dom.fix.), and 124691 nonzeros
         0       0         0   0.00%   -92322162.15864 -92322137.87489    0.00%       11      0      0     35260    39.1s
         0       0         0   0.00%   -92322162.15864 -92322137.87489    0.00%       11     11      0     35502    39.9s
100.0% inactive integer columns, restarting
Model after restart has 31406 rows, 39738 cols (0 bin., 0 int., 0 impl., 39738 cont., 0 dom.fix.), and 124186 nonzeros
         0       0         0   0.00%   -92322137.89625 -92322137.87489    0.00%        1      0      0     35848    44.6s
         0       0         0   0.00%   -92322137.89625 -92322137.87489    0.00%        1      0      0     36088    45.1s
         0       0         1 100.00%   -92322137.87489 -92322137.87489    0.00%        1      0      0     36088    45.1s
Solving report
  Status            Optimal
  Primal bound      -92322137.8749
  Dual bound        -92322137.8749
  Gap               0% (tolerance: 0%)
  P-D integral      1.59040834052e-05
  Solution status   feasible
                    -92322137.8749 (objective)
                    0 (bound viol.)
                    7.54951656745e-15 (int. viol.)
                    0 (row viol.)
  Timing            45.14
  Max sub-MIP depth 1
  Nodes             0
  Repair LPs        0
  LP iterations     36088
                    0 (strong br.)
                    1917 (separation)
                    2293 (heuristics)
 45.168901 seconds (233 allocations: 9.766 KiB)
Optimal solution found, objective function value: -9.232213787489052e7
Saving model results...  0.358202 seconds (4.27 M allocations: 149.139 MiB)
Postprocessing model results...  0.000050 seconds (48 allocations: 3.312 KiB)
Saving model outputs...  0.283068 seconds (2.76 M allocations: 170.350 MiB)
Rolling model temporal structure...  0.568112 seconds (4.74 M allocations: 102.043 MiB)
Fixing model history...  0.051737 seconds (413.88 k allocations: 20.191 MiB)
Applying model non-anticipativity constraints...  0.000144 seconds (603 allocations: 32.203 KiB)
model - window 4 of 12: 2019-04-02T06:00~(4 weeks, 2 days, 10 hours)~>2019-05-02T16:00
Optimizing model...MIP has 119868 rows; 139893 cols; 310112 nonzeros; 2287 integer variables (0 binary)
Coefficient ranges:
  Matrix  [6e-03, 1e+05]
  Cost    [1e-03, 2e+09]
  Bound   [3e-16, 2e+04]
  RHS     [1e+00, 2e+03]
WARNING: Problem has some excessively large costs
WARNING: Problem has some excessively small column bounds
WARNING:    Consider scaling the objective by 1e-4, or setting the user_objective_scale option to -12
Presolving model
79042 rows, 71050 cols, 221171 nonzeros 0s
37623 rows, 53544 cols, 181250 nonzeros 0s
36170 rows, 49167 cols, 176813 nonzeros 0s
Presolve reductions: rows 36170(-83698); columns 49167(-90726); nonzeros 176813(-133299)
Solving MIP model with:
   36170 rows
   49167 cols (1667 binary, 0 integer, 0 implied int., 47500 continuous, 0 domain fixed)
   176813 nonzeros
Src: B => Branching; C => Central rounding; F => Feasibility pump; H => Heuristic;
     I => Shifting; J => Feasibility jump; L => Sub-MIP; P => Empty MIP; R => Randomized rounding;
     S => Solve LP; T => Evaluate node; U => Unbounded; X => User solution; Y => HiGHS solution;
     Z => ZI Round; l => Trivial lower; p => Trivial point; u => Trivial upper; z => Trivial zero
        Nodes      |    B&B Tree     |            Objective Bounds              |  Dynamic Constraints |       Work
Src  Proc. InQueue |  Leaves   Expl. | BestBound       BestSol              Gap |   Cuts   InLp Confl. | LpIters     Time
         0       0         0   0.00%   -355207026.5798 inf                  inf        0      0      0         0     1.6s
         0       0         0   0.00%   -41415868.41196 inf                  inf        0      0      3     31561     8.5s
 R       0       0         0   0.00%   -41411645.37796 -40878246.15976    1.30%     4803    417      9     33432    15.7s
 C       0       0         0   0.00%   -41411387.57712 -41411323.34607    0.00%     7557    431      9     33531    25.4s
 L       0       0         0   0.00%   -41411365.30243 -41411360.82607    0.00%     7557    431      9     33564    38.0s
         0       0         0   0.00%   -41411360.83646 -41411360.82607    0.00%     7573    432      9     34266    43.8s
 H       0       0         0   0.00%   -41411360.83646 -41411360.82607    0.00%     7573    432      9     34266    44.3s
 T       0       0         0   0.00%   -41411360.83646 -41411360.82607    0.00%     7573    432     11     34899    47.1s
         1       0         1 100.00%   -41411360.82607 -41411360.82607    0.00%     7573    432     11     34899    47.1s
Solving report
  Status            Optimal
  Primal bound      -41411360.8261
  Dual bound        -41411360.8261
  Gap               0% (tolerance: 0%)
  P-D integral      0.126890487847
  Solution status   feasible
                    -41411360.8261 (objective)
                    0 (bound viol.)
                    7.1054273576e-15 (int. viol.)
                    0 (row viol.)
  Timing            47.07
  Max sub-MIP depth 1
  Nodes             1
  Repair LPs        0
  LP iterations     34899
                    0 (strong br.)
                    1991 (separation)
                    1313 (heuristics)
 47.154144 seconds (107 allocations: 4.422 KiB)
Optimal solution found, objective function value: -4.141136082607308e7
Saving model results...  1.867259 seconds (4.27 M allocations: 149.139 MiB, 41.38% gc time)
Postprocessing model results...  0.000063 seconds (48 allocations: 3.312 KiB)
Saving model outputs...  0.991339 seconds (2.76 M allocations: 170.351 MiB)
Rolling model temporal structure...  1.808226 seconds (4.74 M allocations: 102.043 MiB)
Fixing model history...  0.111470 seconds (413.88 k allocations: 20.191 MiB)
Applying model non-anticipativity constraints...  0.000344 seconds (603 allocations: 32.203 KiB)
model - window 5 of 12: 2019-05-02T16:00~(4 weeks, 2 days, 10 hours)~>2019-06-02T02:00
Optimizing model...MIP has 119868 rows; 139893 cols; 310164 nonzeros; 2287 integer variables (0 binary)
Coefficient ranges:
  Matrix  [6e-03, 1e+05]
  Cost    [1e-03, 2e+09]
  Bound   [6e-17, 2e+04]
  RHS     [1e+00, 2e+03]
WARNING: Problem has some excessively large costs
WARNING: Problem has some excessively small column bounds
WARNING:    Consider scaling the objective by 1e-4, or setting the user_objective_scale option to -12
Presolving model
79146 rows, 71154 cols, 221379 nonzeros 0s
37623 rows, 53596 cols, 181302 nonzeros 0s
36214 rows, 49347 cols, 177066 nonzeros 2s
Presolve reductions: rows 36214(-83654); columns 49347(-90546); nonzeros 177066(-133098)
Solving MIP model with:
   36214 rows
   49347 cols (1668 binary, 0 integer, 0 implied int., 47679 continuous, 0 domain fixed)
   177066 nonzeros
Src: B => Branching; C => Central rounding; F => Feasibility pump; H => Heuristic;
     I => Shifting; J => Feasibility jump; L => Sub-MIP; P => Empty MIP; R => Randomized rounding;
     S => Solve LP; T => Evaluate node; U => Unbounded; X => User solution; Y => HiGHS solution;
     Z => ZI Round; l => Trivial lower; p => Trivial point; u => Trivial upper; z => Trivial zero
        Nodes      |    B&B Tree     |            Objective Bounds              |  Dynamic Constraints |       Work
Src  Proc. InQueue |  Leaves   Expl. | BestBound       BestSol              Gap |   Cuts   InLp Confl. | LpIters     Time
         0       0         0   0.00%   -348594345.9971 inf                  inf        0      0      0         0     5.0s
         0       0         0   0.00%   -45819864.01434 inf                  inf        0      0      3     30487    27.0s
         0       0         0   0.00%   -45819381.48472 inf                  inf     8464    247      6     31748    35.9s
 R       0       0         0   0.00%   -45814705.59987 -45814705.59987    0.00%    12184    471      6     32647    45.1s
         1       0         1 100.00%   -45814705.59987 -45814705.59987    0.00%    11930    471      6     32647    45.2s
Solving report
  Status            Optimal
  Primal bound      -45814705.5999
  Dual bound        -45814705.5999
  Gap               0% (tolerance: 0%)
  P-D integral      0
  Solution status   feasible
                    -45814705.5999 (objective)
                    0 (bound viol.)
                    9.99200722163e-16 (int. viol.)
                    0 (row viol.)
  Timing            45.24
  Max sub-MIP depth 0
  Nodes             1
  Repair LPs        0
  LP iterations     32647
                    0 (strong br.)
                    2160 (separation)
                    0 (heuristics)
 45.343744 seconds (37 allocations: 1.453 KiB)
Optimal solution found, objective function value: -4.581470559987326e7
Saving model results...  1.173463 seconds (4.27 M allocations: 149.138 MiB)
Postprocessing model results...  0.000124 seconds (48 allocations: 3.312 KiB)
Saving model outputs...  0.985144 seconds (2.76 M allocations: 170.350 MiB)
Rolling model temporal structure...  1.767953 seconds (4.74 M allocations: 102.043 MiB)
Fixing model history...  0.120322 seconds (413.88 k allocations: 20.191 MiB)
Applying model non-anticipativity constraints...  0.000378 seconds (603 allocations: 32.203 KiB)
model - window 6 of 12: 2019-06-02T02:00~(4 weeks, 2 days, 10 hours)~>2019-07-02T12:00
Optimizing model...MIP has 119868 rows; 139893 cols; 310176 nonzeros; 2287 integer variables (0 binary)
Coefficient ranges:
  Matrix  [6e-03, 1e+05]
  Cost    [1e-03, 2e+09]
  Bound   [3e-17, 2e+04]
  RHS     [1e+00, 2e+03]
WARNING: Problem has some excessively large costs
WARNING: Problem has some excessively small column bounds
WARNING:    Consider scaling the objective by 1e-4, or setting the user_objective_scale option to -12
Presolving model
79170 rows, 71178 cols, 221427 nonzeros 0s
37623 rows, 53608 cols, 181314 nonzeros 0s
36222 rows, 49422 cols, 177103 nonzeros 2s
Presolve reductions: rows 36222(-83646); columns 49422(-90471); nonzeros 177103(-133073)
Solving MIP model with:
   36222 rows
   49422 cols (1667 binary, 0 integer, 0 implied int., 47755 continuous, 0 domain fixed)
   177103 nonzeros
Src: B => Branching; C => Central rounding; F => Feasibility pump; H => Heuristic;
     I => Shifting; J => Feasibility jump; L => Sub-MIP; P => Empty MIP; R => Randomized rounding;
     S => Solve LP; T => Evaluate node; U => Unbounded; X => User solution; Y => HiGHS solution;
     Z => ZI Round; l => Trivial lower; p => Trivial point; u => Trivial upper; z => Trivial zero
        Nodes      |    B&B Tree     |            Objective Bounds              |  Dynamic Constraints |       Work
Src  Proc. InQueue |  Leaves   Expl. | BestBound       BestSol              Gap |   Cuts   InLp Confl. | LpIters     Time
         0       0         0   0.00%   -363416070.0454 inf                  inf        0      0      0         0     5.0s
         0       0         0   0.00%   -41634973.00244 inf                  inf        0      0      3     29492    25.8s
         0       0         0   0.00%   -41634141.33472 inf                  inf     9019    237      5     30823    33.4s
         0       0         0   0.00%   -41630456.28932 inf                  inf    13534    468      8     31774    41.4s
 R       0       0         0   0.00%   -41630120.93875 -41630064.90385    0.00%     5548    493      8     31964    48.9s
         0       0         0   0.00%   -41630120.93875 -41630064.90385    0.00%     5548    316      8     36242   122.8s
77.5% inactive integer columns, restarting
Model after restart has 32523 rows, 39064 cols (144 bin., 0 int., 0 impl., 38920 cont., 0 dom.fix.), and 127642 nonzeros
         0       0         0   0.00%   -41630120.93875 -41630064.90385    0.00%      250      0      0     36242   124.2s
12.5% inactive integer columns, restarting
Model after restart has 32421 rows, 39034 cols (118 bin., 0 int., 0 impl., 38916 cont., 0 dom.fix.), and 127018 nonzeros
         0       0         0   0.00%   -41630120.93875 -41630064.90385    0.00%      243      0      0     43982   133.7s
         0       0         0   0.00%   -41630120.93875 -41630064.90385    0.00%      243    241      0     45558   137.8s
         0       0         0   0.00%   -41630089.39493 -41630064.90385    0.00%      287    250      0     45916   144.8s
         0       0         0   0.00%   -41630089.39493 -41630064.90385    0.00%      287    183      0     46688   182.0s
83.9% inactive integer columns, restarting
Model after restart has 31839 rows, 38924 cols (13 bin., 0 int., 0 impl., 38911 cont., 0 dom.fix.), and 124972 nonzeros
         0       0         0   0.00%   -41630089.39493 -41630064.90385    0.00%      120      0      0     46688   182.6s
         0       0         0   0.00%   -41630089.39493 -41630064.90385    0.00%      120    119      0     46937   191.4s
         0       0         0   0.00%   -41630068.44658 -41630064.90385    0.00%      134    118      0     53174   209.9s
69.2% inactive integer columns, restarting
Model after restart has 31581 rows, 38916 cols (5 bin., 0 int., 0 impl., 38911 cont., 0 dom.fix.), and 124201 nonzeros
         0       0         0   0.00%   -41630068.44658 -41630064.90385    0.00%       64      0      0     53174   210.7s
         0       0         0   0.00%   -41630068.44658 -41630064.90385    0.00%       64     63      0     53283   212.0s
         0       0         0   0.00%   -41630064.93671 -41630064.90385    0.00%       77     66      1     53388   220.5s
100.0% inactive integer columns, restarting
Model after restart has 31240 rows, 38911 cols (0 bin., 0 int., 0 impl., 38911 cont., 0 dom.fix.), and 123180 nonzeros
         0       0         0   0.00%   -41630064.93671 -41630064.90385    0.00%        0      0      0     53388   221.1s
         0       0         0   0.00%   -41630064.93671 -41630064.90385    0.00%        0      0      0     53437   221.7s
         0       0         1 100.00%   -41630064.90385 -41630064.90385    0.00%        0      0      0     53437   221.9s
Solving report
  Status            Optimal
  Primal bound      -41630064.9039
  Dual bound        -41630064.9039
  Gap               0% (tolerance: 0%)
  P-D integral      0.000160624539226
  Solution status   feasible
                    -41630064.9039 (objective)
                    0 (bound viol.)
                    1.44328993201e-15 (int. viol.)
                    0 (row viol.)
  Timing            221.90
  Max sub-MIP depth 1
  Nodes             0
  Repair LPs        0
  LP iterations     53437
                    0 (strong br.)
                    2835 (separation)
                    11386 (heuristics)
221.962882 seconds (296 allocations: 12.438 KiB)
Optimal solution found, objective function value: -4.16300649038504e7
Saving model results...  1.099830 seconds (4.27 M allocations: 149.139 MiB)
Postprocessing model results...  0.000068 seconds (48 allocations: 3.312 KiB)
Saving model outputs...  1.629264 seconds (2.76 M allocations: 170.350 MiB, 41.71% gc time)
Rolling model temporal structure...  1.791112 seconds (4.74 M allocations: 102.043 MiB)
Fixing model history...  0.117818 seconds (413.88 k allocations: 20.191 MiB)
Applying model non-anticipativity constraints...  0.000296 seconds (603 allocations: 32.203 KiB)
model - window 7 of 12: 2019-07-02T12:00~(4 weeks, 2 days, 10 hours)~>2019-08-01T22:00
Optimizing model...MIP has 119868 rows; 139893 cols; 310173 nonzeros; 2287 integer variables (0 binary)
Coefficient ranges:
  Matrix  [6e-03, 1e+05]
  Cost    [1e-03, 2e+09]
  Bound   [1e-16, 2e+04]
  RHS     [1e+00, 2e+03]
WARNING: Problem has some excessively large costs
WARNING: Problem has some excessively small column bounds
WARNING:    Consider scaling the objective by 1e-4, or setting the user_objective_scale option to -12
Presolving model
79164 rows, 71172 cols, 221415 nonzeros 0s
37623 rows, 53605 cols, 181311 nonzeros 0s
36236 rows, 49445 cols, 177186 nonzeros 2s
Presolve reductions: rows 36236(-83632); columns 49445(-90448); nonzeros 177186(-132987)
Solving MIP model with:
   36236 rows
   49445 cols (1668 binary, 0 integer, 0 implied int., 47777 continuous, 0 domain fixed)
   177186 nonzeros
Src: B => Branching; C => Central rounding; F => Feasibility pump; H => Heuristic;
     I => Shifting; J => Feasibility jump; L => Sub-MIP; P => Empty MIP; R => Randomized rounding;
     S => Solve LP; T => Evaluate node; U => Unbounded; X => User solution; Y => HiGHS solution;
     Z => ZI Round; l => Trivial lower; p => Trivial point; u => Trivial upper; z => Trivial zero
        Nodes      |    B&B Tree     |            Objective Bounds              |  Dynamic Constraints |       Work
Src  Proc. InQueue |  Leaves   Expl. | BestBound       BestSol              Gap |   Cuts   InLp Confl. | LpIters     Time
         0       0         0   0.00%   -380815868.6866 inf                  inf        0      0      0         0     4.3s
         0       0         0   0.00%   -37774287.30883 inf                  inf        0      0      3     31454    35.7s
         0       0         0   0.00%   -37773584.84952 inf                  inf     8921    265      6     31765    41.1s
 R       0       0         0   0.00%   -37768537.30549 -37768396.94773    0.00%    13450    493      6     32399    49.0s
 L       0       0         0   0.00%   -37768537.30549 -37768487.76897    0.00%    13450    493      6     32399   136.4s
         0       0         0   0.00%   -37768495.62827 -37768487.76897    0.00%     2210    574      6     34320   142.3s
         1       0         1 100.00%   -37768487.76897 -37768487.76897    0.00%     2210    574      7     34324   143.1s
Solving report
  Status            Optimal
  Primal bound      -37768487.769
  Dual bound        -37768487.769
  Gap               0% (tolerance: 0%)
  P-D integral      0.000333003544203
  Solution status   feasible
                    -37768487.769 (objective)
                    0 (bound viol.)
                    0 (int. viol.)
                    0 (row viol.)
  Timing            143.13
  Max sub-MIP depth 3
  Nodes             1
  Repair LPs        0
  LP iterations     34324
                    0 (strong br.)
                    963 (separation)
                    1906 (heuristics)
143.218668 seconds (86 allocations: 3.531 KiB)
Optimal solution found, objective function value: -3.7768487768969156e7
Saving model results...  0.923035 seconds (4.27 M allocations: 149.138 MiB)
Postprocessing model results...  0.000097 seconds (48 allocations: 3.312 KiB)
Saving model outputs...  0.834983 seconds (2.76 M allocations: 170.351 MiB)
Rolling model temporal structure...  1.458199 seconds (4.74 M allocations: 102.043 MiB)
model - window 8 of 12: 2019-08-01T22:00~(4 weeks, 2 days, 10 hours)~>2019-09-01T08:00
Fixing model history...  0.092130 seconds (413.88 k allocations: 20.191 MiB)
Applying model non-anticipativity constraints...  0.000216 seconds (603 allocations: 32.203 KiB)
Optimizing model...MIP has 119868 rows; 139893 cols; 310126 nonzeros; 2287 integer variables (0 binary)
Coefficient ranges:
  Matrix  [6e-03, 1e+05]
  Cost    [1e-03, 2e+09]
  Bound   [2e-16, 2e+04]
  RHS     [1e+00, 2e+03]
WARNING: Problem has some excessively large costs
WARNING: Problem has some excessively small column bounds
WARNING:    Consider scaling the objective by 1e-4, or setting the user_objective_scale option to -12
Presolving model
79070 rows, 71078 cols, 221227 nonzeros 0s
37623 rows, 53558 cols, 181264 nonzeros 0s
36191 rows, 49242 cols, 176938 nonzeros 1s
Presolve reductions: rows 36191(-83677); columns 49242(-90651); nonzeros 176938(-133188)
Solving MIP model with:
   36191 rows
   49242 cols (1668 binary, 0 integer, 0 implied int., 47574 continuous, 0 domain fixed)
   176938 nonzeros
Src: B => Branching; C => Central rounding; F => Feasibility pump; H => Heuristic;
     I => Shifting; J => Feasibility jump; L => Sub-MIP; P => Empty MIP; R => Randomized rounding;
Optimal solution found, objective function value: -3.2844561144867536e7
     S => Solve LP; T => Evaluate node; U => Unbounded; X => User solution; Y => HiGHS solution;
     Z => ZI Round; l => Trivial lower; p => Trivial point; u => Trivial upper; z => Trivial zero
        Nodes      |    B&B Tree     |            Objective Bounds              |  Dynamic Constraints |       Work
Src  Proc. InQueue |  Leaves   Expl. | BestBound       BestSol              Gap |   Cuts   InLp Confl. | LpIters     Time
         0       0         0   0.00%   -370536722.3665 inf                  inf        0      0      0         0     3.9s
         0       0         0   0.00%   -32849284.92548 inf                  inf        0      0      3     31372    22.3s
         0       0         0   0.00%   -32848837.31131 inf                  inf     9756    215      6     32809    29.0s
 R       0       0         0   0.00%   -32845348.02713 -32844561.14487    0.00%    14129    416      6     34141    36.0s
 L       0       0         0   0.00%   -32845348.02713 -32844561.14487    0.00%    14129    416      6     34141    83.1s
 L       0       0         0   0.00%   -32845348.02713 -32844561.14487    0.00%    14129    416      6     35527    98.2s
11.7% inactive integer columns, restarting
Model after restart has 33952 rows, 40092 cols (1348 bin., 0 int., 0 impl., 38744 cont., 0 dom.fix.), and 156485 nonzeros
         0       0         0   0.00%   -32845348.02713 -32844561.14487    0.00%      340      0      0     35909   101.4s
         0       0         0   0.00%   -32845348.02713 -32844561.14487    0.00%      340    231      2     40683   109.9s
         0       0         0   0.00%   -32844576.50764 -32844561.14487    0.00%    11904    270      2     41021   115.8s
         0       0         0   0.00%   -32844576.50764 -32844561.14487    0.00%    11905    208      4     43121   121.8s
98.1% inactive integer columns, restarting
Model after restart has 31327 rows, 38738 cols (1 bin., 0 int., 0 impl., 38737 cont., 0 dom.fix.), and 123337 nonzeros
         0       0         0   0.00%   -32844576.50764 -32844561.14487    0.00%       14      0      0     43121   122.7s
         0       0         0   0.00%   -32844576.50764 -32844561.14487    0.00%       14     13      0     43354   124.2s
         0       0         0   0.00%   -32844561.1638  -32844561.14487    0.00%     2365     14      0     43365   129.4s
100.0% inactive integer columns, restarting
Model after restart has 31202 rows, 38737 cols (0 bin., 0 int., 0 impl., 38737 cont., 0 dom.fix.), and 122963 nonzeros
         0       0         0   0.00%   -32844561.1638  -32844561.14487    0.00%        0      0      0     43365   130.3s
         0       0         0   0.00%   -32844561.1638  -32844561.14487    0.00%        0      0      0     43387   131.0s
         0       0         1 100.00%   -32844561.14487 -32844561.14487    0.00%        0      0      0     43387   131.1s
Solving report
  Status            Optimal
  Primal bound      -32844561.1449
  Dual bound        -32844561.1449
  Gap               0% (tolerance: 0%)
  P-D integral      0.00191846832987
  Solution status   feasible
                    -32844561.1449 (objective)
                    0 (bound viol.)
                    4.4408920985e-15 (int. viol.)
                    0 (row viol.)
  Timing            131.13
  Max sub-MIP depth 1
  Nodes             0
  Repair LPs        0
  LP iterations     43387
                    0 (strong br.)
                    3118 (separation)
                    3868 (heuristics)
131.201231 seconds (226 allocations: 9.469 KiB)
Saving model results...  1.148214 seconds (4.27 M allocations: 149.139 MiB)
Postprocessing model results...  0.000047 seconds (48 allocations: 3.312 KiB)
Saving model outputs...  0.897448 seconds (2.76 M allocations: 170.350 MiB)
Rolling model temporal structure...  2.320102 seconds (4.74 M allocations: 102.043 MiB, 27.66% gc time)
Fixing model history...  0.125379 seconds (413.88 k allocations: 20.191 MiB)
Applying model non-anticipativity constraints...  0.000215 seconds (603 allocations: 32.203 KiB)
model - window 9 of 12: 2019-09-01T08:00~(4 weeks, 2 days, 10 hours)~>2019-10-01T18:00
Optimizing model...MIP has 119868 rows; 139893 cols; 310068 nonzeros; 2287 integer variables (0 binary)
Coefficient ranges:
  Matrix  [6e-03, 1e+05]
  Cost    [1e-03, 2e+09]
  Bound   [1e-17, 2e+04]
  RHS     [1e+00, 2e+03]
WARNING: Problem has some excessively large costs
WARNING: Problem has some excessively small column bounds
WARNING:    Consider scaling the objective by 1e-4, or setting the user_objective_scale option to -12
Presolving model
78954 rows, 70962 cols, 220995 nonzeros 0s
37623 rows, 53500 cols, 181206 nonzeros 0s
36097 rows, 48833 cols, 176435 nonzeros 2s
Presolve reductions: rows 36097(-83771); columns 48833(-91060); nonzeros 176435(-133633)
Solving MIP model with:
   36097 rows
   48833 cols (1668 binary, 0 integer, 0 implied int., 47165 continuous, 0 domain fixed)
   176435 nonzeros
Src: B => Branching; C => Central rounding; F => Feasibility pump; H => Heuristic;
     I => Shifting; J => Feasibility jump; L => Sub-MIP; P => Empty MIP; R => Randomized rounding;
     S => Solve LP; T => Evaluate node; U => Unbounded; X => User solution; Y => HiGHS solution;
     Z => ZI Round; l => Trivial lower; p => Trivial point; u => Trivial upper; z => Trivial zero
        Nodes      |    B&B Tree     |            Objective Bounds              |  Dynamic Constraints |       Work
Src  Proc. InQueue |  Leaves   Expl. | BestBound       BestSol              Gap |   Cuts   InLp Confl. | LpIters     Time
         0       0         0   0.00%   -345073357.6707 inf                  inf        0      0      0         0     4.9s
         0       0         0   0.00%   -68082173.46117 inf                  inf        0      0      3     29870    22.2s
 R       0       0         0   0.00%   -68081778.79377 2.72829199e+11   100.02%     9341    207      3     31001    35.6s
         0       0         0   0.00%   -68077929.27496 2.72829199e+11   100.02%    14367    399      3     31597    41.3s
         0       0         0   0.00%   -68077922.47448 2.72829199e+11   100.02%      581    409      3     31635    46.9s
         0       0         0   0.00%   -68077922.27398 2.72829199e+11   100.02%      589    410      3     31640    52.7s
 C       0       0         0   0.00%   -68077909.00166 -68077853.99991    0.00%      591    411      3     31734    59.3s
 L       0       0         0   0.00%   -68077909.00166 -68077904.15991    0.00%      591    411      3     31734    63.0s
Optimal solution found, objective function value: -6.807790415991403e7
         1       0         1 100.00%   -68077904.15991 -68077904.15991    0.00%      591    411      3     32130    63.2s
Solving report
  Status            Optimal
  Primal bound      -68077904.1599
  Dual bound        -68077904.1599
  Gap               0% (tolerance: 0%)
  P-D integral      23.5938349142
  Solution status   feasible
                    -68077904.1599 (objective)
                    0 (bound viol.)
                    0 (int. viol.)
                    0 (row viol.)
  Timing            63.21
  Max sub-MIP depth 1
  Nodes             1
  Repair LPs        0
  LP iterations     32130
                    0 (strong br.)
                    1864 (separation)
                    386 (heuristics)
 63.307091 seconds (93 allocations: 3.828 KiB)
Saving model results...  1.150469 seconds (4.27 M allocations: 149.138 MiB)
Postprocessing model results...  0.000065 seconds (48 allocations: 3.312 KiB)
Saving model outputs...  0.945406 seconds (2.76 M allocations: 170.350 MiB)
Rolling model temporal structure...  1.712888 seconds (4.74 M allocations: 102.043 MiB)
Fixing model history...  0.106873 seconds (413.88 k allocations: 20.191 MiB)
Applying model non-anticipativity constraints...  0.000237 seconds (603 allocations: 32.203 KiB)
model - window 10 of 12: 2019-10-01T18:00~(4 weeks, 2 days, 10 hours)~>2019-11-01T04:00
Optimizing model...MIP has 119868 rows; 139893 cols; 310000 nonzeros; 2287 integer variables (0 binary)
Coefficient ranges:
  Matrix  [6e-03, 1e+05]
  Cost    [1e-03, 2e+09]
  Bound   [7e-17, 2e+04]
  RHS     [1e+00, 2e+03]
WARNING: Problem has some excessively large costs
WARNING: Problem has some excessively small column bounds
WARNING:    Consider scaling the objective by 1e-4, or setting the user_objective_scale option to -12
Presolving model
78818 rows, 70826 cols, 220723 nonzeros 0s
37623 rows, 53432 cols, 181138 nonzeros 0s
36054 rows, 48584 cols, 176143 nonzeros 2s
Presolve reductions: rows 36054(-83814); columns 48584(-91309); nonzeros 176143(-133857)
Solving MIP model with:
   36054 rows
   48584 cols (1668 binary, 0 integer, 0 implied int., 46916 continuous, 0 domain fixed)
   176143 nonzeros
Src: B => Branching; C => Central rounding; F => Feasibility pump; H => Heuristic;
     I => Shifting; J => Feasibility jump; L => Sub-MIP; P => Empty MIP; R => Randomized rounding;
     S => Solve LP; T => Evaluate node; U => Unbounded; X => User solution; Y => HiGHS solution;
     Z => ZI Round; l => Trivial lower; p => Trivial point; u => Trivial upper; z => Trivial zero
        Nodes      |    B&B Tree     |            Objective Bounds              |  Dynamic Constraints |       Work
Src  Proc. InQueue |  Leaves   Expl. | BestBound       BestSol              Gap |   Cuts   InLp Confl. | LpIters     Time
         0       0         0   0.00%   -353873776.5168 inf                  inf        0      0      0         0     5.1s
         0       0         0   0.00%   -57204768.68114 inf                  inf        0      0      2     30150    21.5s
         0       0         0   0.00%   -57204159.17786 inf                  inf     9393    227      5     31376    27.4s
 R       0       0         0   0.00%   -57200017.72142 -57199751.05237    0.00%    14224    443      5     32296    34.0s
         0       0         0   0.00%   -57200017.72142 -57199751.05237    0.00%    14224    333      5     35829    55.8s
95.2% inactive integer columns, restarting
Model after restart has 31525 rows, 39207 cols (57 bin., 0 int., 0 impl., 39150 cont., 0 dom.fix.), and 124765 nonzeros
         0       0         0   0.00%   -57200017.72142 -57199751.05237    0.00%       64      0      0     35829    56.7s
         0       0         0   0.00%   -57200017.71793 -57199751.05237    0.00%       64     60      0     36921    58.4s
         1       0         1 100.00%   -57199751.05237 -57199751.05237    0.00%     4077     69      3     37039    64.2s
Solving report
  Status            Optimal
  Primal bound      -57199751.0524
  Dual bound        -57199751.0524
  Gap               0% (tolerance: 0%)
  P-D integral      0.000137245317915
  Solution status   feasible
                    -57199751.0524 (objective)
                    0 (bound viol.)
                    7.1054273576e-16 (int. viol.)
                    0 (row viol.)
  Timing            64.20
  Max sub-MIP depth 1
  Nodes             1
  Repair LPs        0
  LP iterations     37039
                    0 (strong br.)
                    2161 (separation)
                    3636 (heuristics)
 64.292719 seconds (135 allocations: 5.609 KiB)
Optimal solution found, objective function value: -5.7199751052371696e7
Saving model results...  0.953205 seconds (4.27 M allocations: 149.139 MiB)
Postprocessing model results...  0.000065 seconds (48 allocations: 3.312 KiB)
Saving model outputs...  0.876139 seconds (2.76 M allocations: 170.350 MiB)
Rolling model temporal structure...  1.537095 seconds (4.74 M allocations: 102.043 MiB)
Fixing model history...  0.109309 seconds (413.88 k allocations: 20.191 MiB)
Applying model non-anticipativity constraints...  0.000159 seconds (603 allocations: 32.203 KiB)
model - window 11 of 12: 2019-11-01T04:00~(4 weeks, 2 days, 10 hours)~>2019-12-01T14:00
Optimizing model...MIP has 119868 rows; 139893 cols; 309934 nonzeros; 2287 integer variables (0 binary)
Coefficient ranges:
  Matrix  [6e-03, 1e+05]
  Cost    [1e-03, 2e+09]
  Bound   [2e-15, 2e+04]
  RHS     [1e+00, 2e+03]
WARNING: Problem has some excessively large costs
WARNING: Problem has some excessively small column bounds
WARNING:    Consider scaling the objective by 1e-4, or setting the user_objective_scale option to -12
Presolving model
78686 rows, 70694 cols, 220459 nonzeros 0s
37623 rows, 53366 cols, 181072 nonzeros 0s
35990 rows, 48265 cols, 175760 nonzeros 2s
Presolve reductions: rows 35990(-83878); columns 48265(-91628); nonzeros 175760(-134174)
Solving MIP model with:
   35990 rows
   48265 cols (1668 binary, 0 integer, 0 implied int., 46597 continuous, 0 domain fixed)
   175760 nonzeros
Src: B => Branching; C => Central rounding; F => Feasibility pump; H => Heuristic;
     I => Shifting; J => Feasibility jump; L => Sub-MIP; P => Empty MIP; R => Randomized rounding;
     S => Solve LP; T => Evaluate node; U => Unbounded; X => User solution; Y => HiGHS solution;
     Z => ZI Round; l => Trivial lower; p => Trivial point; u => Trivial upper; z => Trivial zero
        Nodes      |    B&B Tree     |            Objective Bounds              |  Dynamic Constraints |       Work
Src  Proc. InQueue |  Leaves   Expl. | BestBound       BestSol              Gap |   Cuts   InLp Confl. | LpIters     Time
         0       0         0   0.00%   -389411669.9193 inf                  inf        0      0      0         0     4.2s
         0       0         0   0.00%   -68717835.70482 inf                  inf        0      0      2     29478    35.1s
 R       0       0         0   0.00%   -68711850.16852 -68711678.44425    0.00%    14650    386      5     30281    44.5s
         0       0         0   0.00%   -68711850.16852 -68711678.44425    0.00%    14650    310      5     32541    84.7s
90.3% inactive integer columns, restarting
Model after restart has 31798 rows, 39188 cols (61 bin., 0 int., 0 impl., 39127 cont., 0 dom.fix.), and 125149 nonzeros
         0       0         0   0.00%   -68711850.16852 -68711678.44425    0.00%       59      0      0     32541    85.7s
31.1% inactive integer columns, restarting
Model after restart has 31681 rows, 39161 cols (38 bin., 0 int., 0 impl., 39123 cont., 0 dom.fix.), and 124682 nonzeros
         0       0         0   0.00%   -68711841.76944 -68711678.44425    0.00%       53      0      0     33487    88.4s
         0       0         0   0.00%   -68711841.76944 -68711678.44425    0.00%       53     53      0     33608    89.6s
         0       0         0   0.00%   -68711687.4998  -68711678.44425    0.00%     3680     54      0     33609    94.9s
         0       0         0   0.00%   -68711687.4998  -68711678.44425    0.00%     3680     54      0     34023  6872.0s
Solving report
  Status            Time limit reached
  Primal bound      -68711678.4443
  Dual bound        -68711687.4998
  Gap               1.3e-05% (tolerance: 0%)
  P-D integral      0.00101851545573
  Solution status   feasible
                    -68711678.4443 (objective)
                    0 (bound viol.)
                    1.52655665886e-15 (int. viol.)
                    0 (row viol.)
  Timing            6872.05
  Max sub-MIP depth 1
  Nodes             0
  Repair LPs        0
  LP iterations     34023
                    0 (strong br.)
                    804 (separation)
                    2674 (heuristics)
6872.160032 seconds (128 allocations: 5.312 KiB)
Feasible solution found, objective function value: -6.871167844425142e7
Saving model results...  1.783949 seconds (4.27 M allocations: 149.139 MiB)
Postprocessing model results...  0.000081 seconds (48 allocations: 3.312 KiB)
Saving model outputs...1566.598491 seconds (2.76 M allocations: 170.369 MiB, 0.05% gc time)
model - window 12 of 12: 2019-12-01T14:00~(4 weeks, 2 days, 10 hours)~>2020-01-01T00:00
Rolling model temporal structure...  1.882326 seconds (4.74 M allocations: 101.998 MiB)
Fixing model history...  0.151780 seconds (413.88 k allocations: 20.191 MiB)
Applying model non-anticipativity constraints...  0.000222 seconds (603 allocations: 32.203 KiB)
Optimizing model...MIP has 119868 rows; 139893 cols; 309882 nonzeros; 2287 integer variables (0 binary)
Coefficient ranges:
  Matrix  [6e-03, 1e+05]
  Cost    [1e-03, 2e+09]
  Bound   [2e-02, 2e+04]
  RHS     [1e+00, 2e+03]
WARNING: Problem has some excessively large costs
WARNING:    Consider scaling the objective by 1e-4, or setting the user_objective_scale option to -12
Presolving model
78582 rows, 70590 cols, 220251 nonzeros 0s
37623 rows, 53314 cols, 181020 nonzeros 1s
35900 rows, 47959 cols, 175364 nonzeros 5s
Presolve reductions: rows 35900(-83968); columns 47959(-91934); nonzeros 175364(-134518)
Solving MIP model with:
   35900 rows
   47959 cols (1668 binary, 0 integer, 0 implied int., 46291 continuous, 0 domain fixed)
   175364 nonzeros
Src: B => Branching; C => Central rounding; F => Feasibility pump; H => Heuristic;
     I => Shifting; J => Feasibility jump; L => Sub-MIP; P => Empty MIP; R => Randomized rounding;
     S => Solve LP; T => Evaluate node; U => Unbounded; X => User solution; Y => HiGHS solution;
     Z => ZI Round; l => Trivial lower; p => Trivial point; u => Trivial upper; z => Trivial zero
        Nodes      |    B&B Tree     |            Objective Bounds              |  Dynamic Constraints |       Work
Src  Proc. InQueue |  Leaves   Expl. | BestBound       BestSol              Gap |   Cuts   InLp Confl. | LpIters     Time
         0       0         0   0.00%   -367158343.4694 inf                  inf        0      0      0         0    10.1s
         0       0         0   0.00%   -103599664.621  inf                  inf        0      0      2     30572    24.4s
         0       0         0   0.00%   -103599269.371  inf                  inf     8413    175      5     31707    30.0s
 R       0       0         0   0.00%   -103596182.5376 -103596020.9078    0.00%    13087    367      5     32327    35.0s
         0       0         0   0.00%   -103596182.5376 -103596020.9078    0.00%    13087    281      5     33232    62.2s
93.6% inactive integer columns, restarting
Model after restart has 31769 rows, 39826 cols (48 bin., 0 int., 0 impl., 39778 cont., 0 dom.fix.), and 125426 nonzeros
         0       0         0   0.00%   -103596182.5376 -103596020.9078    0.00%       24      0      0     33232    62.7s
         0       0         0   0.00%   -103596182.5376 -103596020.9078    0.00%       24     23      0     33807    64.2s
         0       0         0   0.00%   -103596174.4016 -103596020.9078    0.00%     1346     27      0     33811    70.2s
         0       0         0   0.00%   -103596164.0406 -103596020.9078    0.00%     2635     33      0     33817    77.7s
         0       0         0   0.00%   -103596164.0406 -103596020.9078    0.00%     2635     32      0     63409   120.8s
10.4% inactive integer columns, restarting
Model after restart has 31741 rows, 39812 cols (37 bin., 0 int., 0 impl., 39775 cont., 0 dom.fix.), and 125301 nonzeros
         0       0         0   0.00%   -103596164.0406 -103596020.9078    0.00%       32      0      0     63409   121.0s
         0       0         0   0.00%   -103596164.0406 -103596020.9078    0.00%       32     32      0     63453   121.5s
10.8% inactive integer columns, restarting
Model after restart has 31729 rows, 39804 cols (32 bin., 0 int., 0 impl., 39772 cont., 0 dom.fix.), and 125265 nonzeros
         0       0         0   0.00%   -103596155.0426 -103596020.9078    0.00%       27      0      0     63456   124.2s
         0       0         0   0.00%   -103596155.0426 -103596020.9078    0.00%       27     27      0     63484   124.6s
         0       0         0   0.00%   -103596142.0225 -103596020.9078    0.00%     3816     33      0     63490   131.3s
12.5% inactive integer columns, restarting
Model after restart has 31724 rows, 39799 cols (28 bin., 0 int., 0 impl., 39771 cont., 0 dom.fix.), and 125224 nonzeros
         0       0         0   0.00%   -103596142.0225 -103596020.9078    0.00%       30      0      0     63490   131.6s
         0       0         0   0.00%   -103596142.0225 -103596020.9078    0.00%       30     30      0     63578   132.1s
         0       0         0   0.00%   -103596135.9109 -103596020.9078    0.00%     3692     33      0     63581   139.2s
         0       0         0   0.00%   -103596129.7993 -103596020.9078    0.00%     6074     36      0     63584   145.7s
         0       0         0   0.00%   -103596123.6878 -103596020.9078    0.00%     8058     39      0     63587   152.3s
10.7% inactive integer columns, restarting
Model after restart has 31722 rows, 39796 cols (25 bin., 0 int., 0 impl., 39771 cont., 0 dom.fix.), and 125193 nonzeros
        Nodes      |    B&B Tree     |            Objective Bounds              |  Dynamic Constraints |       Work
Src  Proc. InQueue |  Leaves   Expl. | BestBound       BestSol              Gap |   Cuts   InLp Confl. | LpIters     Time
         0       0         0   0.00%   -103596119.6134 -103596020.9078    0.00%       41      0      0     63589   156.9s
         0       0         0   0.00%   -103596119.6134 -103596020.9078    0.00%       41     41      0     63631   157.2s
Optimal solution found, objective function value: -1.0359602090777442e8
         0       0         0   0.00%   -103596113.5018 -103596020.9078    0.00%     3596     44      0     63634   164.1s
         0       0         0   0.00%   -103596107.3903 -103596020.9078    0.00%     6076     47      0     63637   171.1s
12.0% inactive integer columns, restarting
Model after restart has 31717 rows, 39792 cols (21 bin., 0 int., 0 impl., 39771 cont., 0 dom.fix.), and 125170 nonzeros
         0       0         0   0.00%   -103596107.3903 -103596020.9078    0.00%       47      0      0     63637   171.3s
         0       0         0   0.00%   -103596107.3903 -103596020.9078    0.00%       47     47      0     63685   171.6s
         0       0         0   0.00%   -103596101.2787 -103596020.9078    0.00%     3486     50      0     63688   178.3s
         0       0         0   0.00%   -103596095.1671 -103596020.9078    0.00%     5907     53      0     63691   184.9s
71.4% inactive integer columns, restarting
Model after restart has 31667 rows, 39768 cols (2 bin., 0 int., 0 impl., 39766 cont., 0 dom.fix.), and 124979 nonzeros
         0       0         0   0.00%   -103596027.9297 -103596020.9078    0.00%       51      0      0     63694   187.3s
         0       0         0   0.00%   -103596027.9297 -103596020.9078    0.00%       51     51      0     63790   187.8s
50.0% inactive integer columns, restarting
Model after restart has 31564 rows, 39767 cols (1 bin., 0 int., 0 impl., 39766 cont., 0 dom.fix.), and 124671 nonzeros
         0       0         0   0.00%   -103596026.6618 -103596020.9078    0.00%        0      0      0     63791   190.3s
         0       0         0   0.00%   -103596026.6618 -103596020.9078    0.00%        0      0      0     63791   190.4s
         1       0         1 100.00%   -103596020.9078 -103596020.9078    0.00%        1      1      1     63864   195.2s
Solving report
  Status            Optimal
  Primal bound      -103596020.908
  Dual bound        -103596020.908
  Gap               0% (tolerance: 0%)
  P-D integral      0.000192113883055
  Solution status   feasible
                    -103596020.908 (objective)
                    0 (bound viol.)
                    1.98663308026e-12 (int. viol.)
                    0 (row viol.)
  Timing            195.16
  Max sub-MIP depth 2
  Nodes             1
  Repair LPs        0
  LP iterations     63864
                    69 (strong br.)
                    1804 (separation)
                    30497 (heuristics)
195.321919 seconds (548 allocations: 23.125 KiB)
Saving model results...  0.440125 seconds (4.27 M allocations: 149.139 MiB)
Postprocessing model results...  0.000081 seconds (48 allocations: 3.312 KiB)
Saving model outputs...  0.320324 seconds (2.76 M allocations: 170.351 MiB)
Rolling model temporal structure...  0.000079 seconds (47 allocations: 1.312 KiB)
Rolling complete
Solve complete. Started at 2026-07-31T15:13:22.226, ended at 2026-07-31T17:52:14.109, elapsed time: 2 hours, 38 minutes, 51 seconds, 883 milliseconds
Time summary:
Action                                           │ min       │ max         │ avg
─────────────────────────────────────────────────┼───────────┼─────────────┼───────────────────────
Postprocessing model results...                  │ 4.7e-5    │ 0.000137    │ 7.708333333333333e-5
Fixing model history...                          │ 0.046699  │ 0.15178     │ 0.09925163636363638
Applying model non-anticipativity constraints... │ 0.000144  │ 0.000378    │ 0.00023554545454545453
Rolling model temporal structure...              │ 7.9e-5    │ 2.320102    │ 1.3273415833333333
Saving model results...                          │ 0.358202  │ 1.867259    │ 0.9746225000000001
Optimizing model...                              │ 12.569519 │ 6872.160032 │ 660.2124675833333
Saving model outputs...                          │ 0.283068  │ 1566.598491 │ 131.27762916666669
Writing report to sqlite:///C:\Users\jfg.eco\Documents\GitHub\Nord_H2ub\Spine_Projects\02_basic_energy_model\.spinetoolbox\items\outputtest\OutputTest.sqlite?spinedbfilter=cfg%3Aexecution%3A%7B%22execution_item%22%3A+%22Run+SpineOpt%22%2C+%22scenarios%22%3A+%5B%5D%2C+%22timestamp%22%3A+%222026-07-31T15%3A07%3A28%22%7D...  3.789364 seconds (22.22 M allocations: 1.330 GiB, 10.88% gc time)
Execution complete. Started at 2026-07-31T15:07:31.545, ended at 2026-07-31T17:52:36.402, elapsed time: 2 hours, 45 minutes, 4 seconds, 857 milliseconds
A JuMP Model
├ solver: HiGHS
├ objective_sense: MIN_SENSE
│ └ objective_function_type: JuMP.AffExpr
├ num_variables: 139893
├ num_constraints: 248178
│ ├ JuMP.AffExpr in MOI.EqualTo{Float64}: 33672
│ ├ JuMP.AffExpr in MOI.GreaterThan{Float64}: 30688
│ ├ JuMP.AffExpr in MOI.LessThan{Float64}: 55508
│ ├ JuMP.VariableRef in MOI.EqualTo{Float64}: 900
│ ├ JuMP.VariableRef in MOI.GreaterThan{Float64}: 121442
│ ├ JuMP.VariableRef in MOI.LessThan{Float64}: 3681
│ └ JuMP.VariableRef in MOI.Integer: 2287
└ Names registered in the model: none
