### Spine execution log file
### Item name: Run SpineOpt
### Filter id: 
### Part: 1

# Running julia run_spineopt.jl http://127.0.0.1:50575 http://127.0.0.1:50578
2-element Vector{String}:
 "http://127.0.0.1:50575"
 "http://127.0.0.1:50578"
Running SpineOpt...
[SpineOpt version 0.10.2 (git hash: N/A)]
[SpineInterface version 0.15.2 (git hash: N/A)]
Execution started at 2026-01-16T14:17:17.559
Reading input data from sqlite:///C:\Users\jfg.eco\Documents\Nord_H2ub\Spine_Projects\02_basic_energy_model\.spinetoolbox\items\input\Input.sqlite...
Initializing  data structure from db...  0.460684 seconds (428.94 k allocations: 52.432 MiB, 19.06% compilation time)
Preprocessing  data structure...  0.816566 seconds (74.57 k allocations: 4.436 MiB, 96.58% compilation time)
Checking  data structure...  0.008772 seconds (5.67 k allocations: 472.375 KiB, 94.63% compilation time)
Build started at 2026-01-16T14:17:18.883
Creating model temporal structure...[ Info: the last time slice of temporal block Default_Investment_period has been cut to fit within the block
[ Info: the last time slice of temporal block daily has been cut to fit within the block
146.251991 seconds (433.57 M allocations: 20.832 GiB, 87.97% gc time, 0.01% compilation time)
Creating model stochastic structure... 10.739193 seconds (2.80 M allocations: 600.251 MiB, 97.29% gc time, 0.06% compilation time)
Adding model independent variables...
- [variable_binary_gas_connection_flow]  0.318920 seconds (2.33 M allocations: 35.609 MiB, 89.64% gc time)
- [variable_connection_flow]  3.304485 seconds (2.83 M allocations: 94.730 MiB, 96.21% gc time, 1.82% compilation time)
- [variable_connection_intact_flow]  0.093557 seconds (2.74 M allocations: 85.064 MiB, 37.84% gc time)
- [variable_connections_decommissioned]  0.046173 seconds (2.34 M allocations: 36.097 MiB, 25.76% gc time)
- [variable_connections_invested]  4.961478 seconds (15.84 M allocations: 1.282 GiB, 83.49% gc time)
- [variable_connections_invested_available] 11.553131 seconds (16.51 M allocations: 1.319 GiB, 92.48% gc time, 0.06% compilation time)
- [variable_min_capacity_margin_slack]  0.046957 seconds (2.33 M allocations: 35.577 MiB, 30.17% gc time)
- [variable_node_injection]  0.065297 seconds (2.57 M allocations: 60.692 MiB, 20.33% gc time)
- [variable_node_pressure]  0.049956 seconds (2.33 M allocations: 35.580 MiB, 31.08% gc time)
- [variable_node_slack_neg]  0.062963 seconds (2.55 M allocations: 57.010 MiB, 20.99% gc time)
- [variable_node_slack_pos]  0.066175 seconds (2.55 M allocations: 57.012 MiB, 24.09% gc time)
- [variable_node_state]  0.078775 seconds (2.40 M allocations: 41.821 MiB, 18.03% gc time, 30.00% compilation time)
- [variable_node_voltage_angle]  0.059620 seconds (2.33 M allocations: 35.579 MiB, 37.94% gc time)
- [variable_nonspin_units_shut_down]  0.055195 seconds (2.33 M allocations: 35.589 MiB, 33.33% gc time)
- [variable_nonspin_units_started_up]  0.047803 seconds (2.33 M allocations: 35.583 MiB, 21.92% gc time)
- [variable_storages_decommissioned]  0.046740 seconds (2.33 M allocations: 35.755 MiB, 24.13% gc time)
- [variable_storages_invested]  0.281381 seconds (4.37 M allocations: 254.474 MiB, 35.42% gc time, 2.64% compilation time)
- [variable_storages_invested_available]  0.311319 seconds (4.37 M allocations: 254.482 MiB, 43.90% gc time)
- [variable_unit_flow]  3.649647 seconds (2.99 M allocations: 154.377 MiB, 96.04% gc time, 1.27% compilation time)
- [variable_unit_flow_op]  0.061354 seconds (2.45 M allocations: 50.734 MiB, 24.51% gc time)
- [variable_unit_flow_op_active]  0.062230 seconds (2.47 M allocations: 53.190 MiB, 25.21% gc time)
- [variable_units_invested]  4.781827 seconds (15.16 M allocations: 1.191 GiB, 83.40% gc time)
- [variable_units_invested_available]  8.547390 seconds (15.79 M allocations: 1.221 GiB, 90.53% gc time, 0.09% compilation time)
- [variable_units_mothballed]  3.389563 seconds (2.34 M allocations: 36.273 MiB, 98.92% gc time)
- [variable_units_on]  0.067352 seconds (2.54 M allocations: 54.892 MiB, 31.15% gc time)
- [variable_units_out_of_service]  0.050236 seconds (2.33 M allocations: 35.575 MiB, 35.11% gc time)
- [variable_units_returned_to_service]  0.047602 seconds (2.33 M allocations: 35.573 MiB, 29.43% gc time)
- [variable_units_shut_down]  0.046555 seconds (2.36 M allocations: 38.045 MiB, 22.69% gc time)
- [variable_units_started_up]  0.052332 seconds (2.35 M allocations: 37.362 MiB, 29.35% gc time)
- [variable_units_taken_out_of_service]  0.035377 seconds (2.33 M allocations: 35.574 MiB)
- [variable_user_constraint_slack_neg]  0.050382 seconds (2.33 M allocations: 35.570 MiB, 31.54% gc time)
- [variable_user_constraint_slack_pos]  0.049082 seconds (2.33 M allocations: 35.569 MiB, 30.05% gc time)
 42.371359 seconds (135.48 M allocations: 6.764 GiB, 88.38% gc time, 0.36% compilation time)
Adding model dependent variables...
- [variable_connection_flow]  0.007677 seconds (64.57 k allocations: 6.018 MiB)
- [variable_unit_flow]  0.024535 seconds (129.50 k allocations: 12.377 MiB, 58.52% gc time)
  0.034383 seconds (194.36 k allocations: 18.416 MiB, 41.76% gc time)
Adding model expressions...
- [expression_capacity_margin]  0.000042 seconds (30 allocations: 2.609 KiB)
  0.000571 seconds (116 allocations: 7.969 KiB)
Adding model constraints...
- [constraint_candidate_connection_flow_lb]  0.000117 seconds (70 allocations: 4.188 KiB)
- [constraint_candidate_connection_flow_ub]  0.000099 seconds (71 allocations: 4.047 KiB)
- [constraint_compression_ratio]  0.000042 seconds (38 allocations: 3.453 KiB)
- [constraint_connection_flow_capacity]  0.050448 seconds (450.55 k allocations: 48.003 MiB, 36.12% gc time, 0.70% compilation time)
- [constraint_connection_flow_gas_capacity]  0.000071 seconds (41 allocations: 4.703 KiB)
- [constraint_connection_flow_intact_flow]  0.000056 seconds (38 allocations: 2.781 KiB)
- [constraint_connection_flow_lodf]  0.000083 seconds (58 allocations: 3.891 KiB)
- [constraint_connection_intact_flow_capacity]  0.000094 seconds (81 allocations: 5.234 KiB)
- [constraint_connection_intact_flow_ptdf]  0.000031 seconds (24 allocations: 1.938 KiB)
- [constraint_connection_lifetime] 84.273771 seconds (102.59 M allocations: 23.632 GiB, 92.10% gc time, 0.01% compilation time)
- [constraint_connection_unitary_gas_flow]  0.000057 seconds (38 allocations: 3.453 KiB)
- [constraint_connections_invested_available]  0.000381 seconds (860 allocations: 86.125 KiB)
- [constraint_connections_invested_transition]  0.001087 seconds (5.37 k allocations: 446.156 KiB)
- [constraint_cyclic_node_state]  0.005794 seconds (1.69 k allocations: 122.594 KiB, 97.08% compilation time)
- [constraint_fix_node_pressure_point]  0.000046 seconds (38 allocations: 3.453 KiB)
- [constraint_fix_ratio_in_in_unit_flow]  0.007690 seconds (54.54 k allocations: 6.133 MiB)
- [constraint_fix_ratio_in_out_unit_flow]  0.000325 seconds (2.05 k allocations: 189.453 KiB)
- [constraint_fix_ratio_out_in_connection_flow]  0.012683 seconds (46.49 k allocations: 4.126 MiB, 62.55% compilation time)
- [constraint_fix_ratio_out_in_unit_flow]  0.000086 seconds (94 allocations: 19.219 KiB)
- [constraint_fix_ratio_out_out_unit_flow]  0.000199 seconds (748 allocations: 75.859 KiB)
- [constraint_investment_group_equal_investments]  0.000040 seconds (23 allocations: 1.844 KiB)
- [constraint_investment_group_maximum_capacity_invested_available]  0.000048 seconds (21 allocations: 1.812 KiB)
- [constraint_investment_group_maximum_entities_invested_available]  0.000031 seconds (21 allocations: 1.812 KiB)
- [constraint_investment_group_minimum_capacity_invested_available]  0.000031 seconds (20 allocations: 1.766 KiB)
- [constraint_investment_group_minimum_entities_invested_available]  0.000041 seconds (20 allocations: 1.766 KiB)
- [constraint_max_node_pressure]  0.000062 seconds (84 allocations: 6.508 KiB)
- [constraint_max_node_voltage_angle]  0.000089 seconds (102 allocations: 7.602 KiB)
- [constraint_max_ratio_in_in_unit_flow]  0.000063 seconds (94 allocations: 19.219 KiB)
- [constraint_max_ratio_in_out_unit_flow]  0.000056 seconds (94 allocations: 19.219 KiB)
- [constraint_max_ratio_out_in_connection_flow]  0.000112 seconds (56 allocations: 4.484 KiB)
- [constraint_max_ratio_out_in_unit_flow]  0.000061 seconds (94 allocations: 19.219 KiB)
- [constraint_max_ratio_out_out_unit_flow]  0.000052 seconds (94 allocations: 19.219 KiB)
- [constraint_max_total_cumulated_unit_flow_from_node]  0.000040 seconds (46 allocations: 4.125 KiB)
- [constraint_max_total_cumulated_unit_flow_to_node]  0.000029 seconds (42 allocations: 3.750 KiB)
- [constraint_min_capacity_margin]  0.000031 seconds (37 allocations: 2.828 KiB)
- [constraint_min_down_time]  0.064521 seconds (342.77 k allocations: 32.491 MiB, 30.45% gc time, 25.70% compilation time)
- [constraint_min_node_pressure]  0.000138 seconds (87 allocations: 11.086 KiB)
- [constraint_min_node_voltage_angle]  0.000071 seconds (102 allocations: 7.602 KiB)
- [constraint_min_ratio_in_in_unit_flow]  0.000097 seconds (94 allocations: 19.219 KiB)
- [constraint_min_ratio_in_out_unit_flow]  0.000067 seconds (94 allocations: 19.219 KiB)
- [constraint_min_ratio_out_in_connection_flow]  0.000053 seconds (56 allocations: 4.484 KiB)
- [constraint_min_ratio_out_in_unit_flow]  0.000055 seconds (94 allocations: 19.219 KiB)
- [constraint_min_ratio_out_out_unit_flow]  0.000059 seconds (94 allocations: 19.219 KiB)
- [constraint_min_scheduled_outage_duration]  0.000038 seconds (29 allocations: 2.312 KiB)
- [constraint_min_total_cumulated_unit_flow_from_node]  0.000049 seconds (46 allocations: 4.125 KiB)
- [constraint_min_total_cumulated_unit_flow_to_node]  0.000036 seconds (42 allocations: 3.750 KiB)
- [constraint_min_up_time]  0.003236 seconds (44.41 k allocations: 3.370 MiB)
- [constraint_minimum_operating_point]  0.003844 seconds (48.01 k allocations: 4.825 MiB)
- [constraint_nodal_balance]  0.009993 seconds (153.27 k allocations: 16.113 MiB)
- [constraint_node_injection]  0.094660 seconds (529.68 k allocations: 49.084 MiB, 50.25% gc time)
- [constraint_node_state_capacity]  0.009754 seconds (95.46 k allocations: 7.915 MiB)
- [constraint_node_voltage_angle]  0.000035 seconds (28 allocations: 2.250 KiB)
- [constraint_non_spinning_reserves_lower_bound]  0.000091 seconds (255 allocations: 23.812 KiB)
- [constraint_non_spinning_reserves_shut_down_upper_bound]  0.000072 seconds (264 allocations: 24.703 KiB)
- [constraint_non_spinning_reserves_start_up_upper_bound]  0.000052 seconds (264 allocations: 24.703 KiB)
- [constraint_operating_point_bounds]  0.112061 seconds (999.46 k allocations: 150.355 MiB, 35.96% gc time)
- [constraint_operating_point_rank]  0.002016 seconds (26.80 k allocations: 3.803 MiB)
- [constraint_ramp_down]  0.058896 seconds (121.82 k allocations: 12.314 MiB, 39.79% gc time, 41.46% compilation time)
- [constraint_ramp_up]  0.011055 seconds (118.17 k allocations: 12.058 MiB)
- [constraint_ratio_out_in_connection_intact_flow]  0.000068 seconds (38 allocations: 2.781 KiB)
- [constraint_storage_lifetime] 17.661749 seconds (18.90 M allocations: 3.515 GiB, 93.73% gc time, 0.03% compilation time)
- [constraint_storage_line_pack]  0.000054 seconds (39 allocations: 3.500 KiB)
- [constraint_storages_invested_available]  0.000367 seconds (354 allocations: 36.672 KiB)
- [constraint_storages_invested_transition]  0.000699 seconds (1.48 k allocations: 141.156 KiB)
- [constraint_unit_flow_capacity]  0.019396 seconds (268.76 k allocations: 22.967 MiB)
- [constraint_unit_flow_op_bounds]  0.032576 seconds (68.12 k allocations: 8.349 MiB, 55.24% gc time, 26.95% compilation time)
- [constraint_unit_flow_op_rank]  0.005734 seconds (61.02 k allocations: 7.764 MiB)
- [constraint_unit_flow_op_sum]  0.001046 seconds (8.35 k allocations: 946.461 KiB)
- [constraint_unit_lifetime] 70.140306 seconds (82.41 M allocations: 16.310 GiB, 92.89% gc time)
- [constraint_unit_state_transition]  0.002266 seconds (19.50 k allocations: 1.936 MiB)
- [constraint_units_available]  0.041812 seconds (363.47 k allocations: 28.007 MiB, 25.61% gc time)
- [constraint_units_invested_available]  0.000277 seconds (1.12 k allocations: 111.266 KiB)
- [constraint_units_invested_transition]  0.001171 seconds (8.01 k allocations: 633.859 KiB)
- [constraint_units_out_of_service_contiguity]  0.000039 seconds (29 allocations: 2.312 KiB)
- [constraint_units_out_of_service_transition]  0.000063 seconds (46 allocations: 3.312 KiB)
- [constraint_user_constraint]ERROR: LoadError: TaskFailedException
    nested task error: MethodError: no method matching +(::Int64, ::Vector{JuMP.AffExpr})
    Closest candidates are:
      +(::Any, ::Any, ::Any, ::Any...)
       @ Base operators.jl:587
      +(::SpineInterface.Call, ::Any)
       @ SpineInterface C:\Users\jfg.eco\.julia\packages\SpineInterface\Hd2BB\src\base.jl:211
      +(::Any, ::MutableArithmetics.Zero)
       @ MutableArithmetics C:\Users\jfg.eco\.julia\packages\MutableArithmetics\tNSBd\src\rewrite.jl:65
      ...
    Stacktrace:
      [1] add_sum(x::Int64, y::Vector{JuMP.AffExpr})
        @ Base .\reduce.jl:24
      [2] BottomRF
        @ .\reduce.jl:86 [inlined]
      [3] MappingRF (repeats 3 times)
        @ .\reduce.jl:100 [inlined]
      [4] afoldl(op::Base.MappingRF{SpineOpt.var"#911#914"{SpineInterface.TimeSlice}, Base.MappingRF{SpineOpt.var"#1301#1304"{SpineInterface.Object, SpineInterface.Object}, Base.MappingRF{SpineOpt.var"#2036#2060"{JuMP.Model, SpineInterface.Object, Dict{@NamedTuple{connection::SpineInterface.Object, node::SpineInterface.Object, direction::SpineInterface.Object, stochastic_scenario::SpineInterface.Object, t::SpineInterface.TimeSlice}, Union{JuMP.GenericAffExpr{T, JuMP.VariableRef} where T<:Union{Number, SpineInterface.Call}, JuMP.VariableRef}}}, Base.BottomRF{typeof(Base.add_sum)}}}}, a::Int64, bs::@NamedTuple{node::SpineInterface.Object, stochastic_scenario::SpineInterface.Object})
        @ Base .\operators.jl:544
      [5] _foldl_impl(op::Base.MappingRF{SpineOpt.var"#911#914"{SpineInterface.TimeSlice}, Base.MappingRF{SpineOpt.var"#1301#1304"{SpineInterface.Object, SpineInterface.Object}, Base.MappingRF{SpineOpt.var"#2036#2060"{JuMP.Model, SpineInterface.Object, Dict{@NamedTuple{connection::SpineInterface.Object, node::SpineInterface.Object, direction::SpineInterface.Object, stochastic_scenario::SpineInterface.Object, t::SpineInterface.TimeSlice}, Union{JuMP.GenericAffExpr{T, JuMP.VariableRef} where T<:Union{Number, SpineInterface.Call}, JuMP.VariableRef}}}, Base.BottomRF{typeof(Base.add_sum)}}}}, init::Int64, itr::Tuple{@NamedTuple{node::SpineInterface.Object, stochastic_scenario::SpineInterface.Object}})
        @ Base .\reduce.jl:68
      [6] FlatteningRF
        @ .\reduce.jl:126 [inlined]
      [7] MappingRF (repeats 2 times)
        @ .\reduce.jl:100 [inlined]
      [8] _foldl_impl(op::Base.MappingRF{SpineOpt.var"#764#768"{SpineInterface.Object}, Base.MappingRF{SpineOpt.var"#912#913"{Vector{SpineInterface.Object}, JuMP.Model}, Base.FlatteningRF{Base.MappingRF{SpineOpt.var"#1301#1304"{SpineInterface.Object, SpineInterface.Object}, Base.MappingRF{SpineOpt.var"#2036#2060"{JuMP.Model, SpineInterface.Object, Dict{@NamedTuple{connection::SpineInterface.Object, node::SpineInterface.Object, direction::SpineInterface.Object, stochastic_scenario::SpineInterface.Object, t::SpineInterface.TimeSlice}, Union{JuMP.GenericAffExpr{T, JuMP.VariableRef} where T<:Union{Number, SpineInterface.Call}, JuMP.VariableRef}}}, Base.BottomRF{typeof(Base.add_sum)}}}}}}, init::Int64, itr::Vector{SpineInterface.TimeSlice})
        @ Base .\reduce.jl:58
      [9] FlatteningRF
        @ .\reduce.jl:126 [inlined]
     [10] (::Base.MappingRF{SpineOpt.var"#766#767"{Vector{Union{Int64, SpineInterface.Object, SpineInterface.TimeSlice}}, Vector{SpineInterface.TimeSlice}, JuMP.Model}, Base.FlatteningRF{Base.MappingRF{SpineOpt.var"#912#913"{Vector{SpineInterface.Object}, JuMP.Model}, Base.FlatteningRF{Base.MappingRF{SpineOpt.var"#1301#1304"{SpineInterface.Object, SpineInterface.Object}, Base.MappingRF{SpineOpt.var"#2036#2060"{JuMP.Model, SpineInterface.Object, Dict{@NamedTuple{connection::SpineInterface.Object, node::SpineInterface.Object, direction::SpineInterface.Object, stochastic_scenario::SpineInterface.Object, t::SpineInterface.TimeSlice}, Union{JuMP.GenericAffExpr{T, JuMP.VariableRef} where T<:Union{Number, SpineInterface.Call}, JuMP.VariableRef}}}, Base.BottomRF{typeof(Base.add_sum)}}}}}}})(acc::Int64, x::SpineInterface.Object)
        @ Base .\reduce.jl:100
     [11] _foldl_impl(op::Base.MappingRF{SpineOpt.var"#766#767"{Vector{Union{Int64, SpineInterface.Object, SpineInterface.TimeSlice}}, Vector{SpineInterface.TimeSlice}, JuMP.Model}, Base.FlatteningRF{Base.MappingRF{SpineOpt.var"#912#913"{Vector{SpineInterface.Object}, JuMP.Model}, Base.FlatteningRF{Base.MappingRF{SpineOpt.var"#1301#1304"{SpineInterface.Object, SpineInterface.Object}, Base.MappingRF{SpineOpt.var"#2036#2060"{JuMP.Model, SpineInterface.Object, Dict{@NamedTuple{connection::SpineInterface.Object, node::SpineInterface.Object, direction::SpineInterface.Object, stochastic_scenario::SpineInterface.Object, t::SpineInterface.TimeSlice}, Union{JuMP.GenericAffExpr{T, JuMP.VariableRef} where T<:Union{Number, SpineInterface.Call}, JuMP.VariableRef}}}, Base.BottomRF{typeof(Base.add_sum)}}}}}}}, init::Int64, itr::Vector{Any})
        @ Base .\reduce.jl:58
     [12] (::Base.FlatteningRF{Base.MappingRF{SpineOpt.var"#2036#2060"{JuMP.Model, SpineInterface.Object, Dict{@NamedTuple{connection::SpineInterface.Object, node::SpineInterface.Object, direction::SpineInterface.Object, stochastic_scenario::SpineInterface.Object, t::SpineInterface.TimeSlice}, Union{JuMP.GenericAffExpr{T, JuMP.VariableRef} where T<:Union{Number, SpineInterface.Call}, JuMP.VariableRef}}}, Base.BottomRF{typeof(Base.add_sum)}}})(acc::Int64, x::Base.Generator{Base.Iterators.Flatten{Base.Generator{Base.Iterators.Flatten{Base.Generator{Vector{Any}, SpineOpt.var"#766#767"{Vector{Union{Int64, SpineInterface.Object, SpineInterface.TimeSlice}}, Vector{SpineInterface.TimeSlice}, JuMP.Model}}}, SpineOpt.var"#912#913"{Vector{SpineInterface.Object}, JuMP.Model}}}, SpineOpt.var"#1301#1304"{SpineInterface.Object, SpineInterface.Object}})
        @ Base .\reduce.jl:126
     [13] (::Base.MappingRF{SpineOpt.var"#1302#1303"{Vector{SpineInterface.Object}, Vector{SpineInterface.TimeSlice}, Vector{Union{Int64, SpineInterface.Object, SpineInterface.TimeSlice}}, JuMP.Model}, Base.FlatteningRF{Base.MappingRF{SpineOpt.var"#2036#2060"{JuMP.Model, SpineInterface.Object, Dict{@NamedTuple{connection::SpineInterface.Object, node::SpineInterface.Object, direction::SpineInterface.Object, stochastic_scenario::SpineInterface.Object, t::SpineInterface.TimeSlice}, Union{JuMP.GenericAffExpr{T, JuMP.VariableRef} where T<:Union{Number, SpineInterface.Call}, JuMP.VariableRef}}}, Base.BottomRF{typeof(Base.add_sum)}}}})(acc::Int64, x::@NamedTuple{connection::SpineInterface.Object, node::SpineInterface.Object, direction::SpineInterface.Object})
        @ Base .\reduce.jl:100
     [14] MappingRF
        @ .\reduce.jl:100 [inlined]
     [15] _foldl_impl(op::Base.MappingRF{SpineInterface.var"#241#242"{SpineInterface.RelationshipClass}, Base.MappingRF{SpineOpt.var"#1302#1303"{Vector{SpineInterface.Object}, Vector{SpineInterface.TimeSlice}, Vector{Union{Int64, SpineInterface.Object, SpineInterface.TimeSlice}}, JuMP.Model}, Base.FlatteningRF{Base.MappingRF{SpineOpt.var"#2036#2060"{JuMP.Model, SpineInterface.Object, Dict{@NamedTuple{connection::SpineInterface.Object, node::SpineInterface.Object, direction::SpineInterface.Object, stochastic_scenario::SpineInterface.Object, t::SpineInterface.TimeSlice}, Union{JuMP.GenericAffExpr{T, JuMP.VariableRef} where T<:Union{Number, SpineInterface.Call}, JuMP.VariableRef}}}, Base.BottomRF{typeof(Base.add_sum)}}}}}, init::Int64, itr::Vector{Int64})
        @ Base .\reduce.jl:58
     [16] FlatteningRF
        @ .\reduce.jl:126 [inlined]
     [17] MappingRF
        @ .\reduce.jl:100 [inlined]
     [18] _foldl_impl(op::Base.MappingRF{SpineOpt.var"#2037#2059"{JuMP.Model, SpineInterface.Object, Vector{SpineInterface.Object}, SpineInterface.TimeSlice, Dict{@NamedTuple{connection::SpineInterface.Object, node::SpineInterface.Object, direction::SpineInterface.Object, stochastic_scenario::SpineInterface.Object, t::SpineInterface.TimeSlice}, Union{JuMP.GenericAffExpr{T, JuMP.VariableRef} where T<:Union{Number, SpineInterface.Call}, JuMP.VariableRef}}}, Base.FlatteningRF{Base.BottomRF{typeof(Base.add_sum)}}}, init::Int64, itr::Vector{@NamedTuple{connection::SpineInterface.Object, node::SpineInterface.Object}})
        @ Base .\reduce.jl:58
     [19] foldl_impl
        @ .\reduce.jl:48 [inlined]
     [20] mapfoldl_impl
        @ .\reduce.jl:44 [inlined]
     [21] mapfoldl
        @ .\reduce.jl:175 [inlined]
     [22] mapreduce
        @ .\reduce.jl:307 [inlined]
     [23] sum
        @ .\reduce.jl:535 [inlined]
     [24] #sum#308
        @ .\reduce.jl:564 [inlined]
     [25] _operations_term(m::JuMP.Model, uc::SpineInterface.Object, path::Vector{SpineInterface.Object}, t::SpineInterface.TimeSlice)
        @ SpineOpt C:\Users\jfg.eco\.julia\packages\SpineOpt\HEhN7\src\constraints\constraint_user_constraint.jl:87
     [26] _build_constraint_user_constraint(m::JuMP.Model, uc::SpineInterface.Object, path::Vector{SpineInterface.Object}, t::SpineInterface.TimeSlice)
        @ SpineOpt C:\Users\jfg.eco\.julia\packages\SpineOpt\HEhN7\src\constraints\constraint_user_constraint.jl:66
     [27] macro expansion
        @ C:\Users\jfg.eco\.julia\packages\SpineOpt\HEhN7\src\constraints\constraint_common.jl:26 [inlined]
     [28] (::SpineOpt.var"#2708#threadsfor_fun#1446"{SpineOpt.var"#2708#threadsfor_fun#1445#1447"{JuMP.Model, typeof(SpineOpt._build_constraint_user_constraint), Vector{Any}, Vector{@NamedTuple{user_constraint::SpineInterface.Object, stochastic_path::Vector{SpineInterface.Object}, t::SpineInterface.TimeSlice}}, Base.OneTo{Int64}}})(tid::Int64; onethread::Bool)
        @ SpineOpt .\threadingconstructs.jl:215
     [29] #2708#threadsfor_fun
        @ .\threadingconstructs.jl:182 [inlined]
     [30] (::Base.Threads.var"#1#2"{SpineOpt.var"#2708#threadsfor_fun#1446"{SpineOpt.var"#2708#threadsfor_fun#1445#1447"{JuMP.Model, typeof(SpineOpt._build_constraint_user_constraint), Vector{Any}, Vector{@NamedTuple{user_constraint::SpineInterface.Object, stochastic_path::Vector{SpineInterface.Object}, t::SpineInterface.TimeSlice}}, Base.OneTo{Int64}}}, Int64})()
        @ Base.Threads .\threadingconstructs.jl:154
Stacktrace:
  [1] threading_run(fun::SpineOpt.var"#2708#threadsfor_fun#1446"{SpineOpt.var"#2708#threadsfor_fun#1445#1447"{JuMP.Model, typeof(SpineOpt._build_constraint_user_constraint), Vector{Any}, Vector{@NamedTuple{user_constraint::SpineInterface.Object, stochastic_path::Vector{SpineInterface.Object}, t::SpineInterface.TimeSlice}}, Base.OneTo{Int64}}}, static::Bool)
    @ Base.Threads .\threadingconstructs.jl:172
  [2] macro expansion
    @ .\threadingconstructs.jl:220 [inlined]
  [3] _add_constraint!(m::JuMP.Model, name::Symbol, indices::typeof(SpineOpt.constraint_user_constraint_indices), build_constraint::Function)
    @ SpineOpt C:\Users\jfg.eco\.julia\packages\SpineOpt\HEhN7\src\constraints\constraint_common.jl:24
  [4] add_constraint_user_constraint!
    @ C:\Users\jfg.eco\.julia\packages\SpineOpt\HEhN7\src\constraints\constraint_user_constraint.jl:62 [inlined]
  [5] macro expansion
    @ .\timing.jl:279 [inlined]
  [6] (::SpineOpt.var"#192#194"{JuMP.Model, typeof(SpineOpt.add_constraint_user_constraint!)})()
    @ SpineOpt C:\Users\jfg.eco\.julia\packages\SpineOpt\HEhN7\src\util\misc.jl:60
  [7] (::Base.RedirectStdStream)(thunk::SpineOpt.var"#192#194"{JuMP.Model, typeof(SpineOpt.add_constraint_user_constraint!)}, stream::Pipe)
    @ Base .\stream.jl:1429
  [8] macro expansion
    @ C:\Users\jfg.eco\.julia\packages\SpineOpt\HEhN7\src\util\misc.jl:59 [inlined]
  [9] _add_constraints!(m::JuMP.Model; log_level::Int64)
    @ SpineOpt C:\Users\jfg.eco\.julia\packages\SpineOpt\HEhN7\src\run_spineopt_basic.jl:238
 [10] _add_constraints!
    @ C:\Users\jfg.eco\.julia\packages\SpineOpt\HEhN7\src\run_spineopt_basic.jl:158 [inlined]
 [11] macro expansion
    @ .\timing.jl:279 [inlined]
 [12] (::SpineOpt.var"#161#177"{Int64, JuMP.Model})()
    @ SpineOpt C:\Users\jfg.eco\.julia\packages\SpineOpt\HEhN7\src\util\misc.jl:60
 [13] (::Base.RedirectStdStream)(thunk::SpineOpt.var"#161#177"{Int64, JuMP.Model}, stream::Pipe)
    @ Base .\stream.jl:1429
 [14] macro expansion
    @ C:\Users\jfg.eco\.julia\packages\SpineOpt\HEhN7\src\util\misc.jl:59 [inlined]
 [15] build_model!(m::JuMP.Model; log_level::Int64)
    @ SpineOpt C:\Users\jfg.eco\.julia\packages\SpineOpt\HEhN7\src\run_spineopt_basic.jl:87
 [16] build_model!
    @ C:\Users\jfg.eco\.julia\packages\SpineOpt\HEhN7\src\run_spineopt_basic.jl:73 [inlined]
 [17] do_run_spineopt!(m::JuMP.Model, url_out::String, ::Val{:basic_algorithm}; log_level::Int64, optimize::Bool, update_names::Bool, alternative::String, write_as_roll::Int64, resume_file_path::Nothing)
    @ SpineOpt C:\Users\jfg.eco\.julia\packages\SpineOpt\HEhN7\src\run_spineopt_basic.jl:32
 [18] #invokelatest#2
    @ .\essentials.jl:894 [inlined]
 [19] invokelatest
    @ .\essentials.jl:889 [inlined]
 [20] run_spineopt!(m::JuMP.Model, url_out::String; log_level::Int64, optimize::Bool, update_names::Bool, alternative::String, write_as_roll::Int64, resume_file_path::Nothing)
    @ SpineOpt C:\Users\jfg.eco\.julia\packages\SpineOpt\HEhN7\src\run_spineopt.jl:369
 [21] run_spineopt!
    @ C:\Users\jfg.eco\.julia\packages\SpineOpt\HEhN7\src\run_spineopt.jl:358 [inlined]
 [22] _run_spineopt(f::SpineOpt.var"#64#65", url_in::String, url_out::String; upgrade::Bool, filters::Dict{String, String}, templates::Tuple{}, mip_solver::Nothing, lp_solver::Nothing, use_direct_model::Bool, use_model_names::Bool, add_bridges::Bool, log_level::Int64, alternative::String, kwargs::@Kwargs{optimize::Bool, update_names::Bool, write_as_roll::Int64, resume_file_path::Nothing})
    @ SpineOpt C:\Users\jfg.eco\.julia\packages\SpineOpt\HEhN7\src\run_spineopt.jl:162
 [23] _run_spineopt
    @ C:\Users\jfg.eco\.julia\packages\SpineOpt\HEhN7\src\run_spineopt.jl:126 [inlined]
 [24] #67
    @ C:\Users\jfg.eco\.julia\packages\SpineOpt\HEhN7\src\run_spineopt.jl:104 [inlined]
 [25] _log_to_file
    @ C:\Users\jfg.eco\.julia\packages\SpineOpt\HEhN7\src\util\misc.jl:246 [inlined]
 [26] #run_spineopt#66
    @ C:\Users\jfg.eco\.julia\packages\SpineOpt\HEhN7\src\run_spineopt.jl:103 [inlined]
 [27] run_spineopt
    @ C:\Users\jfg.eco\.julia\packages\SpineOpt\HEhN7\src\run_spineopt.jl:83 [inlined]
 [28] #run_spineopt#63
    @ C:\Users\jfg.eco\.julia\packages\SpineOpt\HEhN7\src\run_spineopt.jl:67 [inlined]
 [29] run_spineopt(url_in::String, url_out::String)
    @ SpineOpt C:\Users\jfg.eco\.julia\packages\SpineOpt\HEhN7\src\run_spineopt.jl:66
 [30] top-level scope
    @ C:\Users\jfg.eco\.spinetoolbox\work\run_spineopt__e5384889b4344b3b8a282868fbc16bc1__toolbox\run_spineopt.jl:3
 [31] include(fname::String)
    @ Base.MainInclude .\client.jl:494
 [32] top-level scope
    @ none:1
in expression starting at C:\Users\jfg.eco\.spinetoolbox\work\run_spineopt__e5384889b4344b3b8a282868fbc16bc1__toolbox\run_spineopt.jl:3
