### Spine execution log file
### Item name: Run SpineOpt
### Filter id: 
### Part: 1

# Running julia run_spineopt.jl http://127.0.0.1:55134 http://127.0.0.1:55136
2-element Vector{String}:
 "http://127.0.0.1:55134"
 "http://127.0.0.1:55136"
Running SpineOpt...
[SpineOpt version 0.10.2 (git hash: N/A)]
[SpineInterface version 0.15.2 (git hash: N/A)]
Execution started at 2026-07-30T12:27:01.196
Reading input data from sqlite:///C:\Users\jfg.eco\Documents\GitHub\Nord_H2ub\Spine_Projects\02_basic_energy_model\.spinetoolbox\items\input\Input.sqlite...
Initializing  data structure from db...  3.072165 seconds (1.93 M allocations: 130.361 MiB)
Preprocessing  data structure...  0.562316 seconds (48.49 k allocations: 2.446 MiB, 35.49% compilation time)
Checking  data structure...  0.071707 seconds (9.05 k allocations: 476.672 KiB, 51.10% compilation time)
Build started at 2026-07-30T12:27:05.163
Creating model temporal structure...[ Info: the last time slice of temporal block Default_Investment_period has been cut to fit within the block
[ Info: the last time slice of temporal block daily has been cut to fit within the block
 93.187344 seconds (431.05 M allocations: 22.181 GiB, 57.72% gc time, 0.05% compilation time)
Creating model stochastic structure...  1.436656 seconds (3.22 M allocations: 453.173 MiB, 71.04% gc time, 12.30% compilation time)
Adding model independent variables...
- [variable_binary_gas_connection_flow]  0.077458 seconds (2.29 M allocations: 34.946 MiB)
- [variable_connection_flow]  6.068485 seconds (13.99 M allocations: 1.458 GiB, 72.15% gc time, 3.10% compilation time)
- [variable_connection_intact_flow]  1.081457 seconds (11.02 M allocations: 725.244 MiB, 18.95% gc time)
- [variable_connections_decommissioned]  0.107331 seconds (2.30 M allocations: 35.579 MiB)
- [variable_connections_invested]  0.460398 seconds (2.54 M allocations: 146.447 MiB)
- [variable_connections_invested_available]  0.425843 seconds (2.63 M allocations: 146.063 MiB, 4.85% compilation time)
- [variable_min_capacity_margin_slack]  0.065027 seconds (2.29 M allocations: 34.901 MiB)
- [variable_node_injection]  0.498490 seconds (6.86 M allocations: 370.947 MiB, 29.26% gc time)
- [variable_node_pressure]  0.063333 seconds (2.29 M allocations: 34.920 MiB)
- [variable_node_slack_neg]  0.512976 seconds (6.73 M allocations: 321.244 MiB, 31.52% gc time)
- [variable_node_slack_pos]  0.340908 seconds (6.73 M allocations: 321.246 MiB)
- [variable_node_state]  0.215881 seconds (4.26 M allocations: 143.004 MiB, 7.40% compilation time)
- [variable_node_voltage_angle]  0.067621 seconds (2.29 M allocations: 34.920 MiB)
- [variable_nonspin_units_shut_down]  0.072456 seconds (2.29 M allocations: 34.936 MiB)
- [variable_nonspin_units_started_up]  0.078264 seconds (2.29 M allocations: 34.933 MiB)
- [variable_storages_decommissioned]  0.212209 seconds (2.29 M allocations: 35.092 MiB, 68.78% gc time)
- [variable_storages_invested]  0.130151 seconds (1.99 M allocations: 64.952 MiB, 12.10% compilation time)
- [variable_storages_invested_available]  0.127028 seconds (1.99 M allocations: 64.864 MiB)
- [variable_unit_flow]  2.556945 seconds (16.39 M allocations: 2.228 GiB, 28.61% gc time, 3.12% compilation time)
- [variable_unit_flow_op]  0.179401 seconds (3.78 M allocations: 156.511 MiB)
- [variable_unit_flow_op_active]  0.206465 seconds (4.25 M allocations: 184.331 MiB)
- [variable_units_invested]  0.376621 seconds (2.53 M allocations: 132.872 MiB, 28.16% gc time)
- [variable_units_invested_available]  0.296080 seconds (2.60 M allocations: 135.805 MiB, 4.93% compilation time)
- [variable_units_mothballed]  0.066131 seconds (2.30 M allocations: 35.614 MiB)
- [variable_units_on]  0.276894 seconds (5.73 M allocations: 259.014 MiB)
- [variable_units_out_of_service]  0.064765 seconds (2.29 M allocations: 34.912 MiB)
- [variable_units_returned_to_service]  0.073467 seconds (2.29 M allocations: 34.907 MiB)
- [variable_units_shut_down]  0.232194 seconds (2.57 M allocations: 53.711 MiB, 61.78% gc time)
- [variable_units_started_up]  0.091630 seconds (2.56 M allocations: 53.019 MiB)
- [variable_units_taken_out_of_service]  0.067867 seconds (2.29 M allocations: 34.908 MiB)
- [variable_user_constraint_slack_neg]  0.079117 seconds (2.29 M allocations: 34.899 MiB)
- [variable_user_constraint_slack_pos]  0.181005 seconds (2.29 M allocations: 34.899 MiB)
 15.390120 seconds (131.18 M allocations: 7.367 GiB, 39.10% gc time, 2.18% compilation time)
Adding model dependent variables...
- [variable_connection_flow]  0.614827 seconds (4.68 M allocations: 203.033 MiB)
- [variable_unit_flow]  0.794340 seconds (6.40 M allocations: 302.910 MiB)
  1.412673 seconds (11.08 M allocations: 505.955 MiB)
Adding model expressions...
- [expression_capacity_margin]  0.000082 seconds (86 allocations: 3.875 KiB)
  0.000608 seconds (200 allocations: 9.664 KiB)
Adding model constraints...
- [constraint_candidate_connection_flow_lb]  0.000780 seconds (146 allocations: 6.461 KiB)
- [constraint_candidate_connection_flow_ub]  0.000155 seconds (144 allocations: 6.180 KiB)
- [constraint_compression_ratio]  0.000084 seconds (94 allocations: 5.930 KiB)
- [constraint_connection_flow_capacity]  3.636246 seconds (22.42 M allocations: 1.265 GiB, 18.28% gc time, 0.01% compilation time)
- [constraint_connection_flow_gas_capacity]  0.000074 seconds (97 allocations: 7.086 KiB)
- [constraint_connection_flow_intact_flow]  0.000163 seconds (87 allocations: 4.008 KiB)
- [constraint_connection_flow_lodf]  0.000187 seconds (66 allocations: 3.438 KiB)
- [constraint_connection_intact_flow_capacity]  0.000393 seconds (118 allocations: 5.648 KiB)
- [constraint_connection_intact_flow_ptdf]  0.000101 seconds (72 allocations: 3.602 KiB)
- [constraint_connection_lifetime] 36.684752 seconds (219.78 M allocations: 22.942 GiB, 52.37% gc time, 0.04% compilation time)
- [constraint_connection_unitary_gas_flow]  0.000102 seconds (94 allocations: 5.930 KiB)
- [constraint_connections_invested_available]  0.001281 seconds (2.82 k allocations: 164.138 KiB)
- [constraint_connections_invested_transition]  0.003735 seconds (16.29 k allocations: 859.551 KiB)
- [constraint_cyclic_node_state]  0.008914 seconds (2.56 k allocations: 123.930 KiB, 97.12% compilation time)
- [constraint_fix_node_pressure_point]  0.000074 seconds (94 allocations: 5.930 KiB)
- [constraint_fix_ratio_in_in_unit_flow]  0.131616 seconds (1.09 M allocations: 69.084 MiB)
- [constraint_fix_ratio_in_out_unit_flow]  0.000447 seconds (3.20 k allocations: 167.633 KiB)
- [constraint_fix_ratio_out_in_connection_flow]  0.144262 seconds (822.38 k allocations: 48.700 MiB, 10.23% compilation time)
- [constraint_fix_ratio_out_in_unit_flow]  0.000170 seconds (193 allocations: 12.008 KiB)
- [constraint_fix_ratio_out_out_unit_flow]  0.000449 seconds (1.10 k allocations: 58.758 KiB)
- [constraint_investment_group_equal_investments]  0.010360 seconds (37.15 k allocations: 8.371 MiB)
- [constraint_investment_group_maximum_capacity_invested_available]  0.000062 seconds (34 allocations: 1.992 KiB)
- [constraint_investment_group_maximum_entities_invested_available]  0.000206 seconds (32 allocations: 1.898 KiB)
- [constraint_investment_group_minimum_capacity_invested_available]  0.000099 seconds (32 allocations: 1.898 KiB)
- [constraint_investment_group_minimum_entities_invested_available]  0.000096 seconds (32 allocations: 1.898 KiB)
- [constraint_max_node_pressure]  0.000177 seconds (219 allocations: 10.758 KiB)
- [constraint_max_node_voltage_angle]  0.000163 seconds (293 allocations: 13.742 KiB)
- [constraint_max_ratio_in_in_unit_flow]  0.000122 seconds (193 allocations: 12.008 KiB)
- [constraint_max_ratio_in_out_unit_flow]  0.000106 seconds (193 allocations: 12.008 KiB)
- [constraint_max_ratio_out_in_connection_flow]  0.000129 seconds (114 allocations: 6.570 KiB)
- [constraint_max_ratio_out_in_unit_flow]  0.000087 seconds (193 allocations: 12.008 KiB)
- [constraint_max_ratio_out_out_unit_flow]  0.000072 seconds (193 allocations: 12.008 KiB)
- [constraint_max_total_cumulated_unit_flow_from_node]  0.000110 seconds (96 allocations: 6.039 KiB)
- [constraint_max_total_cumulated_unit_flow_to_node]  0.000051 seconds (92 allocations: 5.789 KiB)
- [constraint_min_capacity_margin]  0.000080 seconds (101 allocations: 4.773 KiB)
- [constraint_min_down_time]  0.785403 seconds (6.69 M allocations: 499.628 MiB, 4.76% compilation time)
- [constraint_min_node_pressure]  0.000137 seconds (224 allocations: 15.146 KiB)
- [constraint_min_node_voltage_angle]  0.000125 seconds (293 allocations: 13.742 KiB)
- [constraint_min_ratio_in_in_unit_flow]  0.000144 seconds (193 allocations: 12.008 KiB)
- [constraint_min_ratio_in_out_unit_flow]  0.000106 seconds (193 allocations: 12.008 KiB)
- [constraint_min_ratio_out_in_connection_flow]  0.000105 seconds (114 allocations: 6.570 KiB)
- [constraint_min_ratio_out_in_unit_flow]  0.000092 seconds (193 allocations: 12.008 KiB)
- [constraint_min_ratio_out_out_unit_flow]  0.000059 seconds (193 allocations: 12.008 KiB)
- [constraint_min_scheduled_outage_duration]  0.000099 seconds (66 allocations: 3.320 KiB)
- [constraint_min_total_cumulated_unit_flow_from_node]  0.000093 seconds (96 allocations: 6.039 KiB)
- [constraint_min_total_cumulated_unit_flow_to_node]  0.000046 seconds (92 allocations: 5.789 KiB)
- [constraint_min_up_time]  0.381624 seconds (819.95 k allocations: 49.034 MiB, 82.30% gc time)
- [constraint_minimum_operating_point]  0.086374 seconds (944.49 k allocations: 56.703 MiB)
- [constraint_nodal_balance]  0.318898 seconds (4.68 M allocations: 264.892 MiB)
- [constraint_node_injection]  2.240190 seconds (26.96 M allocations: 1.351 GiB, 12.47% gc time)
- [constraint_node_state_capacity]  0.315755 seconds (4.07 M allocations: 208.694 MiB)
- [constraint_node_voltage_angle]  0.000138 seconds (69 allocations: 3.445 KiB)
- [constraint_non_spinning_reserves_lower_bound]  0.000318 seconds (471 allocations: 22.898 KiB)
- [constraint_non_spinning_reserves_shut_down_upper_bound]  0.000215 seconds (480 allocations: 23.695 KiB)
- [constraint_non_spinning_reserves_start_up_upper_bound]  0.000151 seconds (480 allocations: 23.695 KiB)
- [constraint_operating_point_bounds] 15.852501 seconds (163.32 M allocations: 18.732 GiB, 25.36% gc time)
- [constraint_operating_point_rank]  0.041053 seconds (334.78 k allocations: 29.587 MiB)
- [constraint_ramp_down]  0.326122 seconds (2.56 M allocations: 156.981 MiB, 13.73% compilation time)
- [constraint_ramp_up]  0.324989 seconds (2.57 M allocations: 157.848 MiB)
- [constraint_ratio_out_in_connection_intact_flow]  0.000137 seconds (87 allocations: 4.008 KiB)
- [constraint_storage_lifetime]  7.988255 seconds (31.01 M allocations: 3.319 GiB, 64.73% gc time, 0.17% compilation time)
- [constraint_storage_line_pack]  0.000096 seconds (96 allocations: 6.023 KiB)
- [constraint_storages_invested_available]  0.000496 seconds (904 allocations: 49.602 KiB)
- [constraint_storages_invested_transition]  0.000992 seconds (4.04 k allocations: 208.881 KiB)
- [constraint_unit_flow_capacity]  0.650550 seconds (8.50 M allocations: 470.425 MiB)
- [constraint_unit_flow_op_bounds]  0.243071 seconds (2.47 M allocations: 134.016 MiB, 8.38% compilation time)
- [constraint_unit_flow_op_rank]  0.181532 seconds (1.93 M allocations: 109.220 MiB)
- [constraint_unit_flow_op_sum]  0.012183 seconds (88.62 k allocations: 7.014 MiB)
- [constraint_unit_lifetime] 16.371091 seconds (153.15 M allocations: 16.535 GiB, 30.22% gc time)
- [constraint_unit_state_transition]  0.022621 seconds (310.07 k allocations: 22.204 MiB)
- [constraint_units_available]  1.234198 seconds (15.33 M allocations: 778.448 MiB, 13.69% gc time)
- [constraint_units_invested_available]  0.000634 seconds (3.03 k allocations: 175.638 KiB)
- [constraint_units_invested_transition]  0.002069 seconds (17.63 k allocations: 923.754 KiB)
- [constraint_units_out_of_service_contiguity]  0.001452 seconds (66 allocations: 3.320 KiB)
- [constraint_units_out_of_service_transition]  0.000112 seconds (95 allocations: 4.883 KiB)
- [constraint_user_constraint]  0.482374 seconds (4.30 M allocations: 255.668 MiB, 13.26% compilation time)
 89.661418 seconds (690.23 M allocations: 68.131 GiB, 39.05% gc time, 0.25% compilation time)
Setting model objective...  0.894008 seconds (11.78 M allocations: 624.838 MiB, 7.95% compilation time)
Build complete. Started at 2026-07-30T12:27:05.163, ended at 2026-07-30T12:30:27.389, elapsed time: 3 minutes, 22 seconds, 226 milliseconds
Solve started at 2026-07-30T12:30:27.393
Bringing model to the first window...  5.034733 seconds (36.56 M allocations: 1.790 GiB, 16.99% gc time)
model - window 1 of 12: 2019-01-01T00:00~(4 weeks, 2 days, 10 hours)~>2019-01-31T10:00
Optimizing model...Running HiGHS 1.14.0 (git hash: 7df0786de3): Copyright (c) 2026 under Apache 2.0 license terms
Using BLAS: blastrampoline-5
MIP has 119868 rows; 139893 cols; 309909 nonzeros; 2287 integer variables (0 binary)
Coefficient ranges:
  Matrix  [6e-03, 1e+05]
  Cost    [1e-03, 2e+09]
  Bound   [3e-01, 2e+04]
  RHS     [1e+00, 2e+03]
WARNING: Problem has some excessively large costs
WARNING:    Consider scaling the objective by 1e-4, or setting the user_objective_scale option to -12
Presolving model
57447 rows, 70648 cols, 200884 nonzeros 0s
38750 rows, 53424 cols, 189101 nonzeros 0s
36708 rows, 48585 cols, 180396 nonzeros 1s
Presolve reductions: rows 36708(-83160); columns 48585(-91308); nonzeros 180396(-129513)
Solving MIP model with:
   36708 rows
   48585 cols (1777 binary, 0 integer, 0 implied int., 46808 continuous, 0 domain fixed)
   180396 nonzeros
Src: B => Branching; C => Central rounding; F => Feasibility pump; H => Heuristic;
     I => Shifting; J => Feasibility jump; L => Sub-MIP; P => Empty MIP; R => Randomized rounding;
     S => Solve LP; T => Evaluate node; U => Unbounded; X => User solution; Y => HiGHS solution;
     Z => ZI Round; l => Trivial lower; p => Trivial point; u => Trivial upper; z => Trivial zero
        Nodes      |    B&B Tree     |            Objective Bounds              |  Dynamic Constraints |       Work
Src  Proc. InQueue |  Leaves   Expl. | BestBound       BestSol              Gap |   Cuts   InLp Confl. | LpIters     Time
         0       0         0   0.00%   -427997426.6138 inf                  inf        0      0      0         0     2.3s
         0       0         0   0.00%   -107746756.7808 inf                  inf        0      0      3     30128    12.3s
         0       0         0   0.00%   -107746076.5974 inf                  inf     7891    224      5     31108    18.4s
 R       0       0         0   0.00%   -107740244.6296 -107740077.4153    0.00%    13124    459      5     32090    27.2s
         0       0         0   0.00%   -107740139.5869 -107740077.4153    0.00%     1479    475      5     32109    33.4s
 H       0       0         0   0.00%   -107740139.5869 -107740077.4153    0.00%     1479    475      5     32109    33.7s
         1       0         1 100.00%   -107740077.4153 -107740077.4153    0.00%     1480    475      8     32259    34.2s
Solving report
  Status            Optimal
  Primal bound      -107740077.415
  Dual bound        -107740077.415
  Gap               0% (tolerance: 0%)
  P-D integral      1.01817887484e-05
  Solution status   feasible
                    -107740077.415 (objective)
                    0 (bound viol.)
                    6.86117829218e-14 (int. viol.)
                    0 (row viol.)
  Timing            34.23
  Max sub-MIP depth 0
  Nodes             1
  Repair LPs        0
  LP iterations     32259
                    0 (strong br.)
                    1981 (separation)
                    136 (heuristics)
 34.583066 seconds (868.31 k allocations: 121.449 MiB)
Optimal solution found, objective function value: -1.0774007741529626e8
Saving model results...  0.511107 seconds (4.27 M allocations: 149.144 MiB)
Postprocessing model results...  0.000091 seconds (48 allocations: 3.312 KiB)
Saving model outputs...  0.422344 seconds (2.76 M allocations: 170.359 MiB)
Rolling model temporal structure...  0.673477 seconds (4.74 M allocations: 101.909 MiB)
Fixing model history...  0.053991 seconds (418.32 k allocations: 20.434 MiB)
Applying model non-anticipativity constraints...  0.000152 seconds (603 allocations: 32.203 KiB)
model - window 2 of 12: 2019-01-31T10:00~(4 weeks, 2 days, 10 hours)~>2019-03-02T20:00
Optimizing model...MIP has 119868 rows; 139893 cols; 309966 nonzeros; 2287 integer variables (0 binary)
Coefficient ranges:
  Matrix  [6e-03, 1e+05]
  Cost    [1e-03, 2e+09]
  Bound   [7e-03, 2e+04]
  RHS     [1e+00, 2e+03]
WARNING: Problem has some excessively large costs
WARNING:    Consider scaling the objective by 1e-4, or setting the user_objective_scale option to -12
Presolving model
78750 rows, 70758 cols, 220587 nonzeros 0s
37623 rows, 53398 cols, 181104 nonzeros 0s
35999 rows, 48404 cols, 175908 nonzeros 0s
Presolve reductions: rows 35999(-83869); columns 48404(-91489); nonzeros 175908(-134058)
Solving MIP model with:
   35999 rows
   48404 cols (1668 binary, 0 integer, 0 implied int., 46736 continuous, 0 domain fixed)
   175908 nonzeros
Src: B => Branching; C => Central rounding; F => Feasibility pump; H => Heuristic;
     I => Shifting; J => Feasibility jump; L => Sub-MIP; P => Empty MIP; R => Randomized rounding;
     S => Solve LP; T => Evaluate node; U => Unbounded; X => User solution; Y => HiGHS solution;
     Z => ZI Round; l => Trivial lower; p => Trivial point; u => Trivial upper; z => Trivial zero
        Nodes      |    B&B Tree     |            Objective Bounds              |  Dynamic Constraints |       Work
Src  Proc. InQueue |  Leaves   Expl. | BestBound       BestSol              Gap |   Cuts   InLp Confl. | LpIters     Time
         0       0         0   0.00%   -419902407.4363 inf                  inf        0      0      0         0     1.5s
         0       0         0   0.00%   -94008706.28612 inf                  inf        0      0      2     29224     6.9s
 R       0       0         0   0.00%   -94004604.01592 -94004162.59086    0.00%    12462    368      5     30670    10.7s
 L       0       0         0   0.00%   -94004604.01592 -94004524.50401    0.00%    12462    368      5     30670    40.4s
         0       0         0   0.00%   -94004567.681   -94004524.50401    0.00%      775    371      7     33486    49.0s
99.8% inactive integer columns, restarting
Model after restart has 30558 rows, 39324 cols (3 bin., 0 int., 0 impl., 39321 cont., 0 dom.fix.), and 122156 nonzeros
         0       0         0   0.00%   -94004567.681   -94004524.50401    0.00%        5      0      0     33486    49.9s
         0       0         0   0.00%   -94004567.681   -94004524.50401    0.00%        5      1      0     33749    50.8s
         0       0         0   0.00%   -94004567.62716 -94004524.50401    0.00%       13      2      0     33751    61.5s
         0       0         0   0.00%   -94004567.51282 -94004524.50401    0.00%       16      3      0     33753    85.0s
         0       0         0   0.00%   -94004567.51282 -94004524.50401    0.00%       16      2      0     33808    94.9s
         1       0         1 100.00%   -94004524.50653 -94004524.50401    0.00%       16      2      3     33924    98.4s
Solving report
  Status            Optimal
  Primal bound      -94004524.504
  Dual bound        -94004524.5065
  Gap               0% (tolerance: 0%)
  P-D integral      0.000168219687752
  Solution status   feasible
                    -94004524.504 (objective)
                    0 (bound viol.)
                    0 (int. viol.)
                    0 (row viol.)
  Timing            98.38
  Max sub-MIP depth 3
  Nodes             1
  Repair LPs        0
  LP iterations     33924
                    85 (strong br.)
                    1615 (separation)
                    2713 (heuristics)
 98.410831 seconds (184 allocations: 7.688 KiB)
Optimal solution found, objective function value: -9.400452450400913e7
Saving model results...  0.379193 seconds (4.27 M allocations: 149.139 MiB)
Postprocessing model results...  0.000070 seconds (48 allocations: 3.312 KiB)
Saving model outputs...  0.301678 seconds (2.76 M allocations: 170.350 MiB)
Rolling model temporal structure...  0.540668 seconds (4.74 M allocations: 102.043 MiB)
Fixing model history...  0.045586 seconds (413.88 k allocations: 20.191 MiB)
Applying model non-anticipativity constraints...  0.000178 seconds (603 allocations: 32.203 KiB)
model - window 3 of 12: 2019-03-02T20:00~(4 weeks, 2 days, 10 hours)~>2019-04-02T06:00
Optimizing model...MIP has 119868 rows; 139893 cols; 310029 nonzeros; 2287 integer variables (0 binary)
Coefficient ranges:
  Matrix  [6e-03, 1e+05]
  Cost    [1e-03, 2e+09]
  Bound   [1e-03, 2e+04]
  RHS     [1e+00, 2e+03]
WARNING: Problem has some excessively large costs
WARNING:    Consider scaling the objective by 1e-4, or setting the user_objective_scale option to -12
Presolving model
78876 rows, 70886 cols, 220841 nonzeros 0s
37627 rows, 53465 cols, 181177 nonzeros 0s
36021 rows, 48597 cols, 176123 nonzeros 0s
Presolve reductions: rows 36021(-83847); columns 48597(-91296); nonzeros 176123(-133906)
Solving MIP model with:
   36021 rows
   48597 cols (1668 binary, 0 integer, 0 implied int., 46929 continuous, 0 domain fixed)
   176123 nonzeros
Src: B => Branching; C => Central rounding; F => Feasibility pump; H => Heuristic;
     I => Shifting; J => Feasibility jump; L => Sub-MIP; P => Empty MIP; R => Randomized rounding;
     S => Solve LP; T => Evaluate node; U => Unbounded; X => User solution; Y => HiGHS solution;
     Z => ZI Round; l => Trivial lower; p => Trivial point; u => Trivial upper; z => Trivial zero
        Nodes      |    B&B Tree     |            Objective Bounds              |  Dynamic Constraints |       Work
Src  Proc. InQueue |  Leaves   Expl. | BestBound       BestSol              Gap |   Cuts   InLp Confl. | LpIters     Time
         0       0         0   0.00%   -383169978.4075 inf                  inf        0      0      0         0     1.4s
         0       0         0   0.00%   -102844782.9402 inf                  inf        0      0      3     30484     8.1s
 R       0       0         0   0.00%   -102840702.0368 -102840702.0368    0.00%    14234    378      6     32364    13.1s
         1       0         1 100.00%   -102840702.0368 -102840702.0368    0.00%    13310    378      6     32364    13.2s
Solving report
  Status            Optimal
  Primal bound      -102840702.037
  Dual bound        -102840702.037
  Gap               0% (tolerance: 0%)
  P-D integral      0
  Solution status   feasible
                    -102840702.037 (objective)
                    0 (bound viol.)
                    3.10862446895e-13 (int. viol.)
                    0 (row viol.)
  Timing            13.18
  Max sub-MIP depth 0
  Nodes             1
  Repair LPs        0
  LP iterations     32364
                    0 (strong br.)
                    1880 (separation)
                    0 (heuristics)
 13.217807 seconds (37 allocations: 1.453 KiB)
Optimal solution found, objective function value: -1.028407020367529e8
Saving model results...  0.705236 seconds (4.27 M allocations: 149.138 MiB, 48.00% gc time)
Postprocessing model results...  0.000085 seconds (48 allocations: 3.312 KiB)
Saving model outputs...  0.304945 seconds (2.76 M allocations: 170.350 MiB)
Rolling model temporal structure...  0.668477 seconds (4.74 M allocations: 102.043 MiB)
Fixing model history...  0.046675 seconds (413.88 k allocations: 20.191 MiB)
Applying model non-anticipativity constraints...  0.000113 seconds (603 allocations: 32.203 KiB)
model - window 4 of 12: 2019-04-02T06:00~(4 weeks, 2 days, 10 hours)~>2019-05-02T16:00
Optimizing model...MIP has 119868 rows; 139893 cols; 310112 nonzeros; 2287 integer variables (0 binary)
Coefficient ranges:
  Matrix  [6e-03, 1e+05]
  Cost    [1e-03, 2e+09]
  Bound   [9e-16, 2e+04]
  RHS     [1e+00, 2e+03]
WARNING: Problem has some excessively large costs
WARNING: Problem has some excessively small column bounds
WARNING:    Consider scaling the objective by 1e-4, or setting the user_objective_scale option to -12
Presolving model
79042 rows, 71052 cols, 221173 nonzeros 0s
37627 rows, 53548 cols, 181260 nonzeros 0s
36170 rows, 49167 cols, 176813 nonzeros 0s
Presolve reductions: rows 36170(-83698); columns 49167(-90726); nonzeros 176813(-133299)
Solving MIP model with:
   36170 rows
   49167 cols (1667 binary, 0 integer, 0 implied int., 47500 continuous, 0 domain fixed)
   176813 nonzeros
Src: B => Branching; C => Central rounding; F => Feasibility pump; H => Heuristic;
     I => Shifting; J => Feasibility jump; L => Sub-MIP; P => Empty MIP; R => Randomized rounding;
     S => Solve LP; T => Evaluate node; U => Unbounded; X => User solution; Y => HiGHS solution;
     Z => ZI Round; l => Trivial lower; p => Trivial point; u => Trivial upper; z => Trivial zero
        Nodes      |    B&B Tree     |            Objective Bounds              |  Dynamic Constraints |       Work
Src  Proc. InQueue |  Leaves   Expl. | BestBound       BestSol              Gap |   Cuts   InLp Confl. | LpIters     Time
         0       0         0   0.00%   -382599365.1952 inf                  inf        0      0      0         0     1.4s
         0       0         0   0.00%   -46635208.66067 inf                  inf        0      0      3     30536     7.4s
 R       0       0         0   0.00%   -46630662.46978 -46630662.46978    0.00%     4488    494      9     32637    13.1s
         1       0         1 100.00%   -46630662.46978 -46630662.46978    0.00%     4488    494      9     32637    13.1s
Solving report
  Status            Optimal
  Primal bound      -46630662.4698
  Dual bound        -46630662.4698
  Gap               0% (tolerance: 0%)
  P-D integral      0
  Solution status   feasible
                    -46630662.4698 (objective)
                    0 (bound viol.)
                    1.7763568394e-15 (int. viol.)
                    0 (row viol.)
  Timing            13.11
  Max sub-MIP depth 0
  Nodes             1
  Repair LPs        0
  LP iterations     32637
                    0 (strong br.)
                    2101 (separation)
                    0 (heuristics)
 13.142950 seconds (44 allocations: 1.750 KiB)
Optimal solution found, objective function value: -4.663066246978028e7
Saving model results...  0.350220 seconds (4.27 M allocations: 149.138 MiB)
Postprocessing model results...  0.000049 seconds (48 allocations: 3.312 KiB)
Saving model outputs...  0.292789 seconds (2.76 M allocations: 170.350 MiB)
Rolling model temporal structure...  0.520076 seconds (4.74 M allocations: 102.043 MiB)
Fixing model history...  0.042842 seconds (413.88 k allocations: 20.191 MiB)
Applying model non-anticipativity constraints...  0.000104 seconds (603 allocations: 32.203 KiB)
model - window 5 of 12: 2019-05-02T16:00~(4 weeks, 2 days, 10 hours)~>2019-06-02T02:00
Optimizing model...MIP has 119868 rows; 139893 cols; 310164 nonzeros; 2287 integer variables (0 binary)
Coefficient ranges:
  Matrix  [6e-03, 1e+05]
  Cost    [1e-03, 2e+09]
  Bound   [8e-17, 2e+04]
  RHS     [1e+00, 2e+03]
WARNING: Problem has some excessively large costs
WARNING: Problem has some excessively small column bounds
WARNING:    Consider scaling the objective by 1e-4, or setting the user_objective_scale option to -12
Presolving model
79146 rows, 71156 cols, 221381 nonzeros 0s
37627 rows, 53600 cols, 181312 nonzeros 0s
36214 rows, 49347 cols, 177066 nonzeros 0s
Presolve reductions: rows 36214(-83654); columns 49347(-90546); nonzeros 177066(-133098)
Solving MIP model with:
   36214 rows
   49347 cols (1668 binary, 0 integer, 0 implied int., 47679 continuous, 0 domain fixed)
   177066 nonzeros
Src: B => Branching; C => Central rounding; F => Feasibility pump; H => Heuristic;
     I => Shifting; J => Feasibility jump; L => Sub-MIP; P => Empty MIP; R => Randomized rounding;
     S => Solve LP; T => Evaluate node; U => Unbounded; X => User solution; Y => HiGHS solution;
     Z => ZI Round; l => Trivial lower; p => Trivial point; u => Trivial upper; z => Trivial zero
        Nodes      |    B&B Tree     |            Objective Bounds              |  Dynamic Constraints |       Work
Src  Proc. InQueue |  Leaves   Expl. | BestBound       BestSol              Gap |   Cuts   InLp Confl. | LpIters     Time
         0       0         0   0.00%   -375277740.9414 inf                  inf        0      0      0         0     1.4s
         0       0         0   0.00%   -51516065.17133 inf                  inf        0      0      3     30638     7.7s
 R       0       0         0   0.00%   -51515264.93922 1.03056022e+12   100.00%     8067    245      3     31999    11.3s
 C       0       0         0   0.00%   -51511331.29642 -51511302.18642    0.00%     7597    570      3     33453    16.7s
 T       0       0         0   0.00%   -51511331.29642 -51511331.29642    0.00%     7597    570      3     33453    16.7s
         1       0         1 100.00%   -51511331.29642 -51511331.29642    0.00%     7597    570      3     33453    16.7s
Solving report
  Status            Optimal
  Primal bound      -51511331.2964
  Dual bound        -51511331.2964
  Gap               0% (tolerance: 0%)
  P-D integral      5.37821784107
  Solution status   feasible
                    -51511331.2964 (objective)
                    0 (bound viol.)
                    7.55284723652e-13 (int. viol.)
                    0 (row viol.)
  Timing            16.72
  Max sub-MIP depth 0
  Nodes             1
  Repair LPs        0
  LP iterations     33453
                    0 (strong br.)
                    2815 (separation)
                    0 (heuristics)
 16.751014 seconds (65 allocations: 2.641 KiB)
Optimal solution found, objective function value: -5.1511331296416834e7
Saving model results...  0.589866 seconds (4.27 M allocations: 149.138 MiB, 39.78% gc time)
Postprocessing model results...  0.000034 seconds (48 allocations: 3.312 KiB)
Saving model outputs...  0.319458 seconds (2.76 M allocations: 170.350 MiB)
Rolling model temporal structure...  0.511970 seconds (4.74 M allocations: 102.043 MiB)
Fixing model history...  0.041061 seconds (413.88 k allocations: 20.191 MiB)
Applying model non-anticipativity constraints...  0.000103 seconds (603 allocations: 32.203 KiB)
model - window 6 of 12: 2019-06-02T02:00~(4 weeks, 2 days, 10 hours)~>2019-07-02T12:00
Optimizing model...MIP has 119868 rows; 139893 cols; 310176 nonzeros; 2287 integer variables (0 binary)
Coefficient ranges:
  Matrix  [6e-03, 1e+05]
  Cost    [1e-03, 2e+09]
  Bound   [8e-17, 2e+04]
  RHS     [1e+00, 2e+03]
WARNING: Problem has some excessively large costs
WARNING: Problem has some excessively small column bounds
WARNING:    Consider scaling the objective by 1e-4, or setting the user_objective_scale option to -12
Presolving model
79170 rows, 71180 cols, 221429 nonzeros 0s
37627 rows, 53612 cols, 181324 nonzeros 0s
36222 rows, 49422 cols, 177103 nonzeros 0s
Presolve reductions: rows 36222(-83646); columns 49422(-90471); nonzeros 177103(-133073)
Solving MIP model with:
   36222 rows
   49422 cols (1667 binary, 0 integer, 0 implied int., 47755 continuous, 0 domain fixed)
   177103 nonzeros
Src: B => Branching; C => Central rounding; F => Feasibility pump; H => Heuristic;
     I => Shifting; J => Feasibility jump; L => Sub-MIP; P => Empty MIP; R => Randomized rounding;
     S => Solve LP; T => Evaluate node; U => Unbounded; X => User solution; Y => HiGHS solution;
     Z => ZI Round; l => Trivial lower; p => Trivial point; u => Trivial upper; z => Trivial zero
        Nodes      |    B&B Tree     |            Objective Bounds              |  Dynamic Constraints |       Work
Src  Proc. InQueue |  Leaves   Expl. | BestBound       BestSol              Gap |   Cuts   InLp Confl. | LpIters     Time
         0       0         0   0.00%   -391759410.6671 inf                  inf        0      0      0         0     1.4s
         0       0         0   0.00%   -46817183.3691  inf                  inf        0      0      3     30574     7.8s
 R       0       0         0   0.00%   -46812770.62051 -46812758.73457    0.00%     5416    516      8     32989    13.5s
87.3% inactive integer columns, restarting
Model after restart has 32134 rows, 38951 cols (31 bin., 0 int., 0 impl., 38920 cont., 0 dom.fix.), and 125857 nonzeros
         0       0         0   0.00%   -46812770.62051 -46812758.73457    0.00%      235      0      0     33597    17.5s
12.9% inactive integer columns, restarting
Model after restart has 32110 rows, 38938 cols (25 bin., 0 int., 0 impl., 38913 cont., 0 dom.fix.), and 125792 nonzeros
Optimal solution found, objective function value: -4.6812758734569594e7
         0       0         0   0.00%   -46812770.5919  -46812758.73457    0.00%      214      0      0     37150    19.3s
         0       0         0   0.00%   -46812770.5919  -46812758.73457    0.00%      214    214      0     61532    25.7s
         0       0         0   0.00%   -46812769.01976 -46812758.73457    0.00%      216    214      0     62061    32.0s
         1       0         1 100.00%   -46812758.73457 -46812758.73457    0.00%      216    214      9     63280    37.1s
         1       0         1 100.00%   -46812758.73457 -46812758.73457    0.00%      216    214      9     63280    37.1s
Solving report
  Status            Optimal
  Primal bound      -46812758.7346
  Dual bound        -46812758.7346
  Gap               0% (tolerance: 0%)
  P-D integral      5.64479923626e-06
  Solution status   feasible
                    -46812758.7346 (objective)
                    0 (bound viol.)
                    7.1054273576e-16 (int. viol.)
                    0 (row viol.)
  Timing            37.08
  Max sub-MIP depth 1
  Nodes             1
  Repair LPs        0
  LP iterations     63280
                    691 (strong br.)
                    2416 (separation)
                    1654 (heuristics)
 37.106577 seconds (219 allocations: 9.172 KiB)
Saving model results...  0.338967 seconds (4.27 M allocations: 149.138 MiB)
Postprocessing model results...  0.000037 seconds (48 allocations: 3.312 KiB)
Saving model outputs...  0.293204 seconds (2.76 M allocations: 170.350 MiB)
Rolling model temporal structure...  0.526245 seconds (4.74 M allocations: 102.043 MiB)
Fixing model history...  0.045443 seconds (413.88 k allocations: 20.191 MiB)
Applying model non-anticipativity constraints...  0.000152 seconds (603 allocations: 32.203 KiB)
model - window 7 of 12: 2019-07-02T12:00~(4 weeks, 2 days, 10 hours)~>2019-08-01T22:00
Optimizing model...MIP has 119868 rows; 139893 cols; 310173 nonzeros; 2287 integer variables (0 binary)
Coefficient ranges:
  Matrix  [6e-03, 1e+05]
  Cost    [1e-03, 2e+09]
  Bound   [4e-16, 2e+04]
  RHS     [1e+00, 2e+03]
WARNING: Problem has some excessively large costs
WARNING: Problem has some excessively small column bounds
WARNING:    Consider scaling the objective by 1e-4, or setting the user_objective_scale option to -12
Presolving model
79164 rows, 71174 cols, 221417 nonzeros 0s
37627 rows, 53609 cols, 181321 nonzeros 0s
36236 rows, 49445 cols, 177186 nonzeros 0s
Presolve reductions: rows 36236(-83632); columns 49445(-90448); nonzeros 177186(-132987)
Solving MIP model with:
   36236 rows
   49445 cols (1668 binary, 0 integer, 0 implied int., 47777 continuous, 0 domain fixed)
   177186 nonzeros
Src: B => Branching; C => Central rounding; F => Feasibility pump; H => Heuristic;
     I => Shifting; J => Feasibility jump; L => Sub-MIP; P => Empty MIP; R => Randomized rounding;
     S => Solve LP; T => Evaluate node; U => Unbounded; X => User solution; Y => HiGHS solution;
     Z => ZI Round; l => Trivial lower; p => Trivial point; u => Trivial upper; z => Trivial zero
        Nodes      |    B&B Tree     |            Objective Bounds              |  Dynamic Constraints |       Work
Src  Proc. InQueue |  Leaves   Expl. | BestBound       BestSol              Gap |   Cuts   InLp Confl. | LpIters     Time
         0       0         0   0.00%   -411090581.1669 inf                  inf        0      0      0         0     1.5s
         0       0         0   0.00%   -42516512.33348 inf                  inf        0      0      3     30662    11.2s
 R       0       0         0   0.00%   -42511634.60134 -42505851.01711    0.01%    13847    486      6     31582    14.4s
         0       0         0   0.00%   -42510924.06666 -42505851.01711    0.01%     7391    670      6     31777    20.0s
 L       0       0         0   0.00%   -42510924.06666 -42510912.07159    0.00%     7391    670      6     31777    31.3s
         1       0         1 100.00%   -42510912.07159 -42510912.07159    0.00%     7391    670      6     33457    31.3s
Solving report
  Status            Optimal
  Primal bound      -42510912.0716
  Dual bound        -42510912.0716
  Gap               0% (tolerance: 0%)
  P-D integral      0.00205224161899
  Solution status   feasible
                    -42510912.0716 (objective)
                    0 (bound viol.)
                    8.881784197e-16 (int. viol.)
                    0 (row viol.)
  Timing            31.35
  Max sub-MIP depth 1
  Nodes             1
  Repair LPs        0
  LP iterations     33457
                    0 (strong br.)
                    1115 (separation)
                    1678 (heuristics)
 31.382250 seconds (100 allocations: 4.125 KiB)
Optimal solution found, objective function value: -4.251091207159316e7
Saving model results...  0.541710 seconds (4.27 M allocations: 149.138 MiB, 38.26% gc time)
Postprocessing model results...  0.000033 seconds (48 allocations: 3.312 KiB)
Saving model outputs...  0.282407 seconds (2.76 M allocations: 170.350 MiB)
Rolling model temporal structure...  0.512578 seconds (4.74 M allocations: 102.043 MiB)
Fixing model history...  0.040178 seconds (413.88 k allocations: 20.191 MiB)
Applying model non-anticipativity constraints...  0.000106 seconds (603 allocations: 32.203 KiB)
model - window 8 of 12: 2019-08-01T22:00~(4 weeks, 2 days, 10 hours)~>2019-09-01T08:00
Optimizing model...MIP has 119868 rows; 139893 cols; 310126 nonzeros; 2287 integer variables (0 binary)
Coefficient ranges:
  Matrix  [6e-03, 1e+05]
  Cost    [1e-03, 2e+09]
  Bound   [3e-03, 2e+04]
  RHS     [1e+00, 2e+03]
WARNING: Problem has some excessively large costs
WARNING:    Consider scaling the objective by 1e-4, or setting the user_objective_scale option to -12
Presolving model
79070 rows, 71080 cols, 221229 nonzeros 0s
37627 rows, 53562 cols, 181274 nonzeros 0s
36191 rows, 49242 cols, 176938 nonzeros 0s
Presolve reductions: rows 36191(-83677); columns 49242(-90651); nonzeros 176938(-133188)
Solving MIP model with:
   36191 rows
   49242 cols (1668 binary, 0 integer, 0 implied int., 47574 continuous, 0 domain fixed)
   176938 nonzeros
Src: B => Branching; C => Central rounding; F => Feasibility pump; H => Heuristic;
     I => Shifting; J => Feasibility jump; L => Sub-MIP; P => Empty MIP; R => Randomized rounding;
     S => Solve LP; T => Evaluate node; U => Unbounded; X => User solution; Y => HiGHS solution;
     Z => ZI Round; l => Trivial lower; p => Trivial point; u => Trivial upper; z => Trivial zero
        Nodes      |    B&B Tree     |            Objective Bounds              |  Dynamic Constraints |       Work
Src  Proc. InQueue |  Leaves   Expl. | BestBound       BestSol              Gap |   Cuts   InLp Confl. | LpIters     Time
         0       0         0   0.00%   -399659431.1129 inf                  inf        0      0      0         0     1.4s
         0       0         0   0.00%   -37058365.08386 inf                  inf        0      0      3     30691     7.7s
 R       0       0         0   0.00%   -37054043.01583 -37053968.61954    0.00%    14224    460      6     32445    11.0s
         1       0         1 100.00%   -37053968.61954 -37053968.61954    0.00%    12792    460     13     35277    13.7s
Solving report
  Status            Optimal
  Primal bound      -37053968.6195
  Dual bound        -37053968.6195
  Gap               0% (tolerance: 0%)
  P-D integral      5.57769640646e-06
  Solution status   feasible
                    -37053968.6195 (objective)
                    0 (bound viol.)
                    1.11022302463e-15 (int. viol.)
                    0 (row viol.)
  Timing            13.74
  Max sub-MIP depth 0
  Nodes             1
  Repair LPs        0
  LP iterations     35277
                    0 (strong br.)
                    1754 (separation)
                    2832 (heuristics)
 13.770292 seconds (86 allocations: 3.531 KiB)
Optimal solution found, objective function value: -3.705396861954364e7
Saving model results...  0.330075 seconds (4.27 M allocations: 149.139 MiB)
Postprocessing model results...  0.000050 seconds (48 allocations: 3.312 KiB)
Saving model outputs...  0.289835 seconds (2.76 M allocations: 170.350 MiB)
Rolling model temporal structure...  0.530363 seconds (4.74 M allocations: 102.043 MiB)
Fixing model history...  0.241355 seconds (413.88 k allocations: 20.191 MiB, 81.36% gc time)
Applying model non-anticipativity constraints...  0.000103 seconds (603 allocations: 32.203 KiB)
model - window 9 of 12: 2019-09-01T08:00~(4 weeks, 2 days, 10 hours)~>2019-10-01T18:00
Optimizing model...MIP has 119868 rows; 139893 cols; 310068 nonzeros; 2287 integer variables (0 binary)
Coefficient ranges:
  Matrix  [6e-03, 1e+05]
  Cost    [1e-03, 2e+09]
  Bound   [3e-16, 2e+04]
  RHS     [1e+00, 2e+03]
WARNING: Problem has some excessively large costs
WARNING: Problem has some excessively small column bounds
WARNING:    Consider scaling the objective by 1e-4, or setting the user_objective_scale option to -12
Presolving model
78954 rows, 70964 cols, 220997 nonzeros 0s
37627 rows, 53504 cols, 181216 nonzeros 0s
36097 rows, 48833 cols, 176435 nonzeros 0s
Presolve reductions: rows 36097(-83771); columns 48833(-91060); nonzeros 176435(-133633)
Solving MIP model with:
   36097 rows
   48833 cols (1668 binary, 0 integer, 0 implied int., 47165 continuous, 0 domain fixed)
   176435 nonzeros
Src: B => Branching; C => Central rounding; F => Feasibility pump; H => Heuristic;
     I => Shifting; J => Feasibility jump; L => Sub-MIP; P => Empty MIP; R => Randomized rounding;
     S => Solve LP; T => Evaluate node; U => Unbounded; X => User solution; Y => HiGHS solution;
     Z => ZI Round; l => Trivial lower; p => Trivial point; u => Trivial upper; z => Trivial zero
        Nodes      |    B&B Tree     |            Objective Bounds              |  Dynamic Constraints |       Work
Src  Proc. InQueue |  Leaves   Expl. | BestBound       BestSol              Gap |   Cuts   InLp Confl. | LpIters     Time
         0       0         0   0.00%   -371351514.597  inf                  inf        0      0      0         0     1.4s
         0       0         0   0.00%   -76036485.16923 inf                  inf        0      0      3     30160     6.9s
 R       0       0         0   0.00%   -76035710.49434 2.46650529e+12   100.00%     8376    209      3     31283    11.5s
 C       0       0         0   0.00%   -76032390.69277 -76032340.53277    0.00%     1934    430      3     31831    16.9s
 T       0       0         0   0.00%   -76032390.69277 -76032390.69277    0.00%     1934    430      3     31831    17.0s
         1       0         1 100.00%   -76032390.69277 -76032390.69277    0.00%     1934    430      3     31831    17.0s
Solving report
  Status            Optimal
  Primal bound      -76032390.6928
  Dual bound        -76032390.6928
  Gap               0% (tolerance: 0%)
  P-D integral      5.39175920645
  Solution status   feasible
                    -76032390.6928 (objective)
                    0 (bound viol.)
                    4.66293670343e-15 (int. viol.)
                    0 (row viol.)
  Timing            16.97
  Max sub-MIP depth 0
  Nodes             1
  Repair LPs        0
  LP iterations     31831
                    0 (strong br.)
                    1671 (separation)
                    0 (heuristics)
 16.998192 seconds (65 allocations: 2.641 KiB)
Optimal solution found, objective function value: -7.603239069277433e7
Saving model results...  0.341373 seconds (4.27 M allocations: 149.138 MiB)
Postprocessing model results...  0.000035 seconds (48 allocations: 3.312 KiB)
Saving model outputs...  0.291226 seconds (2.76 M allocations: 170.350 MiB)
Rolling model temporal structure...  0.512416 seconds (4.74 M allocations: 102.043 MiB)
Fixing model history...  0.040573 seconds (413.88 k allocations: 20.191 MiB)
Applying model non-anticipativity constraints...  0.000094 seconds (603 allocations: 32.203 KiB)
model - window 10 of 12: 2019-10-01T18:00~(4 weeks, 2 days, 10 hours)~>2019-11-01T04:00
Optimizing model...MIP has 119868 rows; 139893 cols; 310000 nonzeros; 2287 integer variables (0 binary)
Coefficient ranges:
  Matrix  [6e-03, 1e+05]
  Cost    [1e-03, 2e+09]
  Bound   [2e-03, 2e+04]
  RHS     [1e+00, 2e+03]
WARNING: Problem has some excessively large costs
WARNING:    Consider scaling the objective by 1e-4, or setting the user_objective_scale option to -12
Presolving model
78818 rows, 70828 cols, 220725 nonzeros 0s
37627 rows, 53436 cols, 181148 nonzeros 0s
36054 rows, 48584 cols, 176143 nonzeros 0s
Presolve reductions: rows 36054(-83814); columns 48584(-91309); nonzeros 176143(-133857)
Solving MIP model with:
   36054 rows
   48584 cols (1668 binary, 0 integer, 0 implied int., 46916 continuous, 0 domain fixed)
   176143 nonzeros
Src: B => Branching; C => Central rounding; F => Feasibility pump; H => Heuristic;
     I => Shifting; J => Feasibility jump; L => Sub-MIP; P => Empty MIP; R => Randomized rounding;
     S => Solve LP; T => Evaluate node; U => Unbounded; X => User solution; Y => HiGHS solution;
     Z => ZI Round; l => Trivial lower; p => Trivial point; u => Trivial upper; z => Trivial zero
        Nodes      |    B&B Tree     |            Objective Bounds              |  Dynamic Constraints |       Work
Src  Proc. InQueue |  Leaves   Expl. | BestBound       BestSol              Gap |   Cuts   InLp Confl. | LpIters     Time
         0       0         0   0.00%   -381108819.4478 inf                  inf        0      0      0         0     1.4s
         0       0         0   0.00%   -63884538.74949 inf                  inf        0      0      2     30618     7.5s
 R       0       0         0   0.00%   -63879801.58568 -63879536.64577    0.00%    16371    414      5     32426    11.1s
 L       0       0         0   0.00%   -63879801.58568 -63879536.64577    0.00%    16371    414      5     32426    14.2s
82.7% inactive integer columns, restarting
Model after restart has 31888 rows, 39276 cols (141 bin., 0 int., 0 impl., 39135 cont., 0 dom.fix.), and 126198 nonzeros
         0       0         0   0.00%   -63879801.58568 -63879536.64577    0.00%       71      0      0     34309    18.2s
20.6% inactive integer columns, restarting
Model after restart has 31741 rows, 39246 cols (111 bin., 0 int., 0 impl., 39135 cont., 0 dom.fix.), and 125511 nonzeros
         0       0         0   0.00%   -63879801.57454 -63879536.64577    0.00%       47      0      0     35883    20.0s
         0       0         0   0.00%   -63879801.57454 -63879536.64577    0.00%       47     47      0     35970    20.9s
         1       0         1 100.00%   -63879536.64577 -63879536.64577    0.00%     3459     52      0     35977    22.2s
Solving report
  Status            Optimal
  Primal bound      -63879536.6458
  Dual bound        -63879536.6458
  Gap               0% (tolerance: 0%)
  P-D integral      4.64146868294e-05
  Solution status   feasible
                    -63879536.6458 (objective)
                    0 (bound viol.)
                    0 (int. viol.)
                    0 (row viol.)
  Timing            22.23
  Max sub-MIP depth 1
  Nodes             1
  Repair LPs        0
  LP iterations     35977
                    0 (strong br.)
                    1815 (separation)
                    1883 (heuristics)
 22.261953 seconds (107 allocations: 4.422 KiB)
Optimal solution found, objective function value: -6.387953664577057e7
Saving model results...  0.341085 seconds (4.27 M allocations: 149.138 MiB)
Postprocessing model results...  0.000038 seconds (48 allocations: 3.312 KiB)
Saving model outputs...  0.279847 seconds (2.76 M allocations: 170.350 MiB)
Rolling model temporal structure...  0.718398 seconds (4.74 M allocations: 102.043 MiB, 26.72% gc time)
Fixing model history...  0.040779 seconds (413.88 k allocations: 20.191 MiB)
Applying model non-anticipativity constraints...  0.000108 seconds (603 allocations: 32.203 KiB)
model - window 11 of 12: 2019-11-01T04:00~(4 weeks, 2 days, 10 hours)~>2019-12-01T14:00
Optimizing model...MIP has 119868 rows; 139893 cols; 309934 nonzeros; 2287 integer variables (0 binary)
Coefficient ranges:
  Matrix  [6e-03, 1e+05]
  Cost    [1e-03, 2e+09]
  Bound   [3e-16, 2e+04]
  RHS     [1e+00, 2e+03]
WARNING: Problem has some excessively large costs
WARNING: Problem has some excessively small column bounds
WARNING:    Consider scaling the objective by 1e-4, or setting the user_objective_scale option to -12
Presolving model
78686 rows, 70696 cols, 220461 nonzeros 0s
37627 rows, 53370 cols, 181082 nonzeros 0s
35990 rows, 48265 cols, 175760 nonzeros 0s
Presolve reductions: rows 35990(-83878); columns 48265(-91628); nonzeros 175760(-134174)
Solving MIP model with:
   35990 rows
   48265 cols (1668 binary, 0 integer, 0 implied int., 46597 continuous, 0 domain fixed)
   175760 nonzeros
Src: B => Branching; C => Central rounding; F => Feasibility pump; H => Heuristic;
     I => Shifting; J => Feasibility jump; L => Sub-MIP; P => Empty MIP; R => Randomized rounding;
     S => Solve LP; T => Evaluate node; U => Unbounded; X => User solution; Y => HiGHS solution;
     Z => ZI Round; l => Trivial lower; p => Trivial point; u => Trivial upper; z => Trivial zero
        Nodes      |    B&B Tree     |            Objective Bounds              |  Dynamic Constraints |       Work
Src  Proc. InQueue |  Leaves   Expl. | BestBound       BestSol              Gap |   Cuts   InLp Confl. | LpIters     Time
         0       0         0   0.00%   -420569260.5208 inf                  inf        0      0      0         0     1.4s
         0       0         0   0.00%   -76622122.52626 inf                  inf        0      0      2     29853    10.3s
 R       0       0         0   0.00%   -76616671.03115 -76616487.46217    0.00%    13451    468      5     30675    13.8s
 L       0       0         0   0.00%   -76616671.03115 -76616487.46218    0.00%    13451    468      5     30675    22.8s
         0       0         0   0.00%   -76616671.03115 -76616487.46218    0.00%    13451    381      5     33003    28.0s
94.2% inactive integer columns, restarting
Model after restart has 31593 rows, 39166 cols (39 bin., 0 int., 0 impl., 39127 cont., 0 dom.fix.), and 124473 nonzeros
         0       0         0   0.00%   -76616671.03115 -76616487.46218    0.00%       64      0      0     33003    28.3s
35.9% inactive integer columns, restarting
Model after restart has 31530 rows, 39146 cols (23 bin., 0 int., 0 impl., 39123 cont., 0 dom.fix.), and 124190 nonzeros
         0       0         0   0.00%   -76616671.02387 -76616487.46218    0.00%       54      0      0     33939    29.1s
         0       0         0   0.00%   -76616671.02387 -76616487.46218    0.00%       54     54      0     34058    29.4s
         0       0         0   0.00%   -76616659.27859 -76616487.46218    0.00%     2486     61      0     34069    34.5s
         1       0         1 100.00%   -76616487.46218 -76616487.46218    0.00%     3213     63      2     34178    38.1s
Solving report
  Status            Optimal
  Primal bound      -76616487.4622
  Dual bound        -76616487.4622
  Gap               0% (tolerance: 0%)
  P-D integral      5.68154504513e-05
  Solution status   feasible
                    -76616487.4622 (objective)
                    0 (bound viol.)
                    0 (int. viol.)
                    0 (row viol.)
  Timing            38.15
  Max sub-MIP depth 1
  Nodes             1
  Repair LPs        0
  LP iterations     34178
                    0 (strong br.)
                    840 (separation)
                    2430 (heuristics)
 38.177833 seconds (170 allocations: 7.094 KiB)
Optimal solution found, objective function value: -7.661648746217501e7
Saving model results...  0.338372 seconds (4.27 M allocations: 149.138 MiB)
Postprocessing model results...  0.000039 seconds (48 allocations: 3.312 KiB)
Saving model outputs...  0.285961 seconds (2.76 M allocations: 170.369 MiB)
Rolling model temporal structure...  0.520229 seconds (4.74 M allocations: 101.999 MiB)
Fixing model history...  0.040913 seconds (413.88 k allocations: 20.191 MiB)
Applying model non-anticipativity constraints...  0.000098 seconds (603 allocations: 32.203 KiB)
model - window 12 of 12: 2019-12-01T14:00~(4 weeks, 2 days, 10 hours)~>2020-01-01T00:00
Optimizing model...MIP has 119868 rows; 139893 cols; 309882 nonzeros; 2287 integer variables (0 binary)
Coefficient ranges:
  Matrix  [6e-03, 1e+05]
  Cost    [1e-03, 2e+09]
  Bound   [2e-02, 2e+04]
  RHS     [1e+00, 2e+03]
WARNING: Problem has some excessively large costs
WARNING:    Consider scaling the objective by 1e-4, or setting the user_objective_scale option to -12
Presolving model
78582 rows, 70592 cols, 220253 nonzeros 0s
37627 rows, 53318 cols, 181030 nonzeros 0s
35900 rows, 47959 cols, 175364 nonzeros 0s
Presolve reductions: rows 35900(-83968); columns 47959(-91934); nonzeros 175364(-134518)
Solving MIP model with:
   35900 rows
   47959 cols (1668 binary, 0 integer, 0 implied int., 46291 continuous, 0 domain fixed)
   175364 nonzeros
Src: B => Branching; C => Central rounding; F => Feasibility pump; H => Heuristic;
     I => Shifting; J => Feasibility jump; L => Sub-MIP; P => Empty MIP; R => Randomized rounding;
     S => Solve LP; T => Evaluate node; U => Unbounded; X => User solution; Y => HiGHS solution;
     Z => ZI Round; l => Trivial lower; p => Trivial point; u => Trivial upper; z => Trivial zero
        Nodes      |    B&B Tree     |            Objective Bounds              |  Dynamic Constraints |       Work
Src  Proc. InQueue |  Leaves   Expl. | BestBound       BestSol              Gap |   Cuts   InLp Confl. | LpIters     Time
         0       0         0   0.00%   -395826684.2786 inf                  inf        0      0      0         0     1.4s
         0       0         0   0.00%   -115548104.4087 inf                  inf        0      0      2     30369     6.5s
 R       0       0         0   0.00%   -115544480.4436 -115544464.1375    0.00%    14025    417      5     32151     9.9s
         1       0         1 100.00%   -115544464.1375 -115544464.1375    0.00%    13760    417     10     34069    12.0s
Solving report
  Status            Optimal
  Primal bound      -115544464.138
  Dual bound        -115544464.138
  Gap               0% (tolerance: 0%)
  P-D integral      2.91450095369e-07
  Solution status   feasible
                    -115544464.138 (objective)
                    0 (bound viol.)
                    1.33226762955e-15 (int. viol.)
                    0 (row viol.)
  Timing            11.98
  Max sub-MIP depth 0
  Nodes             1
  Repair LPs        0
  LP iterations     34069
                    0 (strong br.)
                    1782 (separation)
                    1903 (heuristics)
 12.010510 seconds (86 allocations: 3.531 KiB)
Optimal solution found, objective function value: -1.1554446413754864e8
Saving model results...  0.337180 seconds (4.27 M allocations: 149.139 MiB)
Postprocessing model results...  0.000052 seconds (48 allocations: 3.312 KiB)
Saving model outputs...  0.307820 seconds (2.76 M allocations: 170.350 MiB)
Rolling model temporal structure...  0.000073 seconds (47 allocations: 1.312 KiB)
Rolling complete
Solve complete. Started at 2026-07-30T12:30:27.393, ended at 2026-07-30T12:36:36.027, elapsed time: 6 minutes, 8 seconds, 634 milliseconds
Time summary:
Action                                           │ min      │ max       │ avg
─────────────────────────────────────────────────┼──────────┼───────────┼───────────────────────
Postprocessing model results...                  │ 3.3e-5   │ 9.1e-5    │ 5.1083333333333326e-5
Fixing model history...                          │ 0.040178 │ 0.241355  │ 0.06176327272727273
Applying model non-anticipativity constraints... │ 9.4e-5   │ 0.000178  │ 0.00011918181818181818
Rolling model temporal structure...              │ 7.3e-5   │ 0.718398  │ 0.5195808333333334
Saving model results...                          │ 0.330075 │ 0.705236  │ 0.4253653333333333
Optimizing model...                              │ 12.01051 │ 98.410831 │ 28.984439583333337
Saving model outputs...                          │ 0.279847 │ 0.422344  │ 0.3059595
Writing report to sqlite:///C:\Users\jfg.eco\Documents\GitHub\Nord_H2ub\Spine_Projects\02_basic_energy_model\.spinetoolbox\items\outputtest\OutputTest.sqlite?spinedbfilter=cfg%3Aexecution%3A%7B%22execution_item%22%3A+%22Run+SpineOpt%22%2C+%22scenarios%22%3A+%5B%5D%2C+%22timestamp%22%3A+%222026-07-30T12%3A26%3A58%22%7D...  3.207319 seconds (22.22 M allocations: 1.331 GiB, 10.42% gc time)
Execution complete. Started at 2026-07-30T12:27:01.196, ended at 2026-07-30T12:36:47.403, elapsed time: 9 minutes, 46 seconds, 207 milliseconds
A JuMP Model
├ solver: HiGHS
├ objective_sense: MIN_SENSE
│ └ objective_function_type: JuMP.AffExpr
├ num_variables: 139893
├ num_constraints: 248178
│ ├ JuMP.AffExpr in MOI.EqualTo{Float64}: 33672
│ ├ JuMP.AffExpr in MOI.GreaterThan{Float64}: 30688
│ ├ JuMP.AffExpr in MOI.LessThan{Float64}: 55508
│ ├ JuMP.VariableRef in MOI.EqualTo{Float64}: 900
│ ├ JuMP.VariableRef in MOI.GreaterThan{Float64}: 121442
│ ├ JuMP.VariableRef in MOI.LessThan{Float64}: 3681
│ └ JuMP.VariableRef in MOI.Integer: 2287
└ Names registered in the model: none
