### Spine execution log file
### Item name: Run SpineOpt
### Filter id: 
### Part: 1

# Running julia run_spineopt.jl http://127.0.0.1:60875 http://127.0.0.1:60877
2-element Vector{String}:
 "http://127.0.0.1:60875"
 "http://127.0.0.1:60877"
WARNING: using JuMP.parameter_value in module SpineInterface conflicts with an existing identifier.
Running SpineOpt...
WARNING: using JuMP.Parameter in module SpineInterface conflicts with an existing identifier.
[SpineOpt version 0.10.2 (git hash: N/A)]
[SpineInterface version 0.15.2 (git hash: N/A)]
Execution started at 2026-07-16T10:23:18.638
Reading input data from sqlite:///C:\Users\jfg.eco\Documents\GitHub\Nord_H2ub\Spine_Projects\02_basic_energy_model\.spinetoolbox\items\input\Input.sqlite...
Initializing  data structure from db... 17.955454 seconds (31.33 M allocations: 1.536 GiB, 1.95% gc time, 96.41% compilation time)
Preprocessing  data structure... 14.711997 seconds (13.08 M allocations: 651.110 MiB, 0.77% gc time, 99.45% compilation time)
Checking  data structure...  1.333722 seconds (1.03 M allocations: 52.029 MiB, 99.74% compilation time)
Build started at 2026-07-16T10:24:16.586
Creating model temporal structure...[ Info: the last time slice of temporal block Default_Investment_period has been cut to fit within the block
[ Info: the last time slice of temporal block daily has been cut to fit within the block
 55.246351 seconds (438.03 M allocations: 22.527 GiB, 28.67% gc time, 11.63% compilation time)
Creating model stochastic structure...  8.477145 seconds (10.22 M allocations: 800.311 MiB, 35.32% gc time, 94.65% compilation time)
Adding model independent variables...
- [variable_binary_gas_connection_flow]  3.327981 seconds (5.84 M allocations: 208.171 MiB, 97.24% compilation time)
- [variable_connection_flow] 14.263030 seconds (26.02 M allocations: 1.429 GiB, 5.95% gc time, 85.88% compilation time)
- [variable_connection_intact_flow]  2.738141 seconds (10.84 M allocations: 663.953 MiB, 13.28% gc time, 53.30% compilation time)
- [variable_connections_decommissioned]  3.454698 seconds (6.27 M allocations: 228.965 MiB, 97.29% compilation time)
- [variable_connections_invested]  2.887590 seconds (2.49 M allocations: 142.104 MiB, 83.87% gc time, 6.69% compilation time)
- [variable_connections_invested_available]  1.052961 seconds (3.31 M allocations: 184.576 MiB, 73.99% compilation time)
- [variable_min_capacity_margin_slack]  1.400200 seconds (4.06 M allocations: 121.415 MiB, 92.68% compilation time)
- [variable_node_injection]  2.918551 seconds (8.79 M allocations: 461.656 MiB, 80.88% compilation time)
- [variable_node_pressure]  0.818738 seconds (3.09 M allocations: 75.499 MiB, 88.98% compilation time)
- [variable_node_slack_neg]  1.476885 seconds (7.10 M allocations: 340.383 MiB, 16.63% gc time, 51.02% compilation time)
- [variable_node_slack_pos]  0.512426 seconds (6.45 M allocations: 305.287 MiB)
- [variable_node_state]  2.740399 seconds (6.73 M allocations: 269.151 MiB, 88.80% compilation time)
- [variable_node_voltage_angle]  1.105515 seconds (3.10 M allocations: 75.825 MiB, 21.03% gc time, 71.00% compilation time)
- [variable_nonspin_units_shut_down]  1.494029 seconds (4.34 M allocations: 133.840 MiB, 94.64% compilation time)
- [variable_nonspin_units_started_up]  0.942565 seconds (3.44 M allocations: 89.504 MiB, 90.49% compilation time)
- [variable_storages_decommissioned]  2.954127 seconds (4.48 M allocations: 142.236 MiB, 96.28% compilation time)
- [variable_storages_invested]  0.451352 seconds (2.44 M allocations: 88.031 MiB, 71.63% compilation time)
- [variable_storages_invested_available]  0.253037 seconds (2.10 M allocations: 70.755 MiB, 51.73% compilation time)
- [variable_unit_flow] 11.142272 seconds (28.10 M allocations: 2.243 GiB, 5.54% gc time, 76.54% compilation time)
- [variable_unit_flow_op]  4.587296 seconds (8.56 M allocations: 393.266 MiB, 1.83% gc time, 94.96% compilation time)
- [variable_unit_flow_op_active]  2.232443 seconds (5.52 M allocations: 248.299 MiB, 4.88% gc time, 81.66% compilation time)
- [variable_units_invested]  3.418250 seconds (5.99 M allocations: 300.968 MiB, 91.55% compilation time)
- [variable_units_invested_available]  0.631559 seconds (2.85 M allocations: 148.444 MiB, 14.13% gc time, 41.27% compilation time)
- [variable_units_mothballed]  0.096683 seconds (2.30 M allocations: 35.615 MiB)
- [variable_units_on]  3.914246 seconds (9.32 M allocations: 430.160 MiB, 3.45% gc time, 85.51% compilation time)
- [variable_units_out_of_service]  0.774808 seconds (3.03 M allocations: 72.663 MiB, 88.08% compilation time)
- [variable_units_returned_to_service]  0.160195 seconds (2.38 M allocations: 39.665 MiB, 51.70% compilation time)
- [variable_units_shut_down]  1.667689 seconds (3.65 M allocations: 109.335 MiB, 92.88% compilation time)
- [variable_units_started_up]  0.161413 seconds (2.59 M allocations: 54.693 MiB, 29.32% compilation time)
- [variable_units_taken_out_of_service]  0.202721 seconds (2.31 M allocations: 35.941 MiB, 55.02% gc time, 6.00% compilation time)
- [variable_user_constraint_slack_neg]  1.310378 seconds (3.95 M allocations: 115.185 MiB, 94.25% compilation time)
- [variable_user_constraint_slack_pos]  0.079978 seconds (2.29 M allocations: 34.898 MiB)
 80.492307 seconds (211.07 M allocations: 9.987 GiB, 6.81% gc time, 81.43% compilation time)
Adding model dependent variables...
- [variable_connection_flow]  3.964419 seconds (9.19 M allocations: 1023.211 MiB, 6.79% gc time, 77.39% compilation time)
- [variable_unit_flow]  2.900755 seconds (9.17 M allocations: 439.525 MiB, 4.52% gc time, 76.35% compilation time)
  7.345919 seconds (19.40 M allocations: 1.478 GiB, 5.45% gc time, 78.39% compilation time)
Adding model expressions...
- [expression_capacity_margin]  0.361306 seconds (1.04 M allocations: 49.177 MiB, 99.92% compilation time)
  0.370302 seconds (1.04 M allocations: 49.237 MiB, 99.71% compilation time)
Adding model constraints...
- [constraint_candidate_connection_flow_lb]  0.580353 seconds (790.77 k allocations: 37.977 MiB, 99.84% compilation time)
- [constraint_candidate_connection_flow_ub]  0.146401 seconds (354.10 k allocations: 17.396 MiB, 99.74% compilation time)
- [constraint_compression_ratio]  0.076243 seconds (114.70 k allocations: 5.770 MiB, 99.71% compilation time)
- [constraint_connection_flow_capacity]  7.353339 seconds (26.37 M allocations: 1.432 GiB, 5.49% gc time, 65.98% compilation time)
- [constraint_connection_flow_gas_capacity]  0.099654 seconds (102.85 k allocations: 5.047 MiB, 99.76% compilation time)
- [constraint_connection_flow_intact_flow]  0.292072 seconds (272.31 k allocations: 13.365 MiB, 99.85% compilation time)
- [constraint_connection_flow_lodf]  0.301589 seconds (520.06 k allocations: 24.534 MiB, 99.82% compilation time)
- [constraint_connection_intact_flow_capacity]  0.480902 seconds (755.53 k allocations: 37.034 MiB, 99.85% compilation time)
- [constraint_connection_intact_flow_ptdf]  0.320763 seconds (324.41 k allocations: 16.258 MiB, 99.85% compilation time)
- [constraint_connection_lifetime] 28.215887 seconds (149.54 M allocations: 15.443 GiB, 44.29% gc time, 7.95% compilation time)
- [constraint_connection_unitary_gas_flow]  0.106840 seconds (303.38 k allocations: 15.020 MiB, 99.79% compilation time)
- [constraint_connections_invested_available]  0.766090 seconds (1.15 M allocations: 55.247 MiB, 99.52% compilation time)
- [constraint_connections_invested_transition]  2.091782 seconds (2.40 M allocations: 117.647 MiB, 99.70% compilation time)
- [constraint_cyclic_node_state]  0.308797 seconds (241.39 k allocations: 11.983 MiB, 99.84% compilation time)
- [constraint_fix_node_pressure_point]  0.074794 seconds (69.35 k allocations: 3.424 MiB, 99.74% compilation time)
- [constraint_fix_ratio_in_in_unit_flow]  3.299313 seconds (5.27 M allocations: 273.177 MiB, 95.57% compilation time)
- [constraint_fix_ratio_in_out_unit_flow]  0.123495 seconds (373.18 k allocations: 17.989 MiB, 99.35% compilation time)
- [constraint_fix_ratio_out_in_connection_flow]  2.820109 seconds (4.07 M allocations: 207.760 MiB, 95.48% compilation time)
- [constraint_fix_ratio_out_in_unit_flow]  0.000197 seconds (205 allocations: 12.758 KiB)
- [constraint_fix_ratio_out_out_unit_flow]  0.000444 seconds (1.11 k allocations: 59.508 KiB)
- [constraint_investment_group_equal_investments]  2.316460 seconds (2.68 M allocations: 137.750 MiB, 99.60% compilation time)
- [constraint_investment_group_maximum_capacity_invested_available]  0.190197 seconds (242.27 k allocations: 11.877 MiB, 99.83% compilation time)
- [constraint_investment_group_maximum_entities_invested_available]  0.103386 seconds (199.81 k allocations: 9.467 MiB, 99.79% compilation time)
- [constraint_investment_group_minimum_capacity_invested_available]  0.077044 seconds (37.41 k allocations: 1.897 MiB, 99.69% compilation time)
- [constraint_investment_group_minimum_entities_invested_available]  0.065308 seconds (37.41 k allocations: 1.900 MiB, 99.71% compilation time)
- [constraint_max_node_pressure]  0.288878 seconds (401.38 k allocations: 19.583 MiB, 99.84% compilation time)
- [constraint_max_node_voltage_angle]  0.102118 seconds (77.07 k allocations: 3.834 MiB, 99.65% compilation time)
- [constraint_max_ratio_in_in_unit_flow]  0.000196 seconds (205 allocations: 12.758 KiB)
- [constraint_max_ratio_in_out_unit_flow]  0.000280 seconds (205 allocations: 12.758 KiB)
- [constraint_max_ratio_out_in_connection_flow]  0.102868 seconds (166.17 k allocations: 8.015 MiB, 99.67% compilation time)
- [constraint_max_ratio_out_in_unit_flow]  0.000239 seconds (205 allocations: 12.758 KiB)
- [constraint_max_ratio_out_out_unit_flow]  0.000166 seconds (205 allocations: 12.758 KiB)
- [constraint_max_total_cumulated_unit_flow_from_node]  0.245037 seconds (130.96 k allocations: 6.528 MiB, 99.89% compilation time)
- [constraint_max_total_cumulated_unit_flow_to_node]  0.000124 seconds (92 allocations: 5.789 KiB)
- [constraint_min_capacity_margin]  0.080729 seconds (51.33 k allocations: 2.596 MiB, 99.65% compilation time)
- [constraint_min_down_time]  3.228835 seconds (9.31 M allocations: 628.864 MiB, 76.07% compilation time)
- [constraint_min_node_pressure]  0.096137 seconds (64.13 k allocations: 3.180 MiB, 99.54% compilation time)
- [constraint_min_node_voltage_angle]  0.101918 seconds (64.19 k allocations: 3.173 MiB, 99.61% compilation time)
- [constraint_min_ratio_in_in_unit_flow]  0.000219 seconds (205 allocations: 12.758 KiB)
- [constraint_min_ratio_in_out_unit_flow]  0.000170 seconds (205 allocations: 12.758 KiB)
- [constraint_min_ratio_out_in_connection_flow]  0.060147 seconds (34.77 k allocations: 1.751 MiB, 99.65% compilation time)
- [constraint_min_ratio_out_in_unit_flow]  0.000219 seconds (205 allocations: 12.758 KiB)
- [constraint_min_ratio_out_out_unit_flow]  0.000174 seconds (205 allocations: 12.758 KiB)
- [constraint_min_scheduled_outage_duration]  0.193021 seconds (145.74 k allocations: 7.223 MiB, 99.88% compilation time)
- [constraint_min_total_cumulated_unit_flow_from_node]  0.061583 seconds (34.77 k allocations: 1.750 MiB, 99.62% compilation time)
- [constraint_min_total_cumulated_unit_flow_to_node]  0.000141 seconds (92 allocations: 5.789 KiB)
- [constraint_min_up_time]  0.933525 seconds (1.43 M allocations: 79.031 MiB, 89.71% compilation time)
- [constraint_minimum_operating_point]  2.060436 seconds (3.25 M allocations: 173.209 MiB, 8.75% gc time, 94.43% compilation time)
- [constraint_nodal_balance]  2.708395 seconds (7.91 M allocations: 419.535 MiB, 82.21% compilation time)
- [constraint_node_injection]  6.592789 seconds (29.98 M allocations: 1.500 GiB, 5.15% gc time, 48.44% compilation time)
- [constraint_node_state_capacity]  2.027341 seconds (5.84 M allocations: 296.308 MiB, 8.47% gc time, 68.47% compilation time)
- [constraint_node_voltage_angle]  0.208366 seconds (90.09 k allocations: 4.600 MiB, 99.88% compilation time)
- [constraint_non_spinning_reserves_lower_bound]  0.129806 seconds (152.30 k allocations: 7.698 MiB, 99.74% compilation time)
- [constraint_non_spinning_reserves_shut_down_upper_bound]  0.218502 seconds (259.37 k allocations: 12.693 MiB, 99.69% compilation time)
- [constraint_non_spinning_reserves_start_up_upper_bound]  0.000242 seconds (488 allocations: 24.008 KiB)
- [constraint_operating_point_bounds] 22.034940 seconds (165.37 M allocations: 18.830 GiB, 16.97% gc time, 9.70% compilation time)
- [constraint_operating_point_rank]  0.732240 seconds (1.33 M allocations: 78.862 MiB, 95.24% compilation time)
- [constraint_ramp_down]  3.889360 seconds (5.65 M allocations: 307.000 MiB, 2.97% gc time, 92.17% compilation time)
- [constraint_ramp_up]  1.452782 seconds (3.16 M allocations: 186.322 MiB, 80.60% compilation time)
- [constraint_ratio_out_in_connection_intact_flow]  0.138488 seconds (114.27 k allocations: 5.849 MiB, 99.74% compilation time)
- [constraint_storage_lifetime]  5.507521 seconds (32.70 M allocations: 3.401 GiB, 26.20% gc time, 25.56% compilation time)
- [constraint_storage_line_pack]  0.174200 seconds (169.36 k allocations: 8.317 MiB, 99.85% compilation time)
- [constraint_storages_invested_available]  0.402437 seconds (426.14 k allocations: 20.558 MiB, 99.72% compilation time)
- [constraint_storages_invested_transition]  0.504208 seconds (367.18 k allocations: 18.751 MiB, 99.48% compilation time)
- [constraint_unit_flow_capacity]  2.654624 seconds (10.17 M allocations: 551.479 MiB, 61.67% compilation time)
- [constraint_unit_flow_op_bounds]  1.285147 seconds (3.11 M allocations: 166.626 MiB, 17.19% gc time, 61.98% compilation time)
- [constraint_unit_flow_op_rank]  0.978356 seconds (2.48 M allocations: 136.722 MiB, 78.19% compilation time)
- [constraint_unit_flow_op_sum]  0.827634 seconds (877.23 k allocations: 45.765 MiB, 98.59% compilation time)
- [constraint_unit_lifetime] 20.783044 seconds (152.58 M allocations: 16.376 GiB, 31.37% gc time, 5.01% compilation time)
- [constraint_unit_state_transition]  1.276332 seconds (1.66 M allocations: 87.849 MiB, 97.79% compilation time)
- [constraint_units_available]  3.291444 seconds (17.22 M allocations: 870.760 MiB, 10.34% gc time, 51.13% compilation time)
- [constraint_units_invested_available]  0.184553 seconds (95.58 k allocations: 4.723 MiB, 99.39% compilation time)
- [constraint_units_invested_transition]  0.642219 seconds (507.96 k allocations: 25.488 MiB, 99.39% compilation time)
- [constraint_units_out_of_service_contiguity]  0.177157 seconds (78.10 k allocations: 4.011 MiB, 99.87% compilation time)
- [constraint_units_out_of_service_transition]  0.124197 seconds (119.58 k allocations: 6.071 MiB, 99.68% compilation time)
- [constraint_user_constraint]  8.073875 seconds (12.82 M allocations: 661.232 MiB, 93.41% compilation time)
158.954724 seconds (699.18 M allocations: 64.283 GiB, 16.95% gc time, 47.03% compilation time)
Setting model objective... 11.626730 seconds (19.26 M allocations: 987.908 MiB, 24.13% gc time, 68.18% compilation time)
Build complete. Started at 2026-07-16T10:24:16.586, ended at 2026-07-16T10:29:40.295, elapsed time: 5 minutes, 23 seconds, 709 milliseconds
Solve started at 2026-07-16T10:29:40.613
Bringing model to the first window...  6.506624 seconds (36.85 M allocations: 1.794 GiB, 5.57% gc time, 43.10% compilation time)
model - window 1 of 12: 2019-01-01T00:00~(4 weeks, 2 days, 10 hours)~>2019-01-31T10:00
Optimizing model...Running HiGHS 1.14.0 (git hash: 7df0786de3): Copyright (c) 2026 under Apache 2.0 license terms
Using BLAS: blastrampoline-5
MIP has 114015 rows; 126309 cols; 294084 nonzeros; 2287 integer variables (0 binary)
Coefficient ranges:
  Matrix  [6e-03, 5e+05]
  Cost    [4e-03, 2e+11]
  Bound   [1e+00, 1e+05]
  RHS     [1e+00, 2e+04]
WARNING: Problem has some excessively large costs
WARNING:    Consider scaling the objective by 1e-6, or setting the user_objective_scale option to -18
Presolving model
51949 rows, 60771 cols, 182029 nonzeros 0s
35059 rows, 46082 cols, 152342 nonzeros 0s
30485 rows, 38777 cols, 152662 nonzeros 1s
Presolve reductions: rows 30485(-83530); columns 38777(-87532); nonzeros 152662(-141422)
Solving MIP model with:
   30485 rows
   38777 cols (1772 binary, 0 integer, 0 implied int., 37005 continuous, 0 domain fixed)
   152662 nonzeros
Src: B => Branching; C => Central rounding; F => Feasibility pump; H => Heuristic;
     I => Shifting; J => Feasibility jump; L => Sub-MIP; P => Empty MIP; R => Randomized rounding;
     S => Solve LP; T => Evaluate node; U => Unbounded; X => User solution; Y => HiGHS solution;
     Z => ZI Round; l => Trivial lower; p => Trivial point; u => Trivial upper; z => Trivial zero
        Nodes      |    B&B Tree     |            Objective Bounds              |  Dynamic Constraints |       Work
Src  Proc. InQueue |  Leaves   Expl. | BestBound       BestSol              Gap |   Cuts   InLp Confl. | LpIters     Time
         0       0         0   0.00%   -137144240.6155 inf                  inf        0      0      0         0     2.0s
 R       0       0         0   0.00%   -137144240.6155 2.04191331e+13   100.00%        0      0      0         0     8.9s
         0       0         0   0.00%   19822491530.9   2.04191331e+13    99.90%        0      0      0     10000    29.7s
         0       0         0   0.00%   19822517162.53  2.04191331e+13    99.90%     1069    308      0     10778    35.1s
 T       0       0         0   0.00%   19822517227.93  19822517227.93     0.00%     1079    309      0     10779    44.1s
         1       0         1 100.00%   19822517227.93  19822517227.93     0.00%     1079    309      0     10779    44.1s
Solving report
  Status            Optimal
  Primal bound      19822517227.9
  Dual bound        19822517227.9
  Gap               0% (tolerance: 0%)
  P-D integral      35.1670320816
  Solution status   feasible
                    19822517227.9 (objective)
                    0 (bound viol.)
                    0 (int. viol.)
                    0 (row viol.)
  Timing            44.14
  Max sub-MIP depth 0
  Nodes             1
  Repair LPs        0
  LP iterations     10779
                    0 (strong br.)
                    779 (separation)
                    0 (heuristics)
 45.854449 seconds (2.53 M allocations: 197.324 MiB, 3.29% compilation time)
Optimal solution found, objective function value: 1.9822517227930466e10
Saving model results...  4.015079 seconds (8.08 M allocations: 338.543 MiB, 89.27% compilation time)
Postprocessing model results...  0.000116 seconds (48 allocations: 3.312 KiB)
Saving model outputs...  3.264141 seconds (6.76 M allocations: 361.466 MiB, 10.85% gc time, 88.58% compilation time)
Rolling model temporal structure...  1.189959 seconds (5.04 M allocations: 118.189 MiB, 45.12% compilation time)
Fixing model history...  0.871829 seconds (1.43 M allocations: 69.962 MiB, 93.87% compilation time)
Applying model non-anticipativity constraints...  0.172180 seconds (57.93 k allocations: 2.989 MiB, 99.79% compilation time)
model - window 2 of 12: 2019-01-31T10:00~(4 weeks, 2 days, 10 hours)~>2019-03-02T20:00
Optimal solution found, objective function value: 1.9751928795426483e10
Optimizing model...MIP has 114015 rows; 126309 cols; 294079 nonzeros; 2287 integer variables (0 binary)
Coefficient ranges:
  Matrix  [6e-03, 5e+05]
  Cost    [4e-03, 2e+11]
  Bound   [2e-04, 1e+05]
  RHS     [1e+00, 2e+04]
WARNING: Problem has some excessively large costs
WARNING:    Consider scaling the objective by 1e-6, or setting the user_objective_scale option to -18
Presolving model
72732 rows, 60758 cols, 198393 nonzeros 0s
32212 rows, 43965 cols, 165551 nonzeros 0s
30275 rows, 39267 cols, 156723 nonzeros 1s
Presolve reductions: rows 30275(-83740); columns 39267(-87042); nonzeros 156723(-137356)
Solving MIP model with:
   30275 rows
   39267 cols (1775 binary, 0 integer, 0 implied int., 37492 continuous, 0 domain fixed)
   156723 nonzeros
Src: B => Branching; C => Central rounding; F => Feasibility pump; H => Heuristic;
     I => Shifting; J => Feasibility jump; L => Sub-MIP; P => Empty MIP; R => Randomized rounding;
     S => Solve LP; T => Evaluate node; U => Unbounded; X => User solution; Y => HiGHS solution;
     Z => ZI Round; l => Trivial lower; p => Trivial point; u => Trivial upper; z => Trivial zero
        Nodes      |    B&B Tree     |            Objective Bounds              |  Dynamic Constraints |       Work
Src  Proc. InQueue |  Leaves   Expl. | BestBound       BestSol              Gap |   Cuts   InLp Confl. | LpIters     Time
         0       0         0   0.00%   19604301040.47  inf                  inf        0      0      0         0     2.0s
 R       0       0         0   0.00%   19751880943.55  1.9138126e+13     99.90%        0      0      0     23263     6.1s
         0       0         0   0.00%   19751893807.2   1.9138126e+13     99.90%     5607    562      0     24633    11.6s
         0       0         0   0.00%   19751900206.13  1.9138126e+13     99.90%     7122    622      0     24896    17.0s
         0       0         0   0.00%   19751904592.9   1.9138126e+13     99.90%     8409    664      0     25053    22.6s
         0       0         0   0.00%   19751909573.18  1.9138126e+13     99.90%     9195    675      0     25234    28.6s
         0       0         0   0.00%   19751923825.47  1.9138126e+13     99.90%     9683    700      0     25306    34.1s
         0       0         0   0.00%   19751928484.85  1.9138126e+13     99.90%     9758    702      0     25353    39.4s
         0       0         0   0.00%   19751928795.43  1.9138126e+13     99.90%     9772    686      0     25386    44.7s
 L       0       0         0   0.00%   19751928795.43  19751928795.43     0.00%     9772    686      0     25386   102.6s
         1       0         1 100.00%   19751928795.43  19751928795.43     0.00%     9307    686      0     26969   102.7s
Solving report
  Status            Optimal
  Primal bound      19751928795.4
  Dual bound        19751928795.4
  Gap               0% (tolerance: 0%)
  P-D integral      96.3390246759
  Solution status   feasible
                    19751928795.4 (objective)
                    0 (bound viol.)
                    0 (int. viol.)
                    0 (row viol.)
  Timing            102.65
  Max sub-MIP depth 3
  Nodes             1
  Repair LPs        0
  LP iterations     26969
                    0 (strong br.)
                    2123 (separation)
                    1583 (heuristics)
102.681983 seconds (240 allocations: 10.062 KiB)
Saving model results...  0.467283 seconds (3.99 M allocations: 133.854 MiB)
Postprocessing model results...  0.000064 seconds (48 allocations: 3.312 KiB)
Saving model outputs...  0.387753 seconds (2.56 M allocations: 159.860 MiB)
Rolling model temporal structure...  0.883528 seconds (4.64 M allocations: 97.708 MiB, 27.70% gc time)
Fixing model history...  0.042200 seconds (383.10 k allocations: 18.661 MiB)
Applying model non-anticipativity constraints...  0.000136 seconds (557 allocations: 29.391 KiB)
model - window 3 of 12: 2019-03-02T20:00~(4 weeks, 2 days, 10 hours)~>2019-04-02T06:00
Optimizing model...MIP has 114015 rows; 126309 cols; 294050 nonzeros; 2287 integer variables (0 binary)
Coefficient ranges:
  Matrix  [6e-03, 5e+05]
  Cost    [4e-03, 2e+11]
  Bound   [5e-15, 1e+05]
  RHS     [1e+00, 2e+04]
WARNING: Problem has some excessively large costs
WARNING: Problem has some excessively small column bounds
WARNING:    Consider scaling the objective by 1e-6, or setting the user_objective_scale option to -18
Presolving model
72331 rows, 60698 cols, 197543 nonzeros 0s
31497 rows, 43702 cols, 160901 nonzeros 0s
29941 rows, 38773 cols, 152686 nonzeros 0s
Presolve reductions: rows 29941(-84074); columns 38773(-87536); nonzeros 152686(-141364)
Solving MIP model with:
   29941 rows
   38773 cols (1659 binary, 0 integer, 0 implied int., 37114 continuous, 0 domain fixed)
   152686 nonzeros
Src: B => Branching; C => Central rounding; F => Feasibility pump; H => Heuristic;
     I => Shifting; J => Feasibility jump; L => Sub-MIP; P => Empty MIP; R => Randomized rounding;
     S => Solve LP; T => Evaluate node; U => Unbounded; X => User solution; Y => HiGHS solution;
     Z => ZI Round; l => Trivial lower; p => Trivial point; u => Trivial upper; z => Trivial zero
        Nodes      |    B&B Tree     |            Objective Bounds              |  Dynamic Constraints |       Work
Src  Proc. InQueue |  Leaves   Expl. | BestBound       BestSol              Gap |   Cuts   InLp Confl. | LpIters     Time
         0       0         0   0.00%   -155891777.0401 inf                  inf        0      0      0         0     1.8s
 R       0       0         0   0.00%   19867950218.24  1.91936444e+13    99.90%        0      0      0     22087    16.1s
         0       0         0   0.00%   19867984087.79  1.91936444e+13    99.90%     2678    303      0     22856    25.2s
 L       0       0         0   0.00%   19867984087.79  19867984087.79     0.00%     2678    303      0     22856    54.4s
         1       0         1 100.00%   19867984087.79  19867984087.79     0.00%     2678    303      0     36046    54.5s
Solving report
  Status            Optimal
  Primal bound      19867984087.8
  Dual bound        19867984087.8
  Gap               0% (tolerance: 0%)
  P-D integral      38.3222594809
  Solution status   feasible
                    19867984087.8 (objective)
                    0 (bound viol.)
                    3.6925484892e-14 (int. viol.)
                    0 (row viol.)
  Timing            54.47
  Max sub-MIP depth 1
  Nodes             1
  Repair LPs        0
  LP iterations     36046
                    0 (strong br.)
                    769 (separation)
                    13190 (heuristics)
 54.494793 seconds (58 allocations: 2.344 KiB)
Optimal solution found, objective function value: 1.986798408779437e10
Saving model results...  0.343013 seconds (3.99 M allocations: 133.854 MiB)
Postprocessing model results...  0.000036 seconds (48 allocations: 3.312 KiB)
Saving model outputs...  0.320633 seconds (2.56 M allocations: 159.860 MiB)
Rolling model temporal structure...  0.490173 seconds (4.64 M allocations: 97.708 MiB)
Fixing model history...  0.040727 seconds (383.10 k allocations: 18.661 MiB)
Applying model non-anticipativity constraints...  0.000106 seconds (557 allocations: 29.391 KiB)
model - window 4 of 12: 2019-04-02T06:00~(4 weeks, 2 days, 10 hours)~>2019-05-02T16:00
Optimizing model...MIP has 114015 rows; 126309 cols; 294033 nonzeros; 2287 integer variables (0 binary)
Coefficient ranges:
  Matrix  [6e-03, 5e+05]
  Cost    [4e-03, 2e+11]
  Bound   [6e-07, 1e+05]
  RHS     [1e+00, 2e+04]
WARNING: Problem has some excessively large costs
WARNING: Problem has some excessively small column bounds
WARNING:    Consider scaling the objective by 1e-6, or setting the user_objective_scale option to -18
Presolving model
72297 rows, 60664 cols, 197475 nonzeros 0s
31497 rows, 43685 cols, 160884 nonzeros 0s
29942 rows, 38778 cols, 152924 nonzeros 0s
Presolve reductions: rows 29942(-84073); columns 38778(-87531); nonzeros 152924(-141109)
Solving MIP model with:
   29942 rows
   38778 cols (1664 binary, 0 integer, 0 implied int., 37114 continuous, 0 domain fixed)
   152924 nonzeros
Src: B => Branching; C => Central rounding; F => Feasibility pump; H => Heuristic;
     I => Shifting; J => Feasibility jump; L => Sub-MIP; P => Empty MIP; R => Randomized rounding;
     S => Solve LP; T => Evaluate node; U => Unbounded; X => User solution; Y => HiGHS solution;
     Z => ZI Round; l => Trivial lower; p => Trivial point; u => Trivial upper; z => Trivial zero
        Nodes      |    B&B Tree     |            Objective Bounds              |  Dynamic Constraints |       Work
Src  Proc. InQueue |  Leaves   Expl. | BestBound       BestSol              Gap |   Cuts   InLp Confl. | LpIters     Time
         0       0         0   0.00%   -232822027.2401 inf                  inf        0      0      0         0     1.4s
 R       0       0         0   0.00%   19811867294.86  1.89929396e+13    99.90%        0      0      0     21867    13.8s
         0       0         0   0.00%   19811913914.57  1.89929396e+13    99.90%     2842    302      0     22795    22.9s
 L       0       0         0   0.00%   19811913914.57  19811913914.57     0.00%     2842    302      0     22795    51.1s
         1       0         1 100.00%   19811913914.57  19811913914.57     0.00%     2842    302      0     25755    51.1s
Solving report
  Status            Optimal
  Primal bound      19811913914.6
  Dual bound        19811913914.6
  Gap               0% (tolerance: 0%)
  P-D integral      37.2635828449
  Solution status   feasible
                    19811913914.6 (objective)
                    0 (bound viol.)
                    2.55351295664e-15 (int. viol.)
                    0 (row viol.)
  Timing            51.12
  Max sub-MIP depth 1
  Nodes             1
  Repair LPs        0
  LP iterations     25755
                    0 (strong br.)
                    928 (separation)
                    2960 (heuristics)
 51.143091 seconds (58 allocations: 2.344 KiB)
Optimal solution found, objective function value: 1.981191391456717e10
Saving model results...  0.366056 seconds (3.99 M allocations: 133.853 MiB)
Postprocessing model results...  0.000044 seconds (48 allocations: 3.312 KiB)
Saving model outputs...  0.456405 seconds (2.56 M allocations: 159.860 MiB, 32.38% gc time)
Rolling model temporal structure...  0.520524 seconds (4.64 M allocations: 97.708 MiB)
Fixing model history...  0.042839 seconds (383.10 k allocations: 18.661 MiB)
Applying model non-anticipativity constraints...  0.000166 seconds (557 allocations: 29.391 KiB)
model - window 5 of 12: 2019-05-02T16:00~(4 weeks, 2 days, 10 hours)~>2019-06-02T02:00
Optimizing model...MIP has 114015 rows; 126309 cols; 294024 nonzeros; 2287 integer variables (0 binary)
Coefficient ranges:
  Matrix  [6e-03, 5e+05]
  Cost    [4e-03, 2e+11]
  Bound   [2e-04, 1e+05]
  RHS     [1e+00, 2e+04]
WARNING: Problem has some excessively large costs
WARNING:    Consider scaling the objective by 1e-6, or setting the user_objective_scale option to -18
Presolving model
72279 rows, 60646 cols, 197439 nonzeros 0s
31824 rows, 43909 cols, 164720 nonzeros 0s
30279 rows, 39113 cols, 156412 nonzeros 0s
Presolve reductions: rows 30279(-83736); columns 39113(-87196); nonzeros 156412(-137612)
Solving MIP model with:
   30279 rows
   39113 cols (1770 binary, 0 integer, 0 implied int., 37343 continuous, 0 domain fixed)
   156412 nonzeros
Src: B => Branching; C => Central rounding; F => Feasibility pump; H => Heuristic;
     I => Shifting; J => Feasibility jump; L => Sub-MIP; P => Empty MIP; R => Randomized rounding;
     S => Solve LP; T => Evaluate node; U => Unbounded; X => User solution; Y => HiGHS solution;
     Z => ZI Round; l => Trivial lower; p => Trivial point; u => Trivial upper; z => Trivial zero
        Nodes      |    B&B Tree     |            Objective Bounds              |  Dynamic Constraints |       Work
Src  Proc. InQueue |  Leaves   Expl. | BestBound       BestSol              Gap |   Cuts   InLp Confl. | LpIters     Time
         0       0         0   0.00%   -221466554.2949 inf                  inf        0      0      0         0     1.6s
         0       0         0   0.00%   18533870299.28  inf                  inf        0      0      0     22346    13.8s
 R       0       0         0   0.00%   18533906484.9   18533906484.9      0.00%     2840    306      0     23285    20.1s
         1       0         1 100.00%   18533906484.9   18533906484.9      0.00%     2840    306      0     23285    20.1s
Solving report
  Status            Optimal
  Primal bound      18533906484.9
  Dual bound        18533906484.9
  Gap               0% (tolerance: 0%)
  P-D integral      0
  Solution status   feasible
                    18533906484.9 (objective)
                    0 (bound viol.)
                    6.91215973347e-15 (int. viol.)
                    0 (row viol.)
  Timing            20.11
  Max sub-MIP depth 0
  Nodes             1
  Repair LPs        0
  LP iterations     23285
                    0 (strong br.)
                    939 (separation)
                    0 (heuristics)
 20.134997 seconds (30 allocations: 1.156 KiB)
Optimal solution found, objective function value: 1.8533906484898216e10
Saving model results...  0.359153 seconds (3.99 M allocations: 133.854 MiB)
Postprocessing model results...  0.000046 seconds (48 allocations: 3.312 KiB)
Saving model outputs...  0.316468 seconds (2.56 M allocations: 159.860 MiB)
Rolling model temporal structure...  0.618109 seconds (4.64 M allocations: 97.708 MiB, 19.25% gc time)
Fixing model history...  0.039070 seconds (383.10 k allocations: 18.661 MiB)
Applying model non-anticipativity constraints...  0.000138 seconds (557 allocations: 29.391 KiB)
model - window 6 of 12: 2019-06-02T02:00~(4 weeks, 2 days, 10 hours)~>2019-07-02T12:00
Optimizing model...MIP has 114015 rows; 126309 cols; 294025 nonzeros; 2287 integer variables (0 binary)
Coefficient ranges:
  Matrix  [6e-03, 5e+05]
  Cost    [4e-03, 2e+11]
  Bound   [1e-05, 1e+05]
  RHS     [1e+00, 2e+04]
WARNING: Problem has some excessively large costs
WARNING: Problem has some excessively small column bounds
WARNING:    Consider scaling the objective by 1e-6, or setting the user_objective_scale option to -18
Presolving model
72281 rows, 60648 cols, 197443 nonzeros 0s
31497 rows, 43677 cols, 160876 nonzeros 0s
29942 rows, 38777 cols, 152820 nonzeros 0s
Presolve reductions: rows 29942(-84073); columns 38777(-87532); nonzeros 152820(-141205)
Solving MIP model with:
   29942 rows
   38777 cols (1663 binary, 0 integer, 0 implied int., 37114 continuous, 0 domain fixed)
   152820 nonzeros
Src: B => Branching; C => Central rounding; F => Feasibility pump; H => Heuristic;
     I => Shifting; J => Feasibility jump; L => Sub-MIP; P => Empty MIP; R => Randomized rounding;
     S => Solve LP; T => Evaluate node; U => Unbounded; X => User solution; Y => HiGHS solution;
     Z => ZI Round; l => Trivial lower; p => Trivial point; u => Trivial upper; z => Trivial zero
        Nodes      |    B&B Tree     |            Objective Bounds              |  Dynamic Constraints |       Work
Src  Proc. InQueue |  Leaves   Expl. | BestBound       BestSol              Gap |   Cuts   InLp Confl. | LpIters     Time
         0       0         0   0.00%   -236404016.8291 inf                  inf        0      0      0         0     1.5s
 R       0       0         0   0.00%   19806271283.97  1.91935772e+13    99.90%        0      0      0     22226    11.6s
 C       0       0         0   0.00%   19806314193.18  1.89929357e+13    99.90%     2655    303      0     23095    17.9s
 L       0       0         0   0.00%   19806314193.18  19806314193.18     0.00%     2655    303      0     23095    58.4s
         1       0         1 100.00%   19806314193.18  19806314193.18     0.00%     2655    303      0     26937    58.4s
Solving report
  Status            Optimal
  Primal bound      19806314193.2
  Dual bound        19806314193.2
  Gap               0% (tolerance: 0%)
  P-D integral      46.7594385542
  Solution status   feasible
                    19806314193.2 (objective)
                    0 (bound viol.)
                    6.80302036926e-14 (int. viol.)
                    0 (row viol.)
  Timing            58.43
  Max sub-MIP depth 1
  Nodes             1
  Repair LPs        0
  LP iterations     26937
                    0 (strong br.)
                    869 (separation)
                    3842 (heuristics)
 58.456108 seconds (58 allocations: 2.344 KiB)
Optimal solution found, objective function value: 1.9806314193179585e10
Saving model results...  0.387505 seconds (3.99 M allocations: 133.854 MiB)
Postprocessing model results...  0.000045 seconds (48 allocations: 3.312 KiB)
Saving model outputs...  0.314027 seconds (2.56 M allocations: 159.860 MiB)
Rolling model temporal structure...  0.554160 seconds (4.64 M allocations: 97.708 MiB)
Fixing model history...  0.054169 seconds (383.10 k allocations: 18.661 MiB)
Applying model non-anticipativity constraints...  0.000117 seconds (557 allocations: 29.391 KiB)
model - window 7 of 12: 2019-07-02T12:00~(4 weeks, 2 days, 10 hours)~>2019-08-01T22:00
Optimizing model...MIP has 114015 rows; 126309 cols; 294028 nonzeros; 2287 integer variables (0 binary)
Coefficient ranges:
  Matrix  [6e-03, 5e+05]
  Cost    [4e-03, 2e+11]
  Bound   [1e-05, 1e+05]
  RHS     [1e+00, 2e+04]
WARNING: Problem has some excessively large costs
WARNING: Problem has some excessively small column bounds
WARNING:    Consider scaling the objective by 1e-6, or setting the user_objective_scale option to -18
Presolving model
72287 rows, 60654 cols, 197455 nonzeros 0s
31497 rows, 43680 cols, 160879 nonzeros 0s
29941 rows, 38777 cols, 152900 nonzeros 0s
Presolve reductions: rows 29941(-84074); columns 38777(-87532); nonzeros 152900(-141128)
Solving MIP model with:
   29941 rows
   38777 cols (1663 binary, 0 integer, 0 implied int., 37114 continuous, 0 domain fixed)
   152900 nonzeros
Src: B => Branching; C => Central rounding; F => Feasibility pump; H => Heuristic;
     I => Shifting; J => Feasibility jump; L => Sub-MIP; P => Empty MIP; R => Randomized rounding;
     S => Solve LP; T => Evaluate node; U => Unbounded; X => User solution; Y => HiGHS solution;
     Z => ZI Round; l => Trivial lower; p => Trivial point; u => Trivial upper; z => Trivial zero
        Nodes      |    B&B Tree     |            Objective Bounds              |  Dynamic Constraints |       Work
Src  Proc. InQueue |  Leaves   Expl. | BestBound       BestSol              Gap |   Cuts   InLp Confl. | LpIters     Time
         0       0         0   0.00%   1064139763.475  inf                  inf        0      0      0         0     1.6s
 R       0       0         0   0.00%   19843740796.14  1.87404581e+13    99.89%        0      0      0     22555    14.5s
 C       0       0         0   0.00%   19843772439.15  1.87404581e+13    99.89%     2872    301      0     23394    23.3s
 L       0       0         0   0.00%   19843772439.15  19843772439.15     0.00%     2872    301      0     23394    45.4s
         1       0         1 100.00%   19843772439.15  19843772439.15     0.00%     2872    301      0     27291    45.4s
Solving report
  Status            Optimal
  Primal bound      19843772439.1
  Dual bound        19843772439.1
  Gap               0% (tolerance: 0%)
  P-D integral      30.8470913332
  Solution status   feasible
                    19843772439.1 (objective)
                    0 (bound viol.)
                    0 (int. viol.)
                    0 (row viol.)
  Timing            45.43
  Max sub-MIP depth 1
  Nodes             1
  Repair LPs        0
  LP iterations     27291
                    0 (strong br.)
                    839 (separation)
                    3897 (heuristics)
 45.465589 seconds (58 allocations: 2.344 KiB)
Optimal solution found, objective function value: 1.98437724391483e10
Saving model results...  0.685751 seconds (3.99 M allocations: 133.853 MiB, 23.65% gc time)
Postprocessing model results...  0.000041 seconds (48 allocations: 3.312 KiB)
Saving model outputs...  0.442461 seconds (2.56 M allocations: 159.860 MiB)
Rolling model temporal structure...  0.719522 seconds (4.64 M allocations: 97.708 MiB)
Fixing model history...  0.050645 seconds (383.10 k allocations: 18.661 MiB)
Applying model non-anticipativity constraints...  0.000157 seconds (557 allocations: 29.391 KiB)
model - window 8 of 12: 2019-08-01T22:00~(4 weeks, 2 days, 10 hours)~>2019-09-01T08:00
Optimizing model...MIP has 114015 rows; 126309 cols; 294021 nonzeros; 2287 integer variables (0 binary)
Coefficient ranges:
  Matrix  [6e-03, 5e+05]
  Cost    [4e-03, 2e+11]
  Bound   [2e-04, 1e+05]
  RHS     [1e+00, 2e+04]
WARNING: Problem has some excessively large costs
WARNING:    Consider scaling the objective by 1e-6, or setting the user_objective_scale option to -18
Presolving model
72273 rows, 60640 cols, 197427 nonzeros 0s
31497 rows, 43673 cols, 160872 nonzeros 0s
29941 rows, 38771 cols, 152611 nonzeros 1s
Presolve reductions: rows 29941(-84074); columns 38771(-87538); nonzeros 152611(-141410)
Solving MIP model with:
   29941 rows
   38771 cols (1657 binary, 0 integer, 0 implied int., 37114 continuous, 0 domain fixed)
   152611 nonzeros
Src: B => Branching; C => Central rounding; F => Feasibility pump; H => Heuristic;
     I => Shifting; J => Feasibility jump; L => Sub-MIP; P => Empty MIP; R => Randomized rounding;
     S => Solve LP; T => Evaluate node; U => Unbounded; X => User solution; Y => HiGHS solution;
     Z => ZI Round; l => Trivial lower; p => Trivial point; u => Trivial upper; z => Trivial zero
        Nodes      |    B&B Tree     |            Objective Bounds              |  Dynamic Constraints |       Work
Src  Proc. InQueue |  Leaves   Expl. | BestBound       BestSol              Gap |   Cuts   InLp Confl. | LpIters     Time
         0       0         0   0.00%   -144692375.9824 inf                  inf        0      0      0         0     2.2s
 R       0       0         0   0.00%   19867883097.16  1.91936524e+13    99.90%        0      0      0     23430    19.0s
         0       0         0   0.00%   19867903940.92  1.91936524e+13    99.90%     2864    303      0     24217    29.1s
 L       0       0         0   0.00%   19867903940.92  19867903940.92     0.00%     2864    303      0     24217    74.6s
         1       0         1 100.00%   19867903940.92  19867903940.92     0.00%     2864    303      0     26018    74.6s
Solving report
  Status            Optimal
  Primal bound      19867903940.9
  Dual bound        19867903940.9
  Gap               0% (tolerance: 0%)
  P-D integral      55.448280289
  Solution status   feasible
                    19867903940.9 (objective)
                    0 (bound viol.)
                    2.22044604925e-16 (int. viol.)
                    0 (row viol.)
  Timing            74.61
  Max sub-MIP depth 1
  Nodes             1
  Repair LPs        0
  LP iterations     26018
                    0 (strong br.)
                    787 (separation)
                    1801 (heuristics)
 74.639288 seconds (58 allocations: 2.344 KiB)
Optimal solution found, objective function value: 1.9867903940918694e10
Saving model results...  0.531427 seconds (3.99 M allocations: 133.854 MiB)
Postprocessing model results...  0.000065 seconds (48 allocations: 3.312 KiB)
Saving model outputs...  0.759543 seconds (2.56 M allocations: 159.860 MiB, 22.02% gc time)
Rolling model temporal structure...  0.869135 seconds (4.64 M allocations: 97.708 MiB)
Fixing model history...  0.062388 seconds (383.10 k allocations: 18.661 MiB)
Applying model non-anticipativity constraints...  0.000162 seconds (557 allocations: 29.391 KiB)
model - window 9 of 12: 2019-09-01T08:00~(4 weeks, 2 days, 10 hours)~>2019-10-01T18:00
Optimizing model...MIP has 114015 rows; 126309 cols; 294053 nonzeros; 2287 integer variables (0 binary)
Coefficient ranges:
  Matrix  [6e-03, 5e+05]
  Cost    [4e-03, 2e+11]
  Bound   [2e-04, 1e+05]
  RHS     [1e+00, 2e+04]
WARNING: Problem has some excessively large costs
WARNING:    Consider scaling the objective by 1e-6, or setting the user_objective_scale option to -18
Presolving model
72337 rows, 60704 cols, 197555 nonzeros 0s
31497 rows, 43705 cols, 160904 nonzeros 0s
29940 rows, 38769 cols, 152720 nonzeros 1s
Presolve reductions: rows 29940(-84075); columns 38769(-87540); nonzeros 152720(-141333)
Solving MIP model with:
   29940 rows
   38769 cols (1655 binary, 0 integer, 0 implied int., 37114 continuous, 0 domain fixed)
   152720 nonzeros
Src: B => Branching; C => Central rounding; F => Feasibility pump; H => Heuristic;
     I => Shifting; J => Feasibility jump; L => Sub-MIP; P => Empty MIP; R => Randomized rounding;
     S => Solve LP; T => Evaluate node; U => Unbounded; X => User solution; Y => HiGHS solution;
     Z => ZI Round; l => Trivial lower; p => Trivial point; u => Trivial upper; z => Trivial zero
        Nodes      |    B&B Tree     |            Objective Bounds              |  Dynamic Constraints |       Work
Src  Proc. InQueue |  Leaves   Expl. | BestBound       BestSol              Gap |   Cuts   InLp Confl. | LpIters     Time
         0       0         0   0.00%   -140210528.5955 inf                  inf        0      0      0         0     2.7s
 R       0       0         0   0.00%   19870919357.26  1.89930111e+13    99.90%        0      0      0     23587    19.8s
         0       0         0   0.00%   19870940524.62  1.89930111e+13    99.90%     2824    303      0     24359    30.2s
 L       0       0         0   0.00%   19870940524.62  19870940524.62     0.00%     2824    303      0     24359    81.8s
 T       0       0         0   0.00%   19870940524.62  19870940524.62     0.00%     2824    303      0     44347    81.8s
         1       0         1 100.00%   19870940524.62  19870940524.62     0.00%     2824    303      0     44347    81.8s
Solving report
  Status            Optimal
  Primal bound      19870940524.6
  Dual bound        19870940524.6
  Gap               0% (tolerance: 0%)
  P-D integral      61.950525095
  Solution status   feasible
                    19870940524.6 (objective)
                    0 (bound viol.)
                    5.07371922254e-14 (int. viol.)
                    0 (row viol.)
  Timing            81.85
  Max sub-MIP depth 1
  Nodes             1
  Repair LPs        0
  LP iterations     44347
                    0 (strong br.)
                    772 (separation)
                    19988 (heuristics)
 81.878856 seconds (58 allocations: 2.344 KiB)
Optimal solution found, objective function value: 1.9870940524616226e10
Saving model results...  0.547724 seconds (3.99 M allocations: 133.854 MiB)
Postprocessing model results...  0.000052 seconds (48 allocations: 3.312 KiB)
Saving model outputs...  0.500790 seconds (2.56 M allocations: 159.860 MiB)
Rolling model temporal structure...  0.734451 seconds (4.64 M allocations: 97.708 MiB)
model - window 10 of 12: 2019-10-01T18:00~(4 weeks, 2 days, 10 hours)~>2019-11-01T04:00
Fixing model history...  0.060281 seconds (383.10 k allocations: 18.661 MiB)
Applying model non-anticipativity constraints...  0.000175 seconds (557 allocations: 29.391 KiB)
Optimizing model...MIP has 114015 rows; 126309 cols; 294058 nonzeros; 2287 integer variables (0 binary)
Coefficient ranges:
  Matrix  [6e-03, 5e+05]
  Cost    [4e-03, 2e+11]
  Bound   [2e-04, 1e+05]
  RHS     [1e+00, 2e+04]
WARNING: Problem has some excessively large costs
WARNING:    Consider scaling the objective by 1e-6, or setting the user_objective_scale option to -18
Presolving model
72347 rows, 60714 cols, 197575 nonzeros 0s
31824 rows, 43943 cols, 164754 nonzeros 0s
30278 rows, 39107 cols, 156213 nonzeros 1s
Presolve reductions: rows 30278(-83737); columns 39107(-87202); nonzeros 156213(-137845)
Solving MIP model with:
   30278 rows
   39107 cols (1764 binary, 0 integer, 0 implied int., 37343 continuous, 0 domain fixed)
   156213 nonzeros
Src: B => Branching; C => Central rounding; F => Feasibility pump; H => Heuristic;
     I => Shifting; J => Feasibility jump; L => Sub-MIP; P => Empty MIP; R => Randomized rounding;
     S => Solve LP; T => Evaluate node; U => Unbounded; X => User solution; Y => HiGHS solution;
     Z => ZI Round; l => Trivial lower; p => Trivial point; u => Trivial upper; z => Trivial zero
        Nodes      |    B&B Tree     |            Objective Bounds              |  Dynamic Constraints |       Work
Src  Proc. InQueue |  Leaves   Expl. | BestBound       BestSol              Gap |   Cuts   InLp Confl. | LpIters     Time
         0       0         0   0.00%   -137977384.7851 inf                  inf        0      0      0         0     2.3s
 R       0       0         0   0.00%   18589390949.45  1.91936557e+13    99.90%        0      0      0     21737    20.3s
 T       0       0         0   0.00%   18589413998.8   18589413998.8      0.00%     2836    308      0     22532    31.8s
         1       0         1 100.00%   18589413998.8   18589413998.8      0.00%     2836    308      0     22532    31.8s
Solving report
  Status            Optimal
  Primal bound      18589413998.8
  Dual bound        18589413998.8
  Gap               0% (tolerance: 0%)
  P-D integral      11.4239220798
  Solution status   feasible
                    18589413998.8 (objective)
                    0 (bound viol.)
                    2.09183781408e-14 (int. viol.)
                    0 (row viol.)
  Timing            31.79
  Max sub-MIP depth 0
  Nodes             1
  Repair LPs        1 (1 feasible; 11912 iterations)
  LP iterations     22532
                    0 (strong br.)
                    795 (separation)
                    0 (heuristics)
 31.820578 seconds (44 allocations: 1.750 KiB)
Optimal solution found, objective function value: 1.858941399879968e10
Saving model results...  0.698808 seconds (3.99 M allocations: 133.854 MiB, 23.02% gc time)
Postprocessing model results...  0.000042 seconds (48 allocations: 3.312 KiB)
Saving model outputs...  0.448674 seconds (2.56 M allocations: 159.860 MiB)
Rolling model temporal structure...  0.708454 seconds (4.64 M allocations: 97.708 MiB)
Fixing model history...  0.053319 seconds (383.10 k allocations: 18.661 MiB)
Applying model non-anticipativity constraints...  0.000111 seconds (557 allocations: 29.391 KiB)
model - window 11 of 12: 2019-11-01T04:00~(4 weeks, 2 days, 10 hours)~>2019-12-01T14:00
Optimizing model...MIP has 114015 rows; 126309 cols; 294088 nonzeros; 2287 integer variables (0 binary)
Coefficient ranges:
  Matrix  [6e-03, 5e+05]
  Cost    [4e-03, 2e+11]
  Bound   [1e-05, 1e+05]
  RHS     [1e+00, 2e+04]
WARNING: Problem has some excessively large costs
WARNING: Problem has some excessively small column bounds
WARNING:    Consider scaling the objective by 1e-6, or setting the user_objective_scale option to -18
Presolving model
72407 rows, 60774 cols, 197695 nonzeros 0s
31497 rows, 43740 cols, 160939 nonzeros 0s
29940 rows, 38768 cols, 152635 nonzeros 1s
Presolve reductions: rows 29940(-84075); columns 38768(-87541); nonzeros 152635(-141453)
Solving MIP model with:
   29940 rows
   38768 cols (1654 binary, 0 integer, 0 implied int., 37114 continuous, 0 domain fixed)
   152635 nonzeros
Src: B => Branching; C => Central rounding; F => Feasibility pump; H => Heuristic;
     I => Shifting; J => Feasibility jump; L => Sub-MIP; P => Empty MIP; R => Randomized rounding;
     S => Solve LP; T => Evaluate node; U => Unbounded; X => User solution; Y => HiGHS solution;
     Z => ZI Round; l => Trivial lower; p => Trivial point; u => Trivial upper; z => Trivial zero
        Nodes      |    B&B Tree     |            Objective Bounds              |  Dynamic Constraints |       Work
Src  Proc. InQueue |  Leaves   Expl. | BestBound       BestSol              Gap |   Cuts   InLp Confl. | LpIters     Time
         0       0         0   0.00%   -137674780.7073 inf                  inf        0      0      0         0     2.2s
 R       0       0         0   0.00%   19871867095.79  1.91936541e+13    99.90%        0      0      0     23465    18.8s
         0       0         0   0.00%   19871891689.83  1.91936541e+13    99.90%     2675    304      0     24180    28.9s
 L       0       0         0   0.00%   19871891689.83  19871891689.83     0.00%     2675    304      0     24180    66.5s
         1       0         1 100.00%   19871891689.83  19871891689.83     0.00%     2675    304      0     30449    66.5s
Solving report
  Status            Optimal
  Primal bound      19871891689.8
  Dual bound        19871891689.8
  Gap               0% (tolerance: 0%)
  P-D integral      47.6419183731
  Solution status   feasible
                    19871891689.8 (objective)
                    0 (bound viol.)
                    0 (int. viol.)
                    0 (row viol.)
  Timing            66.50
  Max sub-MIP depth 1
  Nodes             1
  Repair LPs        0
  LP iterations     30449
                    0 (strong br.)
                    715 (separation)
                    6269 (heuristics)
 66.535728 seconds (58 allocations: 2.344 KiB)
Optimal solution found, objective function value: 1.9871891689827183e10
Saving model results...  0.504928 seconds (3.99 M allocations: 133.853 MiB)
Postprocessing model results...  0.000041 seconds (48 allocations: 3.312 KiB)
Saving model outputs...  0.628511 seconds (2.56 M allocations: 159.879 MiB, 23.47% gc time)
Rolling model temporal structure...  0.695079 seconds (4.64 M allocations: 97.664 MiB)
Fixing model history...  0.057700 seconds (383.10 k allocations: 18.661 MiB)
Applying model non-anticipativity constraints...  0.000154 seconds (557 allocations: 29.391 KiB)
model - window 12 of 12: 2019-12-01T14:00~(4 weeks, 2 days, 10 hours)~>2020-01-01T00:00
Optimizing model...MIP has 114015 rows; 126309 cols; 294087 nonzeros; 2287 integer variables (0 binary)
Coefficient ranges:
  Matrix  [6e-03, 5e+05]
  Cost    [4e-03, 2e+11]
  Bound   [1e-05, 1e+05]
  RHS     [1e+00, 2e+04]
WARNING: Problem has some excessively large costs
WARNING: Problem has some excessively small column bounds
WARNING:    Consider scaling the objective by 1e-6, or setting the user_objective_scale option to -18
Presolving model
72405 rows, 60772 cols, 197691 nonzeros 0s
31824 rows, 43972 cols, 164783 nonzeros 0s
30279 rows, 39107 cols, 156299 nonzeros 1s
Presolve reductions: rows 30279(-83736); columns 39107(-87202); nonzeros 156299(-137788)
Solving MIP model with:
   30279 rows
   39107 cols (1764 binary, 0 integer, 0 implied int., 37343 continuous, 0 domain fixed)
   156299 nonzeros
Src: B => Branching; C => Central rounding; F => Feasibility pump; H => Heuristic;
     I => Shifting; J => Feasibility jump; L => Sub-MIP; P => Empty MIP; R => Randomized rounding;
     S => Solve LP; T => Evaluate node; U => Unbounded; X => User solution; Y => HiGHS solution;
     Z => ZI Round; l => Trivial lower; p => Trivial point; u => Trivial upper; z => Trivial zero
        Nodes      |    B&B Tree     |            Objective Bounds              |  Dynamic Constraints |       Work
Src  Proc. InQueue |  Leaves   Expl. | BestBound       BestSol              Gap |   Cuts   InLp Confl. | LpIters     Time
         0       0         0   0.00%   1115610987.088  inf                  inf        0      0      0         0     2.2s
 R       0       0         0   0.00%   18590155588.88  1.89003933e+13    99.90%        0      0      0     22698    18.0s
         0       0         0   0.00%   18590175123.36  1.89003933e+13    99.90%     4520    303      0     23451    23.3s
 T       0       0         0   0.00%   18590176174.49  18590176174.49     0.00%     5057    309      0     23472    32.3s
         1       0         1 100.00%   18590176174.49  18590176174.49     0.00%     5057    309      0     23472    32.3s
Optimal solution found, objective function value: 1.859017617448721e10
Solving report
  Status            Optimal
  Primal bound      18590176174.5
  Dual bound        18590176174.5
  Gap               0% (tolerance: 0%)
  P-D integral      14.260085265
  Solution status   feasible
                    18590176174.5 (objective)
                    0 (bound viol.)
                    5.55111512313e-16 (int. viol.)
                    0 (row viol.)
  Timing            32.30
  Max sub-MIP depth 0
  Nodes             1
  Repair LPs        0
  LP iterations     23472
                    0 (strong br.)
                    774 (separation)
                    0 (heuristics)
 32.333594 seconds (51 allocations: 2.047 KiB)
Saving model results...  0.486813 seconds (3.99 M allocations: 133.854 MiB)
Postprocessing model results...  0.000043 seconds (48 allocations: 3.312 KiB)
Saving model outputs...  0.468154 seconds (2.56 M allocations: 159.860 MiB)
Rolling model temporal structure...  0.000074 seconds (47 allocations: 1.312 KiB)
Rolling complete
Solve complete. Started at 2026-07-16T10:29:40.613, ended at 2026-07-16T10:41:20.265, elapsed time: 11 minutes, 39 seconds, 652 milliseconds
Time summary:
Action                                           │ min       │ max        │ avg
─────────────────────────────────────────────────┼───────────┼────────────┼─────────────────────
Postprocessing model results...                  │ 3.6e-5    │ 0.000116   │ 5.291666666666667e-5
Fixing model history...                          │ 0.03907   │ 0.871829   │ 0.1250151818181818
Applying model non-anticipativity constraints... │ 0.000106  │ 0.17218    │ 0.015781999999999997
Rolling model temporal structure...              │ 7.4e-5    │ 1.189959   │ 0.665264
Saving model results...                          │ 0.343013  │ 4.015079   │ 0.782795
Optimizing model...                              │ 20.134997 │ 102.681983 │ 55.45325449999999
Saving model outputs...                          │ 0.314027  │ 3.264141   │ 0.6922966666666667
Writing report to sqlite:///C:\Users\jfg.eco\Documents\GitHub\Nord_H2ub\Spine_Projects\02_basic_energy_model\.spinetoolbox\items\outputtest\OutputTest.sqlite?spinedbfilter=cfg%3Aexecution%3A%7B%22execution_item%22%3A+%22Run+SpineOpt%22%2C+%22scenarios%22%3A+%5B%5D%2C+%22timestamp%22%3A+%222026-07-16T10%3A23%3A01%22%7D...  8.059653 seconds (23.57 M allocations: 1.392 GiB, 4.19% gc time, 43.44% compilation time)
Execution complete. Started at 2026-07-16T10:23:18.638, ended at 2026-07-16T10:41:49.549, elapsed time: 18 minutes, 30 seconds, 911 milliseconds
A JuMP Model
├ solver: HiGHS
├ objective_sense: MIN_SENSE
│ └ objective_function_type: JuMP.AffExpr
├ num_variables: 126309
├ num_constraints: 228741
│ ├ JuMP.AffExpr in MOI.EqualTo{Float64}: 32207
│ ├ JuMP.AffExpr in MOI.GreaterThan{Float64}: 30684
│ ├ JuMP.AffExpr in MOI.LessThan{Float64}: 51124
│ ├ JuMP.VariableRef in MOI.EqualTo{Float64}: 880
│ ├ JuMP.VariableRef in MOI.GreaterThan{Float64}: 108608
│ ├ JuMP.VariableRef in MOI.LessThan{Float64}: 2951
│ └ JuMP.VariableRef in MOI.Integer: 2287
└ Names registered in the model: none
