### Spine execution log file
### Item name: Run SpineOpt
### Filter id: 
### Part: 1

# Running julia run_spineopt.jl http://127.0.0.1:55605 http://127.0.0.1:55608
2-element Vector{String}:
 "http://127.0.0.1:55605"
 "http://127.0.0.1:55608"
Running SpineOpt...
[SpineOpt version 0.10.2 (git hash: N/A)]
[SpineInterface version 0.15.2 (git hash: N/A)]
Execution started at 2026-02-05T13:09:28.427
Reading input data from sqlite:///C:\Users\jfg.eco\Documents\Nord_H2ub\Spine_Projects\02_basic_energy_model\.spinetoolbox\items\input\Input.sqlite...
Initializing  data structure from db...  1.651377 seconds (581.77 k allocations: 100.139 MiB, 64.25% gc time)
Preprocessing  data structure...  0.099873 seconds (40.82 k allocations: 3.155 MiB)
Checking  data structure...  0.027467 seconds (6.28 k allocations: 534.297 KiB)
Build started at 2026-02-05T13:09:30.289
Creating model temporal structure...[ Info: the last time slice of temporal block Default_Investment_period has been cut to fit within the block
[ Info: the last time slice of temporal block daily has been cut to fit within the block
210.225958 seconds (411.46 M allocations: 20.261 GiB, 90.42% gc time)
Creating model stochastic structure... 11.955377 seconds (2.76 M allocations: 596.041 MiB, 97.64% gc time)
Adding model independent variables...
- [variable_binary_gas_connection_flow]  0.081674 seconds (2.29 M allocations: 34.947 MiB, 16.76% gc time)
- [variable_connection_flow]  9.552992 seconds (16.52 M allocations: 1.668 GiB, 88.14% gc time, 0.69% compilation time)
- [variable_connection_intact_flow]  5.256267 seconds (13.81 M allocations: 1.385 GiB, 84.05% gc time)
- [variable_connections_decommissioned]  0.084365 seconds (2.32 M allocations: 37.452 MiB, 19.83% gc time)
- [variable_connections_invested]  5.277561 seconds (11.54 M allocations: 846.733 MiB, 89.73% gc time)
- [variable_connections_invested_available]  0.979273 seconds (11.62 M allocations: 847.209 MiB, 42.41% gc time)
- [variable_min_capacity_margin_slack]  0.318416 seconds (2.29 M allocations: 34.910 MiB, 78.30% gc time)
- [variable_node_injection]  4.864756 seconds (6.83 M allocations: 506.258 MiB, 90.85% gc time)
- [variable_node_pressure]  0.103378 seconds (2.29 M allocations: 34.913 MiB, 24.62% gc time)
- [variable_node_slack_neg]  0.620277 seconds (6.67 M allocations: 440.851 MiB, 32.61% gc time)
- [variable_node_slack_pos]  4.837266 seconds (6.67 M allocations: 440.854 MiB, 91.23% gc time)
- [variable_node_state]  0.236125 seconds (3.53 M allocations: 139.546 MiB, 30.00% gc time, 3.78% compilation time)
- [variable_node_voltage_angle]  0.102238 seconds (2.29 M allocations: 34.913 MiB, 32.39% gc time)
- [variable_nonspin_units_shut_down]  0.082834 seconds (2.29 M allocations: 34.923 MiB, 18.03% gc time)
- [variable_nonspin_units_started_up]  0.081357 seconds (2.29 M allocations: 34.918 MiB, 16.65% gc time)
- [variable_storages_decommissioned]  0.076331 seconds (2.29 M allocations: 35.416 MiB, 15.81% gc time)
- [variable_storages_invested]  0.189613 seconds (2.86 M allocations: 124.004 MiB, 30.33% gc time)
- [variable_storages_invested_available]  0.232340 seconds (2.86 M allocations: 123.908 MiB, 44.33% gc time)
- [variable_unit_flow] 15.127952 seconds (16.16 M allocations: 2.794 GiB, 89.04% gc time, 0.25% compilation time)
- [variable_unit_flow_op]  0.353952 seconds (4.12 M allocations: 264.819 MiB, 33.57% gc time)
- [variable_unit_flow_op_active]  4.522215 seconds (4.47 M allocations: 302.680 MiB, 94.74% gc time)
- [variable_units_invested]  0.813264 seconds (10.20 M allocations: 719.007 MiB, 41.69% gc time)
- [variable_units_invested_available]  5.700418 seconds (10.27 M allocations: 722.980 MiB, 90.55% gc time)
- [variable_units_mothballed]  0.111600 seconds (2.33 M allocations: 38.002 MiB, 27.08% gc time)
- [variable_units_on]  0.521752 seconds (5.66 M allocations: 354.546 MiB, 35.05% gc time)
- [variable_units_out_of_service]  0.092064 seconds (2.29 M allocations: 34.911 MiB, 26.87% gc time)
- [variable_units_returned_to_service]  0.078829 seconds (2.29 M allocations: 34.909 MiB, 15.59% gc time)
- [variable_units_shut_down]  0.092362 seconds (2.57 M allocations: 63.600 MiB, 13.08% gc time)
- [variable_units_started_up]  0.141724 seconds (2.56 M allocations: 62.471 MiB, 33.51% gc time)
- [variable_units_taken_out_of_service]  0.062928 seconds (2.29 M allocations: 34.910 MiB)
- [variable_user_constraint_slack_neg]  0.080143 seconds (2.29 M allocations: 34.901 MiB, 21.67% gc time)
- [variable_user_constraint_slack_pos]  0.074294 seconds (2.29 M allocations: 34.901 MiB, 16.34% gc time)
 60.777570 seconds (171.00 M allocations: 12.151 GiB, 84.49% gc time, 0.18% compilation time)
Adding model dependent variables...
- [variable_connection_flow]  0.522076 seconds (4.32 M allocations: 284.106 MiB, 37.27% gc time)
- [variable_unit_flow]  4.664637 seconds (4.89 M allocations: 360.600 MiB, 91.68% gc time)
  5.188179 seconds (9.21 M allocations: 644.726 MiB, 86.18% gc time)
Adding model expressions...
- [expression_capacity_margin]  0.000043 seconds (34 allocations: 2.859 KiB)
  0.000262 seconds (124 allocations: 8.312 KiB)
Adding model constraints...
- [constraint_candidate_connection_flow_lb]  0.000134 seconds (70 allocations: 4.219 KiB)
- [constraint_candidate_connection_flow_ub]  0.000069 seconds (71 allocations: 4.078 KiB)
- [constraint_compression_ratio]  0.000041 seconds (56 allocations: 5.141 KiB)
- [constraint_connection_flow_capacity] 16.124679 seconds (21.89 M allocations: 1.771 GiB, 87.75% gc time)
- [constraint_connection_flow_gas_capacity]  0.000116 seconds (59 allocations: 6.391 KiB)
- [constraint_connection_flow_intact_flow]  0.000254 seconds (38 allocations: 2.812 KiB)
- [constraint_connection_flow_lodf]  0.000288 seconds (58 allocations: 3.891 KiB)
- [constraint_connection_intact_flow_capacity]  0.000379 seconds (81 allocations: 5.266 KiB)
- [constraint_connection_intact_flow_ptdf]  0.000153 seconds (24 allocations: 1.969 KiB)
- [constraint_connection_lifetime]339.292179 seconds (158.20 M allocations: 15.645 GiB, 94.86% gc time)
- [constraint_connection_unitary_gas_flow]  0.000218 seconds (56 allocations: 5.141 KiB)
- [constraint_connections_invested_available]  0.002571 seconds (2.27 k allocations: 191.938 KiB)
- [constraint_connections_invested_transition]  0.004250 seconds (11.28 k allocations: 863.094 KiB)
- [constraint_cyclic_node_state]  0.014547 seconds (1.78 k allocations: 129.094 KiB)
- [constraint_fix_node_pressure_point]  0.000169 seconds (56 allocations: 5.141 KiB)
- [constraint_fix_ratio_in_in_unit_flow]  0.502707 seconds (1.07 M allocations: 107.316 MiB, 25.59% gc time)
- [constraint_fix_ratio_in_out_unit_flow]  0.002236 seconds (3.04 k allocations: 275.234 KiB)
- [constraint_fix_ratio_out_in_connection_flow]  0.398119 seconds (856.16 k allocations: 69.509 MiB, 35.39% gc time, 6.32% compilation time)
- [constraint_fix_ratio_out_in_unit_flow]  0.000420 seconds (100 allocations: 19.781 KiB)
- [constraint_fix_ratio_out_out_unit_flow]  0.000445 seconds (754 allocations: 76.422 KiB)
- [constraint_investment_group_equal_investments]  0.000359 seconds (99 allocations: 6.922 KiB)
- [constraint_investment_group_maximum_capacity_invested_available]  0.000066 seconds (22 allocations: 1.875 KiB)
- [constraint_investment_group_maximum_entities_invested_available]  0.000113 seconds (22 allocations: 1.875 KiB)
- [constraint_investment_group_minimum_capacity_invested_available]  0.000096 seconds (21 allocations: 1.828 KiB)
- [constraint_investment_group_minimum_entities_invested_available]  0.000055 seconds (21 allocations: 1.828 KiB)
- [constraint_max_node_pressure]  0.000140 seconds (92 allocations: 6.977 KiB)
- [constraint_max_node_voltage_angle]  0.000225 seconds (114 allocations: 8.320 KiB)
- [constraint_max_ratio_in_in_unit_flow]  0.000207 seconds (100 allocations: 19.781 KiB)
- [constraint_max_ratio_in_out_unit_flow]  0.000217 seconds (100 allocations: 19.781 KiB)
- [constraint_max_ratio_out_in_connection_flow]  0.000131 seconds (74 allocations: 6.172 KiB)
- [constraint_max_ratio_out_in_unit_flow]  0.000284 seconds (100 allocations: 19.781 KiB)
- [constraint_max_ratio_out_out_unit_flow]  0.000168 seconds (100 allocations: 19.781 KiB)
- [constraint_max_total_cumulated_unit_flow_from_node]  0.000114 seconds (52 allocations: 4.688 KiB)
- [constraint_max_total_cumulated_unit_flow_to_node]  0.000146 seconds (50 allocations: 4.500 KiB)
- [constraint_min_capacity_margin]  0.000079 seconds (41 allocations: 3.078 KiB)
- [constraint_min_down_time]  2.185210 seconds (6.25 M allocations: 563.541 MiB, 30.63% gc time, 1.18% compilation time)
- [constraint_min_node_pressure]  0.000192 seconds (95 allocations: 11.555 KiB)
- [constraint_min_node_voltage_angle]  0.000154 seconds (114 allocations: 8.320 KiB)
- [constraint_min_ratio_in_in_unit_flow]  0.000168 seconds (100 allocations: 19.781 KiB)
- [constraint_min_ratio_in_out_unit_flow]  0.000145 seconds (100 allocations: 19.781 KiB)
- [constraint_min_ratio_out_in_connection_flow]  0.000147 seconds (74 allocations: 6.172 KiB)
- [constraint_min_ratio_out_in_unit_flow]  0.000118 seconds (100 allocations: 19.781 KiB)
- [constraint_min_ratio_out_out_unit_flow]  0.000115 seconds (100 allocations: 19.781 KiB)
- [constraint_min_scheduled_outage_duration]  0.000093 seconds (33 allocations: 2.562 KiB)
- [constraint_min_total_cumulated_unit_flow_from_node]  0.000095 seconds (52 allocations: 4.688 KiB)
- [constraint_min_total_cumulated_unit_flow_to_node]  0.000129 seconds (50 allocations: 4.500 KiB)
- [constraint_min_up_time]  0.200667 seconds (761.51 k allocations: 56.869 MiB, 21.56% gc time)
- [constraint_minimum_operating_point]  0.373482 seconds (952.46 k allocations: 86.383 MiB, 25.02% gc time)
- [constraint_nodal_balance]  1.644313 seconds (4.44 M allocations: 388.679 MiB, 29.89% gc time)
- [constraint_node_injection] 27.197023 seconds (19.75 M allocations: 1.388 GiB, 83.15% gc time, 0.07% compilation time)
- [constraint_node_state_capacity] 11.416370 seconds (1.91 M allocations: 146.609 MiB, 95.29% gc time)
- [constraint_node_voltage_angle]  0.000093 seconds (33 allocations: 2.562 KiB)
- [constraint_non_spinning_reserves_lower_bound]  0.000323 seconds (323 allocations: 29.812 KiB)
- [constraint_non_spinning_reserves_shut_down_upper_bound]  0.000303 seconds (332 allocations: 30.703 KiB)
- [constraint_non_spinning_reserves_start_up_upper_bound]  0.000246 seconds (332 allocations: 30.703 KiB)
- [constraint_operating_point_bounds] 55.709326 seconds (185.13 M allocations: 29.625 GiB, 40.43% gc time)
- [constraint_operating_point_rank]  0.137954 seconds (409.26 k allocations: 56.672 MiB, 33.98% gc time)
- [constraint_ramp_down]  1.047453 seconds (2.54 M allocations: 231.283 MiB, 28.90% gc time, 6.28% compilation time)
- [constraint_ramp_up]  1.079233 seconds (2.56 M allocations: 232.074 MiB, 36.82% gc time)
- [constraint_ratio_out_in_connection_intact_flow]  0.000201 seconds (38 allocations: 2.812 KiB)
- [constraint_storage_lifetime] 49.648700 seconds (17.92 M allocations: 1.828 GiB, 95.56% gc time)
- [constraint_storage_line_pack]  0.000120 seconds (57 allocations: 5.188 KiB)
- [constraint_storages_invested_available]  0.000807 seconds (536 allocations: 46.484 KiB)
- [constraint_storages_invested_transition]  0.001495 seconds (1.53 k allocations: 144.375 KiB)
- [constraint_unit_flow_capacity]  2.968385 seconds (7.44 M allocations: 575.805 MiB, 42.74% gc time)
- [constraint_unit_flow_op_bounds] 10.798376 seconds (2.30 M allocations: 192.483 MiB, 94.95% gc time, 0.23% compilation time)
- [constraint_unit_flow_op_rank]  0.751142 seconds (1.82 M allocations: 163.825 MiB, 43.39% gc time)
- [constraint_unit_flow_op_sum]  0.021689 seconds (126.52 k allocations: 13.878 MiB)
- [constraint_unit_lifetime]308.438900 seconds (121.98 M allocations: 12.556 GiB, 95.31% gc time)
- [constraint_unit_state_transition]  0.142214 seconds (331.92 k allocations: 33.866 MiB, 47.03% gc time)
- [constraint_units_available] 14.215978 seconds (13.37 M allocations: 941.991 MiB, 80.95% gc time)
- [constraint_units_invested_available]  0.001666 seconds (2.72 k allocations: 249.281 KiB)
- [constraint_units_invested_transition]  0.003078 seconds (15.41 k allocations: 1.155 MiB)
- [constraint_units_out_of_service_contiguity]  0.000084 seconds (33 allocations: 2.562 KiB)
- [constraint_units_out_of_service_transition]  0.000254 seconds (53 allocations: 4.289 KiB)
- [constraint_user_constraint]  1.969515 seconds (4.48 M allocations: 387.163 MiB, 28.29% gc time, 5.01% compilation time)
859.782823 seconds (590.88 M allocations: 67.968 GiB, 89.64% gc time, 0.03% compilation time)
Setting model objective... 15.360244 seconds (11.32 M allocations: 842.886 MiB, 81.57% gc time)
Build complete. Started at 2026-02-05T13:09:30.289, ended at 2026-02-05T13:28:57.858, elapsed time: 19 minutes, 27 seconds, 569 milliseconds
Solve started at 2026-02-05T13:28:57.859
Bringing model to the first window... 47.768256 seconds (53.18 M allocations: 3.929 GiB, 81.42% gc time)
model - window 1 of 3: 2019-01-01T00:00~(4 weeks, 2 days, 10 hours)~>2019-01-31T10:00
Optimizing model...Running HiGHS 1.11.0 (git hash: 364c83a51e): Copyright (c) 2025 HiGHS under MIT licence terms
MIP  has 112554 rows; 128676 cols; 290621 nonzeros; 2287 integer variables (0 binary)
Coefficient ranges:
  Matrix [6e-03, 1e+05]
  Cost   [1e-03, 2e+09]
  Bound  [3e-01, 1e+04]
  RHS    [1e+00, 2e+03]
Presolving model
50142 rows, 65549 cols, 182638 nonzeros  0s
36362 rows, 52499 cols, 159699 nonzeros  0s
32606 rows, 51092 cols, 156048 nonzeros  0s
Solving MIP model with:
   32606 rows
   51092 cols (1777 binary, 0 integer, 0 implied int., 49315 continuous, 0 domain fixed)
   156048 nonzeros
Src: B => Branching; C => Central rounding; F => Feasibility pump; J => Feasibility jump;
     H => Heuristic; L => Sub-MIP; P => Empty MIP; R => Randomized rounding; Z => ZI Round;
     I => Shifting; S => Solve LP; T => Evaluate node; U => Unbounded; X => User solution;
     z => Trivial zero; l => Trivial lower; u => Trivial upper; p => Trivial point
        Nodes      |    B&B Tree     |            Objective Bounds              |  Dynamic Constraints |       Work
Src  Proc. InQueue |  Leaves   Expl. | BestBound       BestSol              Gap |   Cuts   InLp Confl. | LpIters     Time
         0       0         0   0.00%   -231647036.4457 inf                  inf        0      0      0         0     2.1s
 R       0       0         0   0.00%   -29454064.49638 6.25863125e+12   100.00%        0      0      0     28221    43.3s
         0       0         0   0.00%   -29442052.32549 6.25863125e+12   100.00%     6457    288      0     29416    56.6s
 T       0       0         0   0.00%   -29419488.61555 -29419488.61555    0.00%    13119    519      0     29976    80.8s
         1       0         1 100.00%   -29419488.61555 -29419488.61555    0.00%    11086    519      0     29976    80.8s
Solving report
  Status            Optimal
  Primal bound      -29419488.6156
  Dual bound        -29419488.6156
  Gap               0% (tolerance: 0%)
  P-D integral      37.4916104469
  Solution status   feasible
                    -29419488.6156 (objective)
                    0 (bound viol.)
                    3.15188683398e-11 (int. viol.)
                    0 (row viol.)
  Timing            80.80 (total)
                    0.00 (presolve)
                    0.00 (solve)
                    0.00 (postsolve)
  Max sub-MIP depth 0
  Nodes             1
  Repair LPs        0 (0 feasible; 0 iterations)
  LP iterations     29976 (total)
                    0 (strong br.)
                    1755 (separation)
                    0 (heuristics)
 81.907914 seconds (698.73 k allocations: 106.847 MiB, 0.83% gc time)
Optimal solution found, objective function value: -2.9419488615550764e7
Saving model results... 12.522428 seconds (4.19 M allocations: 176.115 MiB, 92.29% gc time)
Postprocessing model results...  0.000087 seconds (51 allocations: 4.297 KiB)
Saving model outputs... 11.465170 seconds (3.42 M allocations: 316.466 MiB, 94.57% gc time)
Rolling model temporal structure... 12.601755 seconds (4.84 M allocations: 113.123 MiB, 88.94% gc time)
Fixing model history...  0.135344 seconds (390.56 k allocations: 33.825 MiB)
Applying model non-anticipativity constraints...  0.000502 seconds (434 allocations: 42.562 KiB)
model - window 2 of 3: 2019-01-31T10:00~(4 weeks, 2 days, 10 hours)~>2019-03-02T20:00
Optimizing model...MIP  has 112554 rows; 128676 cols; 290678 nonzeros; 2287 integer variables (0 binary)
Coefficient ranges:
  Matrix [6e-03, 1e+05]
  Cost   [1e-03, 2e+09]
  Bound  [1e-04, 1e+04]
  RHS    [1e+00, 2e+03]
Presolving model
52162 rows, 65658 cols, 184819 nonzeros  0s
33581 rows, 52277 cols, 150728 nonzeros  0s
32036 rows, 50769 cols, 151983 nonzeros  0s
Solving MIP model with:
   32036 rows
   50769 cols (1667 binary, 0 integer, 0 implied int., 49102 continuous, 0 domain fixed)
   151983 nonzeros
Src: B => Branching; C => Central rounding; F => Feasibility pump; J => Feasibility jump;
     H => Heuristic; L => Sub-MIP; P => Empty MIP; R => Randomized rounding; Z => ZI Round;
     I => Shifting; S => Solve LP; T => Evaluate node; U => Unbounded; X => User solution;
     z => Trivial zero; l => Trivial lower; u => Trivial upper; p => Trivial point
        Nodes      |    B&B Tree     |            Objective Bounds              |  Dynamic Constraints |       Work
Src  Proc. InQueue |  Leaves   Expl. | BestBound       BestSol              Gap |   Cuts   InLp Confl. | LpIters     Time
         0       0         0   0.00%   -197555877.711  inf                  inf        0      0      0         0     1.7s
 R       0       0         0   0.00%   -25245115.48018 7.14101929e+12   100.00%        0      0      0     26366    21.6s
         0       0         0   0.00%   -25218065.41357 7.14101929e+12   100.00%    11877    493      0     28332    33.5s
 L       0       0         0   0.00%   -25218065.41357 -23170863.27448    8.84%    11877    493      0     28332    84.2s
 T       0       0         0   0.00%   -25218065.41357 -25218065.41357    0.00%    11877    493      0     36100    84.3s
         1       0         1 100.00%   -25218065.41357 -25218065.41357    0.00%     9307    493      0     36100    84.3s
Solving report
  Status            Optimal
  Primal bound      -25218065.4136
  Dual bound        -25218065.4136
  Gap               0% (tolerance: 0%)
  P-D integral      62.5854421715
  Solution status   feasible
                    -25218065.4136 (objective)
                    0 (bound viol.)
                    5.11590769747e-15 (int. viol.)
                    0 (row viol.)
  Timing            84.29 (total)
                    0.00 (presolve)
                    0.00 (solve)
                    0.00 (postsolve)
  Max sub-MIP depth 1
  Nodes             1
  Repair LPs        0 (0 feasible; 0 iterations)
  LP iterations     36100 (total)
                    0 (strong br.)
                    1966 (separation)
                    7768 (heuristics)
 84.336409 seconds (61 allocations: 2.578 KiB)
Optimal solution found, objective function value: -2.5218065413571905e7
Saving model results...  1.236921 seconds (4.19 M allocations: 176.110 MiB, 20.92% gc time)
Postprocessing model results...  0.000105 seconds (51 allocations: 4.297 KiB)
Saving model outputs... 12.136342 seconds (3.42 M allocations: 316.466 MiB, 94.38% gc time)
Rolling model temporal structure...  1.983517 seconds (4.84 M allocations: 113.114 MiB, 28.46% gc time)
Fixing model history... 11.395762 seconds (386.48 k allocations: 33.587 MiB, 98.94% gc time)
Applying model non-anticipativity constraints...  0.000496 seconds (434 allocations: 42.562 KiB)
model - window 3 of 3: 2019-03-02T20:00~(4 weeks, 2 days, 10 hours)~>2019-04-02T06:00
Optimizing model...MIP  has 112554 rows; 128676 cols; 290741 nonzeros; 2287 integer variables (0 binary)
Coefficient ranges:
  Matrix [6e-03, 1e+05]
  Cost   [1e-03, 2e+09]
  Bound  [3e-17, 1e+04]
  RHS    [1e+00, 2e+03]
Presolving model
52225 rows, 65784 cols, 185071 nonzeros  0s
33581 rows, 52340 cols, 150791 nonzeros  0s
32042 rows, 50806 cols, 152026 nonzeros  0s
Solving MIP model with:
   32042 rows
   50806 cols (1667 binary, 0 integer, 0 implied int., 49139 continuous, 0 domain fixed)
   152026 nonzeros
Src: B => Branching; C => Central rounding; F => Feasibility pump; J => Feasibility jump;
     H => Heuristic; L => Sub-MIP; P => Empty MIP; R => Randomized rounding; Z => ZI Round;
     I => Shifting; S => Solve LP; T => Evaluate node; U => Unbounded; X => User solution;
     z => Trivial zero; l => Trivial lower; u => Trivial upper; p => Trivial point
        Nodes      |    B&B Tree     |            Objective Bounds              |  Dynamic Constraints |       Work
Src  Proc. InQueue |  Leaves   Expl. | BestBound       BestSol              Gap |   Cuts   InLp Confl. | LpIters     Time
         0       0         0   0.00%   -144687166.3413 inf                  inf        0      0      0         0     2.2s
 R       0       0         0   0.00%   -22565903.59182 5.54133754e+12   100.00%        0      0      0     26744    23.3s
 C       0       0         0   0.00%   -22543953.36828 5.44346556e+12   100.00%    11872    462      0     28049    38.4s
 L       0       0         0   0.00%   -22543953.36828 -19744713.63483   14.18%    11872    462      0     28049    85.6s
 T       0       0         0   0.00%   -22543953.36828 -22543953.36828    0.00%    11872    462      0     32231    85.7s
         1       0         1 100.00%   -22543953.36828 -22543953.36828    0.00%     9682    462      0     32231    85.7s
Solving report
  Status            Optimal
  Primal bound      -22543953.3683
  Dual bound        -22543953.3683
  Gap               0% (tolerance: 0%)
  P-D integral      62.3658898263
  Solution status   feasible
                    -22543953.3683 (objective)
                    0 (bound viol.)
                    1.73194791842e-14 (int. viol.)
                    0 (row viol.)
  Timing            85.71 (total)
                    0.00 (presolve)
                    0.00 (solve)
                    0.00 (postsolve)
  Max sub-MIP depth 1
  Nodes             1
  Repair LPs        0 (0 feasible; 0 iterations)
  LP iterations     32231 (total)
                    0 (strong br.)
                    1305 (separation)
                    4182 (heuristics)
 85.762183 seconds (61 allocations: 2.578 KiB)
Optimal solution found, objective function value: -2.2543953368282434e7
Saving model results...  1.717111 seconds (4.19 M allocations: 176.110 MiB, 40.87% gc time)
Postprocessing model results...  0.000115 seconds (51 allocations: 4.297 KiB)
Saving model outputs... 10.391246 seconds (3.42 M allocations: 316.466 MiB, 93.50% gc time)
Rolling model temporal structure...  0.000119 seconds (46 allocations: 2.438 KiB)
Rolling complete
Solve complete. Started at 2026-02-05T13:28:57.859, ended at 2026-02-05T13:35:13.272, elapsed time: 6 minutes, 15 seconds, 413 milliseconds
Time summary:
Action                                           │ min       │ max       │ avg
─────────────────────────────────────────────────┼───────────┼───────────┼───────────────────────
Postprocessing model results...                  │ 8.7e-5    │ 0.000115  │ 0.00010233333333333333
Fixing model history...                          │ 0.135344  │ 11.395762 │ 5.765553
Applying model non-anticipativity constraints... │ 0.000496  │ 0.000502  │ 0.000499
Rolling model temporal structure...              │ 0.000119  │ 12.601755 │ 4.861797
Saving model results...                          │ 1.236921  │ 12.522428 │ 5.1588199999999995
Optimizing model...                              │ 81.907914 │ 85.762183 │ 84.00216866666666
Saving model outputs...                          │ 10.391246 │ 12.136342 │ 11.330919333333334
Writing report to sqlite:///C:\Users\jfg.eco\Documents\Nord_H2ub\Spine_Projects\02_basic_energy_model\.spinetoolbox\items\outputtest\OutputTest.sqlite?spinedbfilter=cfg%3Aexecution%3A%7B%22execution_item%22%3A+%22Run+SpineOpt%22%2C+%22scenarios%22%3A+%5B%5D%2C+%22timestamp%22%3A+%222026-02-05T13%3A09%3A26%22%7D...  3.881379 seconds (4.67 M allocations: 343.553 MiB, 6.71% gc time)
Execution complete. Started at 2026-02-05T13:09:28.427, ended at 2026-02-05T13:35:33.504, elapsed time: 26 minutes, 5 seconds, 77 milliseconds
A JuMP Model
├ solver: HiGHS
├ objective_sense: MIN_SENSE
│ └ objective_function_type: JuMP.AffExpr
├ num_variables: 128676
├ num_constraints: 231837
│ ├ JuMP.AffExpr in MOI.EqualTo{Float64}: 28556
│ ├ JuMP.AffExpr in MOI.GreaterThan{Float64}: 29224
│ ├ JuMP.AffExpr in MOI.LessThan{Float64}: 54774
│ ├ JuMP.VariableRef in MOI.EqualTo{Float64}: 827
│ ├ JuMP.VariableRef in MOI.GreaterThan{Float64}: 113218
│ ├ JuMP.VariableRef in MOI.LessThan{Float64}: 2951
│ └ JuMP.VariableRef in MOI.Integer: 2287
└ Names registered in the model: none
