### Spine execution log file
### Item name: Run SpineOpt
### Filter id: 
### Part: 1

# Running julia run_spineopt.jl http://127.0.0.1:52691 http://127.0.0.1:52693
2-element Vector{String}:
 "http://127.0.0.1:52691"
 "http://127.0.0.1:52693"
Running SpineOpt...
[SpineOpt version 0.10.2 (git hash: N/A)]
[SpineInterface version 0.15.2 (git hash: N/A)]
Execution started at 2026-07-14T22:54:29.975
Reading input data from sqlite:///C:\Users\jfg.eco\Documents\GitHub\Nord_H2ub\Spine_Projects\02_basic_energy_model\.spinetoolbox\items\input\Input.sqlite...
Initializing  data structure from db...  0.803599 seconds (1.56 M allocations: 96.391 MiB, 15.82% compilation time)
Preprocessing  data structure...  0.891114 seconds (98.91 k allocations: 4.710 MiB, 93.38% compilation time)
Checking  data structure...  0.006959 seconds (6.77 k allocations: 353.852 KiB, 81.54% compilation time)
Build started at 2026-07-14T22:54:31.726
Creating model temporal structure...[ Info: the last time slice of temporal block Default_Investment_period has been cut to fit within the block
[ Info: the last time slice of temporal block daily has been cut to fit within the block
 61.615755 seconds (453.41 M allocations: 22.714 GiB, 46.34% gc time, 0.02% compilation time)
Creating model stochastic structure...  0.339603 seconds (3.27 M allocations: 456.168 MiB, 7.24% compilation time)
Adding model independent variables...
- [variable_binary_gas_connection_flow]  0.090748 seconds (2.33 M allocations: 35.607 MiB)
- [variable_connection_flow]  0.269979 seconds (2.94 M allocations: 80.753 MiB, 36.14% compilation time)
- [variable_connection_intact_flow]  0.154504 seconds (2.80 M allocations: 72.582 MiB)
- [variable_connections_decommissioned]  0.095227 seconds (2.34 M allocations: 35.921 MiB)
- [variable_connections_invested]  1.920031 seconds (11.31 M allocations: 674.609 MiB, 44.81% gc time)
- [variable_connections_invested_available]  1.712674 seconds (12.09 M allocations: 698.581 MiB, 37.73% gc time, 0.72% compilation time)
- [variable_min_capacity_margin_slack]  0.090874 seconds (2.33 M allocations: 35.569 MiB)
- [variable_node_injection]  0.124585 seconds (2.60 M allocations: 55.188 MiB)
- [variable_node_pressure]  3.246638 seconds (2.33 M allocations: 35.588 MiB, 96.67% gc time, 0.58% compilation time)
- [variable_node_slack_neg]  0.096771 seconds (2.55 M allocations: 50.376 MiB)
- [variable_node_slack_pos]  0.098859 seconds (2.55 M allocations: 50.378 MiB)
- [variable_node_state]  0.148898 seconds (2.45 M allocations: 41.989 MiB, 32.28% compilation time)
- [variable_node_voltage_angle]  0.091467 seconds (2.33 M allocations: 35.586 MiB)
- [variable_nonspin_units_shut_down]  0.089129 seconds (2.33 M allocations: 35.592 MiB)
- [variable_nonspin_units_started_up]  0.090219 seconds (2.33 M allocations: 35.597 MiB)
- [variable_storages_decommissioned]  0.089916 seconds (2.33 M allocations: 35.752 MiB)
- [variable_storages_invested]  0.424701 seconds (4.52 M allocations: 215.008 MiB, 26.67% gc time, 2.07% compilation time)
- [variable_storages_invested_available]  0.317350 seconds (4.52 M allocations: 210.220 MiB)
- [variable_unit_flow]  0.368422 seconds (3.07 M allocations: 130.250 MiB, 33.90% gc time, 12.05% compilation time)
- [variable_unit_flow_op]  0.091923 seconds (2.43 M allocations: 43.678 MiB)
- [variable_unit_flow_op_active]  0.101543 seconds (2.46 M allocations: 45.472 MiB)
- [variable_units_invested]  1.178705 seconds (11.59 M allocations: 656.595 MiB, 20.83% gc time)
- [variable_units_invested_available]  1.069350 seconds (12.37 M allocations: 691.845 MiB, 10.53% gc time, 0.75% compilation time)
- [variable_units_mothballed]  0.084519 seconds (2.34 M allocations: 36.073 MiB)
- [variable_units_on]  0.144850 seconds (2.54 M allocations: 48.606 MiB, 18.23% compilation time)
- [variable_units_out_of_service]  0.225573 seconds (2.33 M allocations: 35.577 MiB, 66.08% gc time)
- [variable_units_returned_to_service]  0.086364 seconds (2.33 M allocations: 35.573 MiB)
- [variable_units_shut_down]  0.093317 seconds (2.35 M allocations: 36.945 MiB)
- [variable_units_started_up]  0.096872 seconds (2.35 M allocations: 36.756 MiB)
- [variable_units_taken_out_of_service]  0.090184 seconds (2.33 M allocations: 35.574 MiB)
- [variable_user_constraint_slack_neg]  0.171240 seconds (2.33 M allocations: 35.566 MiB, 46.89% gc time)
- [variable_user_constraint_slack_pos]  0.095142 seconds (2.33 M allocations: 35.566 MiB)
 13.073865 seconds (120.13 M allocations: 4.237 GiB, 41.85% gc time, 2.02% compilation time)
Adding model dependent variables...
- [variable_connection_flow]  0.017654 seconds (134.05 k allocations: 6.384 MiB)
- [variable_unit_flow]  0.020055 seconds (189.18 k allocations: 9.322 MiB)
  0.041887 seconds (323.53 k allocations: 15.717 MiB)
Adding model expressions...
- [expression_capacity_margin]  0.000115 seconds (77 allocations: 3.500 KiB)
  0.000611 seconds (191 allocations: 9.289 KiB)
Adding model constraints...
- [constraint_candidate_connection_flow_lb]  0.000570 seconds (126 allocations: 5.477 KiB)
- [constraint_candidate_connection_flow_ub]  0.000123 seconds (124 allocations: 5.195 KiB)
- [constraint_compression_ratio]  0.000091 seconds (82 allocations: 5.180 KiB)
- [constraint_connection_flow_capacity]  0.071066 seconds (619.36 k allocations: 42.293 MiB, 0.64% compilation time)
- [constraint_connection_flow_gas_capacity]  0.000072 seconds (85 allocations: 6.336 KiB)
- [constraint_connection_flow_intact_flow]  0.000146 seconds (72 allocations: 3.336 KiB)
- [constraint_connection_flow_lodf]  0.000211 seconds (66 allocations: 3.438 KiB)
- [constraint_connection_intact_flow_capacity]  0.000179 seconds (108 allocations: 5.133 KiB)
- [constraint_connection_intact_flow_ptdf]  0.000144 seconds (57 allocations: 2.930 KiB)
- [constraint_connection_lifetime] 39.315327 seconds (135.59 M allocations: 34.276 GiB, 48.47% gc time, 0.02% compilation time)
- [constraint_connection_unitary_gas_flow]  0.000090 seconds (82 allocations: 5.180 KiB)
- [constraint_connections_invested_available]  0.001089 seconds (998 allocations: 60.898 KiB)
- [constraint_connections_invested_transition]  0.002736 seconds (7.21 k allocations: 385.396 KiB)
- [constraint_cyclic_node_state]  0.006336 seconds (2.48 k allocations: 120.070 KiB, 96.63% compilation time)
- [constraint_fix_node_pressure_point]  0.000076 seconds (82 allocations: 5.180 KiB)
- [constraint_fix_ratio_in_in_unit_flow]  0.009809 seconds (52.73 k allocations: 3.637 MiB)
- [constraint_fix_ratio_in_out_unit_flow]  0.000472 seconds (2.59 k allocations: 135.977 KiB)
- [constraint_fix_ratio_out_in_connection_flow]  0.015940 seconds (44.70 k allocations: 2.821 MiB, 54.55% compilation time)
- [constraint_fix_ratio_out_in_unit_flow]  0.000120 seconds (185 allocations: 11.508 KiB)
- [constraint_fix_ratio_out_out_unit_flow]  0.000365 seconds (1.09 k allocations: 58.258 KiB)
- [constraint_investment_group_equal_investments]  0.000276 seconds (28 allocations: 1.680 KiB)
- [constraint_investment_group_maximum_capacity_invested_available]  0.000073 seconds (28 allocations: 1.742 KiB)
- [constraint_investment_group_maximum_entities_invested_available]  0.000061 seconds (27 allocations: 1.695 KiB)
- [constraint_investment_group_minimum_capacity_invested_available]  0.000056 seconds (26 allocations: 1.648 KiB)
- [constraint_investment_group_minimum_entities_invested_available]  0.000069 seconds (26 allocations: 1.648 KiB)
- [constraint_max_node_pressure]  0.000144 seconds (201 allocations: 9.992 KiB)
- [constraint_max_node_voltage_angle]  0.000332 seconds (266 allocations: 12.602 KiB)
- [constraint_max_ratio_in_in_unit_flow]  0.000099 seconds (185 allocations: 11.508 KiB)
- [constraint_max_ratio_in_out_unit_flow]  0.000097 seconds (185 allocations: 11.508 KiB)
- [constraint_max_ratio_out_in_connection_flow]  0.000111 seconds (102 allocations: 5.820 KiB)
- [constraint_max_ratio_out_in_unit_flow]  0.000323 seconds (185 allocations: 11.508 KiB)
- [constraint_max_ratio_out_out_unit_flow]  0.000078 seconds (185 allocations: 11.508 KiB)
- [constraint_max_total_cumulated_unit_flow_from_node]  0.000128 seconds (88 allocations: 5.539 KiB)
- [constraint_max_total_cumulated_unit_flow_to_node]  0.000047 seconds (81 allocations: 5.320 KiB)
- [constraint_min_capacity_margin]  0.000090 seconds (92 allocations: 4.398 KiB)
- [constraint_min_down_time]  0.049580 seconds (218.61 k allocations: 15.481 MiB, 48.53% compilation time)
- [constraint_min_node_pressure]  0.000142 seconds (207 allocations: 14.662 KiB)
- [constraint_min_node_voltage_angle]  0.000132 seconds (266 allocations: 12.602 KiB)
- [constraint_min_ratio_in_in_unit_flow]  0.000131 seconds (185 allocations: 11.508 KiB)
- [constraint_min_ratio_in_out_unit_flow]  0.000105 seconds (186 allocations: 11.789 KiB)
- [constraint_min_ratio_out_in_connection_flow]  0.000102 seconds (102 allocations: 5.820 KiB)
- [constraint_min_ratio_out_in_unit_flow]  0.000076 seconds (185 allocations: 11.508 KiB)
- [constraint_min_ratio_out_out_unit_flow]  0.000063 seconds (186 allocations: 11.789 KiB)
- [constraint_min_scheduled_outage_duration]  0.000061 seconds (57 allocations: 2.945 KiB)
- [constraint_min_total_cumulated_unit_flow_from_node]  0.000075 seconds (88 allocations: 5.539 KiB)
- [constraint_min_total_cumulated_unit_flow_to_node]  0.000057 seconds (81 allocations: 5.320 KiB)
- [constraint_min_up_time]  0.007166 seconds (48.90 k allocations: 2.967 MiB)
- [constraint_minimum_operating_point]  0.018992 seconds (139.27 k allocations: 9.010 MiB)
- [constraint_nodal_balance]  0.024077 seconds (196.35 k allocations: 12.243 MiB)
- [constraint_node_injection]  0.068414 seconds (746.51 k allocations: 45.560 MiB)
- [constraint_node_state_capacity]  0.024683 seconds (207.15 k allocations: 10.882 MiB)
- [constraint_node_voltage_angle]  0.000148 seconds (55 allocations: 3.102 KiB)
- [constraint_non_spinning_reserves_lower_bound]  0.000269 seconds (397 allocations: 19.336 KiB)
- [constraint_non_spinning_reserves_shut_down_upper_bound]  0.000400 seconds (406 allocations: 20.133 KiB)
- [constraint_non_spinning_reserves_start_up_upper_bound]  0.000154 seconds (407 allocations: 20.414 KiB)
- [constraint_operating_point_bounds]  0.255506 seconds (883.58 k allocations: 94.118 MiB, 64.13% gc time)
- [constraint_operating_point_rank]  0.002688 seconds (21.98 k allocations: 1.984 MiB)
- [constraint_ramp_down]  0.040480 seconds (120.09 k allocations: 7.938 MiB, 66.74% compilation time)
- [constraint_ramp_up]  0.011764 seconds (114.89 k allocations: 7.742 MiB)
- [constraint_ratio_out_in_connection_intact_flow]  0.000122 seconds (72 allocations: 3.336 KiB)
- [constraint_storage_lifetime]  6.243115 seconds (36.59 M allocations: 7.847 GiB, 32.80% gc time, 0.12% compilation time)
- [constraint_storage_line_pack]  0.000102 seconds (84 allocations: 5.273 KiB)
- [constraint_storages_invested_available]  0.000469 seconds (592 allocations: 35.008 KiB)
- [constraint_storages_invested_transition]  0.000956 seconds (3.79 k allocations: 198.537 KiB)
- [constraint_unit_flow_capacity]  0.030430 seconds (309.26 k allocations: 18.273 MiB)
- [constraint_unit_flow_op_bounds]  0.015248 seconds (71.17 k allocations: 4.855 MiB, 54.54% compilation time)
- [constraint_unit_flow_op_rank]  0.006777 seconds (63.41 k allocations: 4.495 MiB)
- [constraint_unit_flow_op_sum]  0.001379 seconds (5.96 k allocations: 482.357 KiB)
- [constraint_unit_lifetime] 26.654526 seconds (128.59 M allocations: 28.450 GiB, 42.40% gc time)
- [constraint_unit_state_transition]  0.002461 seconds (19.26 k allocations: 1.426 MiB)
- [constraint_units_available]  0.044762 seconds (495.55 k allocations: 26.337 MiB)
- [constraint_units_invested_available]  0.000378 seconds (1.37 k allocations: 86.718 KiB)
- [constraint_units_invested_transition]  0.001902 seconds (11.35 k allocations: 596.528 KiB)
- [constraint_units_out_of_service_contiguity]  0.000078 seconds (57 allocations: 2.945 KiB)
- [constraint_units_out_of_service_transition]  0.000101 seconds (86 allocations: 4.352 KiB)
- [constraint_user_constraint]  0.076090 seconds (164.67 k allocations: 10.576 MiB, 60.06% compilation time)
 73.130704 seconds (306.26 M allocations: 70.933 GiB, 44.54% gc time, 0.19% compilation time)
Setting model objective...  0.102086 seconds (428.24 k allocations: 23.118 MiB, 45.86% compilation time)
Build complete. Started at 2026-07-14T22:54:31.726, ended at 2026-07-14T22:57:00.044, elapsed time: 2 minutes, 28 seconds, 318 milliseconds
Solve started at 2026-07-14T22:57:00.044
model - window 1 of 1: 2019-01-01T00:00~(1 day, 23 hours)~>2019-01-02T23:00
Optimizing model...Running HiGHS 1.14.0 (git hash: 7df0786de3): Copyright (c) 2026 under Apache 2.0 license terms
Using BLAS: blastrampoline-5
MIP has 6832 rows; 300957 cols; 143914 nonzeros; 190 integer variables (0 binary)
Coefficient ranges:
  Matrix  [6e-03, 5e+05]
  Cost    [4e-03, 3e+10]
  Bound   [1e+00, 1e+05]
  RHS     [1e+00, 2e+04]
WARNING: Problem has some excessively large costs
WARNING:    Consider scaling the objective by 1e-5, or setting the user_objective_scale option to -15
Presolving model
3182 rows, 3564 cols, 10061 nonzeros 0s
2047 rows, 2625 cols, 8790 nonzeros 0s
1879 rows, 2196 cols, 8072 nonzeros 0s
Presolve reductions: rows 1879(-4953); columns 2196(-298761); nonzeros 8072(-135842)
Solving MIP model with:
   1879 rows
   2196 cols (140 binary, 0 integer, 1 implied int., 2055 continuous, 0 domain fixed)
   8072 nonzeros
Src: B => Branching; C => Central rounding; F => Feasibility pump; H => Heuristic;
     I => Shifting; J => Feasibility jump; L => Sub-MIP; P => Empty MIP; R => Randomized rounding;
     S => Solve LP; T => Evaluate node; U => Unbounded; X => User solution; Y => HiGHS solution;
     Z => ZI Round; l => Trivial lower; p => Trivial point; u => Trivial upper; z => Trivial zero
        Nodes      |    B&B Tree     |            Objective Bounds              |  Dynamic Constraints |       Work
Src  Proc. InQueue |  Leaves   Expl. | BestBound       BestSol              Gap |   Cuts   InLp Confl. | LpIters     Time
         0       0         0   0.00%   -11855246.26876 inf                  inf        0      0      0         0     0.2s
 R       0       0         0   0.00%   19638342296.42  1.95609853e+12    99.00%        0      0      0      1202     0.3s
 L       0       0         0   0.00%   5.98815813e+11  6.23315818e+11     3.93%      907    126      0      5683     3.2s
         3       1         1  25.00%   5.98815813e+11  6.23315818e+11     3.93%      907    100      0     51827     8.7s
 B       3       1         1  25.00%   5.98815813e+11  6.23315811e+11     3.93%      907    100      0     51827     9.3s
        11       0         6 100.00%   6.23315811e+11  6.23315811e+11     0.00%      907    100      0     59166     9.6s
Solving report
  Status            Optimal
  Primal bound      623315810843
  Dual bound        623315810843
  Gap               0% (tolerance: 0%)
  P-D integral      2.31047481865
  Solution status   feasible
                    623315810843 (objective)
                    0 (bound viol.)
                    1.70974345792e-14 (int. viol.)
                    0 (row viol.)
  Timing            9.61
  Max sub-MIP depth 3
  Nodes             11
  Repair LPs        2 (0 feasible; 18446744073709551614 iterations)
  LP iterations     59166
                    38219 (strong br.)
                    4481 (separation)
                    10838 (heuristics)
  9.784379 seconds (637.45 k allocations: 132.398 MiB)
Optimal solution found, objective function value: 6.23315810843347e11
Saving model results...  0.192725 seconds (2.21 M allocations: 78.923 MiB)
Postprocessing model results...  0.000063 seconds (48 allocations: 3.312 KiB)
Saving model outputs...  0.625083 seconds (4.11 M allocations: 243.221 MiB)
Rolling model temporal structure...  0.000134 seconds (47 allocations: 1.312 KiB)
Rolling complete
Solve complete. Started at 2026-07-14T22:57:00.044, ended at 2026-07-14T22:57:10.665, elapsed time: 10 seconds, 621 milliseconds
Time summary:
Action                              │ min      │ max      │ avg
────────────────────────────────────┼──────────┼──────────┼─────────
Postprocessing model results...     │ 6.3e-5   │ 6.3e-5   │ 6.3e-5
Rolling model temporal structure... │ 0.000134 │ 0.000134 │ 0.000134
Saving model results...             │ 0.192725 │ 0.192725 │ 0.192725
Optimizing model...                 │ 9.784379 │ 9.784379 │ 9.784379
Saving model outputs...             │ 0.625083 │ 0.625083 │ 0.625083
Writing report to sqlite:///C:\Users\jfg.eco\Documents\GitHub\Nord_H2ub\Spine_Projects\02_basic_energy_model\.spinetoolbox\items\outputtest\OutputTest.sqlite?spinedbfilter=cfg%3Aexecution%3A%7B%22execution_item%22%3A+%22Run+SpineOpt%22%2C+%22scenarios%22%3A+%5B%5D%2C+%22timestamp%22%3A+%222026-07-14T22%3A54%3A27%22%7D...  0.509027 seconds (112.67 k allocations: 7.396 MiB)
Execution complete. Started at 2026-07-14T22:54:29.975, ended at 2026-07-14T22:57:11.688, elapsed time: 2 minutes, 41 seconds, 713 milliseconds
A JuMP Model
├ solver: HiGHS
├ objective_sense: MIN_SENSE
│ └ objective_function_type: JuMP.AffExpr
├ num_variables: 300957
├ num_constraints: 307205
│ ├ JuMP.AffExpr in MOI.EqualTo{Float64}: 1904
│ ├ JuMP.AffExpr in MOI.GreaterThan{Float64}: 1900
│ ├ JuMP.AffExpr in MOI.LessThan{Float64}: 3028
│ ├ JuMP.VariableRef in MOI.EqualTo{Float64}: 26
│ ├ JuMP.VariableRef in MOI.GreaterThan{Float64}: 299920
│ ├ JuMP.VariableRef in MOI.LessThan{Float64}: 237
│ └ JuMP.VariableRef in MOI.Integer: 190
└ Names registered in the model: none
