### Spine execution log file
### Item name: Run SpineOpt
### Filter id: 
### Part: 1

# Running julia run_spineopt.jl http://127.0.0.1:55848 http://127.0.0.1:55851
2-element Vector{String}:
 "http://127.0.0.1:55848"
 "http://127.0.0.1:55851"
Running SpineOpt...
[SpineOpt version 0.10.2 (git hash: N/A)]
[SpineInterface version 0.15.2 (git hash: N/A)]
Execution started at 2026-01-14T14:28:50.244
Reading input data from sqlite:///C:\Users\jfg.eco\Documents\Nord_H2ub\Spine_Projects\02_basic_energy_model\.spinetoolbox\items\input\Input.sqlite...
Initializing  data structure from db...  0.510696 seconds (346.80 k allocations: 51.177 MiB, 14.26% gc time, 10.55% compilation time)
Preprocessing  data structure...  0.062577 seconds (34.22 k allocations: 2.518 MiB, 53.65% compilation time)
Checking  data structure...  0.010936 seconds (5.67 k allocations: 472.375 KiB, 93.00% compilation time)
Build started at 2026-01-14T14:28:50.864
Creating model temporal structure...[ Info: the last time slice of temporal block Default_Investment_period has been cut to fit within the block
[ Info: the last time slice of temporal block daily has been cut to fit within the block
175.007475 seconds (433.57 M allocations: 20.769 GiB, 89.94% gc time, 0.00% compilation time)
Creating model stochastic structure... 13.937006 seconds (2.80 M allocations: 600.251 MiB, 97.67% gc time, 0.05% compilation time)
Adding model independent variables...
- [variable_binary_gas_connection_flow]  0.668121 seconds (2.33 M allocations: 35.609 MiB, 87.84% gc time)
- [variable_connection_flow]  6.473339 seconds (2.83 M allocations: 94.734 MiB, 97.40% gc time, 1.03% compilation time)
- [variable_connection_intact_flow]  0.117564 seconds (2.74 M allocations: 85.066 MiB, 33.23% gc time)
- [variable_connections_decommissioned]  0.058841 seconds (2.34 M allocations: 36.097 MiB, 25.42% gc time)
- [variable_connections_invested]  5.526270 seconds (15.84 M allocations: 1.282 GiB, 84.28% gc time)
- [variable_connections_invested_available] 13.508261 seconds (16.51 M allocations: 1.319 GiB, 92.87% gc time, 0.06% compilation time)
- [variable_min_capacity_margin_slack]  0.057641 seconds (2.33 M allocations: 35.577 MiB, 29.67% gc time)
- [variable_node_injection]  0.073527 seconds (2.57 M allocations: 60.686 MiB, 20.03% gc time)
- [variable_node_pressure]  0.055725 seconds (2.33 M allocations: 35.580 MiB, 26.70% gc time)
- [variable_node_slack_neg]  0.069218 seconds (2.55 M allocations: 57.010 MiB, 19.76% gc time)
- [variable_node_slack_pos]  0.072077 seconds (2.55 M allocations: 57.012 MiB, 22.23% gc time)
- [variable_node_state]  0.070184 seconds (2.40 M allocations: 41.585 MiB, 23.35% gc time, 10.79% compilation time)
- [variable_node_voltage_angle]  0.063421 seconds (2.33 M allocations: 35.579 MiB, 31.56% gc time)
- [variable_nonspin_units_shut_down]  0.057648 seconds (2.33 M allocations: 35.589 MiB, 30.72% gc time)
- [variable_nonspin_units_started_up]  0.053877 seconds (2.33 M allocations: 35.583 MiB, 23.22% gc time)
- [variable_storages_decommissioned]  0.051381 seconds (2.33 M allocations: 35.755 MiB, 21.27% gc time)
- [variable_storages_invested]  0.280573 seconds (4.37 M allocations: 254.466 MiB, 34.41% gc time, 2.48% compilation time)
- [variable_storages_invested_available]  0.316395 seconds (4.37 M allocations: 254.473 MiB, 43.09% gc time)
- [variable_unit_flow]  6.835730 seconds (2.99 M allocations: 154.388 MiB, 96.90% gc time, 1.00% compilation time)
- [variable_unit_flow_op]  0.166865 seconds (2.45 M allocations: 50.735 MiB, 19.71% gc time)
- [variable_unit_flow_op_active]  0.181850 seconds (2.47 M allocations: 53.191 MiB, 23.93% gc time)
- [variable_units_invested]  7.132366 seconds (15.16 M allocations: 1.191 GiB, 84.55% gc time)
- [variable_units_invested_available]  9.893208 seconds (15.79 M allocations: 1.221 GiB, 90.89% gc time, 0.08% compilation time)
- [variable_units_mothballed]  3.832995 seconds (2.34 M allocations: 36.273 MiB, 98.79% gc time)
- [variable_units_on]  0.071066 seconds (2.54 M allocations: 54.892 MiB, 23.64% gc time)
- [variable_units_out_of_service]  0.062727 seconds (2.33 M allocations: 35.575 MiB, 30.40% gc time)
- [variable_units_returned_to_service]  0.058964 seconds (2.33 M allocations: 35.573 MiB, 29.60% gc time)
- [variable_units_shut_down]  0.058690 seconds (2.36 M allocations: 38.044 MiB, 22.00% gc time)
- [variable_units_started_up]  0.063265 seconds (2.35 M allocations: 37.362 MiB, 28.27% gc time)
- [variable_units_taken_out_of_service]  0.042367 seconds (2.33 M allocations: 35.574 MiB)
- [variable_user_constraint_slack_neg]  0.059910 seconds (2.33 M allocations: 35.569 MiB, 28.32% gc time)
- [variable_user_constraint_slack_pos]  0.060902 seconds (2.33 M allocations: 35.569 MiB, 24.56% gc time)
 56.117112 seconds (135.47 M allocations: 6.764 GiB, 89.39% gc time, 0.30% compilation time)
Adding model dependent variables...
- [variable_connection_flow]  0.005756 seconds (64.56 k allocations: 6.018 MiB)
- [variable_unit_flow]  0.026340 seconds (130.56 k allocations: 12.470 MiB, 55.55% gc time)
  0.033077 seconds (195.41 k allocations: 18.507 MiB, 44.23% gc time)
Adding model expressions...
- [expression_capacity_margin]  0.000042 seconds (30 allocations: 2.609 KiB)
  0.000293 seconds (115 allocations: 7.672 KiB)
Adding model constraints...
- [constraint_candidate_connection_flow_lb]  0.000137 seconds (70 allocations: 4.188 KiB)
- [constraint_candidate_connection_flow_ub]  0.000076 seconds (71 allocations: 4.047 KiB)
- [constraint_compression_ratio]  0.000043 seconds (38 allocations: 3.453 KiB)
- [constraint_connection_flow_capacity]  0.058751 seconds (450.55 k allocations: 48.003 MiB, 38.61% gc time, 0.47% compilation time)
- [constraint_connection_flow_gas_capacity]  0.000105 seconds (41 allocations: 4.703 KiB)
- [constraint_connection_flow_intact_flow]  0.000055 seconds (38 allocations: 2.781 KiB)
- [constraint_connection_flow_lodf]  0.000098 seconds (58 allocations: 3.891 KiB)
- [constraint_connection_intact_flow_capacity]  0.000091 seconds (81 allocations: 5.234 KiB)
- [constraint_connection_intact_flow_ptdf]  0.000038 seconds (24 allocations: 1.938 KiB)
- [constraint_connection_lifetime] 96.334623 seconds (102.59 M allocations: 23.632 GiB, 92.66% gc time, 0.01% compilation time)
- [constraint_connection_unitary_gas_flow]  0.000063 seconds (38 allocations: 3.453 KiB)
- [constraint_connections_invested_available]  0.000491 seconds (860 allocations: 86.125 KiB)
- [constraint_connections_invested_transition]  0.001025 seconds (5.37 k allocations: 446.156 KiB)
- [constraint_cyclic_node_state]  0.008136 seconds (1.69 k allocations: 122.594 KiB, 97.35% compilation time)
- [constraint_fix_node_pressure_point]  0.000056 seconds (38 allocations: 3.453 KiB)
- [constraint_fix_ratio_in_in_unit_flow]  0.008288 seconds (54.54 k allocations: 6.133 MiB)
- [constraint_fix_ratio_in_out_unit_flow]  0.000365 seconds (2.05 k allocations: 189.453 KiB)
- [constraint_fix_ratio_out_in_connection_flow]  0.014515 seconds (46.48 k allocations: 4.125 MiB, 60.80% compilation time)
- [constraint_fix_ratio_out_in_unit_flow]  0.000096 seconds (94 allocations: 19.219 KiB)
- [constraint_fix_ratio_out_out_unit_flow]  0.000201 seconds (748 allocations: 75.859 KiB)
- [constraint_investment_group_equal_investments]  0.000043 seconds (23 allocations: 1.844 KiB)
- [constraint_investment_group_maximum_capacity_invested_available]  0.000040 seconds (21 allocations: 1.812 KiB)
- [constraint_investment_group_maximum_entities_invested_available]  0.000038 seconds (21 allocations: 1.812 KiB)
- [constraint_investment_group_minimum_capacity_invested_available]  0.000031 seconds (20 allocations: 1.766 KiB)
- [constraint_investment_group_minimum_entities_invested_available]  0.000067 seconds (20 allocations: 1.766 KiB)
- [constraint_max_node_pressure]  0.000092 seconds (84 allocations: 6.508 KiB)
- [constraint_max_node_voltage_angle]  0.000463 seconds (102 allocations: 7.602 KiB)
- [constraint_max_ratio_in_in_unit_flow]  0.000089 seconds (94 allocations: 19.219 KiB)
- [constraint_max_ratio_in_out_unit_flow]  0.000066 seconds (94 allocations: 19.219 KiB)
- [constraint_max_ratio_out_in_connection_flow]  0.000073 seconds (56 allocations: 4.484 KiB)
- [constraint_max_ratio_out_in_unit_flow]  0.000132 seconds (94 allocations: 19.219 KiB)
- [constraint_max_ratio_out_out_unit_flow]  0.000060 seconds (94 allocations: 19.219 KiB)
- [constraint_max_total_cumulated_unit_flow_from_node]  0.000046 seconds (46 allocations: 4.125 KiB)
- [constraint_max_total_cumulated_unit_flow_to_node]  0.000036 seconds (42 allocations: 3.750 KiB)
- [constraint_min_capacity_margin]  0.000036 seconds (37 allocations: 2.828 KiB)
- [constraint_min_down_time]  0.072710 seconds (342.73 k allocations: 32.488 MiB, 33.71% gc time, 25.87% compilation time)
- [constraint_min_node_pressure]  0.000073 seconds (87 allocations: 11.086 KiB)
- [constraint_min_node_voltage_angle]  0.000071 seconds (102 allocations: 7.602 KiB)
- [constraint_min_ratio_in_in_unit_flow]  0.000096 seconds (94 allocations: 19.219 KiB)
- [constraint_min_ratio_in_out_unit_flow]  0.000060 seconds (94 allocations: 19.219 KiB)
- [constraint_min_ratio_out_in_connection_flow]  0.000146 seconds (56 allocations: 4.484 KiB)
- [constraint_min_ratio_out_in_unit_flow]  0.000186 seconds (94 allocations: 19.219 KiB)
- [constraint_min_ratio_out_out_unit_flow]  0.000060 seconds (94 allocations: 19.219 KiB)
- [constraint_min_scheduled_outage_duration]  0.000061 seconds (29 allocations: 2.312 KiB)
- [constraint_min_total_cumulated_unit_flow_from_node]  0.000040 seconds (46 allocations: 4.125 KiB)
- [constraint_min_total_cumulated_unit_flow_to_node]  0.000037 seconds (42 allocations: 3.750 KiB)
- [constraint_min_up_time]  0.004948 seconds (44.41 k allocations: 3.370 MiB)
- [constraint_minimum_operating_point]  0.004608 seconds (48.01 k allocations: 4.825 MiB)
- [constraint_nodal_balance]  0.010982 seconds (153.27 k allocations: 16.113 MiB)
- [constraint_node_injection]  0.089845 seconds (529.69 k allocations: 49.084 MiB, 54.43% gc time)
- [constraint_node_state_capacity]  0.013683 seconds (95.46 k allocations: 7.915 MiB)
- [constraint_node_voltage_angle]  0.000046 seconds (29 allocations: 2.547 KiB)
- [constraint_non_spinning_reserves_lower_bound]  0.000097 seconds (255 allocations: 23.812 KiB)
- [constraint_non_spinning_reserves_shut_down_upper_bound]  0.000090 seconds (264 allocations: 24.703 KiB)
- [constraint_non_spinning_reserves_start_up_upper_bound]  0.000057 seconds (265 allocations: 25.000 KiB)
- [constraint_operating_point_bounds]  0.134348 seconds (999.46 k allocations: 150.355 MiB, 40.49% gc time)
- [constraint_operating_point_rank]  0.001769 seconds (26.80 k allocations: 3.803 MiB)
- [constraint_ramp_down]  0.060277 seconds (121.83 k allocations: 12.314 MiB, 40.67% gc time, 42.50% compilation time)
- [constraint_ramp_up]  0.014182 seconds (118.17 k allocations: 12.058 MiB)
- [constraint_ratio_out_in_connection_intact_flow]  0.000069 seconds (38 allocations: 2.781 KiB)
- [constraint_storage_lifetime] 19.397135 seconds (18.90 M allocations: 3.515 GiB, 93.65% gc time, 0.04% compilation time)
- [constraint_storage_line_pack]  0.000056 seconds (39 allocations: 3.500 KiB)
- [constraint_storages_invested_available]  0.000311 seconds (354 allocations: 36.672 KiB)
- [constraint_storages_invested_transition]  0.001416 seconds (1.48 k allocations: 141.453 KiB)
- [constraint_unit_flow_capacity]  0.023688 seconds (268.71 k allocations: 22.964 MiB)
- [constraint_unit_flow_op_bounds]  0.043815 seconds (68.12 k allocations: 8.349 MiB, 50.82% gc time, 26.21% compilation time)
- [constraint_unit_flow_op_rank]  0.006414 seconds (61.02 k allocations: 7.764 MiB)
- [constraint_unit_flow_op_sum]  0.000934 seconds (8.35 k allocations: 946.461 KiB)
- [constraint_unit_lifetime] 80.163938 seconds (82.41 M allocations: 16.310 GiB, 93.37% gc time)
- [constraint_unit_state_transition]  0.002835 seconds (19.50 k allocations: 1.936 MiB)
- [constraint_units_available]  0.046990 seconds (363.47 k allocations: 28.007 MiB, 31.73% gc time)
- [constraint_units_invested_available]  0.000363 seconds (1.12 k allocations: 111.266 KiB)
- [constraint_units_invested_transition]  0.000718 seconds (8.01 k allocations: 634.156 KiB)
- [constraint_units_out_of_service_contiguity]  0.000031 seconds (29 allocations: 2.312 KiB)
- [constraint_units_out_of_service_transition]  0.000086 seconds (46 allocations: 3.312 KiB)
- [constraint_user_constraint]  0.467908 seconds (618.96 k allocations: 48.059 MiB, 6.27% gc time, 94.81% compilation time)
198.983486 seconds (209.99 M allocations: 44.029 GiB, 91.77% gc time, 1.20% compilation time)
Setting model objective... 11.960158 seconds (8.77 M allocations: 601.291 MiB, 39.42% gc time, 98.80% compilation time)
Build complete. Started at 2026-01-14T14:28:50.864, ended at 2026-01-14T14:36:27.096, elapsed time: 7 minutes, 36 seconds, 232 milliseconds
Solve started at 2026-01-14T14:36:27.290
model - window 1 of 1: 2019-01-01T00:00~(1 day, 23 hours)~>2019-01-02T23:00
Optimizing model...Running HiGHS 1.11.0 (git hash: 364c83a51e): Copyright (c) 2025 HiGHS under MIT licence terms
MIP  has 5410 rows; 240262 cols; 113106 nonzeros; 238 integer variables (0 binary)
Coefficient ranges:
  Matrix [6e-03, 1e+05]
  Cost   [1e-03, 2e+09]
  Bound  [1e+00, 1e+03]
  RHS    [1e+00, 1e+02]
Presolving model
2869 rows, 3213 cols, 9143 nonzeros  0s
2142 rows, 2498 cols, 7901 nonzeros  0s
1787 rows, 2261 cols, 6391 nonzeros  0s
Solving MIP model with:
   1787 rows
   2261 cols (43 binary, 0 integer, 0 implied int., 2218 continuous, 0 domain fixed)
   6391 nonzeros
Src: B => Branching; C => Central rounding; F => Feasibility pump; J => Feasibility jump;
     H => Heuristic; L => Sub-MIP; P => Empty MIP; R => Randomized rounding; Z => ZI Round;
     I => Shifting; S => Solve LP; T => Evaluate node; U => Unbounded; X => User solution;
     z => Trivial zero; l => Trivial lower; u => Trivial upper; p => Trivial point
        Nodes      |    B&B Tree     |            Objective Bounds              |  Dynamic Constraints |       Work
Src  Proc. InQueue |  Leaves   Expl. | BestBound       BestSol              Gap |   Cuts   InLp Confl. | LpIters     Time
         0       0         0   0.00%   -2211988.073646 inf                  inf        0      0      0         0     0.1s
         0       0         0   0.00%   2.15492664e+11  inf                  inf        0      0      0       996     0.1s
 R       0       0         0   0.00%   2.15492664e+11  2.15492664e+11     0.00%      415      5      0      1005     0.2s
         1       0         1 100.00%   2.15492664e+11  2.15492664e+11     0.00%      415      5      0      1005     0.2s
Solving report
  Status            Optimal
  Primal bound      215492664488
  Dual bound        215492664488
  Gap               0% (tolerance: 0%)
  P-D integral      0
  Solution status   feasible
                    215492664488 (objective)
                    0 (bound viol.)
                    0 (int. viol.)
                    0 (row viol.)
  Timing            0.17 (total)
                    0.00 (presolve)
                    0.00 (solve)
                    0.00 (postsolve)
  Max sub-MIP depth 0
  Nodes             1
  Repair LPs        0 (0 feasible; 0 iterations)
  LP iterations     1005 (total)
                    0 (strong br.)
                    9 (separation)
                    0 (heuristics)
  1.353557 seconds (1.43 M allocations: 158.617 MiB, 10.31% gc time, 71.04% compilation time)
Optimal solution found, objective function value: 2.1549266448772214e11
Saving model results...  7.130177 seconds (4.63 M allocations: 275.734 MiB, 59.15% gc time, 93.33% compilation time)
Postprocessing model results...  0.003973 seconds (86 allocations: 6.000 KiB, 96.01% compilation time)
Saving model outputs...  6.824567 seconds (7.09 M allocations: 539.147 MiB, 66.32% gc time, 31.73% compilation time)
Rolling model temporal structure...  0.152104 seconds (260.82 k allocations: 18.016 MiB, 99.88% compilation time)
Rolling complete
Solve complete. Started at 2026-01-14T14:36:27.290, ended at 2026-01-14T14:36:42.939, elapsed time: 15 seconds, 649 milliseconds
Time summary:
Action                              │ min      │ max      │ avg
────────────────────────────────────┼──────────┼──────────┼─────────
Postprocessing model results...     │ 0.003973 │ 0.003973 │ 0.003973
Rolling model temporal structure... │ 0.152104 │ 0.152104 │ 0.152104
Saving model results...             │ 7.130177 │ 7.130177 │ 7.130177
Optimizing model...                 │ 1.353557 │ 1.353557 │ 1.353557
Saving model outputs...             │ 6.824567 │ 6.824567 │ 6.824567
Writing report to sqlite:///C:\Users\jfg.eco\Documents\Nord_H2ub\Spine_Projects\02_basic_energy_model\.spinetoolbox\items\outputtest\OutputTest.sqlite?spinedbfilter=cfg%3Aexecution%3A%7B%22execution_item%22%3A+%22Run+SpineOpt%22%2C+%22scenarios%22%3A+%5B%5D%2C+%22timestamp%22%3A+%222026-01-14T14%3A28%3A48%22%7D...  2.278862 seconds (1.62 M allocations: 112.578 MiB, 4.08% gc time, 83.52% compilation time)
Execution complete. Started at 2026-01-14T14:28:50.244, ended at 2026-01-14T14:36:50.009, elapsed time: 7 minutes, 59 seconds, 765 milliseconds
A JuMP Model
├ solver: HiGHS
├ objective_sense: MIN_SENSE
│ └ objective_function_type: JuMP.AffExpr
├ num_variables: 240262
├ num_constraints: 245235
│ ├ JuMP.AffExpr in MOI.EqualTo{Float64}: 1665
│ ├ JuMP.AffExpr in MOI.GreaterThan{Float64}: 1285
│ ├ JuMP.AffExpr in MOI.LessThan{Float64}: 2460
│ ├ JuMP.VariableRef in MOI.EqualTo{Float64}: 21
│ ├ JuMP.VariableRef in MOI.GreaterThan{Float64}: 239423
│ ├ JuMP.VariableRef in MOI.LessThan{Float64}: 143
│ └ JuMP.VariableRef in MOI.Integer: 238
└ Names registered in the model: none
