### Spine execution log file
### Item name: Run SpineOpt
### Filter id: 
### Part: 1

# Running julia run_spineopt.jl http://127.0.0.1:61174 http://127.0.0.1:61176
2-element Vector{String}:
 "http://127.0.0.1:61174"
 "http://127.0.0.1:61176"
Running SpineOpt...
[SpineOpt version 0.10.2 (git hash: N/A)]
[SpineInterface version 0.15.2 (git hash: N/A)]
Execution started at 2026-07-28T09:02:51.456
Reading input data from sqlite:///C:\Users\jfg.eco\Documents\GitHub\Nord_H2ub\Spine_Projects\02_basic_energy_model\.spinetoolbox\items\input\Input.sqlite...
Initializing  data structure from db...  0.813363 seconds (1.93 M allocations: 130.040 MiB)
Preprocessing  data structure...  0.146041 seconds (48.49 k allocations: 2.472 MiB, 57.82% compilation time)
Checking  data structure...  0.027223 seconds (9.05 k allocations: 476.609 KiB, 90.74% compilation time)
Build started at 2026-07-28T09:02:52.531
Creating model temporal structure...[ Info: the last time slice of temporal block Default_Investment_period has been cut to fit within the block
[ Info: the last time slice of temporal block daily has been cut to fit within the block
 70.716551 seconds (431.06 M allocations: 22.181 GiB, 50.77% gc time, 0.04% compilation time)
Creating model stochastic structure...  1.406382 seconds (3.22 M allocations: 453.173 MiB, 69.81% gc time, 3.83% compilation time)
Adding model independent variables...
- [variable_binary_gas_connection_flow]  0.120308 seconds (2.29 M allocations: 34.946 MiB)
- [variable_connection_flow]  8.289558 seconds (13.99 M allocations: 1.458 GiB, 66.77% gc time, 3.11% compilation time)
- [variable_connection_intact_flow]  1.455820 seconds (11.02 M allocations: 725.254 MiB, 15.38% gc time)
- [variable_connections_decommissioned]  0.118959 seconds (2.30 M allocations: 35.579 MiB)
- [variable_connections_invested]  0.505095 seconds (2.54 M allocations: 151.795 MiB)
- [variable_connections_invested_available]  0.539229 seconds (2.63 M allocations: 151.411 MiB, 4.10% compilation time)
- [variable_min_capacity_margin_slack]  0.125833 seconds (2.29 M allocations: 34.901 MiB)
- [variable_node_injection]  0.734255 seconds (6.86 M allocations: 370.942 MiB, 24.35% gc time)
- [variable_node_pressure]  0.092160 seconds (2.29 M allocations: 34.920 MiB)
- [variable_node_slack_neg]  0.802525 seconds (6.73 M allocations: 321.241 MiB, 25.04% gc time)
- [variable_node_slack_pos]  0.572780 seconds (6.73 M allocations: 321.242 MiB)
- [variable_node_state]  0.320090 seconds (4.26 M allocations: 143.010 MiB, 5.70% compilation time)
- [variable_node_voltage_angle]  0.100188 seconds (2.29 M allocations: 34.920 MiB)
- [variable_nonspin_units_shut_down]  0.109585 seconds (2.29 M allocations: 34.936 MiB)
- [variable_nonspin_units_started_up]  0.259454 seconds (2.29 M allocations: 34.933 MiB, 61.61% gc time)
- [variable_storages_decommissioned]  0.083724 seconds (2.29 M allocations: 35.092 MiB)
- [variable_storages_invested]  0.156614 seconds (1.99 M allocations: 64.955 MiB, 10.13% compilation time)
- [variable_storages_invested_available]  0.138817 seconds (1.99 M allocations: 64.867 MiB)
- [variable_unit_flow]  3.006290 seconds (16.39 M allocations: 2.228 GiB, 25.47% gc time, 2.91% compilation time)
