### Spine execution log file
### Item name: Run SpineOpt
### Filter id: 
### Part: 1

# Running julia run_spineopt.jl http://127.0.0.1:59995 http://127.0.0.1:59998
2-element Vector{String}:
 "http://127.0.0.1:59995"
 "http://127.0.0.1:59998"
Running SpineOpt...
[SpineOpt version 0.10.2 (git hash: N/A)]
[SpineInterface version 0.15.2 (git hash: N/A)]
Execution started at 2026-02-04T13:51:47.621
Reading input data from sqlite:///C:\Users\jfg.eco\Documents\Nord_H2ub\Spine_Projects\02_basic_energy_model\.spinetoolbox\items\input\Input.sqlite...
Initializing  data structure from db...  0.499349 seconds (511.46 k allocations: 78.528 MiB, 7.39% gc time)
Preprocessing  data structure...  0.076465 seconds (40.82 k allocations: 3.191 MiB)
Checking  data structure...  0.011722 seconds (6.28 k allocations: 534.281 KiB)
Build started at 2026-02-04T13:51:48.250
Creating model temporal structure...[ Info: the last time slice of temporal block Default_Investment_period has been cut to fit within the block
[ Info: the last time slice of temporal block daily has been cut to fit within the block
241.688008 seconds (433.57 M allocations: 20.769 GiB, 92.10% gc time)
Creating model stochastic structure... 12.441130 seconds (2.80 M allocations: 600.320 MiB, 97.52% gc time)
Adding model independent variables...
- [variable_binary_gas_connection_flow]  0.412701 seconds (2.33 M allocations: 35.615 MiB, 86.51% gc time)
- [variable_connection_flow]  4.189688 seconds (3.23 M allocations: 144.432 MiB, 95.51% gc time, 1.42% compilation time)
- [variable_connection_intact_flow]  0.163930 seconds (3.10 M allocations: 127.036 MiB, 37.42% gc time)
- [variable_connections_decommissioned]  0.079617 seconds (2.34 M allocations: 36.483 MiB, 24.86% gc time)
- [variable_connections_invested] 14.372948 seconds (25.38 M allocations: 2.071 GiB, 90.12% gc time)
- [variable_connections_invested_available] 14.905602 seconds (26.50 M allocations: 2.139 GiB, 89.39% gc time)
- [variable_min_capacity_margin_slack]  0.079036 seconds (2.33 M allocations: 35.579 MiB, 25.82% gc time)
- [variable_node_injection]  0.116411 seconds (2.63 M allocations: 66.774 MiB, 33.91% gc time)
- [variable_node_pressure]  0.077019 seconds (2.33 M allocations: 35.582 MiB, 29.04% gc time)
- [variable_node_slack_neg]  0.095706 seconds (2.62 M allocations: 62.433 MiB, 24.44% gc time)
- [variable_node_slack_pos]  0.105003 seconds (2.62 M allocations: 62.435 MiB, 21.46% gc time)
- [variable_node_state]  0.110814 seconds (2.40 M allocations: 41.611 MiB, 31.55% gc time, 6.99% compilation time)
- [variable_node_voltage_angle]  0.084735 seconds (2.33 M allocations: 35.581 MiB, 32.67% gc time)
- [variable_nonspin_units_shut_down]  0.083637 seconds (2.33 M allocations: 35.591 MiB, 34.96% gc time)
- [variable_nonspin_units_started_up]  0.074064 seconds (2.33 M allocations: 35.586 MiB, 25.93% gc time)
- [variable_storages_decommissioned]  0.075998 seconds (2.33 M allocations: 35.757 MiB, 26.03% gc time)
- [variable_storages_invested]  4.520213 seconds (4.37 M allocations: 254.489 MiB, 95.25% gc time)
- [variable_storages_invested_available]  0.340047 seconds (4.37 M allocations: 254.492 MiB, 42.85% gc time)
- [variable_unit_flow]  0.329877 seconds (3.20 M allocations: 218.151 MiB, 40.32% gc time, 11.50% compilation time)
- [variable_unit_flow_op]  0.081447 seconds (2.45 M allocations: 50.791 MiB, 16.66% gc time)
- [variable_unit_flow_op_active]  0.122033 seconds (2.47 M allocations: 53.245 MiB, 37.81% gc time)
- [variable_units_invested] 10.647930 seconds (21.85 M allocations: 1.724 GiB, 88.32% gc time)
- [variable_units_invested_available] 11.010541 seconds (22.79 M allocations: 1.797 GiB, 87.86% gc time)
- [variable_units_mothballed]  0.075244 seconds (2.34 M allocations: 36.705 MiB, 25.15% gc time)
- [variable_units_on]  0.099651 seconds (2.65 M allocations: 65.756 MiB, 29.25% gc time)
- [variable_units_out_of_service]  0.074556 seconds (2.33 M allocations: 35.579 MiB, 30.12% gc time)
- [variable_units_returned_to_service]  0.078863 seconds (2.33 M allocations: 35.577 MiB, 32.20% gc time)
- [variable_units_shut_down]  0.081633 seconds (2.36 M allocations: 38.094 MiB, 22.76% gc time)
- [variable_units_started_up]  0.084061 seconds (2.35 M allocations: 37.411 MiB, 33.62% gc time)
- [variable_units_taken_out_of_service]  0.083603 seconds (2.33 M allocations: 35.578 MiB, 32.37% gc time)
- [variable_user_constraint_slack_neg]  0.067097 seconds (2.33 M allocations: 35.569 MiB)
- [variable_user_constraint_slack_pos]  0.092772 seconds (2.33 M allocations: 35.569 MiB, 27.83% gc time)
 62.842359 seconds (169.99 M allocations: 9.662 GiB, 87.35% gc time, 0.17% compilation time)
Adding model dependent variables...
- [variable_connection_flow]  0.287273 seconds (470.82 k allocations: 33.956 MiB, 10.92% gc time)
- [variable_unit_flow]  0.012135 seconds (161.55 k allocations: 14.283 MiB)
  0.301129 seconds (632.66 k allocations: 48.260 MiB, 10.42% gc time)
Adding model expressions...
- [expression_capacity_margin]  0.000085 seconds (34 allocations: 2.859 KiB)
  0.001663 seconds (124 allocations: 8.312 KiB)
Adding model constraints...
- [constraint_candidate_connection_flow_lb]  0.000125 seconds (70 allocations: 4.219 KiB)
- [constraint_candidate_connection_flow_ub]  0.000059 seconds (72 allocations: 4.375 KiB)
- [constraint_compression_ratio]  0.000053 seconds (56 allocations: 5.141 KiB)
- [constraint_connection_flow_capacity]  0.132155 seconds (801.74 k allocations: 84.283 MiB, 44.64% gc time)
- [constraint_connection_flow_gas_capacity]  0.000054 seconds (60 allocations: 6.688 KiB)
- [constraint_connection_flow_intact_flow]  0.000065 seconds (38 allocations: 2.812 KiB)
- [constraint_connection_flow_lodf]  0.000082 seconds (58 allocations: 3.891 KiB)
- [constraint_connection_intact_flow_capacity]  0.000104 seconds (81 allocations: 5.266 KiB)
- [constraint_connection_intact_flow_ptdf]  0.000039 seconds (24 allocations: 1.969 KiB)
- [constraint_connection_lifetime]159.361532 seconds (166.44 M allocations: 37.493 GiB, 92.97% gc time)
- [constraint_connection_unitary_gas_flow]  0.000060 seconds (56 allocations: 5.141 KiB)
- [constraint_connections_invested_available]  0.000483 seconds (1.38 k allocations: 144.281 KiB)
- [constraint_connections_invested_transition]  0.001924 seconds (11.28 k allocations: 863.094 KiB)
- [constraint_cyclic_node_state]  0.007695 seconds (1.78 k allocations: 129.094 KiB)
- [constraint_fix_node_pressure_point]  0.000054 seconds (56 allocations: 5.141 KiB)
- [constraint_fix_ratio_in_in_unit_flow]  0.007877 seconds (55.10 k allocations: 6.188 MiB)
- [constraint_fix_ratio_in_out_unit_flow]  0.000411 seconds (3.04 k allocations: 275.234 KiB)
- [constraint_fix_ratio_out_in_connection_flow]  0.014957 seconds (48.91 k allocations: 4.329 MiB, 57.84% compilation time)
- [constraint_fix_ratio_out_in_unit_flow]  0.000098 seconds (100 allocations: 19.781 KiB)
- [constraint_fix_ratio_out_out_unit_flow]  0.000278 seconds (754 allocations: 76.422 KiB)
- [constraint_investment_group_equal_investments]  0.000081 seconds (99 allocations: 6.922 KiB)
- [constraint_investment_group_maximum_capacity_invested_available]  0.000034 seconds (22 allocations: 1.875 KiB)
- [constraint_investment_group_maximum_entities_invested_available]  0.000031 seconds (22 allocations: 1.875 KiB)
- [constraint_investment_group_minimum_capacity_invested_available]  0.000025 seconds (21 allocations: 1.828 KiB)
- [constraint_investment_group_minimum_entities_invested_available]  0.000030 seconds (21 allocations: 1.828 KiB)
- [constraint_max_node_pressure]  0.000071 seconds (92 allocations: 6.977 KiB)
- [constraint_max_node_voltage_angle]  0.000062 seconds (114 allocations: 8.320 KiB)
- [constraint_max_ratio_in_in_unit_flow]  0.000061 seconds (100 allocations: 19.781 KiB)
- [constraint_max_ratio_in_out_unit_flow]  0.000049 seconds (100 allocations: 19.781 KiB)
- [constraint_max_ratio_out_in_connection_flow]  0.000056 seconds (74 allocations: 6.172 KiB)
- [constraint_max_ratio_out_in_unit_flow]  0.000048 seconds (100 allocations: 19.781 KiB)
- [constraint_max_ratio_out_out_unit_flow]  0.000044 seconds (100 allocations: 19.781 KiB)
- [constraint_max_total_cumulated_unit_flow_from_node]  0.000042 seconds (52 allocations: 4.688 KiB)
- [constraint_max_total_cumulated_unit_flow_to_node]  0.000034 seconds (50 allocations: 4.500 KiB)
- [constraint_min_capacity_margin]  0.000029 seconds (41 allocations: 3.078 KiB)
- [constraint_min_down_time]  0.068931 seconds (349.26 k allocations: 33.022 MiB, 30.57% gc time, 16.69% compilation time)
- [constraint_min_node_pressure]  0.000078 seconds (95 allocations: 11.555 KiB)
- [constraint_min_node_voltage_angle]  0.000077 seconds (114 allocations: 8.320 KiB)
- [constraint_min_ratio_in_in_unit_flow]  0.000077 seconds (100 allocations: 19.781 KiB)
- [constraint_min_ratio_in_out_unit_flow]  0.000074 seconds (100 allocations: 19.781 KiB)
- [constraint_min_ratio_out_in_connection_flow]  0.000048 seconds (74 allocations: 6.172 KiB)
- [constraint_min_ratio_out_in_unit_flow]  0.000060 seconds (100 allocations: 19.781 KiB)
- [constraint_min_ratio_out_out_unit_flow]  0.000075 seconds (100 allocations: 19.781 KiB)
- [constraint_min_scheduled_outage_duration]  0.000036 seconds (33 allocations: 2.562 KiB)
- [constraint_min_total_cumulated_unit_flow_from_node]  0.000037 seconds (52 allocations: 4.688 KiB)
- [constraint_min_total_cumulated_unit_flow_to_node]  0.000041 seconds (50 allocations: 4.500 KiB)
- [constraint_min_up_time]  0.004922 seconds (46.40 k allocations: 3.637 MiB)
- [constraint_minimum_operating_point]  0.003884 seconds (48.75 k allocations: 4.890 MiB)
- [constraint_nodal_balance]  0.035069 seconds (211.00 k allocations: 20.998 MiB, 60.68% gc time)
- [constraint_node_injection]  0.070188 seconds (676.59 k allocations: 61.825 MiB, 27.90% gc time)
- [constraint_node_state_capacity]  0.008356 seconds (98.11 k allocations: 8.074 MiB)
- [constraint_node_voltage_angle]  0.000042 seconds (33 allocations: 2.562 KiB)
- [constraint_non_spinning_reserves_lower_bound]  0.000087 seconds (317 allocations: 29.719 KiB)
- [constraint_non_spinning_reserves_shut_down_upper_bound]  0.000065 seconds (326 allocations: 30.609 KiB)
- [constraint_non_spinning_reserves_start_up_upper_bound]  0.000063 seconds (326 allocations: 30.609 KiB)
- [constraint_operating_point_bounds]  0.140461 seconds (1.01 M allocations: 151.206 MiB, 42.84% gc time)
- [constraint_operating_point_rank]  0.003217 seconds (26.83 k allocations: 3.806 MiB)
- [constraint_ramp_down]  0.035956 seconds (125.39 k allocations: 12.742 MiB, 71.95% compilation time)
- [constraint_ramp_up]  0.007173 seconds (121.74 k allocations: 12.486 MiB)
- [constraint_ratio_out_in_connection_intact_flow]  0.000073 seconds (38 allocations: 2.812 KiB)
- [constraint_storage_lifetime] 19.495546 seconds (18.90 M allocations: 3.514 GiB, 94.16% gc time)
- [constraint_storage_line_pack]  0.000078 seconds (57 allocations: 5.188 KiB)
- [constraint_storages_invested_available]  0.000357 seconds (358 allocations: 36.953 KiB)
- [constraint_storages_invested_transition]  0.000933 seconds (1.53 k allocations: 144.375 KiB)
- [constraint_unit_flow_capacity]  0.038040 seconds (347.25 k allocations: 29.908 MiB, 30.38% gc time)
- [constraint_unit_flow_op_bounds]  0.014933 seconds (68.46 k allocations: 8.372 MiB, 61.97% compilation time)
- [constraint_unit_flow_op_rank]  0.004350 seconds (61.26 k allocations: 7.845 MiB)
- [constraint_unit_flow_op_sum]  0.000764 seconds (8.36 k allocations: 947.961 KiB)
- [constraint_unit_lifetime]120.120302 seconds (128.74 M allocations: 26.017 GiB, 93.43% gc time)
- [constraint_unit_state_transition]  0.002507 seconds (21.48 k allocations: 2.202 MiB)
- [constraint_units_available]  0.110403 seconds (677.55 k allocations: 51.906 MiB, 32.90% gc time, 22.96% compilation time)
- [constraint_units_invested_available]  0.000346 seconds (1.65 k allocations: 192.094 KiB)
- [constraint_units_invested_transition]  0.001469 seconds (15.41 k allocations: 1.155 MiB)
- [constraint_units_out_of_service_contiguity]  0.000037 seconds (33 allocations: 2.562 KiB)
- [constraint_units_out_of_service_transition]  0.000070 seconds (53 allocations: 4.289 KiB)
- [constraint_user_constraint]  0.245415 seconds (338.09 k allocations: 28.947 MiB, 90.14% compilation time)
300.118508 seconds (320.20 M allocations: 67.618 GiB, 92.97% gc time, 0.10% compilation time)
Setting model objective...  0.611548 seconds (1.43 M allocations: 101.734 MiB, 9.35% gc time)
Build complete. Started at 2026-02-04T13:51:48.250, ended at 2026-02-04T14:02:06.253, elapsed time: 10 minutes, 18 seconds, 3 milliseconds
Solve started at 2026-02-04T14:02:06.253
model - window 1 of 1: 2019-01-01T00:00~(1 day, 23 hours)~>2019-01-02T23:00
Optimizing model...Running HiGHS 1.11.0 (git hash: 364c83a51e): Copyright (c) 2025 HiGHS under MIT licence terms
MIP  has 7314 rows; 369198 cols; 170132 nonzeros; 238 integer variables (0 binary)
Coefficient ranges:
  Matrix [6e-03, 1e+05]
  Cost   [1e-03, 2e+09]
  Bound  [1e+00, 1e+03]
  RHS    [1e+00, 1e+03]
Presolving model
3252 rows, 4258 cols, 10758 nonzeros  0s
2277 rows, 3343 cols, 9592 nonzeros  0s
1974 rows, 2957 cols, 7754 nonzeros  0s
Solving MIP model with:
   1974 rows
   2957 cols (50 binary, 0 integer, 0 implied int., 2907 continuous, 0 domain fixed)
   7754 nonzeros
Src: B => Branching; C => Central rounding; F => Feasibility pump; J => Feasibility jump;
     H => Heuristic; L => Sub-MIP; P => Empty MIP; R => Randomized rounding; Z => ZI Round;
     I => Shifting; S => Solve LP; T => Evaluate node; U => Unbounded; X => User solution;
     z => Trivial zero; l => Trivial lower; u => Trivial upper; p => Trivial point
        Nodes      |    B&B Tree     |            Objective Bounds              |  Dynamic Constraints |       Work
Src  Proc. InQueue |  Leaves   Expl. | BestBound       BestSol              Gap |   Cuts   InLp Confl. | LpIters     Time
         0       0         0   0.00%   -6258628.203646 inf                  inf        0      0      0         0     0.1s
 R       0       0         0   0.00%   122126.660148   221449.540981     44.85%        0      0      0      1553     0.2s
 S       0       0         0   0.00%   122323.557576   122536.777644      0.17%     6410     41      0      1693     1.0s
 S       0       0         0   0.00%   122484.068226   122536.777644      0.04%     6410     41      0      1695     1.0s
         1       0         1 100.00%   122536.777644   122536.777644      0.00%     6410     41      1      1711     1.1s
Solving report
  Status            Optimal
  Primal bound      122536.777644
  Dual bound        122536.777644
  Gap               0% (tolerance: 0%)
  P-D integral      0.349101089532
  Solution status   feasible
                    122536.777644 (objective)
                    0 (bound viol.)
                    2.732856676e-16 (int. viol.)
                    0 (row viol.)
  Timing            1.07 (total)
                    0.00 (presolve)
                    0.00 (solve)
                    0.00 (postsolve)
  Max sub-MIP depth 0
  Nodes             1
  Repair LPs        0 (0 feasible; 0 iterations)
  LP iterations     1711 (total)
                    0 (strong br.)
                    142 (separation)
                    14 (heuristics)
  5.439604 seconds (767.78 k allocations: 157.018 MiB, 77.26% gc time)
Optimal solution found, objective function value: 122536.7776444269
Saving model results...  0.527558 seconds (2.91 M allocations: 133.237 MiB, 60.32% gc time)
Postprocessing model results...  0.000044 seconds (51 allocations: 4.297 KiB)
Saving model outputs...  9.054825 seconds (6.35 M allocations: 488.068 MiB, 94.83% gc time)
Rolling model temporal structure...  0.000085 seconds (46 allocations: 2.438 KiB)
Rolling complete
Solve complete. Started at 2026-02-04T14:02:06.253, ended at 2026-02-04T14:02:21.288, elapsed time: 15 seconds, 35 milliseconds
Time summary:
Action                              │ min      │ max      │ avg
────────────────────────────────────┼──────────┼──────────┼─────────
Postprocessing model results...     │ 4.4e-5   │ 4.4e-5   │ 4.4e-5
Rolling model temporal structure... │ 8.5e-5   │ 8.5e-5   │ 8.5e-5
Saving model results...             │ 0.527558 │ 0.527558 │ 0.527558
Optimizing model...                 │ 5.439604 │ 5.439604 │ 5.439604
Saving model outputs...             │ 9.054825 │ 9.054825 │ 9.054825
Writing report to sqlite:///C:\Users\jfg.eco\Documents\Nord_H2ub\Spine_Projects\02_basic_energy_model\.spinetoolbox\items\outputtest\OutputTest.sqlite?spinedbfilter=cfg%3Aexecution%3A%7B%22execution_item%22%3A+%22Run+SpineOpt%22%2C+%22scenarios%22%3A+%5B%5D%2C+%22timestamp%22%3A+%222026-02-04T13%3A51%3A45%22%7D...  0.970465 seconds (113.93 k allocations: 9.604 MiB, 1.36% gc time)
Execution complete. Started at 2026-02-04T13:51:47.621, ended at 2026-02-04T14:02:22.664, elapsed time: 10 minutes, 35 seconds, 43 milliseconds
A JuMP Model
├ solver: HiGHS
├ objective_sense: MIN_SENSE
│ └ objective_function_type: JuMP.AffExpr
├ num_variables: 369198
├ num_constraints: 375977
│ ├ JuMP.AffExpr in MOI.EqualTo{Float64}: 1861
│ ├ JuMP.AffExpr in MOI.GreaterThan{Float64}: 1904
│ ├ JuMP.AffExpr in MOI.LessThan{Float64}: 3549
│ ├ JuMP.VariableRef in MOI.EqualTo{Float64}: 29
│ ├ JuMP.VariableRef in MOI.GreaterThan{Float64}: 368206
│ ├ JuMP.VariableRef in MOI.LessThan{Float64}: 190
│ └ JuMP.VariableRef in MOI.Integer: 238
└ Names registered in the model: none
